******************************************************************************
                  TI ARM Linker PC v18.1.1                     
******************************************************************************
>> Linked Wed Jun 26 01:28:17 2019

OUTPUT FILE NAME:   <Firmware_OBC.out>
ENTRY POINT SYMBOL: "_c_int00_noargs"  address: 00009105


MEMORY CONFIGURATION

         name            origin    length      used     unused   attr    fill
----------------------  --------  ---------  --------  --------  ----  --------
  MAIN                  00000000   0003f000  0000a132  00034ece  R  X
  MYDATA                0003f000   00001000  00000000  00001000  R  X
  INFO                  00200000   00004000  00000000  00004000  R  X
  SRAM_CODE             01000000   00010000  0000fe21  000001df  RW X
  SRAM_DATA             20000000   00010000  0000fe21  000001df  RW  


SEGMENT ALLOCATION MAP

run origin  load origin   length   init length attrs members
----------  ----------- ---------- ----------- ----- -------
00000000    00000000    0000a138   0000a138    r-x
  00000000    00000000    00000144   00000144    r-- .intvecs
  00000148    00000148    00009eaa   00009eaa    r-x .text
  00009ff4    00009ff4    000000ac   000000ac    r-- .const
  0000a0a0    0000a0a0    00000098   00000098    r-- .cinit
20000000    20000000    0000fb03   00000000    rw-
  20000000    20000000    0000f77e   00000000    rw- .bss
  2000f780    2000f780    00000383   00000000    rw- .data
2000fce0    2000fce0    00000320   00000000    rw-
  2000fce0    2000fce0    00000320   00000000    rw- .stack


SECTION ALLOCATION MAP

 output                                  attributes/
section   page    origin      length       input sections
--------  ----  ----------  ----------   ----------------
.intvecs   0    00000000    00000144     
                  00000000    00000144     msp432_startup_ccs.obj (.intvecs:retain)

.text      0    00000148    00009eaa     
                  00000148    0000035e     trcKernelPort.obj (.text:pszTraceGetErrorNotEnoughHandles)
                  000004a6    00000002     --HOLE-- [fill = 0]
                  000004a8    00000334     queue.obj (.text:xQueueSemaphoreTake)
                  000007dc    00000004     rtsv7M4_T_le_v4SPD16_eabi.lib : pre_init.c.obj (.text:_system_pre_init)
                  000007e0    00000314     dataStorage.obj (.text:dataStorage)
                  00000af4    00000004     rtsv7M4_T_le_v4SPD16_eabi.lib : exit.c.obj (.text:abort:abort)
                  00000af8    0000030c     queue.obj (.text:xQueueGenericSend)
                  00000e04    00000004     --HOLE-- [fill = 0]
                  00000e08    00000304     ff.obj (.text:find_volume)
                  0000110c    00000004     --HOLE-- [fill = 0]
                  00001110    000002ec     queue.obj (.text:xQueueReceive)
                  000013fc    00000004     --HOLE-- [fill = 0]
                  00001400    00000285     trcSnapshotRecorder.obj (.text:prvTraceUserEventFormat)
                  00001685    00000003     --HOLE-- [fill = 0]
                  00001688    000001d2     ff.obj (.text:f_write)
                  0000185a    00000006     --HOLE-- [fill = 0]
                  00001860    000001c8     trcSnapshotRecorder.obj (.text:prvTraceStoreKernelCallWithParam)
                  00001a28    000001c6     ff.obj (.text:f_open)
                  00001bee    00000002     --HOLE-- [fill = 0]
                  00001bf0    000001c0     houseKeeping.obj (.text:houseKeeping)
                  00001db0    000001c0     IntQueue.obj (.text:xSecondTimerHandler)
                  00001f70    000001bc     trcSnapshotRecorder.obj (.text:prvTraceCreateSymbolTableEntry)
                  0000212c    00000004     --HOLE-- [fill = 0]
                  00002130    000001b0     trcSnapshotRecorder.obj (.text:prvTraceInitTraceData)
                  000022e0    000001a0     trcSnapshotRecorder.obj (.text:prvTraceStoreKernelCall)
                  00002480    0000019c     mmc_MSP432P401r.obj (.text:MMC_disk_ioctl)
                  0000261c    00000004     --HOLE-- [fill = 0]
                  00002620    00000198     tasks.obj (.text:xTaskIncrementTick)
                  000027b8    00000188     queue.obj (.text:xQueueGenericSendFromISR)
                  00002940    00000184     trcSnapshotRecorder.obj (.text:prvTraceGetDTS)
                  00002ac4    00000004     --HOLE-- [fill = 0]
                  00002ac8    00000170     trcSnapshotRecorder.obj (.text:vTracePrintF_Helper)
                  00002c38    00000160     msp432p4xx_driverlib.lib : adc14.o (.text:_getIndexForMemRegister)
                  00002d98    0000015c     mmc_MSP432P401r.obj (.text:MMC_disk_initialize)
                  00002ef4    00000004     --HOLE-- [fill = 0]
                  00002ef8    0000014c     trcSnapshotRecorder.obj (.text:prvTraceGetObjectHandle)
                  00003044    00000004     --HOLE-- [fill = 0]
                  00003048    00000148     cs.obj (.text:CS_getDCOFrequency)
                  00003190    00000148     trcSnapshotRecorder.obj (.text:prvCheckDataToBeOverwrittenForMultiEntryEvents)
                  000032d8    00000148     queue.obj (.text:xQueueReceiveFromISR)
                  00003420    00000144     heap_4.obj (.text:pvPortMalloc)
                  00003564    00000004     --HOLE-- [fill = 0]
                  00003568    00000140     tasks.obj (.text:prvAddNewTaskToReadyList)
                  000036a8    0000013c     port.obj (.text:vPortSuppressTicksAndSleep)
                  000037e4    00000004     --HOLE-- [fill = 0]
                  000037e8    00000130     trcSnapshotRecorder.obj (.text:uiIndexOfObject)
                  00003918    00000130     IntQueue.obj (.text:xFirstTimerHandler)
                  00003a48    0000012c     tasks.obj (.text:vTaskPriorityDisinheritAfterTimeout)
                  00003b74    00000004     --HOLE-- [fill = 0]
                  00003b78    0000012c     tasks.obj (.text:vTaskSuspend)
                  00003ca4    00000004     --HOLE-- [fill = 0]
                  00003ca8    0000012c     event_groups.obj (.text:xEventGroupWaitBits)
                  00003dd4    00000004     --HOLE-- [fill = 0]
                  00003dd8    00000128     taskManager.obj (.text:prvTaskCreate)
                  00003f00    00000128     tasks.obj (.text:xTaskResumeAll)
                  00004028    00000124     tasks.obj (.text:vTaskNotifyGiveFromISR)
                  0000414c    00000004     --HOLE-- [fill = 0]
                  00004150    00000120     tasks.obj (.text:xTaskPriorityDisinherit)
                  00004270    0000011c     cs.obj (.text:CS_initClockSignal)
                  0000438c    00000004     --HOLE-- [fill = 0]
                  00004390    0000011c     houseKeeping.obj (.text:adcInit)
                  000044ac    00000004     --HOLE-- [fill = 0]
                  000044b0    00000118     trcSnapshotRecorder.obj (.text:prvTraceLookupSymbolTableEntry)
                  000045c8    00000118     trcKernelPort.obj (.text:vTraceInitObjectPropertyTable)
                  000046e0    00000114     cs.obj (.text:_CSComputeCLKFrequency)
                  000047f4    00000004     --HOLE-- [fill = 0]
                  000047f8    00000110     trcSnapshotRecorder.obj (.text:prvTraceStoreKernelCallWithNumericParamOnly)
                  00004908    00000110     tasks.obj (.text:xTaskPriorityInherit)
                  00004a18    0000010c     trcSnapshotRecorder.obj (.text:prvTraceSetObjectName)
                  00004b24    00000004     --HOLE-- [fill = 0]
                  00004b28    0000010c     MPU9250.obj (.text:readI2C)
                  00004c34    00000004     --HOLE-- [fill = 0]
                  00004c38    00000104     ff.obj (.text:create_chain)
                  00004d3c    00000004     --HOLE-- [fill = 0]
                  00004d40    00000103     ff.obj (.text:create_name)
                  00004e43    00000005     --HOLE-- [fill = 0]
                  00004e48    00000100     timers.obj (.text:prvProcessReceivedCommands)
                  00004f48    00000100     tasks.obj (.text:vTaskDelayUntil)
                  00005048    000000fa     ff.obj (.text:put_fat)
                  00005142    00000006     --HOLE-- [fill = 0]
                  00005148    000000f4     trcSnapshotRecorder.obj (.text:prvTraceStoreTaskReady)
                  0000523c    00000004     --HOLE-- [fill = 0]
                  00005240    000000f4     taskManager.obj (.text:updateBatteryLevel)
                  00005334    00000004     --HOLE-- [fill = 0]
                  00005338    000000e8     trcSnapshotRecorder.obj (.text:uiTraceStart)
                  00005420    000000e6     ff.obj (.text:dir_next)
                  00005506    00000002     --HOLE-- [fill = 0]
                  00005508    000000e4     trcSnapshotRecorder.obj (.text:prvTraceStoreTaskswitch)
                  000055ec    00000004     --HOLE-- [fill = 0]
                  000055f0    000000dd     trcSnapshotRecorder.obj (.text:prvTraceGetChecksum)
                  000056cd    00000003     --HOLE-- [fill = 0]
                  000056d0    000000dc     trcSnapshotRecorder.obj (.text:prvTraceGetPriorityProperty)
                  000057ac    00000004     --HOLE-- [fill = 0]
                  000057b0    000000dc     port.obj (.text:xPortStartScheduler)
                  0000588c    000000da     portasm.obj (.text)
                  00005966    00000002     --HOLE-- [fill = 0]
                  00005968    000000d8     trcSnapshotRecorder.obj (.text:prvTraceSetPriorityProperty)
                  00005a40    000000d8     tasks.obj (.text:vTaskResume)
                  00005b18    000000d4     tasks.obj (.text:vTaskSwitchContext)
                  00005bec    00000004     --HOLE-- [fill = 0]
                  00005bf0    000000d0     trcSnapshotRecorder.obj (.text:prvTraceGetObjectState)
                  00005cc0    000000cc     main.obj (.text:main)
                  00005d8c    00000004     --HOLE-- [fill = 0]
                  00005d90    000000cc     trcSnapshotRecorder.obj (.text:prvTraceSetObjectState)
                  00005e5c    00000004     --HOLE-- [fill = 0]
                  00005e60    000000cc     trcKernelPort.obj (.text:vTraceInitObjectHandleStack)
                  00005f2c    00000004     --HOLE-- [fill = 0]
                  00005f30    000000ca     ff.obj (.text:get_fat)
                  00005ffa    00000006     --HOLE-- [fill = 0]
                  00006000    000000c0     tasks.obj (.text:xTaskRemoveFromEventList)
                  000060c0    000000bc     mmc_MSP432P401r.obj (.text:MMC_disk_write)
                  0000617c    00000004     --HOLE-- [fill = 0]
                  00006180    000000bc     queue.obj (.text:prvInitialiseNewQueue)
                  0000623c    00000004     --HOLE-- [fill = 0]
                  00006240    000000bc     trcSnapshotRecorder.obj (.text:vTraceStoreMemMangEvent)
                  000062fc    00000004     --HOLE-- [fill = 0]
                  00006300    000000b4     tasks.obj (.text:vTaskRemoveFromUnorderedEventList)
                  000063b4    00000004     --HOLE-- [fill = 0]
                  000063b8    000000b4     serial.obj (.text:vUART_Handler)
                  0000646c    00000004     --HOLE-- [fill = 0]
                  00006470    000000b4     MPU9250.obj (.text:writeI2C)
                  00006524    000000b0     msp432p4xx_driverlib.lib : spi.o (.text:SPI_initMaster)
                  000065d4    00000004     --HOLE-- [fill = 0]
                  000065d8    000000ae     tasks.obj (.text:prvInitialiseNewTask)
                  00006686    00000002     --HOLE-- [fill = 0]
                  00006688    000000ae     event_groups.obj (.text:xEventGroupSetBits)
                  00006736    00000002     --HOLE-- [fill = 0]
                  00006738    000000a8     trcSnapshotRecorder.obj (.text:prvTraceInitCortexM)
                  000067e0    000000a8     trcSnapshotRecorder.obj (.text:xTraceRegisterString)
                  00006888    000000a4     itoa.obj (.text:itoa)
                  0000692c    00000004     --HOLE-- [fill = 0]
                  00006930    000000a4     trcSnapshotRecorder.obj (.text:vTraceEnable)
                  000069d4    00000004     --HOLE-- [fill = 0]
                  000069d8    000000a0     ff.obj (.text:dir_sdi)
                  00006a78    000000a0     trcSnapshotRecorder.obj (.text:prvTraceOpenSymbol)
                  00006b18    0000009c     rtsv7M4_T_le_v4SPD16_eabi.lib : memcpy_t2.asm.obj (.text)
                  00006bb4    00000004     --HOLE-- [fill = 0]
                  00006bb8    0000009c     tasks.obj (.text:vTaskDelay)
                  00006c54    00000004     --HOLE-- [fill = 0]
                  00006c58    00000098     ff.obj (.text:f_sync)
                  00006cf0    00000094     mmc_MSP432P401r.obj (.text:MMC_disk_read)
                  00006d84    00000004     --HOLE-- [fill = 0]
                  00006d88    00000094     timers.obj (.text:prvSwitchTimerLists)
                  00006e1c    00000004     --HOLE-- [fill = 0]
                  00006e20    00000094     trcSnapshotRecorder.obj (.text:prvTraceGetParam)
                  00006eb4    00000004     --HOLE-- [fill = 0]
                  00006eb8    00000094     taskManager.obj (.text:setOperationMode)
                  00006f4c    00000004     --HOLE-- [fill = 0]
                  00006f50    00000094     tasks.obj (.text:xTaskCheckForTimeOut)
                  00006fe4    00000004     --HOLE-- [fill = 0]
                  00006fe8    00000090     taskManager.obj (.text:prvSuspendAllTasks)
                  00007078    00000090     queue.obj (.text:xQueueGenericReset)
                  00007108    0000008c     MPU9250.obj (.text:getMotion6)
                  00007194    00000004     --HOLE-- [fill = 0]
                  00007198    0000008c     ff.obj (.text:sync_fs)
                  00007224    00000004     --HOLE-- [fill = 0]
                  00007228    0000008c     heap_4.obj (.text:vPortFree)
                  000072b4    00000004     --HOLE-- [fill = 0]
                  000072b8    0000008c     watchDogTask.obj (.text:watchDogTask)
                  00007344    00000004     --HOLE-- [fill = 0]
                  00007348    0000008a     ff.obj (.text:check_fs)
                  000073d2    00000006     --HOLE-- [fill = 0]
                  000073d8    00000088     tasks.obj (.text:prvAddCurrentTaskToDelayedList)
                  00007460    00000088     tasks.obj (.text:vTaskPlaceOnEventListRestricted)
                  000074e8    00000086     ff.obj (.text:follow_path)
                  0000756e    00000002     --HOLE-- [fill = 0]
                  00007570    00000084     tasks.obj (.text:prvIdleTask)
                  000075f4    00000004     --HOLE-- [fill = 0]
                  000075f8    00000084     tasks.obj (.text:vTaskStartScheduler)
                  0000767c    00000004     --HOLE-- [fill = 0]
                  00007680    00000080     ff.obj (.text:remove_chain)
                  00007700    00000080     taskManager.obj (.text:taskManager)
                  00007780    0000007c     msp432p4xx_driverlib.lib : rtc_c.o (.text:RTC_C_getCalendarTime)
                  000077fc    00000004     --HOLE-- [fill = 0]
                  00007800    0000007c     trcSnapshotRecorder.obj (.text:prvTraceSetTaskInstanceFinished)
                  0000787c    0000007a     rtsv7M4_T_le_v4SPD16_eabi.lib : memset_t2.asm.obj (.text)
                  000078f6    00000002     --HOLE-- [fill = 0]
                  000078f8    00000078     msp432p4xx_driverlib.lib : adc14.o (.text:ADC14_getMultiSequenceResult)
                  00007970    00000078     main.obj (.text:prvSetupHardware)
                  000079e8    00000074     main.obj (.text:prvConfigureClocks)
                  00007a5c    00000004     --HOLE-- [fill = 0]
                  00007a60    00000074     queue.obj (.text:xQueueGenericCreate)
                  00007ad4    00000004     --HOLE-- [fill = 0]
                  00007ad8    00000074     timers.obj (.text:xTimerGenericCommand)
                  00007b4c    00000004     --HOLE-- [fill = 0]
                  00007b50    00000071     trcSnapshotRecorder.obj (.text:writeInt16)
                  00007bc1    00000007     --HOLE-- [fill = 0]
                  00007bc8    00000071     trcSnapshotRecorder.obj (.text:writeInt32)
                  00007c39    00000007     --HOLE-- [fill = 0]
                  00007c40    00000070     queue.obj (.text:prvCopyDataToQueue)
                  00007cb0    00000070     heap_4.obj (.text:prvHeapInit)
                  00007d20    00000070     tasks.obj (.text:prvInitialiseTaskLists)
                  00007d90    00000070     timers.obj (.text:prvProcessTimerOrBlockTask)
                  00007e00    00000070     mmc_MSP432P401r.obj (.text:send_cmd)
                  00007e70    0000006c     queue.obj (.text:prvUnlockQueue)
                  00007edc    00000068     msp432p4xx_driverlib.lib : i2c.o (.text:I2C_masterSendMultiByteStart)
                  00007f44    00000004     --HOLE-- [fill = 0]
                  00007f48    00000068     system_msp432p401r.obj (.text:SystemInit)
                  00007fb0    00000068     rtsv7M4_T_le_v4SPD16_eabi.lib : copy_decompress_lzss.c.obj (.text:decompress:lzss:__TI_decompress_lzss)
                  00008018    00000068     dataStorage.obj (.text:initSD)
                  00008080    00000068     heap_4.obj (.text:prvInsertBlockIntoFreeList)
                  000080e8    00000068     port.obj (.text:vPortSetupTimerInterrupt)
                  00008150    00000068     tasks.obj (.text:xTaskCreate)
                  000081b8    00000066     ff.obj (.text:dir_clear)
                  0000821e    00000002     --HOLE-- [fill = 0]
                  00008220    00000064     taskManager.obj (.text:prvResumeAllTasks)
                  00008284    00000004     --HOLE-- [fill = 0]
                  00008288    00000064     trcSnapshotRecorder.obj (.text:prvTraceNextFreeEventBufferSlot)
                  000082ec    00000004     --HOLE-- [fill = 0]
                  000082f0    00000064     port.obj (.text:vPortValidateInterruptPriority)
                  00008354    00000004     --HOLE-- [fill = 0]
                  00008358    00000060     timers.obj (.text:prvProcessExpiredTimer)
                  000083b8    00000060     MPU9250.obj (.text:writeBits)
                  00008418    00000060     mmc_MSP432P401r.obj (.text:xmit_datablock)
                  00008478    0000005c     tasks.obj (.text:vTaskPlaceOnUnorderedEventList)
                  000084d4    00000004     --HOLE-- [fill = 0]
                  000084d8    00000058     ttcTask.obj (.text:ttcTask)
                  00008530    00000058     timers.obj (.text:xTimerCreateTimerTask)
                  00008588    00000056     ff.obj (.text:dir_find)
                  000085de    00000002     --HOLE-- [fill = 0]
                  000085e0    00000054     gpio.obj (.text:GPIO_setAsPeripheralModuleFunctionInputPin)
                  00008634    00000004     --HOLE-- [fill = 0]
                  00008638    00000054     gpio.obj (.text:GPIO_setAsPeripheralModuleFunctionOutputPin)
                  0000868c    00000004     --HOLE-- [fill = 0]
                  00008690    00000054     sysctl.obj (.text:SysCtl_getTLVInfo)
                  000086e4    00000004     --HOLE-- [fill = 0]
                  000086e8    00000054     houseKeeping.obj (.text:getTemperature)
                  0000873c    00000004     --HOLE-- [fill = 0]
                  00008740    00000054     tasks.obj (.text:prvCheckTasksWaitingTermination)
                  00008794    00000004     --HOLE-- [fill = 0]
                  00008798    00000054     timers.obj (.text:prvInsertTimerInActiveList)
                  000087ec    00000004     --HOLE-- [fill = 0]
                  000087f0    00000054     trcSnapshotRecorder.obj (.text:prvTracePortGetTimeStamp)
                  00008844    00000004     --HOLE-- [fill = 0]
                  00008848    00000054     main.obj (.text:vPreSleepProcessing)
                  0000889c    00000004     --HOLE-- [fill = 0]
                  000088a0    00000052     cs.obj (.text:_CSGetDividerValue)
                  000088f2    00000006     --HOLE-- [fill = 0]
                  000088f8    00000050     SPI_Driver.obj (.text:SPI_Init)
                  00008948    00000050     cs.obj (.text:_CSGetDOCFrequency)
                  00008998    00000050     ff.obj (.text:dbc_2nd)
                  000089e8    00000050     tasks.obj (.text:prvGetExpectedIdleTime)
                  00008a38    00000050     MPU9250.obj (.text:writeBit)
                  00008a88    00000050     trcSnapshotRecorder.obj (.text:writeInt8)
                  00008ad8    0000004e     ff.obj (.text:dir_alloc)
                  00008b26    00000002     --HOLE-- [fill = 0]
                  00008b28    0000004c     ff.obj (.text:f_mount)
                  00008b74    00000004     --HOLE-- [fill = 0]
                  00008b78    0000004c     timers.obj (.text:prvCheckForValidListAndQueue)
                  00008bc4    00000004     --HOLE-- [fill = 0]
                  00008bc8    0000004c     mmc_MSP432P401r.obj (.text:rcvr_datablock)
                  00008c14    00000004     --HOLE-- [fill = 0]
                  00008c18    00000048     ff.obj (.text:get_ldnumber)
                  00008c60    00000048     ff.obj (.text:sync_window)
                  00008ca8    00000048     queue.obj (.text:vQueueWaitForMessageRestricted)
                  00008cf0    00000044     rtsv7M4_T_le_v4SPD16_eabi.lib : autoinit.c.obj (.text:__TI_auto_init_nobinit_nopinit:__TI_auto_init_nobinit_nopinit)
                  00008d34    00000004     --HOLE-- [fill = 0]
                  00008d38    00000044     dataStorage.obj (.text:getLocalTime)
                  00008d7c    00000004     --HOLE-- [fill = 0]
                  00008d80    00000044     taskManager.obj (.text:prvQueueDataCreate)
                  00008dc4    00000044     rtsv7M4_T_le_v4SPD16_eabi.lib : fd_tou_t2.asm.obj (.text)
                  00008e08    00000040     MPU9250.obj (.text:initI2C)
                  00008e48    00000040     msp432p4xx_driverlib.lib : spi.o (.text:is_A_Module)
                  00008e88    00000040     main.obj (.text:vPostSleepProcessing)
                  00008ec8    0000003e     mmc_MSP432P401r.obj (.text:send_cmd12)
                  00008f06    00000002     --HOLE-- [fill = 0]
                  00008f08    0000003c     tasks.obj (.text:eTaskConfirmSleepModeStatus)
                  00008f44    00000004     --HOLE-- [fill = 0]
                  00008f48    0000003c     tasks.obj (.text:prvTaskIsTaskSuspended)
                  00008f84    00000004     --HOLE-- [fill = 0]
                  00008f88    0000003c     trcSnapshotRecorder.obj (.text:prvTraceError)
                  00008fc4    00000004     --HOLE-- [fill = 0]
                  00008fc8    0000003c     trcSnapshotRecorder.obj (.text:prvTraceUpdateCounters)
                  00009004    00000004     --HOLE-- [fill = 0]
                  00009008    0000003c     mmc_MSP432P401r.obj (.text:send_initial_clock_train)
                  00009044    00000004     --HOLE-- [fill = 0]
                  00009048    0000003c     port.obj (.text:vPortEnterCritical)
                  00009084    00000004     --HOLE-- [fill = 0]
                  00009088    0000003a     ff.obj (.text:dir_register)
                  000090c2    00000006     --HOLE-- [fill = 0]
                  000090c8    0000003a     ff.obj (.text:validate)
                  00009102    00000002     --HOLE-- [fill = 0]
                  00009104    00000038     rtsv7M4_T_le_v4SPD16_eabi.lib : boot_cortex_m.c.obj (.text:_c_int00_noargs:_c_int00_noargs)
                  0000913c    00000004     --HOLE-- [fill = 0]
                  00009140    00000038     port.obj (.text:prvTaskExitError)
                  00009178    00000038     tasks.obj (.text:vTaskPlaceOnEventList)
                  000091b0    00000034     SPI_Driver.obj (.text:SPI_Read)
                  000091e4    00000004     --HOLE-- [fill = 0]
                  000091e8    00000034     SPI_Driver.obj (.text:SPI_Write)
                  0000921c    00000004     --HOLE-- [fill = 0]
                  00009220    00000034     aodcsTask.obj (.text:aodcsTask)
                  00009254    00000004     --HOLE-- [fill = 0]
                  00009258    00000034     cameraTask.obj (.text:cameraTask)
                  0000928c    00000004     --HOLE-- [fill = 0]
                  00009290    00000034     ff.obj (.text:dbc_1st)
                  000092c4    00000004     --HOLE-- [fill = 0]
                  000092c8    00000034     taskManager.obj (.text:hibernate)
                  000092fc    00000004     --HOLE-- [fill = 0]
                  00009300    00000034     ff.obj (.text:move_window)
                  00009334    00000004     --HOLE-- [fill = 0]
                  00009338    00000034     pptTask.obj (.text:pptTask)
                  0000936c    00000004     --HOLE-- [fill = 0]
                  00009370    00000034     list.obj (.text:vListInsert)
                  000093a4    00000004     --HOLE-- [fill = 0]
                  000093a8    00000034     IntQueueTimer.obj (.text:vT32_0_Handler)
                  000093dc    00000004     --HOLE-- [fill = 0]
                  000093e0    00000034     IntQueueTimer.obj (.text:vT32_1_Handler)
                  00009414    00000004     --HOLE-- [fill = 0]
                  00009418    00000034     tasks.obj (.text:vTaskStepTick)
                  0000944c    00000004     --HOLE-- [fill = 0]
                  00009450    00000030     tasks.obj (.text:prvResetNextTaskUnblockTime)
                  00009480    00000030     port.obj (.text:vPortExitCritical)
                  000094b0    0000002c     cs.obj (.text:CS_setDCOCenteredFrequency)
                  000094dc    00000004     --HOLE-- [fill = 0]
                  000094e0    0000002c     gpio.obj (.text:GPIO_setAsInputPinWithPullUpResistor)
                  0000950c    00000004     --HOLE-- [fill = 0]
                  00009510    0000002c     main.obj (.text:configWakeUpPin)
                  0000953c    00000004     --HOLE-- [fill = 0]
                  00009540    0000002c     timers.obj (.text:prvSampleTimeNow)
                  0000956c    00000004     --HOLE-- [fill = 0]
                  00009570    0000002c     port.obj (.text:pxPortInitialiseStack)
                  0000959c    00000004     --HOLE-- [fill = 0]
                  000095a0    0000002c     mmc_MSP432P401r.obj (.text:rcvr_spi)
                  000095cc    0000002c     rtsv7M4_T_le_v4SPD16_eabi.lib : strncmp.c.obj (.text:strncmp)
                  000095f8    0000002c     port.obj (.text:xPortSysTickHandler)
                  00009624    00000004     --HOLE-- [fill = 0]
                  00009628    0000002c     queue.obj (.text:xQueueIsQueueFullFromISR)
                  00009654    00000004     --HOLE-- [fill = 0]
                  00009658    00000028     GPIO_Driver.obj (.text:GPIO_Init)
                  00009680    00000028     queue.obj (.text:prvCopyDataFromQueue)
                  000096a8    00000028     mmc_MSP432P401r.obj (.text:xmit_spi)
                  000096d0    00000026     ff.obj (.text:ld_clust)
                  000096f6    00000002     --HOLE-- [fill = 0]
                  000096f8    00000026     list.obj (.text:uxListRemove)
                  0000971e    00000002     --HOLE-- [fill = 0]
                  00009720    00000024     cs.obj (.text:CS_clearInterruptFlag)
                  00009744    00000004     --HOLE-- [fill = 0]
                  00009748    00000024     timers.obj (.text:prvGetNextExpireTime)
                  0000976c    00000004     --HOLE-- [fill = 0]
                  00009770    00000024     trcSnapshotRecorder.obj (.text:vTraceStop)
                  00009794    00000004     --HOLE-- [fill = 0]
                  00009798    00000024     mmc_MSP432P401r.obj (.text:wait_ready)
                  000097bc    00000004     --HOLE-- [fill = 0]
                  000097c0    00000022     diskio.obj (.text:disk_read)
                  000097e2    00000006     --HOLE-- [fill = 0]
                  000097e8    00000022     diskio.obj (.text:disk_write)
                  0000980a    00000006     --HOLE-- [fill = 0]
                  00009810    00000022     ff.obj (.text:st_clust)
                  00009832    00000006     --HOLE-- [fill = 0]
                  00009838    00000020     gpio.obj (.text:GPIO_setAsOutputPin)
                  00009858    00000020     MPU9250.obj (.text:MPU9250_initialize)
                  00009878    00000020     sysctl.obj (.text:SysCtl_setWDTTimeoutResetType)
                  00009898    00000020     diskio.obj (.text:disk_ioctl)
                  000098b8    00000020     main.obj (.text:prvCalendarConfiguration)
                  000098d8    00000020     trcSnapshotRecorder.obj (.text:prvMarkObjectAsUsed)
                  000098f8    00000020     IntQueue.obj (.text:prvRecordValue_NormallyEmpty)
                  00009918    00000020     IntQueue.obj (.text:prvRecordValue_NormallyFull)
                  00009938    00000020     trcSnapshotRecorder.obj (.text:prvStrncpy)
                  00009958    00000020     tasks.obj (.text:xTaskGetSchedulerState)
                  00009978    0000001e     queue.obj (.text:prvIsQueueFull)
                  00009996    00000002     --HOLE-- [fill = 0]
                  00009998    0000001e     list.obj (.text:vListInitialise)
                  000099b6    00000002     --HOLE-- [fill = 0]
                  000099b8    0000001c     msp432p4xx_driverlib.lib : adc14.o (.text:ADC14_getResult)
                  000099d4    00000004     --HOLE-- [fill = 0]
                  000099d8    0000001c     ff.obj (.text:mem_cmp)
                  000099f4    00000004     --HOLE-- [fill = 0]
                  000099f8    0000001c     event_groups.obj (.text:prvTestWaitCondition)
                  00009a14    00000004     --HOLE-- [fill = 0]
                  00009a18    0000001c     trcSnapshotRecorder.obj (.text:vTracePrintF)
                  00009a34    00000004     --HOLE-- [fill = 0]
                  00009a38    0000001a     ff.obj (.text:clst2sect)
                  00009a52    00000006     --HOLE-- [fill = 0]
                  00009a58    0000001a     queue.obj (.text:prvGetDisinheritPriorityAfterTimeout)
                  00009a72    00000006     --HOLE-- [fill = 0]
                  00009a78    0000001a     queue.obj (.text:prvIsQueueEmpty)
                  00009a92    00000006     --HOLE-- [fill = 0]
                  00009a98    0000001a     timers.obj (.text:prvTimerTask)
                  00009ab2    00000006     --HOLE-- [fill = 0]
                  00009ab8    0000001a     trcKernelPort.obj (.text:prvTraceSetQueueNumberHigh16)
                  00009ad2    00000006     --HOLE-- [fill = 0]
                  00009ad8    0000001a     trcKernelPort.obj (.text:prvTraceSetQueueNumberLow16)
                  00009af2    00000006     --HOLE-- [fill = 0]
                  00009af8    0000001a     trcKernelPort.obj (.text:prvTraceSetTaskNumberHigh16)
                  00009b12    00000006     --HOLE-- [fill = 0]
                  00009b18    0000001a     trcKernelPort.obj (.text:prvTraceSetTaskNumberLow16)
                  00009b32    00000006     --HOLE-- [fill = 0]
                  00009b38    0000001a     event_groups.obj (.text:xEventGroupCreate)
                  00009b52    00000006     --HOLE-- [fill = 0]
                  00009b58    00000018     cs.obj (.text:CS_getMCLK)
                  00009b70    00000018     ff.obj (.text:chk_chr)
                  00009b88    00000018     diskio.obj (.text:disk_initialize)
                  00009ba0    00000018     diskio.obj (.text:disk_status)
                  00009bb8    00000018     tasks.obj (.text:pvTaskIncrementMutexHeldCount)
                  00009bd0    00000018     msp432_startup_ccs.obj (.text:resetISR)
                  00009be8    00000018     ff.obj (.text:st_dword)
                  00009c00    00000018     tasks.obj (.text:uxTaskResetEventItemValue)
                  00009c18    00000018     list.obj (.text:vListInsertEnd)
                  00009c30    00000018     tasks.obj (.text:vTaskInternalSetTimeOutState)
                  00009c48    00000016     ff.obj (.text:ld_dword)
                  00009c5e    00000002     --HOLE-- [fill = 0]
                  00009c60    00000016     ff.obj (.text:mem_cpy)
                  00009c76    00000002     --HOLE-- [fill = 0]
                  00009c78    00000016     queue.obj (.text:xQueueCreateMutex)
                  00009c8e    00000002     --HOLE-- [fill = 0]
                  00009c90    00000014     gpio.obj (.text:GPIO_clearInterruptFlag)
                  00009ca4    00000004     --HOLE-- [fill = 0]
                  00009ca8    00000014     gpio.obj (.text:GPIO_enableInterrupt)
                  00009cbc    00000004     --HOLE-- [fill = 0]
                  00009cc0    00000014     gpio.obj (.text:GPIO_setOutputLowOnPin)
                  00009cd4    00000004     --HOLE-- [fill = 0]
                  00009cd8    00000014     gpio.obj (.text:GPIO_toggleOutputOnPin)
                  00009cec    00000004     --HOLE-- [fill = 0]
                  00009cf0    00000014     mmc_MSP432P401r.obj (.text:power_on)
                  00009d04    00000004     --HOLE-- [fill = 0]
                  00009d08    00000014     queue.obj (.text:prvInitialiseMutex)
                  00009d1c    00000004     --HOLE-- [fill = 0]
                  00009d20    00000014     IntQueue.obj (.text:prvQueueAccessLogError)
                  00009d34    00000004     --HOLE-- [fill = 0]
                  00009d38    00000012     ff.obj (.text:mem_set)
                  00009d4a    00000006     --HOLE-- [fill = 0]
                  00009d50    00000012     tasks.obj (.text:prvDeleteTCB)
                  00009d62    00000006     --HOLE-- [fill = 0]
                  00009d68    00000012     main.obj (.text:vApplicationMallocFailedHook)
                  00009d7a    00000006     --HOLE-- [fill = 0]
                  00009d80    00000012     main.obj (.text:vApplicationStackOverflowHook)
                  00009d92    00000006     --HOLE-- [fill = 0]
                  00009d98    00000010     GPIO_Driver.obj (.text:GPIO_High)
                  00009da8    00000010     GPIO_Driver.obj (.text:GPIO_Low)
                  00009db8    00000010     MPU9250.obj (.text:MPU9250_getMotion9)
                  00009dc8    00000010     taskManager.obj (.text:prvWatchDogEventGroupCreate)
                  00009dd8    00000010     aodcsTask.obj (.text:setWatchDogBit_AODCS)
                  00009de8    00000010     cameraTask.obj (.text:setWatchDogBit_CAMERA)
                  00009df8    00000010     dataStorage.obj (.text:setWatchDogBit_DATASTORAGE)
                  00009e08    00000010     houseKeeping.obj (.text:setWatchDogBit_HOUSEKEEPING)
                  00009e18    00000010     pptTask.obj (.text:setWatchDogBit_PPT)
                  00009e28    00000010     ttcTask.obj (.text:setWatchDogBit_TTC)
                  00009e38    00000010     main.obj (.text:vApplicationIdleHook)
                  00009e48    00000010     tasks.obj (.text:vTaskSuspendAll)
                  00009e58    0000000e     rtsv7M4_T_le_v4SPD16_eabi.lib : copy_decompress_none.c.obj (.text:decompress:none:__TI_decompress_none)
                  00009e66    00000002     --HOLE-- [fill = 0]
                  00009e68    0000000e     ff.obj (.text:st_word)
                  00009e76    00000002     --HOLE-- [fill = 0]
                  00009e78    0000000c     mmc_MSP432P401r.obj (.text:MMC_disk_status)
                  00009e84    00000004     --HOLE-- [fill = 0]
                  00009e88    0000000c     MPU9250.obj (.text:MPU9250_setClockSource)
                  00009e94    00000004     --HOLE-- [fill = 0]
                  00009e98    0000000c     sysctl.obj (.text:SysCtl_getTempCalibrationConstant)
                  00009ea4    00000004     --HOLE-- [fill = 0]
                  00009ea8    0000000c     mmc_MSP432P401r.obj (.text:chk_power)
                  00009eb4    0000000c     rtsv7M4_T_le_v4SPD16_eabi.lib : copy_zero_init.c.obj (.text:decompress:ZI:__TI_zero_init)
                  00009ec0    0000000c     ff.obj (.text:ld_word)
                  00009ecc    00000004     --HOLE-- [fill = 0]
                  00009ed0    0000000c     mmc_MSP432P401r.obj (.text:power_off)
                  00009edc    00000004     --HOLE-- [fill = 0]
                  00009ee0    0000000c     trcKernelPort.obj (.text:prvTraceGetQueueNumberHigh16)
                  00009eec    00000004     --HOLE-- [fill = 0]
                  00009ef0    0000000c     trcKernelPort.obj (.text:prvTraceGetTaskNumberHigh16)
                  00009efc    00000004     --HOLE-- [fill = 0]
                  00009f00    0000000c     mmc_MSP432P401r.obj (.text:rcvr_spi_m)
                  00009f0c    00000004     --HOLE-- [fill = 0]
                  00009f10    0000000c     MPU9250.obj (.text:setFullScaleAccelRange)
                  00009f1c    00000004     --HOLE-- [fill = 0]
                  00009f20    0000000c     MPU9250.obj (.text:setFullScaleGyroRange)
                  00009f2c    00000004     --HOLE-- [fill = 0]
                  00009f30    0000000c     tasks.obj (.text:vTaskMissedYield)
                  00009f3c    00000004     --HOLE-- [fill = 0]
                  00009f40    0000000c     tasks.obj (.text:xTaskGetCurrentTaskHandle)
                  00009f4c    00000004     --HOLE-- [fill = 0]
                  00009f50    0000000c     tasks.obj (.text:xTaskGetTickCount)
                  00009f5c    00000004     --HOLE-- [fill = 0]
                  00009f60    0000000a     trcKernelPort.obj (.text:prvTraceGetQueueNumberLow16)
                  00009f6a    00000006     --HOLE-- [fill = 0]
                  00009f70    0000000a     trcKernelPort.obj (.text:prvTraceGetTaskNumberLow16)
                  00009f7a    00000006     --HOLE-- [fill = 0]
                  00009f80    0000000a     MPU9250.obj (.text:setSleepEnabled)
                  00009f8a    00000006     --HOLE-- [fill = 0]
                  00009f90    0000000a     tasks.obj (.text:uxTaskGetTaskNumber)
                  00009f9a    00000006     --HOLE-- [fill = 0]
                  00009fa0    00000006     queue.obj (.text:ucQueueGetQueueType)
                  00009fa6    00000002     --HOLE-- [fill = 0]
                  00009fa8    00000006     list.obj (.text:vListInitialiseItem)
                  00009fae    00000002     --HOLE-- [fill = 0]
                  00009fb0    00000006     tasks.obj (.text:vTaskSetTaskNumber)
                  00009fb6    00000002     --HOLE-- [fill = 0]
                  00009fb8    00000004     mmc_MSP432P401r.obj (.text:get_fattime)
                  00009fbc    00000004     --HOLE-- [fill = 0]
                  00009fc0    00000004     queue.obj (.text:uxQueueGetQueueNumber)
                  00009fc4    00000004     --HOLE-- [fill = 0]
                  00009fc8    00000004     queue.obj (.text:vQueueSetQueueNumber)
                  00009fcc    00000004     --HOLE-- [fill = 0]
                  00009fd0    00000004     trcSnapshotRecorder.obj (.text:vTraceStart)
                  00009fd4    00000004     --HOLE-- [fill = 0]
                  00009fd8    00000002     msp432_startup_ccs.obj (.text:defaultISR)
                  00009fda    00000006     --HOLE-- [fill = 0]
                  00009fe0    00000002     msp432_startup_ccs.obj (.text:faultISR)
                  00009fe2    00000006     --HOLE-- [fill = 0]
                  00009fe8    00000002     msp432_startup_ccs.obj (.text:nmiISR)
                  00009fea    00000006     --HOLE-- [fill = 0]
                  00009ff0    00000002     main_blinky.obj (.text:vApplicationTickHook)

.const     0    00009ff4    000000ac     
                  00009ff4    00000080     msp432p4xx_driverlib.lib : adc14.o (.const:_ctlRegs)
                  0000a074    00000014     MPU9250.obj (.const:i2cConfig)
                  0000a088    0000000a     ff.obj (.const:.string:DbcTbl)
                  0000a092    00000002     --HOLE-- [fill = 0]
                  0000a094    00000008     port.obj (.const)
                  0000a09c    00000004     serial.obj (.const)

.cinit     0    0000a0a0    00000098     
                  0000a0a0    00000071     (.cinit..data.load) [load image, compression = lzss]
                  0000a111    00000003     --HOLE-- [fill = 0]
                  0000a114    0000000c     (__TI_handler_table)
                  0000a120    00000008     (.cinit..bss.load) [load image, compression = zero_init]
                  0000a128    00000010     (__TI_cinit_table)

.init_array 
*          0    00000000    00000000     UNINITIALIZED

.binit     0    00000000    00000000     

.bss       0    20000000    0000f77e     UNINITIALIZED
                  20000000    0000c800     heap_4.obj (.bss:ucHeap)
                  2000c800    000028b8     (.common:RecorderData)
                  2000f0b8    00000230     (.common:sdDriver)
                  2000f2e8    00000228     (.common:file)
                  2000f510    00000084     (.common:obcData)
                  2000f594    00000064     tasks.obj (.bss:pxReadyTasksLists)
                  2000f5f8    0000003f     (.common:imuData)
                  2000f637    00000001     (.common:fResult)
                  2000f638    0000001c     main.obj (.bss:calendarConfig)
                  2000f654    00000014     timers.obj (.bss:xActiveTimerList1)
                  2000f668    00000014     timers.obj (.bss:xActiveTimerList2)
                  2000f67c    00000014     tasks.obj (.bss:xDelayedTaskList1)
                  2000f690    00000014     tasks.obj (.bss:xDelayedTaskList2)
                  2000f6a4    00000014     tasks.obj (.bss:xPendingReadyList)
                  2000f6b8    00000014     tasks.obj (.bss:xSuspendedTaskList)
                  2000f6cc    00000014     tasks.obj (.bss:xTasksWaitingTermination)
                  2000f6e0    00000010     (.common:bufferIMU)
                  2000f6f0    0000000c     (.common:resultsBuffer)
                  2000f6fc    00000009     mmc_MSP432P401r.obj (.bss)
                  2000f705    00000001     --HOLE--
                  2000f706    00000002     ff.obj (.bss)
                  2000f708    00000008     IntQueue.obj (.bss)
                  2000f710    00000008     cs.obj (.bss)
                  2000f718    00000008     tasks.obj (.bss)
                  2000f720    00000008     timers.obj (.bss)
                  2000f728    00000008     heap_4.obj (.bss:xStart)
                  2000f730    00000008     (.common:buffer)
                  2000f738    00000006     (.common:localTime)
                  2000f73e    00000002     (.common:cal30)
                  2000f740    00000004     ff.obj (.bss:FatFs)
                  2000f744    00000004     (.common:WATCHDOG_EVENT_GROUP)
                  2000f748    00000004     (.common:bw)
                  2000f74c    00000004     (.common:clock)
                  2000f750    00000004     (.common:flag_lowBattery)
                  2000f754    00000004     (.common:flag_systemMode)
                  2000f758    00000004     (.common:init_hwtc_count)
                  2000f75c    00000004     (.common:taskHandlerAodcs)
                  2000f760    00000004     (.common:taskHandlerCamera)
                  2000f764    00000004     (.common:taskHandlerDataStorage)
                  2000f768    00000004     (.common:taskHandlerHouseKeeping)
                  2000f76c    00000004     (.common:taskHandlerPpt)
                  2000f770    00000004     (.common:taskHandlerTtc)
                  2000f774    00000004     (.common:taskHandlerWatchDog)
                  2000f778    00000002     (.common:cal85)
                  2000f77a    00000002     (.common:calDifference)
                  2000f77c    00000002     (.common:stateChanel)

.data      0    2000f780    00000383     UNINITIALIZED
                  2000f780    000000c8     IntQueue.obj (.data:ucNormallyEmptyReceivedValues)
                  2000f848    000000c8     IntQueue.obj (.data:ucNormallyFullReceivedValues)
                  2000f910    0000008e     trcSnapshotRecorder.obj (.data:objectHandleStacks)
                  2000f99e    00000002     MPU9250.obj (.data)
                  2000f9a0    00000044     trcSnapshotRecorder.obj (.data)
                  2000f9e4    0000003c     IntQueue.obj (.data)
                  2000fa20    00000034     tasks.obj (.data)
                  2000fa54    00000030     gpio.obj (.data:GPIO_PORT_TO_BASE)
                  2000fa84    0000001c     dataStorage.obj (.data:SPI0MasterConfig)
                  2000faa0    00000018     port.obj (.data)
                  2000fab8    00000018     taskManager.obj (.data)
                  2000fad0    00000010     heap_4.obj (.data)
                  2000fae0    00000010     serial.obj (.data)
                  2000faf0    0000000c     timers.obj (.data)
                  2000fafc    00000005     trcKernelPort.obj (.data:TraceQueueClassTable)
                  2000fb01    00000002     mmc_MSP432P401r.obj (.data)

.stack     0    2000fce0    00000320     UNINITIALIZED
                  2000fce0    00000004     rtsv7M4_T_le_v4SPD16_eabi.lib : boot_cortex_m.c.obj (.stack)
                  2000fce4    0000031c     --HOLE--

MODULE SUMMARY

       Module                       code    ro data   rw data
       ------                       ----    -------   -------
    .\
       main.obj                     716     0         404    
    +--+----------------------------+-------+---------+---------+
       Total:                       716     0         404    
                                                             
    .\FreeRTOS_Source\
       tasks.obj                    5484    0         520    
       queue.obj                    4030    0         0      
       timers.obj                   1082    0         120    
       event_groups.obj             528     0         0      
       list.obj                     150     0         0      
    +--+----------------------------+-------+---------+---------+
       Total:                       11274   0         640    
                                                             
    .\FreeRTOS_Source\portable\CCS\ARM_CM4F\
       port.obj                     992     8         48     
       portasm.obj                  218     0         0      
    +--+----------------------------+-------+---------+---------+
       Total:                       1210    8         48     
                                                             
    .\FreeRTOS_Source\portable\MemMang\
       heap_4.obj                   680     0         102448 
    +--+----------------------------+-------+---------+---------+
       Total:                       680     0         102448 
                                                             
    .\Full_Demo\
       serial.obj                   180     4         32     
       IntQueueTimer.obj            104     0         0      
    +--+----------------------------+-------+---------+---------+
       Total:                       284     4         32     
                                                             
    .\Full_Demo\Standard_Demo_Tasks\
       IntQueue.obj                 836     0         936    
    +--+----------------------------+-------+---------+---------+
       Total:                       836     0         936    
                                                             
    .\SimplyBlinkyDemo\
       main_blinky.obj              2       0         0      
    +--+----------------------------+-------+---------+---------+
       Total:                       2       0         0      
                                                             
    .\Tracealyzer\
       trcSnapshotRecorder.obj      8568    0         21276  
       trcKernelPort.obj            1494    0         10     
    +--+----------------------------+-------+---------+---------+
       Total:                       10062   0         21286  
                                                             
    .\driverlib\
       cs.obj                       1154    0         16     
       gpio.obj                     324     0         96     
       sysctl.obj                   128     0         0      
    +--+----------------------------+-------+---------+---------+
       Total:                       1606    0         112    
                                                             
    .\interface\
       MPU9250.obj                  922     20        36     
    +--+----------------------------+-------+---------+---------+
       Total:                       922     20        36     
                                                             
    .\src\
       dataStorage.obj              976     0         2444   
       taskManager.obj              1196    0         56     
       houseKeeping.obj             832     0         36     
       watchDogTask.obj             140     0         0      
       ttcTask.obj                  104     0         0      
       aodcsTask.obj                68      0         0      
       cameraTask.obj               68      0         0      
       pptTask.obj                  68      0         0      
    +--+----------------------------+-------+---------+---------+
       Total:                       3452    0         2536   
                                                             
    .\system\CCS\
       msp432_startup_ccs.obj       30      324       0      
       system_msp432p401r.obj       104     0         0      
    +--+----------------------------+-------+---------+---------+
       Total:                       134     324       0      
                                                             
    .\util\
       itoa.obj                     164     0         0      
    +--+----------------------------+-------+---------+---------+
       Total:                       164     0         0      
                                                             
    .\util\Hardware\
       SPI_Driver.obj               184     0         0      
       GPIO_Driver.obj              72      0         0      
    +--+----------------------------+-------+---------+---------+
       Total:                       256     0         0      
                                                             
    .\util\fatfs\
       ff.obj                       4793    10        12     
       mmc_MSP432P401r.obj          1694    0         22     
       diskio.obj                   148     0         0      
    +--+----------------------------+-------+---------+---------+
       Total:                       6635    10        34     
                                                             
    C:/ti/simplelink_msp432p4_sdk_2_40_00_10/source/ti/devices/msp432p4xx/driverlib/ccs/msp432p4xx_driverlib.lib
       adc14.o                      500     128       0      
       spi.o                        240     0         0      
       rtc_c.o                      124     0         0      
       i2c.o                        104     0         0      
    +--+----------------------------+-------+---------+---------+
       Total:                       968     128       0      
                                                             
    C:\ti\ccsv8\tools\compiler\ti-cgt-arm_18.1.1.LTS\lib\rtsv7M4_T_le_v4SPD16_eabi.lib
       memcpy_t2.asm.obj            156     0         0      
       memset_t2.asm.obj            122     0         0      
       copy_decompress_lzss.c.obj   104     0         0      
       autoinit.c.obj               68      0         0      
       fd_tou_t2.asm.obj            68      0         0      
       boot_cortex_m.c.obj          56      0         0      
       strncmp.c.obj                44      0         0      
       copy_decompress_none.c.obj   14      0         0      
       copy_zero_init.c.obj         12      0         0      
       exit.c.obj                   4       0         0      
       pre_init.c.obj               4       0         0      
    +--+----------------------------+-------+---------+---------+
       Total:                       652     0         0      
                                                             
       Stack:                       0       0         1600   
       Linker Generated:            0       149       0      
    +--+----------------------------+-------+---------+---------+
       Grand Total:                 39853   643       130112 


LINKER GENERATED COPY TABLES

__TI_cinit_table @ 0000a128 records: 2, size/record: 8, table size: 16
	.data: load addr=0000a0a0, load size=00000071 bytes, run addr=2000f780, run size=00000383 bytes, compression=lzss
	.bss: load addr=0000a120, load size=00000008 bytes, run addr=20000000, run size=0000f77e bytes, compression=zero_init


LINKER GENERATED HANDLER TABLE

__TI_handler_table @ 0000a114 records: 3, size/record: 4, table size: 12
	index: 0, handler: __TI_decompress_lzss
	index: 1, handler: __TI_decompress_none
	index: 2, handler: __TI_zero_init


GLOBAL SYMBOLS: SORTED ALPHABETICALLY BY Name 

address   name                                       
-------   ----                                       
00005241  ADC14_IRQHandler                           
000078f9  ADC14_getMultiSequenceResult               
000099b9  ADC14_getResult                            
00000af5  C$$EXIT                                    
00009721  CS_clearInterruptFlag                      
00003049  CS_getDCOFrequency                         
00009b59  CS_getMCLK                                 
00004271  CS_initClockSignal                         
000094b1  CS_setDCOCenteredFrequency                 
2000f9ca  CurrentFilterGroup                         
2000f9c8  CurrentFilterMask                          
00009d99  GPIO_High                                  
00009659  GPIO_Init                                  
00009da9  GPIO_Low                                   
00009c91  GPIO_clearInterruptFlag                    
00009ca9  GPIO_enableInterrupt                       
000094e1  GPIO_setAsInputPinWithPullUpResistor       
00009839  GPIO_setAsOutputPin                        
000085e1  GPIO_setAsPeripheralModuleFunctionInputPin 
00008639  GPIO_setAsPeripheralModuleFunctionOutputPin
00009cc1  GPIO_setOutputLowOnPin                     
00009cd9  GPIO_toggleOutputOnPin                     
00007edd  I2C_masterSendMultiByteStart               
00002d99  MMC_disk_initialize                        
00002481  MMC_disk_ioctl                             
00006cf1  MMC_disk_read                              
00009e79  MMC_disk_status                            
000060c1  MMC_disk_write                             
2000f99e  MPU9250_devAddr                            
00009db9  MPU9250_getMotion9                         
00009859  MPU9250_initialize                         
00009e89  MPU9250_setClockSource                     
00007781  RTC_C_getCalendarTime                      
2000c800  RecorderData                               
2000f9d0  RecorderDataPtr                            
2000fa84  SPI0MasterConfig                           
000088f9  SPI_Init                                   
000091b1  SPI_Read                                   
000091e9  SPI_Write                                  
00006525  SPI_initMaster                             
00008691  SysCtl_getTLVInfo                          
00009e99  SysCtl_getTempCalibrationConstant          
00009879  SysCtl_setWDTTimeoutResetType              
00007f49  SystemInit                                 
2000fafc  TraceQueueClassTable                       
2000f744  WATCHDOG_EVENT_GROUP                       
4000480c  WDTCTL_SYM                                 
00009879  WDT_A_setTimeoutReset                      
20010000  __STACK_END                                
00000320  __STACK_SIZE                               
0000a128  __TI_CINIT_Base                            
0000a138  __TI_CINIT_Limit                           
0000a114  __TI_Handler_Table_Base                    
0000a120  __TI_Handler_Table_Limit                   
00008cf1  __TI_auto_init_nobinit_nopinit             
00007fb1  __TI_decompress_lzss                       
00009e59  __TI_decompress_none                       
ffffffff  __TI_pprof_out_hndl                        
ffffffff  __TI_prof_data_size                        
ffffffff  __TI_prof_data_start                       
00000000  __TI_static_base__                         
00009eb5  __TI_zero_init                             
00008dc5  __aeabi_d2uiz                              
0000787d  __aeabi_memclr                             
0000787d  __aeabi_memclr4                            
0000787d  __aeabi_memclr8                            
00006b19  __aeabi_memcpy                             
00006b19  __aeabi_memcpy4                            
00006b19  __aeabi_memcpy8                            
0000787f  __aeabi_memset                             
0000787f  __aeabi_memset4                            
0000787f  __aeabi_memset8                            
ffffffff  __binit__                                  
ffffffff  __c_args__                                 
UNDEFED   __mpu_init                                 
2000fce0  __stack                                    
00009105  _c_int00_noargs                            
UNDEFED   _system_post_cinit                         
000007dd  _system_pre_init                           
00000af5  abort                                      
00004391  adcInit                                    
2000face  adcInitDelay                               
00009221  aodcsTask                                  
2000facc  batteryValue                               
ffffffff  binit                                      
2000f730  buffer                                     
2000f6e0  bufferIMU                                  
2000f748  bw                                         
2000f73e  cal30                                      
2000f778  cal85                                      
2000f77a  calDifference                              
00009259  cameraTask                                 
2000f74c  clock                                      
00009511  configWakeUpPin                            
000007e1  dataStorage                                
00009b89  disk_initialize                            
00009899  disk_ioctl                                 
000097c1  disk_read                                  
00009ba1  disk_status                                
000097e9  disk_write                                 
00008f09  eTaskConfirmSleepModeStatus                
2000f637  fResult                                    
00008b29  f_mount                                    
00001a29  f_open                                     
00006c59  f_sync                                     
00001689  f_write                                    
2000f2e8  file                                       
2000f750  flag_lowBattery                            
2000f754  flag_systemMode                            
00008d39  getLocalTime                               
00007109  getMotion6                                 
000086e9  getTemperature                             
00009fb9  get_fattime                                
2000f9c1  handle_of_last_logged_task                 
000092c9  hibernate                                  
00001bf1  houseKeeping                               
0000a074  i2cConfig                                  
2000f5f8  imuData                                    
00008e09  initI2C                                    
00008019  initSD                                     
2000f758  init_hwtc_count                            
00000000  interruptVectors                           
2000f9a0  isPendingContextSwitch                     
00006889  itoa                                       
2000f738  localTime                                  
00005cc1  main                                       
00006b19  memcpy                                     
00007885  memset                                     
2000f9c0  nISRactive                                 
2000f510  obcData                                    
2000f910  objectHandleStacks                         
00009339  pptTask                                    
000098b9  prvCalendarConfiguration                   
000098d9  prvMarkObjectAsUsed                        
00008d81  prvQueueDataCreate                         
00008221  prvResumeAllTasks                          
00006fe9  prvSuspendAllTasks                         
00003dd9  prvTaskCreate                              
00008f89  prvTraceError                              
00009f41  prvTraceGetCurrentTaskHandle               
00002ef9  prvTraceGetObjectHandle                    
000056d1  prvTraceGetPriorityProperty                
00009fc1  prvTraceGetQueueNumber                     
00009ee1  prvTraceGetQueueNumberHigh16               
00009f61  prvTraceGetQueueNumberLow16                
00009fa1  prvTraceGetQueueType                       
00009ef1  prvTraceGetTaskNumberHigh16                
00009f71  prvTraceGetTaskNumberLow16                 
00006739  prvTraceInitCortexM                        
000087f1  prvTracePortGetTimeStamp                   
00004a19  prvTraceSetObjectName                      
00005d91  prvTraceSetObjectState                     
00005969  prvTraceSetPriorityProperty                
00009ab9  prvTraceSetQueueNumberHigh16               
00009ad9  prvTraceSetQueueNumberLow16                
00007801  prvTraceSetTaskInstanceFinished            
00009af9  prvTraceSetTaskNumberHigh16                
00009b19  prvTraceSetTaskNumberLow16                 
000022e1  prvTraceStoreKernelCall                    
000047f9  prvTraceStoreKernelCallWithNumericParamOnly
00001861  prvTraceStoreKernelCallWithParam           
00005149  prvTraceStoreTaskReady                     
00005509  prvTraceStoreTaskswitch                    
00009dc9  prvWatchDogEventGroupCreate                
00000149  pszTraceGetErrorNotEnoughHandles           
00003421  pvPortMalloc                               
00009bb9  pvTaskIncrementMutexHeldCount              
2000fa20  pxCurrentTCB                               
00009571  pxPortInitialiseStack                      
00004b29  readI2C                                    
2000f9b4  recorder_busy                              
2000f6f0  resultsBuffer                              
2000f0b8  sdDriver                                   
2000fac4  semaphoreIMU                               
2000fac8  semaphoreSystem                            
00009f11  setFullScaleAccelRange                     
00009f21  setFullScaleGyroRange                      
00006eb9  setOperationMode                           
00009f81  setSleepEnabled                            
00009dd9  setWatchDogBit_AODCS                       
00009de9  setWatchDogBit_CAMERA                      
00009df9  setWatchDogBit_DATASTORAGE                 
00009e09  setWatchDogBit_HOUSEKEEPING                
00009e19  setWatchDogBit_PPT                         
00009e29  setWatchDogBit_TTC                         
2000f77c  stateChanel                                
000095cd  strncmp                                    
2000f75c  taskHandlerAodcs                           
2000f760  taskHandlerCamera                          
2000f764  taskHandlerDataStorage                     
2000f768  taskHandlerHouseKeeping                    
2000f76c  taskHandlerPpt                             
2000f770  taskHandlerTtc                             
2000f774  taskHandlerWatchDog                        
00007701  taskManager                                
2000f9b8  timestampFrequency                         
2000f9bc  traceErrorMessage                          
2000f9ac  trace_disable_timestamp                    
000084d9  ttcTask                                    
00009fa1  ucQueueGetQueueType                        
000037e9  uiIndexOfObject                            
00005339  uiTraceStart                               
2000f9a8  uiTraceTickCount                           
0000a094  ulMaxSyscallInterruptPriority              
0000589d  ulPortGetIPSR                              
00005241  updateBatteryLevel                         
000096f9  uxListRemove                               
00009fc1  uxQueueGetQueueNumber                      
00009f91  uxTaskGetTaskNumber                        
00009c01  uxTaskResetEventItemValue                  
00009e39  vApplicationIdleHook                       
00009d69  vApplicationMallocFailedHook               
00009d81  vApplicationStackOverflowHook              
00009ff1  vApplicationTickHook                       
00009999  vListInitialise                            
00009fa9  vListInitialiseItem                        
00009371  vListInsert                                
00009c19  vListInsertEnd                             
00005959  vPortEnableVFP                             
00009049  vPortEnterCritical                         
00009481  vPortExitCritical                          
00007229  vPortFree                                  
00005915  vPortSVCHandler                            
000080e9  vPortSetupTimerInterrupt                   
00005935  vPortStartFirstTask                        
000036a9  vPortSuppressTicksAndSleep                 
000082f1  vPortValidateInterruptPriority             
00008e89  vPostSleepProcessing                       
00008849  vPreSleepProcessing                        
00009fc9  vQueueSetQueueNumber                       
00008ca9  vQueueWaitForMessageRestricted             
000093a9  vT32_0_Handler                             
000093e1  vT32_1_Handler                             
00006bb9  vTaskDelay                                 
00004f49  vTaskDelayUntil                            
00009c31  vTaskInternalSetTimeOutState               
00009f31  vTaskMissedYield                           
00004029  vTaskNotifyGiveFromISR                     
00009179  vTaskPlaceOnEventList                      
00007461  vTaskPlaceOnEventListRestricted            
00008479  vTaskPlaceOnUnorderedEventList             
00003a49  vTaskPriorityDisinheritAfterTimeout        
00006301  vTaskRemoveFromUnorderedEventList          
00005a41  vTaskResume                                
00009fb1  vTaskSetTaskNumber                         
000075f9  vTaskStartScheduler                        
00009419  vTaskStepTick                              
00003b79  vTaskSuspend                               
00009e49  vTaskSuspendAll                            
00005b19  vTaskSwitchContext                         
00006931  vTraceEnable                               
00005e61  vTraceInitObjectHandleStack                
000045c9  vTraceInitObjectPropertyTable              
00009a19  vTracePrintF                               
00009fd1  vTraceStart                                
00009771  vTraceStop                                 
2000f9c4  vTraceStopHookPtr                          
00006241  vTraceStoreMemMangEvent                    
000063b9  vUART_Handler                              
2000facf  wakeState                                  
000072b9  watchDogTask                               
00008a39  writeBit                                   
000083b9  writeBits                                  
00006471  writeI2C                                   
00009b39  xEventGroupCreate                          
00006689  xEventGroupSetBits                         
00003ca9  xEventGroupWaitBits                        
00003919  xFirstTimerHandler                         
000058b5  xPortPendSVHandler                         
000057b1  xPortStartScheduler                        
000095f9  xPortSysTickHandler                        
00009c79  xQueueCreateMutex                          
2000fabc  xQueueDataObc                              
00007a61  xQueueGenericCreate                        
00007079  xQueueGenericReset                         
00000af9  xQueueGenericSend                          
000027b9  xQueueGenericSendFromISR                   
2000fab8  xQueueIMU                                  
00009629  xQueueIsQueueFullFromISR                   
00001111  xQueueReceive                              
000032d9  xQueueReceiveFromISR                       
000004a9  xQueueSemaphoreTake                        
2000fac0  xQueueSystem                               
00001db1  xSecondTimerHandler                        
00006f51  xTaskCheckForTimeOut                       
00008151  xTaskCreate                                
00009f41  xTaskGetCurrentTaskHandle                  
00009959  xTaskGetSchedulerState                     
00009f51  xTaskGetTickCount                          
00002621  xTaskIncrementTick                         
00004151  xTaskPriorityDisinherit                    
00004909  xTaskPriorityInherit                       
00006001  xTaskRemoveFromEventList                   
00003f01  xTaskResumeAll                             
00008531  xTimerCreateTimerTask                      
00007ad9  xTimerGenericCommand                       
000067e1  xTraceRegisterString                       


GLOBAL SYMBOLS: SORTED BY Symbol Address 

address   name                                       
-------   ----                                       
00000000  __TI_static_base__                         
00000000  interruptVectors                           
00000149  pszTraceGetErrorNotEnoughHandles           
00000320  __STACK_SIZE                               
000004a9  xQueueSemaphoreTake                        
000007dd  _system_pre_init                           
000007e1  dataStorage                                
00000af5  C$$EXIT                                    
00000af5  abort                                      
00000af9  xQueueGenericSend                          
00001111  xQueueReceive                              
00001689  f_write                                    
00001861  prvTraceStoreKernelCallWithParam           
00001a29  f_open                                     
00001bf1  houseKeeping                               
00001db1  xSecondTimerHandler                        
000022e1  prvTraceStoreKernelCall                    
00002481  MMC_disk_ioctl                             
00002621  xTaskIncrementTick                         
000027b9  xQueueGenericSendFromISR                   
00002d99  MMC_disk_initialize                        
00002ef9  prvTraceGetObjectHandle                    
00003049  CS_getDCOFrequency                         
000032d9  xQueueReceiveFromISR                       
00003421  pvPortMalloc                               
000036a9  vPortSuppressTicksAndSleep                 
000037e9  uiIndexOfObject                            
00003919  xFirstTimerHandler                         
00003a49  vTaskPriorityDisinheritAfterTimeout        
00003b79  vTaskSuspend                               
00003ca9  xEventGroupWaitBits                        
00003dd9  prvTaskCreate                              
00003f01  xTaskResumeAll                             
00004029  vTaskNotifyGiveFromISR                     
00004151  xTaskPriorityDisinherit                    
00004271  CS_initClockSignal                         
00004391  adcInit                                    
000045c9  vTraceInitObjectPropertyTable              
000047f9  prvTraceStoreKernelCallWithNumericParamOnly
00004909  xTaskPriorityInherit                       
00004a19  prvTraceSetObjectName                      
00004b29  readI2C                                    
00004f49  vTaskDelayUntil                            
00005149  prvTraceStoreTaskReady                     
00005241  ADC14_IRQHandler                           
00005241  updateBatteryLevel                         
00005339  uiTraceStart                               
00005509  prvTraceStoreTaskswitch                    
000056d1  prvTraceGetPriorityProperty                
000057b1  xPortStartScheduler                        
0000589d  ulPortGetIPSR                              
000058b5  xPortPendSVHandler                         
00005915  vPortSVCHandler                            
00005935  vPortStartFirstTask                        
00005959  vPortEnableVFP                             
00005969  prvTraceSetPriorityProperty                
00005a41  vTaskResume                                
00005b19  vTaskSwitchContext                         
00005cc1  main                                       
00005d91  prvTraceSetObjectState                     
00005e61  vTraceInitObjectHandleStack                
00006001  xTaskRemoveFromEventList                   
000060c1  MMC_disk_write                             
00006241  vTraceStoreMemMangEvent                    
00006301  vTaskRemoveFromUnorderedEventList          
000063b9  vUART_Handler                              
00006471  writeI2C                                   
00006525  SPI_initMaster                             
00006689  xEventGroupSetBits                         
00006739  prvTraceInitCortexM                        
000067e1  xTraceRegisterString                       
00006889  itoa                                       
00006931  vTraceEnable                               
00006b19  __aeabi_memcpy                             
00006b19  __aeabi_memcpy4                            
00006b19  __aeabi_memcpy8                            
00006b19  memcpy                                     
00006bb9  vTaskDelay                                 
00006c59  f_sync                                     
00006cf1  MMC_disk_read                              
00006eb9  setOperationMode                           
00006f51  xTaskCheckForTimeOut                       
00006fe9  prvSuspendAllTasks                         
00007079  xQueueGenericReset                         
00007109  getMotion6                                 
00007229  vPortFree                                  
000072b9  watchDogTask                               
00007461  vTaskPlaceOnEventListRestricted            
000075f9  vTaskStartScheduler                        
00007701  taskManager                                
00007781  RTC_C_getCalendarTime                      
00007801  prvTraceSetTaskInstanceFinished            
0000787d  __aeabi_memclr                             
0000787d  __aeabi_memclr4                            
0000787d  __aeabi_memclr8                            
0000787f  __aeabi_memset                             
0000787f  __aeabi_memset4                            
0000787f  __aeabi_memset8                            
00007885  memset                                     
000078f9  ADC14_getMultiSequenceResult               
00007a61  xQueueGenericCreate                        
00007ad9  xTimerGenericCommand                       
00007edd  I2C_masterSendMultiByteStart               
00007f49  SystemInit                                 
00007fb1  __TI_decompress_lzss                       
00008019  initSD                                     
000080e9  vPortSetupTimerInterrupt                   
00008151  xTaskCreate                                
00008221  prvResumeAllTasks                          
000082f1  vPortValidateInterruptPriority             
000083b9  writeBits                                  
00008479  vTaskPlaceOnUnorderedEventList             
000084d9  ttcTask                                    
00008531  xTimerCreateTimerTask                      
000085e1  GPIO_setAsPeripheralModuleFunctionInputPin 
00008639  GPIO_setAsPeripheralModuleFunctionOutputPin
00008691  SysCtl_getTLVInfo                          
000086e9  getTemperature                             
000087f1  prvTracePortGetTimeStamp                   
00008849  vPreSleepProcessing                        
000088f9  SPI_Init                                   
00008a39  writeBit                                   
00008b29  f_mount                                    
00008ca9  vQueueWaitForMessageRestricted             
00008cf1  __TI_auto_init_nobinit_nopinit             
00008d39  getLocalTime                               
00008d81  prvQueueDataCreate                         
00008dc5  __aeabi_d2uiz                              
00008e09  initI2C                                    
00008e89  vPostSleepProcessing                       
00008f09  eTaskConfirmSleepModeStatus                
00008f89  prvTraceError                              
00009049  vPortEnterCritical                         
00009105  _c_int00_noargs                            
00009179  vTaskPlaceOnEventList                      
000091b1  SPI_Read                                   
000091e9  SPI_Write                                  
00009221  aodcsTask                                  
00009259  cameraTask                                 
000092c9  hibernate                                  
00009339  pptTask                                    
00009371  vListInsert                                
000093a9  vT32_0_Handler                             
000093e1  vT32_1_Handler                             
00009419  vTaskStepTick                              
00009481  vPortExitCritical                          
000094b1  CS_setDCOCenteredFrequency                 
000094e1  GPIO_setAsInputPinWithPullUpResistor       
00009511  configWakeUpPin                            
00009571  pxPortInitialiseStack                      
000095cd  strncmp                                    
000095f9  xPortSysTickHandler                        
00009629  xQueueIsQueueFullFromISR                   
00009659  GPIO_Init                                  
000096f9  uxListRemove                               
00009721  CS_clearInterruptFlag                      
00009771  vTraceStop                                 
000097c1  disk_read                                  
000097e9  disk_write                                 
00009839  GPIO_setAsOutputPin                        
00009859  MPU9250_initialize                         
00009879  SysCtl_setWDTTimeoutResetType              
00009879  WDT_A_setTimeoutReset                      
00009899  disk_ioctl                                 
000098b9  prvCalendarConfiguration                   
000098d9  prvMarkObjectAsUsed                        
00009959  xTaskGetSchedulerState                     
00009999  vListInitialise                            
000099b9  ADC14_getResult                            
00009a19  vTracePrintF                               
00009ab9  prvTraceSetQueueNumberHigh16               
00009ad9  prvTraceSetQueueNumberLow16                
00009af9  prvTraceSetTaskNumberHigh16                
00009b19  prvTraceSetTaskNumberLow16                 
00009b39  xEventGroupCreate                          
00009b59  CS_getMCLK                                 
00009b89  disk_initialize                            
00009ba1  disk_status                                
00009bb9  pvTaskIncrementMutexHeldCount              
00009c01  uxTaskResetEventItemValue                  
00009c19  vListInsertEnd                             
00009c31  vTaskInternalSetTimeOutState               
00009c79  xQueueCreateMutex                          
00009c91  GPIO_clearInterruptFlag                    
00009ca9  GPIO_enableInterrupt                       
00009cc1  GPIO_setOutputLowOnPin                     
00009cd9  GPIO_toggleOutputOnPin                     
00009d69  vApplicationMallocFailedHook               
00009d81  vApplicationStackOverflowHook              
00009d99  GPIO_High                                  
00009da9  GPIO_Low                                   
00009db9  MPU9250_getMotion9                         
00009dc9  prvWatchDogEventGroupCreate                
00009dd9  setWatchDogBit_AODCS                       
00009de9  setWatchDogBit_CAMERA                      
00009df9  setWatchDogBit_DATASTORAGE                 
00009e09  setWatchDogBit_HOUSEKEEPING                
00009e19  setWatchDogBit_PPT                         
00009e29  setWatchDogBit_TTC                         
00009e39  vApplicationIdleHook                       
00009e49  vTaskSuspendAll                            
00009e59  __TI_decompress_none                       
00009e79  MMC_disk_status                            
00009e89  MPU9250_setClockSource                     
00009e99  SysCtl_getTempCalibrationConstant          
00009eb5  __TI_zero_init                             
00009ee1  prvTraceGetQueueNumberHigh16               
00009ef1  prvTraceGetTaskNumberHigh16                
00009f11  setFullScaleAccelRange                     
00009f21  setFullScaleGyroRange                      
00009f31  vTaskMissedYield                           
00009f41  prvTraceGetCurrentTaskHandle               
00009f41  xTaskGetCurrentTaskHandle                  
00009f51  xTaskGetTickCount                          
00009f61  prvTraceGetQueueNumberLow16                
00009f71  prvTraceGetTaskNumberLow16                 
00009f81  setSleepEnabled                            
00009f91  uxTaskGetTaskNumber                        
00009fa1  prvTraceGetQueueType                       
00009fa1  ucQueueGetQueueType                        
00009fa9  vListInitialiseItem                        
00009fb1  vTaskSetTaskNumber                         
00009fb9  get_fattime                                
00009fc1  prvTraceGetQueueNumber                     
00009fc1  uxQueueGetQueueNumber                      
00009fc9  vQueueSetQueueNumber                       
00009fd1  vTraceStart                                
00009ff1  vApplicationTickHook                       
0000a074  i2cConfig                                  
0000a094  ulMaxSyscallInterruptPriority              
0000a114  __TI_Handler_Table_Base                    
0000a120  __TI_Handler_Table_Limit                   
0000a128  __TI_CINIT_Base                            
0000a138  __TI_CINIT_Limit                           
2000c800  RecorderData                               
2000f0b8  sdDriver                                   
2000f2e8  file                                       
2000f510  obcData                                    
2000f5f8  imuData                                    
2000f637  fResult                                    
2000f6e0  bufferIMU                                  
2000f6f0  resultsBuffer                              
2000f730  buffer                                     
2000f738  localTime                                  
2000f73e  cal30                                      
2000f744  WATCHDOG_EVENT_GROUP                       
2000f748  bw                                         
2000f74c  clock                                      
2000f750  flag_lowBattery                            
2000f754  flag_systemMode                            
2000f758  init_hwtc_count                            
2000f75c  taskHandlerAodcs                           
2000f760  taskHandlerCamera                          
2000f764  taskHandlerDataStorage                     
2000f768  taskHandlerHouseKeeping                    
2000f76c  taskHandlerPpt                             
2000f770  taskHandlerTtc                             
2000f774  taskHandlerWatchDog                        
2000f778  cal85                                      
2000f77a  calDifference                              
2000f77c  stateChanel                                
2000f910  objectHandleStacks                         
2000f99e  MPU9250_devAddr                            
2000f9a0  isPendingContextSwitch                     
2000f9a8  uiTraceTickCount                           
2000f9ac  trace_disable_timestamp                    
2000f9b4  recorder_busy                              
2000f9b8  timestampFrequency                         
2000f9bc  traceErrorMessage                          
2000f9c0  nISRactive                                 
2000f9c1  handle_of_last_logged_task                 
2000f9c4  vTraceStopHookPtr                          
2000f9c8  CurrentFilterMask                          
2000f9ca  CurrentFilterGroup                         
2000f9d0  RecorderDataPtr                            
2000fa20  pxCurrentTCB                               
2000fa84  SPI0MasterConfig                           
2000fab8  xQueueIMU                                  
2000fabc  xQueueDataObc                              
2000fac0  xQueueSystem                               
2000fac4  semaphoreIMU                               
2000fac8  semaphoreSystem                            
2000facc  batteryValue                               
2000face  adcInitDelay                               
2000facf  wakeState                                  
2000fafc  TraceQueueClassTable                       
2000fce0  __stack                                    
20010000  __STACK_END                                
4000480c  WDTCTL_SYM                                 
ffffffff  __TI_pprof_out_hndl                        
ffffffff  __TI_prof_data_size                        
ffffffff  __TI_prof_data_start                       
ffffffff  __binit__                                  
ffffffff  __c_args__                                 
ffffffff  binit                                      
UNDEFED   __mpu_init                                 
UNDEFED   _system_post_cinit                         

[297 symbols]
