******************************************************************************
                  TI ARM Linker PC v18.1.1                     
******************************************************************************
>> Linked Fri Jun 21 15:24:48 2019

OUTPUT FILE NAME:   <Firmware_OBC.out>
ENTRY POINT SYMBOL: "_c_int00_noargs"  address: 00008885


MEMORY CONFIGURATION

         name            origin    length      used     unused   attr    fill
----------------------  --------  ---------  --------  --------  ----  --------
  MAIN                  00000000   0003f000  00009ad2  0003552e  R  X
  MYDATA                0003f000   00001000  00000000  00001000  R  X
  INFO                  00200000   00004000  00000000  00004000  R  X
  SRAM_CODE             01000000   00010000  0000ee79  00001187  RW X
  SRAM_DATA             20000000   00010000  0000ee79  00001187  RW  


SEGMENT ALLOCATION MAP

run origin  load origin   length   init length attrs members
----------  ----------- ---------- ----------- ----- -------
00000000    00000000    00009ad8   00009ad8    r-x
  00000000    00000000    00000144   00000144    r-- .intvecs
  00000148    00000148    00009852   00009852    r-x .text
  0000999c    0000999c    000000ac   000000ac    r-- .const
  00009a48    00009a48    00000090   00000090    r-- .cinit
20000000    20000000    0000eb59   00000000    rw-
  20000000    20000000    0000e7d8   00000000    rw- .bss
  2000e7d8    2000e7d8    00000381   00000000    rw- .data
2000fce0    2000fce0    00000320   00000000    rw-
  2000fce0    2000fce0    00000320   00000000    rw- .stack


SECTION ALLOCATION MAP

 output                                  attributes/
section   page    origin      length       input sections
--------  ----  ----------  ----------   ----------------
.intvecs   0    00000000    00000144     
                  00000000    00000144     msp432_startup_ccs.obj (.intvecs:retain)

.text      0    00000148    00009852     
                  00000148    0000035e     trcKernelPort.obj (.text:pszTraceGetErrorNotEnoughHandles)
                  000004a6    00000002     --HOLE-- [fill = 0]
                  000004a8    00000334     queue.obj (.text:xQueueSemaphoreTake)
                  000007dc    00000004     rtsv7M4_T_le_v4SPD16_eabi.lib : pre_init.c.obj (.text:_system_pre_init)
                  000007e0    00000310     dataStorage.obj (.text:dataStorage)
                  00000af0    0000030c     queue.obj (.text:xQueueGenericSend)
                  00000dfc    00000004     rtsv7M4_T_le_v4SPD16_eabi.lib : exit.c.obj (.text:abort:abort)
                  00000e00    00000304     ff.obj (.text:find_volume)
                  00001104    00000004     --HOLE-- [fill = 0]
                  00001108    000002ec     queue.obj (.text:xQueueReceive)
                  000013f4    00000004     --HOLE-- [fill = 0]
                  000013f8    00000216     pcm.obj (.text:__PCM_setPowerStateAdvanced)
                  0000160e    00000002     --HOLE-- [fill = 0]
                  00001610    000001e0     houseKeeping.obj (.text:houseKeeping)
                  000017f0    000001d2     ff.obj (.text:f_write)
                  000019c2    00000006     --HOLE-- [fill = 0]
                  000019c8    000001c8     trcSnapshotRecorder.obj (.text:prvTraceStoreKernelCallWithParam)
                  00001b90    000001c6     ff.obj (.text:f_open)
                  00001d56    00000002     --HOLE-- [fill = 0]
                  00001d58    000001c0     IntQueue.obj (.text:xSecondTimerHandler)
                  00001f18    000001b0     trcSnapshotRecorder.obj (.text:prvTraceInitTraceData)
                  000020c8    000001a0     trcSnapshotRecorder.obj (.text:prvTraceStoreKernelCall)
                  00002268    0000019c     mmc_MSP432P401r.obj (.text:MMC_disk_ioctl)
                  00002404    00000004     --HOLE-- [fill = 0]
                  00002408    00000198     tasks.obj (.text:xTaskIncrementTick)
                  000025a0    00000188     queue.obj (.text:xQueueGenericSendFromISR)
                  00002728    00000184     trcSnapshotRecorder.obj (.text:prvTraceGetDTS)
                  000028ac    00000160     msp432p4xx_driverlib.lib : adc14.o (.text:_getIndexForMemRegister)
                  00002a0c    00000004     --HOLE-- [fill = 0]
                  00002a10    0000015c     mmc_MSP432P401r.obj (.text:MMC_disk_initialize)
                  00002b6c    00000004     --HOLE-- [fill = 0]
                  00002b70    0000014c     trcSnapshotRecorder.obj (.text:prvTraceGetObjectHandle)
                  00002cbc    00000004     --HOLE-- [fill = 0]
                  00002cc0    00000148     cs.obj (.text:CS_getDCOFrequency)
                  00002e08    00000148     trcSnapshotRecorder.obj (.text:prvCheckDataToBeOverwrittenForMultiEntryEvents)
                  00002f50    00000148     queue.obj (.text:xQueueReceiveFromISR)
                  00003098    00000144     heap_4.obj (.text:pvPortMalloc)
                  000031dc    00000004     --HOLE-- [fill = 0]
                  000031e0    00000140     tasks.obj (.text:prvAddNewTaskToReadyList)
                  00003320    00000134     port.obj (.text:vPortSuppressTicksAndSleep)
                  00003454    00000004     --HOLE-- [fill = 0]
                  00003458    00000130     trcSnapshotRecorder.obj (.text:uiIndexOfObject)
                  00003588    00000130     IntQueue.obj (.text:xFirstTimerHandler)
                  000036b8    0000012c     tasks.obj (.text:vTaskPriorityDisinheritAfterTimeout)
                  000037e4    00000004     --HOLE-- [fill = 0]
                  000037e8    0000012c     event_groups.obj (.text:xEventGroupWaitBits)
                  00003914    00000004     --HOLE-- [fill = 0]
                  00003918    00000128     tasks.obj (.text:xTaskResumeAll)
                  00003a40    00000124     tasks.obj (.text:vTaskNotifyGiveFromISR)
                  00003b64    00000004     --HOLE-- [fill = 0]
                  00003b68    00000120     tasks.obj (.text:xTaskPriorityDisinherit)
                  00003c88    0000011c     cs.obj (.text:CS_initClockSignal)
                  00003da4    00000004     --HOLE-- [fill = 0]
                  00003da8    00000118     trcKernelPort.obj (.text:vTraceInitObjectPropertyTable)
                  00003ec0    00000114     cs.obj (.text:_CSComputeCLKFrequency)
                  00003fd4    00000004     --HOLE-- [fill = 0]
                  00003fd8    00000110     trcSnapshotRecorder.obj (.text:prvTraceStoreKernelCallWithNumericParamOnly)
                  000040e8    00000110     tasks.obj (.text:xTaskPriorityInherit)
                  000041f8    0000010c     taskManager.obj (.text:prvTaskCreate)
                  00004304    00000004     --HOLE-- [fill = 0]
                  00004308    0000010c     trcSnapshotRecorder.obj (.text:prvTraceSetObjectName)
                  00004414    00000004     --HOLE-- [fill = 0]
                  00004418    0000010c     MPU9250.obj (.text:readI2C)
                  00004524    00000004     --HOLE-- [fill = 0]
                  00004528    00000108     pcm.obj (.text:__PCM_setPowerModeAdvanced)
                  00004630    00000104     ff.obj (.text:create_chain)
                  00004734    00000004     --HOLE-- [fill = 0]
                  00004738    00000103     ff.obj (.text:create_name)
                  0000483b    00000005     --HOLE-- [fill = 0]
                  00004840    00000100     timers.obj (.text:prvProcessReceivedCommands)
                  00004940    00000100     tasks.obj (.text:vTaskDelayUntil)
                  00004a40    000000fa     ff.obj (.text:put_fat)
                  00004b3a    00000006     --HOLE-- [fill = 0]
                  00004b40    000000f4     trcSnapshotRecorder.obj (.text:prvTraceStoreTaskReady)
                  00004c34    00000004     --HOLE-- [fill = 0]
                  00004c38    000000e8     trcSnapshotRecorder.obj (.text:uiTraceStart)
                  00004d20    000000e6     ff.obj (.text:dir_next)
                  00004e06    00000002     --HOLE-- [fill = 0]
                  00004e08    000000e4     trcSnapshotRecorder.obj (.text:prvTraceStoreTaskswitch)
                  00004eec    00000004     --HOLE-- [fill = 0]
                  00004ef0    000000dc     trcSnapshotRecorder.obj (.text:prvTraceGetPriorityProperty)
                  00004fcc    00000004     --HOLE-- [fill = 0]
                  00004fd0    000000dc     port.obj (.text:xPortStartScheduler)
                  000050ac    000000da     portasm.obj (.text)
                  00005186    00000002     --HOLE-- [fill = 0]
                  00005188    000000d8     houseKeeping.obj (.text:adcInit)
                  00005260    000000d8     trcSnapshotRecorder.obj (.text:prvTraceSetPriorityProperty)
                  00005338    000000d4     tasks.obj (.text:vTaskSwitchContext)
                  0000540c    00000004     --HOLE-- [fill = 0]
                  00005410    000000d0     pcm.obj (.text:__PCM_setCoreVoltageLevelAdvanced)
                  000054e0    000000d0     trcSnapshotRecorder.obj (.text:prvTraceGetObjectState)
                  000055b0    000000cc     trcSnapshotRecorder.obj (.text:prvTraceSetObjectState)
                  0000567c    00000004     --HOLE-- [fill = 0]
                  00005680    000000cc     trcKernelPort.obj (.text:vTraceInitObjectHandleStack)
                  0000574c    00000004     --HOLE-- [fill = 0]
                  00005750    000000ca     ff.obj (.text:get_fat)
                  0000581a    00000006     --HOLE-- [fill = 0]
                  00005820    000000c4     taskManager.obj (.text:updateBatteryLevel)
                  000058e4    00000004     --HOLE-- [fill = 0]
                  000058e8    000000c0     tasks.obj (.text:xTaskRemoveFromEventList)
                  000059a8    000000bc     mmc_MSP432P401r.obj (.text:MMC_disk_write)
                  00005a64    00000004     --HOLE-- [fill = 0]
                  00005a68    000000bc     queue.obj (.text:prvInitialiseNewQueue)
                  00005b24    00000004     --HOLE-- [fill = 0]
                  00005b28    000000bc     trcSnapshotRecorder.obj (.text:vTraceStoreMemMangEvent)
                  00005be4    00000004     --HOLE-- [fill = 0]
                  00005be8    000000b4     tasks.obj (.text:vTaskRemoveFromUnorderedEventList)
                  00005c9c    00000004     --HOLE-- [fill = 0]
                  00005ca0    000000b4     serial.obj (.text:vUART_Handler)
                  00005d54    00000004     --HOLE-- [fill = 0]
                  00005d58    000000b4     MPU9250.obj (.text:writeI2C)
                  00005e0c    000000b0     msp432p4xx_driverlib.lib : spi.o (.text:SPI_initMaster)
                  00005ebc    00000004     --HOLE-- [fill = 0]
                  00005ec0    000000ae     tasks.obj (.text:prvInitialiseNewTask)
                  00005f6e    00000002     --HOLE-- [fill = 0]
                  00005f70    000000ae     event_groups.obj (.text:xEventGroupSetBits)
                  0000601e    00000002     --HOLE-- [fill = 0]
                  00006020    000000a8     msp432p4xx_driverlib.lib : adc14.o (.text:ADC14_configureMultiSequenceMode)
                  000060c8    000000a8     trcSnapshotRecorder.obj (.text:prvTraceInitCortexM)
                  00006170    000000a4     msp432p4xx_driverlib.lib : adc14.o (.text:ADC14_configureConversionMemory)
                  00006214    00000004     --HOLE-- [fill = 0]
                  00006218    000000a4     itoa.obj (.text:itoa)
                  000062bc    00000004     --HOLE-- [fill = 0]
                  000062c0    000000a4     trcSnapshotRecorder.obj (.text:vTraceEnable)
                  00006364    00000004     --HOLE-- [fill = 0]
                  00006368    000000a0     ff.obj (.text:dir_sdi)
                  00006408    0000009c     rtsv7M4_T_le_v4SPD16_eabi.lib : memcpy_t2.asm.obj (.text)
                  000064a4    00000004     --HOLE-- [fill = 0]
                  000064a8    0000009c     tasks.obj (.text:vTaskDelay)
                  00006544    00000004     --HOLE-- [fill = 0]
                  00006548    00000098     ff.obj (.text:f_sync)
                  000065e0    00000094     mmc_MSP432P401r.obj (.text:MMC_disk_read)
                  00006674    00000094     msp432p4xx_driverlib.lib : rtc_c.o (.text:RTC_C_initCalendar)
                  00006708    00000094     timers.obj (.text:prvSwitchTimerLists)
                  0000679c    00000004     --HOLE-- [fill = 0]
                  000067a0    00000094     trcSnapshotRecorder.obj (.text:prvTraceGetParam)
                  00006834    00000004     --HOLE-- [fill = 0]
                  00006838    00000094     tasks.obj (.text:xTaskCheckForTimeOut)
                  000068cc    00000004     --HOLE-- [fill = 0]
                  000068d0    00000090     queue.obj (.text:xQueueGenericReset)
                  00006960    0000008c     MPU9250.obj (.text:getMotion6)
                  000069ec    00000004     --HOLE-- [fill = 0]
                  000069f0    0000008c     ff.obj (.text:sync_fs)
                  00006a7c    00000004     --HOLE-- [fill = 0]
                  00006a80    0000008c     heap_4.obj (.text:vPortFree)
                  00006b0c    00000004     --HOLE-- [fill = 0]
                  00006b10    0000008a     ff.obj (.text:check_fs)
                  00006b9a    00000006     --HOLE-- [fill = 0]
                  00006ba0    00000088     pcm.obj (.text:PCM_gotoLPM3)
                  00006c28    00000088     tasks.obj (.text:prvAddCurrentTaskToDelayedList)
                  00006cb0    00000088     tasks.obj (.text:vTaskPlaceOnEventListRestricted)
                  00006d38    00000086     ff.obj (.text:follow_path)
                  00006dbe    00000002     --HOLE-- [fill = 0]
                  00006dc0    00000084     tasks.obj (.text:vTaskStartScheduler)
                  00006e44    00000004     --HOLE-- [fill = 0]
                  00006e48    00000080     ff.obj (.text:remove_chain)
                  00006ec8    0000007c     msp432p4xx_driverlib.lib : rtc_c.o (.text:RTC_C_getCalendarTime)
                  00006f44    00000004     --HOLE-- [fill = 0]
                  00006f48    0000007c     tasks.obj (.text:prvIdleTask)
                  00006fc4    00000004     --HOLE-- [fill = 0]
                  00006fc8    0000007c     trcSnapshotRecorder.obj (.text:prvTraceSetTaskInstanceFinished)
                  00007044    00000004     --HOLE-- [fill = 0]
                  00007048    0000007c     taskManager.obj (.text:taskManager)
                  000070c4    0000007a     rtsv7M4_T_le_v4SPD16_eabi.lib : memset_t2.asm.obj (.text)
                  0000713e    00000002     --HOLE-- [fill = 0]
                  00007140    00000078     msp432p4xx_driverlib.lib : adc14.o (.text:ADC14_getMultiSequenceResult)
                  000071b8    00000074     queue.obj (.text:xQueueGenericCreate)
                  0000722c    00000004     --HOLE-- [fill = 0]
                  00007230    00000074     timers.obj (.text:xTimerGenericCommand)
                  000072a4    00000004     --HOLE-- [fill = 0]
                  000072a8    00000070     queue.obj (.text:prvCopyDataToQueue)
                  00007318    00000070     heap_4.obj (.text:prvHeapInit)
                  00007388    00000070     tasks.obj (.text:prvInitialiseTaskLists)
                  000073f8    00000070     timers.obj (.text:prvProcessTimerOrBlockTask)
                  00007468    00000070     mmc_MSP432P401r.obj (.text:send_cmd)
                  000074d8    00000070     watchDogTask.obj (.text:watchDogTask)
                  00007548    0000006c     main.obj (.text:prvSetupHardware)
                  000075b4    00000004     --HOLE-- [fill = 0]
                  000075b8    0000006c     queue.obj (.text:prvUnlockQueue)
                  00007624    00000068     msp432p4xx_driverlib.lib : i2c.o (.text:I2C_masterSendMultiByteStart)
                  0000768c    00000004     --HOLE-- [fill = 0]
                  00007690    00000068     system_msp432p401r.obj (.text:SystemInit)
                  000076f8    00000068     rtsv7M4_T_le_v4SPD16_eabi.lib : copy_decompress_lzss.c.obj (.text:decompress:lzss:__TI_decompress_lzss)
                  00007760    00000068     heap_4.obj (.text:prvInsertBlockIntoFreeList)
                  000077c8    00000068     port.obj (.text:vPortSetupTimerInterrupt)
                  00007830    00000068     tasks.obj (.text:xTaskCreate)
                  00007898    00000066     ff.obj (.text:dir_clear)
                  000078fe    00000002     --HOLE-- [fill = 0]
                  00007900    00000064     dataStorage.obj (.text:initSD)
                  00007964    00000004     --HOLE-- [fill = 0]
                  00007968    00000064     trcSnapshotRecorder.obj (.text:prvTraceNextFreeEventBufferSlot)
                  000079cc    00000004     --HOLE-- [fill = 0]
                  000079d0    00000064     port.obj (.text:vPortValidateInterruptPriority)
                  00007a34    00000004     --HOLE-- [fill = 0]
                  00007a38    00000060     timers.obj (.text:prvProcessExpiredTimer)
                  00007a98    00000060     MPU9250.obj (.text:writeBits)
                  00007af8    00000060     mmc_MSP432P401r.obj (.text:xmit_datablock)
                  00007b58    0000005c     tasks.obj (.text:vTaskPlaceOnUnorderedEventList)
                  00007bb4    00000004     --HOLE-- [fill = 0]
                  00007bb8    00000058     main.obj (.text:prvConfigureClocks)
                  00007c10    00000058     timers.obj (.text:xTimerCreateTimerTask)
                  00007c68    00000056     ff.obj (.text:dir_find)
                  00007cbe    00000002     --HOLE-- [fill = 0]
                  00007cc0    00000054     msp432p4xx_driverlib.lib : adc14.o (.text:ADC14_initModule)
                  00007d14    00000004     --HOLE-- [fill = 0]
                  00007d18    00000054     gpio.obj (.text:GPIO_setAsPeripheralModuleFunctionInputPin)
                  00007d6c    00000004     --HOLE-- [fill = 0]
                  00007d70    00000054     gpio.obj (.text:GPIO_setAsPeripheralModuleFunctionOutputPin)
                  00007dc4    00000004     --HOLE-- [fill = 0]
                  00007dc8    00000054     sysctl.obj (.text:SysCtl_getTLVInfo)
                  00007e1c    00000004     --HOLE-- [fill = 0]
                  00007e20    00000054     tasks.obj (.text:prvCheckTasksWaitingTermination)
                  00007e74    00000004     --HOLE-- [fill = 0]
                  00007e78    00000054     timers.obj (.text:prvInsertTimerInActiveList)
                  00007ecc    00000004     --HOLE-- [fill = 0]
                  00007ed0    00000054     trcSnapshotRecorder.obj (.text:prvTracePortGetTimeStamp)
                  00007f24    00000004     --HOLE-- [fill = 0]
                  00007f28    00000052     cs.obj (.text:_CSGetDividerValue)
                  00007f7a    00000006     --HOLE-- [fill = 0]
                  00007f80    00000050     pcm.obj (.text:PCM_getCoreVoltageLevel)
                  00007fd0    00000050     SPI_Driver.obj (.text:SPI_Init)
                  00008020    00000050     cs.obj (.text:_CSGetDOCFrequency)
                  00008070    00000050     ff.obj (.text:dbc_2nd)
                  000080c0    00000050     tasks.obj (.text:prvGetExpectedIdleTime)
                  00008110    00000050     MPU9250.obj (.text:writeBit)
                  00008160    0000004e     ff.obj (.text:dir_alloc)
                  000081ae    00000002     --HOLE-- [fill = 0]
                  000081b0    0000004c     pcm.obj (.text:PCM_shutdownDevice)
                  000081fc    00000004     --HOLE-- [fill = 0]
                  00008200    0000004c     ff.obj (.text:f_mount)
                  0000824c    00000004     --HOLE-- [fill = 0]
                  00008250    0000004c     timers.obj (.text:prvCheckForValidListAndQueue)
                  0000829c    00000004     --HOLE-- [fill = 0]
                  000082a0    0000004c     mmc_MSP432P401r.obj (.text:rcvr_datablock)
                  000082ec    00000004     --HOLE-- [fill = 0]
                  000082f0    0000004c     ttcTask.obj (.text:ttcTask)
                  0000833c    00000004     --HOLE-- [fill = 0]
                  00008340    00000048     houseKeeping.obj (.text:getTemperature)
                  00008388    00000048     ff.obj (.text:get_ldnumber)
                  000083d0    00000048     houseKeeping.obj (.text:isLowBattery)
                  00008418    00000048     main.obj (.text:main)
                  00008460    00000048     ff.obj (.text:sync_window)
                  000084a8    00000048     queue.obj (.text:vQueueWaitForMessageRestricted)
                  000084f0    00000044     rtsv7M4_T_le_v4SPD16_eabi.lib : autoinit.c.obj (.text:__TI_auto_init_nobinit_nopinit:__TI_auto_init_nobinit_nopinit)
                  00008534    00000004     --HOLE-- [fill = 0]
                  00008538    00000044     dataStorage.obj (.text:getLocalTime)
                  0000857c    00000004     --HOLE-- [fill = 0]
                  00008580    00000044     taskManager.obj (.text:prvQueueDataCreate)
                  000085c4    00000004     --HOLE-- [fill = 0]
                  000085c8    00000040     MPU9250.obj (.text:initI2C)
                  00008608    00000040     msp432p4xx_driverlib.lib : spi.o (.text:is_A_Module)
                  00008648    0000003e     mmc_MSP432P401r.obj (.text:send_cmd12)
                  00008686    00000002     --HOLE-- [fill = 0]
                  00008688    0000003c     tasks.obj (.text:eTaskConfirmSleepModeStatus)
                  000086c4    00000004     --HOLE-- [fill = 0]
                  000086c8    0000003c     trcSnapshotRecorder.obj (.text:prvTraceError)
                  00008704    00000004     --HOLE-- [fill = 0]
                  00008708    0000003c     trcSnapshotRecorder.obj (.text:prvTraceUpdateCounters)
                  00008744    00000004     --HOLE-- [fill = 0]
                  00008748    0000003c     mmc_MSP432P401r.obj (.text:send_initial_clock_train)
                  00008784    00000004     --HOLE-- [fill = 0]
                  00008788    0000003c     port.obj (.text:vPortEnterCritical)
                  000087c4    00000004     --HOLE-- [fill = 0]
                  000087c8    0000003a     pcm.obj (.text:PCM_getPowerMode)
                  00008802    00000006     --HOLE-- [fill = 0]
                  00008808    0000003a     ff.obj (.text:dir_register)
                  00008842    00000006     --HOLE-- [fill = 0]
                  00008848    0000003a     ff.obj (.text:validate)
                  00008882    00000002     --HOLE-- [fill = 0]
                  00008884    00000038     rtsv7M4_T_le_v4SPD16_eabi.lib : boot_cortex_m.c.obj (.text:_c_int00_noargs:_c_int00_noargs)
                  000088bc    00000004     --HOLE-- [fill = 0]
                  000088c0    00000038     port.obj (.text:prvTaskExitError)
                  000088f8    00000038     tasks.obj (.text:vTaskPlaceOnEventList)
                  00008930    00000034     msp432p4xx_driverlib.lib : adc14.o (.text:ADC14_enableSampleTimer)
                  00008964    00000004     --HOLE-- [fill = 0]
                  00008968    00000034     SPI_Driver.obj (.text:SPI_Read)
                  0000899c    00000004     --HOLE-- [fill = 0]
                  000089a0    00000034     SPI_Driver.obj (.text:SPI_Write)
                  000089d4    00000004     --HOLE-- [fill = 0]
                  000089d8    00000034     aodcsTask.obj (.text:aodcsTask)
                  00008a0c    00000004     --HOLE-- [fill = 0]
                  00008a10    00000034     cameraTask.obj (.text:cameraTask)
                  00008a44    00000004     --HOLE-- [fill = 0]
                  00008a48    00000034     ff.obj (.text:dbc_1st)
                  00008a7c    00000004     --HOLE-- [fill = 0]
                  00008a80    00000034     ff.obj (.text:move_window)
                  00008ab4    00000004     --HOLE-- [fill = 0]
                  00008ab8    00000034     pptTask.obj (.text:pptTask)
                  00008aec    00000004     --HOLE-- [fill = 0]
                  00008af0    00000034     list.obj (.text:vListInsert)
                  00008b24    00000004     --HOLE-- [fill = 0]
                  00008b28    00000034     IntQueueTimer.obj (.text:vT32_0_Handler)
                  00008b5c    00000004     --HOLE-- [fill = 0]
                  00008b60    00000034     IntQueueTimer.obj (.text:vT32_1_Handler)
                  00008b94    00000004     --HOLE-- [fill = 0]
                  00008b98    00000034     tasks.obj (.text:vTaskStepTick)
                  00008bcc    00000030     msp432p4xx_driverlib.lib : adc14.o (.text:ADC14_setSampleHoldTime)
                  00008bfc    00000004     --HOLE-- [fill = 0]
                  00008c00    00000030     flash.obj (.text:FlashCtl_setWaitState)
                  00008c30    00000030     tasks.obj (.text:prvResetNextTaskUnblockTime)
                  00008c60    00000030     port.obj (.text:vPortExitCritical)
                  00008c90    0000002c     msp432p4xx_driverlib.lib : adc14.o (.text:ADC14_toggleConversionTrigger)
                  00008cbc    00000004     --HOLE-- [fill = 0]
                  00008cc0    0000002c     cs.obj (.text:CS_setDCOCenteredFrequency)
                  00008cec    00000004     --HOLE-- [fill = 0]
                  00008cf0    0000002c     gpio.obj (.text:GPIO_setAsInputPinWithPullUpResistor)
                  00008d1c    00000004     --HOLE-- [fill = 0]
                  00008d20    0000002c     pcm.obj (.text:PCM_gotoLPM0)
                  00008d4c    0000002c     msp432p4xx_driverlib.lib : rtc_c.o (.text:RTC_C_holdClock)
                  00008d78    0000002c                              : rtc_c.o (.text:RTC_C_startClock)
                  00008da4    00000004     --HOLE-- [fill = 0]
                  00008da8    0000002c     timers.obj (.text:prvSampleTimeNow)
                  00008dd4    00000004     --HOLE-- [fill = 0]
                  00008dd8    0000002c     port.obj (.text:pxPortInitialiseStack)
                  00008e04    00000004     --HOLE-- [fill = 0]
                  00008e08    0000002c     mmc_MSP432P401r.obj (.text:rcvr_spi)
                  00008e34    00000004     --HOLE-- [fill = 0]
                  00008e38    0000002c     port.obj (.text:xPortSysTickHandler)
                  00008e64    00000004     --HOLE-- [fill = 0]
                  00008e68    0000002c     queue.obj (.text:xQueueIsQueueFullFromISR)
                  00008e94    00000028     msp432p4xx_driverlib.lib : adc14.o (.text:ADC14_enableConversion)
                  00008ebc    00000004     --HOLE-- [fill = 0]
                  00008ec0    00000028     GPIO_Driver.obj (.text:GPIO_Init)
                  00008ee8    00000028     queue.obj (.text:prvCopyDataFromQueue)
                  00008f10    00000028     mmc_MSP432P401r.obj (.text:xmit_spi)
                  00008f38    00000026     ff.obj (.text:ld_clust)
                  00008f5e    00000002     --HOLE-- [fill = 0]
                  00008f60    00000026     list.obj (.text:uxListRemove)
                  00008f86    00000002     --HOLE-- [fill = 0]
                  00008f88    00000024     cs.obj (.text:CS_clearInterruptFlag)
                  00008fac    00000004     --HOLE-- [fill = 0]
                  00008fb0    00000024     timers.obj (.text:prvGetNextExpireTime)
                  00008fd4    00000004     --HOLE-- [fill = 0]
                  00008fd8    00000024     trcSnapshotRecorder.obj (.text:vTraceStop)
                  00008ffc    00000004     --HOLE-- [fill = 0]
                  00009000    00000024     mmc_MSP432P401r.obj (.text:wait_ready)
                  00009024    00000004     --HOLE-- [fill = 0]
                  00009028    00000022     CS_Driver.obj (.text:CS_Init)
                  0000904a    00000006     --HOLE-- [fill = 0]
                  00009050    00000022     diskio.obj (.text:disk_read)
                  00009072    00000006     --HOLE-- [fill = 0]
                  00009078    00000022     diskio.obj (.text:disk_write)
                  0000909a    00000006     --HOLE-- [fill = 0]
                  000090a0    00000022     ff.obj (.text:st_clust)
                  000090c2    00000006     --HOLE-- [fill = 0]
                  000090c8    00000020     gpio.obj (.text:GPIO_setAsOutputPin)
                  000090e8    00000020     MPU9250.obj (.text:MPU9250_initialize)
                  00009108    00000020     msp432p4xx_driverlib.lib : ref_a.o (.text:REF_A_setReferenceVoltage)
                  00009128    00000020     sysctl.obj (.text:SysCtl_setWDTTimeoutResetType)
                  00009148    00000020     diskio.obj (.text:disk_ioctl)
                  00009168    00000020     trcSnapshotRecorder.obj (.text:prvMarkObjectAsUsed)
                  00009188    00000020     IntQueue.obj (.text:prvRecordValue_NormallyEmpty)
                  000091a8    00000020     IntQueue.obj (.text:prvRecordValue_NormallyFull)
                  000091c8    00000020     trcSnapshotRecorder.obj (.text:prvStrncpy)
                  000091e8    00000020     tasks.obj (.text:xTaskGetSchedulerState)
                  00009208    0000001e     queue.obj (.text:prvIsQueueFull)
                  00009226    00000002     --HOLE-- [fill = 0]
                  00009228    0000001e     list.obj (.text:vListInitialise)
                  00009246    00000002     --HOLE-- [fill = 0]
                  00009248    0000001c     msp432p4xx_driverlib.lib : adc14.o (.text:ADC14_getResult)
                  00009264    00000004     --HOLE-- [fill = 0]
                  00009268    0000001c     ff.obj (.text:mem_cmp)
                  00009284    00000004     --HOLE-- [fill = 0]
                  00009288    0000001c     event_groups.obj (.text:prvTestWaitCondition)
                  000092a4    00000004     --HOLE-- [fill = 0]
                  000092a8    0000001a     ff.obj (.text:clst2sect)
                  000092c2    00000006     --HOLE-- [fill = 0]
                  000092c8    0000001a     queue.obj (.text:prvGetDisinheritPriorityAfterTimeout)
                  000092e2    00000006     --HOLE-- [fill = 0]
                  000092e8    0000001a     queue.obj (.text:prvIsQueueEmpty)
                  00009302    00000006     --HOLE-- [fill = 0]
                  00009308    0000001a     timers.obj (.text:prvTimerTask)
                  00009322    00000006     --HOLE-- [fill = 0]
                  00009328    0000001a     trcKernelPort.obj (.text:prvTraceSetQueueNumberHigh16)
                  00009342    00000006     --HOLE-- [fill = 0]
                  00009348    0000001a     trcKernelPort.obj (.text:prvTraceSetQueueNumberLow16)
                  00009362    00000006     --HOLE-- [fill = 0]
                  00009368    0000001a     trcKernelPort.obj (.text:prvTraceSetTaskNumberHigh16)
                  00009382    00000006     --HOLE-- [fill = 0]
                  00009388    0000001a     trcKernelPort.obj (.text:prvTraceSetTaskNumberLow16)
                  000093a2    00000006     --HOLE-- [fill = 0]
                  000093a8    0000001a     event_groups.obj (.text:xEventGroupCreate)
                  000093c2    00000006     --HOLE-- [fill = 0]
                  000093c8    00000018     cs.obj (.text:CS_getMCLK)
                  000093e0    00000018     gpio.obj (.text:GPIO_getInputPinValue)
                  000093f8    00000018     wdt_a.obj (.text:WDT_A_clearTimer)
                  00009410    00000018     wdt_a.obj (.text:WDT_A_holdTimer)
                  00009428    00000018     ff.obj (.text:chk_chr)
                  00009440    00000018     diskio.obj (.text:disk_initialize)
                  00009458    00000018     diskio.obj (.text:disk_status)
                  00009470    00000018     tasks.obj (.text:pvTaskIncrementMutexHeldCount)
                  00009488    00000018     msp432_startup_ccs.obj (.text:resetISR)
                  000094a0    00000018     ff.obj (.text:st_dword)
                  000094b8    00000018     tasks.obj (.text:uxTaskResetEventItemValue)
                  000094d0    00000018     list.obj (.text:vListInsertEnd)
                  000094e8    00000018     tasks.obj (.text:vTaskInternalSetTimeOutState)
                  00009500    00000016     ff.obj (.text:ld_dword)
                  00009516    00000002     --HOLE-- [fill = 0]
                  00009518    00000016     ff.obj (.text:mem_cpy)
                  0000952e    00000002     --HOLE-- [fill = 0]
                  00009530    00000016     queue.obj (.text:xQueueCreateMutex)
                  00009546    00000002     --HOLE-- [fill = 0]
                  00009548    00000014     gpio.obj (.text:GPIO_clearInterruptFlag)
                  0000955c    00000004     --HOLE-- [fill = 0]
                  00009560    00000014     gpio.obj (.text:GPIO_enableInterrupt)
                  00009574    00000004     --HOLE-- [fill = 0]
                  00009578    00000014     gpio.obj (.text:GPIO_setOutputHighOnPin)
                  0000958c    00000004     --HOLE-- [fill = 0]
                  00009590    00000014     gpio.obj (.text:GPIO_setOutputLowOnPin)
                  000095a4    00000004     --HOLE-- [fill = 0]
                  000095a8    00000014     gpio.obj (.text:GPIO_toggleOutputOnPin)
                  000095bc    00000004     --HOLE-- [fill = 0]
                  000095c0    00000014     wdt_a.obj (.text:WDT_A_startTimer)
                  000095d4    00000004     --HOLE-- [fill = 0]
                  000095d8    00000014     mmc_MSP432P401r.obj (.text:power_on)
                  000095ec    00000004     --HOLE-- [fill = 0]
                  000095f0    00000014     main.obj (.text:prvCalendarConfiguration)
                  00009604    00000004     --HOLE-- [fill = 0]
                  00009608    00000014     queue.obj (.text:prvInitialiseMutex)
                  0000961c    00000004     --HOLE-- [fill = 0]
                  00009620    00000014     IntQueue.obj (.text:prvQueueAccessLogError)
                  00009634    00000004     --HOLE-- [fill = 0]
                  00009638    00000012     ff.obj (.text:mem_set)
                  0000964a    00000006     --HOLE-- [fill = 0]
                  00009650    00000012     tasks.obj (.text:prvDeleteTCB)
                  00009662    00000006     --HOLE-- [fill = 0]
                  00009668    00000012     main.obj (.text:vApplicationMallocFailedHook)
                  0000967a    00000006     --HOLE-- [fill = 0]
                  00009680    00000012     main.obj (.text:vApplicationStackOverflowHook)
                  00009692    00000002     --HOLE-- [fill = 0]
                  00009694    00000010     msp432p4xx_driverlib.lib : adc14.o (.text:ADCIsConversionRunning)
                  000096a4    00000004     --HOLE-- [fill = 0]
                  000096a8    00000010     fpu.obj (.text:FPU_enableModule)
                  000096b8    00000010     GPIO_Driver.obj (.text:GPIO_High)
                  000096c8    00000010     GPIO_Driver.obj (.text:GPIO_Low)
                  000096d8    00000010     interrupt.obj (.text:Interrupt_enableMaster)
                  000096e8    00000010     MPU9250.obj (.text:MPU9250_getMotion9)
                  000096f8    00000010     pcm.obj (.text:PCM_gotoLPM4)
                  00009708    00000010     taskManager.obj (.text:prvWatchDogEventGroupCreate)
                  00009718    00000010     aodcsTask.obj (.text:setWatchDogBit_AODCS)
                  00009728    00000010     cameraTask.obj (.text:setWatchDogBit_CAMERA)
                  00009738    00000010     dataStorage.obj (.text:setWatchDogBit_DATASTORAGE)
                  00009748    00000010     houseKeeping.obj (.text:setWatchDogBit_HOUSEKEEPING)
                  00009758    00000010     pptTask.obj (.text:setWatchDogBit_PPT)
                  00009768    00000010     ttcTask.obj (.text:setWatchDogBit_TTC)
                  00009778    00000010     tasks.obj (.text:vTaskSuspendAll)
                  00009788    0000000e     rtsv7M4_T_le_v4SPD16_eabi.lib : copy_decompress_none.c.obj (.text:decompress:none:__TI_decompress_none)
                  00009796    00000002     --HOLE-- [fill = 0]
                  00009798    0000000e     ff.obj (.text:st_word)
                  000097a6    00000002     --HOLE-- [fill = 0]
                  000097a8    0000000c     msp432p4xx_driverlib.lib : adc14.o (.text:ADC14_enableModule)
                  000097b4    00000004     --HOLE-- [fill = 0]
                  000097b8    0000000c     cpu.obj (.text:CPU_cpsie)
                  000097c4    00000004     --HOLE-- [fill = 0]
                  000097c8    0000000c     mmc_MSP432P401r.obj (.text:MMC_disk_status)
                  000097d4    00000004     --HOLE-- [fill = 0]
                  000097d8    0000000c     MPU9250.obj (.text:MPU9250_setClockSource)
                  000097e4    00000004     --HOLE-- [fill = 0]
                  000097e8    0000000c     pcm.obj (.text:PCM_getPowerState)
                  000097f4    0000000c     msp432p4xx_driverlib.lib : ref_a.o (.text:REF_A_enableReferenceVoltage)
                  00009800    0000000c                              : ref_a.o (.text:REF_A_enableTempSensor)
                  0000980c    00000004     --HOLE-- [fill = 0]
                  00009810    0000000c     sysctl.obj (.text:SysCtl_getTempCalibrationConstant)
                  0000981c    00000004     --HOLE-- [fill = 0]
                  00009820    0000000c     mmc_MSP432P401r.obj (.text:chk_power)
                  0000982c    0000000c     rtsv7M4_T_le_v4SPD16_eabi.lib : copy_zero_init.c.obj (.text:decompress:ZI:__TI_zero_init)
                  00009838    0000000c     ff.obj (.text:ld_word)
                  00009844    00000004     --HOLE-- [fill = 0]
                  00009848    0000000c     mmc_MSP432P401r.obj (.text:power_off)
                  00009854    00000004     --HOLE-- [fill = 0]
                  00009858    0000000c     trcKernelPort.obj (.text:prvTraceGetQueueNumberHigh16)
                  00009864    00000004     --HOLE-- [fill = 0]
                  00009868    0000000c     trcKernelPort.obj (.text:prvTraceGetTaskNumberHigh16)
                  00009874    00000004     --HOLE-- [fill = 0]
                  00009878    0000000c     mmc_MSP432P401r.obj (.text:rcvr_spi_m)
                  00009884    00000004     --HOLE-- [fill = 0]
                  00009888    0000000c     MPU9250.obj (.text:setFullScaleAccelRange)
                  00009894    00000004     --HOLE-- [fill = 0]
                  00009898    0000000c     MPU9250.obj (.text:setFullScaleGyroRange)
                  000098a4    00000004     --HOLE-- [fill = 0]
                  000098a8    0000000c     tasks.obj (.text:vTaskMissedYield)
                  000098b4    00000004     --HOLE-- [fill = 0]
                  000098b8    0000000c     tasks.obj (.text:xTaskGetCurrentTaskHandle)
                  000098c4    00000004     --HOLE-- [fill = 0]
                  000098c8    0000000c     tasks.obj (.text:xTaskGetTickCount)
                  000098d4    00000004     --HOLE-- [fill = 0]
                  000098d8    0000000a     trcKernelPort.obj (.text:prvTraceGetQueueNumberLow16)
                  000098e2    00000006     --HOLE-- [fill = 0]
                  000098e8    0000000a     trcKernelPort.obj (.text:prvTraceGetTaskNumberLow16)
                  000098f2    00000006     --HOLE-- [fill = 0]
                  000098f8    0000000a     MPU9250.obj (.text:setSleepEnabled)
                  00009902    00000006     --HOLE-- [fill = 0]
                  00009908    0000000a     tasks.obj (.text:uxTaskGetTaskNumber)
                  00009912    00000006     --HOLE-- [fill = 0]
                  00009918    00000008     pcm.obj (.text:PCM_setCoreVoltageLevel)
                  00009920    00000008     pcm.obj (.text:PCM_setPowerMode)
                  00009928    00000008     pcm.obj (.text:PCM_setPowerState)
                  00009930    00000006     queue.obj (.text:ucQueueGetQueueType)
                  00009936    00000002     --HOLE-- [fill = 0]
                  00009938    00000006     list.obj (.text:vListInitialiseItem)
                  0000993e    00000002     --HOLE-- [fill = 0]
                  00009940    00000006     tasks.obj (.text:vTaskSetTaskNumber)
                  00009946    00000002     --HOLE-- [fill = 0]
                  00009948    00000004     cpu.obj (.text:CPU_wfi)
                  0000994c    00000004     --HOLE-- [fill = 0]
                  00009950    00000004     mmc_MSP432P401r.obj (.text:get_fattime)
                  00009954    00000004     --HOLE-- [fill = 0]
                  00009958    00000004     queue.obj (.text:uxQueueGetQueueNumber)
                  0000995c    00000004     --HOLE-- [fill = 0]
                  00009960    00000004     queue.obj (.text:vQueueSetQueueNumber)
                  00009964    00000004     --HOLE-- [fill = 0]
                  00009968    00000004     trcSnapshotRecorder.obj (.text:vTraceStart)
                  0000996c    00000004     --HOLE-- [fill = 0]
                  00009970    00000002     msp432_startup_ccs.obj (.text:defaultISR)
                  00009972    00000006     --HOLE-- [fill = 0]
                  00009978    00000002     msp432_startup_ccs.obj (.text:faultISR)
                  0000997a    00000006     --HOLE-- [fill = 0]
                  00009980    00000002     msp432_startup_ccs.obj (.text:nmiISR)
                  00009982    00000006     --HOLE-- [fill = 0]
                  00009988    00000002     main.obj (.text:vApplicationIdleHook)
                  0000998a    00000006     --HOLE-- [fill = 0]
                  00009990    00000002     main_blinky.obj (.text:vApplicationTickHook)
                  00009992    00000006     --HOLE-- [fill = 0]
                  00009998    00000002     main_blinky.obj (.text:vPreSleepProcessing)

.const     0    0000999c    000000ac     
                  0000999c    00000080     msp432p4xx_driverlib.lib : adc14.o (.const:_ctlRegs)
                  00009a1c    00000014     MPU9250.obj (.const:i2cConfig)
                  00009a30    0000000a     ff.obj (.const:.string:DbcTbl)
                  00009a3a    00000002     --HOLE-- [fill = 0]
                  00009a3c    00000008     port.obj (.const)
                  00009a44    00000004     serial.obj (.const)

.cinit     0    00009a48    00000090     
                  00009a48    0000006b     (.cinit..data.load) [load image, compression = lzss]
                  00009ab3    00000001     --HOLE-- [fill = 0]
                  00009ab4    0000000c     (__TI_handler_table)
                  00009ac0    00000008     (.cinit..bss.load) [load image, compression = zero_init]
                  00009ac8    00000010     (__TI_cinit_table)

.init_array 
*          0    00000000    00000000     UNINITIALIZED

.binit     0    00000000    00000000     

.bss       0    20000000    0000e7d8     UNINITIALIZED
                  20000000    0000c800     heap_4.obj (.bss:ucHeap)
                  2000c800    00001918     (.common:RecorderData)
                  2000e118    00000230     (.common:sdDriver)
                  2000e348    00000228     (.common:file)
                  2000e570    00000098     (.common:obcData)
                  2000e608    00000064     tasks.obj (.bss:pxReadyTasksLists)
                  2000e66c    0000003f     (.common:imuData)
                  2000e6ab    00000001     (.common:fResult)
                  2000e6ac    0000001c     main.obj (.bss:calendarConfig)
                  2000e6c8    00000014     timers.obj (.bss:xActiveTimerList1)
                  2000e6dc    00000014     timers.obj (.bss:xActiveTimerList2)
                  2000e6f0    00000014     tasks.obj (.bss:xDelayedTaskList1)
                  2000e704    00000014     tasks.obj (.bss:xDelayedTaskList2)
                  2000e718    00000014     tasks.obj (.bss:xPendingReadyList)
                  2000e72c    00000014     tasks.obj (.bss:xSuspendedTaskList)
                  2000e740    00000014     tasks.obj (.bss:xTasksWaitingTermination)
                  2000e754    00000010     (.common:bufferIMU)
                  2000e764    0000000c     houseKeeping.obj (.bss:resultsBuffer)
                  2000e770    00000009     mmc_MSP432P401r.obj (.bss)
                  2000e779    00000001     --HOLE--
                  2000e77a    00000002     ff.obj (.bss)
                  2000e77c    00000008     IntQueue.obj (.bss)
                  2000e784    00000008     cs.obj (.bss)
                  2000e78c    00000008     tasks.obj (.bss)
                  2000e794    00000008     timers.obj (.bss)
                  2000e79c    00000008     heap_4.obj (.bss:xStart)
                  2000e7a4    00000008     (.common:buffer)
                  2000e7ac    00000006     (.common:localTime)
                  2000e7b2    00000002     --HOLE--
                  2000e7b4    00000004     ff.obj (.bss:FatFs)
                  2000e7b8    00000004     (.common:WATCHDOG_EVENT_GROUP)
                  2000e7bc    00000004     (.common:bw)
                  2000e7c0    00000004     (.common:cal30)
                  2000e7c4    00000004     (.common:cal85)
                  2000e7c8    00000004     (.common:calDifference)
                  2000e7cc    00000004     (.common:flag_lowBattery)
                  2000e7d0    00000004     (.common:flag_systemMode)
                  2000e7d4    00000004     (.common:init_hwtc_count)

.data      0    2000e7d8    00000381     UNINITIALIZED
                  2000e7d8    000000c8     IntQueue.obj (.data:ucNormallyEmptyReceivedValues)
                  2000e8a0    000000c8     IntQueue.obj (.data:ucNormallyFullReceivedValues)
                  2000e968    0000008e     trcSnapshotRecorder.obj (.data:objectHandleStacks)
                  2000e9f6    00000002     MPU9250.obj (.data)
                  2000e9f8    00000044     trcSnapshotRecorder.obj (.data)
                  2000ea3c    0000003c     IntQueue.obj (.data)
                  2000ea78    00000034     tasks.obj (.data)
                  2000eaac    00000030     gpio.obj (.data:GPIO_PORT_TO_BASE)
                  2000eadc    0000001c     dataStorage.obj (.data:SPI0MasterConfig)
                  2000eaf8    00000018     port.obj (.data)
                  2000eb10    00000016     taskManager.obj (.data)
                  2000eb26    00000002     mmc_MSP432P401r.obj (.data)
                  2000eb28    00000010     heap_4.obj (.data)
                  2000eb38    00000010     serial.obj (.data)
                  2000eb48    0000000c     timers.obj (.data)
                  2000eb54    00000005     trcKernelPort.obj (.data:TraceQueueClassTable)

.stack     0    2000fce0    00000320     UNINITIALIZED
                  2000fce0    00000004     rtsv7M4_T_le_v4SPD16_eabi.lib : boot_cortex_m.c.obj (.stack)
                  2000fce4    0000031c     --HOLE--

MODULE SUMMARY

       Module                       code    ro data   rw data
       ------                       ----    -------   -------
    .\
       main.obj                     326     0         384    
    +--+----------------------------+-------+---------+---------+
       Total:                       326     0         384    
                                                             
    .\FreeRTOS_Source\
       tasks.obj                    4900    0         520    
       queue.obj                    4030    0         0      
       timers.obj                   1082    0         120    
       event_groups.obj             528     0         0      
       list.obj                     150     0         0      
    +--+----------------------------+-------+---------+---------+
       Total:                       10690   0         640    
                                                             
    .\FreeRTOS_Source\portable\CCS\ARM_CM4F\
       port.obj                     984     8         48     
       portasm.obj                  218     0         0      
    +--+----------------------------+-------+---------+---------+
       Total:                       1202    8         48     
                                                             
    .\FreeRTOS_Source\portable\MemMang\
       heap_4.obj                   680     0         102448 
    +--+----------------------------+-------+---------+---------+
       Total:                       680     0         102448 
                                                             
    .\Full_Demo\
       serial.obj                   180     4         32     
       IntQueueTimer.obj            104     0         0      
    +--+----------------------------+-------+---------+---------+
       Total:                       284     4         32     
                                                             
    .\Full_Demo\Standard_Demo_Tasks\
       IntQueue.obj                 836     0         936    
    +--+----------------------------+-------+---------+---------+
       Total:                       836     0         936    
                                                             
    .\SimplyBlinkyDemo\
       main_blinky.obj              4       0         0      
    +--+----------------------------+-------+---------+---------+
       Total:                       4       0         0      
                                                             
    .\Tracealyzer\
       trcSnapshotRecorder.obj      5948    0         13276  
       trcKernelPort.obj            1494    0         10     
    +--+----------------------------+-------+---------+---------+
       Total:                       7442    0         13286  
                                                             
    .\driverlib\
       pcm.obj                      1452    0         0      
       cs.obj                       1154    0         16     
       gpio.obj                     368     0         96     
       sysctl.obj                   128     0         0      
       wdt_a.obj                    68      0         0      
       flash.obj                    48      0         0      
       cpu.obj                      16      0         0      
       fpu.obj                      16      0         0      
       interrupt.obj                16      0         0      
    +--+----------------------------+-------+---------+---------+
       Total:                       3266    0         112    
                                                             
    .\interface\
       MPU9250.obj                  922     20        36     
    +--+----------------------------+-------+---------+---------+
       Total:                       922     20        36     
                                                             
    .\src\
       dataStorage.obj              968     0         2444   
       houseKeeping.obj             856     0         24     
       taskManager.obj              672     0         44     
       watchDogTask.obj             112     0         0      
       ttcTask.obj                  92      0         0      
       aodcsTask.obj                68      0         0      
       cameraTask.obj               68      0         0      
       pptTask.obj                  68      0         0      
       sensorTask.obj               0       0         24     
    +--+----------------------------+-------+---------+---------+
       Total:                       2904    0         2536   
                                                             
    .\system\CCS\
       msp432_startup_ccs.obj       30      324       0      
       system_msp432p401r.obj       104     0         0      
    +--+----------------------------+-------+---------+---------+
       Total:                       134     324       0      
                                                             
    .\util\
       itoa.obj                     164     0         0      
    +--+----------------------------+-------+---------+---------+
       Total:                       164     0         0      
                                                             
    .\util\Hardware\
       SPI_Driver.obj               184     0         0      
       GPIO_Driver.obj              72      0         0      
       CS_Driver.obj                34      0         0      
    +--+----------------------------+-------+---------+---------+
       Total:                       290     0         0      
                                                             
    .\util\fatfs\
       ff.obj                       4793    10        12     
       mmc_MSP432P401r.obj          1694    0         22     
       diskio.obj                   148     0         0      
    +--+----------------------------+-------+---------+---------+
       Total:                       6635    10        34     
                                                             
    C:/ti/simplelink_msp432p4_sdk_2_40_00_10/source/ti/devices/msp432p4xx/driverlib/ccs/msp432p4xx_driverlib.lib
       adc14.o                      1128    128       0      
       rtc_c.o                      360     0         0      
       spi.o                        240     0         0      
       i2c.o                        104     0         0      
       ref_a.o                      56      0         0      
    +--+----------------------------+-------+---------+---------+
       Total:                       1888    128       0      
                                                             
    C:\ti\ccsv8\tools\compiler\ti-cgt-arm_18.1.1.LTS\lib\rtsv7M4_T_le_v4SPD16_eabi.lib
       memcpy_t2.asm.obj            156     0         0      
       memset_t2.asm.obj            122     0         0      
       copy_decompress_lzss.c.obj   104     0         0      
       autoinit.c.obj               68      0         0      
       boot_cortex_m.c.obj          56      0         0      
       copy_decompress_none.c.obj   14      0         0      
       copy_zero_init.c.obj         12      0         0      
       exit.c.obj                   4       0         0      
       pre_init.c.obj               4       0         0      
    +--+----------------------------+-------+---------+---------+
       Total:                       540     0         0      
                                                             
       Stack:                       0       0         1600   
       Linker Generated:            0       143       0      
    +--+----------------------------+-------+---------+---------+
       Grand Total:                 38207   637       122092 


LINKER GENERATED COPY TABLES

__TI_cinit_table @ 00009ac8 records: 2, size/record: 8, table size: 16
	.data: load addr=00009a48, load size=0000006b bytes, run addr=2000e7d8, run size=00000381 bytes, compression=lzss
	.bss: load addr=00009ac0, load size=00000008 bytes, run addr=20000000, run size=0000e7d8 bytes, compression=zero_init


LINKER GENERATED HANDLER TABLE

__TI_handler_table @ 00009ab4 records: 3, size/record: 4, table size: 12
	index: 0, handler: __TI_decompress_lzss
	index: 1, handler: __TI_decompress_none
	index: 2, handler: __TI_zero_init


GLOBAL SYMBOLS: SORTED ALPHABETICALLY BY Name 

address   name                                       
-------   ----                                       
00006171  ADC14_configureConversionMemory            
00006021  ADC14_configureMultiSequenceMode           
00008e95  ADC14_enableConversion                     
000097a9  ADC14_enableModule                         
00008931  ADC14_enableSampleTimer                    
00007141  ADC14_getMultiSequenceResult               
00009249  ADC14_getResult                            
00007cc1  ADC14_initModule                           
00008bcd  ADC14_setSampleHoldTime                    
00008c91  ADC14_toggleConversionTrigger              
00000dfd  C$$EXIT                                    
000097b9  CPU_cpsie                                  
00009949  CPU_wfi                                    
00009029  CS_Init                                    
00008f89  CS_clearInterruptFlag                      
00002cc1  CS_getDCOFrequency                         
000093c9  CS_getMCLK                                 
00003c89  CS_initClockSignal                         
00008cc1  CS_setDCOCenteredFrequency                 
2000ea22  CurrentFilterGroup                         
2000ea20  CurrentFilterMask                          
000096a9  FPU_enableModule                           
00008c01  FlashCtl_setWaitState                      
000096b9  GPIO_High                                  
00008ec1  GPIO_Init                                  
000096c9  GPIO_Low                                   
00009549  GPIO_clearInterruptFlag                    
00009561  GPIO_enableInterrupt                       
000093e1  GPIO_getInputPinValue                      
00008cf1  GPIO_setAsInputPinWithPullUpResistor       
000090c9  GPIO_setAsOutputPin                        
00007d19  GPIO_setAsPeripheralModuleFunctionInputPin 
00007d71  GPIO_setAsPeripheralModuleFunctionOutputPin
00009579  GPIO_setOutputHighOnPin                    
00009591  GPIO_setOutputLowOnPin                     
000095a9  GPIO_toggleOutputOnPin                     
00007625  I2C_masterSendMultiByteStart               
000096d9  Interrupt_enableMaster                     
00002a11  MMC_disk_initialize                        
00002269  MMC_disk_ioctl                             
000065e1  MMC_disk_read                              
000097c9  MMC_disk_status                            
000059a9  MMC_disk_write                             
2000e9f6  MPU9250_devAddr                            
000096e9  MPU9250_getMotion9                         
000090e9  MPU9250_initialize                         
000097d9  MPU9250_setClockSource                     
00007f81  PCM_getCoreVoltageLevel                    
000087c9  PCM_getPowerMode                           
000097e9  PCM_getPowerState                          
00008d21  PCM_gotoLPM0                               
00006ba1  PCM_gotoLPM3                               
000096f9  PCM_gotoLPM4                               
00009919  PCM_setCoreVoltageLevel                    
00009921  PCM_setPowerMode                           
00009929  PCM_setPowerState                          
000081b1  PCM_shutdownDevice                         
000097f5  REF_A_enableReferenceVoltage               
00009801  REF_A_enableTempSensor                     
00009109  REF_A_setReferenceVoltage                  
00006ec9  RTC_C_getCalendarTime                      
00008d4d  RTC_C_holdClock                            
00006675  RTC_C_initCalendar                         
00008d79  RTC_C_startClock                           
2000c800  RecorderData                               
2000ea28  RecorderDataPtr                            
2000eadc  SPI0MasterConfig                           
00007fd1  SPI_Init                                   
00008969  SPI_Read                                   
000089a1  SPI_Write                                  
00005e0d  SPI_initMaster                             
00007dc9  SysCtl_getTLVInfo                          
00009811  SysCtl_getTempCalibrationConstant          
00009129  SysCtl_setWDTTimeoutResetType              
00007691  SystemInit                                 
2000eb54  TraceQueueClassTable                       
2000e7b8  WATCHDOG_EVENT_GROUP                       
4000480c  WDTCTL_SYM                                 
000093f9  WDT_A_clearTimer                           
00009411  WDT_A_holdTimer                            
00009129  WDT_A_setTimeoutReset                      
000095c1  WDT_A_startTimer                           
20010000  __STACK_END                                
00000320  __STACK_SIZE                               
00009ac8  __TI_CINIT_Base                            
00009ad8  __TI_CINIT_Limit                           
00009ab4  __TI_Handler_Table_Base                    
00009ac0  __TI_Handler_Table_Limit                   
000084f1  __TI_auto_init_nobinit_nopinit             
000076f9  __TI_decompress_lzss                       
00009789  __TI_decompress_none                       
ffffffff  __TI_pprof_out_hndl                        
ffffffff  __TI_prof_data_size                        
ffffffff  __TI_prof_data_start                       
00000000  __TI_static_base__                         
0000982d  __TI_zero_init                             
000070c5  __aeabi_memclr                             
000070c5  __aeabi_memclr4                            
000070c5  __aeabi_memclr8                            
00006409  __aeabi_memcpy                             
00006409  __aeabi_memcpy4                            
00006409  __aeabi_memcpy8                            
000070c7  __aeabi_memset                             
000070c7  __aeabi_memset4                            
000070c7  __aeabi_memset8                            
ffffffff  __binit__                                  
ffffffff  __c_args__                                 
UNDEFED   __mpu_init                                 
2000fce0  __stack                                    
00008885  _c_int00_noargs                            
UNDEFED   _system_post_cinit                         
000007dd  _system_pre_init                           
00000dfd  abort                                      
00005189  adcInit                                    
000089d9  aodcsTask                                  
2000eb24  batteryValue                               
ffffffff  binit                                      
2000e7a4  buffer                                     
2000e754  bufferIMU                                  
2000e7bc  bw                                         
2000e7c0  cal30                                      
2000e7c4  cal85                                      
2000e7c8  calDifference                              
00008a11  cameraTask                                 
000007e1  dataStorage                                
00009441  disk_initialize                            
00009149  disk_ioctl                                 
00009051  disk_read                                  
00009459  disk_status                                
00009079  disk_write                                 
00008689  eTaskConfirmSleepModeStatus                
2000e6ab  fResult                                    
00008201  f_mount                                    
00001b91  f_open                                     
00006549  f_sync                                     
000017f1  f_write                                    
2000e348  file                                       
2000e7cc  flag_lowBattery                            
2000e7d0  flag_systemMode                            
00008539  getLocalTime                               
00006961  getMotion6                                 
00008341  getTemperature                             
00009951  get_fattime                                
2000ea19  handle_of_last_logged_task                 
00001611  houseKeeping                               
00009a1c  i2cConfig                                  
2000e66c  imuData                                    
000085c9  initI2C                                    
00007901  initSD                                     
2000e7d4  init_hwtc_count                            
00000000  interruptVectors                           
000083d1  isLowBattery                               
2000e9f8  isPendingContextSwitch                     
00006219  itoa                                       
2000e7ac  localTime                                  
00008419  main                                       
00006409  memcpy                                     
000070cd  memset                                     
2000ea18  nISRactive                                 
2000e570  obcData                                    
2000e968  objectHandleStacks                         
00008ab9  pptTask                                    
000095f1  prvCalendarConfiguration                   
00009169  prvMarkObjectAsUsed                        
00008581  prvQueueDataCreate                         
000041f9  prvTaskCreate                              
000086c9  prvTraceError                              
000098b9  prvTraceGetCurrentTaskHandle               
00002b71  prvTraceGetObjectHandle                    
00004ef1  prvTraceGetPriorityProperty                
00009959  prvTraceGetQueueNumber                     
00009859  prvTraceGetQueueNumberHigh16               
000098d9  prvTraceGetQueueNumberLow16                
00009931  prvTraceGetQueueType                       
00009869  prvTraceGetTaskNumberHigh16                
000098e9  prvTraceGetTaskNumberLow16                 
000060c9  prvTraceInitCortexM                        
00007ed1  prvTracePortGetTimeStamp                   
00004309  prvTraceSetObjectName                      
000055b1  prvTraceSetObjectState                     
00005261  prvTraceSetPriorityProperty                
00009329  prvTraceSetQueueNumberHigh16               
00009349  prvTraceSetQueueNumberLow16                
00006fc9  prvTraceSetTaskInstanceFinished            
00009369  prvTraceSetTaskNumberHigh16                
00009389  prvTraceSetTaskNumberLow16                 
000020c9  prvTraceStoreKernelCall                    
00003fd9  prvTraceStoreKernelCallWithNumericParamOnly
000019c9  prvTraceStoreKernelCallWithParam           
00004b41  prvTraceStoreTaskReady                     
00004e09  prvTraceStoreTaskswitch                    
00009709  prvWatchDogEventGroupCreate                
00000149  pszTraceGetErrorNotEnoughHandles           
00003099  pvPortMalloc                               
00009471  pvTaskIncrementMutexHeldCount              
2000ea78  pxCurrentTCB                               
00008dd9  pxPortInitialiseStack                      
00004419  readI2C                                    
2000ea0c  recorder_busy                              
2000e118  sdDriver                                   
2000eb1c  semaphoreIMU                               
2000eb20  semaphoreSystem                            
00009889  setFullScaleAccelRange                     
00009899  setFullScaleGyroRange                      
000098f9  setSleepEnabled                            
00009719  setWatchDogBit_AODCS                       
00009729  setWatchDogBit_CAMERA                      
00009739  setWatchDogBit_DATASTORAGE                 
00009749  setWatchDogBit_HOUSEKEEPING                
00009759  setWatchDogBit_PPT                         
00009769  setWatchDogBit_TTC                         
00007049  taskManager                                
2000ea10  timestampFrequency                         
2000ea14  traceErrorMessage                          
2000ea04  trace_disable_timestamp                    
000082f1  ttcTask                                    
00009931  ucQueueGetQueueType                        
00003459  uiIndexOfObject                            
00004c39  uiTraceStart                               
2000ea00  uiTraceTickCount                           
00009a3c  ulMaxSyscallInterruptPriority              
000050bd  ulPortGetIPSR                              
00005821  updateBatteryLevel                         
00008f61  uxListRemove                               
00009959  uxQueueGetQueueNumber                      
00009909  uxTaskGetTaskNumber                        
000094b9  uxTaskResetEventItemValue                  
00009989  vApplicationIdleHook                       
00009669  vApplicationMallocFailedHook               
00009681  vApplicationStackOverflowHook              
00009991  vApplicationTickHook                       
00009229  vListInitialise                            
00009939  vListInitialiseItem                        
00008af1  vListInsert                                
000094d1  vListInsertEnd                             
00005179  vPortEnableVFP                             
00008789  vPortEnterCritical                         
00008c61  vPortExitCritical                          
00006a81  vPortFree                                  
00005135  vPortSVCHandler                            
000077c9  vPortSetupTimerInterrupt                   
00005155  vPortStartFirstTask                        
00003321  vPortSuppressTicksAndSleep                 
000079d1  vPortValidateInterruptPriority             
00009999  vPreSleepProcessing                        
00009961  vQueueSetQueueNumber                       
000084a9  vQueueWaitForMessageRestricted             
00008b29  vT32_0_Handler                             
00008b61  vT32_1_Handler                             
000064a9  vTaskDelay                                 
00004941  vTaskDelayUntil                            
000094e9  vTaskInternalSetTimeOutState               
000098a9  vTaskMissedYield                           
00003a41  vTaskNotifyGiveFromISR                     
000088f9  vTaskPlaceOnEventList                      
00006cb1  vTaskPlaceOnEventListRestricted            
00007b59  vTaskPlaceOnUnorderedEventList             
000036b9  vTaskPriorityDisinheritAfterTimeout        
00005be9  vTaskRemoveFromUnorderedEventList          
00009941  vTaskSetTaskNumber                         
00006dc1  vTaskStartScheduler                        
00008b99  vTaskStepTick                              
00009779  vTaskSuspendAll                            
00005339  vTaskSwitchContext                         
000062c1  vTraceEnable                               
00005681  vTraceInitObjectHandleStack                
00003da9  vTraceInitObjectPropertyTable              
00009969  vTraceStart                                
00008fd9  vTraceStop                                 
2000ea1c  vTraceStopHookPtr                          
00005b29  vTraceStoreMemMangEvent                    
00005ca1  vUART_Handler                              
000074d9  watchDogTask                               
00008111  writeBit                                   
00007a99  writeBits                                  
00005d59  writeI2C                                   
000093a9  xEventGroupCreate                          
00005f71  xEventGroupSetBits                         
000037e9  xEventGroupWaitBits                        
00003589  xFirstTimerHandler                         
000050d5  xPortPendSVHandler                         
00004fd1  xPortStartScheduler                        
00008e39  xPortSysTickHandler                        
00009531  xQueueCreateMutex                          
2000eb14  xQueueDataObc                              
000071b9  xQueueGenericCreate                        
000068d1  xQueueGenericReset                         
00000af1  xQueueGenericSend                          
000025a1  xQueueGenericSendFromISR                   
2000eb10  xQueueIMU                                  
00008e69  xQueueIsQueueFullFromISR                   
00001109  xQueueReceive                              
00002f51  xQueueReceiveFromISR                       
000004a9  xQueueSemaphoreTake                        
2000eb18  xQueueSystem                               
00001d59  xSecondTimerHandler                        
00006839  xTaskCheckForTimeOut                       
00007831  xTaskCreate                                
000098b9  xTaskGetCurrentTaskHandle                  
000091e9  xTaskGetSchedulerState                     
000098c9  xTaskGetTickCount                          
00002409  xTaskIncrementTick                         
00003b69  xTaskPriorityDisinherit                    
000040e9  xTaskPriorityInherit                       
000058e9  xTaskRemoveFromEventList                   
00003919  xTaskResumeAll                             
00007c11  xTimerCreateTimerTask                      
00007231  xTimerGenericCommand                       


GLOBAL SYMBOLS: SORTED BY Symbol Address 

address   name                                       
-------   ----                                       
00000000  __TI_static_base__                         
00000000  interruptVectors                           
00000149  pszTraceGetErrorNotEnoughHandles           
00000320  __STACK_SIZE                               
000004a9  xQueueSemaphoreTake                        
000007dd  _system_pre_init                           
000007e1  dataStorage                                
00000af1  xQueueGenericSend                          
00000dfd  C$$EXIT                                    
00000dfd  abort                                      
00001109  xQueueReceive                              
00001611  houseKeeping                               
000017f1  f_write                                    
000019c9  prvTraceStoreKernelCallWithParam           
00001b91  f_open                                     
00001d59  xSecondTimerHandler                        
000020c9  prvTraceStoreKernelCall                    
00002269  MMC_disk_ioctl                             
00002409  xTaskIncrementTick                         
000025a1  xQueueGenericSendFromISR                   
00002a11  MMC_disk_initialize                        
00002b71  prvTraceGetObjectHandle                    
00002cc1  CS_getDCOFrequency                         
00002f51  xQueueReceiveFromISR                       
00003099  pvPortMalloc                               
00003321  vPortSuppressTicksAndSleep                 
00003459  uiIndexOfObject                            
00003589  xFirstTimerHandler                         
000036b9  vTaskPriorityDisinheritAfterTimeout        
000037e9  xEventGroupWaitBits                        
00003919  xTaskResumeAll                             
00003a41  vTaskNotifyGiveFromISR                     
00003b69  xTaskPriorityDisinherit                    
00003c89  CS_initClockSignal                         
00003da9  vTraceInitObjectPropertyTable              
00003fd9  prvTraceStoreKernelCallWithNumericParamOnly
000040e9  xTaskPriorityInherit                       
000041f9  prvTaskCreate                              
00004309  prvTraceSetObjectName                      
00004419  readI2C                                    
00004941  vTaskDelayUntil                            
00004b41  prvTraceStoreTaskReady                     
00004c39  uiTraceStart                               
00004e09  prvTraceStoreTaskswitch                    
00004ef1  prvTraceGetPriorityProperty                
00004fd1  xPortStartScheduler                        
000050bd  ulPortGetIPSR                              
000050d5  xPortPendSVHandler                         
00005135  vPortSVCHandler                            
00005155  vPortStartFirstTask                        
00005179  vPortEnableVFP                             
00005189  adcInit                                    
00005261  prvTraceSetPriorityProperty                
00005339  vTaskSwitchContext                         
000055b1  prvTraceSetObjectState                     
00005681  vTraceInitObjectHandleStack                
00005821  updateBatteryLevel                         
000058e9  xTaskRemoveFromEventList                   
000059a9  MMC_disk_write                             
00005b29  vTraceStoreMemMangEvent                    
00005be9  vTaskRemoveFromUnorderedEventList          
00005ca1  vUART_Handler                              
00005d59  writeI2C                                   
00005e0d  SPI_initMaster                             
00005f71  xEventGroupSetBits                         
00006021  ADC14_configureMultiSequenceMode           
000060c9  prvTraceInitCortexM                        
00006171  ADC14_configureConversionMemory            
00006219  itoa                                       
000062c1  vTraceEnable                               
00006409  __aeabi_memcpy                             
00006409  __aeabi_memcpy4                            
00006409  __aeabi_memcpy8                            
00006409  memcpy                                     
000064a9  vTaskDelay                                 
00006549  f_sync                                     
000065e1  MMC_disk_read                              
00006675  RTC_C_initCalendar                         
00006839  xTaskCheckForTimeOut                       
000068d1  xQueueGenericReset                         
00006961  getMotion6                                 
00006a81  vPortFree                                  
00006ba1  PCM_gotoLPM3                               
00006cb1  vTaskPlaceOnEventListRestricted            
00006dc1  vTaskStartScheduler                        
00006ec9  RTC_C_getCalendarTime                      
00006fc9  prvTraceSetTaskInstanceFinished            
00007049  taskManager                                
000070c5  __aeabi_memclr                             
000070c5  __aeabi_memclr4                            
000070c5  __aeabi_memclr8                            
000070c7  __aeabi_memset                             
000070c7  __aeabi_memset4                            
000070c7  __aeabi_memset8                            
000070cd  memset                                     
00007141  ADC14_getMultiSequenceResult               
000071b9  xQueueGenericCreate                        
00007231  xTimerGenericCommand                       
000074d9  watchDogTask                               
00007625  I2C_masterSendMultiByteStart               
00007691  SystemInit                                 
000076f9  __TI_decompress_lzss                       
000077c9  vPortSetupTimerInterrupt                   
00007831  xTaskCreate                                
00007901  initSD                                     
000079d1  vPortValidateInterruptPriority             
00007a99  writeBits                                  
00007b59  vTaskPlaceOnUnorderedEventList             
00007c11  xTimerCreateTimerTask                      
00007cc1  ADC14_initModule                           
00007d19  GPIO_setAsPeripheralModuleFunctionInputPin 
00007d71  GPIO_setAsPeripheralModuleFunctionOutputPin
00007dc9  SysCtl_getTLVInfo                          
00007ed1  prvTracePortGetTimeStamp                   
00007f81  PCM_getCoreVoltageLevel                    
00007fd1  SPI_Init                                   
00008111  writeBit                                   
000081b1  PCM_shutdownDevice                         
00008201  f_mount                                    
000082f1  ttcTask                                    
00008341  getTemperature                             
000083d1  isLowBattery                               
00008419  main                                       
000084a9  vQueueWaitForMessageRestricted             
000084f1  __TI_auto_init_nobinit_nopinit             
00008539  getLocalTime                               
00008581  prvQueueDataCreate                         
000085c9  initI2C                                    
00008689  eTaskConfirmSleepModeStatus                
000086c9  prvTraceError                              
00008789  vPortEnterCritical                         
000087c9  PCM_getPowerMode                           
00008885  _c_int00_noargs                            
000088f9  vTaskPlaceOnEventList                      
00008931  ADC14_enableSampleTimer                    
00008969  SPI_Read                                   
000089a1  SPI_Write                                  
000089d9  aodcsTask                                  
00008a11  cameraTask                                 
00008ab9  pptTask                                    
00008af1  vListInsert                                
00008b29  vT32_0_Handler                             
00008b61  vT32_1_Handler                             
00008b99  vTaskStepTick                              
00008bcd  ADC14_setSampleHoldTime                    
00008c01  FlashCtl_setWaitState                      
00008c61  vPortExitCritical                          
00008c91  ADC14_toggleConversionTrigger              
00008cc1  CS_setDCOCenteredFrequency                 
00008cf1  GPIO_setAsInputPinWithPullUpResistor       
00008d21  PCM_gotoLPM0                               
00008d4d  RTC_C_holdClock                            
00008d79  RTC_C_startClock                           
00008dd9  pxPortInitialiseStack                      
00008e39  xPortSysTickHandler                        
00008e69  xQueueIsQueueFullFromISR                   
00008e95  ADC14_enableConversion                     
00008ec1  GPIO_Init                                  
00008f61  uxListRemove                               
00008f89  CS_clearInterruptFlag                      
00008fd9  vTraceStop                                 
00009029  CS_Init                                    
00009051  disk_read                                  
00009079  disk_write                                 
000090c9  GPIO_setAsOutputPin                        
000090e9  MPU9250_initialize                         
00009109  REF_A_setReferenceVoltage                  
00009129  SysCtl_setWDTTimeoutResetType              
00009129  WDT_A_setTimeoutReset                      
00009149  disk_ioctl                                 
00009169  prvMarkObjectAsUsed                        
000091e9  xTaskGetSchedulerState                     
00009229  vListInitialise                            
00009249  ADC14_getResult                            
00009329  prvTraceSetQueueNumberHigh16               
00009349  prvTraceSetQueueNumberLow16                
00009369  prvTraceSetTaskNumberHigh16                
00009389  prvTraceSetTaskNumberLow16                 
000093a9  xEventGroupCreate                          
000093c9  CS_getMCLK                                 
000093e1  GPIO_getInputPinValue                      
000093f9  WDT_A_clearTimer                           
00009411  WDT_A_holdTimer                            
00009441  disk_initialize                            
00009459  disk_status                                
00009471  pvTaskIncrementMutexHeldCount              
000094b9  uxTaskResetEventItemValue                  
000094d1  vListInsertEnd                             
000094e9  vTaskInternalSetTimeOutState               
00009531  xQueueCreateMutex                          
00009549  GPIO_clearInterruptFlag                    
00009561  GPIO_enableInterrupt                       
00009579  GPIO_setOutputHighOnPin                    
00009591  GPIO_setOutputLowOnPin                     
000095a9  GPIO_toggleOutputOnPin                     
000095c1  WDT_A_startTimer                           
000095f1  prvCalendarConfiguration                   
00009669  vApplicationMallocFailedHook               
00009681  vApplicationStackOverflowHook              
000096a9  FPU_enableModule                           
000096b9  GPIO_High                                  
000096c9  GPIO_Low                                   
000096d9  Interrupt_enableMaster                     
000096e9  MPU9250_getMotion9                         
000096f9  PCM_gotoLPM4                               
00009709  prvWatchDogEventGroupCreate                
00009719  setWatchDogBit_AODCS                       
00009729  setWatchDogBit_CAMERA                      
00009739  setWatchDogBit_DATASTORAGE                 
00009749  setWatchDogBit_HOUSEKEEPING                
00009759  setWatchDogBit_PPT                         
00009769  setWatchDogBit_TTC                         
00009779  vTaskSuspendAll                            
00009789  __TI_decompress_none                       
000097a9  ADC14_enableModule                         
000097b9  CPU_cpsie                                  
000097c9  MMC_disk_status                            
000097d9  MPU9250_setClockSource                     
000097e9  PCM_getPowerState                          
000097f5  REF_A_enableReferenceVoltage               
00009801  REF_A_enableTempSensor                     
00009811  SysCtl_getTempCalibrationConstant          
0000982d  __TI_zero_init                             
00009859  prvTraceGetQueueNumberHigh16               
00009869  prvTraceGetTaskNumberHigh16                
00009889  setFullScaleAccelRange                     
00009899  setFullScaleGyroRange                      
000098a9  vTaskMissedYield                           
000098b9  prvTraceGetCurrentTaskHandle               
000098b9  xTaskGetCurrentTaskHandle                  
000098c9  xTaskGetTickCount                          
000098d9  prvTraceGetQueueNumberLow16                
000098e9  prvTraceGetTaskNumberLow16                 
000098f9  setSleepEnabled                            
00009909  uxTaskGetTaskNumber                        
00009919  PCM_setCoreVoltageLevel                    
00009921  PCM_setPowerMode                           
00009929  PCM_setPowerState                          
00009931  prvTraceGetQueueType                       
00009931  ucQueueGetQueueType                        
00009939  vListInitialiseItem                        
00009941  vTaskSetTaskNumber                         
00009949  CPU_wfi                                    
00009951  get_fattime                                
00009959  prvTraceGetQueueNumber                     
00009959  uxQueueGetQueueNumber                      
00009961  vQueueSetQueueNumber                       
00009969  vTraceStart                                
00009989  vApplicationIdleHook                       
00009991  vApplicationTickHook                       
00009999  vPreSleepProcessing                        
00009a1c  i2cConfig                                  
00009a3c  ulMaxSyscallInterruptPriority              
00009ab4  __TI_Handler_Table_Base                    
00009ac0  __TI_Handler_Table_Limit                   
00009ac8  __TI_CINIT_Base                            
00009ad8  __TI_CINIT_Limit                           
2000c800  RecorderData                               
2000e118  sdDriver                                   
2000e348  file                                       
2000e570  obcData                                    
2000e66c  imuData                                    
2000e6ab  fResult                                    
2000e754  bufferIMU                                  
2000e7a4  buffer                                     
2000e7ac  localTime                                  
2000e7b8  WATCHDOG_EVENT_GROUP                       
2000e7bc  bw                                         
2000e7c0  cal30                                      
2000e7c4  cal85                                      
2000e7c8  calDifference                              
2000e7cc  flag_lowBattery                            
2000e7d0  flag_systemMode                            
2000e7d4  init_hwtc_count                            
2000e968  objectHandleStacks                         
2000e9f6  MPU9250_devAddr                            
2000e9f8  isPendingContextSwitch                     
2000ea00  uiTraceTickCount                           
2000ea04  trace_disable_timestamp                    
2000ea0c  recorder_busy                              
2000ea10  timestampFrequency                         
2000ea14  traceErrorMessage                          
2000ea18  nISRactive                                 
2000ea19  handle_of_last_logged_task                 
2000ea1c  vTraceStopHookPtr                          
2000ea20  CurrentFilterMask                          
2000ea22  CurrentFilterGroup                         
2000ea28  RecorderDataPtr                            
2000ea78  pxCurrentTCB                               
2000eadc  SPI0MasterConfig                           
2000eb10  xQueueIMU                                  
2000eb14  xQueueDataObc                              
2000eb18  xQueueSystem                               
2000eb1c  semaphoreIMU                               
2000eb20  semaphoreSystem                            
2000eb24  batteryValue                               
2000eb54  TraceQueueClassTable                       
2000fce0  __stack                                    
20010000  __STACK_END                                
4000480c  WDTCTL_SYM                                 
ffffffff  __TI_pprof_out_hndl                        
ffffffff  __TI_prof_data_size                        
ffffffff  __TI_prof_data_start                       
ffffffff  __binit__                                  
ffffffff  __c_args__                                 
ffffffff  binit                                      
UNDEFED   __mpu_init                                 
UNDEFED   _system_post_cinit                         

[308 symbols]
