******************************************************************************
                  TI ARM Linker PC v18.1.1                     
******************************************************************************
>> Linked Thu Jun 20 00:01:32 2019

OUTPUT FILE NAME:   <Firmware_OBC.out>
ENTRY POINT SYMBOL: "_c_int00_noargs"  address: 000085bd


MEMORY CONFIGURATION

         name            origin    length      used     unused   attr    fill
----------------------  --------  ---------  --------  --------  ----  --------
  MAIN                  00000000   0003f000  0000984a  000357b6  R  X
  MYDATA                0003f000   00001000  00000000  00001000  R  X
  INFO                  00200000   00004000  00000000  00004000  R  X
  SRAM_CODE             01000000   00010000  0000eec3  0000113d  RW X
  SRAM_DATA             20000000   00010000  0000eec3  0000113d  RW  


SEGMENT ALLOCATION MAP

run origin  load origin   length   init length attrs members
----------  ----------- ---------- ----------- ----- -------
00000000    00000000    00009850   00009850    r-x
  00000000    00000000    00000144   00000144    r-- .intvecs
  00000148    00000148    000095c2   000095c2    r-x .text
  0000970c    0000970c    000000ac   000000ac    r-- .const
  000097b8    000097b8    00000098   00000098    r-- .cinit
20000000    20000000    0000eba3   00000000    rw-
  20000000    20000000    0000e830   00000000    rw- .bss
  2000e830    2000e830    00000373   00000000    rw- .data
2000fce0    2000fce0    00000320   00000000    rw-
  2000fce0    2000fce0    00000320   00000000    rw- .stack


SECTION ALLOCATION MAP

 output                                  attributes/
section   page    origin      length       input sections
--------  ----  ----------  ----------   ----------------
.intvecs   0    00000000    00000144     
                  00000000    00000144     msp432_startup_ccs.obj (.intvecs:retain)

.text      0    00000148    000095c2     
                  00000148    0000035e     trcKernelPort.obj (.text:pszTraceGetErrorNotEnoughHandles)
                  000004a6    00000002     --HOLE-- [fill = 0]
                  000004a8    00000334     queue.obj (.text:xQueueSemaphoreTake)
                  000007dc    00000004     rtsv7M4_T_le_v4SPD16_eabi.lib : pre_init.c.obj (.text:_system_pre_init)
                  000007e0    0000030c     queue.obj (.text:xQueueGenericSend)
                  00000aec    00000004     rtsv7M4_T_le_v4SPD16_eabi.lib : exit.c.obj (.text:abort:abort)
                  00000af0    00000304     ff.obj (.text:find_volume)
                  00000df4    00000004     --HOLE-- [fill = 0]
                  00000df8    000002ec     queue.obj (.text:xQueueReceive)
                  000010e4    00000004     --HOLE-- [fill = 0]
                  000010e8    00000216     pcm.obj (.text:__PCM_setPowerStateAdvanced)
                  000012fe    00000002     --HOLE-- [fill = 0]
                  00001300    000001f8     houseKeeping.obj (.text:houseKeeping)
                  000014f8    000001d2     ff.obj (.text:f_write)
                  000016ca    00000006     --HOLE-- [fill = 0]
                  000016d0    000001d0     dataStorage.obj (.text:dataStorage)
                  000018a0    000001c8     trcSnapshotRecorder.obj (.text:prvTraceStoreKernelCallWithParam)
                  00001a68    000001c6     ff.obj (.text:f_open)
                  00001c2e    00000002     --HOLE-- [fill = 0]
                  00001c30    000001c0     IntQueue.obj (.text:xSecondTimerHandler)
                  00001df0    000001b0     trcSnapshotRecorder.obj (.text:prvTraceInitTraceData)
                  00001fa0    000001a0     trcSnapshotRecorder.obj (.text:prvTraceStoreKernelCall)
                  00002140    0000019c     mmc_MSP432P401r.obj (.text:MMC_disk_ioctl)
                  000022dc    00000004     --HOLE-- [fill = 0]
                  000022e0    00000198     tasks.obj (.text:xTaskIncrementTick)
                  00002478    00000188     queue.obj (.text:xQueueGenericSendFromISR)
                  00002600    00000184     trcSnapshotRecorder.obj (.text:prvTraceGetDTS)
                  00002784    00000160     msp432p4xx_driverlib.lib : adc14.o (.text:_getIndexForMemRegister)
                  000028e4    00000004     --HOLE-- [fill = 0]
                  000028e8    0000015c     mmc_MSP432P401r.obj (.text:MMC_disk_initialize)
                  00002a44    00000004     --HOLE-- [fill = 0]
                  00002a48    0000014c     trcSnapshotRecorder.obj (.text:prvTraceGetObjectHandle)
                  00002b94    00000004     --HOLE-- [fill = 0]
                  00002b98    00000148     cs.obj (.text:CS_getDCOFrequency)
                  00002ce0    00000148     trcSnapshotRecorder.obj (.text:prvCheckDataToBeOverwrittenForMultiEntryEvents)
                  00002e28    00000148     queue.obj (.text:xQueueReceiveFromISR)
                  00002f70    00000144     heap_4.obj (.text:pvPortMalloc)
                  000030b4    00000004     --HOLE-- [fill = 0]
                  000030b8    00000140     tasks.obj (.text:prvAddNewTaskToReadyList)
                  000031f8    00000134     port.obj (.text:vPortSuppressTicksAndSleep)
                  0000332c    00000004     --HOLE-- [fill = 0]
                  00003330    00000130     main.obj (.text:prvTaskCreate)
                  00003460    00000130     trcSnapshotRecorder.obj (.text:uiIndexOfObject)
                  00003590    00000130     IntQueue.obj (.text:xFirstTimerHandler)
                  000036c0    0000012c     tasks.obj (.text:vTaskPriorityDisinheritAfterTimeout)
                  000037ec    00000004     --HOLE-- [fill = 0]
                  000037f0    0000012c     event_groups.obj (.text:xEventGroupWaitBits)
                  0000391c    00000004     --HOLE-- [fill = 0]
                  00003920    00000128     tasks.obj (.text:xTaskResumeAll)
                  00003a48    00000124     tasks.obj (.text:vTaskNotifyGiveFromISR)
                  00003b6c    00000004     --HOLE-- [fill = 0]
                  00003b70    00000120     tasks.obj (.text:xTaskPriorityDisinherit)
                  00003c90    0000011c     cs.obj (.text:CS_initClockSignal)
                  00003dac    00000004     --HOLE-- [fill = 0]
                  00003db0    00000118     trcKernelPort.obj (.text:vTraceInitObjectPropertyTable)
                  00003ec8    00000114     cs.obj (.text:_CSComputeCLKFrequency)
                  00003fdc    00000004     --HOLE-- [fill = 0]
                  00003fe0    00000110     trcSnapshotRecorder.obj (.text:prvTraceStoreKernelCallWithNumericParamOnly)
                  000040f0    00000110     tasks.obj (.text:xTaskPriorityInherit)
                  00004200    0000010c     trcSnapshotRecorder.obj (.text:prvTraceSetObjectName)
                  0000430c    00000004     --HOLE-- [fill = 0]
                  00004310    0000010c     MPU9250.obj (.text:readI2C)
                  0000441c    00000004     --HOLE-- [fill = 0]
                  00004420    00000108     pcm.obj (.text:__PCM_setPowerModeAdvanced)
                  00004528    00000104     ff.obj (.text:create_chain)
                  0000462c    00000004     --HOLE-- [fill = 0]
                  00004630    00000103     ff.obj (.text:create_name)
                  00004733    00000005     --HOLE-- [fill = 0]
                  00004738    00000100     timers.obj (.text:prvProcessReceivedCommands)
                  00004838    00000100     tasks.obj (.text:vTaskDelayUntil)
                  00004938    000000fa     ff.obj (.text:put_fat)
                  00004a32    00000006     --HOLE-- [fill = 0]
                  00004a38    000000f4     trcSnapshotRecorder.obj (.text:prvTraceStoreTaskReady)
                  00004b2c    00000004     --HOLE-- [fill = 0]
                  00004b30    000000e8     trcSnapshotRecorder.obj (.text:uiTraceStart)
                  00004c18    000000e6     ff.obj (.text:dir_next)
                  00004cfe    00000002     --HOLE-- [fill = 0]
                  00004d00    000000e4     trcSnapshotRecorder.obj (.text:prvTraceStoreTaskswitch)
                  00004de4    00000004     --HOLE-- [fill = 0]
                  00004de8    000000e0     houseKeeping.obj (.text:adcInit)
                  00004ec8    000000dc     trcSnapshotRecorder.obj (.text:prvTraceGetPriorityProperty)
                  00004fa4    00000004     --HOLE-- [fill = 0]
                  00004fa8    000000dc     port.obj (.text:xPortStartScheduler)
                  00005084    000000da     portasm.obj (.text)
                  0000515e    00000002     --HOLE-- [fill = 0]
                  00005160    000000d8     trcSnapshotRecorder.obj (.text:prvTraceSetPriorityProperty)
                  00005238    000000d4     tasks.obj (.text:vTaskSwitchContext)
                  0000530c    00000004     --HOLE-- [fill = 0]
                  00005310    000000d0     pcm.obj (.text:__PCM_setCoreVoltageLevelAdvanced)
                  000053e0    000000d0     trcSnapshotRecorder.obj (.text:prvTraceGetObjectState)
                  000054b0    000000cc     trcSnapshotRecorder.obj (.text:prvTraceSetObjectState)
                  0000557c    00000004     --HOLE-- [fill = 0]
                  00005580    000000cc     trcKernelPort.obj (.text:vTraceInitObjectHandleStack)
                  0000564c    00000004     --HOLE-- [fill = 0]
                  00005650    000000ca     ff.obj (.text:get_fat)
                  0000571a    00000006     --HOLE-- [fill = 0]
                  00005720    000000c0     tasks.obj (.text:xTaskRemoveFromEventList)
                  000057e0    000000bc     mmc_MSP432P401r.obj (.text:MMC_disk_write)
                  0000589c    00000004     --HOLE-- [fill = 0]
                  000058a0    000000bc     queue.obj (.text:prvInitialiseNewQueue)
                  0000595c    00000004     --HOLE-- [fill = 0]
                  00005960    000000bc     trcSnapshotRecorder.obj (.text:vTraceStoreMemMangEvent)
                  00005a1c    00000004     --HOLE-- [fill = 0]
                  00005a20    000000b4     tasks.obj (.text:vTaskRemoveFromUnorderedEventList)
                  00005ad4    00000004     --HOLE-- [fill = 0]
                  00005ad8    000000b4     serial.obj (.text:vUART_Handler)
                  00005b8c    00000004     --HOLE-- [fill = 0]
                  00005b90    000000b4     MPU9250.obj (.text:writeI2C)
                  00005c44    000000b0     msp432p4xx_driverlib.lib : spi.o (.text:SPI_initMaster)
                  00005cf4    00000004     --HOLE-- [fill = 0]
                  00005cf8    000000ae     tasks.obj (.text:prvInitialiseNewTask)
                  00005da6    00000002     --HOLE-- [fill = 0]
                  00005da8    000000ae     event_groups.obj (.text:xEventGroupSetBits)
                  00005e56    00000002     --HOLE-- [fill = 0]
                  00005e58    000000a8     msp432p4xx_driverlib.lib : adc14.o (.text:ADC14_configureMultiSequenceMode)
                  00005f00    000000a8     trcSnapshotRecorder.obj (.text:prvTraceInitCortexM)
                  00005fa8    000000a4     msp432p4xx_driverlib.lib : adc14.o (.text:ADC14_configureConversionMemory)
                  0000604c    00000004     --HOLE-- [fill = 0]
                  00006050    000000a4     itoa.obj (.text:itoa)
                  000060f4    00000004     --HOLE-- [fill = 0]
                  000060f8    000000a4     trcSnapshotRecorder.obj (.text:vTraceEnable)
                  0000619c    00000004     --HOLE-- [fill = 0]
                  000061a0    000000a0     ff.obj (.text:dir_sdi)
                  00006240    0000009c     rtsv7M4_T_le_v4SPD16_eabi.lib : memcpy_t2.asm.obj (.text)
                  000062dc    00000004     --HOLE-- [fill = 0]
                  000062e0    0000009c     tasks.obj (.text:vTaskDelay)
                  0000637c    00000004     --HOLE-- [fill = 0]
                  00006380    00000098     ff.obj (.text:f_sync)
                  00006418    00000094     mmc_MSP432P401r.obj (.text:MMC_disk_read)
                  000064ac    00000004     --HOLE-- [fill = 0]
                  000064b0    00000094     timers.obj (.text:prvSwitchTimerLists)
                  00006544    00000004     --HOLE-- [fill = 0]
                  00006548    00000094     trcSnapshotRecorder.obj (.text:prvTraceGetParam)
                  000065dc    00000004     --HOLE-- [fill = 0]
                  000065e0    00000094     tasks.obj (.text:xTaskCheckForTimeOut)
                  00006674    00000004     --HOLE-- [fill = 0]
                  00006678    00000090     queue.obj (.text:xQueueGenericReset)
                  00006708    0000008c     MPU9250.obj (.text:getMotion6)
                  00006794    00000004     --HOLE-- [fill = 0]
                  00006798    0000008c     ff.obj (.text:sync_fs)
                  00006824    00000004     --HOLE-- [fill = 0]
                  00006828    0000008c     heap_4.obj (.text:vPortFree)
                  000068b4    00000004     --HOLE-- [fill = 0]
                  000068b8    0000008a     ff.obj (.text:check_fs)
                  00006942    00000006     --HOLE-- [fill = 0]
                  00006948    00000088     pcm.obj (.text:PCM_gotoLPM3)
                  000069d0    00000088     tasks.obj (.text:prvAddCurrentTaskToDelayedList)
                  00006a58    00000088     tasks.obj (.text:vTaskPlaceOnEventListRestricted)
                  00006ae0    00000086     ff.obj (.text:follow_path)
                  00006b66    00000002     --HOLE-- [fill = 0]
                  00006b68    00000084     tasks.obj (.text:vTaskStartScheduler)
                  00006bec    00000004     --HOLE-- [fill = 0]
                  00006bf0    00000080     ff.obj (.text:remove_chain)
                  00006c70    0000007c     msp432p4xx_driverlib.lib : rtc_c.o (.text:RTC_C_getCalendarTime)
                  00006cec    00000004     --HOLE-- [fill = 0]
                  00006cf0    0000007c     tasks.obj (.text:prvIdleTask)
                  00006d6c    00000004     --HOLE-- [fill = 0]
                  00006d70    0000007c     trcSnapshotRecorder.obj (.text:prvTraceSetTaskInstanceFinished)
                  00006dec    0000007a     rtsv7M4_T_le_v4SPD16_eabi.lib : memset_t2.asm.obj (.text)
                  00006e66    00000002     --HOLE-- [fill = 0]
                  00006e68    00000078     msp432p4xx_driverlib.lib : adc14.o (.text:ADC14_getMultiSequenceResult)
                  00006ee0    00000074     queue.obj (.text:xQueueGenericCreate)
                  00006f54    00000004     --HOLE-- [fill = 0]
                  00006f58    00000074     timers.obj (.text:xTimerGenericCommand)
                  00006fcc    00000004     --HOLE-- [fill = 0]
                  00006fd0    00000070     queue.obj (.text:prvCopyDataToQueue)
                  00007040    00000070     heap_4.obj (.text:prvHeapInit)
                  000070b0    00000070     tasks.obj (.text:prvInitialiseTaskLists)
                  00007120    00000070     timers.obj (.text:prvProcessTimerOrBlockTask)
                  00007190    00000070     mmc_MSP432P401r.obj (.text:send_cmd)
                  00007200    00000070     watchDogTask.obj (.text:watchDogTask)
                  00007270    0000006c     main.obj (.text:prvSetupHardware)
                  000072dc    00000004     --HOLE-- [fill = 0]
                  000072e0    0000006c     queue.obj (.text:prvUnlockQueue)
                  0000734c    00000068     msp432p4xx_driverlib.lib : i2c.o (.text:I2C_masterSendMultiByteStart)
                  000073b4    00000004     --HOLE-- [fill = 0]
                  000073b8    00000068     system_msp432p401r.obj (.text:SystemInit)
                  00007420    00000068     rtsv7M4_T_le_v4SPD16_eabi.lib : copy_decompress_lzss.c.obj (.text:decompress:lzss:__TI_decompress_lzss)
                  00007488    00000068     heap_4.obj (.text:prvInsertBlockIntoFreeList)
                  000074f0    00000068     port.obj (.text:vPortSetupTimerInterrupt)
                  00007558    00000068     tasks.obj (.text:xTaskCreate)
                  000075c0    00000066     ff.obj (.text:dir_clear)
                  00007626    00000002     --HOLE-- [fill = 0]
                  00007628    00000064     dataStorage.obj (.text:initSD)
                  0000768c    00000004     --HOLE-- [fill = 0]
                  00007690    00000064     trcSnapshotRecorder.obj (.text:prvTraceNextFreeEventBufferSlot)
                  000076f4    00000004     --HOLE-- [fill = 0]
                  000076f8    00000064     port.obj (.text:vPortValidateInterruptPriority)
                  0000775c    00000004     --HOLE-- [fill = 0]
                  00007760    00000060     timers.obj (.text:prvProcessExpiredTimer)
                  000077c0    00000060     MPU9250.obj (.text:writeBits)
                  00007820    00000060     mmc_MSP432P401r.obj (.text:xmit_datablock)
                  00007880    0000005c     tasks.obj (.text:vTaskPlaceOnUnorderedEventList)
                  000078dc    00000004     --HOLE-- [fill = 0]
                  000078e0    00000058     main.obj (.text:prvConfigureClocks)
                  00007938    00000058     timers.obj (.text:xTimerCreateTimerTask)
                  00007990    00000056     ff.obj (.text:dir_find)
                  000079e6    00000002     --HOLE-- [fill = 0]
                  000079e8    00000054     msp432p4xx_driverlib.lib : adc14.o (.text:ADC14_initModule)
                  00007a3c    00000004     --HOLE-- [fill = 0]
                  00007a40    00000054     gpio.obj (.text:GPIO_setAsPeripheralModuleFunctionInputPin)
                  00007a94    00000004     --HOLE-- [fill = 0]
                  00007a98    00000054     gpio.obj (.text:GPIO_setAsPeripheralModuleFunctionOutputPin)
                  00007aec    00000004     --HOLE-- [fill = 0]
                  00007af0    00000054     sysctl.obj (.text:SysCtl_getTLVInfo)
                  00007b44    00000004     --HOLE-- [fill = 0]
                  00007b48    00000054     houseKeeping.obj (.text:isLowBattery)
                  00007b9c    00000004     --HOLE-- [fill = 0]
                  00007ba0    00000054     tasks.obj (.text:prvCheckTasksWaitingTermination)
                  00007bf4    00000004     --HOLE-- [fill = 0]
                  00007bf8    00000054     timers.obj (.text:prvInsertTimerInActiveList)
                  00007c4c    00000004     --HOLE-- [fill = 0]
                  00007c50    00000054     trcSnapshotRecorder.obj (.text:prvTracePortGetTimeStamp)
                  00007ca4    00000004     --HOLE-- [fill = 0]
                  00007ca8    00000052     cs.obj (.text:_CSGetDividerValue)
                  00007cfa    00000006     --HOLE-- [fill = 0]
                  00007d00    00000050     pcm.obj (.text:PCM_getCoreVoltageLevel)
                  00007d50    00000050     SPI_Driver.obj (.text:SPI_Init)
                  00007da0    00000050     cs.obj (.text:_CSGetDOCFrequency)
                  00007df0    00000050     ff.obj (.text:dbc_2nd)
                  00007e40    00000050     tasks.obj (.text:prvGetExpectedIdleTime)
                  00007e90    00000050     MPU9250.obj (.text:writeBit)
                  00007ee0    0000004e     ff.obj (.text:dir_alloc)
                  00007f2e    00000002     --HOLE-- [fill = 0]
                  00007f30    0000004c     pcm.obj (.text:PCM_shutdownDevice)
                  00007f7c    00000004     --HOLE-- [fill = 0]
                  00007f80    0000004c     ff.obj (.text:f_mount)
                  00007fcc    00000004     --HOLE-- [fill = 0]
                  00007fd0    0000004c     taskManager.obj (.text:operationMode)
                  0000801c    00000004     --HOLE-- [fill = 0]
                  00008020    0000004c     timers.obj (.text:prvCheckForValidListAndQueue)
                  0000806c    00000004     --HOLE-- [fill = 0]
                  00008070    0000004c     mmc_MSP432P401r.obj (.text:rcvr_datablock)
                  000080bc    00000004     --HOLE-- [fill = 0]
                  000080c0    0000004c     ttcTask.obj (.text:ttcTask)
                  0000810c    00000004     --HOLE-- [fill = 0]
                  00008110    00000048     ff.obj (.text:get_ldnumber)
                  00008158    00000048     ff.obj (.text:sync_window)
                  000081a0    00000048     queue.obj (.text:vQueueWaitForMessageRestricted)
                  000081e8    00000044     rtsv7M4_T_le_v4SPD16_eabi.lib : autoinit.c.obj (.text:__TI_auto_init_nobinit_nopinit:__TI_auto_init_nobinit_nopinit)
                  0000822c    00000004     --HOLE-- [fill = 0]
                  00008230    00000044     dataStorage.obj (.text:getLocalTime)
                  00008274    00000004     --HOLE-- [fill = 0]
                  00008278    00000044     houseKeeping.obj (.text:getTemperature)
                  000082bc    00000004     --HOLE-- [fill = 0]
                  000082c0    00000040     MPU9250.obj (.text:initI2C)
                  00008300    00000040     msp432p4xx_driverlib.lib : spi.o (.text:is_A_Module)
                  00008340    00000040     taskManager.obj (.text:taskManager)
                  00008380    0000003e     mmc_MSP432P401r.obj (.text:send_cmd12)
                  000083be    00000002     --HOLE-- [fill = 0]
                  000083c0    0000003c     tasks.obj (.text:eTaskConfirmSleepModeStatus)
                  000083fc    00000004     --HOLE-- [fill = 0]
                  00008400    0000003c     trcSnapshotRecorder.obj (.text:prvTraceError)
                  0000843c    00000004     --HOLE-- [fill = 0]
                  00008440    0000003c     trcSnapshotRecorder.obj (.text:prvTraceUpdateCounters)
                  0000847c    00000004     --HOLE-- [fill = 0]
                  00008480    0000003c     mmc_MSP432P401r.obj (.text:send_initial_clock_train)
                  000084bc    00000004     --HOLE-- [fill = 0]
                  000084c0    0000003c     port.obj (.text:vPortEnterCritical)
                  000084fc    00000004     --HOLE-- [fill = 0]
                  00008500    0000003a     pcm.obj (.text:PCM_getPowerMode)
                  0000853a    00000006     --HOLE-- [fill = 0]
                  00008540    0000003a     ff.obj (.text:dir_register)
                  0000857a    00000006     --HOLE-- [fill = 0]
                  00008580    0000003a     ff.obj (.text:validate)
                  000085ba    00000002     --HOLE-- [fill = 0]
                  000085bc    00000038     rtsv7M4_T_le_v4SPD16_eabi.lib : boot_cortex_m.c.obj (.text:_c_int00_noargs:_c_int00_noargs)
                  000085f4    00000004     --HOLE-- [fill = 0]
                  000085f8    00000038     port.obj (.text:prvTaskExitError)
                  00008630    00000038     tasks.obj (.text:vTaskPlaceOnEventList)
                  00008668    00000034     msp432p4xx_driverlib.lib : adc14.o (.text:ADC14_enableSampleTimer)
                  0000869c    00000004     --HOLE-- [fill = 0]
                  000086a0    00000034     SPI_Driver.obj (.text:SPI_Read)
                  000086d4    00000004     --HOLE-- [fill = 0]
                  000086d8    00000034     SPI_Driver.obj (.text:SPI_Write)
                  0000870c    00000004     --HOLE-- [fill = 0]
                  00008710    00000034     aodcsTask.obj (.text:aodcsTask)
                  00008744    00000004     --HOLE-- [fill = 0]
                  00008748    00000034     cameraTask.obj (.text:cameraTask)
                  0000877c    00000004     --HOLE-- [fill = 0]
                  00008780    00000034     ff.obj (.text:dbc_1st)
                  000087b4    00000004     --HOLE-- [fill = 0]
                  000087b8    00000034     ff.obj (.text:move_window)
                  000087ec    00000004     --HOLE-- [fill = 0]
                  000087f0    00000034     pptTask.obj (.text:pptTask)
                  00008824    00000004     --HOLE-- [fill = 0]
                  00008828    00000034     list.obj (.text:vListInsert)
                  0000885c    00000004     --HOLE-- [fill = 0]
                  00008860    00000034     IntQueueTimer.obj (.text:vT32_0_Handler)
                  00008894    00000004     --HOLE-- [fill = 0]
                  00008898    00000034     IntQueueTimer.obj (.text:vT32_1_Handler)
                  000088cc    00000004     --HOLE-- [fill = 0]
                  000088d0    00000034     tasks.obj (.text:vTaskStepTick)
                  00008904    00000030     msp432p4xx_driverlib.lib : adc14.o (.text:ADC14_setSampleHoldTime)
                  00008934    00000004     --HOLE-- [fill = 0]
                  00008938    00000030     flash.obj (.text:FlashCtl_setWaitState)
                  00008968    00000030     tasks.obj (.text:prvResetNextTaskUnblockTime)
                  00008998    00000030     taskManager.obj (.text:updateBatteryLevel)
                  000089c8    00000030     port.obj (.text:vPortExitCritical)
                  000089f8    0000002c     msp432p4xx_driverlib.lib : adc14.o (.text:ADC14_toggleConversionTrigger)
                  00008a24    00000004     --HOLE-- [fill = 0]
                  00008a28    0000002c     cs.obj (.text:CS_setDCOCenteredFrequency)
                  00008a54    00000004     --HOLE-- [fill = 0]
                  00008a58    0000002c     gpio.obj (.text:GPIO_setAsInputPinWithPullUpResistor)
                  00008a84    00000004     --HOLE-- [fill = 0]
                  00008a88    0000002c     pcm.obj (.text:PCM_gotoLPM0)
                  00008ab4    0000002c     msp432p4xx_driverlib.lib : rtc_c.o (.text:RTC_C_holdClock)
                  00008ae0    0000002c     timers.obj (.text:prvSampleTimeNow)
                  00008b0c    00000004     --HOLE-- [fill = 0]
                  00008b10    0000002c     port.obj (.text:pxPortInitialiseStack)
                  00008b3c    00000004     --HOLE-- [fill = 0]
                  00008b40    0000002c     mmc_MSP432P401r.obj (.text:rcvr_spi)
                  00008b6c    00000004     --HOLE-- [fill = 0]
                  00008b70    0000002c     port.obj (.text:xPortSysTickHandler)
                  00008b9c    00000004     --HOLE-- [fill = 0]
                  00008ba0    0000002c     queue.obj (.text:xQueueIsQueueFullFromISR)
                  00008bcc    00000028     msp432p4xx_driverlib.lib : adc14.o (.text:ADC14_enableConversion)
                  00008bf4    00000004     --HOLE-- [fill = 0]
                  00008bf8    00000028     GPIO_Driver.obj (.text:GPIO_Init)
                  00008c20    00000028     queue.obj (.text:prvCopyDataFromQueue)
                  00008c48    00000028     mmc_MSP432P401r.obj (.text:xmit_spi)
                  00008c70    00000026     ff.obj (.text:ld_clust)
                  00008c96    00000002     --HOLE-- [fill = 0]
                  00008c98    00000026     list.obj (.text:uxListRemove)
                  00008cbe    00000002     --HOLE-- [fill = 0]
                  00008cc0    00000024     cs.obj (.text:CS_clearInterruptFlag)
                  00008ce4    00000004     --HOLE-- [fill = 0]
                  00008ce8    00000024     timers.obj (.text:prvGetNextExpireTime)
                  00008d0c    00000004     --HOLE-- [fill = 0]
                  00008d10    00000024     main.obj (.text:prvQueueDataCreate)
                  00008d34    00000004     --HOLE-- [fill = 0]
                  00008d38    00000024     trcSnapshotRecorder.obj (.text:vTraceStop)
                  00008d5c    00000004     --HOLE-- [fill = 0]
                  00008d60    00000024     mmc_MSP432P401r.obj (.text:wait_ready)
                  00008d84    00000004     --HOLE-- [fill = 0]
                  00008d88    00000022     CS_Driver.obj (.text:CS_Init)
                  00008daa    00000006     --HOLE-- [fill = 0]
                  00008db0    00000022     diskio.obj (.text:disk_read)
                  00008dd2    00000006     --HOLE-- [fill = 0]
                  00008dd8    00000022     diskio.obj (.text:disk_write)
                  00008dfa    00000006     --HOLE-- [fill = 0]
                  00008e00    00000022     ff.obj (.text:st_clust)
                  00008e22    00000006     --HOLE-- [fill = 0]
                  00008e28    00000020     gpio.obj (.text:GPIO_setAsOutputPin)
                  00008e48    00000020     MPU9250.obj (.text:MPU9250_initialize)
                  00008e68    00000020     msp432p4xx_driverlib.lib : ref_a.o (.text:REF_A_setReferenceVoltage)
                  00008e88    00000020     sysctl.obj (.text:SysCtl_setWDTTimeoutResetType)
                  00008ea8    00000020     diskio.obj (.text:disk_ioctl)
                  00008ec8    00000020     trcSnapshotRecorder.obj (.text:prvMarkObjectAsUsed)
                  00008ee8    00000020     IntQueue.obj (.text:prvRecordValue_NormallyEmpty)
                  00008f08    00000020     IntQueue.obj (.text:prvRecordValue_NormallyFull)
                  00008f28    00000020     trcSnapshotRecorder.obj (.text:prvStrncpy)
                  00008f48    00000020     tasks.obj (.text:xTaskGetSchedulerState)
                  00008f68    0000001e     queue.obj (.text:prvIsQueueFull)
                  00008f86    00000002     --HOLE-- [fill = 0]
                  00008f88    0000001e     list.obj (.text:vListInitialise)
                  00008fa6    00000002     --HOLE-- [fill = 0]
                  00008fa8    0000001c     msp432p4xx_driverlib.lib : adc14.o (.text:ADC14_getResult)
                  00008fc4    00000004     --HOLE-- [fill = 0]
                  00008fc8    0000001c     ff.obj (.text:mem_cmp)
                  00008fe4    00000004     --HOLE-- [fill = 0]
                  00008fe8    0000001c     event_groups.obj (.text:prvTestWaitCondition)
                  00009004    00000004     --HOLE-- [fill = 0]
                  00009008    0000001a     ff.obj (.text:clst2sect)
                  00009022    00000006     --HOLE-- [fill = 0]
                  00009028    0000001a     main.obj (.text:main)
                  00009042    00000006     --HOLE-- [fill = 0]
                  00009048    0000001a     queue.obj (.text:prvGetDisinheritPriorityAfterTimeout)
                  00009062    00000006     --HOLE-- [fill = 0]
                  00009068    0000001a     queue.obj (.text:prvIsQueueEmpty)
                  00009082    00000006     --HOLE-- [fill = 0]
                  00009088    0000001a     timers.obj (.text:prvTimerTask)
                  000090a2    00000006     --HOLE-- [fill = 0]
                  000090a8    0000001a     trcKernelPort.obj (.text:prvTraceSetQueueNumberHigh16)
                  000090c2    00000006     --HOLE-- [fill = 0]
                  000090c8    0000001a     trcKernelPort.obj (.text:prvTraceSetQueueNumberLow16)
                  000090e2    00000006     --HOLE-- [fill = 0]
                  000090e8    0000001a     trcKernelPort.obj (.text:prvTraceSetTaskNumberHigh16)
                  00009102    00000006     --HOLE-- [fill = 0]
                  00009108    0000001a     trcKernelPort.obj (.text:prvTraceSetTaskNumberLow16)
                  00009122    00000006     --HOLE-- [fill = 0]
                  00009128    0000001a     event_groups.obj (.text:xEventGroupCreate)
                  00009142    00000006     --HOLE-- [fill = 0]
                  00009148    00000018     cs.obj (.text:CS_getMCLK)
                  00009160    00000018     gpio.obj (.text:GPIO_getInputPinValue)
                  00009178    00000018     wdt_a.obj (.text:WDT_A_clearTimer)
                  00009190    00000018     wdt_a.obj (.text:WDT_A_holdTimer)
                  000091a8    00000018     ff.obj (.text:chk_chr)
                  000091c0    00000018     diskio.obj (.text:disk_initialize)
                  000091d8    00000018     diskio.obj (.text:disk_status)
                  000091f0    00000018     tasks.obj (.text:pvTaskIncrementMutexHeldCount)
                  00009208    00000018     msp432_startup_ccs.obj (.text:resetISR)
                  00009220    00000018     ff.obj (.text:st_dword)
                  00009238    00000018     tasks.obj (.text:uxTaskResetEventItemValue)
                  00009250    00000018     list.obj (.text:vListInsertEnd)
                  00009268    00000018     tasks.obj (.text:vTaskInternalSetTimeOutState)
                  00009280    00000016     ff.obj (.text:ld_dword)
                  00009296    00000002     --HOLE-- [fill = 0]
                  00009298    00000016     ff.obj (.text:mem_cpy)
                  000092ae    00000002     --HOLE-- [fill = 0]
                  000092b0    00000016     queue.obj (.text:xQueueCreateMutex)
                  000092c6    00000002     --HOLE-- [fill = 0]
                  000092c8    00000014     gpio.obj (.text:GPIO_clearInterruptFlag)
                  000092dc    00000004     --HOLE-- [fill = 0]
                  000092e0    00000014     gpio.obj (.text:GPIO_enableInterrupt)
                  000092f4    00000004     --HOLE-- [fill = 0]
                  000092f8    00000014     gpio.obj (.text:GPIO_setOutputHighOnPin)
                  0000930c    00000004     --HOLE-- [fill = 0]
                  00009310    00000014     gpio.obj (.text:GPIO_setOutputLowOnPin)
                  00009324    00000004     --HOLE-- [fill = 0]
                  00009328    00000014     gpio.obj (.text:GPIO_toggleOutputOnPin)
                  0000933c    00000004     --HOLE-- [fill = 0]
                  00009340    00000014     wdt_a.obj (.text:WDT_A_startTimer)
                  00009354    00000004     --HOLE-- [fill = 0]
                  00009358    00000014     mmc_MSP432P401r.obj (.text:power_on)
                  0000936c    00000004     --HOLE-- [fill = 0]
                  00009370    00000014     queue.obj (.text:prvInitialiseMutex)
                  00009384    00000004     --HOLE-- [fill = 0]
                  00009388    00000014     IntQueue.obj (.text:prvQueueAccessLogError)
                  0000939c    00000004     --HOLE-- [fill = 0]
                  000093a0    00000012     ff.obj (.text:mem_set)
                  000093b2    00000006     --HOLE-- [fill = 0]
                  000093b8    00000012     tasks.obj (.text:prvDeleteTCB)
                  000093ca    00000006     --HOLE-- [fill = 0]
                  000093d0    00000012     main.obj (.text:vApplicationMallocFailedHook)
                  000093e2    00000006     --HOLE-- [fill = 0]
                  000093e8    00000012     main.obj (.text:vApplicationStackOverflowHook)
                  000093fa    00000002     --HOLE-- [fill = 0]
                  000093fc    00000010     msp432p4xx_driverlib.lib : adc14.o (.text:ADCIsConversionRunning)
                  0000940c    00000004     --HOLE-- [fill = 0]
                  00009410    00000010     fpu.obj (.text:FPU_enableModule)
                  00009420    00000010     GPIO_Driver.obj (.text:GPIO_High)
                  00009430    00000010     GPIO_Driver.obj (.text:GPIO_Low)
                  00009440    00000010     interrupt.obj (.text:Interrupt_enableMaster)
                  00009450    00000010     MPU9250.obj (.text:MPU9250_getMotion9)
                  00009460    00000010     pcm.obj (.text:PCM_gotoLPM4)
                  00009470    00000010     main.obj (.text:prvWatchDogEventGroupCreate)
                  00009480    00000010     aodcsTask.obj (.text:setWatchDogBit_AODCS)
                  00009490    00000010     cameraTask.obj (.text:setWatchDogBit_CAMERA)
                  000094a0    00000010     dataStorage.obj (.text:setWatchDogBit_DATASTORAGE)
                  000094b0    00000010     houseKeeping.obj (.text:setWatchDogBit_HOUSEKEEPING)
                  000094c0    00000010     pptTask.obj (.text:setWatchDogBit_PPT)
                  000094d0    00000010     ttcTask.obj (.text:setWatchDogBit_TTC)
                  000094e0    00000010     tasks.obj (.text:vTaskSuspendAll)
                  000094f0    0000000e     rtsv7M4_T_le_v4SPD16_eabi.lib : copy_decompress_none.c.obj (.text:decompress:none:__TI_decompress_none)
                  000094fe    00000002     --HOLE-- [fill = 0]
                  00009500    0000000e     ff.obj (.text:st_word)
                  0000950e    00000002     --HOLE-- [fill = 0]
                  00009510    0000000c     msp432p4xx_driverlib.lib : adc14.o (.text:ADC14_enableModule)
                  0000951c    00000004     --HOLE-- [fill = 0]
                  00009520    0000000c     cpu.obj (.text:CPU_cpsie)
                  0000952c    00000004     --HOLE-- [fill = 0]
                  00009530    0000000c     mmc_MSP432P401r.obj (.text:MMC_disk_status)
                  0000953c    00000004     --HOLE-- [fill = 0]
                  00009540    0000000c     MPU9250.obj (.text:MPU9250_setClockSource)
                  0000954c    00000004     --HOLE-- [fill = 0]
                  00009550    0000000c     pcm.obj (.text:PCM_getPowerState)
                  0000955c    0000000c     msp432p4xx_driverlib.lib : ref_a.o (.text:REF_A_enableReferenceVoltage)
                  00009568    0000000c                              : ref_a.o (.text:REF_A_enableTempSensor)
                  00009574    00000004     --HOLE-- [fill = 0]
                  00009578    0000000c     sysctl.obj (.text:SysCtl_getTempCalibrationConstant)
                  00009584    00000004     --HOLE-- [fill = 0]
                  00009588    0000000c     mmc_MSP432P401r.obj (.text:chk_power)
                  00009594    0000000c     rtsv7M4_T_le_v4SPD16_eabi.lib : copy_zero_init.c.obj (.text:decompress:ZI:__TI_zero_init)
                  000095a0    0000000c     ff.obj (.text:ld_word)
                  000095ac    00000004     --HOLE-- [fill = 0]
                  000095b0    0000000c     mmc_MSP432P401r.obj (.text:power_off)
                  000095bc    00000004     --HOLE-- [fill = 0]
                  000095c0    0000000c     trcKernelPort.obj (.text:prvTraceGetQueueNumberHigh16)
                  000095cc    00000004     --HOLE-- [fill = 0]
                  000095d0    0000000c     trcKernelPort.obj (.text:prvTraceGetTaskNumberHigh16)
                  000095dc    00000004     --HOLE-- [fill = 0]
                  000095e0    0000000c     mmc_MSP432P401r.obj (.text:rcvr_spi_m)
                  000095ec    00000004     --HOLE-- [fill = 0]
                  000095f0    0000000c     MPU9250.obj (.text:setFullScaleAccelRange)
                  000095fc    00000004     --HOLE-- [fill = 0]
                  00009600    0000000c     MPU9250.obj (.text:setFullScaleGyroRange)
                  0000960c    00000004     --HOLE-- [fill = 0]
                  00009610    0000000c     tasks.obj (.text:vTaskMissedYield)
                  0000961c    00000004     --HOLE-- [fill = 0]
                  00009620    0000000c     tasks.obj (.text:xTaskGetCurrentTaskHandle)
                  0000962c    00000004     --HOLE-- [fill = 0]
                  00009630    0000000c     tasks.obj (.text:xTaskGetTickCount)
                  0000963c    00000004     --HOLE-- [fill = 0]
                  00009640    0000000a     trcKernelPort.obj (.text:prvTraceGetQueueNumberLow16)
                  0000964a    00000006     --HOLE-- [fill = 0]
                  00009650    0000000a     trcKernelPort.obj (.text:prvTraceGetTaskNumberLow16)
                  0000965a    00000006     --HOLE-- [fill = 0]
                  00009660    0000000a     MPU9250.obj (.text:setSleepEnabled)
                  0000966a    00000006     --HOLE-- [fill = 0]
                  00009670    0000000a     tasks.obj (.text:uxTaskGetTaskNumber)
                  0000967a    00000006     --HOLE-- [fill = 0]
                  00009680    00000008     pcm.obj (.text:PCM_setCoreVoltageLevel)
                  00009688    00000008     pcm.obj (.text:PCM_setPowerMode)
                  00009690    00000008     pcm.obj (.text:PCM_setPowerState)
                  00009698    00000006     queue.obj (.text:ucQueueGetQueueType)
                  0000969e    00000002     --HOLE-- [fill = 0]
                  000096a0    00000006     list.obj (.text:vListInitialiseItem)
                  000096a6    00000002     --HOLE-- [fill = 0]
                  000096a8    00000006     tasks.obj (.text:vTaskSetTaskNumber)
                  000096ae    00000002     --HOLE-- [fill = 0]
                  000096b0    00000004     cpu.obj (.text:CPU_wfi)
                  000096b4    00000004     --HOLE-- [fill = 0]
                  000096b8    00000004     mmc_MSP432P401r.obj (.text:get_fattime)
                  000096bc    00000004     --HOLE-- [fill = 0]
                  000096c0    00000004     queue.obj (.text:uxQueueGetQueueNumber)
                  000096c4    00000004     --HOLE-- [fill = 0]
                  000096c8    00000004     queue.obj (.text:vQueueSetQueueNumber)
                  000096cc    00000004     --HOLE-- [fill = 0]
                  000096d0    00000004     trcSnapshotRecorder.obj (.text:vTraceStart)
                  000096d4    00000004     --HOLE-- [fill = 0]
                  000096d8    00000002     msp432_startup_ccs.obj (.text:defaultISR)
                  000096da    00000006     --HOLE-- [fill = 0]
                  000096e0    00000002     msp432_startup_ccs.obj (.text:faultISR)
                  000096e2    00000006     --HOLE-- [fill = 0]
                  000096e8    00000002     taskManager.obj (.text:killAllTasks)
                  000096ea    00000006     --HOLE-- [fill = 0]
                  000096f0    00000002     msp432_startup_ccs.obj (.text:nmiISR)
                  000096f2    00000006     --HOLE-- [fill = 0]
                  000096f8    00000002     main.obj (.text:vApplicationIdleHook)
                  000096fa    00000006     --HOLE-- [fill = 0]
                  00009700    00000002     main_blinky.obj (.text:vApplicationTickHook)
                  00009702    00000006     --HOLE-- [fill = 0]
                  00009708    00000002     main_blinky.obj (.text:vPreSleepProcessing)

.const     0    0000970c    000000ac     
                  0000970c    00000080     msp432p4xx_driverlib.lib : adc14.o (.const:_ctlRegs)
                  0000978c    00000014     MPU9250.obj (.const:i2cConfig)
                  000097a0    0000000a     ff.obj (.const:.string:DbcTbl)
                  000097aa    00000002     --HOLE-- [fill = 0]
                  000097ac    00000008     port.obj (.const)
                  000097b4    00000004     serial.obj (.const)

.cinit     0    000097b8    00000098     
                  000097b8    0000006e     (.cinit..data.load) [load image, compression = lzss]
                  00009826    00000002     --HOLE-- [fill = 0]
                  00009828    0000000c     (__TI_handler_table)
                  00009834    00000004     --HOLE-- [fill = 0]
                  00009838    00000008     (.cinit..bss.load) [load image, compression = zero_init]
                  00009840    00000010     (__TI_cinit_table)

.init_array 
*          0    00000000    00000000     UNINITIALIZED

.binit     0    00000000    00000000     

.bss       0    20000000    0000e830     UNINITIALIZED
                  20000000    0000c800     heap_4.obj (.bss:ucHeap)
                  2000c800    00001918     (.common:RecorderData)
                  2000e118    00000230     (.common:sdDriver)
                  2000e348    00000228     (.common:file)
                  2000e570    00000106     (.common:obcData)
                  2000e676    00000002     ff.obj (.bss)
                  2000e678    00000064     tasks.obj (.bss:pxReadyTasksLists)
                  2000e6dc    0000003f     (.common:imuData)
                  2000e71b    00000001     (.common:fResult)
                  2000e71c    00000018     houseKeeping.obj (.bss:resultsBuffer)
                  2000e734    00000014     timers.obj (.bss:xActiveTimerList1)
                  2000e748    00000014     timers.obj (.bss:xActiveTimerList2)
                  2000e75c    00000014     tasks.obj (.bss:xDelayedTaskList1)
                  2000e770    00000014     tasks.obj (.bss:xDelayedTaskList2)
                  2000e784    00000014     tasks.obj (.bss:xPendingReadyList)
                  2000e798    00000014     tasks.obj (.bss:xSuspendedTaskList)
                  2000e7ac    00000014     tasks.obj (.bss:xTasksWaitingTermination)
                  2000e7c0    00000010     (.common:bufferIMU)
                  2000e7d0    00000009     mmc_MSP432P401r.obj (.bss)
                  2000e7d9    00000003     --HOLE--
                  2000e7dc    00000008     IntQueue.obj (.bss)
                  2000e7e4    00000008     cs.obj (.bss)
                  2000e7ec    00000008     tasks.obj (.bss)
                  2000e7f4    00000008     timers.obj (.bss)
                  2000e7fc    00000008     heap_4.obj (.bss:xStart)
                  2000e804    00000006     (.common:localTime)
                  2000e80a    00000002     --HOLE--
                  2000e80c    00000004     ff.obj (.bss:FatFs)
                  2000e810    00000004     (.common:WATCHDOG_EVENT_GROUP)
                  2000e814    00000004     (.common:bw)
                  2000e818    00000004     (.common:cal30)
                  2000e81c    00000004     (.common:cal85)
                  2000e820    00000004     (.common:calDifference)
                  2000e824    00000004     (.common:flag_lowBattery)
                  2000e828    00000004     (.common:flag_systemMode)
                  2000e82c    00000004     (.common:init_hwtc_count)

.data      0    2000e830    00000373     UNINITIALIZED
                  2000e830    000000c8     IntQueue.obj (.data:ucNormallyEmptyReceivedValues)
                  2000e8f8    000000c8     IntQueue.obj (.data:ucNormallyFullReceivedValues)
                  2000e9c0    0000008e     trcSnapshotRecorder.obj (.data:objectHandleStacks)
                  2000ea4e    00000002     MPU9250.obj (.data)
                  2000ea50    00000044     trcSnapshotRecorder.obj (.data)
                  2000ea94    0000003c     IntQueue.obj (.data)
                  2000ead0    00000034     tasks.obj (.data)
                  2000eb04    00000030     gpio.obj (.data:GPIO_PORT_TO_BASE)
                  2000eb34    0000001c     dataStorage.obj (.data:SPI0MasterConfig)
                  2000eb50    00000018     port.obj (.data)
                  2000eb68    00000010     heap_4.obj (.data)
                  2000eb78    00000010     serial.obj (.data)
                  2000eb88    0000000c     timers.obj (.data)
                  2000eb94    00000008     main.obj (.data)
                  2000eb9c    00000005     trcKernelPort.obj (.data:TraceQueueClassTable)
                  2000eba1    00000002     mmc_MSP432P401r.obj (.data)

.stack     0    2000fce0    00000320     UNINITIALIZED
                  2000fce0    00000004     rtsv7M4_T_le_v4SPD16_eabi.lib : boot_cortex_m.c.obj (.stack)
                  2000fce4    0000031c     --HOLE--

MODULE SUMMARY

       Module                       code    ro data   rw data
       ------                       ----    -------   -------
    .\
       main.obj                     616     0         564    
    +--+----------------------------+-------+---------+---------+
       Total:                       616     0         564    
                                                             
    .\FreeRTOS_Source\
       tasks.obj                    4900    0         520    
       queue.obj                    4030    0         0      
       timers.obj                   1082    0         120    
       event_groups.obj             528     0         0      
       list.obj                     150     0         0      
    +--+----------------------------+-------+---------+---------+
       Total:                       10690   0         640    
                                                             
    .\FreeRTOS_Source\portable\CCS\ARM_CM4F\
       port.obj                     984     8         48     
       portasm.obj                  218     0         0      
    +--+----------------------------+-------+---------+---------+
       Total:                       1202    8         48     
                                                             
    .\FreeRTOS_Source\portable\MemMang\
       heap_4.obj                   680     0         102448 
    +--+----------------------------+-------+---------+---------+
       Total:                       680     0         102448 
                                                             
    .\Full_Demo\
       serial.obj                   180     4         32     
       IntQueueTimer.obj            104     0         0      
    +--+----------------------------+-------+---------+---------+
       Total:                       284     4         32     
                                                             
    .\Full_Demo\Standard_Demo_Tasks\
       IntQueue.obj                 836     0         936    
    +--+----------------------------+-------+---------+---------+
       Total:                       836     0         936    
                                                             
    .\SimplyBlinkyDemo\
       main_blinky.obj              4       0         0      
    +--+----------------------------+-------+---------+---------+
       Total:                       4       0         0      
                                                             
    .\Tracealyzer\
       trcSnapshotRecorder.obj      5948    0         13276  
       trcKernelPort.obj            1494    0         10     
    +--+----------------------------+-------+---------+---------+
       Total:                       7442    0         13286  
                                                             
    .\driverlib\
       pcm.obj                      1452    0         0      
       cs.obj                       1154    0         16     
       gpio.obj                     368     0         96     
       sysctl.obj                   128     0         0      
       wdt_a.obj                    68      0         0      
       flash.obj                    48      0         0      
       cpu.obj                      16      0         0      
       fpu.obj                      16      0         0      
       interrupt.obj                16      0         0      
    +--+----------------------------+-------+---------+---------+
       Total:                       3266    0         112    
                                                             
    .\interface\
       MPU9250.obj                  922     20        36     
    +--+----------------------------+-------+---------+---------+
       Total:                       922     20        36     
                                                             
    .\src\
       dataStorage.obj              648     0         2428   
       houseKeeping.obj             896     0         56     
       taskManager.obj              190     0         0      
       watchDogTask.obj             112     0         0      
       ttcTask.obj                  92      0         0      
       aodcsTask.obj                68      0         0      
       cameraTask.obj               68      0         0      
       pptTask.obj                  68      0         0      
       sensorTask.obj               0       0         16     
    +--+----------------------------+-------+---------+---------+
       Total:                       2142    0         2500   
                                                             
    .\system\CCS\
       msp432_startup_ccs.obj       30      324       0      
       system_msp432p401r.obj       104     0         0      
    +--+----------------------------+-------+---------+---------+
       Total:                       134     324       0      
                                                             
    .\util\
       itoa.obj                     164     0         0      
    +--+----------------------------+-------+---------+---------+
       Total:                       164     0         0      
                                                             
    .\util\Hardware\
       SPI_Driver.obj               184     0         0      
       GPIO_Driver.obj              72      0         0      
       CS_Driver.obj                34      0         0      
    +--+----------------------------+-------+---------+---------+
       Total:                       290     0         0      
                                                             
    .\util\fatfs\
       ff.obj                       4793    10        12     
       mmc_MSP432P401r.obj          1694    0         22     
       diskio.obj                   148     0         0      
    +--+----------------------------+-------+---------+---------+
       Total:                       6635    10        34     
                                                             
    C:/ti/simplelink_msp432p4_sdk_2_40_00_10/source/ti/devices/msp432p4xx/driverlib/ccs/msp432p4xx_driverlib.lib
       adc14.o                      1128    128       0      
       spi.o                        240     0         0      
       rtc_c.o                      168     0         0      
       i2c.o                        104     0         0      
       ref_a.o                      56      0         0      
    +--+----------------------------+-------+---------+---------+
       Total:                       1696    128       0      
                                                             
    C:\ti\ccsv8\tools\compiler\ti-cgt-arm_18.1.1.LTS\lib\rtsv7M4_T_le_v4SPD16_eabi.lib
       memcpy_t2.asm.obj            156     0         0      
       memset_t2.asm.obj            122     0         0      
       copy_decompress_lzss.c.obj   104     0         0      
       autoinit.c.obj               68      0         0      
       boot_cortex_m.c.obj          56      0         0      
       copy_decompress_none.c.obj   14      0         0      
       copy_zero_init.c.obj         12      0         0      
       exit.c.obj                   4       0         0      
       pre_init.c.obj               4       0         0      
    +--+----------------------------+-------+---------+---------+
       Total:                       540     0         0      
                                                             
       Stack:                       0       0         1600   
       Linker Generated:            0       146       0      
    +--+----------------------------+-------+---------+---------+
       Grand Total:                 37543   640       122236 


LINKER GENERATED COPY TABLES

__TI_cinit_table @ 00009840 records: 2, size/record: 8, table size: 16
	.data: load addr=000097b8, load size=0000006e bytes, run addr=2000e830, run size=00000373 bytes, compression=lzss
	.bss: load addr=00009838, load size=00000008 bytes, run addr=20000000, run size=0000e830 bytes, compression=zero_init


LINKER GENERATED HANDLER TABLE

__TI_handler_table @ 00009828 records: 3, size/record: 4, table size: 12
	index: 0, handler: __TI_decompress_lzss
	index: 1, handler: __TI_decompress_none
	index: 2, handler: __TI_zero_init


GLOBAL SYMBOLS: SORTED ALPHABETICALLY BY Name 

address   name                                       
-------   ----                                       
00005fa9  ADC14_configureConversionMemory            
00005e59  ADC14_configureMultiSequenceMode           
00008bcd  ADC14_enableConversion                     
00009511  ADC14_enableModule                         
00008669  ADC14_enableSampleTimer                    
00006e69  ADC14_getMultiSequenceResult               
00008fa9  ADC14_getResult                            
000079e9  ADC14_initModule                           
00008905  ADC14_setSampleHoldTime                    
000089f9  ADC14_toggleConversionTrigger              
00000aed  C$$EXIT                                    
00009521  CPU_cpsie                                  
000096b1  CPU_wfi                                    
00008d89  CS_Init                                    
00008cc1  CS_clearInterruptFlag                      
00002b99  CS_getDCOFrequency                         
00009149  CS_getMCLK                                 
00003c91  CS_initClockSignal                         
00008a29  CS_setDCOCenteredFrequency                 
2000ea7a  CurrentFilterGroup                         
2000ea78  CurrentFilterMask                          
00009411  FPU_enableModule                           
00008939  FlashCtl_setWaitState                      
00009421  GPIO_High                                  
00008bf9  GPIO_Init                                  
00009431  GPIO_Low                                   
000092c9  GPIO_clearInterruptFlag                    
000092e1  GPIO_enableInterrupt                       
00009161  GPIO_getInputPinValue                      
00008a59  GPIO_setAsInputPinWithPullUpResistor       
00008e29  GPIO_setAsOutputPin                        
00007a41  GPIO_setAsPeripheralModuleFunctionInputPin 
00007a99  GPIO_setAsPeripheralModuleFunctionOutputPin
000092f9  GPIO_setOutputHighOnPin                    
00009311  GPIO_setOutputLowOnPin                     
00009329  GPIO_toggleOutputOnPin                     
0000734d  I2C_masterSendMultiByteStart               
00009441  Interrupt_enableMaster                     
000028e9  MMC_disk_initialize                        
00002141  MMC_disk_ioctl                             
00006419  MMC_disk_read                              
00009531  MMC_disk_status                            
000057e1  MMC_disk_write                             
2000ea4e  MPU9250_devAddr                            
00009451  MPU9250_getMotion9                         
00008e49  MPU9250_initialize                         
00009541  MPU9250_setClockSource                     
00007d01  PCM_getCoreVoltageLevel                    
00008501  PCM_getPowerMode                           
00009551  PCM_getPowerState                          
00008a89  PCM_gotoLPM0                               
00006949  PCM_gotoLPM3                               
00009461  PCM_gotoLPM4                               
00009681  PCM_setCoreVoltageLevel                    
00009689  PCM_setPowerMode                           
00009691  PCM_setPowerState                          
00007f31  PCM_shutdownDevice                         
0000955d  REF_A_enableReferenceVoltage               
00009569  REF_A_enableTempSensor                     
00008e69  REF_A_setReferenceVoltage                  
00006c71  RTC_C_getCalendarTime                      
00008ab5  RTC_C_holdClock                            
2000c800  RecorderData                               
2000ea80  RecorderDataPtr                            
2000eb34  SPI0MasterConfig                           
00007d51  SPI_Init                                   
000086a1  SPI_Read                                   
000086d9  SPI_Write                                  
00005c45  SPI_initMaster                             
00007af1  SysCtl_getTLVInfo                          
00009579  SysCtl_getTempCalibrationConstant          
00008e89  SysCtl_setWDTTimeoutResetType              
000073b9  SystemInit                                 
2000eb9c  TraceQueueClassTable                       
2000e810  WATCHDOG_EVENT_GROUP                       
4000480c  WDTCTL_SYM                                 
00009179  WDT_A_clearTimer                           
00009191  WDT_A_holdTimer                            
00008e89  WDT_A_setTimeoutReset                      
00009341  WDT_A_startTimer                           
20010000  __STACK_END                                
00000320  __STACK_SIZE                               
00009840  __TI_CINIT_Base                            
00009850  __TI_CINIT_Limit                           
00009828  __TI_Handler_Table_Base                    
00009834  __TI_Handler_Table_Limit                   
000081e9  __TI_auto_init_nobinit_nopinit             
00007421  __TI_decompress_lzss                       
000094f1  __TI_decompress_none                       
ffffffff  __TI_pprof_out_hndl                        
ffffffff  __TI_prof_data_size                        
ffffffff  __TI_prof_data_start                       
00000000  __TI_static_base__                         
00009595  __TI_zero_init                             
00006ded  __aeabi_memclr                             
00006ded  __aeabi_memclr4                            
00006ded  __aeabi_memclr8                            
00006241  __aeabi_memcpy                             
00006241  __aeabi_memcpy4                            
00006241  __aeabi_memcpy8                            
00006def  __aeabi_memset                             
00006def  __aeabi_memset4                            
00006def  __aeabi_memset8                            
ffffffff  __binit__                                  
ffffffff  __c_args__                                 
UNDEFED   __mpu_init                                 
2000fce0  __stack                                    
000085bd  _c_int00_noargs                            
UNDEFED   _system_post_cinit                         
000007dd  _system_pre_init                           
00000aed  abort                                      
00004de9  adcInit                                    
00008711  aodcsTask                                  
ffffffff  binit                                      
2000e7c0  bufferIMU                                  
2000e814  bw                                         
2000e818  cal30                                      
2000e81c  cal85                                      
2000e820  calDifference                              
00008749  cameraTask                                 
000016d1  dataStorage                                
000091c1  disk_initialize                            
00008ea9  disk_ioctl                                 
00008db1  disk_read                                  
000091d9  disk_status                                
00008dd9  disk_write                                 
000083c1  eTaskConfirmSleepModeStatus                
2000e71b  fResult                                    
00007f81  f_mount                                    
00001a69  f_open                                     
00006381  f_sync                                     
000014f9  f_write                                    
2000e348  file                                       
2000e824  flag_lowBattery                            
2000e828  flag_systemMode                            
00008231  getLocalTime                               
00006709  getMotion6                                 
00008279  getTemperature                             
000096b9  get_fattime                                
2000ea71  handle_of_last_logged_task                 
00001301  houseKeeping                               
0000978c  i2cConfig                                  
2000e6dc  imuData                                    
000082c1  initI2C                                    
00007629  initSD                                     
2000e82c  init_hwtc_count                            
00000000  interruptVectors                           
00007b49  isLowBattery                               
2000ea50  isPendingContextSwitch                     
00006051  itoa                                       
000096e9  killAllTasks                               
2000e804  localTime                                  
00009029  main                                       
00006241  memcpy                                     
00006df5  memset                                     
2000ea70  nISRactive                                 
2000e570  obcData                                    
2000e9c0  objectHandleStacks                         
00007fd1  operationMode                              
000087f1  pptTask                                    
00008ec9  prvMarkObjectAsUsed                        
00008d11  prvQueueDataCreate                         
00003331  prvTaskCreate                              
00008401  prvTraceError                              
00009621  prvTraceGetCurrentTaskHandle               
00002a49  prvTraceGetObjectHandle                    
00004ec9  prvTraceGetPriorityProperty                
000096c1  prvTraceGetQueueNumber                     
000095c1  prvTraceGetQueueNumberHigh16               
00009641  prvTraceGetQueueNumberLow16                
00009699  prvTraceGetQueueType                       
000095d1  prvTraceGetTaskNumberHigh16                
00009651  prvTraceGetTaskNumberLow16                 
00005f01  prvTraceInitCortexM                        
00007c51  prvTracePortGetTimeStamp                   
00004201  prvTraceSetObjectName                      
000054b1  prvTraceSetObjectState                     
00005161  prvTraceSetPriorityProperty                
000090a9  prvTraceSetQueueNumberHigh16               
000090c9  prvTraceSetQueueNumberLow16                
00006d71  prvTraceSetTaskInstanceFinished            
000090e9  prvTraceSetTaskNumberHigh16                
00009109  prvTraceSetTaskNumberLow16                 
00001fa1  prvTraceStoreKernelCall                    
00003fe1  prvTraceStoreKernelCallWithNumericParamOnly
000018a1  prvTraceStoreKernelCallWithParam           
00004a39  prvTraceStoreTaskReady                     
00004d01  prvTraceStoreTaskswitch                    
00009471  prvWatchDogEventGroupCreate                
00000149  pszTraceGetErrorNotEnoughHandles           
00002f71  pvPortMalloc                               
000091f1  pvTaskIncrementMutexHeldCount              
2000ead0  pxCurrentTCB                               
00008b11  pxPortInitialiseStack                      
00004311  readI2C                                    
2000ea64  recorder_busy                              
2000e118  sdDriver                                   
2000eb98  semaphoreIMU                               
000095f1  setFullScaleAccelRange                     
00009601  setFullScaleGyroRange                      
00009661  setSleepEnabled                            
00009481  setWatchDogBit_AODCS                       
00009491  setWatchDogBit_CAMERA                      
000094a1  setWatchDogBit_DATASTORAGE                 
000094b1  setWatchDogBit_HOUSEKEEPING                
000094c1  setWatchDogBit_PPT                         
000094d1  setWatchDogBit_TTC                         
00008341  taskManager                                
2000ea68  timestampFrequency                         
2000ea6c  traceErrorMessage                          
2000ea5c  trace_disable_timestamp                    
000080c1  ttcTask                                    
00009699  ucQueueGetQueueType                        
00003461  uiIndexOfObject                            
00004b31  uiTraceStart                               
2000ea58  uiTraceTickCount                           
000097ac  ulMaxSyscallInterruptPriority              
00005095  ulPortGetIPSR                              
00008999  updateBatteryLevel                         
00008c99  uxListRemove                               
000096c1  uxQueueGetQueueNumber                      
00009671  uxTaskGetTaskNumber                        
00009239  uxTaskResetEventItemValue                  
000096f9  vApplicationIdleHook                       
000093d1  vApplicationMallocFailedHook               
000093e9  vApplicationStackOverflowHook              
00009701  vApplicationTickHook                       
00008f89  vListInitialise                            
000096a1  vListInitialiseItem                        
00008829  vListInsert                                
00009251  vListInsertEnd                             
00005151  vPortEnableVFP                             
000084c1  vPortEnterCritical                         
000089c9  vPortExitCritical                          
00006829  vPortFree                                  
0000510d  vPortSVCHandler                            
000074f1  vPortSetupTimerInterrupt                   
0000512d  vPortStartFirstTask                        
000031f9  vPortSuppressTicksAndSleep                 
000076f9  vPortValidateInterruptPriority             
00009709  vPreSleepProcessing                        
000096c9  vQueueSetQueueNumber                       
000081a1  vQueueWaitForMessageRestricted             
00008861  vT32_0_Handler                             
00008899  vT32_1_Handler                             
000062e1  vTaskDelay                                 
00004839  vTaskDelayUntil                            
00009269  vTaskInternalSetTimeOutState               
00009611  vTaskMissedYield                           
00003a49  vTaskNotifyGiveFromISR                     
00008631  vTaskPlaceOnEventList                      
00006a59  vTaskPlaceOnEventListRestricted            
00007881  vTaskPlaceOnUnorderedEventList             
000036c1  vTaskPriorityDisinheritAfterTimeout        
00005a21  vTaskRemoveFromUnorderedEventList          
000096a9  vTaskSetTaskNumber                         
00006b69  vTaskStartScheduler                        
000088d1  vTaskStepTick                              
000094e1  vTaskSuspendAll                            
00005239  vTaskSwitchContext                         
000060f9  vTraceEnable                               
00005581  vTraceInitObjectHandleStack                
00003db1  vTraceInitObjectPropertyTable              
000096d1  vTraceStart                                
00008d39  vTraceStop                                 
2000ea74  vTraceStopHookPtr                          
00005961  vTraceStoreMemMangEvent                    
00005ad9  vUART_Handler                              
00007201  watchDogTask                               
00007e91  writeBit                                   
000077c1  writeBits                                  
00005b91  writeI2C                                   
00009129  xEventGroupCreate                          
00005da9  xEventGroupSetBits                         
000037f1  xEventGroupWaitBits                        
00003591  xFirstTimerHandler                         
000050ad  xPortPendSVHandler                         
00004fa9  xPortStartScheduler                        
00008b71  xPortSysTickHandler                        
000092b1  xQueueCreateMutex                          
00006ee1  xQueueGenericCreate                        
00006679  xQueueGenericReset                         
000007e1  xQueueGenericSend                          
00002479  xQueueGenericSendFromISR                   
2000eb94  xQueueIMU                                  
00008ba1  xQueueIsQueueFullFromISR                   
00000df9  xQueueReceive                              
00002e29  xQueueReceiveFromISR                       
000004a9  xQueueSemaphoreTake                        
00001c31  xSecondTimerHandler                        
000065e1  xTaskCheckForTimeOut                       
00007559  xTaskCreate                                
00009621  xTaskGetCurrentTaskHandle                  
00008f49  xTaskGetSchedulerState                     
00009631  xTaskGetTickCount                          
000022e1  xTaskIncrementTick                         
00003b71  xTaskPriorityDisinherit                    
000040f1  xTaskPriorityInherit                       
00005721  xTaskRemoveFromEventList                   
00003921  xTaskResumeAll                             
00007939  xTimerCreateTimerTask                      
00006f59  xTimerGenericCommand                       


GLOBAL SYMBOLS: SORTED BY Symbol Address 

address   name                                       
-------   ----                                       
00000000  __TI_static_base__                         
00000000  interruptVectors                           
00000149  pszTraceGetErrorNotEnoughHandles           
00000320  __STACK_SIZE                               
000004a9  xQueueSemaphoreTake                        
000007dd  _system_pre_init                           
000007e1  xQueueGenericSend                          
00000aed  C$$EXIT                                    
00000aed  abort                                      
00000df9  xQueueReceive                              
00001301  houseKeeping                               
000014f9  f_write                                    
000016d1  dataStorage                                
000018a1  prvTraceStoreKernelCallWithParam           
00001a69  f_open                                     
00001c31  xSecondTimerHandler                        
00001fa1  prvTraceStoreKernelCall                    
00002141  MMC_disk_ioctl                             
000022e1  xTaskIncrementTick                         
00002479  xQueueGenericSendFromISR                   
000028e9  MMC_disk_initialize                        
00002a49  prvTraceGetObjectHandle                    
00002b99  CS_getDCOFrequency                         
00002e29  xQueueReceiveFromISR                       
00002f71  pvPortMalloc                               
000031f9  vPortSuppressTicksAndSleep                 
00003331  prvTaskCreate                              
00003461  uiIndexOfObject                            
00003591  xFirstTimerHandler                         
000036c1  vTaskPriorityDisinheritAfterTimeout        
000037f1  xEventGroupWaitBits                        
00003921  xTaskResumeAll                             
00003a49  vTaskNotifyGiveFromISR                     
00003b71  xTaskPriorityDisinherit                    
00003c91  CS_initClockSignal                         
00003db1  vTraceInitObjectPropertyTable              
00003fe1  prvTraceStoreKernelCallWithNumericParamOnly
000040f1  xTaskPriorityInherit                       
00004201  prvTraceSetObjectName                      
00004311  readI2C                                    
00004839  vTaskDelayUntil                            
00004a39  prvTraceStoreTaskReady                     
00004b31  uiTraceStart                               
00004d01  prvTraceStoreTaskswitch                    
00004de9  adcInit                                    
00004ec9  prvTraceGetPriorityProperty                
00004fa9  xPortStartScheduler                        
00005095  ulPortGetIPSR                              
000050ad  xPortPendSVHandler                         
0000510d  vPortSVCHandler                            
0000512d  vPortStartFirstTask                        
00005151  vPortEnableVFP                             
00005161  prvTraceSetPriorityProperty                
00005239  vTaskSwitchContext                         
000054b1  prvTraceSetObjectState                     
00005581  vTraceInitObjectHandleStack                
00005721  xTaskRemoveFromEventList                   
000057e1  MMC_disk_write                             
00005961  vTraceStoreMemMangEvent                    
00005a21  vTaskRemoveFromUnorderedEventList          
00005ad9  vUART_Handler                              
00005b91  writeI2C                                   
00005c45  SPI_initMaster                             
00005da9  xEventGroupSetBits                         
00005e59  ADC14_configureMultiSequenceMode           
00005f01  prvTraceInitCortexM                        
00005fa9  ADC14_configureConversionMemory            
00006051  itoa                                       
000060f9  vTraceEnable                               
00006241  __aeabi_memcpy                             
00006241  __aeabi_memcpy4                            
00006241  __aeabi_memcpy8                            
00006241  memcpy                                     
000062e1  vTaskDelay                                 
00006381  f_sync                                     
00006419  MMC_disk_read                              
000065e1  xTaskCheckForTimeOut                       
00006679  xQueueGenericReset                         
00006709  getMotion6                                 
00006829  vPortFree                                  
00006949  PCM_gotoLPM3                               
00006a59  vTaskPlaceOnEventListRestricted            
00006b69  vTaskStartScheduler                        
00006c71  RTC_C_getCalendarTime                      
00006d71  prvTraceSetTaskInstanceFinished            
00006ded  __aeabi_memclr                             
00006ded  __aeabi_memclr4                            
00006ded  __aeabi_memclr8                            
00006def  __aeabi_memset                             
00006def  __aeabi_memset4                            
00006def  __aeabi_memset8                            
00006df5  memset                                     
00006e69  ADC14_getMultiSequenceResult               
00006ee1  xQueueGenericCreate                        
00006f59  xTimerGenericCommand                       
00007201  watchDogTask                               
0000734d  I2C_masterSendMultiByteStart               
000073b9  SystemInit                                 
00007421  __TI_decompress_lzss                       
000074f1  vPortSetupTimerInterrupt                   
00007559  xTaskCreate                                
00007629  initSD                                     
000076f9  vPortValidateInterruptPriority             
000077c1  writeBits                                  
00007881  vTaskPlaceOnUnorderedEventList             
00007939  xTimerCreateTimerTask                      
000079e9  ADC14_initModule                           
00007a41  GPIO_setAsPeripheralModuleFunctionInputPin 
00007a99  GPIO_setAsPeripheralModuleFunctionOutputPin
00007af1  SysCtl_getTLVInfo                          
00007b49  isLowBattery                               
00007c51  prvTracePortGetTimeStamp                   
00007d01  PCM_getCoreVoltageLevel                    
00007d51  SPI_Init                                   
00007e91  writeBit                                   
00007f31  PCM_shutdownDevice                         
00007f81  f_mount                                    
00007fd1  operationMode                              
000080c1  ttcTask                                    
000081a1  vQueueWaitForMessageRestricted             
000081e9  __TI_auto_init_nobinit_nopinit             
00008231  getLocalTime                               
00008279  getTemperature                             
000082c1  initI2C                                    
00008341  taskManager                                
000083c1  eTaskConfirmSleepModeStatus                
00008401  prvTraceError                              
000084c1  vPortEnterCritical                         
00008501  PCM_getPowerMode                           
000085bd  _c_int00_noargs                            
00008631  vTaskPlaceOnEventList                      
00008669  ADC14_enableSampleTimer                    
000086a1  SPI_Read                                   
000086d9  SPI_Write                                  
00008711  aodcsTask                                  
00008749  cameraTask                                 
000087f1  pptTask                                    
00008829  vListInsert                                
00008861  vT32_0_Handler                             
00008899  vT32_1_Handler                             
000088d1  vTaskStepTick                              
00008905  ADC14_setSampleHoldTime                    
00008939  FlashCtl_setWaitState                      
00008999  updateBatteryLevel                         
000089c9  vPortExitCritical                          
000089f9  ADC14_toggleConversionTrigger              
00008a29  CS_setDCOCenteredFrequency                 
00008a59  GPIO_setAsInputPinWithPullUpResistor       
00008a89  PCM_gotoLPM0                               
00008ab5  RTC_C_holdClock                            
00008b11  pxPortInitialiseStack                      
00008b71  xPortSysTickHandler                        
00008ba1  xQueueIsQueueFullFromISR                   
00008bcd  ADC14_enableConversion                     
00008bf9  GPIO_Init                                  
00008c99  uxListRemove                               
00008cc1  CS_clearInterruptFlag                      
00008d11  prvQueueDataCreate                         
00008d39  vTraceStop                                 
00008d89  CS_Init                                    
00008db1  disk_read                                  
00008dd9  disk_write                                 
00008e29  GPIO_setAsOutputPin                        
00008e49  MPU9250_initialize                         
00008e69  REF_A_setReferenceVoltage                  
00008e89  SysCtl_setWDTTimeoutResetType              
00008e89  WDT_A_setTimeoutReset                      
00008ea9  disk_ioctl                                 
00008ec9  prvMarkObjectAsUsed                        
00008f49  xTaskGetSchedulerState                     
00008f89  vListInitialise                            
00008fa9  ADC14_getResult                            
00009029  main                                       
000090a9  prvTraceSetQueueNumberHigh16               
000090c9  prvTraceSetQueueNumberLow16                
000090e9  prvTraceSetTaskNumberHigh16                
00009109  prvTraceSetTaskNumberLow16                 
00009129  xEventGroupCreate                          
00009149  CS_getMCLK                                 
00009161  GPIO_getInputPinValue                      
00009179  WDT_A_clearTimer                           
00009191  WDT_A_holdTimer                            
000091c1  disk_initialize                            
000091d9  disk_status                                
000091f1  pvTaskIncrementMutexHeldCount              
00009239  uxTaskResetEventItemValue                  
00009251  vListInsertEnd                             
00009269  vTaskInternalSetTimeOutState               
000092b1  xQueueCreateMutex                          
000092c9  GPIO_clearInterruptFlag                    
000092e1  GPIO_enableInterrupt                       
000092f9  GPIO_setOutputHighOnPin                    
00009311  GPIO_setOutputLowOnPin                     
00009329  GPIO_toggleOutputOnPin                     
00009341  WDT_A_startTimer                           
000093d1  vApplicationMallocFailedHook               
000093e9  vApplicationStackOverflowHook              
00009411  FPU_enableModule                           
00009421  GPIO_High                                  
00009431  GPIO_Low                                   
00009441  Interrupt_enableMaster                     
00009451  MPU9250_getMotion9                         
00009461  PCM_gotoLPM4                               
00009471  prvWatchDogEventGroupCreate                
00009481  setWatchDogBit_AODCS                       
00009491  setWatchDogBit_CAMERA                      
000094a1  setWatchDogBit_DATASTORAGE                 
000094b1  setWatchDogBit_HOUSEKEEPING                
000094c1  setWatchDogBit_PPT                         
000094d1  setWatchDogBit_TTC                         
000094e1  vTaskSuspendAll                            
000094f1  __TI_decompress_none                       
00009511  ADC14_enableModule                         
00009521  CPU_cpsie                                  
00009531  MMC_disk_status                            
00009541  MPU9250_setClockSource                     
00009551  PCM_getPowerState                          
0000955d  REF_A_enableReferenceVoltage               
00009569  REF_A_enableTempSensor                     
00009579  SysCtl_getTempCalibrationConstant          
00009595  __TI_zero_init                             
000095c1  prvTraceGetQueueNumberHigh16               
000095d1  prvTraceGetTaskNumberHigh16                
000095f1  setFullScaleAccelRange                     
00009601  setFullScaleGyroRange                      
00009611  vTaskMissedYield                           
00009621  prvTraceGetCurrentTaskHandle               
00009621  xTaskGetCurrentTaskHandle                  
00009631  xTaskGetTickCount                          
00009641  prvTraceGetQueueNumberLow16                
00009651  prvTraceGetTaskNumberLow16                 
00009661  setSleepEnabled                            
00009671  uxTaskGetTaskNumber                        
00009681  PCM_setCoreVoltageLevel                    
00009689  PCM_setPowerMode                           
00009691  PCM_setPowerState                          
00009699  prvTraceGetQueueType                       
00009699  ucQueueGetQueueType                        
000096a1  vListInitialiseItem                        
000096a9  vTaskSetTaskNumber                         
000096b1  CPU_wfi                                    
000096b9  get_fattime                                
000096c1  prvTraceGetQueueNumber                     
000096c1  uxQueueGetQueueNumber                      
000096c9  vQueueSetQueueNumber                       
000096d1  vTraceStart                                
000096e9  killAllTasks                               
000096f9  vApplicationIdleHook                       
00009701  vApplicationTickHook                       
00009709  vPreSleepProcessing                        
0000978c  i2cConfig                                  
000097ac  ulMaxSyscallInterruptPriority              
00009828  __TI_Handler_Table_Base                    
00009834  __TI_Handler_Table_Limit                   
00009840  __TI_CINIT_Base                            
00009850  __TI_CINIT_Limit                           
2000c800  RecorderData                               
2000e118  sdDriver                                   
2000e348  file                                       
2000e570  obcData                                    
2000e6dc  imuData                                    
2000e71b  fResult                                    
2000e7c0  bufferIMU                                  
2000e804  localTime                                  
2000e810  WATCHDOG_EVENT_GROUP                       
2000e814  bw                                         
2000e818  cal30                                      
2000e81c  cal85                                      
2000e820  calDifference                              
2000e824  flag_lowBattery                            
2000e828  flag_systemMode                            
2000e82c  init_hwtc_count                            
2000e9c0  objectHandleStacks                         
2000ea4e  MPU9250_devAddr                            
2000ea50  isPendingContextSwitch                     
2000ea58  uiTraceTickCount                           
2000ea5c  trace_disable_timestamp                    
2000ea64  recorder_busy                              
2000ea68  timestampFrequency                         
2000ea6c  traceErrorMessage                          
2000ea70  nISRactive                                 
2000ea71  handle_of_last_logged_task                 
2000ea74  vTraceStopHookPtr                          
2000ea78  CurrentFilterMask                          
2000ea7a  CurrentFilterGroup                         
2000ea80  RecorderDataPtr                            
2000ead0  pxCurrentTCB                               
2000eb34  SPI0MasterConfig                           
2000eb94  xQueueIMU                                  
2000eb98  semaphoreIMU                               
2000eb9c  TraceQueueClassTable                       
2000fce0  __stack                                    
20010000  __STACK_END                                
4000480c  WDTCTL_SYM                                 
ffffffff  __TI_pprof_out_hndl                        
ffffffff  __TI_prof_data_size                        
ffffffff  __TI_prof_data_start                       
ffffffff  __binit__                                  
ffffffff  __c_args__                                 
ffffffff  binit                                      
UNDEFED   __mpu_init                                 
UNDEFED   _system_post_cinit                         

[302 symbols]
