******************************************************************************
                  TI ARM Linker PC v18.1.1                     
******************************************************************************
>> Linked Tue Jun 11 10:11:51 2019

OUTPUT FILE NAME:   <Firmware_OBC.out>
ENTRY POINT SYMBOL: "_c_int00_noargs"  address: 00007b1d


MEMORY CONFIGURATION

         name            origin    length      used     unused   attr    fill
----------------------  --------  ---------  --------  --------  ----  --------
  MAIN                  00000000   00040000  00008ac2  0003753e  R  X
  INFO                  00200000   00004000  00000000  00004000  R  X
  SRAM_CODE             01000000   00010000  00000000  00010000  RW X
  SRAM_DATA             20000000   00010000  0000ef1f  000010e1  RW  


SEGMENT ALLOCATION MAP

run origin  load origin   length   init length attrs members
----------  ----------- ---------- ----------- ----- -------
00000000    00000000    00008ac8   00008ac8    r-x
  00000000    00000000    00000144   00000144    r-- .intvecs
  00000148    00000148    0000883a   0000883a    r-x .text
  00008984    00008984    000000ac   000000ac    r-- .const
  00008a30    00008a30    00000098   00000098    r-- .cinit
20000000    20000000    0000ebff   00000000    rw-
  20000000    20000000    0000e88c   00000000    rw- .bss
  2000e88c    2000e88c    00000373   00000000    rw- .data
2000fce0    2000fce0    00000320   00000000    rw-
  2000fce0    2000fce0    00000320   00000000    rw- .stack


SECTION ALLOCATION MAP

 output                                  attributes/
section   page    origin      length       input sections
--------  ----  ----------  ----------   ----------------
.intvecs   0    00000000    00000144     
                  00000000    00000144     msp432_startup_ccs.obj (.intvecs:retain)

.text      0    00000148    0000883a     
                  00000148    0000035e     trcKernelPort.obj (.text:pszTraceGetErrorNotEnoughHandles)
                  000004a6    00000002     --HOLE-- [fill = 0]
                  000004a8    00000334     queue.obj (.text:xQueueSemaphoreTake)
                  000007dc    00000004     rtsv7M4_T_le_v4SPD16_eabi.lib : pre_init.c.obj (.text:_system_pre_init)
                  000007e0    0000030c     queue.obj (.text:xQueueGenericSend)
                  00000aec    00000004     rtsv7M4_T_le_v4SPD16_eabi.lib : exit.c.obj (.text:abort:abort)
                  00000af0    00000304     ff.obj (.text:find_volume)
                  00000df4    00000004     --HOLE-- [fill = 0]
                  00000df8    000002ec     queue.obj (.text:xQueueReceive)
                  000010e4    00000004     --HOLE-- [fill = 0]
                  000010e8    000001d2     ff.obj (.text:f_write)
                  000012ba    00000006     --HOLE-- [fill = 0]
                  000012c0    000001c8     trcSnapshotRecorder.obj (.text:prvTraceStoreKernelCallWithParam)
                  00001488    000001c6     ff.obj (.text:f_open)
                  0000164e    00000002     --HOLE-- [fill = 0]
                  00001650    000001c0     IntQueue.obj (.text:xSecondTimerHandler)
                  00001810    000001b0     trcSnapshotRecorder.obj (.text:prvTraceInitTraceData)
                  000019c0    000001a0     trcSnapshotRecorder.obj (.text:prvTraceStoreKernelCall)
                  00001b60    0000019c     mmc_MSP432P401r.obj (.text:MMC_disk_ioctl)
                  00001cfc    00000004     --HOLE-- [fill = 0]
                  00001d00    00000198     tasks.obj (.text:xTaskIncrementTick)
                  00001e98    00000188     queue.obj (.text:xQueueGenericSendFromISR)
                  00002020    00000184     trcSnapshotRecorder.obj (.text:prvTraceGetDTS)
                  000021a4    00000160     msp432p4xx_driverlib.lib : adc14.o (.text:_getIndexForMemRegister)
                  00002304    00000004     --HOLE-- [fill = 0]
                  00002308    0000015c     mmc_MSP432P401r.obj (.text:MMC_disk_initialize)
                  00002464    00000004     --HOLE-- [fill = 0]
                  00002468    0000014c     trcSnapshotRecorder.obj (.text:prvTraceGetObjectHandle)
                  000025b4    00000004     --HOLE-- [fill = 0]
                  000025b8    00000148     cs.obj (.text:CS_getDCOFrequency)
                  00002700    00000148     trcSnapshotRecorder.obj (.text:prvCheckDataToBeOverwrittenForMultiEntryEvents)
                  00002848    00000148     queue.obj (.text:xQueueReceiveFromISR)
                  00002990    00000144     dataStorage.obj (.text:dataStorage)
                  00002ad4    00000004     --HOLE-- [fill = 0]
                  00002ad8    00000144     heap_4.obj (.text:pvPortMalloc)
                  00002c1c    00000004     --HOLE-- [fill = 0]
                  00002c20    00000140     tasks.obj (.text:prvAddNewTaskToReadyList)
                  00002d60    00000134     port.obj (.text:vPortSuppressTicksAndSleep)
                  00002e94    00000004     --HOLE-- [fill = 0]
                  00002e98    00000130     houseKeeping.obj (.text:houseKeeping)
                  00002fc8    00000130     trcSnapshotRecorder.obj (.text:uiIndexOfObject)
                  000030f8    00000130     IntQueue.obj (.text:xFirstTimerHandler)
                  00003228    0000012c     tasks.obj (.text:vTaskPriorityDisinheritAfterTimeout)
                  00003354    00000004     --HOLE-- [fill = 0]
                  00003358    00000128     tasks.obj (.text:xTaskResumeAll)
                  00003480    00000124     tasks.obj (.text:vTaskNotifyGiveFromISR)
                  000035a4    00000004     --HOLE-- [fill = 0]
                  000035a8    00000120     tasks.obj (.text:xTaskPriorityDisinherit)
                  000036c8    0000011c     cs.obj (.text:CS_initClockSignal)
                  000037e4    00000004     --HOLE-- [fill = 0]
                  000037e8    00000118     trcKernelPort.obj (.text:vTraceInitObjectPropertyTable)
                  00003900    00000114     cs.obj (.text:_CSComputeCLKFrequency)
                  00003a14    00000004     --HOLE-- [fill = 0]
                  00003a18    00000110     trcSnapshotRecorder.obj (.text:prvTraceStoreKernelCallWithNumericParamOnly)
                  00003b28    00000110     tasks.obj (.text:xTaskPriorityInherit)
                  00003c38    0000010c     trcSnapshotRecorder.obj (.text:prvTraceSetObjectName)
                  00003d44    00000004     --HOLE-- [fill = 0]
                  00003d48    0000010c     MPU9250.obj (.text:readI2C)
                  00003e54    00000004     --HOLE-- [fill = 0]
                  00003e58    00000108     pcm.obj (.text:__PCM_setPowerModeAdvanced)
                  00003f60    00000104     ff.obj (.text:create_chain)
                  00004064    00000004     --HOLE-- [fill = 0]
                  00004068    00000103     ff.obj (.text:create_name)
                  0000416b    00000005     --HOLE-- [fill = 0]
                  00004170    00000100     timers.obj (.text:prvProcessReceivedCommands)
                  00004270    000000fa     ff.obj (.text:put_fat)
                  0000436a    00000006     --HOLE-- [fill = 0]
                  00004370    000000f4     trcSnapshotRecorder.obj (.text:prvTraceStoreTaskReady)
                  00004464    00000004     --HOLE-- [fill = 0]
                  00004468    000000e8     trcSnapshotRecorder.obj (.text:uiTraceStart)
                  00004550    000000e6     ff.obj (.text:dir_next)
                  00004636    00000002     --HOLE-- [fill = 0]
                  00004638    000000e4     trcSnapshotRecorder.obj (.text:prvTraceStoreTaskswitch)
                  0000471c    00000004     --HOLE-- [fill = 0]
                  00004720    000000e0     houseKeeping.obj (.text:adcInit)
                  00004800    000000dc     trcSnapshotRecorder.obj (.text:prvTraceGetPriorityProperty)
                  000048dc    00000004     --HOLE-- [fill = 0]
                  000048e0    000000dc     port.obj (.text:xPortStartScheduler)
                  000049bc    000000da     portasm.obj (.text)
                  00004a96    00000002     --HOLE-- [fill = 0]
                  00004a98    000000d8     trcSnapshotRecorder.obj (.text:prvTraceSetPriorityProperty)
                  00004b70    000000d4     tasks.obj (.text:vTaskSwitchContext)
                  00004c44    00000004     --HOLE-- [fill = 0]
                  00004c48    000000d0     pcm.obj (.text:__PCM_setCoreVoltageLevelAdvanced)
                  00004d18    000000d0     trcSnapshotRecorder.obj (.text:prvTraceGetObjectState)
                  00004de8    000000cc     trcSnapshotRecorder.obj (.text:prvTraceSetObjectState)
                  00004eb4    00000004     --HOLE-- [fill = 0]
                  00004eb8    000000cc     trcKernelPort.obj (.text:vTraceInitObjectHandleStack)
                  00004f84    00000004     --HOLE-- [fill = 0]
                  00004f88    000000ca     ff.obj (.text:get_fat)
                  00005052    00000006     --HOLE-- [fill = 0]
                  00005058    000000c0     tasks.obj (.text:xTaskRemoveFromEventList)
                  00005118    000000bc     mmc_MSP432P401r.obj (.text:MMC_disk_write)
                  000051d4    00000004     --HOLE-- [fill = 0]
                  000051d8    000000bc     queue.obj (.text:prvInitialiseNewQueue)
                  00005294    00000004     --HOLE-- [fill = 0]
                  00005298    000000bc     trcSnapshotRecorder.obj (.text:vTraceStoreMemMangEvent)
                  00005354    00000004     --HOLE-- [fill = 0]
                  00005358    000000b4     serial.obj (.text:vUART_Handler)
                  0000540c    00000004     --HOLE-- [fill = 0]
                  00005410    000000b4     MPU9250.obj (.text:writeI2C)
                  000054c4    000000b0     msp432p4xx_driverlib.lib : spi.o (.text:SPI_initMaster)
                  00005574    00000004     --HOLE-- [fill = 0]
                  00005578    000000ae     tasks.obj (.text:prvInitialiseNewTask)
                  00005626    00000002     --HOLE-- [fill = 0]
                  00005628    000000a8     msp432p4xx_driverlib.lib : adc14.o (.text:ADC14_configureMultiSequenceMode)
                  000056d0    000000a8     trcSnapshotRecorder.obj (.text:prvTraceInitCortexM)
                  00005778    000000a4     msp432p4xx_driverlib.lib : adc14.o (.text:ADC14_configureConversionMemory)
                  0000581c    00000004     --HOLE-- [fill = 0]
                  00005820    000000a4     itoa.obj (.text:itoa)
                  000058c4    00000004     --HOLE-- [fill = 0]
                  000058c8    000000a4     trcSnapshotRecorder.obj (.text:vTraceEnable)
                  0000596c    00000004     --HOLE-- [fill = 0]
                  00005970    000000a0     ff.obj (.text:dir_sdi)
                  00005a10    0000009c     rtsv7M4_T_le_v4SPD16_eabi.lib : memcpy_t2.asm.obj (.text)
                  00005aac    00000004     --HOLE-- [fill = 0]
                  00005ab0    0000009c     tasks.obj (.text:vTaskDelay)
                  00005b4c    00000004     --HOLE-- [fill = 0]
                  00005b50    00000098     ff.obj (.text:f_sync)
                  00005be8    00000094     mmc_MSP432P401r.obj (.text:MMC_disk_read)
                  00005c7c    00000094     msp432p4xx_driverlib.lib : rtc_c.o (.text:RTC_C_initCalendar)
                  00005d10    00000094     timers.obj (.text:prvSwitchTimerLists)
                  00005da4    00000004     --HOLE-- [fill = 0]
                  00005da8    00000094     trcSnapshotRecorder.obj (.text:prvTraceGetParam)
                  00005e3c    00000004     --HOLE-- [fill = 0]
                  00005e40    00000094     tasks.obj (.text:xTaskCheckForTimeOut)
                  00005ed4    00000004     --HOLE-- [fill = 0]
                  00005ed8    00000090     queue.obj (.text:xQueueGenericReset)
                  00005f68    0000008c     MPU9250.obj (.text:getMotion6)
                  00005ff4    00000004     --HOLE-- [fill = 0]
                  00005ff8    0000008c     ff.obj (.text:sync_fs)
                  00006084    00000004     --HOLE-- [fill = 0]
                  00006088    0000008c     heap_4.obj (.text:vPortFree)
                  00006114    00000004     --HOLE-- [fill = 0]
                  00006118    0000008a     ff.obj (.text:check_fs)
                  000061a2    00000006     --HOLE-- [fill = 0]
                  000061a8    00000088     tasks.obj (.text:prvAddCurrentTaskToDelayedList)
                  00006230    00000088     tasks.obj (.text:vTaskPlaceOnEventListRestricted)
                  000062b8    00000086     ff.obj (.text:follow_path)
                  0000633e    00000002     --HOLE-- [fill = 0]
                  00006340    00000084     tasks.obj (.text:vTaskStartScheduler)
                  000063c4    00000004     --HOLE-- [fill = 0]
                  000063c8    00000080     ff.obj (.text:remove_chain)
                  00006448    0000007c     msp432p4xx_driverlib.lib : rtc_c.o (.text:RTC_C_getCalendarTime)
                  000064c4    00000004     --HOLE-- [fill = 0]
                  000064c8    0000007c     tasks.obj (.text:prvIdleTask)
                  00006544    00000004     --HOLE-- [fill = 0]
                  00006548    0000007c     trcSnapshotRecorder.obj (.text:prvTraceSetTaskInstanceFinished)
                  000065c4    0000007a     rtsv7M4_T_le_v4SPD16_eabi.lib : memset_t2.asm.obj (.text)
                  0000663e    00000002     --HOLE-- [fill = 0]
                  00006640    00000078     msp432p4xx_driverlib.lib : adc14.o (.text:ADC14_getMultiSequenceResult)
                  000066b8    00000074     queue.obj (.text:xQueueGenericCreate)
                  0000672c    00000004     --HOLE-- [fill = 0]
                  00006730    00000074     timers.obj (.text:xTimerGenericCommand)
                  000067a4    00000004     --HOLE-- [fill = 0]
                  000067a8    00000070     queue.obj (.text:prvCopyDataToQueue)
                  00006818    00000070     heap_4.obj (.text:prvHeapInit)
                  00006888    00000070     tasks.obj (.text:prvInitialiseTaskLists)
                  000068f8    00000070     timers.obj (.text:prvProcessTimerOrBlockTask)
                  00006968    00000070     mmc_MSP432P401r.obj (.text:send_cmd)
                  000069d8    0000006c     queue.obj (.text:prvUnlockQueue)
                  00006a44    00000068     msp432p4xx_driverlib.lib : i2c.o (.text:I2C_masterSendMultiByteStart)
                  00006aac    00000004     --HOLE-- [fill = 0]
                  00006ab0    00000068     system_msp432p401r.obj (.text:SystemInit)
                  00006b18    00000068     rtsv7M4_T_le_v4SPD16_eabi.lib : copy_decompress_lzss.c.obj (.text:decompress:lzss:__TI_decompress_lzss)
                  00006b80    00000068     heap_4.obj (.text:prvInsertBlockIntoFreeList)
                  00006be8    00000068     port.obj (.text:vPortSetupTimerInterrupt)
                  00006c50    00000068     tasks.obj (.text:xTaskCreate)
                  00006cb8    00000066     ff.obj (.text:dir_clear)
                  00006d1e    00000002     --HOLE-- [fill = 0]
                  00006d20    00000064     dataStorage.obj (.text:initSD)
                  00006d84    00000004     --HOLE-- [fill = 0]
                  00006d88    00000064     trcSnapshotRecorder.obj (.text:prvTraceNextFreeEventBufferSlot)
                  00006dec    00000004     --HOLE-- [fill = 0]
                  00006df0    00000064     port.obj (.text:vPortValidateInterruptPriority)
                  00006e54    00000004     --HOLE-- [fill = 0]
                  00006e58    00000060     timers.obj (.text:prvProcessExpiredTimer)
                  00006eb8    00000060     MPU9250.obj (.text:writeBits)
                  00006f18    00000060     mmc_MSP432P401r.obj (.text:xmit_datablock)
                  00006f78    00000058     taskManager.obj (.text:taskCreate)
                  00006fd0    00000058     timers.obj (.text:xTimerCreateTimerTask)
                  00007028    00000056     ff.obj (.text:dir_find)
                  0000707e    00000002     --HOLE-- [fill = 0]
                  00007080    00000054     msp432p4xx_driverlib.lib : adc14.o (.text:ADC14_initModule)
                  000070d4    00000004     --HOLE-- [fill = 0]
                  000070d8    00000054     gpio.obj (.text:GPIO_setAsPeripheralModuleFunctionInputPin)
                  0000712c    00000004     --HOLE-- [fill = 0]
                  00007130    00000054     gpio.obj (.text:GPIO_setAsPeripheralModuleFunctionOutputPin)
                  00007184    00000004     --HOLE-- [fill = 0]
                  00007188    00000054     sysctl.obj (.text:SysCtl_getTLVInfo)
                  000071dc    00000004     --HOLE-- [fill = 0]
                  000071e0    00000054     tasks.obj (.text:prvCheckTasksWaitingTermination)
                  00007234    00000004     --HOLE-- [fill = 0]
                  00007238    00000054     timers.obj (.text:prvInsertTimerInActiveList)
                  0000728c    00000004     --HOLE-- [fill = 0]
                  00007290    00000054     trcSnapshotRecorder.obj (.text:prvTracePortGetTimeStamp)
                  000072e4    00000004     --HOLE-- [fill = 0]
                  000072e8    00000052     cs.obj (.text:_CSGetDividerValue)
                  0000733a    00000006     --HOLE-- [fill = 0]
                  00007340    00000050     pcm.obj (.text:PCM_getCoreVoltageLevel)
                  00007390    00000050     SPI_Driver.obj (.text:SPI_Init)
                  000073e0    00000050     cs.obj (.text:_CSGetDOCFrequency)
                  00007430    00000050     ff.obj (.text:dbc_2nd)
                  00007480    00000050     tasks.obj (.text:prvGetExpectedIdleTime)
                  000074d0    00000050     MPU9250.obj (.text:writeBit)
                  00007520    0000004e     ff.obj (.text:dir_alloc)
                  0000756e    00000002     --HOLE-- [fill = 0]
                  00007570    0000004c     ff.obj (.text:f_mount)
                  000075bc    00000004     --HOLE-- [fill = 0]
                  000075c0    0000004c     timers.obj (.text:prvCheckForValidListAndQueue)
                  0000760c    00000004     --HOLE-- [fill = 0]
                  00007610    0000004c     mmc_MSP432P401r.obj (.text:rcvr_datablock)
                  0000765c    00000004     --HOLE-- [fill = 0]
                  00007660    0000004a     main.obj (.text:prvConfigureClocks)
                  000076aa    00000006     --HOLE-- [fill = 0]
                  000076b0    00000048     ff.obj (.text:get_ldnumber)
                  000076f8    00000048     ff.obj (.text:sync_window)
                  00007740    00000048     queue.obj (.text:vQueueWaitForMessageRestricted)
                  00007788    00000044     rtsv7M4_T_le_v4SPD16_eabi.lib : autoinit.c.obj (.text:__TI_auto_init_nobinit_nopinit:__TI_auto_init_nobinit_nopinit)
                  000077cc    00000004     --HOLE-- [fill = 0]
                  000077d0    00000044     dataStorage.obj (.text:getLocalTime)
                  00007814    00000004     --HOLE-- [fill = 0]
                  00007818    00000044     houseKeeping.obj (.text:getTemperature)
                  0000785c    00000004     --HOLE-- [fill = 0]
                  00007860    00000040     MPU9250.obj (.text:initI2C)
                  000078a0    00000040     msp432p4xx_driverlib.lib : spi.o (.text:is_A_Module)
                  000078e0    0000003e     mmc_MSP432P401r.obj (.text:send_cmd12)
                  0000791e    00000002     --HOLE-- [fill = 0]
                  00007920    0000003c     tasks.obj (.text:eTaskConfirmSleepModeStatus)
                  0000795c    00000004     --HOLE-- [fill = 0]
                  00007960    0000003c     trcSnapshotRecorder.obj (.text:prvTraceError)
                  0000799c    00000004     --HOLE-- [fill = 0]
                  000079a0    0000003c     trcSnapshotRecorder.obj (.text:prvTraceUpdateCounters)
                  000079dc    00000004     --HOLE-- [fill = 0]
                  000079e0    0000003c     mmc_MSP432P401r.obj (.text:send_initial_clock_train)
                  00007a1c    00000004     --HOLE-- [fill = 0]
                  00007a20    0000003c     port.obj (.text:vPortEnterCritical)
                  00007a5c    00000004     --HOLE-- [fill = 0]
                  00007a60    0000003a     pcm.obj (.text:PCM_getPowerMode)
                  00007a9a    00000006     --HOLE-- [fill = 0]
                  00007aa0    0000003a     ff.obj (.text:dir_register)
                  00007ada    00000006     --HOLE-- [fill = 0]
                  00007ae0    0000003a     ff.obj (.text:validate)
                  00007b1a    00000002     --HOLE-- [fill = 0]
                  00007b1c    00000038     rtsv7M4_T_le_v4SPD16_eabi.lib : boot_cortex_m.c.obj (.text:_c_int00_noargs:_c_int00_noargs)
                  00007b54    00000004     --HOLE-- [fill = 0]
                  00007b58    00000038     port.obj (.text:prvTaskExitError)
                  00007b90    00000038     tasks.obj (.text:vTaskPlaceOnEventList)
                  00007bc8    00000034     msp432p4xx_driverlib.lib : adc14.o (.text:ADC14_enableSampleTimer)
                  00007bfc    00000004     --HOLE-- [fill = 0]
                  00007c00    00000034     SPI_Driver.obj (.text:SPI_Read)
                  00007c34    00000004     --HOLE-- [fill = 0]
                  00007c38    00000034     SPI_Driver.obj (.text:SPI_Write)
                  00007c6c    00000004     --HOLE-- [fill = 0]
                  00007c70    00000034     main.obj (.text:calendarConfiguration)
                  00007ca4    00000004     --HOLE-- [fill = 0]
                  00007ca8    00000034     ff.obj (.text:dbc_1st)
                  00007cdc    00000004     --HOLE-- [fill = 0]
                  00007ce0    00000034     ff.obj (.text:move_window)
                  00007d14    00000004     --HOLE-- [fill = 0]
                  00007d18    00000034     list.obj (.text:vListInsert)
                  00007d4c    00000004     --HOLE-- [fill = 0]
                  00007d50    00000034     IntQueueTimer.obj (.text:vT32_0_Handler)
                  00007d84    00000004     --HOLE-- [fill = 0]
                  00007d88    00000034     IntQueueTimer.obj (.text:vT32_1_Handler)
                  00007dbc    00000004     --HOLE-- [fill = 0]
                  00007dc0    00000034     tasks.obj (.text:vTaskStepTick)
                  00007df4    00000030     msp432p4xx_driverlib.lib : adc14.o (.text:ADC14_setSampleHoldTime)
                  00007e24    00000004     --HOLE-- [fill = 0]
                  00007e28    00000030     flash.obj (.text:FlashCtl_setWaitState)
                  00007e58    00000030     tasks.obj (.text:prvResetNextTaskUnblockTime)
                  00007e88    00000030     port.obj (.text:vPortExitCritical)
                  00007eb8    0000002c     msp432p4xx_driverlib.lib : adc14.o (.text:ADC14_toggleConversionTrigger)
                  00007ee4    00000004     --HOLE-- [fill = 0]
                  00007ee8    0000002c     cs.obj (.text:CS_setDCOCenteredFrequency)
                  00007f14    0000002c     msp432p4xx_driverlib.lib : rtc_c.o (.text:RTC_C_startClock)
                  00007f40    0000002c     timers.obj (.text:prvSampleTimeNow)
                  00007f6c    00000004     --HOLE-- [fill = 0]
                  00007f70    0000002c     port.obj (.text:pxPortInitialiseStack)
                  00007f9c    00000004     --HOLE-- [fill = 0]
                  00007fa0    0000002c     mmc_MSP432P401r.obj (.text:rcvr_spi)
                  00007fcc    00000004     --HOLE-- [fill = 0]
                  00007fd0    0000002c     port.obj (.text:xPortSysTickHandler)
                  00007ffc    00000004     --HOLE-- [fill = 0]
                  00008000    0000002c     queue.obj (.text:xQueueIsQueueFullFromISR)
                  0000802c    00000028     msp432p4xx_driverlib.lib : adc14.o (.text:ADC14_enableConversion)
                  00008054    00000004     --HOLE-- [fill = 0]
                  00008058    00000028     GPIO_Driver.obj (.text:GPIO_Init)
                  00008080    00000028     queue.obj (.text:prvCopyDataFromQueue)
                  000080a8    00000028     mmc_MSP432P401r.obj (.text:xmit_spi)
                  000080d0    00000026     ff.obj (.text:ld_clust)
                  000080f6    00000002     --HOLE-- [fill = 0]
                  000080f8    00000026     list.obj (.text:uxListRemove)
                  0000811e    00000002     --HOLE-- [fill = 0]
                  00008120    00000024     cs.obj (.text:CS_clearInterruptFlag)
                  00008144    00000004     --HOLE-- [fill = 0]
                  00008148    00000024     timers.obj (.text:prvGetNextExpireTime)
                  0000816c    00000004     --HOLE-- [fill = 0]
                  00008170    00000024     taskManager.obj (.text:queueCreate)
                  00008194    00000004     --HOLE-- [fill = 0]
                  00008198    00000024     trcSnapshotRecorder.obj (.text:vTraceStop)
                  000081bc    00000004     --HOLE-- [fill = 0]
                  000081c0    00000024     mmc_MSP432P401r.obj (.text:wait_ready)
                  000081e4    00000004     --HOLE-- [fill = 0]
                  000081e8    00000022     CS_Driver.obj (.text:CS_Init)
                  0000820a    00000006     --HOLE-- [fill = 0]
                  00008210    00000022     diskio.obj (.text:disk_read)
                  00008232    00000006     --HOLE-- [fill = 0]
                  00008238    00000022     diskio.obj (.text:disk_write)
                  0000825a    00000006     --HOLE-- [fill = 0]
                  00008260    00000022     main.obj (.text:main)
                  00008282    00000006     --HOLE-- [fill = 0]
                  00008288    00000022     ff.obj (.text:st_clust)
                  000082aa    00000006     --HOLE-- [fill = 0]
                  000082b0    00000020     MPU9250.obj (.text:MPU9250_initialize)
                  000082d0    00000020     msp432p4xx_driverlib.lib : ref_a.o (.text:REF_A_setReferenceVoltage)
                  000082f0    00000020     diskio.obj (.text:disk_ioctl)
                  00008310    00000020     trcSnapshotRecorder.obj (.text:prvMarkObjectAsUsed)
                  00008330    00000020     IntQueue.obj (.text:prvRecordValue_NormallyEmpty)
                  00008350    00000020     IntQueue.obj (.text:prvRecordValue_NormallyFull)
                  00008370    00000020     trcSnapshotRecorder.obj (.text:prvStrncpy)
                  00008390    00000020     tasks.obj (.text:xTaskGetSchedulerState)
                  000083b0    0000001e     queue.obj (.text:prvIsQueueFull)
                  000083ce    00000002     --HOLE-- [fill = 0]
                  000083d0    0000001e     list.obj (.text:vListInitialise)
                  000083ee    00000002     --HOLE-- [fill = 0]
                  000083f0    0000001c     msp432p4xx_driverlib.lib : adc14.o (.text:ADC14_getResult)
                  0000840c    00000004     --HOLE-- [fill = 0]
                  00008410    0000001c     ff.obj (.text:mem_cmp)
                  0000842c    00000004     --HOLE-- [fill = 0]
                  00008430    0000001a     ff.obj (.text:clst2sect)
                  0000844a    00000006     --HOLE-- [fill = 0]
                  00008450    0000001a     queue.obj (.text:prvGetDisinheritPriorityAfterTimeout)
                  0000846a    00000006     --HOLE-- [fill = 0]
                  00008470    0000001a     queue.obj (.text:prvIsQueueEmpty)
                  0000848a    00000006     --HOLE-- [fill = 0]
                  00008490    0000001a     timers.obj (.text:prvTimerTask)
                  000084aa    00000006     --HOLE-- [fill = 0]
                  000084b0    0000001a     trcKernelPort.obj (.text:prvTraceSetQueueNumberHigh16)
                  000084ca    00000006     --HOLE-- [fill = 0]
                  000084d0    0000001a     trcKernelPort.obj (.text:prvTraceSetQueueNumberLow16)
                  000084ea    00000006     --HOLE-- [fill = 0]
                  000084f0    0000001a     trcKernelPort.obj (.text:prvTraceSetTaskNumberHigh16)
                  0000850a    00000006     --HOLE-- [fill = 0]
                  00008510    0000001a     trcKernelPort.obj (.text:prvTraceSetTaskNumberLow16)
                  0000852a    00000006     --HOLE-- [fill = 0]
                  00008530    00000018     cs.obj (.text:CS_getMCLK)
                  00008548    00000018     ff.obj (.text:chk_chr)
                  00008560    00000018     diskio.obj (.text:disk_initialize)
                  00008578    00000018     diskio.obj (.text:disk_status)
                  00008590    00000018     tasks.obj (.text:pvTaskIncrementMutexHeldCount)
                  000085a8    00000018     msp432_startup_ccs.obj (.text:resetISR)
                  000085c0    00000018     ff.obj (.text:st_dword)
                  000085d8    00000018     list.obj (.text:vListInsertEnd)
                  000085f0    00000018     tasks.obj (.text:vTaskInternalSetTimeOutState)
                  00008608    00000016     ff.obj (.text:ld_dword)
                  0000861e    00000002     --HOLE-- [fill = 0]
                  00008620    00000016     ff.obj (.text:mem_cpy)
                  00008636    00000002     --HOLE-- [fill = 0]
                  00008638    00000016     queue.obj (.text:xQueueCreateMutex)
                  0000864e    00000002     --HOLE-- [fill = 0]
                  00008650    00000014     mmc_MSP432P401r.obj (.text:power_on)
                  00008664    00000004     --HOLE-- [fill = 0]
                  00008668    00000014     queue.obj (.text:prvInitialiseMutex)
                  0000867c    00000004     --HOLE-- [fill = 0]
                  00008680    00000014     IntQueue.obj (.text:prvQueueAccessLogError)
                  00008694    00000004     --HOLE-- [fill = 0]
                  00008698    00000014     main.obj (.text:prvSetupHardware)
                  000086ac    00000004     --HOLE-- [fill = 0]
                  000086b0    00000012     ff.obj (.text:mem_set)
                  000086c2    00000006     --HOLE-- [fill = 0]
                  000086c8    00000012     tasks.obj (.text:prvDeleteTCB)
                  000086da    00000006     --HOLE-- [fill = 0]
                  000086e0    00000012     main.obj (.text:vApplicationMallocFailedHook)
                  000086f2    00000006     --HOLE-- [fill = 0]
                  000086f8    00000012     main.obj (.text:vApplicationStackOverflowHook)
                  0000870a    00000002     --HOLE-- [fill = 0]
                  0000870c    00000010     msp432p4xx_driverlib.lib : adc14.o (.text:ADCIsConversionRunning)
                  0000871c    00000004     --HOLE-- [fill = 0]
                  00008720    00000010     fpu.obj (.text:FPU_enableModule)
                  00008730    00000010     GPIO_Driver.obj (.text:GPIO_High)
                  00008740    00000010     GPIO_Driver.obj (.text:GPIO_Low)
                  00008750    00000010     interrupt.obj (.text:Interrupt_enableMaster)
                  00008760    00000010     MPU9250.obj (.text:MPU9250_getMotion9)
                  00008770    00000010     tasks.obj (.text:vTaskSuspendAll)
                  00008780    0000000e     rtsv7M4_T_le_v4SPD16_eabi.lib : copy_decompress_none.c.obj (.text:decompress:none:__TI_decompress_none)
                  0000878e    00000002     --HOLE-- [fill = 0]
                  00008790    0000000e     ff.obj (.text:st_word)
                  0000879e    00000002     --HOLE-- [fill = 0]
                  000087a0    0000000c     msp432p4xx_driverlib.lib : adc14.o (.text:ADC14_enableModule)
                  000087ac    00000004     --HOLE-- [fill = 0]
                  000087b0    0000000c     cpu.obj (.text:CPU_cpsie)
                  000087bc    00000004     --HOLE-- [fill = 0]
                  000087c0    0000000c     mmc_MSP432P401r.obj (.text:MMC_disk_status)
                  000087cc    00000004     --HOLE-- [fill = 0]
                  000087d0    0000000c     MPU9250.obj (.text:MPU9250_setClockSource)
                  000087dc    00000004     --HOLE-- [fill = 0]
                  000087e0    0000000c     pcm.obj (.text:PCM_getPowerState)
                  000087ec    0000000c     msp432p4xx_driverlib.lib : ref_a.o (.text:REF_A_enableReferenceVoltage)
                  000087f8    0000000c                              : ref_a.o (.text:REF_A_enableTempSensor)
                  00008804    00000004     --HOLE-- [fill = 0]
                  00008808    0000000c     sysctl.obj (.text:SysCtl_getTempCalibrationConstant)
                  00008814    00000004     --HOLE-- [fill = 0]
                  00008818    0000000c     mmc_MSP432P401r.obj (.text:chk_power)
                  00008824    0000000c     rtsv7M4_T_le_v4SPD16_eabi.lib : copy_zero_init.c.obj (.text:decompress:ZI:__TI_zero_init)
                  00008830    0000000c     ff.obj (.text:ld_word)
                  0000883c    00000004     --HOLE-- [fill = 0]
                  00008840    0000000c     mmc_MSP432P401r.obj (.text:power_off)
                  0000884c    00000004     --HOLE-- [fill = 0]
                  00008850    0000000c     trcKernelPort.obj (.text:prvTraceGetQueueNumberHigh16)
                  0000885c    00000004     --HOLE-- [fill = 0]
                  00008860    0000000c     trcKernelPort.obj (.text:prvTraceGetTaskNumberHigh16)
                  0000886c    00000004     --HOLE-- [fill = 0]
                  00008870    0000000c     mmc_MSP432P401r.obj (.text:rcvr_spi_m)
                  0000887c    00000004     --HOLE-- [fill = 0]
                  00008880    0000000c     MPU9250.obj (.text:setFullScaleAccelRange)
                  0000888c    00000004     --HOLE-- [fill = 0]
                  00008890    0000000c     MPU9250.obj (.text:setFullScaleGyroRange)
                  0000889c    00000004     --HOLE-- [fill = 0]
                  000088a0    0000000c     tasks.obj (.text:vTaskMissedYield)
                  000088ac    00000004     --HOLE-- [fill = 0]
                  000088b0    0000000c     tasks.obj (.text:xTaskGetCurrentTaskHandle)
                  000088bc    00000004     --HOLE-- [fill = 0]
                  000088c0    0000000c     tasks.obj (.text:xTaskGetTickCount)
                  000088cc    00000004     --HOLE-- [fill = 0]
                  000088d0    0000000a     trcKernelPort.obj (.text:prvTraceGetQueueNumberLow16)
                  000088da    00000006     --HOLE-- [fill = 0]
                  000088e0    0000000a     trcKernelPort.obj (.text:prvTraceGetTaskNumberLow16)
                  000088ea    00000006     --HOLE-- [fill = 0]
                  000088f0    0000000a     MPU9250.obj (.text:setSleepEnabled)
                  000088fa    00000006     --HOLE-- [fill = 0]
                  00008900    0000000a     tasks.obj (.text:uxTaskGetTaskNumber)
                  0000890a    00000006     --HOLE-- [fill = 0]
                  00008910    00000008     pcm.obj (.text:PCM_setCoreVoltageLevel)
                  00008918    00000008     pcm.obj (.text:PCM_setPowerMode)
                  00008920    00000006     queue.obj (.text:ucQueueGetQueueType)
                  00008926    00000002     --HOLE-- [fill = 0]
                  00008928    00000006     list.obj (.text:vListInitialiseItem)
                  0000892e    00000002     --HOLE-- [fill = 0]
                  00008930    00000006     tasks.obj (.text:vTaskSetTaskNumber)
                  00008936    00000002     --HOLE-- [fill = 0]
                  00008938    00000004     mmc_MSP432P401r.obj (.text:get_fattime)
                  0000893c    00000004     --HOLE-- [fill = 0]
                  00008940    00000004     queue.obj (.text:uxQueueGetQueueNumber)
                  00008944    00000004     --HOLE-- [fill = 0]
                  00008948    00000004     queue.obj (.text:vQueueSetQueueNumber)
                  0000894c    00000004     --HOLE-- [fill = 0]
                  00008950    00000004     trcSnapshotRecorder.obj (.text:vTraceStart)
                  00008954    00000004     --HOLE-- [fill = 0]
                  00008958    00000002     msp432_startup_ccs.obj (.text:defaultISR)
                  0000895a    00000006     --HOLE-- [fill = 0]
                  00008960    00000002     msp432_startup_ccs.obj (.text:faultISR)
                  00008962    00000006     --HOLE-- [fill = 0]
                  00008968    00000002     msp432_startup_ccs.obj (.text:nmiISR)
                  0000896a    00000006     --HOLE-- [fill = 0]
                  00008970    00000002     main.obj (.text:vApplicationIdleHook)
                  00008972    00000006     --HOLE-- [fill = 0]
                  00008978    00000002     main_blinky.obj (.text:vApplicationTickHook)
                  0000897a    00000006     --HOLE-- [fill = 0]
                  00008980    00000002     main_blinky.obj (.text:vPreSleepProcessing)

.const     0    00008984    000000ac     
                  00008984    00000080     msp432p4xx_driverlib.lib : adc14.o (.const:_ctlRegs)
                  00008a04    00000014     MPU9250.obj (.const:i2cConfig)
                  00008a18    0000000a     ff.obj (.const:.string:DbcTbl)
                  00008a22    00000002     --HOLE-- [fill = 0]
                  00008a24    00000008     port.obj (.const)
                  00008a2c    00000004     serial.obj (.const)

.cinit     0    00008a30    00000098     
                  00008a30    0000006e     (.cinit..data.load) [load image, compression = lzss]
                  00008a9e    00000002     --HOLE-- [fill = 0]
                  00008aa0    0000000c     (__TI_handler_table)
                  00008aac    00000004     --HOLE-- [fill = 0]
                  00008ab0    00000008     (.cinit..bss.load) [load image, compression = zero_init]
                  00008ab8    00000010     (__TI_cinit_table)

.bss       0    20000000    0000e88c     UNINITIALIZED
                  20000000    0000c800     heap_4.obj (.bss:ucHeap)
                  2000c800    00001918     (.common:RecorderData)
                  2000e118    00000230     (.common:sdDriver)
                  2000e348    00000228     (.common:file)
                  2000e570    00000162     (.common:obcData)
                  2000e6d2    00000002     ff.obj (.bss)
                  2000e6d4    00000064     tasks.obj (.bss:pxReadyTasksLists)
                  2000e738    0000003f     (.common:imuData)
                  2000e777    00000001     (.common:fResult)
                  2000e778    0000001c     main.obj (.bss:calendarConfig)
                  2000e794    00000014     timers.obj (.bss:xActiveTimerList1)
                  2000e7a8    00000014     timers.obj (.bss:xActiveTimerList2)
                  2000e7bc    00000014     tasks.obj (.bss:xDelayedTaskList1)
                  2000e7d0    00000014     tasks.obj (.bss:xDelayedTaskList2)
                  2000e7e4    00000014     tasks.obj (.bss:xPendingReadyList)
                  2000e7f8    00000014     tasks.obj (.bss:xSuspendedTaskList)
                  2000e80c    00000014     tasks.obj (.bss:xTasksWaitingTermination)
                  2000e820    00000010     houseKeeping.obj (.bss:resultsBuffer)
                  2000e830    00000010     (.common:bufferIMU)
                  2000e840    00000009     mmc_MSP432P401r.obj (.bss)
                  2000e849    00000001     --HOLE--
                  2000e84a    00000002     (.common:cal30)
                  2000e84c    00000008     IntQueue.obj (.bss)
                  2000e854    00000008     cs.obj (.bss)
                  2000e85c    00000008     tasks.obj (.bss)
                  2000e864    00000008     timers.obj (.bss)
                  2000e86c    00000008     heap_4.obj (.bss:xStart)
                  2000e874    00000006     (.common:localTime)
                  2000e87a    00000002     (.common:cal85)
                  2000e87c    00000004     ff.obj (.bss:FatFs)
                  2000e880    00000004     (.common:bw)
                  2000e884    00000004     (.common:calDifference)
                  2000e888    00000004     (.common:init_hwtc_count)

.data      0    2000e88c    00000373     UNINITIALIZED
                  2000e88c    000000c8     IntQueue.obj (.data:ucNormallyEmptyReceivedValues)
                  2000e954    000000c8     IntQueue.obj (.data:ucNormallyFullReceivedValues)
                  2000ea1c    0000008e     trcSnapshotRecorder.obj (.data:objectHandleStacks)
                  2000eaaa    00000002     MPU9250.obj (.data)
                  2000eaac    00000044     trcSnapshotRecorder.obj (.data)
                  2000eaf0    0000003c     IntQueue.obj (.data)
                  2000eb2c    00000034     tasks.obj (.data)
                  2000eb60    00000030     gpio.obj (.data:GPIO_PORT_TO_BASE)
                  2000eb90    0000001c     dataStorage.obj (.data:SPI0MasterConfig)
                  2000ebac    00000018     port.obj (.data)
                  2000ebc4    00000010     heap_4.obj (.data)
                  2000ebd4    00000010     serial.obj (.data)
                  2000ebe4    0000000c     timers.obj (.data)
                  2000ebf0    00000008     taskManager.obj (.data)
                  2000ebf8    00000005     trcKernelPort.obj (.data:TraceQueueClassTable)
                  2000ebfd    00000002     mmc_MSP432P401r.obj (.data)

.stack     0    2000fce0    00000320     UNINITIALIZED
                  2000fce0    00000004     rtsv7M4_T_le_v4SPD16_eabi.lib : boot_cortex_m.c.obj (.stack)
                  2000fce4    0000031c     --HOLE--

MODULE SUMMARY

       Module                       code    ro data   rw data
       ------                       ----    -------   -------
    .\
       main.obj                     218     0         382    
    +--+----------------------------+-------+---------+---------+
       Total:                       218     0         382    
                                                             
    .\FreeRTOS_Source\
       tasks.obj                    4348    0         260    
       queue.obj                    4030    0         0      
       timers.obj                   1082    0         60     
       list.obj                     150     0         0      
    +--+----------------------------+-------+---------+---------+
       Total:                       9610    0         320    
                                                             
    .\FreeRTOS_Source\portable\CCS\ARM_CM4F\
       port.obj                     984     8         24     
       portasm.obj                  218     0         0      
    +--+----------------------------+-------+---------+---------+
       Total:                       1202    8         24     
                                                             
    .\FreeRTOS_Source\portable\MemMang\
       heap_4.obj                   680     0         51224  
    +--+----------------------------+-------+---------+---------+
       Total:                       680     0         51224  
                                                             
    .\Full_Demo\
       serial.obj                   180     4         16     
       IntQueueTimer.obj            104     0         0      
    +--+----------------------------+-------+---------+---------+
       Total:                       284     4         16     
                                                             
    .\Full_Demo\Standard_Demo_Tasks\
       IntQueue.obj                 836     0         468    
    +--+----------------------------+-------+---------+---------+
       Total:                       836     0         468    
                                                             
    .\SimplyBlinkyDemo\
       main_blinky.obj              4       0         0      
    +--+----------------------------+-------+---------+---------+
       Total:                       4       0         0      
                                                             
    .\Tracealyzer\
       trcSnapshotRecorder.obj      5948    0         6638   
       trcKernelPort.obj            1494    0         5      
    +--+----------------------------+-------+---------+---------+
       Total:                       7442    0         6643   
                                                             
    .\driverlib\
       cs.obj                       1154    0         8      
       pcm.obj                      638     0         0      
       gpio.obj                     168     0         48     
       sysctl.obj                   96      0         0      
       flash.obj                    48      0         0      
       fpu.obj                      16      0         0      
       interrupt.obj                16      0         0      
       cpu.obj                      12      0         0      
    +--+----------------------------+-------+---------+---------+
       Total:                       2148    0         56     
                                                             
    .\interface\
       MPU9250.obj                  922     20        18     
    +--+----------------------------+-------+---------+---------+
       Total:                       922     20        18     
                                                             
    .\src\
       dataStorage.obj              492     0         1214   
       houseKeeping.obj             596     0         24     
       taskManager.obj              124     0         8      
    +--+----------------------------+-------+---------+---------+
       Total:                       1212    0         1246   
                                                             
    .\system\CCS\
       msp432_startup_ccs.obj       30      324       0      
       system_msp432p401r.obj       104     0         0      
    +--+----------------------------+-------+---------+---------+
       Total:                       134     324       0      
                                                             
    .\util\
       itoa.obj                     164     0         0      
    +--+----------------------------+-------+---------+---------+
       Total:                       164     0         0      
                                                             
    .\util\Hardware\
       SPI_Driver.obj               184     0         0      
       GPIO_Driver.obj              72      0         0      
       CS_Driver.obj                34      0         0      
    +--+----------------------------+-------+---------+---------+
       Total:                       290     0         0      
                                                             
    .\util\fatfs\
       ff.obj                       4793    10        6      
       mmc_MSP432P401r.obj          1694    0         11     
       diskio.obj                   148     0         0      
    +--+----------------------------+-------+---------+---------+
       Total:                       6635    10        17     
                                                             
    C:/ti/simplelink_msp432p4_sdk_2_40_00_10/source/ti/devices/msp432p4xx/driverlib/ccs/msp432p4xx_driverlib.lib
       adc14.o                      1128    128       0      
       rtc_c.o                      316     0         0      
       spi.o                        240     0         0      
       i2c.o                        104     0         0      
       ref_a.o                      56      0         0      
    +--+----------------------------+-------+---------+---------+
       Total:                       1844    128       0      
                                                             
    C:\ti\ccsv8\tools\compiler\ti-cgt-arm_18.1.1.LTS\lib\rtsv7M4_T_le_v4SPD16_eabi.lib
       memcpy_t2.asm.obj            156     0         0      
       memset_t2.asm.obj            122     0         0      
       copy_decompress_lzss.c.obj   104     0         0      
       autoinit.c.obj               68      0         0      
       boot_cortex_m.c.obj          56      0         0      
       copy_decompress_none.c.obj   14      0         0      
       copy_zero_init.c.obj         12      0         0      
       exit.c.obj                   4       0         0      
       pre_init.c.obj               4       0         0      
    +--+----------------------------+-------+---------+---------+
       Total:                       540     0         0      
                                                             
       Stack:                       0       0         800    
       Linker Generated:            0       146       0      
    +--+----------------------------+-------+---------+---------+
       Grand Total:                 34165   640       61214  


LINKER GENERATED COPY TABLES

__TI_cinit_table @ 00008ab8 records: 2, size/record: 8, table size: 16
	.data: load addr=00008a30, load size=0000006e bytes, run addr=2000e88c, run size=00000373 bytes, compression=lzss
	.bss: load addr=00008ab0, load size=00000008 bytes, run addr=20000000, run size=0000e88c bytes, compression=zero_init


LINKER GENERATED HANDLER TABLE

__TI_handler_table @ 00008aa0 records: 3, size/record: 4, table size: 12
	index: 0, handler: __TI_decompress_lzss
	index: 1, handler: __TI_decompress_none
	index: 2, handler: __TI_zero_init


GLOBAL SYMBOLS: SORTED ALPHABETICALLY BY Name 

address   name                                       
-------   ----                                       
00005779  ADC14_configureConversionMemory            
00005629  ADC14_configureMultiSequenceMode           
0000802d  ADC14_enableConversion                     
000087a1  ADC14_enableModule                         
00007bc9  ADC14_enableSampleTimer                    
00006641  ADC14_getMultiSequenceResult               
000083f1  ADC14_getResult                            
00007081  ADC14_initModule                           
00007df5  ADC14_setSampleHoldTime                    
00007eb9  ADC14_toggleConversionTrigger              
00000aed  C$$EXIT                                    
000087b1  CPU_cpsie                                  
000081e9  CS_Init                                    
00008121  CS_clearInterruptFlag                      
000025b9  CS_getDCOFrequency                         
00008531  CS_getMCLK                                 
000036c9  CS_initClockSignal                         
00007ee9  CS_setDCOCenteredFrequency                 
2000ead6  CurrentFilterGroup                         
2000ead4  CurrentFilterMask                          
00008721  FPU_enableModule                           
00007e29  FlashCtl_setWaitState                      
00008731  GPIO_High                                  
00008059  GPIO_Init                                  
00008741  GPIO_Low                                   
000070d9  GPIO_setAsPeripheralModuleFunctionInputPin 
00007131  GPIO_setAsPeripheralModuleFunctionOutputPin
00006a45  I2C_masterSendMultiByteStart               
00008751  Interrupt_enableMaster                     
00002309  MMC_disk_initialize                        
00001b61  MMC_disk_ioctl                             
00005be9  MMC_disk_read                              
000087c1  MMC_disk_status                            
00005119  MMC_disk_write                             
2000eaaa  MPU9250_devAddr                            
00008761  MPU9250_getMotion9                         
000082b1  MPU9250_initialize                         
000087d1  MPU9250_setClockSource                     
00007341  PCM_getCoreVoltageLevel                    
00007a61  PCM_getPowerMode                           
000087e1  PCM_getPowerState                          
00008911  PCM_setCoreVoltageLevel                    
00008919  PCM_setPowerMode                           
000087ed  REF_A_enableReferenceVoltage               
000087f9  REF_A_enableTempSensor                     
000082d1  REF_A_setReferenceVoltage                  
00006449  RTC_C_getCalendarTime                      
00005c7d  RTC_C_initCalendar                         
00007f15  RTC_C_startClock                           
2000c800  RecorderData                               
2000eadc  RecorderDataPtr                            
2000eb90  SPI0MasterConfig                           
00007391  SPI_Init                                   
00007c01  SPI_Read                                   
00007c39  SPI_Write                                  
000054c5  SPI_initMaster                             
00007189  SysCtl_getTLVInfo                          
00008809  SysCtl_getTempCalibrationConstant          
00006ab1  SystemInit                                 
2000ebf8  TraceQueueClassTable                       
4000480c  WDTCTL_SYM                                 
20010000  __STACK_END                                
00000320  __STACK_SIZE                               
00008ab8  __TI_CINIT_Base                            
00008ac8  __TI_CINIT_Limit                           
00008aa0  __TI_Handler_Table_Base                    
00008aac  __TI_Handler_Table_Limit                   
00007789  __TI_auto_init_nobinit_nopinit             
00006b19  __TI_decompress_lzss                       
00008781  __TI_decompress_none                       
ffffffff  __TI_pprof_out_hndl                        
ffffffff  __TI_prof_data_size                        
ffffffff  __TI_prof_data_start                       
00000000  __TI_static_base__                         
00008825  __TI_zero_init                             
000065c5  __aeabi_memclr                             
000065c5  __aeabi_memclr4                            
000065c5  __aeabi_memclr8                            
00005a11  __aeabi_memcpy                             
00005a11  __aeabi_memcpy4                            
00005a11  __aeabi_memcpy8                            
000065c7  __aeabi_memset                             
000065c7  __aeabi_memset4                            
000065c7  __aeabi_memset8                            
ffffffff  __binit__                                  
ffffffff  __c_args__                                 
UNDEFED   __mpu_init                                 
2000fce0  __stack                                    
00007b1d  _c_int00_noargs                            
UNDEFED   _system_post_cinit                         
000007dd  _system_pre_init                           
00000aed  abort                                      
00004721  adcInit                                    
ffffffff  binit                                      
2000e830  bufferIMU                                  
2000e880  bw                                         
2000e84a  cal30                                      
2000e87a  cal85                                      
2000e884  calDifference                              
00007c71  calendarConfiguration                      
00002991  dataStorage                                
00008561  disk_initialize                            
000082f1  disk_ioctl                                 
00008211  disk_read                                  
00008579  disk_status                                
00008239  disk_write                                 
00007921  eTaskConfirmSleepModeStatus                
2000e777  fResult                                    
00007571  f_mount                                    
00001489  f_open                                     
00005b51  f_sync                                     
000010e9  f_write                                    
2000e348  file                                       
000077d1  getLocalTime                               
00005f69  getMotion6                                 
00007819  getTemperature                             
00008939  get_fattime                                
2000eacd  handle_of_last_logged_task                 
00002e99  houseKeeping                               
00008a04  i2cConfig                                  
2000e738  imuData                                    
00007861  initI2C                                    
00006d21  initSD                                     
2000e888  init_hwtc_count                            
00000000  interruptVectors                           
2000eaac  isPendingContextSwitch                     
00005821  itoa                                       
2000e874  localTime                                  
00008261  main                                       
00005a11  memcpy                                     
000065cd  memset                                     
2000eacc  nISRactive                                 
2000e570  obcData                                    
2000ea1c  objectHandleStacks                         
00008311  prvMarkObjectAsUsed                        
00007961  prvTraceError                              
000088b1  prvTraceGetCurrentTaskHandle               
00002469  prvTraceGetObjectHandle                    
00004801  prvTraceGetPriorityProperty                
00008941  prvTraceGetQueueNumber                     
00008851  prvTraceGetQueueNumberHigh16               
000088d1  prvTraceGetQueueNumberLow16                
00008921  prvTraceGetQueueType                       
00008861  prvTraceGetTaskNumberHigh16                
000088e1  prvTraceGetTaskNumberLow16                 
000056d1  prvTraceInitCortexM                        
00007291  prvTracePortGetTimeStamp                   
00003c39  prvTraceSetObjectName                      
00004de9  prvTraceSetObjectState                     
00004a99  prvTraceSetPriorityProperty                
000084b1  prvTraceSetQueueNumberHigh16               
000084d1  prvTraceSetQueueNumberLow16                
00006549  prvTraceSetTaskInstanceFinished            
000084f1  prvTraceSetTaskNumberHigh16                
00008511  prvTraceSetTaskNumberLow16                 
000019c1  prvTraceStoreKernelCall                    
00003a19  prvTraceStoreKernelCallWithNumericParamOnly
000012c1  prvTraceStoreKernelCallWithParam           
00004371  prvTraceStoreTaskReady                     
00004639  prvTraceStoreTaskswitch                    
00000149  pszTraceGetErrorNotEnoughHandles           
00002ad9  pvPortMalloc                               
00008591  pvTaskIncrementMutexHeldCount              
2000eb2c  pxCurrentTCB                               
00007f71  pxPortInitialiseStack                      
00008171  queueCreate                                
00003d49  readI2C                                    
2000eac0  recorder_busy                              
2000e118  sdDriver                                   
2000ebf4  semaphoreIMU                               
00008881  setFullScaleAccelRange                     
00008891  setFullScaleGyroRange                      
000088f1  setSleepEnabled                            
00006f79  taskCreate                                 
2000eac4  timestampFrequency                         
2000eac8  traceErrorMessage                          
2000eab8  trace_disable_timestamp                    
00008921  ucQueueGetQueueType                        
00002fc9  uiIndexOfObject                            
00004469  uiTraceStart                               
2000eab4  uiTraceTickCount                           
00008a24  ulMaxSyscallInterruptPriority              
000049cd  ulPortGetIPSR                              
000080f9  uxListRemove                               
00008941  uxQueueGetQueueNumber                      
00008901  uxTaskGetTaskNumber                        
00008971  vApplicationIdleHook                       
000086e1  vApplicationMallocFailedHook               
000086f9  vApplicationStackOverflowHook              
00008979  vApplicationTickHook                       
000083d1  vListInitialise                            
00008929  vListInitialiseItem                        
00007d19  vListInsert                                
000085d9  vListInsertEnd                             
00004a89  vPortEnableVFP                             
00007a21  vPortEnterCritical                         
00007e89  vPortExitCritical                          
00006089  vPortFree                                  
00004a45  vPortSVCHandler                            
00006be9  vPortSetupTimerInterrupt                   
00004a65  vPortStartFirstTask                        
00002d61  vPortSuppressTicksAndSleep                 
00006df1  vPortValidateInterruptPriority             
00008981  vPreSleepProcessing                        
00008949  vQueueSetQueueNumber                       
00007741  vQueueWaitForMessageRestricted             
00007d51  vT32_0_Handler                             
00007d89  vT32_1_Handler                             
00005ab1  vTaskDelay                                 
000085f1  vTaskInternalSetTimeOutState               
000088a1  vTaskMissedYield                           
00003481  vTaskNotifyGiveFromISR                     
00007b91  vTaskPlaceOnEventList                      
00006231  vTaskPlaceOnEventListRestricted            
00003229  vTaskPriorityDisinheritAfterTimeout        
00008931  vTaskSetTaskNumber                         
00006341  vTaskStartScheduler                        
00007dc1  vTaskStepTick                              
00008771  vTaskSuspendAll                            
00004b71  vTaskSwitchContext                         
000058c9  vTraceEnable                               
00004eb9  vTraceInitObjectHandleStack                
000037e9  vTraceInitObjectPropertyTable              
00008951  vTraceStart                                
00008199  vTraceStop                                 
2000ead0  vTraceStopHookPtr                          
00005299  vTraceStoreMemMangEvent                    
00005359  vUART_Handler                              
000074d1  writeBit                                   
00006eb9  writeBits                                  
00005411  writeI2C                                   
000030f9  xFirstTimerHandler                         
000049e5  xPortPendSVHandler                         
000048e1  xPortStartScheduler                        
00007fd1  xPortSysTickHandler                        
00008639  xQueueCreateMutex                          
000066b9  xQueueGenericCreate                        
00005ed9  xQueueGenericReset                         
000007e1  xQueueGenericSend                          
00001e99  xQueueGenericSendFromISR                   
2000ebf0  xQueueIMU                                  
00008001  xQueueIsQueueFullFromISR                   
00000df9  xQueueReceive                              
00002849  xQueueReceiveFromISR                       
000004a9  xQueueSemaphoreTake                        
00001651  xSecondTimerHandler                        
00005e41  xTaskCheckForTimeOut                       
00006c51  xTaskCreate                                
000088b1  xTaskGetCurrentTaskHandle                  
00008391  xTaskGetSchedulerState                     
000088c1  xTaskGetTickCount                          
00001d01  xTaskIncrementTick                         
000035a9  xTaskPriorityDisinherit                    
00003b29  xTaskPriorityInherit                       
00005059  xTaskRemoveFromEventList                   
00003359  xTaskResumeAll                             
00006fd1  xTimerCreateTimerTask                      
00006731  xTimerGenericCommand                       


GLOBAL SYMBOLS: SORTED BY Symbol Address 

address   name                                       
-------   ----                                       
00000000  __TI_static_base__                         
00000000  interruptVectors                           
00000149  pszTraceGetErrorNotEnoughHandles           
00000320  __STACK_SIZE                               
000004a9  xQueueSemaphoreTake                        
000007dd  _system_pre_init                           
000007e1  xQueueGenericSend                          
00000aed  C$$EXIT                                    
00000aed  abort                                      
00000df9  xQueueReceive                              
000010e9  f_write                                    
000012c1  prvTraceStoreKernelCallWithParam           
00001489  f_open                                     
00001651  xSecondTimerHandler                        
000019c1  prvTraceStoreKernelCall                    
00001b61  MMC_disk_ioctl                             
00001d01  xTaskIncrementTick                         
00001e99  xQueueGenericSendFromISR                   
00002309  MMC_disk_initialize                        
00002469  prvTraceGetObjectHandle                    
000025b9  CS_getDCOFrequency                         
00002849  xQueueReceiveFromISR                       
00002991  dataStorage                                
00002ad9  pvPortMalloc                               
00002d61  vPortSuppressTicksAndSleep                 
00002e99  houseKeeping                               
00002fc9  uiIndexOfObject                            
000030f9  xFirstTimerHandler                         
00003229  vTaskPriorityDisinheritAfterTimeout        
00003359  xTaskResumeAll                             
00003481  vTaskNotifyGiveFromISR                     
000035a9  xTaskPriorityDisinherit                    
000036c9  CS_initClockSignal                         
000037e9  vTraceInitObjectPropertyTable              
00003a19  prvTraceStoreKernelCallWithNumericParamOnly
00003b29  xTaskPriorityInherit                       
00003c39  prvTraceSetObjectName                      
00003d49  readI2C                                    
00004371  prvTraceStoreTaskReady                     
00004469  uiTraceStart                               
00004639  prvTraceStoreTaskswitch                    
00004721  adcInit                                    
00004801  prvTraceGetPriorityProperty                
000048e1  xPortStartScheduler                        
000049cd  ulPortGetIPSR                              
000049e5  xPortPendSVHandler                         
00004a45  vPortSVCHandler                            
00004a65  vPortStartFirstTask                        
00004a89  vPortEnableVFP                             
00004a99  prvTraceSetPriorityProperty                
00004b71  vTaskSwitchContext                         
00004de9  prvTraceSetObjectState                     
00004eb9  vTraceInitObjectHandleStack                
00005059  xTaskRemoveFromEventList                   
00005119  MMC_disk_write                             
00005299  vTraceStoreMemMangEvent                    
00005359  vUART_Handler                              
00005411  writeI2C                                   
000054c5  SPI_initMaster                             
00005629  ADC14_configureMultiSequenceMode           
000056d1  prvTraceInitCortexM                        
00005779  ADC14_configureConversionMemory            
00005821  itoa                                       
000058c9  vTraceEnable                               
00005a11  __aeabi_memcpy                             
00005a11  __aeabi_memcpy4                            
00005a11  __aeabi_memcpy8                            
00005a11  memcpy                                     
00005ab1  vTaskDelay                                 
00005b51  f_sync                                     
00005be9  MMC_disk_read                              
00005c7d  RTC_C_initCalendar                         
00005e41  xTaskCheckForTimeOut                       
00005ed9  xQueueGenericReset                         
00005f69  getMotion6                                 
00006089  vPortFree                                  
00006231  vTaskPlaceOnEventListRestricted            
00006341  vTaskStartScheduler                        
00006449  RTC_C_getCalendarTime                      
00006549  prvTraceSetTaskInstanceFinished            
000065c5  __aeabi_memclr                             
000065c5  __aeabi_memclr4                            
000065c5  __aeabi_memclr8                            
000065c7  __aeabi_memset                             
000065c7  __aeabi_memset4                            
000065c7  __aeabi_memset8                            
000065cd  memset                                     
00006641  ADC14_getMultiSequenceResult               
000066b9  xQueueGenericCreate                        
00006731  xTimerGenericCommand                       
00006a45  I2C_masterSendMultiByteStart               
00006ab1  SystemInit                                 
00006b19  __TI_decompress_lzss                       
00006be9  vPortSetupTimerInterrupt                   
00006c51  xTaskCreate                                
00006d21  initSD                                     
00006df1  vPortValidateInterruptPriority             
00006eb9  writeBits                                  
00006f79  taskCreate                                 
00006fd1  xTimerCreateTimerTask                      
00007081  ADC14_initModule                           
000070d9  GPIO_setAsPeripheralModuleFunctionInputPin 
00007131  GPIO_setAsPeripheralModuleFunctionOutputPin
00007189  SysCtl_getTLVInfo                          
00007291  prvTracePortGetTimeStamp                   
00007341  PCM_getCoreVoltageLevel                    
00007391  SPI_Init                                   
000074d1  writeBit                                   
00007571  f_mount                                    
00007741  vQueueWaitForMessageRestricted             
00007789  __TI_auto_init_nobinit_nopinit             
000077d1  getLocalTime                               
00007819  getTemperature                             
00007861  initI2C                                    
00007921  eTaskConfirmSleepModeStatus                
00007961  prvTraceError                              
00007a21  vPortEnterCritical                         
00007a61  PCM_getPowerMode                           
00007b1d  _c_int00_noargs                            
00007b91  vTaskPlaceOnEventList                      
00007bc9  ADC14_enableSampleTimer                    
00007c01  SPI_Read                                   
00007c39  SPI_Write                                  
00007c71  calendarConfiguration                      
00007d19  vListInsert                                
00007d51  vT32_0_Handler                             
00007d89  vT32_1_Handler                             
00007dc1  vTaskStepTick                              
00007df5  ADC14_setSampleHoldTime                    
00007e29  FlashCtl_setWaitState                      
00007e89  vPortExitCritical                          
00007eb9  ADC14_toggleConversionTrigger              
00007ee9  CS_setDCOCenteredFrequency                 
00007f15  RTC_C_startClock                           
00007f71  pxPortInitialiseStack                      
00007fd1  xPortSysTickHandler                        
00008001  xQueueIsQueueFullFromISR                   
0000802d  ADC14_enableConversion                     
00008059  GPIO_Init                                  
000080f9  uxListRemove                               
00008121  CS_clearInterruptFlag                      
00008171  queueCreate                                
00008199  vTraceStop                                 
000081e9  CS_Init                                    
00008211  disk_read                                  
00008239  disk_write                                 
00008261  main                                       
000082b1  MPU9250_initialize                         
000082d1  REF_A_setReferenceVoltage                  
000082f1  disk_ioctl                                 
00008311  prvMarkObjectAsUsed                        
00008391  xTaskGetSchedulerState                     
000083d1  vListInitialise                            
000083f1  ADC14_getResult                            
000084b1  prvTraceSetQueueNumberHigh16               
000084d1  prvTraceSetQueueNumberLow16                
000084f1  prvTraceSetTaskNumberHigh16                
00008511  prvTraceSetTaskNumberLow16                 
00008531  CS_getMCLK                                 
00008561  disk_initialize                            
00008579  disk_status                                
00008591  pvTaskIncrementMutexHeldCount              
000085d9  vListInsertEnd                             
000085f1  vTaskInternalSetTimeOutState               
00008639  xQueueCreateMutex                          
000086e1  vApplicationMallocFailedHook               
000086f9  vApplicationStackOverflowHook              
00008721  FPU_enableModule                           
00008731  GPIO_High                                  
00008741  GPIO_Low                                   
00008751  Interrupt_enableMaster                     
00008761  MPU9250_getMotion9                         
00008771  vTaskSuspendAll                            
00008781  __TI_decompress_none                       
000087a1  ADC14_enableModule                         
000087b1  CPU_cpsie                                  
000087c1  MMC_disk_status                            
000087d1  MPU9250_setClockSource                     
000087e1  PCM_getPowerState                          
000087ed  REF_A_enableReferenceVoltage               
000087f9  REF_A_enableTempSensor                     
00008809  SysCtl_getTempCalibrationConstant          
00008825  __TI_zero_init                             
00008851  prvTraceGetQueueNumberHigh16               
00008861  prvTraceGetTaskNumberHigh16                
00008881  setFullScaleAccelRange                     
00008891  setFullScaleGyroRange                      
000088a1  vTaskMissedYield                           
000088b1  prvTraceGetCurrentTaskHandle               
000088b1  xTaskGetCurrentTaskHandle                  
000088c1  xTaskGetTickCount                          
000088d1  prvTraceGetQueueNumberLow16                
000088e1  prvTraceGetTaskNumberLow16                 
000088f1  setSleepEnabled                            
00008901  uxTaskGetTaskNumber                        
00008911  PCM_setCoreVoltageLevel                    
00008919  PCM_setPowerMode                           
00008921  prvTraceGetQueueType                       
00008921  ucQueueGetQueueType                        
00008929  vListInitialiseItem                        
00008931  vTaskSetTaskNumber                         
00008939  get_fattime                                
00008941  prvTraceGetQueueNumber                     
00008941  uxQueueGetQueueNumber                      
00008949  vQueueSetQueueNumber                       
00008951  vTraceStart                                
00008971  vApplicationIdleHook                       
00008979  vApplicationTickHook                       
00008981  vPreSleepProcessing                        
00008a04  i2cConfig                                  
00008a24  ulMaxSyscallInterruptPriority              
00008aa0  __TI_Handler_Table_Base                    
00008aac  __TI_Handler_Table_Limit                   
00008ab8  __TI_CINIT_Base                            
00008ac8  __TI_CINIT_Limit                           
2000c800  RecorderData                               
2000e118  sdDriver                                   
2000e348  file                                       
2000e570  obcData                                    
2000e738  imuData                                    
2000e777  fResult                                    
2000e830  bufferIMU                                  
2000e84a  cal30                                      
2000e874  localTime                                  
2000e87a  cal85                                      
2000e880  bw                                         
2000e884  calDifference                              
2000e888  init_hwtc_count                            
2000ea1c  objectHandleStacks                         
2000eaaa  MPU9250_devAddr                            
2000eaac  isPendingContextSwitch                     
2000eab4  uiTraceTickCount                           
2000eab8  trace_disable_timestamp                    
2000eac0  recorder_busy                              
2000eac4  timestampFrequency                         
2000eac8  traceErrorMessage                          
2000eacc  nISRactive                                 
2000eacd  handle_of_last_logged_task                 
2000ead0  vTraceStopHookPtr                          
2000ead4  CurrentFilterMask                          
2000ead6  CurrentFilterGroup                         
2000eadc  RecorderDataPtr                            
2000eb2c  pxCurrentTCB                               
2000eb90  SPI0MasterConfig                           
2000ebf0  xQueueIMU                                  
2000ebf4  semaphoreIMU                               
2000ebf8  TraceQueueClassTable                       
2000fce0  __stack                                    
20010000  __STACK_END                                
4000480c  WDTCTL_SYM                                 
ffffffff  __TI_pprof_out_hndl                        
ffffffff  __TI_prof_data_size                        
ffffffff  __TI_prof_data_start                       
ffffffff  __binit__                                  
ffffffff  __c_args__                                 
ffffffff  binit                                      
UNDEFED   __mpu_init                                 
UNDEFED   _system_post_cinit                         

[258 symbols]
