******************************************************************************
                  TI ARM Linker PC v18.1.1                     
******************************************************************************
>> Linked Sun Jun 16 22:38:42 2019

OUTPUT FILE NAME:   <Firmware_OBC.out>
ENTRY POINT SYMBOL: "_c_int00_noargs"  address: 00008045


MEMORY CONFIGURATION

         name            origin    length      used     unused   attr    fill
----------------------  --------  ---------  --------  --------  ----  --------
  MAIN                  00000000   0003f000  00009216  00035dea  R  X
  MYDATA                0003f000   00001000  00000000  00001000  R  X
  INFO                  00200000   00004000  00000000  00004000  R  X
  SRAM_CODE             01000000   00010000  0000eea1  0000115f  RW X
  SRAM_DATA             20000000   00010000  0000eea1  0000115f  RW  


SEGMENT ALLOCATION MAP

run origin  load origin   length   init length attrs members
----------  ----------- ---------- ----------- ----- -------
00000000    00000000    00009220   00009220    r-x
  00000000    00000000    00000144   00000144    r-- .intvecs
  00000148    00000148    00008faa   00008faa    r-x .text
  000090f4    000090f4    00000098   00000098    r-- .const
  00009190    00009190    00000090   00000090    r-- .cinit
20000000    20000000    0000eb81   00000000    rw-
  20000000    20000000    0000e810   00000000    rw- .bss
  2000e810    2000e810    00000371   00000000    rw- .data
2000fce0    2000fce0    00000320   00000000    rw-
  2000fce0    2000fce0    00000320   00000000    rw- .stack


SECTION ALLOCATION MAP

 output                                  attributes/
section   page    origin      length       input sections
--------  ----  ----------  ----------   ----------------
.intvecs   0    00000000    00000144     
                  00000000    00000144     msp432_startup_ccs.obj (.intvecs:retain)

.text      0    00000148    00008faa     
                  00000148    0000035e     trcKernelPort.obj (.text:pszTraceGetErrorNotEnoughHandles)
                  000004a6    00000002     --HOLE-- [fill = 0]
                  000004a8    00000334     queue.obj (.text:xQueueSemaphoreTake)
                  000007dc    00000004     rtsv7M4_T_le_v4SPD16_eabi.lib : pre_init.c.obj (.text:_system_pre_init)
                  000007e0    0000030c     queue.obj (.text:xQueueGenericSend)
                  00000aec    00000004     rtsv7M4_T_le_v4SPD16_eabi.lib : exit.c.obj (.text:abort:abort)
                  00000af0    00000304     ff.obj (.text:find_volume)
                  00000df4    00000004     --HOLE-- [fill = 0]
                  00000df8    000002ec     queue.obj (.text:xQueueReceive)
                  000010e4    00000004     --HOLE-- [fill = 0]
                  000010e8    00000216     pcm.obj (.text:__PCM_setPowerStateAdvanced)
                  000012fe    00000002     --HOLE-- [fill = 0]
                  00001300    000001d2     ff.obj (.text:f_write)
                  000014d2    00000006     --HOLE-- [fill = 0]
                  000014d8    000001d0     dataStorage.obj (.text:dataStorage)
                  000016a8    000001c8     trcSnapshotRecorder.obj (.text:prvTraceStoreKernelCallWithParam)
                  00001870    000001c6     ff.obj (.text:f_open)
                  00001a36    00000002     --HOLE-- [fill = 0]
                  00001a38    000001c0     IntQueue.obj (.text:xSecondTimerHandler)
                  00001bf8    000001b0     trcSnapshotRecorder.obj (.text:prvTraceInitTraceData)
                  00001da8    000001a0     trcSnapshotRecorder.obj (.text:prvTraceStoreKernelCall)
                  00001f48    0000019c     mmc_MSP432P401r.obj (.text:MMC_disk_ioctl)
                  000020e4    00000004     --HOLE-- [fill = 0]
                  000020e8    00000198     tasks.obj (.text:xTaskIncrementTick)
                  00002280    00000188     queue.obj (.text:xQueueGenericSendFromISR)
                  00002408    00000184     trcSnapshotRecorder.obj (.text:prvTraceGetDTS)
                  0000258c    00000004     --HOLE-- [fill = 0]
                  00002590    00000168     houseKeeping.obj (.text:houseKeeping)
                  000026f8    00000160     msp432p4xx_driverlib.lib : adc14.o (.text:_getIndexForMemRegister)
                  00002858    0000015c     mmc_MSP432P401r.obj (.text:MMC_disk_initialize)
                  000029b4    00000004     --HOLE-- [fill = 0]
                  000029b8    0000014c     trcSnapshotRecorder.obj (.text:prvTraceGetObjectHandle)
                  00002b04    00000004     --HOLE-- [fill = 0]
                  00002b08    00000148     cs.obj (.text:CS_getDCOFrequency)
                  00002c50    00000148     trcSnapshotRecorder.obj (.text:prvCheckDataToBeOverwrittenForMultiEntryEvents)
                  00002d98    00000148     queue.obj (.text:xQueueReceiveFromISR)
                  00002ee0    00000144     heap_4.obj (.text:pvPortMalloc)
                  00003024    00000004     --HOLE-- [fill = 0]
                  00003028    00000140     tasks.obj (.text:prvAddNewTaskToReadyList)
                  00003168    00000134     port.obj (.text:vPortSuppressTicksAndSleep)
                  0000329c    00000004     --HOLE-- [fill = 0]
                  000032a0    00000130     trcSnapshotRecorder.obj (.text:uiIndexOfObject)
                  000033d0    00000130     IntQueue.obj (.text:xFirstTimerHandler)
                  00003500    0000012c     tasks.obj (.text:vTaskPriorityDisinheritAfterTimeout)
                  0000362c    00000004     --HOLE-- [fill = 0]
                  00003630    0000012c     event_groups.obj (.text:xEventGroupWaitBits)
                  0000375c    00000004     --HOLE-- [fill = 0]
                  00003760    00000128     tasks.obj (.text:xTaskResumeAll)
                  00003888    00000124     tasks.obj (.text:vTaskNotifyGiveFromISR)
                  000039ac    00000004     --HOLE-- [fill = 0]
                  000039b0    00000120     tasks.obj (.text:xTaskPriorityDisinherit)
                  00003ad0    0000011c     cs.obj (.text:CS_initClockSignal)
                  00003bec    00000004     --HOLE-- [fill = 0]
                  00003bf0    00000118     trcKernelPort.obj (.text:vTraceInitObjectPropertyTable)
                  00003d08    00000114     cs.obj (.text:_CSComputeCLKFrequency)
                  00003e1c    00000004     --HOLE-- [fill = 0]
                  00003e20    00000110     trcSnapshotRecorder.obj (.text:prvTraceStoreKernelCallWithNumericParamOnly)
                  00003f30    00000110     tasks.obj (.text:xTaskPriorityInherit)
                  00004040    0000010c     trcSnapshotRecorder.obj (.text:prvTraceSetObjectName)
                  0000414c    00000004     --HOLE-- [fill = 0]
                  00004150    00000108     pcm.obj (.text:__PCM_setPowerModeAdvanced)
                  00004258    00000104     ff.obj (.text:create_chain)
                  0000435c    00000004     --HOLE-- [fill = 0]
                  00004360    00000104     taskManager.obj (.text:taskCreate)
                  00004464    00000004     --HOLE-- [fill = 0]
                  00004468    00000103     ff.obj (.text:create_name)
                  0000456b    00000005     --HOLE-- [fill = 0]
                  00004570    00000100     timers.obj (.text:prvProcessReceivedCommands)
                  00004670    00000100     tasks.obj (.text:vTaskDelayUntil)
                  00004770    000000fa     ff.obj (.text:put_fat)
                  0000486a    00000006     --HOLE-- [fill = 0]
                  00004870    000000f4     trcSnapshotRecorder.obj (.text:prvTraceStoreTaskReady)
                  00004964    00000004     --HOLE-- [fill = 0]
                  00004968    000000e8     trcSnapshotRecorder.obj (.text:uiTraceStart)
                  00004a50    000000e6     ff.obj (.text:dir_next)
                  00004b36    00000002     --HOLE-- [fill = 0]
                  00004b38    000000e4     trcSnapshotRecorder.obj (.text:prvTraceStoreTaskswitch)
                  00004c1c    00000004     --HOLE-- [fill = 0]
                  00004c20    000000e0     houseKeeping.obj (.text:adcInit)
                  00004d00    000000dc     trcSnapshotRecorder.obj (.text:prvTraceGetPriorityProperty)
                  00004ddc    00000004     --HOLE-- [fill = 0]
                  00004de0    000000dc     port.obj (.text:xPortStartScheduler)
                  00004ebc    000000da     portasm.obj (.text)
                  00004f96    00000002     --HOLE-- [fill = 0]
                  00004f98    000000d8     trcSnapshotRecorder.obj (.text:prvTraceSetPriorityProperty)
                  00005070    000000d4     tasks.obj (.text:vTaskSwitchContext)
                  00005144    00000004     --HOLE-- [fill = 0]
                  00005148    000000d0     pcm.obj (.text:__PCM_setCoreVoltageLevelAdvanced)
                  00005218    000000d0     trcSnapshotRecorder.obj (.text:prvTraceGetObjectState)
                  000052e8    000000cc     trcSnapshotRecorder.obj (.text:prvTraceSetObjectState)
                  000053b4    00000004     --HOLE-- [fill = 0]
                  000053b8    000000cc     trcKernelPort.obj (.text:vTraceInitObjectHandleStack)
                  00005484    00000004     --HOLE-- [fill = 0]
                  00005488    000000ca     ff.obj (.text:get_fat)
                  00005552    00000006     --HOLE-- [fill = 0]
                  00005558    000000c0     tasks.obj (.text:xTaskRemoveFromEventList)
                  00005618    000000bc     mmc_MSP432P401r.obj (.text:MMC_disk_write)
                  000056d4    00000004     --HOLE-- [fill = 0]
                  000056d8    000000bc     queue.obj (.text:prvInitialiseNewQueue)
                  00005794    00000004     --HOLE-- [fill = 0]
                  00005798    000000bc     trcSnapshotRecorder.obj (.text:vTraceStoreMemMangEvent)
                  00005854    00000004     --HOLE-- [fill = 0]
                  00005858    000000b4     tasks.obj (.text:vTaskRemoveFromUnorderedEventList)
                  0000590c    00000004     --HOLE-- [fill = 0]
                  00005910    000000b4     serial.obj (.text:vUART_Handler)
                  000059c4    000000b0     msp432p4xx_driverlib.lib : spi.o (.text:SPI_initMaster)
                  00005a74    00000004     --HOLE-- [fill = 0]
                  00005a78    000000ae     tasks.obj (.text:prvInitialiseNewTask)
                  00005b26    00000002     --HOLE-- [fill = 0]
                  00005b28    000000ae     event_groups.obj (.text:xEventGroupSetBits)
                  00005bd6    00000002     --HOLE-- [fill = 0]
                  00005bd8    000000a8     msp432p4xx_driverlib.lib : adc14.o (.text:ADC14_configureMultiSequenceMode)
                  00005c80    000000a8     trcSnapshotRecorder.obj (.text:prvTraceInitCortexM)
                  00005d28    000000a4     msp432p4xx_driverlib.lib : adc14.o (.text:ADC14_configureConversionMemory)
                  00005dcc    00000004     --HOLE-- [fill = 0]
                  00005dd0    000000a4     itoa.obj (.text:itoa)
                  00005e74    00000004     --HOLE-- [fill = 0]
                  00005e78    000000a4     trcSnapshotRecorder.obj (.text:vTraceEnable)
                  00005f1c    00000004     --HOLE-- [fill = 0]
                  00005f20    000000a0     ff.obj (.text:dir_sdi)
                  00005fc0    0000009c     rtsv7M4_T_le_v4SPD16_eabi.lib : memcpy_t2.asm.obj (.text)
                  0000605c    00000004     --HOLE-- [fill = 0]
                  00006060    0000009c     tasks.obj (.text:vTaskDelay)
                  000060fc    00000004     --HOLE-- [fill = 0]
                  00006100    00000098     ff.obj (.text:f_sync)
                  00006198    00000094     mmc_MSP432P401r.obj (.text:MMC_disk_read)
                  0000622c    00000004     --HOLE-- [fill = 0]
                  00006230    00000094     timers.obj (.text:prvSwitchTimerLists)
                  000062c4    00000004     --HOLE-- [fill = 0]
                  000062c8    00000094     trcSnapshotRecorder.obj (.text:prvTraceGetParam)
                  0000635c    00000004     --HOLE-- [fill = 0]
                  00006360    00000094     tasks.obj (.text:xTaskCheckForTimeOut)
                  000063f4    00000004     --HOLE-- [fill = 0]
                  000063f8    00000090     queue.obj (.text:xQueueGenericReset)
                  00006488    0000008c     ff.obj (.text:sync_fs)
                  00006514    00000004     --HOLE-- [fill = 0]
                  00006518    0000008c     heap_4.obj (.text:vPortFree)
                  000065a4    00000004     --HOLE-- [fill = 0]
                  000065a8    0000008a     ff.obj (.text:check_fs)
                  00006632    00000006     --HOLE-- [fill = 0]
                  00006638    00000088     pcm.obj (.text:PCM_gotoLPM3)
                  000066c0    00000088     tasks.obj (.text:prvAddCurrentTaskToDelayedList)
                  00006748    00000088     tasks.obj (.text:vTaskPlaceOnEventListRestricted)
                  000067d0    00000086     ff.obj (.text:follow_path)
                  00006856    00000002     --HOLE-- [fill = 0]
                  00006858    00000084     tasks.obj (.text:vTaskStartScheduler)
                  000068dc    00000004     --HOLE-- [fill = 0]
                  000068e0    00000080     ff.obj (.text:remove_chain)
                  00006960    0000007c     msp432p4xx_driverlib.lib : rtc_c.o (.text:RTC_C_getCalendarTime)
                  000069dc    00000004     --HOLE-- [fill = 0]
                  000069e0    0000007c     tasks.obj (.text:prvIdleTask)
                  00006a5c    00000004     --HOLE-- [fill = 0]
                  00006a60    0000007c     trcSnapshotRecorder.obj (.text:prvTraceSetTaskInstanceFinished)
                  00006adc    0000007a     rtsv7M4_T_le_v4SPD16_eabi.lib : memset_t2.asm.obj (.text)
                  00006b56    00000002     --HOLE-- [fill = 0]
                  00006b58    00000078     msp432p4xx_driverlib.lib : adc14.o (.text:ADC14_getMultiSequenceResult)
                  00006bd0    00000074     queue.obj (.text:xQueueGenericCreate)
                  00006c44    00000004     --HOLE-- [fill = 0]
                  00006c48    00000074     timers.obj (.text:xTimerGenericCommand)
                  00006cbc    00000004     --HOLE-- [fill = 0]
                  00006cc0    00000070     queue.obj (.text:prvCopyDataToQueue)
                  00006d30    00000070     heap_4.obj (.text:prvHeapInit)
                  00006da0    00000070     tasks.obj (.text:prvInitialiseTaskLists)
                  00006e10    00000070     timers.obj (.text:prvProcessTimerOrBlockTask)
                  00006e80    00000070     mmc_MSP432P401r.obj (.text:send_cmd)
                  00006ef0    00000070     watchDogTask.obj (.text:watchDogTask)
                  00006f60    0000006c     queue.obj (.text:prvUnlockQueue)
                  00006fcc    00000004     --HOLE-- [fill = 0]
                  00006fd0    00000068     system_msp432p401r.obj (.text:SystemInit)
                  00007038    00000068     rtsv7M4_T_le_v4SPD16_eabi.lib : copy_decompress_lzss.c.obj (.text:decompress:lzss:__TI_decompress_lzss)
                  000070a0    00000068     heap_4.obj (.text:prvInsertBlockIntoFreeList)
                  00007108    00000068     port.obj (.text:vPortSetupTimerInterrupt)
                  00007170    00000068     tasks.obj (.text:xTaskCreate)
                  000071d8    00000066     ff.obj (.text:dir_clear)
                  0000723e    00000002     --HOLE-- [fill = 0]
                  00007240    00000064     dataStorage.obj (.text:initSD)
                  000072a4    00000004     --HOLE-- [fill = 0]
                  000072a8    00000064     trcSnapshotRecorder.obj (.text:prvTraceNextFreeEventBufferSlot)
                  0000730c    00000004     --HOLE-- [fill = 0]
                  00007310    00000064     port.obj (.text:vPortValidateInterruptPriority)
                  00007374    00000004     --HOLE-- [fill = 0]
                  00007378    00000060     timers.obj (.text:prvProcessExpiredTimer)
                  000073d8    00000060     mmc_MSP432P401r.obj (.text:xmit_datablock)
                  00007438    0000005c     tasks.obj (.text:vTaskPlaceOnUnorderedEventList)
                  00007494    00000004     --HOLE-- [fill = 0]
                  00007498    00000058     main.obj (.text:prvConfigureClocks)
                  000074f0    00000058     main.obj (.text:prvSetupHardware)
                  00007548    00000058     timers.obj (.text:xTimerCreateTimerTask)
                  000075a0    00000056     ff.obj (.text:dir_find)
                  000075f6    00000002     --HOLE-- [fill = 0]
                  000075f8    00000054     msp432p4xx_driverlib.lib : adc14.o (.text:ADC14_initModule)
                  0000764c    00000004     --HOLE-- [fill = 0]
                  00007650    00000054     gpio.obj (.text:GPIO_setAsPeripheralModuleFunctionInputPin)
                  000076a4    00000004     --HOLE-- [fill = 0]
                  000076a8    00000054     sysctl.obj (.text:SysCtl_getTLVInfo)
                  000076fc    00000004     --HOLE-- [fill = 0]
                  00007700    00000054     tasks.obj (.text:prvCheckTasksWaitingTermination)
                  00007754    00000004     --HOLE-- [fill = 0]
                  00007758    00000054     timers.obj (.text:prvInsertTimerInActiveList)
                  000077ac    00000004     --HOLE-- [fill = 0]
                  000077b0    00000054     trcSnapshotRecorder.obj (.text:prvTracePortGetTimeStamp)
                  00007804    00000004     --HOLE-- [fill = 0]
                  00007808    00000052     cs.obj (.text:_CSGetDividerValue)
                  0000785a    00000006     --HOLE-- [fill = 0]
                  00007860    00000050     pcm.obj (.text:PCM_getCoreVoltageLevel)
                  000078b0    00000050     SPI_Driver.obj (.text:SPI_Init)
                  00007900    00000050     cs.obj (.text:_CSGetDOCFrequency)
                  00007950    00000050     ff.obj (.text:dbc_2nd)
                  000079a0    00000050     tasks.obj (.text:prvGetExpectedIdleTime)
                  000079f0    0000004e     ff.obj (.text:dir_alloc)
                  00007a3e    00000002     --HOLE-- [fill = 0]
                  00007a40    0000004c     pcm.obj (.text:PCM_shutdownDevice)
                  00007a8c    00000004     --HOLE-- [fill = 0]
                  00007a90    0000004c     ff.obj (.text:f_mount)
                  00007adc    00000004     --HOLE-- [fill = 0]
                  00007ae0    0000004c     timers.obj (.text:prvCheckForValidListAndQueue)
                  00007b2c    00000004     --HOLE-- [fill = 0]
                  00007b30    0000004c     mmc_MSP432P401r.obj (.text:rcvr_datablock)
                  00007b7c    00000004     --HOLE-- [fill = 0]
                  00007b80    0000004c     ttcTask.obj (.text:ttcTask)
                  00007bcc    00000004     --HOLE-- [fill = 0]
                  00007bd0    00000048     ff.obj (.text:get_ldnumber)
                  00007c18    00000048     houseKeeping.obj (.text:isLowBattery)
                  00007c60    00000048     ff.obj (.text:sync_window)
                  00007ca8    00000048     queue.obj (.text:vQueueWaitForMessageRestricted)
                  00007cf0    00000044     rtsv7M4_T_le_v4SPD16_eabi.lib : autoinit.c.obj (.text:__TI_auto_init_nobinit_nopinit:__TI_auto_init_nobinit_nopinit)
                  00007d34    00000004     --HOLE-- [fill = 0]
                  00007d38    00000044     dataStorage.obj (.text:getLocalTime)
                  00007d7c    00000004     --HOLE-- [fill = 0]
                  00007d80    00000044     houseKeeping.obj (.text:getTemperature)
                  00007dc4    00000040     msp432p4xx_driverlib.lib : spi.o (.text:is_A_Module)
                  00007e04    00000004     --HOLE-- [fill = 0]
                  00007e08    0000003e     mmc_MSP432P401r.obj (.text:send_cmd12)
                  00007e46    00000002     --HOLE-- [fill = 0]
                  00007e48    0000003c     tasks.obj (.text:eTaskConfirmSleepModeStatus)
                  00007e84    00000004     --HOLE-- [fill = 0]
                  00007e88    0000003c     trcSnapshotRecorder.obj (.text:prvTraceError)
                  00007ec4    00000004     --HOLE-- [fill = 0]
                  00007ec8    0000003c     trcSnapshotRecorder.obj (.text:prvTraceUpdateCounters)
                  00007f04    00000004     --HOLE-- [fill = 0]
                  00007f08    0000003c     mmc_MSP432P401r.obj (.text:send_initial_clock_train)
                  00007f44    00000004     --HOLE-- [fill = 0]
                  00007f48    0000003c     port.obj (.text:vPortEnterCritical)
                  00007f84    00000004     --HOLE-- [fill = 0]
                  00007f88    0000003a     pcm.obj (.text:PCM_getPowerMode)
                  00007fc2    00000006     --HOLE-- [fill = 0]
                  00007fc8    0000003a     ff.obj (.text:dir_register)
                  00008002    00000006     --HOLE-- [fill = 0]
                  00008008    0000003a     ff.obj (.text:validate)
                  00008042    00000002     --HOLE-- [fill = 0]
                  00008044    00000038     rtsv7M4_T_le_v4SPD16_eabi.lib : boot_cortex_m.c.obj (.text:_c_int00_noargs:_c_int00_noargs)
                  0000807c    00000004     --HOLE-- [fill = 0]
                  00008080    00000038     port.obj (.text:prvTaskExitError)
                  000080b8    00000038     tasks.obj (.text:vTaskPlaceOnEventList)
                  000080f0    00000034     msp432p4xx_driverlib.lib : adc14.o (.text:ADC14_enableSampleTimer)
                  00008124    00000004     --HOLE-- [fill = 0]
                  00008128    00000034     SPI_Driver.obj (.text:SPI_Read)
                  0000815c    00000004     --HOLE-- [fill = 0]
                  00008160    00000034     SPI_Driver.obj (.text:SPI_Write)
                  00008194    00000004     --HOLE-- [fill = 0]
                  00008198    00000034     aodcsTask.obj (.text:aodcsTask)
                  000081cc    00000004     --HOLE-- [fill = 0]
                  000081d0    00000034     cameraTask.obj (.text:cameraTask)
                  00008204    00000004     --HOLE-- [fill = 0]
                  00008208    00000034     ff.obj (.text:dbc_1st)
                  0000823c    00000004     --HOLE-- [fill = 0]
                  00008240    00000034     ff.obj (.text:move_window)
                  00008274    00000004     --HOLE-- [fill = 0]
                  00008278    00000034     pptTask.obj (.text:pptTask)
                  000082ac    00000004     --HOLE-- [fill = 0]
                  000082b0    00000034     list.obj (.text:vListInsert)
                  000082e4    00000004     --HOLE-- [fill = 0]
                  000082e8    00000034     IntQueueTimer.obj (.text:vT32_0_Handler)
                  0000831c    00000004     --HOLE-- [fill = 0]
                  00008320    00000034     IntQueueTimer.obj (.text:vT32_1_Handler)
                  00008354    00000004     --HOLE-- [fill = 0]
                  00008358    00000034     tasks.obj (.text:vTaskStepTick)
                  0000838c    00000030     msp432p4xx_driverlib.lib : adc14.o (.text:ADC14_setSampleHoldTime)
                  000083bc    00000004     --HOLE-- [fill = 0]
                  000083c0    00000030     flash.obj (.text:FlashCtl_setWaitState)
                  000083f0    00000030     tasks.obj (.text:prvResetNextTaskUnblockTime)
                  00008420    00000030     port.obj (.text:vPortExitCritical)
                  00008450    0000002c     msp432p4xx_driverlib.lib : adc14.o (.text:ADC14_toggleConversionTrigger)
                  0000847c    00000004     --HOLE-- [fill = 0]
                  00008480    0000002c     cs.obj (.text:CS_setDCOCenteredFrequency)
                  000084ac    00000004     --HOLE-- [fill = 0]
                  000084b0    0000002c     gpio.obj (.text:GPIO_setAsInputPinWithPullUpResistor)
                  000084dc    00000004     --HOLE-- [fill = 0]
                  000084e0    0000002c     pcm.obj (.text:PCM_gotoLPM0)
                  0000850c    0000002c     msp432p4xx_driverlib.lib : rtc_c.o (.text:RTC_C_holdClock)
                  00008538    0000002c     timers.obj (.text:prvSampleTimeNow)
                  00008564    00000004     --HOLE-- [fill = 0]
                  00008568    0000002c     port.obj (.text:pxPortInitialiseStack)
                  00008594    00000004     --HOLE-- [fill = 0]
                  00008598    0000002c     mmc_MSP432P401r.obj (.text:rcvr_spi)
                  000085c4    00000004     --HOLE-- [fill = 0]
                  000085c8    0000002c     port.obj (.text:xPortSysTickHandler)
                  000085f4    00000004     --HOLE-- [fill = 0]
                  000085f8    0000002c     queue.obj (.text:xQueueIsQueueFullFromISR)
                  00008624    00000028     msp432p4xx_driverlib.lib : adc14.o (.text:ADC14_enableConversion)
                  0000864c    00000004     --HOLE-- [fill = 0]
                  00008650    00000028     GPIO_Driver.obj (.text:GPIO_Init)
                  00008678    00000028     main.obj (.text:main)
                  000086a0    00000028     queue.obj (.text:prvCopyDataFromQueue)
                  000086c8    00000028     mmc_MSP432P401r.obj (.text:xmit_spi)
                  000086f0    00000026     ff.obj (.text:ld_clust)
                  00008716    00000002     --HOLE-- [fill = 0]
                  00008718    00000026     list.obj (.text:uxListRemove)
                  0000873e    00000002     --HOLE-- [fill = 0]
                  00008740    00000024     cs.obj (.text:CS_clearInterruptFlag)
                  00008764    00000004     --HOLE-- [fill = 0]
                  00008768    00000024     timers.obj (.text:prvGetNextExpireTime)
                  0000878c    00000004     --HOLE-- [fill = 0]
                  00008790    00000024     taskManager.obj (.text:queueDataCrete)
                  000087b4    00000004     --HOLE-- [fill = 0]
                  000087b8    00000024     trcSnapshotRecorder.obj (.text:vTraceStop)
                  000087dc    00000004     --HOLE-- [fill = 0]
                  000087e0    00000024     mmc_MSP432P401r.obj (.text:wait_ready)
                  00008804    00000004     --HOLE-- [fill = 0]
                  00008808    00000022     CS_Driver.obj (.text:CS_Init)
                  0000882a    00000006     --HOLE-- [fill = 0]
                  00008830    00000022     diskio.obj (.text:disk_read)
                  00008852    00000006     --HOLE-- [fill = 0]
                  00008858    00000022     diskio.obj (.text:disk_write)
                  0000887a    00000006     --HOLE-- [fill = 0]
                  00008880    00000022     ff.obj (.text:st_clust)
                  000088a2    00000006     --HOLE-- [fill = 0]
                  000088a8    00000020     gpio.obj (.text:GPIO_setAsOutputPin)
                  000088c8    00000020     msp432p4xx_driverlib.lib : ref_a.o (.text:REF_A_setReferenceVoltage)
                  000088e8    00000020     sysctl.obj (.text:SysCtl_setWDTTimeoutResetType)
                  00008908    00000020     diskio.obj (.text:disk_ioctl)
                  00008928    00000020     trcSnapshotRecorder.obj (.text:prvMarkObjectAsUsed)
                  00008948    00000020     IntQueue.obj (.text:prvRecordValue_NormallyEmpty)
                  00008968    00000020     IntQueue.obj (.text:prvRecordValue_NormallyFull)
                  00008988    00000020     trcSnapshotRecorder.obj (.text:prvStrncpy)
                  000089a8    00000020     tasks.obj (.text:xTaskGetSchedulerState)
                  000089c8    0000001e     queue.obj (.text:prvIsQueueFull)
                  000089e6    00000002     --HOLE-- [fill = 0]
                  000089e8    0000001e     list.obj (.text:vListInitialise)
                  00008a06    00000002     --HOLE-- [fill = 0]
                  00008a08    0000001c     msp432p4xx_driverlib.lib : adc14.o (.text:ADC14_getResult)
                  00008a24    00000004     --HOLE-- [fill = 0]
                  00008a28    0000001c     ff.obj (.text:mem_cmp)
                  00008a44    00000004     --HOLE-- [fill = 0]
                  00008a48    0000001c     event_groups.obj (.text:prvTestWaitCondition)
                  00008a64    00000004     --HOLE-- [fill = 0]
                  00008a68    0000001a     ff.obj (.text:clst2sect)
                  00008a82    00000006     --HOLE-- [fill = 0]
                  00008a88    0000001a     queue.obj (.text:prvGetDisinheritPriorityAfterTimeout)
                  00008aa2    00000006     --HOLE-- [fill = 0]
                  00008aa8    0000001a     queue.obj (.text:prvIsQueueEmpty)
                  00008ac2    00000006     --HOLE-- [fill = 0]
                  00008ac8    0000001a     timers.obj (.text:prvTimerTask)
                  00008ae2    00000006     --HOLE-- [fill = 0]
                  00008ae8    0000001a     trcKernelPort.obj (.text:prvTraceSetQueueNumberHigh16)
                  00008b02    00000006     --HOLE-- [fill = 0]
                  00008b08    0000001a     trcKernelPort.obj (.text:prvTraceSetQueueNumberLow16)
                  00008b22    00000006     --HOLE-- [fill = 0]
                  00008b28    0000001a     trcKernelPort.obj (.text:prvTraceSetTaskNumberHigh16)
                  00008b42    00000006     --HOLE-- [fill = 0]
                  00008b48    0000001a     trcKernelPort.obj (.text:prvTraceSetTaskNumberLow16)
                  00008b62    00000006     --HOLE-- [fill = 0]
                  00008b68    0000001a     event_groups.obj (.text:xEventGroupCreate)
                  00008b82    00000006     --HOLE-- [fill = 0]
                  00008b88    00000018     cs.obj (.text:CS_getMCLK)
                  00008ba0    00000018     gpio.obj (.text:GPIO_getInputPinValue)
                  00008bb8    00000018     wdt_a.obj (.text:WDT_A_clearTimer)
                  00008bd0    00000018     wdt_a.obj (.text:WDT_A_holdTimer)
                  00008be8    00000018     ff.obj (.text:chk_chr)
                  00008c00    00000018     diskio.obj (.text:disk_initialize)
                  00008c18    00000018     diskio.obj (.text:disk_status)
                  00008c30    00000018     tasks.obj (.text:pvTaskIncrementMutexHeldCount)
                  00008c48    00000018     msp432_startup_ccs.obj (.text:resetISR)
                  00008c60    00000018     ff.obj (.text:st_dword)
                  00008c78    00000018     tasks.obj (.text:uxTaskResetEventItemValue)
                  00008c90    00000018     list.obj (.text:vListInsertEnd)
                  00008ca8    00000018     tasks.obj (.text:vTaskInternalSetTimeOutState)
                  00008cc0    00000016     ff.obj (.text:ld_dword)
                  00008cd6    00000002     --HOLE-- [fill = 0]
                  00008cd8    00000016     ff.obj (.text:mem_cpy)
                  00008cee    00000002     --HOLE-- [fill = 0]
                  00008cf0    00000016     queue.obj (.text:xQueueCreateMutex)
                  00008d06    00000002     --HOLE-- [fill = 0]
                  00008d08    00000014     gpio.obj (.text:GPIO_clearInterruptFlag)
                  00008d1c    00000004     --HOLE-- [fill = 0]
                  00008d20    00000014     gpio.obj (.text:GPIO_enableInterrupt)
                  00008d34    00000004     --HOLE-- [fill = 0]
                  00008d38    00000014     gpio.obj (.text:GPIO_setOutputHighOnPin)
                  00008d4c    00000004     --HOLE-- [fill = 0]
                  00008d50    00000014     gpio.obj (.text:GPIO_setOutputLowOnPin)
                  00008d64    00000004     --HOLE-- [fill = 0]
                  00008d68    00000014     gpio.obj (.text:GPIO_toggleOutputOnPin)
                  00008d7c    00000004     --HOLE-- [fill = 0]
                  00008d80    00000014     wdt_a.obj (.text:WDT_A_startTimer)
                  00008d94    00000004     --HOLE-- [fill = 0]
                  00008d98    00000014     mmc_MSP432P401r.obj (.text:power_on)
                  00008dac    00000004     --HOLE-- [fill = 0]
                  00008db0    00000014     queue.obj (.text:prvInitialiseMutex)
                  00008dc4    00000004     --HOLE-- [fill = 0]
                  00008dc8    00000014     IntQueue.obj (.text:prvQueueAccessLogError)
                  00008ddc    00000004     --HOLE-- [fill = 0]
                  00008de0    00000012     ff.obj (.text:mem_set)
                  00008df2    00000006     --HOLE-- [fill = 0]
                  00008df8    00000012     tasks.obj (.text:prvDeleteTCB)
                  00008e0a    00000006     --HOLE-- [fill = 0]
                  00008e10    00000012     main.obj (.text:vApplicationMallocFailedHook)
                  00008e22    00000006     --HOLE-- [fill = 0]
                  00008e28    00000012     main.obj (.text:vApplicationStackOverflowHook)
                  00008e3a    00000002     --HOLE-- [fill = 0]
                  00008e3c    00000010     msp432p4xx_driverlib.lib : adc14.o (.text:ADCIsConversionRunning)
                  00008e4c    00000004     --HOLE-- [fill = 0]
                  00008e50    00000010     fpu.obj (.text:FPU_enableModule)
                  00008e60    00000010     GPIO_Driver.obj (.text:GPIO_High)
                  00008e70    00000010     GPIO_Driver.obj (.text:GPIO_Low)
                  00008e80    00000010     interrupt.obj (.text:Interrupt_enableMaster)
                  00008e90    00000010     pcm.obj (.text:PCM_gotoLPM4)
                  00008ea0    00000010     aodcsTask.obj (.text:setWatchDogBit_AODCS)
                  00008eb0    00000010     cameraTask.obj (.text:setWatchDogBit_CAMERA)
                  00008ec0    00000010     dataStorage.obj (.text:setWatchDogBit_DATASTORAGE)
                  00008ed0    00000010     houseKeeping.obj (.text:setWatchDogBit_HOUSEKEEPING)
                  00008ee0    00000010     pptTask.obj (.text:setWatchDogBit_PPT)
                  00008ef0    00000010     ttcTask.obj (.text:setWatchDogBit_TTC)
                  00008f00    00000010     tasks.obj (.text:vTaskSuspendAll)
                  00008f10    00000010     taskManager.obj (.text:watchDogEventGroupCreate)
                  00008f20    0000000e     rtsv7M4_T_le_v4SPD16_eabi.lib : copy_decompress_none.c.obj (.text:decompress:none:__TI_decompress_none)
                  00008f2e    00000002     --HOLE-- [fill = 0]
                  00008f30    0000000e     ff.obj (.text:st_word)
                  00008f3e    00000002     --HOLE-- [fill = 0]
                  00008f40    0000000c     msp432p4xx_driverlib.lib : adc14.o (.text:ADC14_enableModule)
                  00008f4c    00000004     --HOLE-- [fill = 0]
                  00008f50    0000000c     cpu.obj (.text:CPU_cpsie)
                  00008f5c    00000004     --HOLE-- [fill = 0]
                  00008f60    0000000c     mmc_MSP432P401r.obj (.text:MMC_disk_status)
                  00008f6c    00000004     --HOLE-- [fill = 0]
                  00008f70    0000000c     pcm.obj (.text:PCM_getPowerState)
                  00008f7c    0000000c     msp432p4xx_driverlib.lib : ref_a.o (.text:REF_A_enableReferenceVoltage)
                  00008f88    0000000c                              : ref_a.o (.text:REF_A_enableTempSensor)
                  00008f94    00000004     --HOLE-- [fill = 0]
                  00008f98    0000000c     sysctl.obj (.text:SysCtl_getTempCalibrationConstant)
                  00008fa4    00000004     --HOLE-- [fill = 0]
                  00008fa8    0000000c     mmc_MSP432P401r.obj (.text:chk_power)
                  00008fb4    0000000c     rtsv7M4_T_le_v4SPD16_eabi.lib : copy_zero_init.c.obj (.text:decompress:ZI:__TI_zero_init)
                  00008fc0    0000000c     ff.obj (.text:ld_word)
                  00008fcc    00000004     --HOLE-- [fill = 0]
                  00008fd0    0000000c     mmc_MSP432P401r.obj (.text:power_off)
                  00008fdc    00000004     --HOLE-- [fill = 0]
                  00008fe0    0000000c     trcKernelPort.obj (.text:prvTraceGetQueueNumberHigh16)
                  00008fec    00000004     --HOLE-- [fill = 0]
                  00008ff0    0000000c     trcKernelPort.obj (.text:prvTraceGetTaskNumberHigh16)
                  00008ffc    00000004     --HOLE-- [fill = 0]
                  00009000    0000000c     mmc_MSP432P401r.obj (.text:rcvr_spi_m)
                  0000900c    00000004     --HOLE-- [fill = 0]
                  00009010    0000000c     tasks.obj (.text:vTaskMissedYield)
                  0000901c    00000004     --HOLE-- [fill = 0]
                  00009020    0000000c     tasks.obj (.text:xTaskGetCurrentTaskHandle)
                  0000902c    00000004     --HOLE-- [fill = 0]
                  00009030    0000000c     tasks.obj (.text:xTaskGetTickCount)
                  0000903c    00000004     --HOLE-- [fill = 0]
                  00009040    0000000a     trcKernelPort.obj (.text:prvTraceGetQueueNumberLow16)
                  0000904a    00000006     --HOLE-- [fill = 0]
                  00009050    0000000a     trcKernelPort.obj (.text:prvTraceGetTaskNumberLow16)
                  0000905a    00000006     --HOLE-- [fill = 0]
                  00009060    0000000a     tasks.obj (.text:uxTaskGetTaskNumber)
                  0000906a    00000006     --HOLE-- [fill = 0]
                  00009070    00000008     pcm.obj (.text:PCM_setCoreVoltageLevel)
                  00009078    00000008     pcm.obj (.text:PCM_setPowerMode)
                  00009080    00000008     pcm.obj (.text:PCM_setPowerState)
                  00009088    00000006     queue.obj (.text:ucQueueGetQueueType)
                  0000908e    00000002     --HOLE-- [fill = 0]
                  00009090    00000006     list.obj (.text:vListInitialiseItem)
                  00009096    00000002     --HOLE-- [fill = 0]
                  00009098    00000006     tasks.obj (.text:vTaskSetTaskNumber)
                  0000909e    00000002     --HOLE-- [fill = 0]
                  000090a0    00000004     cpu.obj (.text:CPU_wfi)
                  000090a4    00000004     --HOLE-- [fill = 0]
                  000090a8    00000004     mmc_MSP432P401r.obj (.text:get_fattime)
                  000090ac    00000004     --HOLE-- [fill = 0]
                  000090b0    00000004     queue.obj (.text:uxQueueGetQueueNumber)
                  000090b4    00000004     --HOLE-- [fill = 0]
                  000090b8    00000004     queue.obj (.text:vQueueSetQueueNumber)
                  000090bc    00000004     --HOLE-- [fill = 0]
                  000090c0    00000004     trcSnapshotRecorder.obj (.text:vTraceStart)
                  000090c4    00000004     --HOLE-- [fill = 0]
                  000090c8    00000002     msp432_startup_ccs.obj (.text:defaultISR)
                  000090ca    00000006     --HOLE-- [fill = 0]
                  000090d0    00000002     msp432_startup_ccs.obj (.text:faultISR)
                  000090d2    00000006     --HOLE-- [fill = 0]
                  000090d8    00000002     msp432_startup_ccs.obj (.text:nmiISR)
                  000090da    00000006     --HOLE-- [fill = 0]
                  000090e0    00000002     main.obj (.text:vApplicationIdleHook)
                  000090e2    00000006     --HOLE-- [fill = 0]
                  000090e8    00000002     main_blinky.obj (.text:vApplicationTickHook)
                  000090ea    00000006     --HOLE-- [fill = 0]
                  000090f0    00000002     main_blinky.obj (.text:vPreSleepProcessing)

.const     0    000090f4    00000098     
                  000090f4    00000080     msp432p4xx_driverlib.lib : adc14.o (.const:_ctlRegs)
                  00009174    0000000a     ff.obj (.const:.string:DbcTbl)
                  0000917e    00000002     --HOLE-- [fill = 0]
                  00009180    00000008     port.obj (.const)
                  00009188    00000004     serial.obj (.const)

.cinit     0    00009190    00000090     
                  00009190    00000067     (.cinit..data.load) [load image, compression = lzss]
                  000091f7    00000001     --HOLE-- [fill = 0]
                  000091f8    0000000c     (__TI_handler_table)
                  00009204    00000004     --HOLE-- [fill = 0]
                  00009208    00000008     (.cinit..bss.load) [load image, compression = zero_init]
                  00009210    00000010     (__TI_cinit_table)

.init_array 
*          0    00000000    00000000     UNINITIALIZED

.binit     0    00000000    00000000     

.bss       0    20000000    0000e810     UNINITIALIZED
                  20000000    0000c800     heap_4.obj (.bss:ucHeap)
                  2000c800    00001918     (.common:RecorderData)
                  2000e118    00000230     (.common:sdDriver)
                  2000e348    00000228     (.common:file)
                  2000e570    00000106     (.common:obcData)
                  2000e676    00000002     ff.obj (.bss)
                  2000e678    00000064     tasks.obj (.bss:pxReadyTasksLists)
                  2000e6dc    0000003f     (.common:imuData)
                  2000e71b    00000001     (.common:fResult)
                  2000e71c    00000014     timers.obj (.bss:xActiveTimerList1)
                  2000e730    00000014     timers.obj (.bss:xActiveTimerList2)
                  2000e744    00000014     tasks.obj (.bss:xDelayedTaskList1)
                  2000e758    00000014     tasks.obj (.bss:xDelayedTaskList2)
                  2000e76c    00000014     tasks.obj (.bss:xPendingReadyList)
                  2000e780    00000014     tasks.obj (.bss:xSuspendedTaskList)
                  2000e794    00000014     tasks.obj (.bss:xTasksWaitingTermination)
                  2000e7a8    0000000c     houseKeeping.obj (.bss:resultsBuffer)
                  2000e7b4    00000009     mmc_MSP432P401r.obj (.bss)
                  2000e7bd    00000003     --HOLE--
                  2000e7c0    00000008     IntQueue.obj (.bss)
                  2000e7c8    00000008     cs.obj (.bss)
                  2000e7d0    00000008     tasks.obj (.bss)
                  2000e7d8    00000008     timers.obj (.bss)
                  2000e7e0    00000008     heap_4.obj (.bss:xStart)
                  2000e7e8    00000006     (.common:localTime)
                  2000e7ee    00000002     --HOLE--
                  2000e7f0    00000004     ff.obj (.bss:FatFs)
                  2000e7f4    00000004     (.common:WATCHDOG_EVENT_GROUP)
                  2000e7f8    00000004     (.common:bw)
                  2000e7fc    00000004     (.common:cal30)
                  2000e800    00000004     (.common:cal85)
                  2000e804    00000004     (.common:calDifference)
                  2000e808    00000004     (.common:flag_lowBattery)
                  2000e80c    00000004     (.common:init_hwtc_count)

.data      0    2000e810    00000371     UNINITIALIZED
                  2000e810    000000c8     IntQueue.obj (.data:ucNormallyEmptyReceivedValues)
                  2000e8d8    000000c8     IntQueue.obj (.data:ucNormallyFullReceivedValues)
                  2000e9a0    0000008e     trcSnapshotRecorder.obj (.data:objectHandleStacks)
                  2000ea2e    00000002     mmc_MSP432P401r.obj (.data)
                  2000ea30    00000044     trcSnapshotRecorder.obj (.data)
                  2000ea74    0000003c     IntQueue.obj (.data)
                  2000eab0    00000034     tasks.obj (.data)
                  2000eae4    00000030     gpio.obj (.data:GPIO_PORT_TO_BASE)
                  2000eb14    0000001c     dataStorage.obj (.data:SPI0MasterConfig)
                  2000eb30    00000018     port.obj (.data)
                  2000eb48    00000010     heap_4.obj (.data)
                  2000eb58    00000010     serial.obj (.data)
                  2000eb68    0000000c     timers.obj (.data)
                  2000eb74    00000008     taskManager.obj (.data)
                  2000eb7c    00000005     trcKernelPort.obj (.data:TraceQueueClassTable)

.stack     0    2000fce0    00000320     UNINITIALIZED
                  2000fce0    00000004     rtsv7M4_T_le_v4SPD16_eabi.lib : boot_cortex_m.c.obj (.stack)
                  2000fce4    0000031c     --HOLE--

MODULE SUMMARY

       Module                       code    ro data   rw data
       ------                       ----    -------   -------
    .\
       main.obj                     254     0         540    
    +--+----------------------------+-------+---------+---------+
       Total:                       254     0         540    
                                                             
    .\FreeRTOS_Source\
       tasks.obj                    4900    0         520    
       queue.obj                    4030    0         0      
       timers.obj                   1082    0         120    
       event_groups.obj             528     0         0      
       list.obj                     150     0         0      
    +--+----------------------------+-------+---------+---------+
       Total:                       10690   0         640    
                                                             
    .\FreeRTOS_Source\portable\CCS\ARM_CM4F\
       port.obj                     984     8         48     
       portasm.obj                  218     0         0      
    +--+----------------------------+-------+---------+---------+
       Total:                       1202    8         48     
                                                             
    .\FreeRTOS_Source\portable\MemMang\
       heap_4.obj                   680     0         102448 
    +--+----------------------------+-------+---------+---------+
       Total:                       680     0         102448 
                                                             
    .\Full_Demo\
       serial.obj                   180     4         32     
       IntQueueTimer.obj            104     0         0      
    +--+----------------------------+-------+---------+---------+
       Total:                       284     4         32     
                                                             
    .\Full_Demo\Standard_Demo_Tasks\
       IntQueue.obj                 836     0         936    
    +--+----------------------------+-------+---------+---------+
       Total:                       836     0         936    
                                                             
    .\SimplyBlinkyDemo\
       main_blinky.obj              4       0         0      
    +--+----------------------------+-------+---------+---------+
       Total:                       4       0         0      
                                                             
    .\Tracealyzer\
       trcSnapshotRecorder.obj      5948    0         13276  
       trcKernelPort.obj            1494    0         10     
    +--+----------------------------+-------+---------+---------+
       Total:                       7442    0         13286  
                                                             
    .\driverlib\
       pcm.obj                      1452    0         0      
       cs.obj                       1154    0         16     
       gpio.obj                     284     0         96     
       sysctl.obj                   128     0         0      
       wdt_a.obj                    68      0         0      
       flash.obj                    48      0         0      
       cpu.obj                      16      0         0      
       fpu.obj                      16      0         0      
       interrupt.obj                16      0         0      
    +--+----------------------------+-------+---------+---------+
       Total:                       3182    0         112    
                                                             
    .\src\
       dataStorage.obj              648     0         2428   
       houseKeeping.obj             740     0         32     
       taskManager.obj              312     0         16     
       watchDogTask.obj             112     0         0      
       ttcTask.obj                  92      0         0      
       aodcsTask.obj                68      0         0      
       cameraTask.obj               68      0         0      
       pptTask.obj                  68      0         0      
       sensorTask.obj               0       0         16     
    +--+----------------------------+-------+---------+---------+
       Total:                       2108    0         2492   
                                                             
    .\system\CCS\
       msp432_startup_ccs.obj       30      324       0      
       system_msp432p401r.obj       104     0         0      
    +--+----------------------------+-------+---------+---------+
       Total:                       134     324       0      
                                                             
    .\util\
       itoa.obj                     164     0         0      
    +--+----------------------------+-------+---------+---------+
       Total:                       164     0         0      
                                                             
    .\util\Hardware\
       SPI_Driver.obj               184     0         0      
       GPIO_Driver.obj              72      0         0      
       CS_Driver.obj                34      0         0      
    +--+----------------------------+-------+---------+---------+
       Total:                       290     0         0      
                                                             
    .\util\fatfs\
       ff.obj                       4793    10        12     
       mmc_MSP432P401r.obj          1694    0         22     
       diskio.obj                   148     0         0      
    +--+----------------------------+-------+---------+---------+
       Total:                       6635    10        34     
                                                             
    C:/ti/simplelink_msp432p4_sdk_2_40_00_10/source/ti/devices/msp432p4xx/driverlib/ccs/msp432p4xx_driverlib.lib
       adc14.o                      1128    128       0      
       spi.o                        240     0         0      
       rtc_c.o                      168     0         0      
       ref_a.o                      56      0         0      
    +--+----------------------------+-------+---------+---------+
       Total:                       1592    128       0      
                                                             
    C:\ti\ccsv8\tools\compiler\ti-cgt-arm_18.1.1.LTS\lib\rtsv7M4_T_le_v4SPD16_eabi.lib
       memcpy_t2.asm.obj            156     0         0      
       memset_t2.asm.obj            122     0         0      
       copy_decompress_lzss.c.obj   104     0         0      
       autoinit.c.obj               68      0         0      
       boot_cortex_m.c.obj          56      0         0      
       copy_decompress_none.c.obj   14      0         0      
       copy_zero_init.c.obj         12      0         0      
       exit.c.obj                   4       0         0      
       pre_init.c.obj               4       0         0      
    +--+----------------------------+-------+---------+---------+
       Total:                       540     0         0      
                                                             
       Stack:                       0       0         1600   
       Linker Generated:            0       139       0      
    +--+----------------------------+-------+---------+---------+
       Grand Total:                 36037   613       122168 


LINKER GENERATED COPY TABLES

__TI_cinit_table @ 00009210 records: 2, size/record: 8, table size: 16
	.data: load addr=00009190, load size=00000067 bytes, run addr=2000e810, run size=00000371 bytes, compression=lzss
	.bss: load addr=00009208, load size=00000008 bytes, run addr=20000000, run size=0000e810 bytes, compression=zero_init


LINKER GENERATED HANDLER TABLE

__TI_handler_table @ 000091f8 records: 3, size/record: 4, table size: 12
	index: 0, handler: __TI_decompress_lzss
	index: 1, handler: __TI_decompress_none
	index: 2, handler: __TI_zero_init


GLOBAL SYMBOLS: SORTED ALPHABETICALLY BY Name 

address   name                                       
-------   ----                                       
00005d29  ADC14_configureConversionMemory            
00005bd9  ADC14_configureMultiSequenceMode           
00008625  ADC14_enableConversion                     
00008f41  ADC14_enableModule                         
000080f1  ADC14_enableSampleTimer                    
00006b59  ADC14_getMultiSequenceResult               
00008a09  ADC14_getResult                            
000075f9  ADC14_initModule                           
0000838d  ADC14_setSampleHoldTime                    
00008451  ADC14_toggleConversionTrigger              
00000aed  C$$EXIT                                    
00008f51  CPU_cpsie                                  
000090a1  CPU_wfi                                    
00008809  CS_Init                                    
00008741  CS_clearInterruptFlag                      
00002b09  CS_getDCOFrequency                         
00008b89  CS_getMCLK                                 
00003ad1  CS_initClockSignal                         
00008481  CS_setDCOCenteredFrequency                 
2000ea5a  CurrentFilterGroup                         
2000ea58  CurrentFilterMask                          
00008e51  FPU_enableModule                           
000083c1  FlashCtl_setWaitState                      
00008e61  GPIO_High                                  
00008651  GPIO_Init                                  
00008e71  GPIO_Low                                   
00008d09  GPIO_clearInterruptFlag                    
00008d21  GPIO_enableInterrupt                       
00008ba1  GPIO_getInputPinValue                      
000084b1  GPIO_setAsInputPinWithPullUpResistor       
000088a9  GPIO_setAsOutputPin                        
00007651  GPIO_setAsPeripheralModuleFunctionInputPin 
00008d39  GPIO_setOutputHighOnPin                    
00008d51  GPIO_setOutputLowOnPin                     
00008d69  GPIO_toggleOutputOnPin                     
00008e81  Interrupt_enableMaster                     
00002859  MMC_disk_initialize                        
00001f49  MMC_disk_ioctl                             
00006199  MMC_disk_read                              
00008f61  MMC_disk_status                            
00005619  MMC_disk_write                             
00007861  PCM_getCoreVoltageLevel                    
00007f89  PCM_getPowerMode                           
00008f71  PCM_getPowerState                          
000084e1  PCM_gotoLPM0                               
00006639  PCM_gotoLPM3                               
00008e91  PCM_gotoLPM4                               
00009071  PCM_setCoreVoltageLevel                    
00009079  PCM_setPowerMode                           
00009081  PCM_setPowerState                          
00007a41  PCM_shutdownDevice                         
00008f7d  REF_A_enableReferenceVoltage               
00008f89  REF_A_enableTempSensor                     
000088c9  REF_A_setReferenceVoltage                  
00006961  RTC_C_getCalendarTime                      
0000850d  RTC_C_holdClock                            
2000c800  RecorderData                               
2000ea60  RecorderDataPtr                            
2000eb14  SPI0MasterConfig                           
000078b1  SPI_Init                                   
00008129  SPI_Read                                   
00008161  SPI_Write                                  
000059c5  SPI_initMaster                             
000076a9  SysCtl_getTLVInfo                          
00008f99  SysCtl_getTempCalibrationConstant          
000088e9  SysCtl_setWDTTimeoutResetType              
00006fd1  SystemInit                                 
2000eb7c  TraceQueueClassTable                       
2000e7f4  WATCHDOG_EVENT_GROUP                       
4000480c  WDTCTL_SYM                                 
00008bb9  WDT_A_clearTimer                           
00008bd1  WDT_A_holdTimer                            
000088e9  WDT_A_setTimeoutReset                      
00008d81  WDT_A_startTimer                           
20010000  __STACK_END                                
00000320  __STACK_SIZE                               
00009210  __TI_CINIT_Base                            
00009220  __TI_CINIT_Limit                           
000091f8  __TI_Handler_Table_Base                    
00009204  __TI_Handler_Table_Limit                   
00007cf1  __TI_auto_init_nobinit_nopinit             
00007039  __TI_decompress_lzss                       
00008f21  __TI_decompress_none                       
ffffffff  __TI_pprof_out_hndl                        
ffffffff  __TI_prof_data_size                        
ffffffff  __TI_prof_data_start                       
00000000  __TI_static_base__                         
00008fb5  __TI_zero_init                             
00006add  __aeabi_memclr                             
00006add  __aeabi_memclr4                            
00006add  __aeabi_memclr8                            
00005fc1  __aeabi_memcpy                             
00005fc1  __aeabi_memcpy4                            
00005fc1  __aeabi_memcpy8                            
00006adf  __aeabi_memset                             
00006adf  __aeabi_memset4                            
00006adf  __aeabi_memset8                            
ffffffff  __binit__                                  
ffffffff  __c_args__                                 
UNDEFED   __mpu_init                                 
2000fce0  __stack                                    
00008045  _c_int00_noargs                            
UNDEFED   _system_post_cinit                         
000007dd  _system_pre_init                           
00000aed  abort                                      
00004c21  adcInit                                    
00008199  aodcsTask                                  
ffffffff  binit                                      
2000e7f8  bw                                         
2000e7fc  cal30                                      
2000e800  cal85                                      
2000e804  calDifference                              
000081d1  cameraTask                                 
000014d9  dataStorage                                
00008c01  disk_initialize                            
00008909  disk_ioctl                                 
00008831  disk_read                                  
00008c19  disk_status                                
00008859  disk_write                                 
00007e49  eTaskConfirmSleepModeStatus                
2000e71b  fResult                                    
00007a91  f_mount                                    
00001871  f_open                                     
00006101  f_sync                                     
00001301  f_write                                    
2000e348  file                                       
2000e808  flag_lowBattery                            
00007d39  getLocalTime                               
00007d81  getTemperature                             
000090a9  get_fattime                                
2000ea51  handle_of_last_logged_task                 
00002591  houseKeeping                               
2000e6dc  imuData                                    
00007241  initSD                                     
2000e80c  init_hwtc_count                            
00000000  interruptVectors                           
00007c19  isLowBattery                               
2000ea30  isPendingContextSwitch                     
00005dd1  itoa                                       
2000e7e8  localTime                                  
00008679  main                                       
00005fc1  memcpy                                     
00006ae5  memset                                     
2000ea50  nISRactive                                 
2000e570  obcData                                    
2000e9a0  objectHandleStacks                         
00008279  pptTask                                    
00008929  prvMarkObjectAsUsed                        
00007e89  prvTraceError                              
00009021  prvTraceGetCurrentTaskHandle               
000029b9  prvTraceGetObjectHandle                    
00004d01  prvTraceGetPriorityProperty                
000090b1  prvTraceGetQueueNumber                     
00008fe1  prvTraceGetQueueNumberHigh16               
00009041  prvTraceGetQueueNumberLow16                
00009089  prvTraceGetQueueType                       
00008ff1  prvTraceGetTaskNumberHigh16                
00009051  prvTraceGetTaskNumberLow16                 
00005c81  prvTraceInitCortexM                        
000077b1  prvTracePortGetTimeStamp                   
00004041  prvTraceSetObjectName                      
000052e9  prvTraceSetObjectState                     
00004f99  prvTraceSetPriorityProperty                
00008ae9  prvTraceSetQueueNumberHigh16               
00008b09  prvTraceSetQueueNumberLow16                
00006a61  prvTraceSetTaskInstanceFinished            
00008b29  prvTraceSetTaskNumberHigh16                
00008b49  prvTraceSetTaskNumberLow16                 
00001da9  prvTraceStoreKernelCall                    
00003e21  prvTraceStoreKernelCallWithNumericParamOnly
000016a9  prvTraceStoreKernelCallWithParam           
00004871  prvTraceStoreTaskReady                     
00004b39  prvTraceStoreTaskswitch                    
00000149  pszTraceGetErrorNotEnoughHandles           
00002ee1  pvPortMalloc                               
00008c31  pvTaskIncrementMutexHeldCount              
2000eab0  pxCurrentTCB                               
00008569  pxPortInitialiseStack                      
00008791  queueDataCrete                             
2000ea44  recorder_busy                              
2000e118  sdDriver                                   
2000eb78  semaphoreIMU                               
00008ea1  setWatchDogBit_AODCS                       
00008eb1  setWatchDogBit_CAMERA                      
00008ec1  setWatchDogBit_DATASTORAGE                 
00008ed1  setWatchDogBit_HOUSEKEEPING                
00008ee1  setWatchDogBit_PPT                         
00008ef1  setWatchDogBit_TTC                         
00004361  taskCreate                                 
2000ea48  timestampFrequency                         
2000ea4c  traceErrorMessage                          
2000ea3c  trace_disable_timestamp                    
00007b81  ttcTask                                    
00009089  ucQueueGetQueueType                        
000032a1  uiIndexOfObject                            
00004969  uiTraceStart                               
2000ea38  uiTraceTickCount                           
00009180  ulMaxSyscallInterruptPriority              
00004ecd  ulPortGetIPSR                              
00008719  uxListRemove                               
000090b1  uxQueueGetQueueNumber                      
00009061  uxTaskGetTaskNumber                        
00008c79  uxTaskResetEventItemValue                  
000090e1  vApplicationIdleHook                       
00008e11  vApplicationMallocFailedHook               
00008e29  vApplicationStackOverflowHook              
000090e9  vApplicationTickHook                       
000089e9  vListInitialise                            
00009091  vListInitialiseItem                        
000082b1  vListInsert                                
00008c91  vListInsertEnd                             
00004f89  vPortEnableVFP                             
00007f49  vPortEnterCritical                         
00008421  vPortExitCritical                          
00006519  vPortFree                                  
00004f45  vPortSVCHandler                            
00007109  vPortSetupTimerInterrupt                   
00004f65  vPortStartFirstTask                        
00003169  vPortSuppressTicksAndSleep                 
00007311  vPortValidateInterruptPriority             
000090f1  vPreSleepProcessing                        
000090b9  vQueueSetQueueNumber                       
00007ca9  vQueueWaitForMessageRestricted             
000082e9  vT32_0_Handler                             
00008321  vT32_1_Handler                             
00006061  vTaskDelay                                 
00004671  vTaskDelayUntil                            
00008ca9  vTaskInternalSetTimeOutState               
00009011  vTaskMissedYield                           
00003889  vTaskNotifyGiveFromISR                     
000080b9  vTaskPlaceOnEventList                      
00006749  vTaskPlaceOnEventListRestricted            
00007439  vTaskPlaceOnUnorderedEventList             
00003501  vTaskPriorityDisinheritAfterTimeout        
00005859  vTaskRemoveFromUnorderedEventList          
00009099  vTaskSetTaskNumber                         
00006859  vTaskStartScheduler                        
00008359  vTaskStepTick                              
00008f01  vTaskSuspendAll                            
00005071  vTaskSwitchContext                         
00005e79  vTraceEnable                               
000053b9  vTraceInitObjectHandleStack                
00003bf1  vTraceInitObjectPropertyTable              
000090c1  vTraceStart                                
000087b9  vTraceStop                                 
2000ea54  vTraceStopHookPtr                          
00005799  vTraceStoreMemMangEvent                    
00005911  vUART_Handler                              
00008f11  watchDogEventGroupCreate                   
00006ef1  watchDogTask                               
00008b69  xEventGroupCreate                          
00005b29  xEventGroupSetBits                         
00003631  xEventGroupWaitBits                        
000033d1  xFirstTimerHandler                         
00004ee5  xPortPendSVHandler                         
00004de1  xPortStartScheduler                        
000085c9  xPortSysTickHandler                        
00008cf1  xQueueCreateMutex                          
00006bd1  xQueueGenericCreate                        
000063f9  xQueueGenericReset                         
000007e1  xQueueGenericSend                          
00002281  xQueueGenericSendFromISR                   
2000eb74  xQueueIMU                                  
000085f9  xQueueIsQueueFullFromISR                   
00000df9  xQueueReceive                              
00002d99  xQueueReceiveFromISR                       
000004a9  xQueueSemaphoreTake                        
00001a39  xSecondTimerHandler                        
00006361  xTaskCheckForTimeOut                       
00007171  xTaskCreate                                
00009021  xTaskGetCurrentTaskHandle                  
000089a9  xTaskGetSchedulerState                     
00009031  xTaskGetTickCount                          
000020e9  xTaskIncrementTick                         
000039b1  xTaskPriorityDisinherit                    
00003f31  xTaskPriorityInherit                       
00005559  xTaskRemoveFromEventList                   
00003761  xTaskResumeAll                             
00007549  xTimerCreateTimerTask                      
00006c49  xTimerGenericCommand                       


GLOBAL SYMBOLS: SORTED BY Symbol Address 

address   name                                       
-------   ----                                       
00000000  __TI_static_base__                         
00000000  interruptVectors                           
00000149  pszTraceGetErrorNotEnoughHandles           
00000320  __STACK_SIZE                               
000004a9  xQueueSemaphoreTake                        
000007dd  _system_pre_init                           
000007e1  xQueueGenericSend                          
00000aed  C$$EXIT                                    
00000aed  abort                                      
00000df9  xQueueReceive                              
00001301  f_write                                    
000014d9  dataStorage                                
000016a9  prvTraceStoreKernelCallWithParam           
00001871  f_open                                     
00001a39  xSecondTimerHandler                        
00001da9  prvTraceStoreKernelCall                    
00001f49  MMC_disk_ioctl                             
000020e9  xTaskIncrementTick                         
00002281  xQueueGenericSendFromISR                   
00002591  houseKeeping                               
00002859  MMC_disk_initialize                        
000029b9  prvTraceGetObjectHandle                    
00002b09  CS_getDCOFrequency                         
00002d99  xQueueReceiveFromISR                       
00002ee1  pvPortMalloc                               
00003169  vPortSuppressTicksAndSleep                 
000032a1  uiIndexOfObject                            
000033d1  xFirstTimerHandler                         
00003501  vTaskPriorityDisinheritAfterTimeout        
00003631  xEventGroupWaitBits                        
00003761  xTaskResumeAll                             
00003889  vTaskNotifyGiveFromISR                     
000039b1  xTaskPriorityDisinherit                    
00003ad1  CS_initClockSignal                         
00003bf1  vTraceInitObjectPropertyTable              
00003e21  prvTraceStoreKernelCallWithNumericParamOnly
00003f31  xTaskPriorityInherit                       
00004041  prvTraceSetObjectName                      
00004361  taskCreate                                 
00004671  vTaskDelayUntil                            
00004871  prvTraceStoreTaskReady                     
00004969  uiTraceStart                               
00004b39  prvTraceStoreTaskswitch                    
00004c21  adcInit                                    
00004d01  prvTraceGetPriorityProperty                
00004de1  xPortStartScheduler                        
00004ecd  ulPortGetIPSR                              
00004ee5  xPortPendSVHandler                         
00004f45  vPortSVCHandler                            
00004f65  vPortStartFirstTask                        
00004f89  vPortEnableVFP                             
00004f99  prvTraceSetPriorityProperty                
00005071  vTaskSwitchContext                         
000052e9  prvTraceSetObjectState                     
000053b9  vTraceInitObjectHandleStack                
00005559  xTaskRemoveFromEventList                   
00005619  MMC_disk_write                             
00005799  vTraceStoreMemMangEvent                    
00005859  vTaskRemoveFromUnorderedEventList          
00005911  vUART_Handler                              
000059c5  SPI_initMaster                             
00005b29  xEventGroupSetBits                         
00005bd9  ADC14_configureMultiSequenceMode           
00005c81  prvTraceInitCortexM                        
00005d29  ADC14_configureConversionMemory            
00005dd1  itoa                                       
00005e79  vTraceEnable                               
00005fc1  __aeabi_memcpy                             
00005fc1  __aeabi_memcpy4                            
00005fc1  __aeabi_memcpy8                            
00005fc1  memcpy                                     
00006061  vTaskDelay                                 
00006101  f_sync                                     
00006199  MMC_disk_read                              
00006361  xTaskCheckForTimeOut                       
000063f9  xQueueGenericReset                         
00006519  vPortFree                                  
00006639  PCM_gotoLPM3                               
00006749  vTaskPlaceOnEventListRestricted            
00006859  vTaskStartScheduler                        
00006961  RTC_C_getCalendarTime                      
00006a61  prvTraceSetTaskInstanceFinished            
00006add  __aeabi_memclr                             
00006add  __aeabi_memclr4                            
00006add  __aeabi_memclr8                            
00006adf  __aeabi_memset                             
00006adf  __aeabi_memset4                            
00006adf  __aeabi_memset8                            
00006ae5  memset                                     
00006b59  ADC14_getMultiSequenceResult               
00006bd1  xQueueGenericCreate                        
00006c49  xTimerGenericCommand                       
00006ef1  watchDogTask                               
00006fd1  SystemInit                                 
00007039  __TI_decompress_lzss                       
00007109  vPortSetupTimerInterrupt                   
00007171  xTaskCreate                                
00007241  initSD                                     
00007311  vPortValidateInterruptPriority             
00007439  vTaskPlaceOnUnorderedEventList             
00007549  xTimerCreateTimerTask                      
000075f9  ADC14_initModule                           
00007651  GPIO_setAsPeripheralModuleFunctionInputPin 
000076a9  SysCtl_getTLVInfo                          
000077b1  prvTracePortGetTimeStamp                   
00007861  PCM_getCoreVoltageLevel                    
000078b1  SPI_Init                                   
00007a41  PCM_shutdownDevice                         
00007a91  f_mount                                    
00007b81  ttcTask                                    
00007c19  isLowBattery                               
00007ca9  vQueueWaitForMessageRestricted             
00007cf1  __TI_auto_init_nobinit_nopinit             
00007d39  getLocalTime                               
00007d81  getTemperature                             
00007e49  eTaskConfirmSleepModeStatus                
00007e89  prvTraceError                              
00007f49  vPortEnterCritical                         
00007f89  PCM_getPowerMode                           
00008045  _c_int00_noargs                            
000080b9  vTaskPlaceOnEventList                      
000080f1  ADC14_enableSampleTimer                    
00008129  SPI_Read                                   
00008161  SPI_Write                                  
00008199  aodcsTask                                  
000081d1  cameraTask                                 
00008279  pptTask                                    
000082b1  vListInsert                                
000082e9  vT32_0_Handler                             
00008321  vT32_1_Handler                             
00008359  vTaskStepTick                              
0000838d  ADC14_setSampleHoldTime                    
000083c1  FlashCtl_setWaitState                      
00008421  vPortExitCritical                          
00008451  ADC14_toggleConversionTrigger              
00008481  CS_setDCOCenteredFrequency                 
000084b1  GPIO_setAsInputPinWithPullUpResistor       
000084e1  PCM_gotoLPM0                               
0000850d  RTC_C_holdClock                            
00008569  pxPortInitialiseStack                      
000085c9  xPortSysTickHandler                        
000085f9  xQueueIsQueueFullFromISR                   
00008625  ADC14_enableConversion                     
00008651  GPIO_Init                                  
00008679  main                                       
00008719  uxListRemove                               
00008741  CS_clearInterruptFlag                      
00008791  queueDataCrete                             
000087b9  vTraceStop                                 
00008809  CS_Init                                    
00008831  disk_read                                  
00008859  disk_write                                 
000088a9  GPIO_setAsOutputPin                        
000088c9  REF_A_setReferenceVoltage                  
000088e9  SysCtl_setWDTTimeoutResetType              
000088e9  WDT_A_setTimeoutReset                      
00008909  disk_ioctl                                 
00008929  prvMarkObjectAsUsed                        
000089a9  xTaskGetSchedulerState                     
000089e9  vListInitialise                            
00008a09  ADC14_getResult                            
00008ae9  prvTraceSetQueueNumberHigh16               
00008b09  prvTraceSetQueueNumberLow16                
00008b29  prvTraceSetTaskNumberHigh16                
00008b49  prvTraceSetTaskNumberLow16                 
00008b69  xEventGroupCreate                          
00008b89  CS_getMCLK                                 
00008ba1  GPIO_getInputPinValue                      
00008bb9  WDT_A_clearTimer                           
00008bd1  WDT_A_holdTimer                            
00008c01  disk_initialize                            
00008c19  disk_status                                
00008c31  pvTaskIncrementMutexHeldCount              
00008c79  uxTaskResetEventItemValue                  
00008c91  vListInsertEnd                             
00008ca9  vTaskInternalSetTimeOutState               
00008cf1  xQueueCreateMutex                          
00008d09  GPIO_clearInterruptFlag                    
00008d21  GPIO_enableInterrupt                       
00008d39  GPIO_setOutputHighOnPin                    
00008d51  GPIO_setOutputLowOnPin                     
00008d69  GPIO_toggleOutputOnPin                     
00008d81  WDT_A_startTimer                           
00008e11  vApplicationMallocFailedHook               
00008e29  vApplicationStackOverflowHook              
00008e51  FPU_enableModule                           
00008e61  GPIO_High                                  
00008e71  GPIO_Low                                   
00008e81  Interrupt_enableMaster                     
00008e91  PCM_gotoLPM4                               
00008ea1  setWatchDogBit_AODCS                       
00008eb1  setWatchDogBit_CAMERA                      
00008ec1  setWatchDogBit_DATASTORAGE                 
00008ed1  setWatchDogBit_HOUSEKEEPING                
00008ee1  setWatchDogBit_PPT                         
00008ef1  setWatchDogBit_TTC                         
00008f01  vTaskSuspendAll                            
00008f11  watchDogEventGroupCreate                   
00008f21  __TI_decompress_none                       
00008f41  ADC14_enableModule                         
00008f51  CPU_cpsie                                  
00008f61  MMC_disk_status                            
00008f71  PCM_getPowerState                          
00008f7d  REF_A_enableReferenceVoltage               
00008f89  REF_A_enableTempSensor                     
00008f99  SysCtl_getTempCalibrationConstant          
00008fb5  __TI_zero_init                             
00008fe1  prvTraceGetQueueNumberHigh16               
00008ff1  prvTraceGetTaskNumberHigh16                
00009011  vTaskMissedYield                           
00009021  prvTraceGetCurrentTaskHandle               
00009021  xTaskGetCurrentTaskHandle                  
00009031  xTaskGetTickCount                          
00009041  prvTraceGetQueueNumberLow16                
00009051  prvTraceGetTaskNumberLow16                 
00009061  uxTaskGetTaskNumber                        
00009071  PCM_setCoreVoltageLevel                    
00009079  PCM_setPowerMode                           
00009081  PCM_setPowerState                          
00009089  prvTraceGetQueueType                       
00009089  ucQueueGetQueueType                        
00009091  vListInitialiseItem                        
00009099  vTaskSetTaskNumber                         
000090a1  CPU_wfi                                    
000090a9  get_fattime                                
000090b1  prvTraceGetQueueNumber                     
000090b1  uxQueueGetQueueNumber                      
000090b9  vQueueSetQueueNumber                       
000090c1  vTraceStart                                
000090e1  vApplicationIdleHook                       
000090e9  vApplicationTickHook                       
000090f1  vPreSleepProcessing                        
00009180  ulMaxSyscallInterruptPriority              
000091f8  __TI_Handler_Table_Base                    
00009204  __TI_Handler_Table_Limit                   
00009210  __TI_CINIT_Base                            
00009220  __TI_CINIT_Limit                           
2000c800  RecorderData                               
2000e118  sdDriver                                   
2000e348  file                                       
2000e570  obcData                                    
2000e6dc  imuData                                    
2000e71b  fResult                                    
2000e7e8  localTime                                  
2000e7f4  WATCHDOG_EVENT_GROUP                       
2000e7f8  bw                                         
2000e7fc  cal30                                      
2000e800  cal85                                      
2000e804  calDifference                              
2000e808  flag_lowBattery                            
2000e80c  init_hwtc_count                            
2000e9a0  objectHandleStacks                         
2000ea30  isPendingContextSwitch                     
2000ea38  uiTraceTickCount                           
2000ea3c  trace_disable_timestamp                    
2000ea44  recorder_busy                              
2000ea48  timestampFrequency                         
2000ea4c  traceErrorMessage                          
2000ea50  nISRactive                                 
2000ea51  handle_of_last_logged_task                 
2000ea54  vTraceStopHookPtr                          
2000ea58  CurrentFilterMask                          
2000ea5a  CurrentFilterGroup                         
2000ea60  RecorderDataPtr                            
2000eab0  pxCurrentTCB                               
2000eb14  SPI0MasterConfig                           
2000eb74  xQueueIMU                                  
2000eb78  semaphoreIMU                               
2000eb7c  TraceQueueClassTable                       
2000fce0  __stack                                    
20010000  __STACK_END                                
4000480c  WDTCTL_SYM                                 
ffffffff  __TI_pprof_out_hndl                        
ffffffff  __TI_prof_data_size                        
ffffffff  __TI_prof_data_start                       
ffffffff  __binit__                                  
ffffffff  __c_args__                                 
ffffffff  binit                                      
UNDEFED   __mpu_init                                 
UNDEFED   _system_post_cinit                         

[280 symbols]
