******************************************************************************
                  TI ARM Linker PC v18.1.1                     
******************************************************************************
>> Linked Fri Jun 14 00:17:39 2019

OUTPUT FILE NAME:   <Firmware_OBC.out>
ENTRY POINT SYMBOL: "_c_int00_noargs"  address: 00008485


MEMORY CONFIGURATION

         name            origin    length      used     unused   attr    fill
----------------------  --------  ---------  --------  --------  ----  --------
  MAIN                  00000000   00040000  00009692  0003696e  R  X
  INFO                  00200000   00004000  00000000  00004000  R  X
  SRAM_CODE             01000000   00010000  00000000  00010000  RW X
  SRAM_DATA             20000000   00010000  0000ef07  000010f9  RW  


SEGMENT ALLOCATION MAP

run origin  load origin   length   init length attrs members
----------  ----------- ---------- ----------- ----- -------
00000000    00000000    00009698   00009698    r-x
  00000000    00000000    00000144   00000144    r-- .intvecs
  00000148    00000148    0000940a   0000940a    r-x .text
  00009554    00009554    000000ac   000000ac    r-- .const
  00009600    00009600    00000098   00000098    r-- .cinit
20000000    20000000    0000ebe7   00000000    rw-
  20000000    20000000    0000e874   00000000    rw- .bss
  2000e874    2000e874    00000373   00000000    rw- .data
2000fce0    2000fce0    00000320   00000000    rw-
  2000fce0    2000fce0    00000320   00000000    rw- .stack


SECTION ALLOCATION MAP

 output                                  attributes/
section   page    origin      length       input sections
--------  ----  ----------  ----------   ----------------
.intvecs   0    00000000    00000144     
                  00000000    00000144     msp432_startup_ccs.obj (.intvecs:retain)

.text      0    00000148    0000940a     
                  00000148    0000035e     trcKernelPort.obj (.text:pszTraceGetErrorNotEnoughHandles)
                  000004a6    00000002     --HOLE-- [fill = 0]
                  000004a8    00000334     queue.obj (.text:xQueueSemaphoreTake)
                  000007dc    00000004     rtsv7M4_T_le_v4SPD16_eabi.lib : pre_init.c.obj (.text:_system_pre_init)
                  000007e0    0000030c     queue.obj (.text:xQueueGenericSend)
                  00000aec    00000004     rtsv7M4_T_le_v4SPD16_eabi.lib : exit.c.obj (.text:abort:abort)
                  00000af0    00000304     ff.obj (.text:find_volume)
                  00000df4    00000004     --HOLE-- [fill = 0]
                  00000df8    000002ec     queue.obj (.text:xQueueReceive)
                  000010e4    00000004     --HOLE-- [fill = 0]
                  000010e8    00000216     pcm.obj (.text:__PCM_setPowerStateAdvanced)
                  000012fe    00000002     --HOLE-- [fill = 0]
                  00001300    000001d8     dataStorage.obj (.text:dataStorage)
                  000014d8    000001d2     ff.obj (.text:f_write)
                  000016aa    00000006     --HOLE-- [fill = 0]
                  000016b0    000001c8     trcSnapshotRecorder.obj (.text:prvTraceStoreKernelCallWithParam)
                  00001878    000001c6     ff.obj (.text:f_open)
                  00001a3e    00000002     --HOLE-- [fill = 0]
                  00001a40    000001c0     IntQueue.obj (.text:xSecondTimerHandler)
                  00001c00    000001b0     trcSnapshotRecorder.obj (.text:prvTraceInitTraceData)
                  00001db0    000001a8     houseKeeping.obj (.text:houseKeeping)
                  00001f58    000001a0     trcSnapshotRecorder.obj (.text:prvTraceStoreKernelCall)
                  000020f8    0000019c     mmc_MSP432P401r.obj (.text:MMC_disk_ioctl)
                  00002294    00000004     --HOLE-- [fill = 0]
                  00002298    00000198     tasks.obj (.text:xTaskIncrementTick)
                  00002430    00000188     queue.obj (.text:xQueueGenericSendFromISR)
                  000025b8    00000184     trcSnapshotRecorder.obj (.text:prvTraceGetDTS)
                  0000273c    00000160     msp432p4xx_driverlib.lib : adc14.o (.text:_getIndexForMemRegister)
                  0000289c    00000004     --HOLE-- [fill = 0]
                  000028a0    0000015c     mmc_MSP432P401r.obj (.text:MMC_disk_initialize)
                  000029fc    00000004     --HOLE-- [fill = 0]
                  00002a00    0000014c     trcSnapshotRecorder.obj (.text:prvTraceGetObjectHandle)
                  00002b4c    00000004     --HOLE-- [fill = 0]
                  00002b50    00000148     cs.obj (.text:CS_getDCOFrequency)
                  00002c98    00000148     trcSnapshotRecorder.obj (.text:prvCheckDataToBeOverwrittenForMultiEntryEvents)
                  00002de0    00000148     queue.obj (.text:xQueueReceiveFromISR)
                  00002f28    00000144     heap_4.obj (.text:pvPortMalloc)
                  0000306c    00000004     --HOLE-- [fill = 0]
                  00003070    00000140     tasks.obj (.text:prvAddNewTaskToReadyList)
                  000031b0    00000134     port.obj (.text:vPortSuppressTicksAndSleep)
                  000032e4    00000004     --HOLE-- [fill = 0]
                  000032e8    00000130     trcSnapshotRecorder.obj (.text:uiIndexOfObject)
                  00003418    00000130     IntQueue.obj (.text:xFirstTimerHandler)
                  00003548    0000012c     tasks.obj (.text:vTaskPriorityDisinheritAfterTimeout)
                  00003674    00000004     --HOLE-- [fill = 0]
                  00003678    0000012c     event_groups.obj (.text:xEventGroupWaitBits)
                  000037a4    00000004     --HOLE-- [fill = 0]
                  000037a8    00000128     tasks.obj (.text:xTaskResumeAll)
                  000038d0    00000124     tasks.obj (.text:vTaskNotifyGiveFromISR)
                  000039f4    00000004     --HOLE-- [fill = 0]
                  000039f8    00000120     tasks.obj (.text:xTaskPriorityDisinherit)
                  00003b18    0000011c     cs.obj (.text:CS_initClockSignal)
                  00003c34    00000004     --HOLE-- [fill = 0]
                  00003c38    00000118     trcKernelPort.obj (.text:vTraceInitObjectPropertyTable)
                  00003d50    00000114     cs.obj (.text:_CSComputeCLKFrequency)
                  00003e64    00000004     --HOLE-- [fill = 0]
                  00003e68    00000110     trcSnapshotRecorder.obj (.text:prvTraceStoreKernelCallWithNumericParamOnly)
                  00003f78    00000110     tasks.obj (.text:xTaskPriorityInherit)
                  00004088    0000010c     trcSnapshotRecorder.obj (.text:prvTraceSetObjectName)
                  00004194    00000004     --HOLE-- [fill = 0]
                  00004198    0000010c     MPU9250.obj (.text:readI2C)
                  000042a4    00000004     --HOLE-- [fill = 0]
                  000042a8    0000010c     taskManager.obj (.text:taskCreate)
                  000043b4    00000004     --HOLE-- [fill = 0]
                  000043b8    00000108     pcm.obj (.text:__PCM_setPowerModeAdvanced)
                  000044c0    00000104     ff.obj (.text:create_chain)
                  000045c4    00000004     --HOLE-- [fill = 0]
                  000045c8    00000103     ff.obj (.text:create_name)
                  000046cb    00000005     --HOLE-- [fill = 0]
                  000046d0    00000100     timers.obj (.text:prvProcessReceivedCommands)
                  000047d0    00000100     tasks.obj (.text:vTaskDelayUntil)
                  000048d0    000000fa     ff.obj (.text:put_fat)
                  000049ca    00000006     --HOLE-- [fill = 0]
                  000049d0    000000f4     trcSnapshotRecorder.obj (.text:prvTraceStoreTaskReady)
                  00004ac4    00000004     --HOLE-- [fill = 0]
                  00004ac8    000000e8     trcSnapshotRecorder.obj (.text:uiTraceStart)
                  00004bb0    000000e6     ff.obj (.text:dir_next)
                  00004c96    00000002     --HOLE-- [fill = 0]
                  00004c98    000000e4     trcSnapshotRecorder.obj (.text:prvTraceStoreTaskswitch)
                  00004d7c    00000004     --HOLE-- [fill = 0]
                  00004d80    000000e0     houseKeeping.obj (.text:adcInit)
                  00004e60    000000dc     trcSnapshotRecorder.obj (.text:prvTraceGetPriorityProperty)
                  00004f3c    00000004     --HOLE-- [fill = 0]
                  00004f40    000000dc     port.obj (.text:xPortStartScheduler)
                  0000501c    000000da     portasm.obj (.text)
                  000050f6    00000002     --HOLE-- [fill = 0]
                  000050f8    000000d8     trcSnapshotRecorder.obj (.text:prvTraceSetPriorityProperty)
                  000051d0    000000d4     tasks.obj (.text:vTaskSwitchContext)
                  000052a4    00000004     --HOLE-- [fill = 0]
                  000052a8    000000d0     pcm.obj (.text:__PCM_setCoreVoltageLevelAdvanced)
                  00005378    000000d0     trcSnapshotRecorder.obj (.text:prvTraceGetObjectState)
                  00005448    000000cc     trcSnapshotRecorder.obj (.text:prvTraceSetObjectState)
                  00005514    00000004     --HOLE-- [fill = 0]
                  00005518    000000cc     trcKernelPort.obj (.text:vTraceInitObjectHandleStack)
                  000055e4    00000004     --HOLE-- [fill = 0]
                  000055e8    000000ca     ff.obj (.text:get_fat)
                  000056b2    00000006     --HOLE-- [fill = 0]
                  000056b8    000000c0     tasks.obj (.text:xTaskRemoveFromEventList)
                  00005778    000000bc     mmc_MSP432P401r.obj (.text:MMC_disk_write)
                  00005834    00000004     --HOLE-- [fill = 0]
                  00005838    000000bc     queue.obj (.text:prvInitialiseNewQueue)
                  000058f4    00000004     --HOLE-- [fill = 0]
                  000058f8    000000bc     trcSnapshotRecorder.obj (.text:vTraceStoreMemMangEvent)
                  000059b4    00000004     --HOLE-- [fill = 0]
                  000059b8    000000b4     tasks.obj (.text:vTaskRemoveFromUnorderedEventList)
                  00005a6c    00000004     --HOLE-- [fill = 0]
                  00005a70    000000b4     serial.obj (.text:vUART_Handler)
                  00005b24    00000004     --HOLE-- [fill = 0]
                  00005b28    000000b4     MPU9250.obj (.text:writeI2C)
                  00005bdc    000000b0     msp432p4xx_driverlib.lib : spi.o (.text:SPI_initMaster)
                  00005c8c    00000004     --HOLE-- [fill = 0]
                  00005c90    000000ae     tasks.obj (.text:prvInitialiseNewTask)
                  00005d3e    00000002     --HOLE-- [fill = 0]
                  00005d40    000000ae     event_groups.obj (.text:xEventGroupSetBits)
                  00005dee    00000002     --HOLE-- [fill = 0]
                  00005df0    000000a8     msp432p4xx_driverlib.lib : adc14.o (.text:ADC14_configureMultiSequenceMode)
                  00005e98    000000a8     trcSnapshotRecorder.obj (.text:prvTraceInitCortexM)
                  00005f40    000000a4     msp432p4xx_driverlib.lib : adc14.o (.text:ADC14_configureConversionMemory)
                  00005fe4    00000004     --HOLE-- [fill = 0]
                  00005fe8    000000a4     itoa.obj (.text:itoa)
                  0000608c    00000004     --HOLE-- [fill = 0]
                  00006090    000000a4     trcSnapshotRecorder.obj (.text:vTraceEnable)
                  00006134    00000004     --HOLE-- [fill = 0]
                  00006138    000000a0     ff.obj (.text:dir_sdi)
                  000061d8    0000009c     rtsv7M4_T_le_v4SPD16_eabi.lib : memcpy_t2.asm.obj (.text)
                  00006274    00000004     --HOLE-- [fill = 0]
                  00006278    0000009c     tasks.obj (.text:vTaskDelay)
                  00006314    00000004     --HOLE-- [fill = 0]
                  00006318    00000098     ff.obj (.text:f_sync)
                  000063b0    00000094     mmc_MSP432P401r.obj (.text:MMC_disk_read)
                  00006444    00000004     --HOLE-- [fill = 0]
                  00006448    00000094     timers.obj (.text:prvSwitchTimerLists)
                  000064dc    00000004     --HOLE-- [fill = 0]
                  000064e0    00000094     trcSnapshotRecorder.obj (.text:prvTraceGetParam)
                  00006574    00000004     --HOLE-- [fill = 0]
                  00006578    00000094     tasks.obj (.text:xTaskCheckForTimeOut)
                  0000660c    00000004     --HOLE-- [fill = 0]
                  00006610    00000090     queue.obj (.text:xQueueGenericReset)
                  000066a0    0000008c     MPU9250.obj (.text:getMotion6)
                  0000672c    00000004     --HOLE-- [fill = 0]
                  00006730    0000008c     ff.obj (.text:sync_fs)
                  000067bc    00000004     --HOLE-- [fill = 0]
                  000067c0    0000008c     heap_4.obj (.text:vPortFree)
                  0000684c    00000004     --HOLE-- [fill = 0]
                  00006850    0000008a     ff.obj (.text:check_fs)
                  000068da    00000006     --HOLE-- [fill = 0]
                  000068e0    00000088     pcm.obj (.text:PCM_gotoLPM3)
                  00006968    00000088     tasks.obj (.text:prvAddCurrentTaskToDelayedList)
                  000069f0    00000088     tasks.obj (.text:vTaskPlaceOnEventListRestricted)
                  00006a78    00000086     ff.obj (.text:follow_path)
                  00006afe    00000002     --HOLE-- [fill = 0]
                  00006b00    00000084     tasks.obj (.text:vTaskStartScheduler)
                  00006b84    00000004     --HOLE-- [fill = 0]
                  00006b88    00000080     ff.obj (.text:remove_chain)
                  00006c08    0000007c     msp432p4xx_driverlib.lib : rtc_c.o (.text:RTC_C_getCalendarTime)
                  00006c84    00000004     --HOLE-- [fill = 0]
                  00006c88    0000007c     tasks.obj (.text:prvIdleTask)
                  00006d04    00000004     --HOLE-- [fill = 0]
                  00006d08    0000007c     trcSnapshotRecorder.obj (.text:prvTraceSetTaskInstanceFinished)
                  00006d84    0000007a     rtsv7M4_T_le_v4SPD16_eabi.lib : memset_t2.asm.obj (.text)
                  00006dfe    00000002     --HOLE-- [fill = 0]
                  00006e00    00000078     msp432p4xx_driverlib.lib : adc14.o (.text:ADC14_getMultiSequenceResult)
                  00006e78    00000074     queue.obj (.text:xQueueGenericCreate)
                  00006eec    00000004     --HOLE-- [fill = 0]
                  00006ef0    00000074     timers.obj (.text:xTimerGenericCommand)
                  00006f64    00000004     --HOLE-- [fill = 0]
                  00006f68    00000070     queue.obj (.text:prvCopyDataToQueue)
                  00006fd8    00000070     heap_4.obj (.text:prvHeapInit)
                  00007048    00000070     tasks.obj (.text:prvInitialiseTaskLists)
                  000070b8    00000070     timers.obj (.text:prvProcessTimerOrBlockTask)
                  00007128    00000070     mmc_MSP432P401r.obj (.text:send_cmd)
                  00007198    0000006c     queue.obj (.text:prvUnlockQueue)
                  00007204    00000068     msp432p4xx_driverlib.lib : i2c.o (.text:I2C_masterSendMultiByteStart)
                  0000726c    00000004     --HOLE-- [fill = 0]
                  00007270    00000068     system_msp432p401r.obj (.text:SystemInit)
                  000072d8    00000068     rtsv7M4_T_le_v4SPD16_eabi.lib : copy_decompress_lzss.c.obj (.text:decompress:lzss:__TI_decompress_lzss)
                  00007340    00000068     heap_4.obj (.text:prvInsertBlockIntoFreeList)
                  000073a8    00000068     port.obj (.text:vPortSetupTimerInterrupt)
                  00007410    00000068     tasks.obj (.text:xTaskCreate)
                  00007478    00000066     ff.obj (.text:dir_clear)
                  000074de    00000002     --HOLE-- [fill = 0]
                  000074e0    00000064     dataStorage.obj (.text:initSD)
                  00007544    00000004     --HOLE-- [fill = 0]
                  00007548    00000064     trcSnapshotRecorder.obj (.text:prvTraceNextFreeEventBufferSlot)
                  000075ac    00000004     --HOLE-- [fill = 0]
                  000075b0    00000064     port.obj (.text:vPortValidateInterruptPriority)
                  00007614    00000004     --HOLE-- [fill = 0]
                  00007618    00000060     timers.obj (.text:prvProcessExpiredTimer)
                  00007678    00000060     MPU9250.obj (.text:writeBits)
                  000076d8    00000060     mmc_MSP432P401r.obj (.text:xmit_datablock)
                  00007738    0000005c     tasks.obj (.text:vTaskPlaceOnUnorderedEventList)
                  00007794    00000004     --HOLE-- [fill = 0]
                  00007798    0000005c     watchDogTask.obj (.text:watchDogTask)
                  000077f4    00000004     --HOLE-- [fill = 0]
                  000077f8    00000058     main.obj (.text:prvConfigureClocks)
                  00007850    00000058     timers.obj (.text:xTimerCreateTimerTask)
                  000078a8    00000056     ff.obj (.text:dir_find)
                  000078fe    00000002     --HOLE-- [fill = 0]
                  00007900    00000054     msp432p4xx_driverlib.lib : adc14.o (.text:ADC14_initModule)
                  00007954    00000004     --HOLE-- [fill = 0]
                  00007958    00000054     gpio.obj (.text:GPIO_setAsPeripheralModuleFunctionInputPin)
                  000079ac    00000004     --HOLE-- [fill = 0]
                  000079b0    00000054     gpio.obj (.text:GPIO_setAsPeripheralModuleFunctionOutputPin)
                  00007a04    00000004     --HOLE-- [fill = 0]
                  00007a08    00000054     sysctl.obj (.text:SysCtl_getTLVInfo)
                  00007a5c    00000004     --HOLE-- [fill = 0]
                  00007a60    00000054     tasks.obj (.text:prvCheckTasksWaitingTermination)
                  00007ab4    00000004     --HOLE-- [fill = 0]
                  00007ab8    00000054     timers.obj (.text:prvInsertTimerInActiveList)
                  00007b0c    00000004     --HOLE-- [fill = 0]
                  00007b10    00000054     trcSnapshotRecorder.obj (.text:prvTracePortGetTimeStamp)
                  00007b64    00000004     --HOLE-- [fill = 0]
                  00007b68    00000054     ttcTask.obj (.text:ttcTask)
                  00007bbc    00000004     --HOLE-- [fill = 0]
                  00007bc0    00000052     cs.obj (.text:_CSGetDividerValue)
                  00007c12    00000006     --HOLE-- [fill = 0]
                  00007c18    00000050     pcm.obj (.text:PCM_getCoreVoltageLevel)
                  00007c68    00000050     SPI_Driver.obj (.text:SPI_Init)
                  00007cb8    00000050     cs.obj (.text:_CSGetDOCFrequency)
                  00007d08    00000050     ff.obj (.text:dbc_2nd)
                  00007d58    00000050     tasks.obj (.text:prvGetExpectedIdleTime)
                  00007da8    00000050     MPU9250.obj (.text:writeBit)
                  00007df8    0000004e     ff.obj (.text:dir_alloc)
                  00007e46    00000002     --HOLE-- [fill = 0]
                  00007e48    0000004c     pcm.obj (.text:PCM_shutdownDevice)
                  00007e94    00000004     --HOLE-- [fill = 0]
                  00007e98    0000004c     ff.obj (.text:f_mount)
                  00007ee4    00000004     --HOLE-- [fill = 0]
                  00007ee8    0000004c     timers.obj (.text:prvCheckForValidListAndQueue)
                  00007f34    00000004     --HOLE-- [fill = 0]
                  00007f38    0000004c     mmc_MSP432P401r.obj (.text:rcvr_datablock)
                  00007f84    00000004     --HOLE-- [fill = 0]
                  00007f88    00000048     ff.obj (.text:get_ldnumber)
                  00007fd0    00000048     houseKeeping.obj (.text:isLowBattery)
                  00008018    00000048     ff.obj (.text:sync_window)
                  00008060    00000048     queue.obj (.text:vQueueWaitForMessageRestricted)
                  000080a8    00000044     rtsv7M4_T_le_v4SPD16_eabi.lib : autoinit.c.obj (.text:__TI_auto_init_nobinit_nopinit:__TI_auto_init_nobinit_nopinit)
                  000080ec    00000004     --HOLE-- [fill = 0]
                  000080f0    00000044     dataStorage.obj (.text:getLocalTime)
                  00008134    00000004     --HOLE-- [fill = 0]
                  00008138    00000044     houseKeeping.obj (.text:getTemperature)
                  0000817c    00000004     --HOLE-- [fill = 0]
                  00008180    00000044     main.obj (.text:prvSetupHardware)
                  000081c4    00000004     --HOLE-- [fill = 0]
                  000081c8    00000040     MPU9250.obj (.text:initI2C)
                  00008208    00000040     msp432p4xx_driverlib.lib : spi.o (.text:is_A_Module)
                  00008248    0000003e     mmc_MSP432P401r.obj (.text:send_cmd12)
                  00008286    00000002     --HOLE-- [fill = 0]
                  00008288    0000003c     tasks.obj (.text:eTaskConfirmSleepModeStatus)
                  000082c4    00000004     --HOLE-- [fill = 0]
                  000082c8    0000003c     trcSnapshotRecorder.obj (.text:prvTraceError)
                  00008304    00000004     --HOLE-- [fill = 0]
                  00008308    0000003c     trcSnapshotRecorder.obj (.text:prvTraceUpdateCounters)
                  00008344    00000004     --HOLE-- [fill = 0]
                  00008348    0000003c     mmc_MSP432P401r.obj (.text:send_initial_clock_train)
                  00008384    00000004     --HOLE-- [fill = 0]
                  00008388    0000003c     port.obj (.text:vPortEnterCritical)
                  000083c4    00000004     --HOLE-- [fill = 0]
                  000083c8    0000003a     pcm.obj (.text:PCM_getPowerMode)
                  00008402    00000006     --HOLE-- [fill = 0]
                  00008408    0000003a     ff.obj (.text:dir_register)
                  00008442    00000006     --HOLE-- [fill = 0]
                  00008448    0000003a     ff.obj (.text:validate)
                  00008482    00000002     --HOLE-- [fill = 0]
                  00008484    00000038     rtsv7M4_T_le_v4SPD16_eabi.lib : boot_cortex_m.c.obj (.text:_c_int00_noargs:_c_int00_noargs)
                  000084bc    00000004     --HOLE-- [fill = 0]
                  000084c0    00000038     port.obj (.text:prvTaskExitError)
                  000084f8    00000038     tasks.obj (.text:vTaskPlaceOnEventList)
                  00008530    00000034     msp432p4xx_driverlib.lib : adc14.o (.text:ADC14_enableSampleTimer)
                  00008564    00000004     --HOLE-- [fill = 0]
                  00008568    00000034     SPI_Driver.obj (.text:SPI_Read)
                  0000859c    00000004     --HOLE-- [fill = 0]
                  000085a0    00000034     SPI_Driver.obj (.text:SPI_Write)
                  000085d4    00000004     --HOLE-- [fill = 0]
                  000085d8    00000034     aodcsTask.obj (.text:aodcsTask)
                  0000860c    00000004     --HOLE-- [fill = 0]
                  00008610    00000034     cameraTask.obj (.text:cameraTask)
                  00008644    00000004     --HOLE-- [fill = 0]
                  00008648    00000034     ff.obj (.text:dbc_1st)
                  0000867c    00000004     --HOLE-- [fill = 0]
                  00008680    00000034     ff.obj (.text:move_window)
                  000086b4    00000004     --HOLE-- [fill = 0]
                  000086b8    00000034     pptTask.obj (.text:pptTask)
                  000086ec    00000004     --HOLE-- [fill = 0]
                  000086f0    00000034     list.obj (.text:vListInsert)
                  00008724    00000004     --HOLE-- [fill = 0]
                  00008728    00000034     IntQueueTimer.obj (.text:vT32_0_Handler)
                  0000875c    00000004     --HOLE-- [fill = 0]
                  00008760    00000034     IntQueueTimer.obj (.text:vT32_1_Handler)
                  00008794    00000004     --HOLE-- [fill = 0]
                  00008798    00000034     tasks.obj (.text:vTaskStepTick)
                  000087cc    00000030     msp432p4xx_driverlib.lib : adc14.o (.text:ADC14_setSampleHoldTime)
                  000087fc    00000004     --HOLE-- [fill = 0]
                  00008800    00000030     flash.obj (.text:FlashCtl_setWaitState)
                  00008830    00000030     tasks.obj (.text:prvResetNextTaskUnblockTime)
                  00008860    00000030     port.obj (.text:vPortExitCritical)
                  00008890    0000002c     msp432p4xx_driverlib.lib : adc14.o (.text:ADC14_toggleConversionTrigger)
                  000088bc    00000004     --HOLE-- [fill = 0]
                  000088c0    0000002c     cs.obj (.text:CS_setDCOCenteredFrequency)
                  000088ec    00000004     --HOLE-- [fill = 0]
                  000088f0    0000002c     gpio.obj (.text:GPIO_setAsInputPinWithPullUpResistor)
                  0000891c    00000004     --HOLE-- [fill = 0]
                  00008920    0000002c     pcm.obj (.text:PCM_gotoLPM0)
                  0000894c    0000002c     msp432p4xx_driverlib.lib : rtc_c.o (.text:RTC_C_holdClock)
                  00008978    0000002c     timers.obj (.text:prvSampleTimeNow)
                  000089a4    00000004     --HOLE-- [fill = 0]
                  000089a8    0000002c     port.obj (.text:pxPortInitialiseStack)
                  000089d4    00000004     --HOLE-- [fill = 0]
                  000089d8    0000002c     mmc_MSP432P401r.obj (.text:rcvr_spi)
                  00008a04    00000004     --HOLE-- [fill = 0]
                  00008a08    0000002c     port.obj (.text:xPortSysTickHandler)
                  00008a34    00000004     --HOLE-- [fill = 0]
                  00008a38    0000002c     queue.obj (.text:xQueueIsQueueFullFromISR)
                  00008a64    00000028     msp432p4xx_driverlib.lib : adc14.o (.text:ADC14_enableConversion)
                  00008a8c    00000004     --HOLE-- [fill = 0]
                  00008a90    00000028     GPIO_Driver.obj (.text:GPIO_Init)
                  00008ab8    00000028     main.obj (.text:main)
                  00008ae0    00000028     queue.obj (.text:prvCopyDataFromQueue)
                  00008b08    00000028     mmc_MSP432P401r.obj (.text:xmit_spi)
                  00008b30    00000026     ff.obj (.text:ld_clust)
                  00008b56    00000002     --HOLE-- [fill = 0]
                  00008b58    00000026     list.obj (.text:uxListRemove)
                  00008b7e    00000002     --HOLE-- [fill = 0]
                  00008b80    00000024     cs.obj (.text:CS_clearInterruptFlag)
                  00008ba4    00000004     --HOLE-- [fill = 0]
                  00008ba8    00000024     timers.obj (.text:prvGetNextExpireTime)
                  00008bcc    00000004     --HOLE-- [fill = 0]
                  00008bd0    00000024     taskManager.obj (.text:queueCreate)
                  00008bf4    00000004     --HOLE-- [fill = 0]
                  00008bf8    00000024     trcSnapshotRecorder.obj (.text:vTraceStop)
                  00008c1c    00000004     --HOLE-- [fill = 0]
                  00008c20    00000024     mmc_MSP432P401r.obj (.text:wait_ready)
                  00008c44    00000004     --HOLE-- [fill = 0]
                  00008c48    00000022     CS_Driver.obj (.text:CS_Init)
                  00008c6a    00000006     --HOLE-- [fill = 0]
                  00008c70    00000022     diskio.obj (.text:disk_read)
                  00008c92    00000006     --HOLE-- [fill = 0]
                  00008c98    00000022     diskio.obj (.text:disk_write)
                  00008cba    00000006     --HOLE-- [fill = 0]
                  00008cc0    00000022     ff.obj (.text:st_clust)
                  00008ce2    00000006     --HOLE-- [fill = 0]
                  00008ce8    00000020     gpio.obj (.text:GPIO_setAsOutputPin)
                  00008d08    00000020     MPU9250.obj (.text:MPU9250_initialize)
                  00008d28    00000020     msp432p4xx_driverlib.lib : ref_a.o (.text:REF_A_setReferenceVoltage)
                  00008d48    00000020     diskio.obj (.text:disk_ioctl)
                  00008d68    00000020     trcSnapshotRecorder.obj (.text:prvMarkObjectAsUsed)
                  00008d88    00000020     IntQueue.obj (.text:prvRecordValue_NormallyEmpty)
                  00008da8    00000020     IntQueue.obj (.text:prvRecordValue_NormallyFull)
                  00008dc8    00000020     trcSnapshotRecorder.obj (.text:prvStrncpy)
                  00008de8    00000020     tasks.obj (.text:xTaskGetSchedulerState)
                  00008e08    0000001e     queue.obj (.text:prvIsQueueFull)
                  00008e26    00000002     --HOLE-- [fill = 0]
                  00008e28    0000001e     list.obj (.text:vListInitialise)
                  00008e46    00000002     --HOLE-- [fill = 0]
                  00008e48    0000001c     msp432p4xx_driverlib.lib : adc14.o (.text:ADC14_getResult)
                  00008e64    00000004     --HOLE-- [fill = 0]
                  00008e68    0000001c     ff.obj (.text:mem_cmp)
                  00008e84    00000004     --HOLE-- [fill = 0]
                  00008e88    0000001c     event_groups.obj (.text:prvTestWaitCondition)
                  00008ea4    00000004     --HOLE-- [fill = 0]
                  00008ea8    0000001a     ff.obj (.text:clst2sect)
                  00008ec2    00000006     --HOLE-- [fill = 0]
                  00008ec8    0000001a     queue.obj (.text:prvGetDisinheritPriorityAfterTimeout)
                  00008ee2    00000006     --HOLE-- [fill = 0]
                  00008ee8    0000001a     queue.obj (.text:prvIsQueueEmpty)
                  00008f02    00000006     --HOLE-- [fill = 0]
                  00008f08    0000001a     timers.obj (.text:prvTimerTask)
                  00008f22    00000006     --HOLE-- [fill = 0]
                  00008f28    0000001a     trcKernelPort.obj (.text:prvTraceSetQueueNumberHigh16)
                  00008f42    00000006     --HOLE-- [fill = 0]
                  00008f48    0000001a     trcKernelPort.obj (.text:prvTraceSetQueueNumberLow16)
                  00008f62    00000006     --HOLE-- [fill = 0]
                  00008f68    0000001a     trcKernelPort.obj (.text:prvTraceSetTaskNumberHigh16)
                  00008f82    00000006     --HOLE-- [fill = 0]
                  00008f88    0000001a     trcKernelPort.obj (.text:prvTraceSetTaskNumberLow16)
                  00008fa2    00000006     --HOLE-- [fill = 0]
                  00008fa8    0000001a     event_groups.obj (.text:xEventGroupCreate)
                  00008fc2    00000006     --HOLE-- [fill = 0]
                  00008fc8    00000018     cs.obj (.text:CS_getMCLK)
                  00008fe0    00000018     gpio.obj (.text:GPIO_getInputPinValue)
                  00008ff8    00000018     wdt_a.obj (.text:WDT_A_holdTimer)
                  00009010    00000018     ff.obj (.text:chk_chr)
                  00009028    00000018     diskio.obj (.text:disk_initialize)
                  00009040    00000018     diskio.obj (.text:disk_status)
                  00009058    00000018     tasks.obj (.text:pvTaskIncrementMutexHeldCount)
                  00009070    00000018     msp432_startup_ccs.obj (.text:resetISR)
                  00009088    00000018     ff.obj (.text:st_dword)
                  000090a0    00000018     tasks.obj (.text:uxTaskResetEventItemValue)
                  000090b8    00000018     list.obj (.text:vListInsertEnd)
                  000090d0    00000018     tasks.obj (.text:vTaskInternalSetTimeOutState)
                  000090e8    00000016     ff.obj (.text:ld_dword)
                  000090fe    00000002     --HOLE-- [fill = 0]
                  00009100    00000016     ff.obj (.text:mem_cpy)
                  00009116    00000002     --HOLE-- [fill = 0]
                  00009118    00000016     queue.obj (.text:xQueueCreateMutex)
                  0000912e    00000002     --HOLE-- [fill = 0]
                  00009130    00000014     gpio.obj (.text:GPIO_clearInterruptFlag)
                  00009144    00000004     --HOLE-- [fill = 0]
                  00009148    00000014     gpio.obj (.text:GPIO_enableInterrupt)
                  0000915c    00000004     --HOLE-- [fill = 0]
                  00009160    00000014     gpio.obj (.text:GPIO_setOutputHighOnPin)
                  00009174    00000004     --HOLE-- [fill = 0]
                  00009178    00000014     gpio.obj (.text:GPIO_setOutputLowOnPin)
                  0000918c    00000004     --HOLE-- [fill = 0]
                  00009190    00000014     gpio.obj (.text:GPIO_toggleOutputOnPin)
                  000091a4    00000004     --HOLE-- [fill = 0]
                  000091a8    00000014     mmc_MSP432P401r.obj (.text:power_on)
                  000091bc    00000004     --HOLE-- [fill = 0]
                  000091c0    00000014     queue.obj (.text:prvInitialiseMutex)
                  000091d4    00000004     --HOLE-- [fill = 0]
                  000091d8    00000014     IntQueue.obj (.text:prvQueueAccessLogError)
                  000091ec    00000004     --HOLE-- [fill = 0]
                  000091f0    00000012     ff.obj (.text:mem_set)
                  00009202    00000006     --HOLE-- [fill = 0]
                  00009208    00000012     tasks.obj (.text:prvDeleteTCB)
                  0000921a    00000006     --HOLE-- [fill = 0]
                  00009220    00000012     main.obj (.text:vApplicationMallocFailedHook)
                  00009232    00000006     --HOLE-- [fill = 0]
                  00009238    00000012     main.obj (.text:vApplicationStackOverflowHook)
                  0000924a    00000002     --HOLE-- [fill = 0]
                  0000924c    00000010     msp432p4xx_driverlib.lib : adc14.o (.text:ADCIsConversionRunning)
                  0000925c    00000004     --HOLE-- [fill = 0]
                  00009260    00000010     fpu.obj (.text:FPU_enableModule)
                  00009270    00000010     GPIO_Driver.obj (.text:GPIO_High)
                  00009280    00000010     GPIO_Driver.obj (.text:GPIO_Low)
                  00009290    00000010     interrupt.obj (.text:Interrupt_enableMaster)
                  000092a0    00000010     MPU9250.obj (.text:MPU9250_getMotion9)
                  000092b0    00000010     pcm.obj (.text:PCM_gotoLPM4)
                  000092c0    00000010     aodcsTask.obj (.text:setWatchDogBit_AODCS)
                  000092d0    00000010     cameraTask.obj (.text:setWatchDogBit_CAMERA)
                  000092e0    00000010     dataStorage.obj (.text:setWatchDogBit_DATASTORAGE)
                  000092f0    00000010     houseKeeping.obj (.text:setWatchDogBit_HOUSEKEEPING)
                  00009300    00000010     pptTask.obj (.text:setWatchDogBit_PPT)
                  00009310    00000010     ttcTask.obj (.text:setWatchDogBit_TTC)
                  00009320    00000010     tasks.obj (.text:vTaskSuspendAll)
                  00009330    00000010     taskManager.obj (.text:watchDogEventGroupCreate)
                  00009340    0000000e     rtsv7M4_T_le_v4SPD16_eabi.lib : copy_decompress_none.c.obj (.text:decompress:none:__TI_decompress_none)
                  0000934e    00000002     --HOLE-- [fill = 0]
                  00009350    0000000e     ff.obj (.text:st_word)
                  0000935e    00000002     --HOLE-- [fill = 0]
                  00009360    0000000c     msp432p4xx_driverlib.lib : adc14.o (.text:ADC14_enableModule)
                  0000936c    00000004     --HOLE-- [fill = 0]
                  00009370    0000000c     cpu.obj (.text:CPU_cpsie)
                  0000937c    00000004     --HOLE-- [fill = 0]
                  00009380    0000000c     mmc_MSP432P401r.obj (.text:MMC_disk_status)
                  0000938c    00000004     --HOLE-- [fill = 0]
                  00009390    0000000c     MPU9250.obj (.text:MPU9250_setClockSource)
                  0000939c    00000004     --HOLE-- [fill = 0]
                  000093a0    0000000c     pcm.obj (.text:PCM_getPowerState)
                  000093ac    0000000c     msp432p4xx_driverlib.lib : ref_a.o (.text:REF_A_enableReferenceVoltage)
                  000093b8    0000000c                              : ref_a.o (.text:REF_A_enableTempSensor)
                  000093c4    00000004     --HOLE-- [fill = 0]
                  000093c8    0000000c     sysctl.obj (.text:SysCtl_getTempCalibrationConstant)
                  000093d4    00000004     --HOLE-- [fill = 0]
                  000093d8    0000000c     mmc_MSP432P401r.obj (.text:chk_power)
                  000093e4    0000000c     rtsv7M4_T_le_v4SPD16_eabi.lib : copy_zero_init.c.obj (.text:decompress:ZI:__TI_zero_init)
                  000093f0    0000000c     ff.obj (.text:ld_word)
                  000093fc    00000004     --HOLE-- [fill = 0]
                  00009400    0000000c     mmc_MSP432P401r.obj (.text:power_off)
                  0000940c    00000004     --HOLE-- [fill = 0]
                  00009410    0000000c     trcKernelPort.obj (.text:prvTraceGetQueueNumberHigh16)
                  0000941c    00000004     --HOLE-- [fill = 0]
                  00009420    0000000c     trcKernelPort.obj (.text:prvTraceGetTaskNumberHigh16)
                  0000942c    00000004     --HOLE-- [fill = 0]
                  00009430    0000000c     mmc_MSP432P401r.obj (.text:rcvr_spi_m)
                  0000943c    00000004     --HOLE-- [fill = 0]
                  00009440    0000000c     MPU9250.obj (.text:setFullScaleAccelRange)
                  0000944c    00000004     --HOLE-- [fill = 0]
                  00009450    0000000c     MPU9250.obj (.text:setFullScaleGyroRange)
                  0000945c    00000004     --HOLE-- [fill = 0]
                  00009460    0000000c     tasks.obj (.text:vTaskMissedYield)
                  0000946c    00000004     --HOLE-- [fill = 0]
                  00009470    0000000c     tasks.obj (.text:xTaskGetCurrentTaskHandle)
                  0000947c    00000004     --HOLE-- [fill = 0]
                  00009480    0000000c     tasks.obj (.text:xTaskGetTickCount)
                  0000948c    00000004     --HOLE-- [fill = 0]
                  00009490    0000000a     trcKernelPort.obj (.text:prvTraceGetQueueNumberLow16)
                  0000949a    00000006     --HOLE-- [fill = 0]
                  000094a0    0000000a     trcKernelPort.obj (.text:prvTraceGetTaskNumberLow16)
                  000094aa    00000006     --HOLE-- [fill = 0]
                  000094b0    0000000a     MPU9250.obj (.text:setSleepEnabled)
                  000094ba    00000006     --HOLE-- [fill = 0]
                  000094c0    0000000a     tasks.obj (.text:uxTaskGetTaskNumber)
                  000094ca    00000006     --HOLE-- [fill = 0]
                  000094d0    00000008     pcm.obj (.text:PCM_setCoreVoltageLevel)
                  000094d8    00000008     pcm.obj (.text:PCM_setPowerMode)
                  000094e0    00000008     pcm.obj (.text:PCM_setPowerState)
                  000094e8    00000006     queue.obj (.text:ucQueueGetQueueType)
                  000094ee    00000002     --HOLE-- [fill = 0]
                  000094f0    00000006     list.obj (.text:vListInitialiseItem)
                  000094f6    00000002     --HOLE-- [fill = 0]
                  000094f8    00000006     tasks.obj (.text:vTaskSetTaskNumber)
                  000094fe    00000002     --HOLE-- [fill = 0]
                  00009500    00000004     cpu.obj (.text:CPU_wfi)
                  00009504    00000004     --HOLE-- [fill = 0]
                  00009508    00000004     mmc_MSP432P401r.obj (.text:get_fattime)
                  0000950c    00000004     --HOLE-- [fill = 0]
                  00009510    00000004     queue.obj (.text:uxQueueGetQueueNumber)
                  00009514    00000004     --HOLE-- [fill = 0]
                  00009518    00000004     queue.obj (.text:vQueueSetQueueNumber)
                  0000951c    00000004     --HOLE-- [fill = 0]
                  00009520    00000004     trcSnapshotRecorder.obj (.text:vTraceStart)
                  00009524    00000004     --HOLE-- [fill = 0]
                  00009528    00000002     msp432_startup_ccs.obj (.text:defaultISR)
                  0000952a    00000006     --HOLE-- [fill = 0]
                  00009530    00000002     msp432_startup_ccs.obj (.text:faultISR)
                  00009532    00000006     --HOLE-- [fill = 0]
                  00009538    00000002     msp432_startup_ccs.obj (.text:nmiISR)
                  0000953a    00000006     --HOLE-- [fill = 0]
                  00009540    00000002     main.obj (.text:vApplicationIdleHook)
                  00009542    00000006     --HOLE-- [fill = 0]
                  00009548    00000002     main_blinky.obj (.text:vApplicationTickHook)
                  0000954a    00000006     --HOLE-- [fill = 0]
                  00009550    00000002     main_blinky.obj (.text:vPreSleepProcessing)

.const     0    00009554    000000ac     
                  00009554    00000080     msp432p4xx_driverlib.lib : adc14.o (.const:_ctlRegs)
                  000095d4    00000014     MPU9250.obj (.const:i2cConfig)
                  000095e8    0000000a     ff.obj (.const:.string:DbcTbl)
                  000095f2    00000002     --HOLE-- [fill = 0]
                  000095f4    00000008     port.obj (.const)
                  000095fc    00000004     serial.obj (.const)

.cinit     0    00009600    00000098     
                  00009600    0000006e     (.cinit..data.load) [load image, compression = lzss]
                  0000966e    00000002     --HOLE-- [fill = 0]
                  00009670    0000000c     (__TI_handler_table)
                  0000967c    00000004     --HOLE-- [fill = 0]
                  00009680    00000008     (.cinit..bss.load) [load image, compression = zero_init]
                  00009688    00000010     (__TI_cinit_table)

.bss       0    20000000    0000e874     UNINITIALIZED
                  20000000    0000c800     heap_4.obj (.bss:ucHeap)
                  2000c800    00001918     (.common:RecorderData)
                  2000e118    00000230     (.common:sdDriver)
                  2000e348    00000228     (.common:file)
                  2000e570    00000162     (.common:obcData)
                  2000e6d2    00000002     ff.obj (.bss)
                  2000e6d4    00000064     tasks.obj (.bss:pxReadyTasksLists)
                  2000e738    0000003f     (.common:imuData)
                  2000e777    00000001     (.common:fResult)
                  2000e778    00000014     timers.obj (.bss:xActiveTimerList1)
                  2000e78c    00000014     timers.obj (.bss:xActiveTimerList2)
                  2000e7a0    00000014     tasks.obj (.bss:xDelayedTaskList1)
                  2000e7b4    00000014     tasks.obj (.bss:xDelayedTaskList2)
                  2000e7c8    00000014     tasks.obj (.bss:xPendingReadyList)
                  2000e7dc    00000014     tasks.obj (.bss:xSuspendedTaskList)
                  2000e7f0    00000014     tasks.obj (.bss:xTasksWaitingTermination)
                  2000e804    00000010     (.common:bufferIMU)
                  2000e814    0000000c     houseKeeping.obj (.bss:resultsBuffer)
                  2000e820    00000009     mmc_MSP432P401r.obj (.bss)
                  2000e829    00000001     --HOLE--
                  2000e82a    00000002     (.common:cal30)
                  2000e82c    00000008     IntQueue.obj (.bss)
                  2000e834    00000008     cs.obj (.bss)
                  2000e83c    00000008     tasks.obj (.bss)
                  2000e844    00000008     timers.obj (.bss)
                  2000e84c    00000008     heap_4.obj (.bss:xStart)
                  2000e854    00000006     (.common:localTime)
                  2000e85a    00000002     (.common:cal85)
                  2000e85c    00000004     ff.obj (.bss:FatFs)
                  2000e860    00000004     (.common:WATCHDOG_EVENT_GROUP)
                  2000e864    00000004     (.common:bw)
                  2000e868    00000004     (.common:calDifference)
                  2000e86c    00000004     (.common:flag_lowBattery)
                  2000e870    00000004     (.common:init_hwtc_count)

.data      0    2000e874    00000373     UNINITIALIZED
                  2000e874    000000c8     IntQueue.obj (.data:ucNormallyEmptyReceivedValues)
                  2000e93c    000000c8     IntQueue.obj (.data:ucNormallyFullReceivedValues)
                  2000ea04    0000008e     trcSnapshotRecorder.obj (.data:objectHandleStacks)
                  2000ea92    00000002     MPU9250.obj (.data)
                  2000ea94    00000044     trcSnapshotRecorder.obj (.data)
                  2000ead8    0000003c     IntQueue.obj (.data)
                  2000eb14    00000034     tasks.obj (.data)
                  2000eb48    00000030     gpio.obj (.data:GPIO_PORT_TO_BASE)
                  2000eb78    0000001c     dataStorage.obj (.data:SPI0MasterConfig)
                  2000eb94    00000018     port.obj (.data)
                  2000ebac    00000010     heap_4.obj (.data)
                  2000ebbc    00000010     serial.obj (.data)
                  2000ebcc    0000000c     timers.obj (.data)
                  2000ebd8    00000008     taskManager.obj (.data)
                  2000ebe0    00000005     trcKernelPort.obj (.data:TraceQueueClassTable)
                  2000ebe5    00000002     mmc_MSP432P401r.obj (.data)

.stack     0    2000fce0    00000320     UNINITIALIZED
                  2000fce0    00000004     rtsv7M4_T_le_v4SPD16_eabi.lib : boot_cortex_m.c.obj (.stack)
                  2000fce4    0000031c     --HOLE--

MODULE SUMMARY

       Module                       code    ro data   rw data
       ------                       ----    -------   -------
    .\
       main.obj                     234     0         362    
    +--+----------------------------+-------+---------+---------+
       Total:                       234     0         362    
                                                             
    .\FreeRTOS_Source\
       tasks.obj                    4900    0         260    
       queue.obj                    4030    0         0      
       timers.obj                   1082    0         60     
       event_groups.obj             528     0         0      
       list.obj                     150     0         0      
    +--+----------------------------+-------+---------+---------+
       Total:                       10690   0         320    
                                                             
    .\FreeRTOS_Source\portable\CCS\ARM_CM4F\
       port.obj                     984     8         24     
       portasm.obj                  218     0         0      
    +--+----------------------------+-------+---------+---------+
       Total:                       1202    8         24     
                                                             
    .\FreeRTOS_Source\portable\MemMang\
       heap_4.obj                   680     0         51224  
    +--+----------------------------+-------+---------+---------+
       Total:                       680     0         51224  
                                                             
    .\Full_Demo\
       serial.obj                   180     4         16     
       IntQueueTimer.obj            104     0         0      
    +--+----------------------------+-------+---------+---------+
       Total:                       284     4         16     
                                                             
    .\Full_Demo\Standard_Demo_Tasks\
       IntQueue.obj                 836     0         468    
    +--+----------------------------+-------+---------+---------+
       Total:                       836     0         468    
                                                             
    .\SimplyBlinkyDemo\
       main_blinky.obj              4       0         0      
    +--+----------------------------+-------+---------+---------+
       Total:                       4       0         0      
                                                             
    .\Tracealyzer\
       trcSnapshotRecorder.obj      5948    0         6638   
       trcKernelPort.obj            1494    0         5      
    +--+----------------------------+-------+---------+---------+
       Total:                       7442    0         6643   
                                                             
    .\driverlib\
       pcm.obj                      1452    0         0      
       cs.obj                       1154    0         8      
       gpio.obj                     368     0         48     
       sysctl.obj                   96      0         0      
       flash.obj                    48      0         0      
       wdt_a.obj                    24      0         0      
       cpu.obj                      16      0         0      
       fpu.obj                      16      0         0      
       interrupt.obj                16      0         0      
    +--+----------------------------+-------+---------+---------+
       Total:                       3190    0         56     
                                                             
    .\interface\
       MPU9250.obj                  922     20        18     
    +--+----------------------------+-------+---------+---------+
       Total:                       922     20        18     
                                                             
    .\src\
       dataStorage.obj              656     0         1214   
       houseKeeping.obj             804     0         20     
       taskManager.obj              320     0         8      
       ttcTask.obj                  100     0         0      
       watchDogTask.obj             92      0         0      
       aodcsTask.obj                68      0         0      
       cameraTask.obj               68      0         0      
       pptTask.obj                  68      0         0      
    +--+----------------------------+-------+---------+---------+
       Total:                       2176    0         1242   
                                                             
    .\system\CCS\
       msp432_startup_ccs.obj       30      324       0      
       system_msp432p401r.obj       104     0         0      
    +--+----------------------------+-------+---------+---------+
       Total:                       134     324       0      
                                                             
    .\util\
       itoa.obj                     164     0         0      
    +--+----------------------------+-------+---------+---------+
       Total:                       164     0         0      
                                                             
    .\util\Hardware\
       SPI_Driver.obj               184     0         0      
       GPIO_Driver.obj              72      0         0      
       CS_Driver.obj                34      0         0      
    +--+----------------------------+-------+---------+---------+
       Total:                       290     0         0      
                                                             
    .\util\fatfs\
       ff.obj                       4793    10        6      
       mmc_MSP432P401r.obj          1694    0         11     
       diskio.obj                   148     0         0      
    +--+----------------------------+-------+---------+---------+
       Total:                       6635    10        17     
                                                             
    C:/ti/simplelink_msp432p4_sdk_2_40_00_10/source/ti/devices/msp432p4xx/driverlib/ccs/msp432p4xx_driverlib.lib
       adc14.o                      1128    128       0      
       spi.o                        240     0         0      
       rtc_c.o                      168     0         0      
       i2c.o                        104     0         0      
       ref_a.o                      56      0         0      
    +--+----------------------------+-------+---------+---------+
       Total:                       1696    128       0      
                                                             
    C:\ti\ccsv8\tools\compiler\ti-cgt-arm_18.1.1.LTS\lib\rtsv7M4_T_le_v4SPD16_eabi.lib
       memcpy_t2.asm.obj            156     0         0      
       memset_t2.asm.obj            122     0         0      
       copy_decompress_lzss.c.obj   104     0         0      
       autoinit.c.obj               68      0         0      
       boot_cortex_m.c.obj          56      0         0      
       copy_decompress_none.c.obj   14      0         0      
       copy_zero_init.c.obj         12      0         0      
       exit.c.obj                   4       0         0      
       pre_init.c.obj               4       0         0      
    +--+----------------------------+-------+---------+---------+
       Total:                       540     0         0      
                                                             
       Stack:                       0       0         800    
       Linker Generated:            0       146       0      
    +--+----------------------------+-------+---------+---------+
       Grand Total:                 37119   640       61190  


LINKER GENERATED COPY TABLES

__TI_cinit_table @ 00009688 records: 2, size/record: 8, table size: 16
	.data: load addr=00009600, load size=0000006e bytes, run addr=2000e874, run size=00000373 bytes, compression=lzss
	.bss: load addr=00009680, load size=00000008 bytes, run addr=20000000, run size=0000e874 bytes, compression=zero_init


LINKER GENERATED HANDLER TABLE

__TI_handler_table @ 00009670 records: 3, size/record: 4, table size: 12
	index: 0, handler: __TI_decompress_lzss
	index: 1, handler: __TI_decompress_none
	index: 2, handler: __TI_zero_init


GLOBAL SYMBOLS: SORTED ALPHABETICALLY BY Name 

address   name                                       
-------   ----                                       
00005f41  ADC14_configureConversionMemory            
00005df1  ADC14_configureMultiSequenceMode           
00008a65  ADC14_enableConversion                     
00009361  ADC14_enableModule                         
00008531  ADC14_enableSampleTimer                    
00006e01  ADC14_getMultiSequenceResult               
00008e49  ADC14_getResult                            
00007901  ADC14_initModule                           
000087cd  ADC14_setSampleHoldTime                    
00008891  ADC14_toggleConversionTrigger              
00000aed  C$$EXIT                                    
00009371  CPU_cpsie                                  
00009501  CPU_wfi                                    
00008c49  CS_Init                                    
00008b81  CS_clearInterruptFlag                      
00002b51  CS_getDCOFrequency                         
00008fc9  CS_getMCLK                                 
00003b19  CS_initClockSignal                         
000088c1  CS_setDCOCenteredFrequency                 
2000eabe  CurrentFilterGroup                         
2000eabc  CurrentFilterMask                          
00009261  FPU_enableModule                           
00008801  FlashCtl_setWaitState                      
00009271  GPIO_High                                  
00008a91  GPIO_Init                                  
00009281  GPIO_Low                                   
00009131  GPIO_clearInterruptFlag                    
00009149  GPIO_enableInterrupt                       
00008fe1  GPIO_getInputPinValue                      
000088f1  GPIO_setAsInputPinWithPullUpResistor       
00008ce9  GPIO_setAsOutputPin                        
00007959  GPIO_setAsPeripheralModuleFunctionInputPin 
000079b1  GPIO_setAsPeripheralModuleFunctionOutputPin
00009161  GPIO_setOutputHighOnPin                    
00009179  GPIO_setOutputLowOnPin                     
00009191  GPIO_toggleOutputOnPin                     
00007205  I2C_masterSendMultiByteStart               
00009291  Interrupt_enableMaster                     
000028a1  MMC_disk_initialize                        
000020f9  MMC_disk_ioctl                             
000063b1  MMC_disk_read                              
00009381  MMC_disk_status                            
00005779  MMC_disk_write                             
2000ea92  MPU9250_devAddr                            
000092a1  MPU9250_getMotion9                         
00008d09  MPU9250_initialize                         
00009391  MPU9250_setClockSource                     
00007c19  PCM_getCoreVoltageLevel                    
000083c9  PCM_getPowerMode                           
000093a1  PCM_getPowerState                          
00008921  PCM_gotoLPM0                               
000068e1  PCM_gotoLPM3                               
000092b1  PCM_gotoLPM4                               
000094d1  PCM_setCoreVoltageLevel                    
000094d9  PCM_setPowerMode                           
000094e1  PCM_setPowerState                          
00007e49  PCM_shutdownDevice                         
000093ad  REF_A_enableReferenceVoltage               
000093b9  REF_A_enableTempSensor                     
00008d29  REF_A_setReferenceVoltage                  
00006c09  RTC_C_getCalendarTime                      
0000894d  RTC_C_holdClock                            
2000c800  RecorderData                               
2000eac4  RecorderDataPtr                            
2000eb78  SPI0MasterConfig                           
00007c69  SPI_Init                                   
00008569  SPI_Read                                   
000085a1  SPI_Write                                  
00005bdd  SPI_initMaster                             
00007a09  SysCtl_getTLVInfo                          
000093c9  SysCtl_getTempCalibrationConstant          
00007271  SystemInit                                 
2000ebe0  TraceQueueClassTable                       
2000e860  WATCHDOG_EVENT_GROUP                       
4000480c  WDTCTL_SYM                                 
00008ff9  WDT_A_holdTimer                            
20010000  __STACK_END                                
00000320  __STACK_SIZE                               
00009688  __TI_CINIT_Base                            
00009698  __TI_CINIT_Limit                           
00009670  __TI_Handler_Table_Base                    
0000967c  __TI_Handler_Table_Limit                   
000080a9  __TI_auto_init_nobinit_nopinit             
000072d9  __TI_decompress_lzss                       
00009341  __TI_decompress_none                       
ffffffff  __TI_pprof_out_hndl                        
ffffffff  __TI_prof_data_size                        
ffffffff  __TI_prof_data_start                       
00000000  __TI_static_base__                         
000093e5  __TI_zero_init                             
00006d85  __aeabi_memclr                             
00006d85  __aeabi_memclr4                            
00006d85  __aeabi_memclr8                            
000061d9  __aeabi_memcpy                             
000061d9  __aeabi_memcpy4                            
000061d9  __aeabi_memcpy8                            
00006d87  __aeabi_memset                             
00006d87  __aeabi_memset4                            
00006d87  __aeabi_memset8                            
ffffffff  __binit__                                  
ffffffff  __c_args__                                 
UNDEFED   __mpu_init                                 
2000fce0  __stack                                    
00008485  _c_int00_noargs                            
UNDEFED   _system_post_cinit                         
000007dd  _system_pre_init                           
00000aed  abort                                      
00004d81  adcInit                                    
000085d9  aodcsTask                                  
ffffffff  binit                                      
2000e804  bufferIMU                                  
2000e864  bw                                         
2000e82a  cal30                                      
2000e85a  cal85                                      
2000e868  calDifference                              
00008611  cameraTask                                 
00001301  dataStorage                                
00009029  disk_initialize                            
00008d49  disk_ioctl                                 
00008c71  disk_read                                  
00009041  disk_status                                
00008c99  disk_write                                 
00008289  eTaskConfirmSleepModeStatus                
2000e777  fResult                                    
00007e99  f_mount                                    
00001879  f_open                                     
00006319  f_sync                                     
000014d9  f_write                                    
2000e348  file                                       
2000e86c  flag_lowBattery                            
000080f1  getLocalTime                               
000066a1  getMotion6                                 
00008139  getTemperature                             
00009509  get_fattime                                
2000eab5  handle_of_last_logged_task                 
00001db1  houseKeeping                               
000095d4  i2cConfig                                  
2000e738  imuData                                    
000081c9  initI2C                                    
000074e1  initSD                                     
2000e870  init_hwtc_count                            
00000000  interruptVectors                           
00007fd1  isLowBattery                               
2000ea94  isPendingContextSwitch                     
00005fe9  itoa                                       
2000e854  localTime                                  
00008ab9  main                                       
000061d9  memcpy                                     
00006d8d  memset                                     
2000eab4  nISRactive                                 
2000e570  obcData                                    
2000ea04  objectHandleStacks                         
000086b9  pptTask                                    
00008d69  prvMarkObjectAsUsed                        
000082c9  prvTraceError                              
00009471  prvTraceGetCurrentTaskHandle               
00002a01  prvTraceGetObjectHandle                    
00004e61  prvTraceGetPriorityProperty                
00009511  prvTraceGetQueueNumber                     
00009411  prvTraceGetQueueNumberHigh16               
00009491  prvTraceGetQueueNumberLow16                
000094e9  prvTraceGetQueueType                       
00009421  prvTraceGetTaskNumberHigh16                
000094a1  prvTraceGetTaskNumberLow16                 
00005e99  prvTraceInitCortexM                        
00007b11  prvTracePortGetTimeStamp                   
00004089  prvTraceSetObjectName                      
00005449  prvTraceSetObjectState                     
000050f9  prvTraceSetPriorityProperty                
00008f29  prvTraceSetQueueNumberHigh16               
00008f49  prvTraceSetQueueNumberLow16                
00006d09  prvTraceSetTaskInstanceFinished            
00008f69  prvTraceSetTaskNumberHigh16                
00008f89  prvTraceSetTaskNumberLow16                 
00001f59  prvTraceStoreKernelCall                    
00003e69  prvTraceStoreKernelCallWithNumericParamOnly
000016b1  prvTraceStoreKernelCallWithParam           
000049d1  prvTraceStoreTaskReady                     
00004c99  prvTraceStoreTaskswitch                    
00000149  pszTraceGetErrorNotEnoughHandles           
00002f29  pvPortMalloc                               
00009059  pvTaskIncrementMutexHeldCount              
2000eb14  pxCurrentTCB                               
000089a9  pxPortInitialiseStack                      
00008bd1  queueCreate                                
00004199  readI2C                                    
2000eaa8  recorder_busy                              
2000e118  sdDriver                                   
2000ebdc  semaphoreIMU                               
00009441  setFullScaleAccelRange                     
00009451  setFullScaleGyroRange                      
000094b1  setSleepEnabled                            
000092c1  setWatchDogBit_AODCS                       
000092d1  setWatchDogBit_CAMERA                      
000092e1  setWatchDogBit_DATASTORAGE                 
000092f1  setWatchDogBit_HOUSEKEEPING                
00009301  setWatchDogBit_PPT                         
00009311  setWatchDogBit_TTC                         
000042a9  taskCreate                                 
2000eaac  timestampFrequency                         
2000eab0  traceErrorMessage                          
2000eaa0  trace_disable_timestamp                    
00007b69  ttcTask                                    
000094e9  ucQueueGetQueueType                        
000032e9  uiIndexOfObject                            
00004ac9  uiTraceStart                               
2000ea9c  uiTraceTickCount                           
000095f4  ulMaxSyscallInterruptPriority              
0000502d  ulPortGetIPSR                              
00008b59  uxListRemove                               
00009511  uxQueueGetQueueNumber                      
000094c1  uxTaskGetTaskNumber                        
000090a1  uxTaskResetEventItemValue                  
00009541  vApplicationIdleHook                       
00009221  vApplicationMallocFailedHook               
00009239  vApplicationStackOverflowHook              
00009549  vApplicationTickHook                       
00008e29  vListInitialise                            
000094f1  vListInitialiseItem                        
000086f1  vListInsert                                
000090b9  vListInsertEnd                             
000050e9  vPortEnableVFP                             
00008389  vPortEnterCritical                         
00008861  vPortExitCritical                          
000067c1  vPortFree                                  
000050a5  vPortSVCHandler                            
000073a9  vPortSetupTimerInterrupt                   
000050c5  vPortStartFirstTask                        
000031b1  vPortSuppressTicksAndSleep                 
000075b1  vPortValidateInterruptPriority             
00009551  vPreSleepProcessing                        
00009519  vQueueSetQueueNumber                       
00008061  vQueueWaitForMessageRestricted             
00008729  vT32_0_Handler                             
00008761  vT32_1_Handler                             
00006279  vTaskDelay                                 
000047d1  vTaskDelayUntil                            
000090d1  vTaskInternalSetTimeOutState               
00009461  vTaskMissedYield                           
000038d1  vTaskNotifyGiveFromISR                     
000084f9  vTaskPlaceOnEventList                      
000069f1  vTaskPlaceOnEventListRestricted            
00007739  vTaskPlaceOnUnorderedEventList             
00003549  vTaskPriorityDisinheritAfterTimeout        
000059b9  vTaskRemoveFromUnorderedEventList          
000094f9  vTaskSetTaskNumber                         
00006b01  vTaskStartScheduler                        
00008799  vTaskStepTick                              
00009321  vTaskSuspendAll                            
000051d1  vTaskSwitchContext                         
00006091  vTraceEnable                               
00005519  vTraceInitObjectHandleStack                
00003c39  vTraceInitObjectPropertyTable              
00009521  vTraceStart                                
00008bf9  vTraceStop                                 
2000eab8  vTraceStopHookPtr                          
000058f9  vTraceStoreMemMangEvent                    
00005a71  vUART_Handler                              
00009331  watchDogEventGroupCreate                   
00007799  watchDogTask                               
00007da9  writeBit                                   
00007679  writeBits                                  
00005b29  writeI2C                                   
00008fa9  xEventGroupCreate                          
00005d41  xEventGroupSetBits                         
00003679  xEventGroupWaitBits                        
00003419  xFirstTimerHandler                         
00005045  xPortPendSVHandler                         
00004f41  xPortStartScheduler                        
00008a09  xPortSysTickHandler                        
00009119  xQueueCreateMutex                          
00006e79  xQueueGenericCreate                        
00006611  xQueueGenericReset                         
000007e1  xQueueGenericSend                          
00002431  xQueueGenericSendFromISR                   
2000ebd8  xQueueIMU                                  
00008a39  xQueueIsQueueFullFromISR                   
00000df9  xQueueReceive                              
00002de1  xQueueReceiveFromISR                       
000004a9  xQueueSemaphoreTake                        
00001a41  xSecondTimerHandler                        
00006579  xTaskCheckForTimeOut                       
00007411  xTaskCreate                                
00009471  xTaskGetCurrentTaskHandle                  
00008de9  xTaskGetSchedulerState                     
00009481  xTaskGetTickCount                          
00002299  xTaskIncrementTick                         
000039f9  xTaskPriorityDisinherit                    
00003f79  xTaskPriorityInherit                       
000056b9  xTaskRemoveFromEventList                   
000037a9  xTaskResumeAll                             
00007851  xTimerCreateTimerTask                      
00006ef1  xTimerGenericCommand                       


GLOBAL SYMBOLS: SORTED BY Symbol Address 

address   name                                       
-------   ----                                       
00000000  __TI_static_base__                         
00000000  interruptVectors                           
00000149  pszTraceGetErrorNotEnoughHandles           
00000320  __STACK_SIZE                               
000004a9  xQueueSemaphoreTake                        
000007dd  _system_pre_init                           
000007e1  xQueueGenericSend                          
00000aed  C$$EXIT                                    
00000aed  abort                                      
00000df9  xQueueReceive                              
00001301  dataStorage                                
000014d9  f_write                                    
000016b1  prvTraceStoreKernelCallWithParam           
00001879  f_open                                     
00001a41  xSecondTimerHandler                        
00001db1  houseKeeping                               
00001f59  prvTraceStoreKernelCall                    
000020f9  MMC_disk_ioctl                             
00002299  xTaskIncrementTick                         
00002431  xQueueGenericSendFromISR                   
000028a1  MMC_disk_initialize                        
00002a01  prvTraceGetObjectHandle                    
00002b51  CS_getDCOFrequency                         
00002de1  xQueueReceiveFromISR                       
00002f29  pvPortMalloc                               
000031b1  vPortSuppressTicksAndSleep                 
000032e9  uiIndexOfObject                            
00003419  xFirstTimerHandler                         
00003549  vTaskPriorityDisinheritAfterTimeout        
00003679  xEventGroupWaitBits                        
000037a9  xTaskResumeAll                             
000038d1  vTaskNotifyGiveFromISR                     
000039f9  xTaskPriorityDisinherit                    
00003b19  CS_initClockSignal                         
00003c39  vTraceInitObjectPropertyTable              
00003e69  prvTraceStoreKernelCallWithNumericParamOnly
00003f79  xTaskPriorityInherit                       
00004089  prvTraceSetObjectName                      
00004199  readI2C                                    
000042a9  taskCreate                                 
000047d1  vTaskDelayUntil                            
000049d1  prvTraceStoreTaskReady                     
00004ac9  uiTraceStart                               
00004c99  prvTraceStoreTaskswitch                    
00004d81  adcInit                                    
00004e61  prvTraceGetPriorityProperty                
00004f41  xPortStartScheduler                        
0000502d  ulPortGetIPSR                              
00005045  xPortPendSVHandler                         
000050a5  vPortSVCHandler                            
000050c5  vPortStartFirstTask                        
000050e9  vPortEnableVFP                             
000050f9  prvTraceSetPriorityProperty                
000051d1  vTaskSwitchContext                         
00005449  prvTraceSetObjectState                     
00005519  vTraceInitObjectHandleStack                
000056b9  xTaskRemoveFromEventList                   
00005779  MMC_disk_write                             
000058f9  vTraceStoreMemMangEvent                    
000059b9  vTaskRemoveFromUnorderedEventList          
00005a71  vUART_Handler                              
00005b29  writeI2C                                   
00005bdd  SPI_initMaster                             
00005d41  xEventGroupSetBits                         
00005df1  ADC14_configureMultiSequenceMode           
00005e99  prvTraceInitCortexM                        
00005f41  ADC14_configureConversionMemory            
00005fe9  itoa                                       
00006091  vTraceEnable                               
000061d9  __aeabi_memcpy                             
000061d9  __aeabi_memcpy4                            
000061d9  __aeabi_memcpy8                            
000061d9  memcpy                                     
00006279  vTaskDelay                                 
00006319  f_sync                                     
000063b1  MMC_disk_read                              
00006579  xTaskCheckForTimeOut                       
00006611  xQueueGenericReset                         
000066a1  getMotion6                                 
000067c1  vPortFree                                  
000068e1  PCM_gotoLPM3                               
000069f1  vTaskPlaceOnEventListRestricted            
00006b01  vTaskStartScheduler                        
00006c09  RTC_C_getCalendarTime                      
00006d09  prvTraceSetTaskInstanceFinished            
00006d85  __aeabi_memclr                             
00006d85  __aeabi_memclr4                            
00006d85  __aeabi_memclr8                            
00006d87  __aeabi_memset                             
00006d87  __aeabi_memset4                            
00006d87  __aeabi_memset8                            
00006d8d  memset                                     
00006e01  ADC14_getMultiSequenceResult               
00006e79  xQueueGenericCreate                        
00006ef1  xTimerGenericCommand                       
00007205  I2C_masterSendMultiByteStart               
00007271  SystemInit                                 
000072d9  __TI_decompress_lzss                       
000073a9  vPortSetupTimerInterrupt                   
00007411  xTaskCreate                                
000074e1  initSD                                     
000075b1  vPortValidateInterruptPriority             
00007679  writeBits                                  
00007739  vTaskPlaceOnUnorderedEventList             
00007799  watchDogTask                               
00007851  xTimerCreateTimerTask                      
00007901  ADC14_initModule                           
00007959  GPIO_setAsPeripheralModuleFunctionInputPin 
000079b1  GPIO_setAsPeripheralModuleFunctionOutputPin
00007a09  SysCtl_getTLVInfo                          
00007b11  prvTracePortGetTimeStamp                   
00007b69  ttcTask                                    
00007c19  PCM_getCoreVoltageLevel                    
00007c69  SPI_Init                                   
00007da9  writeBit                                   
00007e49  PCM_shutdownDevice                         
00007e99  f_mount                                    
00007fd1  isLowBattery                               
00008061  vQueueWaitForMessageRestricted             
000080a9  __TI_auto_init_nobinit_nopinit             
000080f1  getLocalTime                               
00008139  getTemperature                             
000081c9  initI2C                                    
00008289  eTaskConfirmSleepModeStatus                
000082c9  prvTraceError                              
00008389  vPortEnterCritical                         
000083c9  PCM_getPowerMode                           
00008485  _c_int00_noargs                            
000084f9  vTaskPlaceOnEventList                      
00008531  ADC14_enableSampleTimer                    
00008569  SPI_Read                                   
000085a1  SPI_Write                                  
000085d9  aodcsTask                                  
00008611  cameraTask                                 
000086b9  pptTask                                    
000086f1  vListInsert                                
00008729  vT32_0_Handler                             
00008761  vT32_1_Handler                             
00008799  vTaskStepTick                              
000087cd  ADC14_setSampleHoldTime                    
00008801  FlashCtl_setWaitState                      
00008861  vPortExitCritical                          
00008891  ADC14_toggleConversionTrigger              
000088c1  CS_setDCOCenteredFrequency                 
000088f1  GPIO_setAsInputPinWithPullUpResistor       
00008921  PCM_gotoLPM0                               
0000894d  RTC_C_holdClock                            
000089a9  pxPortInitialiseStack                      
00008a09  xPortSysTickHandler                        
00008a39  xQueueIsQueueFullFromISR                   
00008a65  ADC14_enableConversion                     
00008a91  GPIO_Init                                  
00008ab9  main                                       
00008b59  uxListRemove                               
00008b81  CS_clearInterruptFlag                      
00008bd1  queueCreate                                
00008bf9  vTraceStop                                 
00008c49  CS_Init                                    
00008c71  disk_read                                  
00008c99  disk_write                                 
00008ce9  GPIO_setAsOutputPin                        
00008d09  MPU9250_initialize                         
00008d29  REF_A_setReferenceVoltage                  
00008d49  disk_ioctl                                 
00008d69  prvMarkObjectAsUsed                        
00008de9  xTaskGetSchedulerState                     
00008e29  vListInitialise                            
00008e49  ADC14_getResult                            
00008f29  prvTraceSetQueueNumberHigh16               
00008f49  prvTraceSetQueueNumberLow16                
00008f69  prvTraceSetTaskNumberHigh16                
00008f89  prvTraceSetTaskNumberLow16                 
00008fa9  xEventGroupCreate                          
00008fc9  CS_getMCLK                                 
00008fe1  GPIO_getInputPinValue                      
00008ff9  WDT_A_holdTimer                            
00009029  disk_initialize                            
00009041  disk_status                                
00009059  pvTaskIncrementMutexHeldCount              
000090a1  uxTaskResetEventItemValue                  
000090b9  vListInsertEnd                             
000090d1  vTaskInternalSetTimeOutState               
00009119  xQueueCreateMutex                          
00009131  GPIO_clearInterruptFlag                    
00009149  GPIO_enableInterrupt                       
00009161  GPIO_setOutputHighOnPin                    
00009179  GPIO_setOutputLowOnPin                     
00009191  GPIO_toggleOutputOnPin                     
00009221  vApplicationMallocFailedHook               
00009239  vApplicationStackOverflowHook              
00009261  FPU_enableModule                           
00009271  GPIO_High                                  
00009281  GPIO_Low                                   
00009291  Interrupt_enableMaster                     
000092a1  MPU9250_getMotion9                         
000092b1  PCM_gotoLPM4                               
000092c1  setWatchDogBit_AODCS                       
000092d1  setWatchDogBit_CAMERA                      
000092e1  setWatchDogBit_DATASTORAGE                 
000092f1  setWatchDogBit_HOUSEKEEPING                
00009301  setWatchDogBit_PPT                         
00009311  setWatchDogBit_TTC                         
00009321  vTaskSuspendAll                            
00009331  watchDogEventGroupCreate                   
00009341  __TI_decompress_none                       
00009361  ADC14_enableModule                         
00009371  CPU_cpsie                                  
00009381  MMC_disk_status                            
00009391  MPU9250_setClockSource                     
000093a1  PCM_getPowerState                          
000093ad  REF_A_enableReferenceVoltage               
000093b9  REF_A_enableTempSensor                     
000093c9  SysCtl_getTempCalibrationConstant          
000093e5  __TI_zero_init                             
00009411  prvTraceGetQueueNumberHigh16               
00009421  prvTraceGetTaskNumberHigh16                
00009441  setFullScaleAccelRange                     
00009451  setFullScaleGyroRange                      
00009461  vTaskMissedYield                           
00009471  prvTraceGetCurrentTaskHandle               
00009471  xTaskGetCurrentTaskHandle                  
00009481  xTaskGetTickCount                          
00009491  prvTraceGetQueueNumberLow16                
000094a1  prvTraceGetTaskNumberLow16                 
000094b1  setSleepEnabled                            
000094c1  uxTaskGetTaskNumber                        
000094d1  PCM_setCoreVoltageLevel                    
000094d9  PCM_setPowerMode                           
000094e1  PCM_setPowerState                          
000094e9  prvTraceGetQueueType                       
000094e9  ucQueueGetQueueType                        
000094f1  vListInitialiseItem                        
000094f9  vTaskSetTaskNumber                         
00009501  CPU_wfi                                    
00009509  get_fattime                                
00009511  prvTraceGetQueueNumber                     
00009511  uxQueueGetQueueNumber                      
00009519  vQueueSetQueueNumber                       
00009521  vTraceStart                                
00009541  vApplicationIdleHook                       
00009549  vApplicationTickHook                       
00009551  vPreSleepProcessing                        
000095d4  i2cConfig                                  
000095f4  ulMaxSyscallInterruptPriority              
00009670  __TI_Handler_Table_Base                    
0000967c  __TI_Handler_Table_Limit                   
00009688  __TI_CINIT_Base                            
00009698  __TI_CINIT_Limit                           
2000c800  RecorderData                               
2000e118  sdDriver                                   
2000e348  file                                       
2000e570  obcData                                    
2000e738  imuData                                    
2000e777  fResult                                    
2000e804  bufferIMU                                  
2000e82a  cal30                                      
2000e854  localTime                                  
2000e85a  cal85                                      
2000e860  WATCHDOG_EVENT_GROUP                       
2000e864  bw                                         
2000e868  calDifference                              
2000e86c  flag_lowBattery                            
2000e870  init_hwtc_count                            
2000ea04  objectHandleStacks                         
2000ea92  MPU9250_devAddr                            
2000ea94  isPendingContextSwitch                     
2000ea9c  uiTraceTickCount                           
2000eaa0  trace_disable_timestamp                    
2000eaa8  recorder_busy                              
2000eaac  timestampFrequency                         
2000eab0  traceErrorMessage                          
2000eab4  nISRactive                                 
2000eab5  handle_of_last_logged_task                 
2000eab8  vTraceStopHookPtr                          
2000eabc  CurrentFilterMask                          
2000eabe  CurrentFilterGroup                         
2000eac4  RecorderDataPtr                            
2000eb14  pxCurrentTCB                               
2000eb78  SPI0MasterConfig                           
2000ebd8  xQueueIMU                                  
2000ebdc  semaphoreIMU                               
2000ebe0  TraceQueueClassTable                       
2000fce0  __stack                                    
20010000  __STACK_END                                
4000480c  WDTCTL_SYM                                 
ffffffff  __TI_pprof_out_hndl                        
ffffffff  __TI_prof_data_size                        
ffffffff  __TI_prof_data_start                       
ffffffff  __binit__                                  
ffffffff  __c_args__                                 
ffffffff  binit                                      
UNDEFED   __mpu_init                                 
UNDEFED   _system_post_cinit                         

[293 symbols]
