******************************************************************************
                  TI ARM Linker PC v18.1.1                     
******************************************************************************
>> Linked Tue Jun 11 00:17:26 2019

OUTPUT FILE NAME:   <Firmware_OBC.out>
ENTRY POINT SYMBOL: "_c_int00_noargs"  address: 00007ab5


MEMORY CONFIGURATION

         name            origin    length      used     unused   attr    fill
----------------------  --------  ---------  --------  --------  ----  --------
  MAIN                  00000000   00040000  00008a1a  000375e6  R  X
  INFO                  00200000   00004000  00000000  00004000  R  X
  SRAM_CODE             01000000   00010000  00000000  00010000  RW X
  SRAM_DATA             20000000   00010000  0000ef0b  000010f5  RW  


SEGMENT ALLOCATION MAP

run origin  load origin   length   init length attrs members
----------  ----------- ---------- ----------- ----- -------
00000000    00000000    00008a20   00008a20    r-x
  00000000    00000000    00000144   00000144    r-- .intvecs
  00000148    00000148    00008792   00008792    r-x .text
  000088dc    000088dc    000000ac   000000ac    r-- .const
  00008988    00008988    00000098   00000098    r-- .cinit
20000000    20000000    0000ebed   00000000    rw-
  20000000    20000000    0000e86e   00000000    rw- .bss
  2000e870    2000e870    0000037d   00000000    rw- .data
2000fce0    2000fce0    00000320   00000000    rw-
  2000fce0    2000fce0    00000320   00000000    rw- .stack


SECTION ALLOCATION MAP

 output                                  attributes/
section   page    origin      length       input sections
--------  ----  ----------  ----------   ----------------
.intvecs   0    00000000    00000144     
                  00000000    00000144     msp432_startup_ccs.obj (.intvecs:retain)

.text      0    00000148    00008792     
                  00000148    0000035e     trcKernelPort.obj (.text:pszTraceGetErrorNotEnoughHandles)
                  000004a6    00000002     --HOLE-- [fill = 0]
                  000004a8    00000334     queue.obj (.text:xQueueSemaphoreTake)
                  000007dc    00000004     rtsv7M4_T_le_v4SPD16_eabi.lib : pre_init.c.obj (.text:_system_pre_init)
                  000007e0    0000030c     queue.obj (.text:xQueueGenericSend)
                  00000aec    00000004     rtsv7M4_T_le_v4SPD16_eabi.lib : exit.c.obj (.text:abort:abort)
                  00000af0    00000304     ff.obj (.text:find_volume)
                  00000df4    00000004     --HOLE-- [fill = 0]
                  00000df8    000002ec     queue.obj (.text:xQueueReceive)
                  000010e4    00000004     --HOLE-- [fill = 0]
                  000010e8    000001d2     ff.obj (.text:f_write)
                  000012ba    00000006     --HOLE-- [fill = 0]
                  000012c0    000001c8     trcSnapshotRecorder.obj (.text:prvTraceStoreKernelCallWithParam)
                  00001488    000001c6     ff.obj (.text:f_open)
                  0000164e    00000002     --HOLE-- [fill = 0]
                  00001650    000001c0     IntQueue.obj (.text:xSecondTimerHandler)
                  00001810    000001b0     trcSnapshotRecorder.obj (.text:prvTraceInitTraceData)
                  000019c0    000001a0     trcSnapshotRecorder.obj (.text:prvTraceStoreKernelCall)
                  00001b60    0000019c     mmc_MSP432P401r.obj (.text:MMC_disk_ioctl)
                  00001cfc    00000004     --HOLE-- [fill = 0]
                  00001d00    00000198     tasks.obj (.text:xTaskIncrementTick)
                  00001e98    0000018c     dataStorage.obj (.text:dataStorage)
                  00002024    00000004     --HOLE-- [fill = 0]
                  00002028    00000188     queue.obj (.text:xQueueGenericSendFromISR)
                  000021b0    00000184     trcSnapshotRecorder.obj (.text:prvTraceGetDTS)
                  00002334    00000160     msp432p4xx_driverlib.lib : adc14.o (.text:_getIndexForMemRegister)
                  00002494    00000004     --HOLE-- [fill = 0]
                  00002498    0000015c     mmc_MSP432P401r.obj (.text:MMC_disk_initialize)
                  000025f4    00000004     --HOLE-- [fill = 0]
                  000025f8    00000158     houseKeeping.obj (.text:houseKeeping)
                  00002750    0000014c     trcSnapshotRecorder.obj (.text:prvTraceGetObjectHandle)
                  0000289c    00000004     --HOLE-- [fill = 0]
                  000028a0    00000148     cs.obj (.text:CS_getDCOFrequency)
                  000029e8    00000148     trcSnapshotRecorder.obj (.text:prvCheckDataToBeOverwrittenForMultiEntryEvents)
                  00002b30    00000148     queue.obj (.text:xQueueReceiveFromISR)
                  00002c78    00000144     heap_4.obj (.text:pvPortMalloc)
                  00002dbc    00000004     --HOLE-- [fill = 0]
                  00002dc0    00000140     tasks.obj (.text:prvAddNewTaskToReadyList)
                  00002f00    00000134     port.obj (.text:vPortSuppressTicksAndSleep)
                  00003034    00000004     --HOLE-- [fill = 0]
                  00003038    00000130     trcSnapshotRecorder.obj (.text:uiIndexOfObject)
                  00003168    00000130     IntQueue.obj (.text:xFirstTimerHandler)
                  00003298    0000012c     tasks.obj (.text:vTaskPriorityDisinheritAfterTimeout)
                  000033c4    00000004     --HOLE-- [fill = 0]
                  000033c8    00000128     tasks.obj (.text:xTaskResumeAll)
                  000034f0    00000124     tasks.obj (.text:vTaskNotifyGiveFromISR)
                  00003614    00000004     --HOLE-- [fill = 0]
                  00003618    00000120     tasks.obj (.text:xTaskPriorityDisinherit)
                  00003738    0000011c     cs.obj (.text:CS_initClockSignal)
                  00003854    00000004     --HOLE-- [fill = 0]
                  00003858    00000118     trcKernelPort.obj (.text:vTraceInitObjectPropertyTable)
                  00003970    00000114     cs.obj (.text:_CSComputeCLKFrequency)
                  00003a84    00000004     --HOLE-- [fill = 0]
                  00003a88    00000110     trcSnapshotRecorder.obj (.text:prvTraceStoreKernelCallWithNumericParamOnly)
                  00003b98    00000110     tasks.obj (.text:xTaskPriorityInherit)
                  00003ca8    0000010c     trcSnapshotRecorder.obj (.text:prvTraceSetObjectName)
                  00003db4    00000004     --HOLE-- [fill = 0]
                  00003db8    0000010c     MPU9250.obj (.text:readI2C)
                  00003ec4    00000004     --HOLE-- [fill = 0]
                  00003ec8    00000108     pcm.obj (.text:__PCM_setPowerModeAdvanced)
                  00003fd0    00000104     ff.obj (.text:create_chain)
                  000040d4    00000004     --HOLE-- [fill = 0]
                  000040d8    00000103     ff.obj (.text:create_name)
                  000041db    00000005     --HOLE-- [fill = 0]
                  000041e0    00000100     timers.obj (.text:prvProcessReceivedCommands)
                  000042e0    000000fa     ff.obj (.text:put_fat)
                  000043da    00000006     --HOLE-- [fill = 0]
                  000043e0    000000f4     trcSnapshotRecorder.obj (.text:prvTraceStoreTaskReady)
                  000044d4    00000004     --HOLE-- [fill = 0]
                  000044d8    000000e8     trcSnapshotRecorder.obj (.text:uiTraceStart)
                  000045c0    000000e6     ff.obj (.text:dir_next)
                  000046a6    00000002     --HOLE-- [fill = 0]
                  000046a8    000000e4     trcSnapshotRecorder.obj (.text:prvTraceStoreTaskswitch)
                  0000478c    00000004     --HOLE-- [fill = 0]
                  00004790    000000e0     houseKeeping.obj (.text:adcInit)
                  00004870    000000dc     trcSnapshotRecorder.obj (.text:prvTraceGetPriorityProperty)
                  0000494c    00000004     --HOLE-- [fill = 0]
                  00004950    000000dc     port.obj (.text:xPortStartScheduler)
                  00004a2c    000000da     portasm.obj (.text)
                  00004b06    00000002     --HOLE-- [fill = 0]
                  00004b08    000000d8     trcSnapshotRecorder.obj (.text:prvTraceSetPriorityProperty)
                  00004be0    000000d4     tasks.obj (.text:vTaskSwitchContext)
                  00004cb4    00000004     --HOLE-- [fill = 0]
                  00004cb8    000000d0     pcm.obj (.text:__PCM_setCoreVoltageLevelAdvanced)
                  00004d88    000000d0     trcSnapshotRecorder.obj (.text:prvTraceGetObjectState)
                  00004e58    000000cc     trcSnapshotRecorder.obj (.text:prvTraceSetObjectState)
                  00004f24    00000004     --HOLE-- [fill = 0]
                  00004f28    000000cc     trcKernelPort.obj (.text:vTraceInitObjectHandleStack)
                  00004ff4    00000004     --HOLE-- [fill = 0]
                  00004ff8    000000ca     ff.obj (.text:get_fat)
                  000050c2    00000006     --HOLE-- [fill = 0]
                  000050c8    000000c0     tasks.obj (.text:xTaskRemoveFromEventList)
                  00005188    000000bc     mmc_MSP432P401r.obj (.text:MMC_disk_write)
                  00005244    00000004     --HOLE-- [fill = 0]
                  00005248    000000bc     queue.obj (.text:prvInitialiseNewQueue)
                  00005304    00000004     --HOLE-- [fill = 0]
                  00005308    000000bc     trcSnapshotRecorder.obj (.text:vTraceStoreMemMangEvent)
                  000053c4    00000004     --HOLE-- [fill = 0]
                  000053c8    000000b4     serial.obj (.text:vUART_Handler)
                  0000547c    00000004     --HOLE-- [fill = 0]
                  00005480    000000b4     MPU9250.obj (.text:writeI2C)
                  00005534    000000b0     msp432p4xx_driverlib.lib : spi.o (.text:SPI_initMaster)
                  000055e4    00000004     --HOLE-- [fill = 0]
                  000055e8    000000ae     tasks.obj (.text:prvInitialiseNewTask)
                  00005696    00000002     --HOLE-- [fill = 0]
                  00005698    000000a8     msp432p4xx_driverlib.lib : adc14.o (.text:ADC14_configureMultiSequenceMode)
                  00005740    000000a8     trcSnapshotRecorder.obj (.text:prvTraceInitCortexM)
                  000057e8    000000a4     msp432p4xx_driverlib.lib : adc14.o (.text:ADC14_configureConversionMemory)
                  0000588c    00000004     --HOLE-- [fill = 0]
                  00005890    000000a4     itoa.obj (.text:itoa)
                  00005934    00000004     --HOLE-- [fill = 0]
                  00005938    000000a4     trcSnapshotRecorder.obj (.text:vTraceEnable)
                  000059dc    00000004     --HOLE-- [fill = 0]
                  000059e0    000000a0     ff.obj (.text:dir_sdi)
                  00005a80    0000009c     rtsv7M4_T_le_v4SPD16_eabi.lib : memcpy_t2.asm.obj (.text)
                  00005b1c    00000004     --HOLE-- [fill = 0]
                  00005b20    0000009c     tasks.obj (.text:vTaskDelay)
                  00005bbc    00000004     --HOLE-- [fill = 0]
                  00005bc0    00000098     ff.obj (.text:f_sync)
                  00005c58    00000094     mmc_MSP432P401r.obj (.text:MMC_disk_read)
                  00005cec    00000004     --HOLE-- [fill = 0]
                  00005cf0    00000094     timers.obj (.text:prvSwitchTimerLists)
                  00005d84    00000004     --HOLE-- [fill = 0]
                  00005d88    00000094     trcSnapshotRecorder.obj (.text:prvTraceGetParam)
                  00005e1c    00000004     --HOLE-- [fill = 0]
                  00005e20    00000094     tasks.obj (.text:xTaskCheckForTimeOut)
                  00005eb4    00000004     --HOLE-- [fill = 0]
                  00005eb8    00000090     queue.obj (.text:xQueueGenericReset)
                  00005f48    0000008c     MPU9250.obj (.text:getMotion6)
                  00005fd4    00000004     --HOLE-- [fill = 0]
                  00005fd8    0000008c     ff.obj (.text:sync_fs)
                  00006064    00000004     --HOLE-- [fill = 0]
                  00006068    0000008c     heap_4.obj (.text:vPortFree)
                  000060f4    00000004     --HOLE-- [fill = 0]
                  000060f8    0000008a     ff.obj (.text:check_fs)
                  00006182    00000006     --HOLE-- [fill = 0]
                  00006188    00000088     tasks.obj (.text:prvAddCurrentTaskToDelayedList)
                  00006210    00000088     tasks.obj (.text:vTaskPlaceOnEventListRestricted)
                  00006298    00000086     ff.obj (.text:follow_path)
                  0000631e    00000002     --HOLE-- [fill = 0]
                  00006320    00000084     tasks.obj (.text:vTaskStartScheduler)
                  000063a4    00000004     --HOLE-- [fill = 0]
                  000063a8    00000080     ff.obj (.text:remove_chain)
                  00006428    0000007c     msp432p4xx_driverlib.lib : rtc_c.o (.text:RTC_C_getCalendarTime)
                  000064a4    00000004     --HOLE-- [fill = 0]
                  000064a8    0000007c     tasks.obj (.text:prvIdleTask)
                  00006524    00000004     --HOLE-- [fill = 0]
                  00006528    0000007c     trcSnapshotRecorder.obj (.text:prvTraceSetTaskInstanceFinished)
                  000065a4    0000007a     rtsv7M4_T_le_v4SPD16_eabi.lib : memset_t2.asm.obj (.text)
                  0000661e    00000002     --HOLE-- [fill = 0]
                  00006620    00000078     msp432p4xx_driverlib.lib : adc14.o (.text:ADC14_getMultiSequenceResult)
                  00006698    00000074     queue.obj (.text:xQueueGenericCreate)
                  0000670c    00000004     --HOLE-- [fill = 0]
                  00006710    00000074     timers.obj (.text:xTimerGenericCommand)
                  00006784    00000004     --HOLE-- [fill = 0]
                  00006788    00000070     queue.obj (.text:prvCopyDataToQueue)
                  000067f8    00000070     heap_4.obj (.text:prvHeapInit)
                  00006868    00000070     tasks.obj (.text:prvInitialiseTaskLists)
                  000068d8    00000070     timers.obj (.text:prvProcessTimerOrBlockTask)
                  00006948    00000070     mmc_MSP432P401r.obj (.text:send_cmd)
                  000069b8    0000006c     queue.obj (.text:prvUnlockQueue)
                  00006a24    00000068     msp432p4xx_driverlib.lib : i2c.o (.text:I2C_masterSendMultiByteStart)
                  00006a8c    00000004     --HOLE-- [fill = 0]
                  00006a90    00000068     system_msp432p401r.obj (.text:SystemInit)
                  00006af8    00000068     rtsv7M4_T_le_v4SPD16_eabi.lib : copy_decompress_lzss.c.obj (.text:decompress:lzss:__TI_decompress_lzss)
                  00006b60    00000068     heap_4.obj (.text:prvInsertBlockIntoFreeList)
                  00006bc8    00000068     port.obj (.text:vPortSetupTimerInterrupt)
                  00006c30    00000068     tasks.obj (.text:xTaskCreate)
                  00006c98    00000066     ff.obj (.text:dir_clear)
                  00006cfe    00000002     --HOLE-- [fill = 0]
                  00006d00    00000064     dataStorage.obj (.text:initSD)
                  00006d64    00000004     --HOLE-- [fill = 0]
                  00006d68    00000064     trcSnapshotRecorder.obj (.text:prvTraceNextFreeEventBufferSlot)
                  00006dcc    00000004     --HOLE-- [fill = 0]
                  00006dd0    00000064     port.obj (.text:vPortValidateInterruptPriority)
                  00006e34    00000004     --HOLE-- [fill = 0]
                  00006e38    00000060     timers.obj (.text:prvProcessExpiredTimer)
                  00006e98    00000060     MPU9250.obj (.text:writeBits)
                  00006ef8    00000060     mmc_MSP432P401r.obj (.text:xmit_datablock)
                  00006f58    00000058     taskManager.obj (.text:taskCreate)
                  00006fb0    00000058     timers.obj (.text:xTimerCreateTimerTask)
                  00007008    00000056     ff.obj (.text:dir_find)
                  0000705e    00000002     --HOLE-- [fill = 0]
                  00007060    00000054     msp432p4xx_driverlib.lib : adc14.o (.text:ADC14_initModule)
                  000070b4    00000004     --HOLE-- [fill = 0]
                  000070b8    00000054     gpio.obj (.text:GPIO_setAsPeripheralModuleFunctionInputPin)
                  0000710c    00000004     --HOLE-- [fill = 0]
                  00007110    00000054     gpio.obj (.text:GPIO_setAsPeripheralModuleFunctionOutputPin)
                  00007164    00000004     --HOLE-- [fill = 0]
                  00007168    00000054     sysctl.obj (.text:SysCtl_getTLVInfo)
                  000071bc    00000004     --HOLE-- [fill = 0]
                  000071c0    00000054     tasks.obj (.text:prvCheckTasksWaitingTermination)
                  00007214    00000004     --HOLE-- [fill = 0]
                  00007218    00000054     timers.obj (.text:prvInsertTimerInActiveList)
                  0000726c    00000004     --HOLE-- [fill = 0]
                  00007270    00000054     trcSnapshotRecorder.obj (.text:prvTracePortGetTimeStamp)
                  000072c4    00000004     --HOLE-- [fill = 0]
                  000072c8    00000052     cs.obj (.text:_CSGetDividerValue)
                  0000731a    00000006     --HOLE-- [fill = 0]
                  00007320    00000050     pcm.obj (.text:PCM_getCoreVoltageLevel)
                  00007370    00000050     SPI_Driver.obj (.text:SPI_Init)
                  000073c0    00000050     cs.obj (.text:_CSGetDOCFrequency)
                  00007410    00000050     ff.obj (.text:dbc_2nd)
                  00007460    00000050     tasks.obj (.text:prvGetExpectedIdleTime)
                  000074b0    00000050     MPU9250.obj (.text:writeBit)
                  00007500    0000004e     ff.obj (.text:dir_alloc)
                  0000754e    00000002     --HOLE-- [fill = 0]
                  00007550    0000004c     ff.obj (.text:f_mount)
                  0000759c    00000004     --HOLE-- [fill = 0]
                  000075a0    0000004c     timers.obj (.text:prvCheckForValidListAndQueue)
                  000075ec    00000004     --HOLE-- [fill = 0]
                  000075f0    0000004c     mmc_MSP432P401r.obj (.text:rcvr_datablock)
                  0000763c    00000004     --HOLE-- [fill = 0]
                  00007640    0000004a     main.obj (.text:prvConfigureClocks)
                  0000768a    00000006     --HOLE-- [fill = 0]
                  00007690    00000048     ff.obj (.text:get_ldnumber)
                  000076d8    00000048     ff.obj (.text:sync_window)
                  00007720    00000048     queue.obj (.text:vQueueWaitForMessageRestricted)
                  00007768    00000044     rtsv7M4_T_le_v4SPD16_eabi.lib : autoinit.c.obj (.text:__TI_auto_init_nobinit_nopinit:__TI_auto_init_nobinit_nopinit)
                  000077ac    00000004     --HOLE-- [fill = 0]
                  000077b0    00000044     houseKeeping.obj (.text:getTemperature)
                  000077f4    00000004     --HOLE-- [fill = 0]
                  000077f8    00000040     MPU9250.obj (.text:initI2C)
                  00007838    00000040     msp432p4xx_driverlib.lib : spi.o (.text:is_A_Module)
                  00007878    0000003e     mmc_MSP432P401r.obj (.text:send_cmd12)
                  000078b6    00000002     --HOLE-- [fill = 0]
                  000078b8    0000003c     tasks.obj (.text:eTaskConfirmSleepModeStatus)
                  000078f4    00000004     --HOLE-- [fill = 0]
                  000078f8    0000003c     trcSnapshotRecorder.obj (.text:prvTraceError)
                  00007934    00000004     --HOLE-- [fill = 0]
                  00007938    0000003c     trcSnapshotRecorder.obj (.text:prvTraceUpdateCounters)
                  00007974    00000004     --HOLE-- [fill = 0]
                  00007978    0000003c     mmc_MSP432P401r.obj (.text:send_initial_clock_train)
                  000079b4    00000004     --HOLE-- [fill = 0]
                  000079b8    0000003c     port.obj (.text:vPortEnterCritical)
                  000079f4    00000004     --HOLE-- [fill = 0]
                  000079f8    0000003a     pcm.obj (.text:PCM_getPowerMode)
                  00007a32    00000006     --HOLE-- [fill = 0]
                  00007a38    0000003a     ff.obj (.text:dir_register)
                  00007a72    00000006     --HOLE-- [fill = 0]
                  00007a78    0000003a     ff.obj (.text:validate)
                  00007ab2    00000002     --HOLE-- [fill = 0]
                  00007ab4    00000038     rtsv7M4_T_le_v4SPD16_eabi.lib : boot_cortex_m.c.obj (.text:_c_int00_noargs:_c_int00_noargs)
                  00007aec    00000004     --HOLE-- [fill = 0]
                  00007af0    00000038     port.obj (.text:prvTaskExitError)
                  00007b28    00000038     tasks.obj (.text:vTaskPlaceOnEventList)
                  00007b60    00000034     msp432p4xx_driverlib.lib : adc14.o (.text:ADC14_enableSampleTimer)
                  00007b94    00000004     --HOLE-- [fill = 0]
                  00007b98    00000034     SPI_Driver.obj (.text:SPI_Read)
                  00007bcc    00000004     --HOLE-- [fill = 0]
                  00007bd0    00000034     SPI_Driver.obj (.text:SPI_Write)
                  00007c04    00000004     --HOLE-- [fill = 0]
                  00007c08    00000034     ff.obj (.text:dbc_1st)
                  00007c3c    00000004     --HOLE-- [fill = 0]
                  00007c40    00000034     ff.obj (.text:move_window)
                  00007c74    00000004     --HOLE-- [fill = 0]
                  00007c78    00000034     list.obj (.text:vListInsert)
                  00007cac    00000004     --HOLE-- [fill = 0]
                  00007cb0    00000034     IntQueueTimer.obj (.text:vT32_0_Handler)
                  00007ce4    00000004     --HOLE-- [fill = 0]
                  00007ce8    00000034     IntQueueTimer.obj (.text:vT32_1_Handler)
                  00007d1c    00000004     --HOLE-- [fill = 0]
                  00007d20    00000034     tasks.obj (.text:vTaskStepTick)
                  00007d54    00000030     msp432p4xx_driverlib.lib : adc14.o (.text:ADC14_setSampleHoldTime)
                  00007d84    00000004     --HOLE-- [fill = 0]
                  00007d88    00000030     flash.obj (.text:FlashCtl_setWaitState)
                  00007db8    00000030     tasks.obj (.text:prvResetNextTaskUnblockTime)
                  00007de8    00000030     port.obj (.text:vPortExitCritical)
                  00007e18    0000002c     msp432p4xx_driverlib.lib : adc14.o (.text:ADC14_toggleConversionTrigger)
                  00007e44    00000004     --HOLE-- [fill = 0]
                  00007e48    0000002c     cs.obj (.text:CS_setDCOCenteredFrequency)
                  00007e74    0000002c     msp432p4xx_driverlib.lib : rtc_c.o (.text:RTC_C_startClock)
                  00007ea0    0000002c     timers.obj (.text:prvSampleTimeNow)
                  00007ecc    00000004     --HOLE-- [fill = 0]
                  00007ed0    0000002c     port.obj (.text:pxPortInitialiseStack)
                  00007efc    00000004     --HOLE-- [fill = 0]
                  00007f00    0000002c     mmc_MSP432P401r.obj (.text:rcvr_spi)
                  00007f2c    00000004     --HOLE-- [fill = 0]
                  00007f30    0000002c     port.obj (.text:xPortSysTickHandler)
                  00007f5c    00000004     --HOLE-- [fill = 0]
                  00007f60    0000002c     queue.obj (.text:xQueueIsQueueFullFromISR)
                  00007f8c    00000028     msp432p4xx_driverlib.lib : adc14.o (.text:ADC14_enableConversion)
                  00007fb4    00000004     --HOLE-- [fill = 0]
                  00007fb8    00000028     GPIO_Driver.obj (.text:GPIO_Init)
                  00007fe0    00000028     queue.obj (.text:prvCopyDataFromQueue)
                  00008008    00000028     mmc_MSP432P401r.obj (.text:xmit_spi)
                  00008030    00000026     ff.obj (.text:ld_clust)
                  00008056    00000002     --HOLE-- [fill = 0]
                  00008058    00000026     list.obj (.text:uxListRemove)
                  0000807e    00000002     --HOLE-- [fill = 0]
                  00008080    00000024     cs.obj (.text:CS_clearInterruptFlag)
                  000080a4    00000004     --HOLE-- [fill = 0]
                  000080a8    00000024     timers.obj (.text:prvGetNextExpireTime)
                  000080cc    00000004     --HOLE-- [fill = 0]
                  000080d0    00000024     taskManager.obj (.text:queueCreate)
                  000080f4    00000004     --HOLE-- [fill = 0]
                  000080f8    00000024     trcSnapshotRecorder.obj (.text:vTraceStop)
                  0000811c    00000004     --HOLE-- [fill = 0]
                  00008120    00000024     mmc_MSP432P401r.obj (.text:wait_ready)
                  00008144    00000004     --HOLE-- [fill = 0]
                  00008148    00000022     CS_Driver.obj (.text:CS_Init)
                  0000816a    00000006     --HOLE-- [fill = 0]
                  00008170    00000022     diskio.obj (.text:disk_read)
                  00008192    00000006     --HOLE-- [fill = 0]
                  00008198    00000022     diskio.obj (.text:disk_write)
                  000081ba    00000006     --HOLE-- [fill = 0]
                  000081c0    00000022     ff.obj (.text:st_clust)
                  000081e2    00000006     --HOLE-- [fill = 0]
                  000081e8    00000020     MPU9250.obj (.text:MPU9250_initialize)
                  00008208    00000020     msp432p4xx_driverlib.lib : ref_a.o (.text:REF_A_setReferenceVoltage)
                  00008228    00000020     diskio.obj (.text:disk_ioctl)
                  00008248    00000020     trcSnapshotRecorder.obj (.text:prvMarkObjectAsUsed)
                  00008268    00000020     IntQueue.obj (.text:prvRecordValue_NormallyEmpty)
                  00008288    00000020     IntQueue.obj (.text:prvRecordValue_NormallyFull)
                  000082a8    00000020     trcSnapshotRecorder.obj (.text:prvStrncpy)
                  000082c8    00000020     tasks.obj (.text:xTaskGetSchedulerState)
                  000082e8    0000001e     queue.obj (.text:prvIsQueueFull)
                  00008306    00000002     --HOLE-- [fill = 0]
                  00008308    0000001e     list.obj (.text:vListInitialise)
                  00008326    00000002     --HOLE-- [fill = 0]
                  00008328    0000001c     msp432p4xx_driverlib.lib : adc14.o (.text:ADC14_getResult)
                  00008344    00000004     --HOLE-- [fill = 0]
                  00008348    0000001c     ff.obj (.text:mem_cmp)
                  00008364    00000004     --HOLE-- [fill = 0]
                  00008368    0000001a     ff.obj (.text:clst2sect)
                  00008382    00000006     --HOLE-- [fill = 0]
                  00008388    0000001a     main.obj (.text:main)
                  000083a2    00000006     --HOLE-- [fill = 0]
                  000083a8    0000001a     queue.obj (.text:prvGetDisinheritPriorityAfterTimeout)
                  000083c2    00000006     --HOLE-- [fill = 0]
                  000083c8    0000001a     queue.obj (.text:prvIsQueueEmpty)
                  000083e2    00000006     --HOLE-- [fill = 0]
                  000083e8    0000001a     timers.obj (.text:prvTimerTask)
                  00008402    00000006     --HOLE-- [fill = 0]
                  00008408    0000001a     trcKernelPort.obj (.text:prvTraceSetQueueNumberHigh16)
                  00008422    00000006     --HOLE-- [fill = 0]
                  00008428    0000001a     trcKernelPort.obj (.text:prvTraceSetQueueNumberLow16)
                  00008442    00000006     --HOLE-- [fill = 0]
                  00008448    0000001a     trcKernelPort.obj (.text:prvTraceSetTaskNumberHigh16)
                  00008462    00000006     --HOLE-- [fill = 0]
                  00008468    0000001a     trcKernelPort.obj (.text:prvTraceSetTaskNumberLow16)
                  00008482    00000006     --HOLE-- [fill = 0]
                  00008488    00000018     cs.obj (.text:CS_getMCLK)
                  000084a0    00000018     ff.obj (.text:chk_chr)
                  000084b8    00000018     diskio.obj (.text:disk_initialize)
                  000084d0    00000018     diskio.obj (.text:disk_status)
                  000084e8    00000018     tasks.obj (.text:pvTaskIncrementMutexHeldCount)
                  00008500    00000018     msp432_startup_ccs.obj (.text:resetISR)
                  00008518    00000018     ff.obj (.text:st_dword)
                  00008530    00000018     list.obj (.text:vListInsertEnd)
                  00008548    00000018     tasks.obj (.text:vTaskInternalSetTimeOutState)
                  00008560    00000016     ff.obj (.text:ld_dword)
                  00008576    00000002     --HOLE-- [fill = 0]
                  00008578    00000016     ff.obj (.text:mem_cpy)
                  0000858e    00000002     --HOLE-- [fill = 0]
                  00008590    00000016     queue.obj (.text:xQueueCreateMutex)
                  000085a6    00000002     --HOLE-- [fill = 0]
                  000085a8    00000014     mmc_MSP432P401r.obj (.text:power_on)
                  000085bc    00000004     --HOLE-- [fill = 0]
                  000085c0    00000014     queue.obj (.text:prvInitialiseMutex)
                  000085d4    00000004     --HOLE-- [fill = 0]
                  000085d8    00000014     IntQueue.obj (.text:prvQueueAccessLogError)
                  000085ec    00000004     --HOLE-- [fill = 0]
                  000085f0    00000014     main.obj (.text:prvSetupHardware)
                  00008604    00000004     --HOLE-- [fill = 0]
                  00008608    00000012     ff.obj (.text:mem_set)
                  0000861a    00000006     --HOLE-- [fill = 0]
                  00008620    00000012     tasks.obj (.text:prvDeleteTCB)
                  00008632    00000006     --HOLE-- [fill = 0]
                  00008638    00000012     main.obj (.text:vApplicationMallocFailedHook)
                  0000864a    00000006     --HOLE-- [fill = 0]
                  00008650    00000012     main.obj (.text:vApplicationStackOverflowHook)
                  00008662    00000002     --HOLE-- [fill = 0]
                  00008664    00000010     msp432p4xx_driverlib.lib : adc14.o (.text:ADCIsConversionRunning)
                  00008674    00000004     --HOLE-- [fill = 0]
                  00008678    00000010     fpu.obj (.text:FPU_enableModule)
                  00008688    00000010     GPIO_Driver.obj (.text:GPIO_High)
                  00008698    00000010     GPIO_Driver.obj (.text:GPIO_Low)
                  000086a8    00000010     interrupt.obj (.text:Interrupt_enableMaster)
                  000086b8    00000010     MPU9250.obj (.text:MPU9250_getMotion9)
                  000086c8    00000010     tasks.obj (.text:vTaskSuspendAll)
                  000086d8    0000000e     rtsv7M4_T_le_v4SPD16_eabi.lib : copy_decompress_none.c.obj (.text:decompress:none:__TI_decompress_none)
                  000086e6    00000002     --HOLE-- [fill = 0]
                  000086e8    0000000e     ff.obj (.text:st_word)
                  000086f6    00000002     --HOLE-- [fill = 0]
                  000086f8    0000000c     msp432p4xx_driverlib.lib : adc14.o (.text:ADC14_enableModule)
                  00008704    00000004     --HOLE-- [fill = 0]
                  00008708    0000000c     cpu.obj (.text:CPU_cpsie)
                  00008714    00000004     --HOLE-- [fill = 0]
                  00008718    0000000c     mmc_MSP432P401r.obj (.text:MMC_disk_status)
                  00008724    00000004     --HOLE-- [fill = 0]
                  00008728    0000000c     MPU9250.obj (.text:MPU9250_setClockSource)
                  00008734    00000004     --HOLE-- [fill = 0]
                  00008738    0000000c     pcm.obj (.text:PCM_getPowerState)
                  00008744    0000000c     msp432p4xx_driverlib.lib : ref_a.o (.text:REF_A_enableReferenceVoltage)
                  00008750    0000000c                              : ref_a.o (.text:REF_A_enableTempSensor)
                  0000875c    00000004     --HOLE-- [fill = 0]
                  00008760    0000000c     sysctl.obj (.text:SysCtl_getTempCalibrationConstant)
                  0000876c    00000004     --HOLE-- [fill = 0]
                  00008770    0000000c     mmc_MSP432P401r.obj (.text:chk_power)
                  0000877c    0000000c     rtsv7M4_T_le_v4SPD16_eabi.lib : copy_zero_init.c.obj (.text:decompress:ZI:__TI_zero_init)
                  00008788    0000000c     ff.obj (.text:ld_word)
                  00008794    00000004     --HOLE-- [fill = 0]
                  00008798    0000000c     mmc_MSP432P401r.obj (.text:power_off)
                  000087a4    00000004     --HOLE-- [fill = 0]
                  000087a8    0000000c     trcKernelPort.obj (.text:prvTraceGetQueueNumberHigh16)
                  000087b4    00000004     --HOLE-- [fill = 0]
                  000087b8    0000000c     trcKernelPort.obj (.text:prvTraceGetTaskNumberHigh16)
                  000087c4    00000004     --HOLE-- [fill = 0]
                  000087c8    0000000c     mmc_MSP432P401r.obj (.text:rcvr_spi_m)
                  000087d4    00000004     --HOLE-- [fill = 0]
                  000087d8    0000000c     MPU9250.obj (.text:setFullScaleAccelRange)
                  000087e4    00000004     --HOLE-- [fill = 0]
                  000087e8    0000000c     MPU9250.obj (.text:setFullScaleGyroRange)
                  000087f4    00000004     --HOLE-- [fill = 0]
                  000087f8    0000000c     tasks.obj (.text:vTaskMissedYield)
                  00008804    00000004     --HOLE-- [fill = 0]
                  00008808    0000000c     tasks.obj (.text:xTaskGetCurrentTaskHandle)
                  00008814    00000004     --HOLE-- [fill = 0]
                  00008818    0000000c     tasks.obj (.text:xTaskGetTickCount)
                  00008824    00000004     --HOLE-- [fill = 0]
                  00008828    0000000a     trcKernelPort.obj (.text:prvTraceGetQueueNumberLow16)
                  00008832    00000006     --HOLE-- [fill = 0]
                  00008838    0000000a     trcKernelPort.obj (.text:prvTraceGetTaskNumberLow16)
                  00008842    00000006     --HOLE-- [fill = 0]
                  00008848    0000000a     MPU9250.obj (.text:setSleepEnabled)
                  00008852    00000006     --HOLE-- [fill = 0]
                  00008858    0000000a     tasks.obj (.text:uxTaskGetTaskNumber)
                  00008862    00000006     --HOLE-- [fill = 0]
                  00008868    00000008     pcm.obj (.text:PCM_setCoreVoltageLevel)
                  00008870    00000008     pcm.obj (.text:PCM_setPowerMode)
                  00008878    00000006     queue.obj (.text:ucQueueGetQueueType)
                  0000887e    00000002     --HOLE-- [fill = 0]
                  00008880    00000006     list.obj (.text:vListInitialiseItem)
                  00008886    00000002     --HOLE-- [fill = 0]
                  00008888    00000006     tasks.obj (.text:vTaskSetTaskNumber)
                  0000888e    00000002     --HOLE-- [fill = 0]
                  00008890    00000004     mmc_MSP432P401r.obj (.text:get_fattime)
                  00008894    00000004     --HOLE-- [fill = 0]
                  00008898    00000004     queue.obj (.text:uxQueueGetQueueNumber)
                  0000889c    00000004     --HOLE-- [fill = 0]
                  000088a0    00000004     queue.obj (.text:vQueueSetQueueNumber)
                  000088a4    00000004     --HOLE-- [fill = 0]
                  000088a8    00000004     trcSnapshotRecorder.obj (.text:vTraceStart)
                  000088ac    00000004     --HOLE-- [fill = 0]
                  000088b0    00000002     msp432_startup_ccs.obj (.text:defaultISR)
                  000088b2    00000006     --HOLE-- [fill = 0]
                  000088b8    00000002     msp432_startup_ccs.obj (.text:faultISR)
                  000088ba    00000006     --HOLE-- [fill = 0]
                  000088c0    00000002     msp432_startup_ccs.obj (.text:nmiISR)
                  000088c2    00000006     --HOLE-- [fill = 0]
                  000088c8    00000002     main.obj (.text:vApplicationIdleHook)
                  000088ca    00000006     --HOLE-- [fill = 0]
                  000088d0    00000002     main_blinky.obj (.text:vApplicationTickHook)
                  000088d2    00000006     --HOLE-- [fill = 0]
                  000088d8    00000002     main_blinky.obj (.text:vPreSleepProcessing)

.const     0    000088dc    000000ac     
                  000088dc    00000080     msp432p4xx_driverlib.lib : adc14.o (.const:_ctlRegs)
                  0000895c    00000014     MPU9250.obj (.const:i2cConfig)
                  00008970    0000000a     ff.obj (.const:.string:DbcTbl)
                  0000897a    00000002     --HOLE-- [fill = 0]
                  0000897c    00000008     port.obj (.const)
                  00008984    00000004     serial.obj (.const)

.cinit     0    00008988    00000098     
                  00008988    0000006e     (.cinit..data.load) [load image, compression = lzss]
                  000089f6    00000002     --HOLE-- [fill = 0]
                  000089f8    0000000c     (__TI_handler_table)
                  00008a04    00000004     --HOLE-- [fill = 0]
                  00008a08    00000008     (.cinit..bss.load) [load image, compression = zero_init]
                  00008a10    00000010     (__TI_cinit_table)

.bss       0    20000000    0000e86e     UNINITIALIZED
                  20000000    0000c800     heap_4.obj (.bss:ucHeap)
                  2000c800    00001918     (.common:RecorderData)
                  2000e118    00000230     (.common:sdDriver)
                  2000e348    00000228     (.common:file)
                  2000e570    00000162     (.common:obcData)
                  2000e6d2    00000002     ff.obj (.bss)
                  2000e6d4    00000064     tasks.obj (.bss:pxReadyTasksLists)
                  2000e738    0000003f     (.common:imuData)
                  2000e777    00000001     (.common:fResult)
                  2000e778    00000014     timers.obj (.bss:xActiveTimerList1)
                  2000e78c    00000014     timers.obj (.bss:xActiveTimerList2)
                  2000e7a0    00000014     tasks.obj (.bss:xDelayedTaskList1)
                  2000e7b4    00000014     tasks.obj (.bss:xDelayedTaskList2)
                  2000e7c8    00000014     tasks.obj (.bss:xPendingReadyList)
                  2000e7dc    00000014     tasks.obj (.bss:xSuspendedTaskList)
                  2000e7f0    00000014     tasks.obj (.bss:xTasksWaitingTermination)
                  2000e804    00000010     houseKeeping.obj (.bss:resultsBuffer)
                  2000e814    00000010     (.common:bufferIMU)
                  2000e824    00000009     mmc_MSP432P401r.obj (.bss)
                  2000e82d    00000001     --HOLE--
                  2000e82e    00000002     (.common:cal30)
                  2000e830    00000008     IntQueue.obj (.bss)
                  2000e838    00000008     cs.obj (.bss)
                  2000e840    00000008     tasks.obj (.bss)
                  2000e848    00000008     timers.obj (.bss)
                  2000e850    00000008     heap_4.obj (.bss:xStart)
                  2000e858    00000004     ff.obj (.bss:FatFs)
                  2000e85c    00000004     (.common:bw)
                  2000e860    00000004     (.common:calDifference)
                  2000e864    00000004     (.common:init_hwtc_count)
                  2000e868    00000004     (.common:time)
                  2000e86c    00000002     (.common:cal85)

.data      0    2000e870    0000037d     UNINITIALIZED
                  2000e870    000000c8     IntQueue.obj (.data:ucNormallyEmptyReceivedValues)
                  2000e938    000000c8     IntQueue.obj (.data:ucNormallyFullReceivedValues)
                  2000ea00    0000008e     trcSnapshotRecorder.obj (.data:objectHandleStacks)
                  2000ea8e    00000002     MPU9250.obj (.data)
                  2000ea90    00000044     trcSnapshotRecorder.obj (.data)
                  2000ead4    0000003c     IntQueue.obj (.data)
                  2000eb10    00000034     tasks.obj (.data)
                  2000eb44    00000030     gpio.obj (.data:GPIO_PORT_TO_BASE)
                  2000eb74    0000001c     dataStorage.obj (.data:SPI0MasterConfig)
                  2000eb90    00000018     port.obj (.data)
                  2000eba8    00000010     heap_4.obj (.data)
                  2000ebb8    00000010     serial.obj (.data)
                  2000ebc8    0000000c     timers.obj (.data)
                  2000ebd4    0000000a     dataStorage.obj (.data:buffer_timer)
                  2000ebde    00000002     mmc_MSP432P401r.obj (.data)
                  2000ebe0    00000008     taskManager.obj (.data)
                  2000ebe8    00000005     trcKernelPort.obj (.data:TraceQueueClassTable)

.stack     0    2000fce0    00000320     UNINITIALIZED
                  2000fce0    00000004     rtsv7M4_T_le_v4SPD16_eabi.lib : boot_cortex_m.c.obj (.stack)
                  2000fce4    0000031c     --HOLE--

MODULE SUMMARY

       Module                       code    ro data   rw data
       ------                       ----    -------   -------
    .\
       main.obj                     158     0         354    
    +--+----------------------------+-------+---------+---------+
       Total:                       158     0         354    
                                                             
    .\FreeRTOS_Source\
       tasks.obj                    4348    0         260    
       queue.obj                    4030    0         0      
       timers.obj                   1082    0         60     
       list.obj                     150     0         0      
    +--+----------------------------+-------+---------+---------+
       Total:                       9610    0         320    
                                                             
    .\FreeRTOS_Source\portable\CCS\ARM_CM4F\
       port.obj                     984     8         24     
       portasm.obj                  218     0         0      
    +--+----------------------------+-------+---------+---------+
       Total:                       1202    8         24     
                                                             
    .\FreeRTOS_Source\portable\MemMang\
       heap_4.obj                   680     0         51224  
    +--+----------------------------+-------+---------+---------+
       Total:                       680     0         51224  
                                                             
    .\Full_Demo\
       serial.obj                   180     4         16     
       IntQueueTimer.obj            104     0         0      
    +--+----------------------------+-------+---------+---------+
       Total:                       284     4         16     
                                                             
    .\Full_Demo\Standard_Demo_Tasks\
       IntQueue.obj                 836     0         468    
    +--+----------------------------+-------+---------+---------+
       Total:                       836     0         468    
                                                             
    .\SimplyBlinkyDemo\
       main_blinky.obj              4       0         0      
    +--+----------------------------+-------+---------+---------+
       Total:                       4       0         0      
                                                             
    .\Tracealyzer\
       trcSnapshotRecorder.obj      5948    0         6638   
       trcKernelPort.obj            1494    0         5      
    +--+----------------------------+-------+---------+---------+
       Total:                       7442    0         6643   
                                                             
    .\driverlib\
       cs.obj                       1154    0         8      
       pcm.obj                      638     0         0      
       gpio.obj                     168     0         48     
       sysctl.obj                   96      0         0      
       flash.obj                    48      0         0      
       fpu.obj                      16      0         0      
       interrupt.obj                16      0         0      
       cpu.obj                      12      0         0      
    +--+----------------------------+-------+---------+---------+
       Total:                       2148    0         56     
                                                             
    .\interface\
       MPU9250.obj                  922     20        18     
    +--+----------------------------+-------+---------+---------+
       Total:                       922     20        18     
                                                             
    .\src\
       dataStorage.obj              496     0         1222   
       houseKeeping.obj             636     0         24     
       taskManager.obj              124     0         8      
    +--+----------------------------+-------+---------+---------+
       Total:                       1256    0         1254   
                                                             
    .\system\CCS\
       msp432_startup_ccs.obj       30      324       0      
       system_msp432p401r.obj       104     0         0      
    +--+----------------------------+-------+---------+---------+
       Total:                       134     324       0      
                                                             
    .\util\
       itoa.obj                     164     0         0      
    +--+----------------------------+-------+---------+---------+
       Total:                       164     0         0      
                                                             
    .\util\Hardware\
       SPI_Driver.obj               184     0         0      
       GPIO_Driver.obj              72      0         0      
       CS_Driver.obj                34      0         0      
    +--+----------------------------+-------+---------+---------+
       Total:                       290     0         0      
                                                             
    .\util\fatfs\
       ff.obj                       4793    10        6      
       mmc_MSP432P401r.obj          1694    0         11     
       diskio.obj                   148     0         0      
    +--+----------------------------+-------+---------+---------+
       Total:                       6635    10        17     
                                                             
    C:/ti/simplelink_msp432p4_sdk_2_40_00_10/source/ti/devices/msp432p4xx/driverlib/ccs/msp432p4xx_driverlib.lib
       adc14.o                      1128    128       0      
       spi.o                        240     0         0      
       rtc_c.o                      168     0         0      
       i2c.o                        104     0         0      
       ref_a.o                      56      0         0      
    +--+----------------------------+-------+---------+---------+
       Total:                       1696    128       0      
                                                             
    C:\ti\ccsv8\tools\compiler\ti-cgt-arm_18.1.1.LTS\lib\rtsv7M4_T_le_v4SPD16_eabi.lib
       memcpy_t2.asm.obj            156     0         0      
       memset_t2.asm.obj            122     0         0      
       copy_decompress_lzss.c.obj   104     0         0      
       autoinit.c.obj               68      0         0      
       boot_cortex_m.c.obj          56      0         0      
       copy_decompress_none.c.obj   14      0         0      
       copy_zero_init.c.obj         12      0         0      
       exit.c.obj                   4       0         0      
       pre_init.c.obj               4       0         0      
    +--+----------------------------+-------+---------+---------+
       Total:                       540     0         0      
                                                             
       Stack:                       0       0         800    
       Linker Generated:            0       146       0      
    +--+----------------------------+-------+---------+---------+
       Grand Total:                 34001   640       61194  


LINKER GENERATED COPY TABLES

__TI_cinit_table @ 00008a10 records: 2, size/record: 8, table size: 16
	.data: load addr=00008988, load size=0000006e bytes, run addr=2000e870, run size=0000037d bytes, compression=lzss
	.bss: load addr=00008a08, load size=00000008 bytes, run addr=20000000, run size=0000e86e bytes, compression=zero_init


LINKER GENERATED HANDLER TABLE

__TI_handler_table @ 000089f8 records: 3, size/record: 4, table size: 12
	index: 0, handler: __TI_decompress_lzss
	index: 1, handler: __TI_decompress_none
	index: 2, handler: __TI_zero_init


GLOBAL SYMBOLS: SORTED ALPHABETICALLY BY Name 

address   name                                       
-------   ----                                       
000057e9  ADC14_configureConversionMemory            
00005699  ADC14_configureMultiSequenceMode           
00007f8d  ADC14_enableConversion                     
000086f9  ADC14_enableModule                         
00007b61  ADC14_enableSampleTimer                    
00006621  ADC14_getMultiSequenceResult               
00008329  ADC14_getResult                            
00007061  ADC14_initModule                           
00007d55  ADC14_setSampleHoldTime                    
00007e19  ADC14_toggleConversionTrigger              
00000aed  C$$EXIT                                    
00008709  CPU_cpsie                                  
00008149  CS_Init                                    
00008081  CS_clearInterruptFlag                      
000028a1  CS_getDCOFrequency                         
00008489  CS_getMCLK                                 
00003739  CS_initClockSignal                         
00007e49  CS_setDCOCenteredFrequency                 
2000eaba  CurrentFilterGroup                         
2000eab8  CurrentFilterMask                          
00008679  FPU_enableModule                           
00007d89  FlashCtl_setWaitState                      
00008689  GPIO_High                                  
00007fb9  GPIO_Init                                  
00008699  GPIO_Low                                   
000070b9  GPIO_setAsPeripheralModuleFunctionInputPin 
00007111  GPIO_setAsPeripheralModuleFunctionOutputPin
00006a25  I2C_masterSendMultiByteStart               
000086a9  Interrupt_enableMaster                     
00002499  MMC_disk_initialize                        
00001b61  MMC_disk_ioctl                             
00005c59  MMC_disk_read                              
00008719  MMC_disk_status                            
00005189  MMC_disk_write                             
2000ea8e  MPU9250_devAddr                            
000086b9  MPU9250_getMotion9                         
000081e9  MPU9250_initialize                         
00008729  MPU9250_setClockSource                     
00007321  PCM_getCoreVoltageLevel                    
000079f9  PCM_getPowerMode                           
00008739  PCM_getPowerState                          
00008869  PCM_setCoreVoltageLevel                    
00008871  PCM_setPowerMode                           
00008745  REF_A_enableReferenceVoltage               
00008751  REF_A_enableTempSensor                     
00008209  REF_A_setReferenceVoltage                  
00006429  RTC_C_getCalendarTime                      
00007e75  RTC_C_startClock                           
2000c800  RecorderData                               
2000eac0  RecorderDataPtr                            
2000eb74  SPI0MasterConfig                           
00007371  SPI_Init                                   
00007b99  SPI_Read                                   
00007bd1  SPI_Write                                  
00005535  SPI_initMaster                             
00007169  SysCtl_getTLVInfo                          
00008761  SysCtl_getTempCalibrationConstant          
00006a91  SystemInit                                 
2000ebe8  TraceQueueClassTable                       
4000480c  WDTCTL_SYM                                 
20010000  __STACK_END                                
00000320  __STACK_SIZE                               
00008a10  __TI_CINIT_Base                            
00008a20  __TI_CINIT_Limit                           
000089f8  __TI_Handler_Table_Base                    
00008a04  __TI_Handler_Table_Limit                   
00007769  __TI_auto_init_nobinit_nopinit             
00006af9  __TI_decompress_lzss                       
000086d9  __TI_decompress_none                       
ffffffff  __TI_pprof_out_hndl                        
ffffffff  __TI_prof_data_size                        
ffffffff  __TI_prof_data_start                       
00000000  __TI_static_base__                         
0000877d  __TI_zero_init                             
000065a5  __aeabi_memclr                             
000065a5  __aeabi_memclr4                            
000065a5  __aeabi_memclr8                            
00005a81  __aeabi_memcpy                             
00005a81  __aeabi_memcpy4                            
00005a81  __aeabi_memcpy8                            
000065a7  __aeabi_memset                             
000065a7  __aeabi_memset4                            
000065a7  __aeabi_memset8                            
ffffffff  __binit__                                  
ffffffff  __c_args__                                 
UNDEFED   __mpu_init                                 
2000fce0  __stack                                    
00007ab5  _c_int00_noargs                            
UNDEFED   _system_post_cinit                         
000007dd  _system_pre_init                           
00000aed  abort                                      
00004791  adcInit                                    
ffffffff  binit                                      
2000e814  bufferIMU                                  
2000ebd4  buffer_timer                               
2000e85c  bw                                         
2000e82e  cal30                                      
2000e86c  cal85                                      
2000e860  calDifference                              
00001e99  dataStorage                                
000084b9  disk_initialize                            
00008229  disk_ioctl                                 
00008171  disk_read                                  
000084d1  disk_status                                
00008199  disk_write                                 
000078b9  eTaskConfirmSleepModeStatus                
2000e777  fResult                                    
00007551  f_mount                                    
00001489  f_open                                     
00005bc1  f_sync                                     
000010e9  f_write                                    
2000e348  file                                       
00005f49  getMotion6                                 
000077b1  getTemperature                             
00008891  get_fattime                                
2000eab1  handle_of_last_logged_task                 
000025f9  houseKeeping                               
0000895c  i2cConfig                                  
2000e738  imuData                                    
000077f9  initI2C                                    
00006d01  initSD                                     
2000e864  init_hwtc_count                            
00000000  interruptVectors                           
2000ea90  isPendingContextSwitch                     
00005891  itoa                                       
00008389  main                                       
00005a81  memcpy                                     
000065ad  memset                                     
2000eab0  nISRactive                                 
2000e570  obcData                                    
2000ea00  objectHandleStacks                         
00008249  prvMarkObjectAsUsed                        
000078f9  prvTraceError                              
00008809  prvTraceGetCurrentTaskHandle               
00002751  prvTraceGetObjectHandle                    
00004871  prvTraceGetPriorityProperty                
00008899  prvTraceGetQueueNumber                     
000087a9  prvTraceGetQueueNumberHigh16               
00008829  prvTraceGetQueueNumberLow16                
00008879  prvTraceGetQueueType                       
000087b9  prvTraceGetTaskNumberHigh16                
00008839  prvTraceGetTaskNumberLow16                 
00005741  prvTraceInitCortexM                        
00007271  prvTracePortGetTimeStamp                   
00003ca9  prvTraceSetObjectName                      
00004e59  prvTraceSetObjectState                     
00004b09  prvTraceSetPriorityProperty                
00008409  prvTraceSetQueueNumberHigh16               
00008429  prvTraceSetQueueNumberLow16                
00006529  prvTraceSetTaskInstanceFinished            
00008449  prvTraceSetTaskNumberHigh16                
00008469  prvTraceSetTaskNumberLow16                 
000019c1  prvTraceStoreKernelCall                    
00003a89  prvTraceStoreKernelCallWithNumericParamOnly
000012c1  prvTraceStoreKernelCallWithParam           
000043e1  prvTraceStoreTaskReady                     
000046a9  prvTraceStoreTaskswitch                    
00000149  pszTraceGetErrorNotEnoughHandles           
00002c79  pvPortMalloc                               
000084e9  pvTaskIncrementMutexHeldCount              
2000eb10  pxCurrentTCB                               
00007ed1  pxPortInitialiseStack                      
000080d1  queueCreate                                
00003db9  readI2C                                    
2000eaa4  recorder_busy                              
2000e118  sdDriver                                   
2000ebe4  semaphoreIMU                               
000087d9  setFullScaleAccelRange                     
000087e9  setFullScaleGyroRange                      
00008849  setSleepEnabled                            
00006f59  taskCreate                                 
2000e868  time                                       
2000eaa8  timestampFrequency                         
2000eaac  traceErrorMessage                          
2000ea9c  trace_disable_timestamp                    
00008879  ucQueueGetQueueType                        
00003039  uiIndexOfObject                            
000044d9  uiTraceStart                               
2000ea98  uiTraceTickCount                           
0000897c  ulMaxSyscallInterruptPriority              
00004a3d  ulPortGetIPSR                              
00008059  uxListRemove                               
00008899  uxQueueGetQueueNumber                      
00008859  uxTaskGetTaskNumber                        
000088c9  vApplicationIdleHook                       
00008639  vApplicationMallocFailedHook               
00008651  vApplicationStackOverflowHook              
000088d1  vApplicationTickHook                       
00008309  vListInitialise                            
00008881  vListInitialiseItem                        
00007c79  vListInsert                                
00008531  vListInsertEnd                             
00004af9  vPortEnableVFP                             
000079b9  vPortEnterCritical                         
00007de9  vPortExitCritical                          
00006069  vPortFree                                  
00004ab5  vPortSVCHandler                            
00006bc9  vPortSetupTimerInterrupt                   
00004ad5  vPortStartFirstTask                        
00002f01  vPortSuppressTicksAndSleep                 
00006dd1  vPortValidateInterruptPriority             
000088d9  vPreSleepProcessing                        
000088a1  vQueueSetQueueNumber                       
00007721  vQueueWaitForMessageRestricted             
00007cb1  vT32_0_Handler                             
00007ce9  vT32_1_Handler                             
00005b21  vTaskDelay                                 
00008549  vTaskInternalSetTimeOutState               
000087f9  vTaskMissedYield                           
000034f1  vTaskNotifyGiveFromISR                     
00007b29  vTaskPlaceOnEventList                      
00006211  vTaskPlaceOnEventListRestricted            
00003299  vTaskPriorityDisinheritAfterTimeout        
00008889  vTaskSetTaskNumber                         
00006321  vTaskStartScheduler                        
00007d21  vTaskStepTick                              
000086c9  vTaskSuspendAll                            
00004be1  vTaskSwitchContext                         
00005939  vTraceEnable                               
00004f29  vTraceInitObjectHandleStack                
00003859  vTraceInitObjectPropertyTable              
000088a9  vTraceStart                                
000080f9  vTraceStop                                 
2000eab4  vTraceStopHookPtr                          
00005309  vTraceStoreMemMangEvent                    
000053c9  vUART_Handler                              
000074b1  writeBit                                   
00006e99  writeBits                                  
00005481  writeI2C                                   
00003169  xFirstTimerHandler                         
00004a55  xPortPendSVHandler                         
00004951  xPortStartScheduler                        
00007f31  xPortSysTickHandler                        
00008591  xQueueCreateMutex                          
00006699  xQueueGenericCreate                        
00005eb9  xQueueGenericReset                         
000007e1  xQueueGenericSend                          
00002029  xQueueGenericSendFromISR                   
2000ebe0  xQueueIMU                                  
00007f61  xQueueIsQueueFullFromISR                   
00000df9  xQueueReceive                              
00002b31  xQueueReceiveFromISR                       
000004a9  xQueueSemaphoreTake                        
00001651  xSecondTimerHandler                        
00005e21  xTaskCheckForTimeOut                       
00006c31  xTaskCreate                                
00008809  xTaskGetCurrentTaskHandle                  
000082c9  xTaskGetSchedulerState                     
00008819  xTaskGetTickCount                          
00001d01  xTaskIncrementTick                         
00003619  xTaskPriorityDisinherit                    
00003b99  xTaskPriorityInherit                       
000050c9  xTaskRemoveFromEventList                   
000033c9  xTaskResumeAll                             
00006fb1  xTimerCreateTimerTask                      
00006711  xTimerGenericCommand                       


GLOBAL SYMBOLS: SORTED BY Symbol Address 

address   name                                       
-------   ----                                       
00000000  __TI_static_base__                         
00000000  interruptVectors                           
00000149  pszTraceGetErrorNotEnoughHandles           
00000320  __STACK_SIZE                               
000004a9  xQueueSemaphoreTake                        
000007dd  _system_pre_init                           
000007e1  xQueueGenericSend                          
00000aed  C$$EXIT                                    
00000aed  abort                                      
00000df9  xQueueReceive                              
000010e9  f_write                                    
000012c1  prvTraceStoreKernelCallWithParam           
00001489  f_open                                     
00001651  xSecondTimerHandler                        
000019c1  prvTraceStoreKernelCall                    
00001b61  MMC_disk_ioctl                             
00001d01  xTaskIncrementTick                         
00001e99  dataStorage                                
00002029  xQueueGenericSendFromISR                   
00002499  MMC_disk_initialize                        
000025f9  houseKeeping                               
00002751  prvTraceGetObjectHandle                    
000028a1  CS_getDCOFrequency                         
00002b31  xQueueReceiveFromISR                       
00002c79  pvPortMalloc                               
00002f01  vPortSuppressTicksAndSleep                 
00003039  uiIndexOfObject                            
00003169  xFirstTimerHandler                         
00003299  vTaskPriorityDisinheritAfterTimeout        
000033c9  xTaskResumeAll                             
000034f1  vTaskNotifyGiveFromISR                     
00003619  xTaskPriorityDisinherit                    
00003739  CS_initClockSignal                         
00003859  vTraceInitObjectPropertyTable              
00003a89  prvTraceStoreKernelCallWithNumericParamOnly
00003b99  xTaskPriorityInherit                       
00003ca9  prvTraceSetObjectName                      
00003db9  readI2C                                    
000043e1  prvTraceStoreTaskReady                     
000044d9  uiTraceStart                               
000046a9  prvTraceStoreTaskswitch                    
00004791  adcInit                                    
00004871  prvTraceGetPriorityProperty                
00004951  xPortStartScheduler                        
00004a3d  ulPortGetIPSR                              
00004a55  xPortPendSVHandler                         
00004ab5  vPortSVCHandler                            
00004ad5  vPortStartFirstTask                        
00004af9  vPortEnableVFP                             
00004b09  prvTraceSetPriorityProperty                
00004be1  vTaskSwitchContext                         
00004e59  prvTraceSetObjectState                     
00004f29  vTraceInitObjectHandleStack                
000050c9  xTaskRemoveFromEventList                   
00005189  MMC_disk_write                             
00005309  vTraceStoreMemMangEvent                    
000053c9  vUART_Handler                              
00005481  writeI2C                                   
00005535  SPI_initMaster                             
00005699  ADC14_configureMultiSequenceMode           
00005741  prvTraceInitCortexM                        
000057e9  ADC14_configureConversionMemory            
00005891  itoa                                       
00005939  vTraceEnable                               
00005a81  __aeabi_memcpy                             
00005a81  __aeabi_memcpy4                            
00005a81  __aeabi_memcpy8                            
00005a81  memcpy                                     
00005b21  vTaskDelay                                 
00005bc1  f_sync                                     
00005c59  MMC_disk_read                              
00005e21  xTaskCheckForTimeOut                       
00005eb9  xQueueGenericReset                         
00005f49  getMotion6                                 
00006069  vPortFree                                  
00006211  vTaskPlaceOnEventListRestricted            
00006321  vTaskStartScheduler                        
00006429  RTC_C_getCalendarTime                      
00006529  prvTraceSetTaskInstanceFinished            
000065a5  __aeabi_memclr                             
000065a5  __aeabi_memclr4                            
000065a5  __aeabi_memclr8                            
000065a7  __aeabi_memset                             
000065a7  __aeabi_memset4                            
000065a7  __aeabi_memset8                            
000065ad  memset                                     
00006621  ADC14_getMultiSequenceResult               
00006699  xQueueGenericCreate                        
00006711  xTimerGenericCommand                       
00006a25  I2C_masterSendMultiByteStart               
00006a91  SystemInit                                 
00006af9  __TI_decompress_lzss                       
00006bc9  vPortSetupTimerInterrupt                   
00006c31  xTaskCreate                                
00006d01  initSD                                     
00006dd1  vPortValidateInterruptPriority             
00006e99  writeBits                                  
00006f59  taskCreate                                 
00006fb1  xTimerCreateTimerTask                      
00007061  ADC14_initModule                           
000070b9  GPIO_setAsPeripheralModuleFunctionInputPin 
00007111  GPIO_setAsPeripheralModuleFunctionOutputPin
00007169  SysCtl_getTLVInfo                          
00007271  prvTracePortGetTimeStamp                   
00007321  PCM_getCoreVoltageLevel                    
00007371  SPI_Init                                   
000074b1  writeBit                                   
00007551  f_mount                                    
00007721  vQueueWaitForMessageRestricted             
00007769  __TI_auto_init_nobinit_nopinit             
000077b1  getTemperature                             
000077f9  initI2C                                    
000078b9  eTaskConfirmSleepModeStatus                
000078f9  prvTraceError                              
000079b9  vPortEnterCritical                         
000079f9  PCM_getPowerMode                           
00007ab5  _c_int00_noargs                            
00007b29  vTaskPlaceOnEventList                      
00007b61  ADC14_enableSampleTimer                    
00007b99  SPI_Read                                   
00007bd1  SPI_Write                                  
00007c79  vListInsert                                
00007cb1  vT32_0_Handler                             
00007ce9  vT32_1_Handler                             
00007d21  vTaskStepTick                              
00007d55  ADC14_setSampleHoldTime                    
00007d89  FlashCtl_setWaitState                      
00007de9  vPortExitCritical                          
00007e19  ADC14_toggleConversionTrigger              
00007e49  CS_setDCOCenteredFrequency                 
00007e75  RTC_C_startClock                           
00007ed1  pxPortInitialiseStack                      
00007f31  xPortSysTickHandler                        
00007f61  xQueueIsQueueFullFromISR                   
00007f8d  ADC14_enableConversion                     
00007fb9  GPIO_Init                                  
00008059  uxListRemove                               
00008081  CS_clearInterruptFlag                      
000080d1  queueCreate                                
000080f9  vTraceStop                                 
00008149  CS_Init                                    
00008171  disk_read                                  
00008199  disk_write                                 
000081e9  MPU9250_initialize                         
00008209  REF_A_setReferenceVoltage                  
00008229  disk_ioctl                                 
00008249  prvMarkObjectAsUsed                        
000082c9  xTaskGetSchedulerState                     
00008309  vListInitialise                            
00008329  ADC14_getResult                            
00008389  main                                       
00008409  prvTraceSetQueueNumberHigh16               
00008429  prvTraceSetQueueNumberLow16                
00008449  prvTraceSetTaskNumberHigh16                
00008469  prvTraceSetTaskNumberLow16                 
00008489  CS_getMCLK                                 
000084b9  disk_initialize                            
000084d1  disk_status                                
000084e9  pvTaskIncrementMutexHeldCount              
00008531  vListInsertEnd                             
00008549  vTaskInternalSetTimeOutState               
00008591  xQueueCreateMutex                          
00008639  vApplicationMallocFailedHook               
00008651  vApplicationStackOverflowHook              
00008679  FPU_enableModule                           
00008689  GPIO_High                                  
00008699  GPIO_Low                                   
000086a9  Interrupt_enableMaster                     
000086b9  MPU9250_getMotion9                         
000086c9  vTaskSuspendAll                            
000086d9  __TI_decompress_none                       
000086f9  ADC14_enableModule                         
00008709  CPU_cpsie                                  
00008719  MMC_disk_status                            
00008729  MPU9250_setClockSource                     
00008739  PCM_getPowerState                          
00008745  REF_A_enableReferenceVoltage               
00008751  REF_A_enableTempSensor                     
00008761  SysCtl_getTempCalibrationConstant          
0000877d  __TI_zero_init                             
000087a9  prvTraceGetQueueNumberHigh16               
000087b9  prvTraceGetTaskNumberHigh16                
000087d9  setFullScaleAccelRange                     
000087e9  setFullScaleGyroRange                      
000087f9  vTaskMissedYield                           
00008809  prvTraceGetCurrentTaskHandle               
00008809  xTaskGetCurrentTaskHandle                  
00008819  xTaskGetTickCount                          
00008829  prvTraceGetQueueNumberLow16                
00008839  prvTraceGetTaskNumberLow16                 
00008849  setSleepEnabled                            
00008859  uxTaskGetTaskNumber                        
00008869  PCM_setCoreVoltageLevel                    
00008871  PCM_setPowerMode                           
00008879  prvTraceGetQueueType                       
00008879  ucQueueGetQueueType                        
00008881  vListInitialiseItem                        
00008889  vTaskSetTaskNumber                         
00008891  get_fattime                                
00008899  prvTraceGetQueueNumber                     
00008899  uxQueueGetQueueNumber                      
000088a1  vQueueSetQueueNumber                       
000088a9  vTraceStart                                
000088c9  vApplicationIdleHook                       
000088d1  vApplicationTickHook                       
000088d9  vPreSleepProcessing                        
0000895c  i2cConfig                                  
0000897c  ulMaxSyscallInterruptPriority              
000089f8  __TI_Handler_Table_Base                    
00008a04  __TI_Handler_Table_Limit                   
00008a10  __TI_CINIT_Base                            
00008a20  __TI_CINIT_Limit                           
2000c800  RecorderData                               
2000e118  sdDriver                                   
2000e348  file                                       
2000e570  obcData                                    
2000e738  imuData                                    
2000e777  fResult                                    
2000e814  bufferIMU                                  
2000e82e  cal30                                      
2000e85c  bw                                         
2000e860  calDifference                              
2000e864  init_hwtc_count                            
2000e868  time                                       
2000e86c  cal85                                      
2000ea00  objectHandleStacks                         
2000ea8e  MPU9250_devAddr                            
2000ea90  isPendingContextSwitch                     
2000ea98  uiTraceTickCount                           
2000ea9c  trace_disable_timestamp                    
2000eaa4  recorder_busy                              
2000eaa8  timestampFrequency                         
2000eaac  traceErrorMessage                          
2000eab0  nISRactive                                 
2000eab1  handle_of_last_logged_task                 
2000eab4  vTraceStopHookPtr                          
2000eab8  CurrentFilterMask                          
2000eaba  CurrentFilterGroup                         
2000eac0  RecorderDataPtr                            
2000eb10  pxCurrentTCB                               
2000eb74  SPI0MasterConfig                           
2000ebd4  buffer_timer                               
2000ebe0  xQueueIMU                                  
2000ebe4  semaphoreIMU                               
2000ebe8  TraceQueueClassTable                       
2000fce0  __stack                                    
20010000  __STACK_END                                
4000480c  WDTCTL_SYM                                 
ffffffff  __TI_pprof_out_hndl                        
ffffffff  __TI_prof_data_size                        
ffffffff  __TI_prof_data_start                       
ffffffff  __binit__                                  
ffffffff  __c_args__                                 
ffffffff  binit                                      
UNDEFED   __mpu_init                                 
UNDEFED   _system_post_cinit                         

[256 symbols]
