******************************************************************************
                  TI ARM Linker PC v18.1.1                     
******************************************************************************
>> Linked Mon Jun 24 22:25:02 2019

OUTPUT FILE NAME:   <Firmware_OBC.out>
ENTRY POINT SYMBOL: "_c_int00_noargs"  address: 000085bd


MEMORY CONFIGURATION

         name            origin    length      used     unused   attr    fill
----------------------  --------  ---------  --------  --------  ----  --------
  MAIN                  00000000   0003f000  000095a2  00035a5e  R  X
  MYDATA                0003f000   00001000  00000000  00001000  R  X
  INFO                  00200000   00004000  00000000  00004000  R  X
  SRAM_CODE             01000000   00010000  0000fe1f  000001e1  RW X
  SRAM_DATA             20000000   00010000  0000fe1f  000001e1  RW  


SEGMENT ALLOCATION MAP

run origin  load origin   length   init length attrs members
----------  ----------- ---------- ----------- ----- -------
00000000    00000000    000095a8   000095a8    r-x
  00000000    00000000    00000144   00000144    r-- .intvecs
  00000148    00000148    0000931a   0000931a    r-x .text
  00009464    00009464    000000ac   000000ac    r-- .const
  00009510    00009510    00000098   00000098    r-- .cinit
20000000    20000000    0000faff   00000000    rw-
  20000000    20000000    0000f77c   00000000    rw- .bss
  2000f77c    2000f77c    00000383   00000000    rw- .data
2000fce0    2000fce0    00000320   00000000    rw-
  2000fce0    2000fce0    00000320   00000000    rw- .stack


SECTION ALLOCATION MAP

 output                                  attributes/
section   page    origin      length       input sections
--------  ----  ----------  ----------   ----------------
.intvecs   0    00000000    00000144     
                  00000000    00000144     msp432_startup_ccs.obj (.intvecs:retain)

.text      0    00000148    0000931a     
                  00000148    0000035e     trcKernelPort.obj (.text:pszTraceGetErrorNotEnoughHandles)
                  000004a6    00000002     --HOLE-- [fill = 0]
                  000004a8    00000334     queue.obj (.text:xQueueSemaphoreTake)
                  000007dc    00000004     rtsv7M4_T_le_v4SPD16_eabi.lib : pre_init.c.obj (.text:_system_pre_init)
                  000007e0    00000314     dataStorage.obj (.text:dataStorage)
                  00000af4    00000004     rtsv7M4_T_le_v4SPD16_eabi.lib : exit.c.obj (.text:abort:abort)
                  00000af8    0000030c     queue.obj (.text:xQueueGenericSend)
                  00000e04    00000004     --HOLE-- [fill = 0]
                  00000e08    00000304     ff.obj (.text:find_volume)
                  0000110c    00000004     --HOLE-- [fill = 0]
                  00001110    000002ec     queue.obj (.text:xQueueReceive)
                  000013fc    00000004     --HOLE-- [fill = 0]
                  00001400    000001d2     ff.obj (.text:f_write)
                  000015d2    00000006     --HOLE-- [fill = 0]
                  000015d8    000001c8     trcSnapshotRecorder.obj (.text:prvTraceStoreKernelCallWithParam)
                  000017a0    000001c6     ff.obj (.text:f_open)
                  00001966    00000002     --HOLE-- [fill = 0]
                  00001968    000001c0     houseKeeping.obj (.text:houseKeeping)
                  00001b28    000001c0     IntQueue.obj (.text:xSecondTimerHandler)
                  00001ce8    000001b0     trcSnapshotRecorder.obj (.text:prvTraceInitTraceData)
                  00001e98    000001a0     trcSnapshotRecorder.obj (.text:prvTraceStoreKernelCall)
                  00002038    0000019c     mmc_MSP432P401r.obj (.text:MMC_disk_ioctl)
                  000021d4    00000004     --HOLE-- [fill = 0]
                  000021d8    00000198     tasks.obj (.text:xTaskIncrementTick)
                  00002370    00000188     queue.obj (.text:xQueueGenericSendFromISR)
                  000024f8    00000184     trcSnapshotRecorder.obj (.text:prvTraceGetDTS)
                  0000267c    00000160     msp432p4xx_driverlib.lib : adc14.o (.text:_getIndexForMemRegister)
                  000027dc    00000004     --HOLE-- [fill = 0]
                  000027e0    0000015c     mmc_MSP432P401r.obj (.text:MMC_disk_initialize)
                  0000293c    00000004     --HOLE-- [fill = 0]
                  00002940    0000014c     trcSnapshotRecorder.obj (.text:prvTraceGetObjectHandle)
                  00002a8c    00000004     --HOLE-- [fill = 0]
                  00002a90    00000148     cs.obj (.text:CS_getDCOFrequency)
                  00002bd8    00000148     trcSnapshotRecorder.obj (.text:prvCheckDataToBeOverwrittenForMultiEntryEvents)
                  00002d20    00000148     queue.obj (.text:xQueueReceiveFromISR)
                  00002e68    00000144     heap_4.obj (.text:pvPortMalloc)
                  00002fac    00000004     --HOLE-- [fill = 0]
                  00002fb0    00000140     tasks.obj (.text:prvAddNewTaskToReadyList)
                  000030f0    0000013c     port.obj (.text:vPortSuppressTicksAndSleep)
                  0000322c    00000004     --HOLE-- [fill = 0]
                  00003230    00000130     trcSnapshotRecorder.obj (.text:uiIndexOfObject)
                  00003360    00000130     IntQueue.obj (.text:xFirstTimerHandler)
                  00003490    0000012c     tasks.obj (.text:vTaskPriorityDisinheritAfterTimeout)
                  000035bc    00000004     --HOLE-- [fill = 0]
                  000035c0    0000012c     tasks.obj (.text:vTaskSuspend)
                  000036ec    00000004     --HOLE-- [fill = 0]
                  000036f0    0000012c     event_groups.obj (.text:xEventGroupWaitBits)
                  0000381c    00000004     --HOLE-- [fill = 0]
                  00003820    00000128     taskManager.obj (.text:prvTaskCreate)
                  00003948    00000128     tasks.obj (.text:xTaskResumeAll)
                  00003a70    00000124     tasks.obj (.text:vTaskNotifyGiveFromISR)
                  00003b94    00000004     --HOLE-- [fill = 0]
                  00003b98    00000120     tasks.obj (.text:xTaskPriorityDisinherit)
                  00003cb8    0000011c     cs.obj (.text:CS_initClockSignal)
                  00003dd4    00000004     --HOLE-- [fill = 0]
                  00003dd8    0000011c     houseKeeping.obj (.text:adcInit)
                  00003ef4    00000004     --HOLE-- [fill = 0]
                  00003ef8    00000118     trcKernelPort.obj (.text:vTraceInitObjectPropertyTable)
                  00004010    00000114     cs.obj (.text:_CSComputeCLKFrequency)
                  00004124    00000004     --HOLE-- [fill = 0]
                  00004128    00000110     trcSnapshotRecorder.obj (.text:prvTraceStoreKernelCallWithNumericParamOnly)
                  00004238    00000110     tasks.obj (.text:xTaskPriorityInherit)
                  00004348    0000010c     trcSnapshotRecorder.obj (.text:prvTraceSetObjectName)
                  00004454    00000004     --HOLE-- [fill = 0]
                  00004458    0000010c     MPU9250.obj (.text:readI2C)
                  00004564    00000004     --HOLE-- [fill = 0]
                  00004568    00000104     ff.obj (.text:create_chain)
                  0000466c    00000004     --HOLE-- [fill = 0]
                  00004670    00000103     ff.obj (.text:create_name)
                  00004773    00000005     --HOLE-- [fill = 0]
                  00004778    00000100     timers.obj (.text:prvProcessReceivedCommands)
                  00004878    00000100     tasks.obj (.text:vTaskDelayUntil)
                  00004978    000000fa     ff.obj (.text:put_fat)
                  00004a72    00000006     --HOLE-- [fill = 0]
                  00004a78    000000f4     trcSnapshotRecorder.obj (.text:prvTraceStoreTaskReady)
                  00004b6c    00000004     --HOLE-- [fill = 0]
                  00004b70    000000f4     taskManager.obj (.text:updateBatteryLevel)
                  00004c64    00000004     --HOLE-- [fill = 0]
                  00004c68    000000e8     trcSnapshotRecorder.obj (.text:uiTraceStart)
                  00004d50    000000e6     ff.obj (.text:dir_next)
                  00004e36    00000002     --HOLE-- [fill = 0]
                  00004e38    000000e4     trcSnapshotRecorder.obj (.text:prvTraceStoreTaskswitch)
                  00004f1c    00000004     --HOLE-- [fill = 0]
                  00004f20    000000dc     trcSnapshotRecorder.obj (.text:prvTraceGetPriorityProperty)
                  00004ffc    00000004     --HOLE-- [fill = 0]
                  00005000    000000dc     port.obj (.text:xPortStartScheduler)
                  000050dc    000000da     portasm.obj (.text)
                  000051b6    00000002     --HOLE-- [fill = 0]
                  000051b8    000000d8     trcSnapshotRecorder.obj (.text:prvTraceSetPriorityProperty)
                  00005290    000000d8     tasks.obj (.text:vTaskResume)
                  00005368    000000d4     tasks.obj (.text:vTaskSwitchContext)
                  0000543c    00000004     --HOLE-- [fill = 0]
                  00005440    000000d0     trcSnapshotRecorder.obj (.text:prvTraceGetObjectState)
                  00005510    000000cc     trcSnapshotRecorder.obj (.text:prvTraceSetObjectState)
                  000055dc    00000004     --HOLE-- [fill = 0]
                  000055e0    000000cc     trcKernelPort.obj (.text:vTraceInitObjectHandleStack)
                  000056ac    00000004     --HOLE-- [fill = 0]
                  000056b0    000000ca     ff.obj (.text:get_fat)
                  0000577a    00000006     --HOLE-- [fill = 0]
                  00005780    000000c0     tasks.obj (.text:xTaskRemoveFromEventList)
                  00005840    000000bc     mmc_MSP432P401r.obj (.text:MMC_disk_write)
                  000058fc    00000004     --HOLE-- [fill = 0]
                  00005900    000000bc     queue.obj (.text:prvInitialiseNewQueue)
                  000059bc    00000004     --HOLE-- [fill = 0]
                  000059c0    000000bc     trcSnapshotRecorder.obj (.text:vTraceStoreMemMangEvent)
                  00005a7c    00000004     --HOLE-- [fill = 0]
                  00005a80    000000b4     tasks.obj (.text:vTaskRemoveFromUnorderedEventList)
                  00005b34    00000004     --HOLE-- [fill = 0]
                  00005b38    000000b4     serial.obj (.text:vUART_Handler)
                  00005bec    00000004     --HOLE-- [fill = 0]
                  00005bf0    000000b4     MPU9250.obj (.text:writeI2C)
                  00005ca4    000000b0     msp432p4xx_driverlib.lib : spi.o (.text:SPI_initMaster)
                  00005d54    00000004     --HOLE-- [fill = 0]
                  00005d58    000000ae     tasks.obj (.text:prvInitialiseNewTask)
                  00005e06    00000002     --HOLE-- [fill = 0]
                  00005e08    000000ae     event_groups.obj (.text:xEventGroupSetBits)
                  00005eb6    00000002     --HOLE-- [fill = 0]
                  00005eb8    000000a8     trcSnapshotRecorder.obj (.text:prvTraceInitCortexM)
                  00005f60    000000a4     itoa.obj (.text:itoa)
                  00006004    00000004     --HOLE-- [fill = 0]
                  00006008    000000a4     trcSnapshotRecorder.obj (.text:vTraceEnable)
                  000060ac    00000004     --HOLE-- [fill = 0]
                  000060b0    000000a0     ff.obj (.text:dir_sdi)
                  00006150    0000009c     rtsv7M4_T_le_v4SPD16_eabi.lib : memcpy_t2.asm.obj (.text)
                  000061ec    00000004     --HOLE-- [fill = 0]
                  000061f0    0000009c     tasks.obj (.text:vTaskDelay)
                  0000628c    00000004     --HOLE-- [fill = 0]
                  00006290    00000098     ff.obj (.text:f_sync)
                  00006328    00000094     mmc_MSP432P401r.obj (.text:MMC_disk_read)
                  000063bc    00000004     --HOLE-- [fill = 0]
                  000063c0    00000094     timers.obj (.text:prvSwitchTimerLists)
                  00006454    00000004     --HOLE-- [fill = 0]
                  00006458    00000094     trcSnapshotRecorder.obj (.text:prvTraceGetParam)
                  000064ec    00000004     --HOLE-- [fill = 0]
                  000064f0    00000094     tasks.obj (.text:xTaskCheckForTimeOut)
                  00006584    00000004     --HOLE-- [fill = 0]
                  00006588    00000090     taskManager.obj (.text:prvSuspendAllTasks)
                  00006618    00000090     queue.obj (.text:xQueueGenericReset)
                  000066a8    0000008c     MPU9250.obj (.text:getMotion6)
                  00006734    00000004     --HOLE-- [fill = 0]
                  00006738    0000008c     ff.obj (.text:sync_fs)
                  000067c4    00000004     --HOLE-- [fill = 0]
                  000067c8    0000008c     heap_4.obj (.text:vPortFree)
                  00006854    00000004     --HOLE-- [fill = 0]
                  00006858    0000008c     watchDogTask.obj (.text:watchDogTask)
                  000068e4    00000004     --HOLE-- [fill = 0]
                  000068e8    0000008a     ff.obj (.text:check_fs)
                  00006972    00000006     --HOLE-- [fill = 0]
                  00006978    00000088     tasks.obj (.text:prvAddCurrentTaskToDelayedList)
                  00006a00    00000088     tasks.obj (.text:vTaskPlaceOnEventListRestricted)
                  00006a88    00000086     ff.obj (.text:follow_path)
                  00006b0e    00000002     --HOLE-- [fill = 0]
                  00006b10    00000084     tasks.obj (.text:prvIdleTask)
                  00006b94    00000004     --HOLE-- [fill = 0]
                  00006b98    00000084     tasks.obj (.text:vTaskStartScheduler)
                  00006c1c    00000004     --HOLE-- [fill = 0]
                  00006c20    00000080     ff.obj (.text:remove_chain)
                  00006ca0    00000080     taskManager.obj (.text:taskManager)
                  00006d20    0000007c     msp432p4xx_driverlib.lib : rtc_c.o (.text:RTC_C_getCalendarTime)
                  00006d9c    00000004     --HOLE-- [fill = 0]
                  00006da0    0000007c     trcSnapshotRecorder.obj (.text:prvTraceSetTaskInstanceFinished)
                  00006e1c    0000007a     rtsv7M4_T_le_v4SPD16_eabi.lib : memset_t2.asm.obj (.text)
                  00006e96    00000002     --HOLE-- [fill = 0]
                  00006e98    00000078     msp432p4xx_driverlib.lib : adc14.o (.text:ADC14_getMultiSequenceResult)
                  00006f10    00000078     main.obj (.text:prvSetupHardware)
                  00006f88    00000074     main.obj (.text:prvConfigureClocks)
                  00006ffc    00000004     --HOLE-- [fill = 0]
                  00007000    00000074     queue.obj (.text:xQueueGenericCreate)
                  00007074    00000004     --HOLE-- [fill = 0]
                  00007078    00000074     timers.obj (.text:xTimerGenericCommand)
                  000070ec    00000004     --HOLE-- [fill = 0]
                  000070f0    00000070     queue.obj (.text:prvCopyDataToQueue)
                  00007160    00000070     heap_4.obj (.text:prvHeapInit)
                  000071d0    00000070     tasks.obj (.text:prvInitialiseTaskLists)
                  00007240    00000070     timers.obj (.text:prvProcessTimerOrBlockTask)
                  000072b0    00000070     mmc_MSP432P401r.obj (.text:send_cmd)
                  00007320    0000006c     queue.obj (.text:prvUnlockQueue)
                  0000738c    00000068     msp432p4xx_driverlib.lib : i2c.o (.text:I2C_masterSendMultiByteStart)
                  000073f4    00000004     --HOLE-- [fill = 0]
                  000073f8    00000068     system_msp432p401r.obj (.text:SystemInit)
                  00007460    00000068     rtsv7M4_T_le_v4SPD16_eabi.lib : copy_decompress_lzss.c.obj (.text:decompress:lzss:__TI_decompress_lzss)
                  000074c8    00000068     dataStorage.obj (.text:initSD)
                  00007530    00000068     heap_4.obj (.text:prvInsertBlockIntoFreeList)
                  00007598    00000068     port.obj (.text:vPortSetupTimerInterrupt)
                  00007600    00000068     tasks.obj (.text:xTaskCreate)
                  00007668    00000066     ff.obj (.text:dir_clear)
                  000076ce    00000002     --HOLE-- [fill = 0]
                  000076d0    00000064     taskManager.obj (.text:prvResumeAllTasks)
                  00007734    00000004     --HOLE-- [fill = 0]
                  00007738    00000064     trcSnapshotRecorder.obj (.text:prvTraceNextFreeEventBufferSlot)
                  0000779c    00000004     --HOLE-- [fill = 0]
                  000077a0    00000064     port.obj (.text:vPortValidateInterruptPriority)
                  00007804    00000004     --HOLE-- [fill = 0]
                  00007808    00000060     timers.obj (.text:prvProcessExpiredTimer)
                  00007868    00000060     MPU9250.obj (.text:writeBits)
                  000078c8    00000060     mmc_MSP432P401r.obj (.text:xmit_datablock)
                  00007928    0000005c     tasks.obj (.text:vTaskPlaceOnUnorderedEventList)
                  00007984    00000004     --HOLE-- [fill = 0]
                  00007988    00000058     ttcTask.obj (.text:ttcTask)
                  000079e0    00000058     timers.obj (.text:xTimerCreateTimerTask)
                  00007a38    00000056     ff.obj (.text:dir_find)
                  00007a8e    00000002     --HOLE-- [fill = 0]
                  00007a90    00000054     gpio.obj (.text:GPIO_setAsPeripheralModuleFunctionInputPin)
                  00007ae4    00000004     --HOLE-- [fill = 0]
                  00007ae8    00000054     gpio.obj (.text:GPIO_setAsPeripheralModuleFunctionOutputPin)
                  00007b3c    00000004     --HOLE-- [fill = 0]
                  00007b40    00000054     sysctl.obj (.text:SysCtl_getTLVInfo)
                  00007b94    00000004     --HOLE-- [fill = 0]
                  00007b98    00000054     houseKeeping.obj (.text:getTemperature)
                  00007bec    00000004     --HOLE-- [fill = 0]
                  00007bf0    00000054     tasks.obj (.text:prvCheckTasksWaitingTermination)
                  00007c44    00000004     --HOLE-- [fill = 0]
                  00007c48    00000054     timers.obj (.text:prvInsertTimerInActiveList)
                  00007c9c    00000004     --HOLE-- [fill = 0]
                  00007ca0    00000054     trcSnapshotRecorder.obj (.text:prvTracePortGetTimeStamp)
                  00007cf4    00000004     --HOLE-- [fill = 0]
                  00007cf8    00000054     main.obj (.text:vPreSleepProcessing)
                  00007d4c    00000004     --HOLE-- [fill = 0]
                  00007d50    00000052     cs.obj (.text:_CSGetDividerValue)
                  00007da2    00000006     --HOLE-- [fill = 0]
                  00007da8    00000050     SPI_Driver.obj (.text:SPI_Init)
                  00007df8    00000050     cs.obj (.text:_CSGetDOCFrequency)
                  00007e48    00000050     ff.obj (.text:dbc_2nd)
                  00007e98    00000050     tasks.obj (.text:prvGetExpectedIdleTime)
                  00007ee8    00000050     taskManager.obj (.text:setOperationMode)
                  00007f38    00000050     MPU9250.obj (.text:writeBit)
                  00007f88    0000004e     ff.obj (.text:dir_alloc)
                  00007fd6    00000002     --HOLE-- [fill = 0]
                  00007fd8    0000004c     ff.obj (.text:f_mount)
                  00008024    00000004     --HOLE-- [fill = 0]
                  00008028    0000004c     timers.obj (.text:prvCheckForValidListAndQueue)
                  00008074    00000004     --HOLE-- [fill = 0]
                  00008078    0000004c     mmc_MSP432P401r.obj (.text:rcvr_datablock)
                  000080c4    00000004     --HOLE-- [fill = 0]
                  000080c8    00000048     ff.obj (.text:get_ldnumber)
                  00008110    00000048     main.obj (.text:main)
                  00008158    00000048     ff.obj (.text:sync_window)
                  000081a0    00000048     queue.obj (.text:vQueueWaitForMessageRestricted)
                  000081e8    00000044     rtsv7M4_T_le_v4SPD16_eabi.lib : autoinit.c.obj (.text:__TI_auto_init_nobinit_nopinit:__TI_auto_init_nobinit_nopinit)
                  0000822c    00000004     --HOLE-- [fill = 0]
                  00008230    00000044     dataStorage.obj (.text:getLocalTime)
                  00008274    00000004     --HOLE-- [fill = 0]
                  00008278    00000044     taskManager.obj (.text:prvQueueDataCreate)
                  000082bc    00000004     --HOLE-- [fill = 0]
                  000082c0    00000040     MPU9250.obj (.text:initI2C)
                  00008300    00000040     msp432p4xx_driverlib.lib : spi.o (.text:is_A_Module)
                  00008340    00000040     main.obj (.text:vPostSleepProcessing)
                  00008380    0000003e     mmc_MSP432P401r.obj (.text:send_cmd12)
                  000083be    00000002     --HOLE-- [fill = 0]
                  000083c0    0000003c     tasks.obj (.text:eTaskConfirmSleepModeStatus)
                  000083fc    00000004     --HOLE-- [fill = 0]
                  00008400    0000003c     tasks.obj (.text:prvTaskIsTaskSuspended)
                  0000843c    00000004     --HOLE-- [fill = 0]
                  00008440    0000003c     trcSnapshotRecorder.obj (.text:prvTraceError)
                  0000847c    00000004     --HOLE-- [fill = 0]
                  00008480    0000003c     trcSnapshotRecorder.obj (.text:prvTraceUpdateCounters)
                  000084bc    00000004     --HOLE-- [fill = 0]
                  000084c0    0000003c     mmc_MSP432P401r.obj (.text:send_initial_clock_train)
                  000084fc    00000004     --HOLE-- [fill = 0]
                  00008500    0000003c     port.obj (.text:vPortEnterCritical)
                  0000853c    00000004     --HOLE-- [fill = 0]
                  00008540    0000003a     ff.obj (.text:dir_register)
                  0000857a    00000006     --HOLE-- [fill = 0]
                  00008580    0000003a     ff.obj (.text:validate)
                  000085ba    00000002     --HOLE-- [fill = 0]
                  000085bc    00000038     rtsv7M4_T_le_v4SPD16_eabi.lib : boot_cortex_m.c.obj (.text:_c_int00_noargs:_c_int00_noargs)
                  000085f4    00000004     --HOLE-- [fill = 0]
                  000085f8    00000038     port.obj (.text:prvTaskExitError)
                  00008630    00000038     tasks.obj (.text:vTaskPlaceOnEventList)
                  00008668    00000034     SPI_Driver.obj (.text:SPI_Read)
                  0000869c    00000004     --HOLE-- [fill = 0]
                  000086a0    00000034     SPI_Driver.obj (.text:SPI_Write)
                  000086d4    00000004     --HOLE-- [fill = 0]
                  000086d8    00000034     aodcsTask.obj (.text:aodcsTask)
                  0000870c    00000004     --HOLE-- [fill = 0]
                  00008710    00000034     cameraTask.obj (.text:cameraTask)
                  00008744    00000004     --HOLE-- [fill = 0]
                  00008748    00000034     ff.obj (.text:dbc_1st)
                  0000877c    00000004     --HOLE-- [fill = 0]
                  00008780    00000034     taskManager.obj (.text:hibernate)
                  000087b4    00000004     --HOLE-- [fill = 0]
                  000087b8    00000034     ff.obj (.text:move_window)
                  000087ec    00000004     --HOLE-- [fill = 0]
                  000087f0    00000034     pptTask.obj (.text:pptTask)
                  00008824    00000004     --HOLE-- [fill = 0]
                  00008828    00000034     list.obj (.text:vListInsert)
                  0000885c    00000004     --HOLE-- [fill = 0]
                  00008860    00000034     IntQueueTimer.obj (.text:vT32_0_Handler)
                  00008894    00000004     --HOLE-- [fill = 0]
                  00008898    00000034     IntQueueTimer.obj (.text:vT32_1_Handler)
                  000088cc    00000004     --HOLE-- [fill = 0]
                  000088d0    00000034     tasks.obj (.text:vTaskStepTick)
                  00008904    00000004     --HOLE-- [fill = 0]
                  00008908    00000030     tasks.obj (.text:prvResetNextTaskUnblockTime)
                  00008938    00000030     port.obj (.text:vPortExitCritical)
                  00008968    0000002c     cs.obj (.text:CS_setDCOCenteredFrequency)
                  00008994    00000004     --HOLE-- [fill = 0]
                  00008998    0000002c     gpio.obj (.text:GPIO_setAsInputPinWithPullUpResistor)
                  000089c4    00000004     --HOLE-- [fill = 0]
                  000089c8    0000002c     main.obj (.text:configWakeUpPin)
                  000089f4    00000004     --HOLE-- [fill = 0]
                  000089f8    0000002c     timers.obj (.text:prvSampleTimeNow)
                  00008a24    00000004     --HOLE-- [fill = 0]
                  00008a28    0000002c     port.obj (.text:pxPortInitialiseStack)
                  00008a54    00000004     --HOLE-- [fill = 0]
                  00008a58    0000002c     mmc_MSP432P401r.obj (.text:rcvr_spi)
                  00008a84    00000004     --HOLE-- [fill = 0]
                  00008a88    0000002c     port.obj (.text:xPortSysTickHandler)
                  00008ab4    00000004     --HOLE-- [fill = 0]
                  00008ab8    0000002c     queue.obj (.text:xQueueIsQueueFullFromISR)
                  00008ae4    00000004     --HOLE-- [fill = 0]
                  00008ae8    00000028     GPIO_Driver.obj (.text:GPIO_Init)
                  00008b10    00000028     queue.obj (.text:prvCopyDataFromQueue)
                  00008b38    00000028     mmc_MSP432P401r.obj (.text:xmit_spi)
                  00008b60    00000026     ff.obj (.text:ld_clust)
                  00008b86    00000002     --HOLE-- [fill = 0]
                  00008b88    00000026     list.obj (.text:uxListRemove)
                  00008bae    00000002     --HOLE-- [fill = 0]
                  00008bb0    00000024     cs.obj (.text:CS_clearInterruptFlag)
                  00008bd4    00000004     --HOLE-- [fill = 0]
                  00008bd8    00000024     timers.obj (.text:prvGetNextExpireTime)
                  00008bfc    00000004     --HOLE-- [fill = 0]
                  00008c00    00000024     trcSnapshotRecorder.obj (.text:vTraceStop)
                  00008c24    00000004     --HOLE-- [fill = 0]
                  00008c28    00000024     mmc_MSP432P401r.obj (.text:wait_ready)
                  00008c4c    00000004     --HOLE-- [fill = 0]
                  00008c50    00000022     diskio.obj (.text:disk_read)
                  00008c72    00000006     --HOLE-- [fill = 0]
                  00008c78    00000022     diskio.obj (.text:disk_write)
                  00008c9a    00000006     --HOLE-- [fill = 0]
                  00008ca0    00000022     ff.obj (.text:st_clust)
                  00008cc2    00000006     --HOLE-- [fill = 0]
                  00008cc8    00000020     gpio.obj (.text:GPIO_setAsOutputPin)
                  00008ce8    00000020     MPU9250.obj (.text:MPU9250_initialize)
                  00008d08    00000020     sysctl.obj (.text:SysCtl_setWDTTimeoutResetType)
                  00008d28    00000020     diskio.obj (.text:disk_ioctl)
                  00008d48    00000020     main.obj (.text:prvCalendarConfiguration)
                  00008d68    00000020     trcSnapshotRecorder.obj (.text:prvMarkObjectAsUsed)
                  00008d88    00000020     IntQueue.obj (.text:prvRecordValue_NormallyEmpty)
                  00008da8    00000020     IntQueue.obj (.text:prvRecordValue_NormallyFull)
                  00008dc8    00000020     trcSnapshotRecorder.obj (.text:prvStrncpy)
                  00008de8    00000020     tasks.obj (.text:xTaskGetSchedulerState)
                  00008e08    0000001e     queue.obj (.text:prvIsQueueFull)
                  00008e26    00000002     --HOLE-- [fill = 0]
                  00008e28    0000001e     list.obj (.text:vListInitialise)
                  00008e46    00000002     --HOLE-- [fill = 0]
                  00008e48    0000001c     msp432p4xx_driverlib.lib : adc14.o (.text:ADC14_getResult)
                  00008e64    00000004     --HOLE-- [fill = 0]
                  00008e68    0000001c     ff.obj (.text:mem_cmp)
                  00008e84    00000004     --HOLE-- [fill = 0]
                  00008e88    0000001c     event_groups.obj (.text:prvTestWaitCondition)
                  00008ea4    00000004     --HOLE-- [fill = 0]
                  00008ea8    0000001a     ff.obj (.text:clst2sect)
                  00008ec2    00000006     --HOLE-- [fill = 0]
                  00008ec8    0000001a     queue.obj (.text:prvGetDisinheritPriorityAfterTimeout)
                  00008ee2    00000006     --HOLE-- [fill = 0]
                  00008ee8    0000001a     queue.obj (.text:prvIsQueueEmpty)
                  00008f02    00000006     --HOLE-- [fill = 0]
                  00008f08    0000001a     timers.obj (.text:prvTimerTask)
                  00008f22    00000006     --HOLE-- [fill = 0]
                  00008f28    0000001a     trcKernelPort.obj (.text:prvTraceSetQueueNumberHigh16)
                  00008f42    00000006     --HOLE-- [fill = 0]
                  00008f48    0000001a     trcKernelPort.obj (.text:prvTraceSetQueueNumberLow16)
                  00008f62    00000006     --HOLE-- [fill = 0]
                  00008f68    0000001a     trcKernelPort.obj (.text:prvTraceSetTaskNumberHigh16)
                  00008f82    00000006     --HOLE-- [fill = 0]
                  00008f88    0000001a     trcKernelPort.obj (.text:prvTraceSetTaskNumberLow16)
                  00008fa2    00000006     --HOLE-- [fill = 0]
                  00008fa8    0000001a     event_groups.obj (.text:xEventGroupCreate)
                  00008fc2    00000006     --HOLE-- [fill = 0]
                  00008fc8    00000018     cs.obj (.text:CS_getMCLK)
                  00008fe0    00000018     ff.obj (.text:chk_chr)
                  00008ff8    00000018     diskio.obj (.text:disk_initialize)
                  00009010    00000018     diskio.obj (.text:disk_status)
                  00009028    00000018     tasks.obj (.text:pvTaskIncrementMutexHeldCount)
                  00009040    00000018     msp432_startup_ccs.obj (.text:resetISR)
                  00009058    00000018     ff.obj (.text:st_dword)
                  00009070    00000018     tasks.obj (.text:uxTaskResetEventItemValue)
                  00009088    00000018     list.obj (.text:vListInsertEnd)
                  000090a0    00000018     tasks.obj (.text:vTaskInternalSetTimeOutState)
                  000090b8    00000016     ff.obj (.text:ld_dword)
                  000090ce    00000002     --HOLE-- [fill = 0]
                  000090d0    00000016     ff.obj (.text:mem_cpy)
                  000090e6    00000002     --HOLE-- [fill = 0]
                  000090e8    00000016     queue.obj (.text:xQueueCreateMutex)
                  000090fe    00000002     --HOLE-- [fill = 0]
                  00009100    00000014     gpio.obj (.text:GPIO_clearInterruptFlag)
                  00009114    00000004     --HOLE-- [fill = 0]
                  00009118    00000014     gpio.obj (.text:GPIO_enableInterrupt)
                  0000912c    00000004     --HOLE-- [fill = 0]
                  00009130    00000014     gpio.obj (.text:GPIO_setOutputLowOnPin)
                  00009144    00000004     --HOLE-- [fill = 0]
                  00009148    00000014     gpio.obj (.text:GPIO_toggleOutputOnPin)
                  0000915c    00000004     --HOLE-- [fill = 0]
                  00009160    00000014     mmc_MSP432P401r.obj (.text:power_on)
                  00009174    00000004     --HOLE-- [fill = 0]
                  00009178    00000014     queue.obj (.text:prvInitialiseMutex)
                  0000918c    00000004     --HOLE-- [fill = 0]
                  00009190    00000014     IntQueue.obj (.text:prvQueueAccessLogError)
                  000091a4    00000004     --HOLE-- [fill = 0]
                  000091a8    00000012     ff.obj (.text:mem_set)
                  000091ba    00000006     --HOLE-- [fill = 0]
                  000091c0    00000012     tasks.obj (.text:prvDeleteTCB)
                  000091d2    00000006     --HOLE-- [fill = 0]
                  000091d8    00000012     main.obj (.text:vApplicationMallocFailedHook)
                  000091ea    00000006     --HOLE-- [fill = 0]
                  000091f0    00000012     main.obj (.text:vApplicationStackOverflowHook)
                  00009202    00000006     --HOLE-- [fill = 0]
                  00009208    00000010     GPIO_Driver.obj (.text:GPIO_High)
                  00009218    00000010     GPIO_Driver.obj (.text:GPIO_Low)
                  00009228    00000010     MPU9250.obj (.text:MPU9250_getMotion9)
                  00009238    00000010     taskManager.obj (.text:prvWatchDogEventGroupCreate)
                  00009248    00000010     aodcsTask.obj (.text:setWatchDogBit_AODCS)
                  00009258    00000010     cameraTask.obj (.text:setWatchDogBit_CAMERA)
                  00009268    00000010     dataStorage.obj (.text:setWatchDogBit_DATASTORAGE)
                  00009278    00000010     houseKeeping.obj (.text:setWatchDogBit_HOUSEKEEPING)
                  00009288    00000010     pptTask.obj (.text:setWatchDogBit_PPT)
                  00009298    00000010     ttcTask.obj (.text:setWatchDogBit_TTC)
                  000092a8    00000010     main.obj (.text:vApplicationIdleHook)
                  000092b8    00000010     tasks.obj (.text:vTaskSuspendAll)
                  000092c8    0000000e     rtsv7M4_T_le_v4SPD16_eabi.lib : copy_decompress_none.c.obj (.text:decompress:none:__TI_decompress_none)
                  000092d6    00000002     --HOLE-- [fill = 0]
                  000092d8    0000000e     ff.obj (.text:st_word)
                  000092e6    00000002     --HOLE-- [fill = 0]
                  000092e8    0000000c     mmc_MSP432P401r.obj (.text:MMC_disk_status)
                  000092f4    00000004     --HOLE-- [fill = 0]
                  000092f8    0000000c     MPU9250.obj (.text:MPU9250_setClockSource)
                  00009304    00000004     --HOLE-- [fill = 0]
                  00009308    0000000c     sysctl.obj (.text:SysCtl_getTempCalibrationConstant)
                  00009314    00000004     --HOLE-- [fill = 0]
                  00009318    0000000c     mmc_MSP432P401r.obj (.text:chk_power)
                  00009324    0000000c     rtsv7M4_T_le_v4SPD16_eabi.lib : copy_zero_init.c.obj (.text:decompress:ZI:__TI_zero_init)
                  00009330    0000000c     ff.obj (.text:ld_word)
                  0000933c    00000004     --HOLE-- [fill = 0]
                  00009340    0000000c     mmc_MSP432P401r.obj (.text:power_off)
                  0000934c    00000004     --HOLE-- [fill = 0]
                  00009350    0000000c     trcKernelPort.obj (.text:prvTraceGetQueueNumberHigh16)
                  0000935c    00000004     --HOLE-- [fill = 0]
                  00009360    0000000c     trcKernelPort.obj (.text:prvTraceGetTaskNumberHigh16)
                  0000936c    00000004     --HOLE-- [fill = 0]
                  00009370    0000000c     mmc_MSP432P401r.obj (.text:rcvr_spi_m)
                  0000937c    00000004     --HOLE-- [fill = 0]
                  00009380    0000000c     MPU9250.obj (.text:setFullScaleAccelRange)
                  0000938c    00000004     --HOLE-- [fill = 0]
                  00009390    0000000c     MPU9250.obj (.text:setFullScaleGyroRange)
                  0000939c    00000004     --HOLE-- [fill = 0]
                  000093a0    0000000c     tasks.obj (.text:vTaskMissedYield)
                  000093ac    00000004     --HOLE-- [fill = 0]
                  000093b0    0000000c     tasks.obj (.text:xTaskGetCurrentTaskHandle)
                  000093bc    00000004     --HOLE-- [fill = 0]
                  000093c0    0000000c     tasks.obj (.text:xTaskGetTickCount)
                  000093cc    00000004     --HOLE-- [fill = 0]
                  000093d0    0000000a     trcKernelPort.obj (.text:prvTraceGetQueueNumberLow16)
                  000093da    00000006     --HOLE-- [fill = 0]
                  000093e0    0000000a     trcKernelPort.obj (.text:prvTraceGetTaskNumberLow16)
                  000093ea    00000006     --HOLE-- [fill = 0]
                  000093f0    0000000a     MPU9250.obj (.text:setSleepEnabled)
                  000093fa    00000006     --HOLE-- [fill = 0]
                  00009400    0000000a     tasks.obj (.text:uxTaskGetTaskNumber)
                  0000940a    00000006     --HOLE-- [fill = 0]
                  00009410    00000006     queue.obj (.text:ucQueueGetQueueType)
                  00009416    00000002     --HOLE-- [fill = 0]
                  00009418    00000006     list.obj (.text:vListInitialiseItem)
                  0000941e    00000002     --HOLE-- [fill = 0]
                  00009420    00000006     tasks.obj (.text:vTaskSetTaskNumber)
                  00009426    00000002     --HOLE-- [fill = 0]
                  00009428    00000004     mmc_MSP432P401r.obj (.text:get_fattime)
                  0000942c    00000004     --HOLE-- [fill = 0]
                  00009430    00000004     queue.obj (.text:uxQueueGetQueueNumber)
                  00009434    00000004     --HOLE-- [fill = 0]
                  00009438    00000004     queue.obj (.text:vQueueSetQueueNumber)
                  0000943c    00000004     --HOLE-- [fill = 0]
                  00009440    00000004     trcSnapshotRecorder.obj (.text:vTraceStart)
                  00009444    00000004     --HOLE-- [fill = 0]
                  00009448    00000002     msp432_startup_ccs.obj (.text:defaultISR)
                  0000944a    00000006     --HOLE-- [fill = 0]
                  00009450    00000002     msp432_startup_ccs.obj (.text:faultISR)
                  00009452    00000006     --HOLE-- [fill = 0]
                  00009458    00000002     msp432_startup_ccs.obj (.text:nmiISR)
                  0000945a    00000006     --HOLE-- [fill = 0]
                  00009460    00000002     main_blinky.obj (.text:vApplicationTickHook)

.const     0    00009464    000000ac     
                  00009464    00000080     msp432p4xx_driverlib.lib : adc14.o (.const:_ctlRegs)
                  000094e4    00000014     MPU9250.obj (.const:i2cConfig)
                  000094f8    0000000a     ff.obj (.const:.string:DbcTbl)
                  00009502    00000002     --HOLE-- [fill = 0]
                  00009504    00000008     port.obj (.const)
                  0000950c    00000004     serial.obj (.const)

.cinit     0    00009510    00000098     
                  00009510    00000071     (.cinit..data.load) [load image, compression = lzss]
                  00009581    00000003     --HOLE-- [fill = 0]
                  00009584    0000000c     (__TI_handler_table)
                  00009590    00000008     (.cinit..bss.load) [load image, compression = zero_init]
                  00009598    00000010     (__TI_cinit_table)

.init_array 
*          0    00000000    00000000     UNINITIALIZED

.binit     0    00000000    00000000     

.bss       0    20000000    0000f77c     UNINITIALIZED
                  20000000    0000c800     heap_4.obj (.bss:ucHeap)
                  2000c800    000028b8     (.common:RecorderData)
                  2000f0b8    00000230     (.common:sdDriver)
                  2000f2e8    00000228     (.common:file)
                  2000f510    00000084     (.common:obcData)
                  2000f594    00000064     tasks.obj (.bss:pxReadyTasksLists)
                  2000f5f8    0000003f     (.common:imuData)
                  2000f637    00000001     (.common:fResult)
                  2000f638    0000001c     main.obj (.bss:calendarConfig)
                  2000f654    00000014     timers.obj (.bss:xActiveTimerList1)
                  2000f668    00000014     timers.obj (.bss:xActiveTimerList2)
                  2000f67c    00000014     tasks.obj (.bss:xDelayedTaskList1)
                  2000f690    00000014     tasks.obj (.bss:xDelayedTaskList2)
                  2000f6a4    00000014     tasks.obj (.bss:xPendingReadyList)
                  2000f6b8    00000014     tasks.obj (.bss:xSuspendedTaskList)
                  2000f6cc    00000014     tasks.obj (.bss:xTasksWaitingTermination)
                  2000f6e0    00000010     (.common:bufferIMU)
                  2000f6f0    0000000c     (.common:resultsBuffer)
                  2000f6fc    00000009     mmc_MSP432P401r.obj (.bss)
                  2000f705    00000001     --HOLE--
                  2000f706    00000002     ff.obj (.bss)
                  2000f708    00000008     IntQueue.obj (.bss)
                  2000f710    00000008     cs.obj (.bss)
                  2000f718    00000008     tasks.obj (.bss)
                  2000f720    00000008     timers.obj (.bss)
                  2000f728    00000008     heap_4.obj (.bss:xStart)
                  2000f730    00000008     (.common:buffer)
                  2000f738    00000006     (.common:localTime)
                  2000f73e    00000002     (.common:cal30)
                  2000f740    00000004     ff.obj (.bss:FatFs)
                  2000f744    00000004     (.common:WATCHDOG_EVENT_GROUP)
                  2000f748    00000004     (.common:bw)
                  2000f74c    00000004     (.common:clock)
                  2000f750    00000004     (.common:flag_lowBattery)
                  2000f754    00000004     (.common:flag_systemMode)
                  2000f758    00000004     (.common:init_hwtc_count)
                  2000f75c    00000004     (.common:taskHandlerAodcs)
                  2000f760    00000004     (.common:taskHandlerCamera)
                  2000f764    00000004     (.common:taskHandlerDataStorage)
                  2000f768    00000004     (.common:taskHandlerHouseKeeping)
                  2000f76c    00000004     (.common:taskHandlerPpt)
                  2000f770    00000004     (.common:taskHandlerTtc)
                  2000f774    00000004     (.common:taskHandlerWatchDog)
                  2000f778    00000002     (.common:cal85)
                  2000f77a    00000002     (.common:calDifference)

.data      0    2000f77c    00000383     UNINITIALIZED
                  2000f77c    000000c8     IntQueue.obj (.data:ucNormallyEmptyReceivedValues)
                  2000f844    000000c8     IntQueue.obj (.data:ucNormallyFullReceivedValues)
                  2000f90c    0000008e     trcSnapshotRecorder.obj (.data:objectHandleStacks)
                  2000f99a    00000002     MPU9250.obj (.data)
                  2000f99c    00000044     trcSnapshotRecorder.obj (.data)
                  2000f9e0    0000003c     IntQueue.obj (.data)
                  2000fa1c    00000034     tasks.obj (.data)
                  2000fa50    00000030     gpio.obj (.data:GPIO_PORT_TO_BASE)
                  2000fa80    0000001c     dataStorage.obj (.data:SPI0MasterConfig)
                  2000fa9c    00000018     port.obj (.data)
                  2000fab4    00000018     taskManager.obj (.data)
                  2000facc    00000010     heap_4.obj (.data)
                  2000fadc    00000010     serial.obj (.data)
                  2000faec    0000000c     timers.obj (.data)
                  2000faf8    00000005     trcKernelPort.obj (.data:TraceQueueClassTable)
                  2000fafd    00000002     mmc_MSP432P401r.obj (.data)

.stack     0    2000fce0    00000320     UNINITIALIZED
                  2000fce0    00000004     rtsv7M4_T_le_v4SPD16_eabi.lib : boot_cortex_m.c.obj (.stack)
                  2000fce4    0000031c     --HOLE--

MODULE SUMMARY

       Module                       code    ro data   rw data
       ------                       ----    -------   -------
    .\
       main.obj                     584     0         400    
    +--+----------------------------+-------+---------+---------+
       Total:                       584     0         400    
                                                             
    .\FreeRTOS_Source\
       tasks.obj                    5484    0         520    
       queue.obj                    4030    0         0      
       timers.obj                   1082    0         120    
       event_groups.obj             528     0         0      
       list.obj                     150     0         0      
    +--+----------------------------+-------+---------+---------+
       Total:                       11274   0         640    
                                                             
    .\FreeRTOS_Source\portable\CCS\ARM_CM4F\
       port.obj                     992     8         48     
       portasm.obj                  218     0         0      
    +--+----------------------------+-------+---------+---------+
       Total:                       1210    8         48     
                                                             
    .\FreeRTOS_Source\portable\MemMang\
       heap_4.obj                   680     0         102448 
    +--+----------------------------+-------+---------+---------+
       Total:                       680     0         102448 
                                                             
    .\Full_Demo\
       serial.obj                   180     4         32     
       IntQueueTimer.obj            104     0         0      
    +--+----------------------------+-------+---------+---------+
       Total:                       284     4         32     
                                                             
    .\Full_Demo\Standard_Demo_Tasks\
       IntQueue.obj                 836     0         936    
    +--+----------------------------+-------+---------+---------+
       Total:                       836     0         936    
                                                             
    .\SimplyBlinkyDemo\
       main_blinky.obj              2       0         0      
    +--+----------------------------+-------+---------+---------+
       Total:                       2       0         0      
                                                             
    .\Tracealyzer\
       trcSnapshotRecorder.obj      5948    0         21276  
       trcKernelPort.obj            1494    0         10     
    +--+----------------------------+-------+---------+---------+
       Total:                       7442    0         21286  
                                                             
    .\driverlib\
       cs.obj                       1154    0         16     
       gpio.obj                     324     0         96     
       sysctl.obj                   128     0         0      
    +--+----------------------------+-------+---------+---------+
       Total:                       1606    0         112    
                                                             
    .\interface\
       MPU9250.obj                  922     20        36     
    +--+----------------------------+-------+---------+---------+
       Total:                       922     20        36     
                                                             
    .\src\
       dataStorage.obj              976     0         2444   
       taskManager.obj              1128    0         56     
       houseKeeping.obj             832     0         36     
       watchDogTask.obj             140     0         0      
       ttcTask.obj                  104     0         0      
       aodcsTask.obj                68      0         0      
       cameraTask.obj               68      0         0      
       pptTask.obj                  68      0         0      
    +--+----------------------------+-------+---------+---------+
       Total:                       3384    0         2536   
                                                             
    .\system\CCS\
       msp432_startup_ccs.obj       30      324       0      
       system_msp432p401r.obj       104     0         0      
    +--+----------------------------+-------+---------+---------+
       Total:                       134     324       0      
                                                             
    .\util\
       itoa.obj                     164     0         0      
    +--+----------------------------+-------+---------+---------+
       Total:                       164     0         0      
                                                             
    .\util\Hardware\
       SPI_Driver.obj               184     0         0      
       GPIO_Driver.obj              72      0         0      
    +--+----------------------------+-------+---------+---------+
       Total:                       256     0         0      
                                                             
    .\util\fatfs\
       ff.obj                       4793    10        12     
       mmc_MSP432P401r.obj          1694    0         22     
       diskio.obj                   148     0         0      
    +--+----------------------------+-------+---------+---------+
       Total:                       6635    10        34     
                                                             
    C:/ti/simplelink_msp432p4_sdk_2_40_00_10/source/ti/devices/msp432p4xx/driverlib/ccs/msp432p4xx_driverlib.lib
       adc14.o                      500     128       0      
       spi.o                        240     0         0      
       rtc_c.o                      124     0         0      
       i2c.o                        104     0         0      
    +--+----------------------------+-------+---------+---------+
       Total:                       968     128       0      
                                                             
    C:\ti\ccsv8\tools\compiler\ti-cgt-arm_18.1.1.LTS\lib\rtsv7M4_T_le_v4SPD16_eabi.lib
       memcpy_t2.asm.obj            156     0         0      
       memset_t2.asm.obj            122     0         0      
       copy_decompress_lzss.c.obj   104     0         0      
       autoinit.c.obj               68      0         0      
       boot_cortex_m.c.obj          56      0         0      
       copy_decompress_none.c.obj   14      0         0      
       copy_zero_init.c.obj         12      0         0      
       exit.c.obj                   4       0         0      
       pre_init.c.obj               4       0         0      
    +--+----------------------------+-------+---------+---------+
       Total:                       540     0         0      
                                                             
       Stack:                       0       0         1600   
       Linker Generated:            0       149       0      
    +--+----------------------------+-------+---------+---------+
       Grand Total:                 36921   643       130108 


LINKER GENERATED COPY TABLES

__TI_cinit_table @ 00009598 records: 2, size/record: 8, table size: 16
	.data: load addr=00009510, load size=00000071 bytes, run addr=2000f77c, run size=00000383 bytes, compression=lzss
	.bss: load addr=00009590, load size=00000008 bytes, run addr=20000000, run size=0000f77c bytes, compression=zero_init


LINKER GENERATED HANDLER TABLE

__TI_handler_table @ 00009584 records: 3, size/record: 4, table size: 12
	index: 0, handler: __TI_decompress_lzss
	index: 1, handler: __TI_decompress_none
	index: 2, handler: __TI_zero_init


GLOBAL SYMBOLS: SORTED ALPHABETICALLY BY Name 

address   name                                       
-------   ----                                       
00004b71  ADC14_IRQHandler                           
00006e99  ADC14_getMultiSequenceResult               
00008e49  ADC14_getResult                            
00000af5  C$$EXIT                                    
00008bb1  CS_clearInterruptFlag                      
00002a91  CS_getDCOFrequency                         
00008fc9  CS_getMCLK                                 
00003cb9  CS_initClockSignal                         
00008969  CS_setDCOCenteredFrequency                 
2000f9c6  CurrentFilterGroup                         
2000f9c4  CurrentFilterMask                          
00009209  GPIO_High                                  
00008ae9  GPIO_Init                                  
00009219  GPIO_Low                                   
00009101  GPIO_clearInterruptFlag                    
00009119  GPIO_enableInterrupt                       
00008999  GPIO_setAsInputPinWithPullUpResistor       
00008cc9  GPIO_setAsOutputPin                        
00007a91  GPIO_setAsPeripheralModuleFunctionInputPin 
00007ae9  GPIO_setAsPeripheralModuleFunctionOutputPin
00009131  GPIO_setOutputLowOnPin                     
00009149  GPIO_toggleOutputOnPin                     
0000738d  I2C_masterSendMultiByteStart               
000027e1  MMC_disk_initialize                        
00002039  MMC_disk_ioctl                             
00006329  MMC_disk_read                              
000092e9  MMC_disk_status                            
00005841  MMC_disk_write                             
2000f99a  MPU9250_devAddr                            
00009229  MPU9250_getMotion9                         
00008ce9  MPU9250_initialize                         
000092f9  MPU9250_setClockSource                     
00006d21  RTC_C_getCalendarTime                      
2000c800  RecorderData                               
2000f9cc  RecorderDataPtr                            
2000fa80  SPI0MasterConfig                           
00007da9  SPI_Init                                   
00008669  SPI_Read                                   
000086a1  SPI_Write                                  
00005ca5  SPI_initMaster                             
00007b41  SysCtl_getTLVInfo                          
00009309  SysCtl_getTempCalibrationConstant          
00008d09  SysCtl_setWDTTimeoutResetType              
000073f9  SystemInit                                 
2000faf8  TraceQueueClassTable                       
2000f744  WATCHDOG_EVENT_GROUP                       
4000480c  WDTCTL_SYM                                 
00008d09  WDT_A_setTimeoutReset                      
20010000  __STACK_END                                
00000320  __STACK_SIZE                               
00009598  __TI_CINIT_Base                            
000095a8  __TI_CINIT_Limit                           
00009584  __TI_Handler_Table_Base                    
00009590  __TI_Handler_Table_Limit                   
000081e9  __TI_auto_init_nobinit_nopinit             
00007461  __TI_decompress_lzss                       
000092c9  __TI_decompress_none                       
ffffffff  __TI_pprof_out_hndl                        
ffffffff  __TI_prof_data_size                        
ffffffff  __TI_prof_data_start                       
00000000  __TI_static_base__                         
00009325  __TI_zero_init                             
00006e1d  __aeabi_memclr                             
00006e1d  __aeabi_memclr4                            
00006e1d  __aeabi_memclr8                            
00006151  __aeabi_memcpy                             
00006151  __aeabi_memcpy4                            
00006151  __aeabi_memcpy8                            
00006e1f  __aeabi_memset                             
00006e1f  __aeabi_memset4                            
00006e1f  __aeabi_memset8                            
ffffffff  __binit__                                  
ffffffff  __c_args__                                 
UNDEFED   __mpu_init                                 
2000fce0  __stack                                    
000085bd  _c_int00_noargs                            
UNDEFED   _system_post_cinit                         
000007dd  _system_pre_init                           
00000af5  abort                                      
00003dd9  adcInit                                    
2000faca  adcInitDelay                               
000086d9  aodcsTask                                  
2000fac8  batteryValue                               
ffffffff  binit                                      
2000f730  buffer                                     
2000f6e0  bufferIMU                                  
2000f748  bw                                         
2000f73e  cal30                                      
2000f778  cal85                                      
2000f77a  calDifference                              
00008711  cameraTask                                 
2000f74c  clock                                      
000089c9  configWakeUpPin                            
000007e1  dataStorage                                
00008ff9  disk_initialize                            
00008d29  disk_ioctl                                 
00008c51  disk_read                                  
00009011  disk_status                                
00008c79  disk_write                                 
000083c1  eTaskConfirmSleepModeStatus                
2000f637  fResult                                    
00007fd9  f_mount                                    
000017a1  f_open                                     
00006291  f_sync                                     
00001401  f_write                                    
2000f2e8  file                                       
2000f750  flag_lowBattery                            
2000f754  flag_systemMode                            
00008231  getLocalTime                               
000066a9  getMotion6                                 
00007b99  getTemperature                             
00009429  get_fattime                                
2000f9bd  handle_of_last_logged_task                 
00008781  hibernate                                  
00001969  houseKeeping                               
000094e4  i2cConfig                                  
2000f5f8  imuData                                    
000082c1  initI2C                                    
000074c9  initSD                                     
2000f758  init_hwtc_count                            
00000000  interruptVectors                           
2000f99c  isPendingContextSwitch                     
00005f61  itoa                                       
2000f738  localTime                                  
00008111  main                                       
00006151  memcpy                                     
00006e25  memset                                     
2000f9bc  nISRactive                                 
2000f510  obcData                                    
2000f90c  objectHandleStacks                         
000087f1  pptTask                                    
00008d49  prvCalendarConfiguration                   
00008d69  prvMarkObjectAsUsed                        
00008279  prvQueueDataCreate                         
000076d1  prvResumeAllTasks                          
00006589  prvSuspendAllTasks                         
00003821  prvTaskCreate                              
00008441  prvTraceError                              
000093b1  prvTraceGetCurrentTaskHandle               
00002941  prvTraceGetObjectHandle                    
00004f21  prvTraceGetPriorityProperty                
00009431  prvTraceGetQueueNumber                     
00009351  prvTraceGetQueueNumberHigh16               
000093d1  prvTraceGetQueueNumberLow16                
00009411  prvTraceGetQueueType                       
00009361  prvTraceGetTaskNumberHigh16                
000093e1  prvTraceGetTaskNumberLow16                 
00005eb9  prvTraceInitCortexM                        
00007ca1  prvTracePortGetTimeStamp                   
00004349  prvTraceSetObjectName                      
00005511  prvTraceSetObjectState                     
000051b9  prvTraceSetPriorityProperty                
00008f29  prvTraceSetQueueNumberHigh16               
00008f49  prvTraceSetQueueNumberLow16                
00006da1  prvTraceSetTaskInstanceFinished            
00008f69  prvTraceSetTaskNumberHigh16                
00008f89  prvTraceSetTaskNumberLow16                 
00001e99  prvTraceStoreKernelCall                    
00004129  prvTraceStoreKernelCallWithNumericParamOnly
000015d9  prvTraceStoreKernelCallWithParam           
00004a79  prvTraceStoreTaskReady                     
00004e39  prvTraceStoreTaskswitch                    
00009239  prvWatchDogEventGroupCreate                
00000149  pszTraceGetErrorNotEnoughHandles           
00002e69  pvPortMalloc                               
00009029  pvTaskIncrementMutexHeldCount              
2000fa1c  pxCurrentTCB                               
00008a29  pxPortInitialiseStack                      
00004459  readI2C                                    
2000f9b0  recorder_busy                              
2000f6f0  resultsBuffer                              
2000f0b8  sdDriver                                   
2000fac0  semaphoreIMU                               
2000fac4  semaphoreSystem                            
00009381  setFullScaleAccelRange                     
00009391  setFullScaleGyroRange                      
00007ee9  setOperationMode                           
000093f1  setSleepEnabled                            
00009249  setWatchDogBit_AODCS                       
00009259  setWatchDogBit_CAMERA                      
00009269  setWatchDogBit_DATASTORAGE                 
00009279  setWatchDogBit_HOUSEKEEPING                
00009289  setWatchDogBit_PPT                         
00009299  setWatchDogBit_TTC                         
2000f75c  taskHandlerAodcs                           
2000f760  taskHandlerCamera                          
2000f764  taskHandlerDataStorage                     
2000f768  taskHandlerHouseKeeping                    
2000f76c  taskHandlerPpt                             
2000f770  taskHandlerTtc                             
2000f774  taskHandlerWatchDog                        
00006ca1  taskManager                                
2000f9b4  timestampFrequency                         
2000f9b8  traceErrorMessage                          
2000f9a8  trace_disable_timestamp                    
00007989  ttcTask                                    
00009411  ucQueueGetQueueType                        
00003231  uiIndexOfObject                            
00004c69  uiTraceStart                               
2000f9a4  uiTraceTickCount                           
00009504  ulMaxSyscallInterruptPriority              
000050ed  ulPortGetIPSR                              
00004b71  updateBatteryLevel                         
00008b89  uxListRemove                               
00009431  uxQueueGetQueueNumber                      
00009401  uxTaskGetTaskNumber                        
00009071  uxTaskResetEventItemValue                  
000092a9  vApplicationIdleHook                       
000091d9  vApplicationMallocFailedHook               
000091f1  vApplicationStackOverflowHook              
00009461  vApplicationTickHook                       
00008e29  vListInitialise                            
00009419  vListInitialiseItem                        
00008829  vListInsert                                
00009089  vListInsertEnd                             
000051a9  vPortEnableVFP                             
00008501  vPortEnterCritical                         
00008939  vPortExitCritical                          
000067c9  vPortFree                                  
00005165  vPortSVCHandler                            
00007599  vPortSetupTimerInterrupt                   
00005185  vPortStartFirstTask                        
000030f1  vPortSuppressTicksAndSleep                 
000077a1  vPortValidateInterruptPriority             
00008341  vPostSleepProcessing                       
00007cf9  vPreSleepProcessing                        
00009439  vQueueSetQueueNumber                       
000081a1  vQueueWaitForMessageRestricted             
00008861  vT32_0_Handler                             
00008899  vT32_1_Handler                             
000061f1  vTaskDelay                                 
00004879  vTaskDelayUntil                            
000090a1  vTaskInternalSetTimeOutState               
000093a1  vTaskMissedYield                           
00003a71  vTaskNotifyGiveFromISR                     
00008631  vTaskPlaceOnEventList                      
00006a01  vTaskPlaceOnEventListRestricted            
00007929  vTaskPlaceOnUnorderedEventList             
00003491  vTaskPriorityDisinheritAfterTimeout        
00005a81  vTaskRemoveFromUnorderedEventList          
00005291  vTaskResume                                
00009421  vTaskSetTaskNumber                         
00006b99  vTaskStartScheduler                        
000088d1  vTaskStepTick                              
000035c1  vTaskSuspend                               
000092b9  vTaskSuspendAll                            
00005369  vTaskSwitchContext                         
00006009  vTraceEnable                               
000055e1  vTraceInitObjectHandleStack                
00003ef9  vTraceInitObjectPropertyTable              
00009441  vTraceStart                                
00008c01  vTraceStop                                 
2000f9c0  vTraceStopHookPtr                          
000059c1  vTraceStoreMemMangEvent                    
00005b39  vUART_Handler                              
2000facb  wakeState                                  
00006859  watchDogTask                               
00007f39  writeBit                                   
00007869  writeBits                                  
00005bf1  writeI2C                                   
00008fa9  xEventGroupCreate                          
00005e09  xEventGroupSetBits                         
000036f1  xEventGroupWaitBits                        
00003361  xFirstTimerHandler                         
00005105  xPortPendSVHandler                         
00005001  xPortStartScheduler                        
00008a89  xPortSysTickHandler                        
000090e9  xQueueCreateMutex                          
2000fab8  xQueueDataObc                              
00007001  xQueueGenericCreate                        
00006619  xQueueGenericReset                         
00000af9  xQueueGenericSend                          
00002371  xQueueGenericSendFromISR                   
2000fab4  xQueueIMU                                  
00008ab9  xQueueIsQueueFullFromISR                   
00001111  xQueueReceive                              
00002d21  xQueueReceiveFromISR                       
000004a9  xQueueSemaphoreTake                        
2000fabc  xQueueSystem                               
00001b29  xSecondTimerHandler                        
000064f1  xTaskCheckForTimeOut                       
00007601  xTaskCreate                                
000093b1  xTaskGetCurrentTaskHandle                  
00008de9  xTaskGetSchedulerState                     
000093c1  xTaskGetTickCount                          
000021d9  xTaskIncrementTick                         
00003b99  xTaskPriorityDisinherit                    
00004239  xTaskPriorityInherit                       
00005781  xTaskRemoveFromEventList                   
00003949  xTaskResumeAll                             
000079e1  xTimerCreateTimerTask                      
00007079  xTimerGenericCommand                       


GLOBAL SYMBOLS: SORTED BY Symbol Address 

address   name                                       
-------   ----                                       
00000000  __TI_static_base__                         
00000000  interruptVectors                           
00000149  pszTraceGetErrorNotEnoughHandles           
00000320  __STACK_SIZE                               
000004a9  xQueueSemaphoreTake                        
000007dd  _system_pre_init                           
000007e1  dataStorage                                
00000af5  C$$EXIT                                    
00000af5  abort                                      
00000af9  xQueueGenericSend                          
00001111  xQueueReceive                              
00001401  f_write                                    
000015d9  prvTraceStoreKernelCallWithParam           
000017a1  f_open                                     
00001969  houseKeeping                               
00001b29  xSecondTimerHandler                        
00001e99  prvTraceStoreKernelCall                    
00002039  MMC_disk_ioctl                             
000021d9  xTaskIncrementTick                         
00002371  xQueueGenericSendFromISR                   
000027e1  MMC_disk_initialize                        
00002941  prvTraceGetObjectHandle                    
00002a91  CS_getDCOFrequency                         
00002d21  xQueueReceiveFromISR                       
00002e69  pvPortMalloc                               
000030f1  vPortSuppressTicksAndSleep                 
00003231  uiIndexOfObject                            
00003361  xFirstTimerHandler                         
00003491  vTaskPriorityDisinheritAfterTimeout        
000035c1  vTaskSuspend                               
000036f1  xEventGroupWaitBits                        
00003821  prvTaskCreate                              
00003949  xTaskResumeAll                             
00003a71  vTaskNotifyGiveFromISR                     
00003b99  xTaskPriorityDisinherit                    
00003cb9  CS_initClockSignal                         
00003dd9  adcInit                                    
00003ef9  vTraceInitObjectPropertyTable              
00004129  prvTraceStoreKernelCallWithNumericParamOnly
00004239  xTaskPriorityInherit                       
00004349  prvTraceSetObjectName                      
00004459  readI2C                                    
00004879  vTaskDelayUntil                            
00004a79  prvTraceStoreTaskReady                     
00004b71  ADC14_IRQHandler                           
00004b71  updateBatteryLevel                         
00004c69  uiTraceStart                               
00004e39  prvTraceStoreTaskswitch                    
00004f21  prvTraceGetPriorityProperty                
00005001  xPortStartScheduler                        
000050ed  ulPortGetIPSR                              
00005105  xPortPendSVHandler                         
00005165  vPortSVCHandler                            
00005185  vPortStartFirstTask                        
000051a9  vPortEnableVFP                             
000051b9  prvTraceSetPriorityProperty                
00005291  vTaskResume                                
00005369  vTaskSwitchContext                         
00005511  prvTraceSetObjectState                     
000055e1  vTraceInitObjectHandleStack                
00005781  xTaskRemoveFromEventList                   
00005841  MMC_disk_write                             
000059c1  vTraceStoreMemMangEvent                    
00005a81  vTaskRemoveFromUnorderedEventList          
00005b39  vUART_Handler                              
00005bf1  writeI2C                                   
00005ca5  SPI_initMaster                             
00005e09  xEventGroupSetBits                         
00005eb9  prvTraceInitCortexM                        
00005f61  itoa                                       
00006009  vTraceEnable                               
00006151  __aeabi_memcpy                             
00006151  __aeabi_memcpy4                            
00006151  __aeabi_memcpy8                            
00006151  memcpy                                     
000061f1  vTaskDelay                                 
00006291  f_sync                                     
00006329  MMC_disk_read                              
000064f1  xTaskCheckForTimeOut                       
00006589  prvSuspendAllTasks                         
00006619  xQueueGenericReset                         
000066a9  getMotion6                                 
000067c9  vPortFree                                  
00006859  watchDogTask                               
00006a01  vTaskPlaceOnEventListRestricted            
00006b99  vTaskStartScheduler                        
00006ca1  taskManager                                
00006d21  RTC_C_getCalendarTime                      
00006da1  prvTraceSetTaskInstanceFinished            
00006e1d  __aeabi_memclr                             
00006e1d  __aeabi_memclr4                            
00006e1d  __aeabi_memclr8                            
00006e1f  __aeabi_memset                             
00006e1f  __aeabi_memset4                            
00006e1f  __aeabi_memset8                            
00006e25  memset                                     
00006e99  ADC14_getMultiSequenceResult               
00007001  xQueueGenericCreate                        
00007079  xTimerGenericCommand                       
0000738d  I2C_masterSendMultiByteStart               
000073f9  SystemInit                                 
00007461  __TI_decompress_lzss                       
000074c9  initSD                                     
00007599  vPortSetupTimerInterrupt                   
00007601  xTaskCreate                                
000076d1  prvResumeAllTasks                          
000077a1  vPortValidateInterruptPriority             
00007869  writeBits                                  
00007929  vTaskPlaceOnUnorderedEventList             
00007989  ttcTask                                    
000079e1  xTimerCreateTimerTask                      
00007a91  GPIO_setAsPeripheralModuleFunctionInputPin 
00007ae9  GPIO_setAsPeripheralModuleFunctionOutputPin
00007b41  SysCtl_getTLVInfo                          
00007b99  getTemperature                             
00007ca1  prvTracePortGetTimeStamp                   
00007cf9  vPreSleepProcessing                        
00007da9  SPI_Init                                   
00007ee9  setOperationMode                           
00007f39  writeBit                                   
00007fd9  f_mount                                    
00008111  main                                       
000081a1  vQueueWaitForMessageRestricted             
000081e9  __TI_auto_init_nobinit_nopinit             
00008231  getLocalTime                               
00008279  prvQueueDataCreate                         
000082c1  initI2C                                    
00008341  vPostSleepProcessing                       
000083c1  eTaskConfirmSleepModeStatus                
00008441  prvTraceError                              
00008501  vPortEnterCritical                         
000085bd  _c_int00_noargs                            
00008631  vTaskPlaceOnEventList                      
00008669  SPI_Read                                   
000086a1  SPI_Write                                  
000086d9  aodcsTask                                  
00008711  cameraTask                                 
00008781  hibernate                                  
000087f1  pptTask                                    
00008829  vListInsert                                
00008861  vT32_0_Handler                             
00008899  vT32_1_Handler                             
000088d1  vTaskStepTick                              
00008939  vPortExitCritical                          
00008969  CS_setDCOCenteredFrequency                 
00008999  GPIO_setAsInputPinWithPullUpResistor       
000089c9  configWakeUpPin                            
00008a29  pxPortInitialiseStack                      
00008a89  xPortSysTickHandler                        
00008ab9  xQueueIsQueueFullFromISR                   
00008ae9  GPIO_Init                                  
00008b89  uxListRemove                               
00008bb1  CS_clearInterruptFlag                      
00008c01  vTraceStop                                 
00008c51  disk_read                                  
00008c79  disk_write                                 
00008cc9  GPIO_setAsOutputPin                        
00008ce9  MPU9250_initialize                         
00008d09  SysCtl_setWDTTimeoutResetType              
00008d09  WDT_A_setTimeoutReset                      
00008d29  disk_ioctl                                 
00008d49  prvCalendarConfiguration                   
00008d69  prvMarkObjectAsUsed                        
00008de9  xTaskGetSchedulerState                     
00008e29  vListInitialise                            
00008e49  ADC14_getResult                            
00008f29  prvTraceSetQueueNumberHigh16               
00008f49  prvTraceSetQueueNumberLow16                
00008f69  prvTraceSetTaskNumberHigh16                
00008f89  prvTraceSetTaskNumberLow16                 
00008fa9  xEventGroupCreate                          
00008fc9  CS_getMCLK                                 
00008ff9  disk_initialize                            
00009011  disk_status                                
00009029  pvTaskIncrementMutexHeldCount              
00009071  uxTaskResetEventItemValue                  
00009089  vListInsertEnd                             
000090a1  vTaskInternalSetTimeOutState               
000090e9  xQueueCreateMutex                          
00009101  GPIO_clearInterruptFlag                    
00009119  GPIO_enableInterrupt                       
00009131  GPIO_setOutputLowOnPin                     
00009149  GPIO_toggleOutputOnPin                     
000091d9  vApplicationMallocFailedHook               
000091f1  vApplicationStackOverflowHook              
00009209  GPIO_High                                  
00009219  GPIO_Low                                   
00009229  MPU9250_getMotion9                         
00009239  prvWatchDogEventGroupCreate                
00009249  setWatchDogBit_AODCS                       
00009259  setWatchDogBit_CAMERA                      
00009269  setWatchDogBit_DATASTORAGE                 
00009279  setWatchDogBit_HOUSEKEEPING                
00009289  setWatchDogBit_PPT                         
00009299  setWatchDogBit_TTC                         
000092a9  vApplicationIdleHook                       
000092b9  vTaskSuspendAll                            
000092c9  __TI_decompress_none                       
000092e9  MMC_disk_status                            
000092f9  MPU9250_setClockSource                     
00009309  SysCtl_getTempCalibrationConstant          
00009325  __TI_zero_init                             
00009351  prvTraceGetQueueNumberHigh16               
00009361  prvTraceGetTaskNumberHigh16                
00009381  setFullScaleAccelRange                     
00009391  setFullScaleGyroRange                      
000093a1  vTaskMissedYield                           
000093b1  prvTraceGetCurrentTaskHandle               
000093b1  xTaskGetCurrentTaskHandle                  
000093c1  xTaskGetTickCount                          
000093d1  prvTraceGetQueueNumberLow16                
000093e1  prvTraceGetTaskNumberLow16                 
000093f1  setSleepEnabled                            
00009401  uxTaskGetTaskNumber                        
00009411  prvTraceGetQueueType                       
00009411  ucQueueGetQueueType                        
00009419  vListInitialiseItem                        
00009421  vTaskSetTaskNumber                         
00009429  get_fattime                                
00009431  prvTraceGetQueueNumber                     
00009431  uxQueueGetQueueNumber                      
00009439  vQueueSetQueueNumber                       
00009441  vTraceStart                                
00009461  vApplicationTickHook                       
000094e4  i2cConfig                                  
00009504  ulMaxSyscallInterruptPriority              
00009584  __TI_Handler_Table_Base                    
00009590  __TI_Handler_Table_Limit                   
00009598  __TI_CINIT_Base                            
000095a8  __TI_CINIT_Limit                           
2000c800  RecorderData                               
2000f0b8  sdDriver                                   
2000f2e8  file                                       
2000f510  obcData                                    
2000f5f8  imuData                                    
2000f637  fResult                                    
2000f6e0  bufferIMU                                  
2000f6f0  resultsBuffer                              
2000f730  buffer                                     
2000f738  localTime                                  
2000f73e  cal30                                      
2000f744  WATCHDOG_EVENT_GROUP                       
2000f748  bw                                         
2000f74c  clock                                      
2000f750  flag_lowBattery                            
2000f754  flag_systemMode                            
2000f758  init_hwtc_count                            
2000f75c  taskHandlerAodcs                           
2000f760  taskHandlerCamera                          
2000f764  taskHandlerDataStorage                     
2000f768  taskHandlerHouseKeeping                    
2000f76c  taskHandlerPpt                             
2000f770  taskHandlerTtc                             
2000f774  taskHandlerWatchDog                        
2000f778  cal85                                      
2000f77a  calDifference                              
2000f90c  objectHandleStacks                         
2000f99a  MPU9250_devAddr                            
2000f99c  isPendingContextSwitch                     
2000f9a4  uiTraceTickCount                           
2000f9a8  trace_disable_timestamp                    
2000f9b0  recorder_busy                              
2000f9b4  timestampFrequency                         
2000f9b8  traceErrorMessage                          
2000f9bc  nISRactive                                 
2000f9bd  handle_of_last_logged_task                 
2000f9c0  vTraceStopHookPtr                          
2000f9c4  CurrentFilterMask                          
2000f9c6  CurrentFilterGroup                         
2000f9cc  RecorderDataPtr                            
2000fa1c  pxCurrentTCB                               
2000fa80  SPI0MasterConfig                           
2000fab4  xQueueIMU                                  
2000fab8  xQueueDataObc                              
2000fabc  xQueueSystem                               
2000fac0  semaphoreIMU                               
2000fac4  semaphoreSystem                            
2000fac8  batteryValue                               
2000faca  adcInitDelay                               
2000facb  wakeState                                  
2000faf8  TraceQueueClassTable                       
2000fce0  __stack                                    
20010000  __STACK_END                                
4000480c  WDTCTL_SYM                                 
ffffffff  __TI_pprof_out_hndl                        
ffffffff  __TI_prof_data_size                        
ffffffff  __TI_prof_data_start                       
ffffffff  __binit__                                  
ffffffff  __c_args__                                 
ffffffff  binit                                      
UNDEFED   __mpu_init                                 
UNDEFED   _system_post_cinit                         

[292 symbols]
