******************************************************************************
                  TI ARM Linker PC v18.1.1                     
******************************************************************************
>> Linked Sat Jun 22 00:37:09 2019

OUTPUT FILE NAME:   <Firmware_OBC.out>
ENTRY POINT SYMBOL: "_c_int00_noargs"  address: 000087ed


MEMORY CONFIGURATION

         name            origin    length      used     unused   attr    fill
----------------------  --------  ---------  --------  --------  ----  --------
  MAIN                  00000000   0003f000  000098b2  0003574e  R  X
  MYDATA                0003f000   00001000  00000000  00001000  R  X
  INFO                  00200000   00004000  00000000  00004000  R  X
  SRAM_CODE             01000000   00010000  0000ee95  0000116b  RW X
  SRAM_DATA             20000000   00010000  0000ee95  0000116b  RW  


SEGMENT ALLOCATION MAP

run origin  load origin   length   init length attrs members
----------  ----------- ---------- ----------- ----- -------
00000000    00000000    000098b8   000098b8    r-x
  00000000    00000000    00000144   00000144    r-- .intvecs
  00000148    00000148    00009622   00009622    r-x .text
  0000976c    0000976c    000000b4   000000b4    r-- .const
  00009820    00009820    00000098   00000098    r-- .cinit
20000000    20000000    0000eb75   00000000    rw-
  20000000    20000000    0000e7ec   00000000    rw- .bss
  2000e7ec    2000e7ec    00000389   00000000    rw- .data
2000fce0    2000fce0    00000320   00000000    rw-
  2000fce0    2000fce0    00000320   00000000    rw- .stack


SECTION ALLOCATION MAP

 output                                  attributes/
section   page    origin      length       input sections
--------  ----  ----------  ----------   ----------------
.intvecs   0    00000000    00000144     
                  00000000    00000144     msp432_startup_ccs.obj (.intvecs:retain)

.text      0    00000148    00009622     
                  00000148    0000035e     trcKernelPort.obj (.text:pszTraceGetErrorNotEnoughHandles)
                  000004a6    00000002     --HOLE-- [fill = 0]
                  000004a8    00000334     queue.obj (.text:xQueueSemaphoreTake)
                  000007dc    00000004     rtsv7M4_T_le_v4SPD16_eabi.lib : pre_init.c.obj (.text:_system_pre_init)
                  000007e0    00000314     dataStorage.obj (.text:dataStorage)
                  00000af4    00000004     rtsv7M4_T_le_v4SPD16_eabi.lib : exit.c.obj (.text:abort:abort)
                  00000af8    0000030c     queue.obj (.text:xQueueGenericSend)
                  00000e04    00000004     --HOLE-- [fill = 0]
                  00000e08    00000304     ff.obj (.text:find_volume)
                  0000110c    00000004     --HOLE-- [fill = 0]
                  00001110    000002ec     queue.obj (.text:xQueueReceive)
                  000013fc    00000004     --HOLE-- [fill = 0]
                  00001400    000001d2     ff.obj (.text:f_write)
                  000015d2    00000006     --HOLE-- [fill = 0]
                  000015d8    000001c8     trcSnapshotRecorder.obj (.text:prvTraceStoreKernelCallWithParam)
                  000017a0    000001c6     ff.obj (.text:f_open)
                  00001966    00000002     --HOLE-- [fill = 0]
                  00001968    000001c0     houseKeeping.obj (.text:houseKeeping)
                  00001b28    000001c0     IntQueue.obj (.text:xSecondTimerHandler)
                  00001ce8    000001b0     trcSnapshotRecorder.obj (.text:prvTraceInitTraceData)
                  00001e98    000001a0     trcSnapshotRecorder.obj (.text:prvTraceStoreKernelCall)
                  00002038    0000019c     mmc_MSP432P401r.obj (.text:MMC_disk_ioctl)
                  000021d4    00000004     --HOLE-- [fill = 0]
                  000021d8    00000198     tasks.obj (.text:xTaskIncrementTick)
                  00002370    00000188     queue.obj (.text:xQueueGenericSendFromISR)
                  000024f8    00000184     trcSnapshotRecorder.obj (.text:prvTraceGetDTS)
                  0000267c    00000160     msp432p4xx_driverlib.lib : adc14.o (.text:_getIndexForMemRegister)
                  000027dc    00000004     --HOLE-- [fill = 0]
                  000027e0    0000015c     mmc_MSP432P401r.obj (.text:MMC_disk_initialize)
                  0000293c    00000004     --HOLE-- [fill = 0]
                  00002940    0000014c     trcSnapshotRecorder.obj (.text:prvTraceGetObjectHandle)
                  00002a8c    00000004     --HOLE-- [fill = 0]
                  00002a90    00000148     cs.obj (.text:CS_getDCOFrequency)
                  00002bd8    00000148     trcSnapshotRecorder.obj (.text:prvCheckDataToBeOverwrittenForMultiEntryEvents)
                  00002d20    00000148     queue.obj (.text:xQueueReceiveFromISR)
                  00002e68    00000144     heap_4.obj (.text:pvPortMalloc)
                  00002fac    00000004     --HOLE-- [fill = 0]
                  00002fb0    00000140     tasks.obj (.text:prvAddNewTaskToReadyList)
                  000030f0    00000134     taskManager.obj (.text:prvTaskCreate)
                  00003224    00000004     --HOLE-- [fill = 0]
                  00003228    00000134     port.obj (.text:vPortSuppressTicksAndSleep)
                  0000335c    00000004     --HOLE-- [fill = 0]
                  00003360    00000130     trcSnapshotRecorder.obj (.text:uiIndexOfObject)
                  00003490    00000130     IntQueue.obj (.text:xFirstTimerHandler)
                  000035c0    0000012c     tasks.obj (.text:vTaskPriorityDisinheritAfterTimeout)
                  000036ec    00000004     --HOLE-- [fill = 0]
                  000036f0    0000012c     tasks.obj (.text:vTaskSuspend)
                  0000381c    00000004     --HOLE-- [fill = 0]
                  00003820    0000012c     event_groups.obj (.text:xEventGroupWaitBits)
                  0000394c    00000004     --HOLE-- [fill = 0]
                  00003950    00000128     tasks.obj (.text:xTaskResumeAll)
                  00003a78    00000124     tasks.obj (.text:vTaskNotifyGiveFromISR)
                  00003b9c    00000004     --HOLE-- [fill = 0]
                  00003ba0    00000120     tasks.obj (.text:xTaskPriorityDisinherit)
                  00003cc0    0000011c     cs.obj (.text:CS_initClockSignal)
                  00003ddc    00000004     --HOLE-- [fill = 0]
                  00003de0    0000011c     houseKeeping.obj (.text:adcInit)
                  00003efc    00000004     --HOLE-- [fill = 0]
                  00003f00    00000118     trcKernelPort.obj (.text:vTraceInitObjectPropertyTable)
                  00004018    00000114     cs.obj (.text:_CSComputeCLKFrequency)
                  0000412c    00000004     --HOLE-- [fill = 0]
                  00004130    00000110     trcSnapshotRecorder.obj (.text:prvTraceStoreKernelCallWithNumericParamOnly)
                  00004240    00000110     tasks.obj (.text:xTaskPriorityInherit)
                  00004350    0000010c     trcSnapshotRecorder.obj (.text:prvTraceSetObjectName)
                  0000445c    00000004     --HOLE-- [fill = 0]
                  00004460    0000010c     MPU9250.obj (.text:readI2C)
                  0000456c    00000004     --HOLE-- [fill = 0]
                  00004570    00000108     pcm.obj (.text:__PCM_setPowerModeAdvanced)
                  00004678    00000108     taskManager.obj (.text:updateBatteryLevel)
                  00004780    00000104     ff.obj (.text:create_chain)
                  00004884    00000004     --HOLE-- [fill = 0]
                  00004888    00000103     ff.obj (.text:create_name)
                  0000498b    00000005     --HOLE-- [fill = 0]
                  00004990    00000100     timers.obj (.text:prvProcessReceivedCommands)
                  00004a90    00000100     tasks.obj (.text:vTaskDelayUntil)
                  00004b90    000000fa     ff.obj (.text:put_fat)
                  00004c8a    00000006     --HOLE-- [fill = 0]
                  00004c90    000000f4     trcSnapshotRecorder.obj (.text:prvTraceStoreTaskReady)
                  00004d84    00000004     --HOLE-- [fill = 0]
                  00004d88    000000e8     trcSnapshotRecorder.obj (.text:uiTraceStart)
                  00004e70    000000e6     ff.obj (.text:dir_next)
                  00004f56    00000002     --HOLE-- [fill = 0]
                  00004f58    000000e4     trcSnapshotRecorder.obj (.text:prvTraceStoreTaskswitch)
                  0000503c    00000004     --HOLE-- [fill = 0]
                  00005040    000000dc     trcSnapshotRecorder.obj (.text:prvTraceGetPriorityProperty)
                  0000511c    00000004     --HOLE-- [fill = 0]
                  00005120    000000dc     port.obj (.text:xPortStartScheduler)
                  000051fc    000000da     portasm.obj (.text)
                  000052d6    00000002     --HOLE-- [fill = 0]
                  000052d8    000000d8     trcSnapshotRecorder.obj (.text:prvTraceSetPriorityProperty)
                  000053b0    000000d8     tasks.obj (.text:vTaskResume)
                  00005488    000000d4     tasks.obj (.text:vTaskSwitchContext)
                  0000555c    00000004     --HOLE-- [fill = 0]
                  00005560    000000d0     pcm.obj (.text:__PCM_setCoreVoltageLevelAdvanced)
                  00005630    000000d0     trcSnapshotRecorder.obj (.text:prvTraceGetObjectState)
                  00005700    000000cc     trcSnapshotRecorder.obj (.text:prvTraceSetObjectState)
                  000057cc    00000004     --HOLE-- [fill = 0]
                  000057d0    000000cc     trcKernelPort.obj (.text:vTraceInitObjectHandleStack)
                  0000589c    00000004     --HOLE-- [fill = 0]
                  000058a0    000000ca     ff.obj (.text:get_fat)
                  0000596a    00000006     --HOLE-- [fill = 0]
                  00005970    000000c0     tasks.obj (.text:xTaskRemoveFromEventList)
                  00005a30    000000bc     mmc_MSP432P401r.obj (.text:MMC_disk_write)
                  00005aec    00000004     --HOLE-- [fill = 0]
                  00005af0    000000bc     queue.obj (.text:prvInitialiseNewQueue)
                  00005bac    00000004     --HOLE-- [fill = 0]
                  00005bb0    000000bc     trcSnapshotRecorder.obj (.text:vTraceStoreMemMangEvent)
                  00005c6c    00000004     --HOLE-- [fill = 0]
                  00005c70    000000b4     tasks.obj (.text:vTaskRemoveFromUnorderedEventList)
                  00005d24    00000004     --HOLE-- [fill = 0]
                  00005d28    000000b4     serial.obj (.text:vUART_Handler)
                  00005ddc    00000004     --HOLE-- [fill = 0]
                  00005de0    000000b4     MPU9250.obj (.text:writeI2C)
                  00005e94    000000b0     msp432p4xx_driverlib.lib : spi.o (.text:SPI_initMaster)
                  00005f44    00000004     --HOLE-- [fill = 0]
                  00005f48    000000ae     tasks.obj (.text:prvInitialiseNewTask)
                  00005ff6    00000002     --HOLE-- [fill = 0]
                  00005ff8    000000ae     event_groups.obj (.text:xEventGroupSetBits)
                  000060a6    00000002     --HOLE-- [fill = 0]
                  000060a8    000000a8     trcSnapshotRecorder.obj (.text:prvTraceInitCortexM)
                  00006150    000000a4     itoa.obj (.text:itoa)
                  000061f4    00000004     --HOLE-- [fill = 0]
                  000061f8    000000a4     trcSnapshotRecorder.obj (.text:vTraceEnable)
                  0000629c    00000004     --HOLE-- [fill = 0]
                  000062a0    000000a0     ff.obj (.text:dir_sdi)
                  00006340    0000009c     rtsv7M4_T_le_v4SPD16_eabi.lib : memcpy_t2.asm.obj (.text)
                  000063dc    00000004     --HOLE-- [fill = 0]
                  000063e0    0000009c     tasks.obj (.text:vTaskDelay)
                  0000647c    00000004     --HOLE-- [fill = 0]
                  00006480    00000098     ff.obj (.text:f_sync)
                  00006518    00000098     taskManager.obj (.text:setOperationMode)
                  000065b0    00000094     mmc_MSP432P401r.obj (.text:MMC_disk_read)
                  00006644    00000004     --HOLE-- [fill = 0]
                  00006648    00000094     timers.obj (.text:prvSwitchTimerLists)
                  000066dc    00000004     --HOLE-- [fill = 0]
                  000066e0    00000094     trcSnapshotRecorder.obj (.text:prvTraceGetParam)
                  00006774    00000004     --HOLE-- [fill = 0]
                  00006778    00000094     tasks.obj (.text:xTaskCheckForTimeOut)
                  0000680c    00000004     --HOLE-- [fill = 0]
                  00006810    00000090     queue.obj (.text:xQueueGenericReset)
                  000068a0    0000008c     MPU9250.obj (.text:getMotion6)
                  0000692c    00000004     --HOLE-- [fill = 0]
                  00006930    0000008c     ff.obj (.text:sync_fs)
                  000069bc    00000004     --HOLE-- [fill = 0]
                  000069c0    0000008c     heap_4.obj (.text:vPortFree)
                  00006a4c    00000004     --HOLE-- [fill = 0]
                  00006a50    0000008a     ff.obj (.text:check_fs)
                  00006ada    00000006     --HOLE-- [fill = 0]
                  00006ae0    00000088     tasks.obj (.text:prvAddCurrentTaskToDelayedList)
                  00006b68    00000088     tasks.obj (.text:vTaskPlaceOnEventListRestricted)
                  00006bf0    00000086     ff.obj (.text:follow_path)
                  00006c76    00000002     --HOLE-- [fill = 0]
                  00006c78    00000084     tasks.obj (.text:vTaskStartScheduler)
                  00006cfc    00000004     --HOLE-- [fill = 0]
                  00006d00    00000080     ff.obj (.text:remove_chain)
                  00006d80    00000080     taskManager.obj (.text:taskManager)
                  00006e00    0000007c     msp432p4xx_driverlib.lib : rtc_c.o (.text:RTC_C_getCalendarTime)
                  00006e7c    00000004     --HOLE-- [fill = 0]
                  00006e80    0000007c     tasks.obj (.text:prvIdleTask)
                  00006efc    00000004     --HOLE-- [fill = 0]
                  00006f00    0000007c     trcSnapshotRecorder.obj (.text:prvTraceSetTaskInstanceFinished)
                  00006f7c    0000007a     rtsv7M4_T_le_v4SPD16_eabi.lib : memset_t2.asm.obj (.text)
                  00006ff6    00000002     --HOLE-- [fill = 0]
                  00006ff8    00000078     msp432p4xx_driverlib.lib : adc14.o (.text:ADC14_getMultiSequenceResult)
                  00007070    00000078     interrupt.obj (.text:Interrupt_enableInterrupt)
                  000070e8    00000074     main.obj (.text:prvSetupHardware)
                  0000715c    00000004     --HOLE-- [fill = 0]
                  00007160    00000074     queue.obj (.text:xQueueGenericCreate)
                  000071d4    00000004     --HOLE-- [fill = 0]
                  000071d8    00000074     timers.obj (.text:xTimerGenericCommand)
                  0000724c    00000004     --HOLE-- [fill = 0]
                  00007250    00000070     queue.obj (.text:prvCopyDataToQueue)
                  000072c0    00000070     heap_4.obj (.text:prvHeapInit)
                  00007330    00000070     tasks.obj (.text:prvInitialiseTaskLists)
                  000073a0    00000070     timers.obj (.text:prvProcessTimerOrBlockTask)
                  00007410    00000070     mmc_MSP432P401r.obj (.text:send_cmd)
                  00007480    00000070     watchDogTask.obj (.text:watchDogTask)
                  000074f0    0000006c     queue.obj (.text:prvUnlockQueue)
                  0000755c    00000068     msp432p4xx_driverlib.lib : i2c.o (.text:I2C_masterSendMultiByteStart)
                  000075c4    00000004     --HOLE-- [fill = 0]
                  000075c8    00000068     system_msp432p401r.obj (.text:SystemInit)
                  00007630    00000068     rtsv7M4_T_le_v4SPD16_eabi.lib : copy_decompress_lzss.c.obj (.text:decompress:lzss:__TI_decompress_lzss)
                  00007698    00000068     heap_4.obj (.text:prvInsertBlockIntoFreeList)
                  00007700    00000068     port.obj (.text:vPortSetupTimerInterrupt)
                  00007768    00000068     tasks.obj (.text:xTaskCreate)
                  000077d0    00000066     ff.obj (.text:dir_clear)
                  00007836    00000002     --HOLE-- [fill = 0]
                  00007838    00000064     dataStorage.obj (.text:initSD)
                  0000789c    00000004     --HOLE-- [fill = 0]
                  000078a0    00000064     taskManager.obj (.text:prvResumeAllTasks)
                  00007904    00000004     --HOLE-- [fill = 0]
                  00007908    00000064     taskManager.obj (.text:prvSuspendAllTasks)
                  0000796c    00000004     --HOLE-- [fill = 0]
                  00007970    00000064     trcSnapshotRecorder.obj (.text:prvTraceNextFreeEventBufferSlot)
                  000079d4    00000004     --HOLE-- [fill = 0]
                  000079d8    00000064     port.obj (.text:vPortValidateInterruptPriority)
                  00007a3c    00000004     --HOLE-- [fill = 0]
                  00007a40    00000060     timers.obj (.text:prvProcessExpiredTimer)
                  00007aa0    00000060     MPU9250.obj (.text:writeBits)
                  00007b00    00000060     mmc_MSP432P401r.obj (.text:xmit_datablock)
                  00007b60    0000005c     tasks.obj (.text:vTaskPlaceOnUnorderedEventList)
                  00007bbc    00000004     --HOLE-- [fill = 0]
                  00007bc0    00000058     timers.obj (.text:xTimerCreateTimerTask)
                  00007c18    00000056     ff.obj (.text:dir_find)
                  00007c6e    00000002     --HOLE-- [fill = 0]
                  00007c70    00000054     gpio.obj (.text:GPIO_setAsPeripheralModuleFunctionInputPin)
                  00007cc4    00000004     --HOLE-- [fill = 0]
                  00007cc8    00000054     gpio.obj (.text:GPIO_setAsPeripheralModuleFunctionOutputPin)
                  00007d1c    00000004     --HOLE-- [fill = 0]
                  00007d20    00000054     sysctl.obj (.text:SysCtl_getTLVInfo)
                  00007d74    00000004     --HOLE-- [fill = 0]
                  00007d78    00000054     houseKeeping.obj (.text:getTemperature)
                  00007dcc    00000004     --HOLE-- [fill = 0]
                  00007dd0    00000054     tasks.obj (.text:prvCheckTasksWaitingTermination)
                  00007e24    00000004     --HOLE-- [fill = 0]
                  00007e28    00000054     main.obj (.text:prvConfigureClocks)
                  00007e7c    00000004     --HOLE-- [fill = 0]
                  00007e80    00000054     timers.obj (.text:prvInsertTimerInActiveList)
                  00007ed4    00000004     --HOLE-- [fill = 0]
                  00007ed8    00000054     trcSnapshotRecorder.obj (.text:prvTracePortGetTimeStamp)
                  00007f2c    00000004     --HOLE-- [fill = 0]
                  00007f30    00000052     cs.obj (.text:_CSGetDividerValue)
                  00007f82    00000006     --HOLE-- [fill = 0]
                  00007f88    00000050     pcm.obj (.text:PCM_getCoreVoltageLevel)
                  00007fd8    00000050     SPI_Driver.obj (.text:SPI_Init)
                  00008028    00000050     cs.obj (.text:_CSGetDOCFrequency)
                  00008078    00000050     ff.obj (.text:dbc_2nd)
                  000080c8    00000050     tasks.obj (.text:prvGetExpectedIdleTime)
                  00008118    00000050     MPU9250.obj (.text:writeBit)
                  00008168    0000004e     ff.obj (.text:dir_alloc)
                  000081b6    00000002     --HOLE-- [fill = 0]
                  000081b8    0000004c     ff.obj (.text:f_mount)
                  00008204    00000004     --HOLE-- [fill = 0]
                  00008208    0000004c     timers.obj (.text:prvCheckForValidListAndQueue)
                  00008254    00000004     --HOLE-- [fill = 0]
                  00008258    0000004c     mmc_MSP432P401r.obj (.text:rcvr_datablock)
                  000082a4    00000004     --HOLE-- [fill = 0]
                  000082a8    0000004c     ttcTask.obj (.text:ttcTask)
                  000082f4    00000004     --HOLE-- [fill = 0]
                  000082f8    00000048     ff.obj (.text:get_ldnumber)
                  00008340    00000048     main.obj (.text:main)
                  00008388    00000048     ff.obj (.text:sync_window)
                  000083d0    00000048     queue.obj (.text:vQueueWaitForMessageRestricted)
                  00008418    00000044     rtsv7M4_T_le_v4SPD16_eabi.lib : autoinit.c.obj (.text:__TI_auto_init_nobinit_nopinit:__TI_auto_init_nobinit_nopinit)
                  0000845c    00000004     --HOLE-- [fill = 0]
                  00008460    00000044     dataStorage.obj (.text:getLocalTime)
                  000084a4    00000004     --HOLE-- [fill = 0]
                  000084a8    00000044     taskManager.obj (.text:prvQueueDataCreate)
                  000084ec    00000004     --HOLE-- [fill = 0]
                  000084f0    00000040     MPU9250.obj (.text:initI2C)
                  00008530    00000040     msp432p4xx_driverlib.lib : spi.o (.text:is_A_Module)
                  00008570    0000003e     mmc_MSP432P401r.obj (.text:send_cmd12)
                  000085ae    00000002     --HOLE-- [fill = 0]
                  000085b0    0000003c     tasks.obj (.text:eTaskConfirmSleepModeStatus)
                  000085ec    00000004     --HOLE-- [fill = 0]
                  000085f0    0000003c     tasks.obj (.text:prvTaskIsTaskSuspended)
                  0000862c    00000004     --HOLE-- [fill = 0]
                  00008630    0000003c     trcSnapshotRecorder.obj (.text:prvTraceError)
                  0000866c    00000004     --HOLE-- [fill = 0]
                  00008670    0000003c     trcSnapshotRecorder.obj (.text:prvTraceUpdateCounters)
                  000086ac    00000004     --HOLE-- [fill = 0]
                  000086b0    0000003c     mmc_MSP432P401r.obj (.text:send_initial_clock_train)
                  000086ec    00000004     --HOLE-- [fill = 0]
                  000086f0    0000003c     port.obj (.text:vPortEnterCritical)
                  0000872c    00000004     --HOLE-- [fill = 0]
                  00008730    0000003a     pcm.obj (.text:PCM_getPowerMode)
                  0000876a    00000006     --HOLE-- [fill = 0]
                  00008770    0000003a     ff.obj (.text:dir_register)
                  000087aa    00000006     --HOLE-- [fill = 0]
                  000087b0    0000003a     ff.obj (.text:validate)
                  000087ea    00000002     --HOLE-- [fill = 0]
                  000087ec    00000038     rtsv7M4_T_le_v4SPD16_eabi.lib : boot_cortex_m.c.obj (.text:_c_int00_noargs:_c_int00_noargs)
                  00008824    00000004     --HOLE-- [fill = 0]
                  00008828    00000038     port.obj (.text:prvTaskExitError)
                  00008860    00000038     tasks.obj (.text:vTaskPlaceOnEventList)
                  00008898    00000034     SPI_Driver.obj (.text:SPI_Read)
                  000088cc    00000004     --HOLE-- [fill = 0]
                  000088d0    00000034     SPI_Driver.obj (.text:SPI_Write)
                  00008904    00000004     --HOLE-- [fill = 0]
                  00008908    00000034     aodcsTask.obj (.text:aodcsTask)
                  0000893c    00000004     --HOLE-- [fill = 0]
                  00008940    00000034     cameraTask.obj (.text:cameraTask)
                  00008974    00000004     --HOLE-- [fill = 0]
                  00008978    00000034     ff.obj (.text:dbc_1st)
                  000089ac    00000004     --HOLE-- [fill = 0]
                  000089b0    00000034     ff.obj (.text:move_window)
                  000089e4    00000004     --HOLE-- [fill = 0]
                  000089e8    00000034     pptTask.obj (.text:pptTask)
                  00008a1c    00000004     --HOLE-- [fill = 0]
                  00008a20    00000034     list.obj (.text:vListInsert)
                  00008a54    00000004     --HOLE-- [fill = 0]
                  00008a58    00000034     IntQueueTimer.obj (.text:vT32_0_Handler)
                  00008a8c    00000004     --HOLE-- [fill = 0]
                  00008a90    00000034     IntQueueTimer.obj (.text:vT32_1_Handler)
                  00008ac4    00000004     --HOLE-- [fill = 0]
                  00008ac8    00000034     tasks.obj (.text:vTaskStepTick)
                  00008afc    00000004     --HOLE-- [fill = 0]
                  00008b00    00000030     flash.obj (.text:FlashCtl_setWaitState)
                  00008b30    00000030     tasks.obj (.text:prvResetNextTaskUnblockTime)
                  00008b60    00000030     port.obj (.text:vPortExitCritical)
                  00008b90    0000002c     cs.obj (.text:CS_setDCOCenteredFrequency)
                  00008bbc    00000004     --HOLE-- [fill = 0]
                  00008bc0    0000002c     gpio.obj (.text:GPIO_setAsInputPinWithPullUpResistor)
                  00008bec    00000004     --HOLE-- [fill = 0]
                  00008bf0    0000002c     pcm.obj (.text:PCM_gotoLPM0)
                  00008c1c    00000004     --HOLE-- [fill = 0]
                  00008c20    0000002c     timers.obj (.text:prvSampleTimeNow)
                  00008c4c    00000004     --HOLE-- [fill = 0]
                  00008c50    0000002c     port.obj (.text:pxPortInitialiseStack)
                  00008c7c    00000004     --HOLE-- [fill = 0]
                  00008c80    0000002c     mmc_MSP432P401r.obj (.text:rcvr_spi)
                  00008cac    00000004     --HOLE-- [fill = 0]
                  00008cb0    0000002c     port.obj (.text:xPortSysTickHandler)
                  00008cdc    00000004     --HOLE-- [fill = 0]
                  00008ce0    0000002c     queue.obj (.text:xQueueIsQueueFullFromISR)
                  00008d0c    00000004     --HOLE-- [fill = 0]
                  00008d10    00000028     GPIO_Driver.obj (.text:GPIO_Init)
                  00008d38    00000028     queue.obj (.text:prvCopyDataFromQueue)
                  00008d60    00000028     mmc_MSP432P401r.obj (.text:xmit_spi)
                  00008d88    00000026     ff.obj (.text:ld_clust)
                  00008dae    00000002     --HOLE-- [fill = 0]
                  00008db0    00000026     list.obj (.text:uxListRemove)
                  00008dd6    00000002     --HOLE-- [fill = 0]
                  00008dd8    00000024     cs.obj (.text:CS_clearInterruptFlag)
                  00008dfc    00000004     --HOLE-- [fill = 0]
                  00008e00    00000024     timers.obj (.text:prvGetNextExpireTime)
                  00008e24    00000004     --HOLE-- [fill = 0]
                  00008e28    00000024     trcSnapshotRecorder.obj (.text:vTraceStop)
                  00008e4c    00000004     --HOLE-- [fill = 0]
                  00008e50    00000024     mmc_MSP432P401r.obj (.text:wait_ready)
                  00008e74    00000004     --HOLE-- [fill = 0]
                  00008e78    00000022     CS_Driver.obj (.text:CS_Init)
                  00008e9a    00000006     --HOLE-- [fill = 0]
                  00008ea0    00000022     diskio.obj (.text:disk_read)
                  00008ec2    00000006     --HOLE-- [fill = 0]
                  00008ec8    00000022     diskio.obj (.text:disk_write)
                  00008eea    00000006     --HOLE-- [fill = 0]
                  00008ef0    00000022     ff.obj (.text:st_clust)
                  00008f12    00000006     --HOLE-- [fill = 0]
                  00008f18    00000020     gpio.obj (.text:GPIO_setAsOutputPin)
                  00008f38    00000020     MPU9250.obj (.text:MPU9250_initialize)
                  00008f58    00000020     sysctl.obj (.text:SysCtl_setWDTTimeoutResetType)
                  00008f78    00000020     diskio.obj (.text:disk_ioctl)
                  00008f98    00000020     main.obj (.text:prvCalendarConfiguration)
                  00008fb8    00000020     trcSnapshotRecorder.obj (.text:prvMarkObjectAsUsed)
                  00008fd8    00000020     IntQueue.obj (.text:prvRecordValue_NormallyEmpty)
                  00008ff8    00000020     IntQueue.obj (.text:prvRecordValue_NormallyFull)
                  00009018    00000020     trcSnapshotRecorder.obj (.text:prvStrncpy)
                  00009038    00000020     tasks.obj (.text:xTaskGetSchedulerState)
                  00009058    0000001e     queue.obj (.text:prvIsQueueFull)
                  00009076    00000002     --HOLE-- [fill = 0]
                  00009078    0000001e     list.obj (.text:vListInitialise)
                  00009096    00000002     --HOLE-- [fill = 0]
                  00009098    0000001c     msp432p4xx_driverlib.lib : adc14.o (.text:ADC14_getResult)
                  000090b4    00000004     --HOLE-- [fill = 0]
                  000090b8    0000001c     ff.obj (.text:mem_cmp)
                  000090d4    00000004     --HOLE-- [fill = 0]
                  000090d8    0000001c     event_groups.obj (.text:prvTestWaitCondition)
                  000090f4    00000004     --HOLE-- [fill = 0]
                  000090f8    0000001a     ff.obj (.text:clst2sect)
                  00009112    00000006     --HOLE-- [fill = 0]
                  00009118    0000001a     queue.obj (.text:prvGetDisinheritPriorityAfterTimeout)
                  00009132    00000006     --HOLE-- [fill = 0]
                  00009138    0000001a     queue.obj (.text:prvIsQueueEmpty)
                  00009152    00000006     --HOLE-- [fill = 0]
                  00009158    0000001a     timers.obj (.text:prvTimerTask)
                  00009172    00000006     --HOLE-- [fill = 0]
                  00009178    0000001a     trcKernelPort.obj (.text:prvTraceSetQueueNumberHigh16)
                  00009192    00000006     --HOLE-- [fill = 0]
                  00009198    0000001a     trcKernelPort.obj (.text:prvTraceSetQueueNumberLow16)
                  000091b2    00000006     --HOLE-- [fill = 0]
                  000091b8    0000001a     trcKernelPort.obj (.text:prvTraceSetTaskNumberHigh16)
                  000091d2    00000006     --HOLE-- [fill = 0]
                  000091d8    0000001a     trcKernelPort.obj (.text:prvTraceSetTaskNumberLow16)
                  000091f2    00000006     --HOLE-- [fill = 0]
                  000091f8    0000001a     event_groups.obj (.text:xEventGroupCreate)
                  00009212    00000006     --HOLE-- [fill = 0]
                  00009218    00000018     cs.obj (.text:CS_getMCLK)
                  00009230    00000018     gpio.obj (.text:GPIO_getInputPinValue)
                  00009248    00000018     wdt_a.obj (.text:WDT_A_clearTimer)
                  00009260    00000018     ff.obj (.text:chk_chr)
                  00009278    00000018     diskio.obj (.text:disk_initialize)
                  00009290    00000018     diskio.obj (.text:disk_status)
                  000092a8    00000018     tasks.obj (.text:pvTaskIncrementMutexHeldCount)
                  000092c0    00000018     msp432_startup_ccs.obj (.text:resetISR)
                  000092d8    00000018     ff.obj (.text:st_dword)
                  000092f0    00000018     tasks.obj (.text:uxTaskResetEventItemValue)
                  00009308    00000018     list.obj (.text:vListInsertEnd)
                  00009320    00000018     tasks.obj (.text:vTaskInternalSetTimeOutState)
                  00009338    00000016     ff.obj (.text:ld_dword)
                  0000934e    00000002     --HOLE-- [fill = 0]
                  00009350    00000016     ff.obj (.text:mem_cpy)
                  00009366    00000002     --HOLE-- [fill = 0]
                  00009368    00000016     queue.obj (.text:xQueueCreateMutex)
                  0000937e    00000002     --HOLE-- [fill = 0]
                  00009380    00000014     gpio.obj (.text:GPIO_clearInterruptFlag)
                  00009394    00000004     --HOLE-- [fill = 0]
                  00009398    00000014     gpio.obj (.text:GPIO_enableInterrupt)
                  000093ac    00000004     --HOLE-- [fill = 0]
                  000093b0    00000014     gpio.obj (.text:GPIO_setOutputHighOnPin)
                  000093c4    00000004     --HOLE-- [fill = 0]
                  000093c8    00000014     gpio.obj (.text:GPIO_setOutputLowOnPin)
                  000093dc    00000004     --HOLE-- [fill = 0]
                  000093e0    00000014     gpio.obj (.text:GPIO_toggleOutputOnPin)
                  000093f4    00000004     --HOLE-- [fill = 0]
                  000093f8    00000014     wdt_a.obj (.text:WDT_A_startTimer)
                  0000940c    00000004     --HOLE-- [fill = 0]
                  00009410    00000014     mmc_MSP432P401r.obj (.text:power_on)
                  00009424    00000004     --HOLE-- [fill = 0]
                  00009428    00000014     queue.obj (.text:prvInitialiseMutex)
                  0000943c    00000004     --HOLE-- [fill = 0]
                  00009440    00000014     IntQueue.obj (.text:prvQueueAccessLogError)
                  00009454    00000004     --HOLE-- [fill = 0]
                  00009458    00000012     ff.obj (.text:mem_set)
                  0000946a    00000006     --HOLE-- [fill = 0]
                  00009470    00000012     tasks.obj (.text:prvDeleteTCB)
                  00009482    00000006     --HOLE-- [fill = 0]
                  00009488    00000012     main.obj (.text:vApplicationIdleHook)
                  0000949a    00000006     --HOLE-- [fill = 0]
                  000094a0    00000012     main.obj (.text:vApplicationMallocFailedHook)
                  000094b2    00000006     --HOLE-- [fill = 0]
                  000094b8    00000012     main.obj (.text:vApplicationStackOverflowHook)
                  000094ca    00000006     --HOLE-- [fill = 0]
                  000094d0    00000010     GPIO_Driver.obj (.text:GPIO_High)
                  000094e0    00000010     GPIO_Driver.obj (.text:GPIO_Low)
                  000094f0    00000010     interrupt.obj (.text:Interrupt_enableMaster)
                  00009500    00000010     MPU9250.obj (.text:MPU9250_getMotion9)
                  00009510    00000010     taskManager.obj (.text:prvWatchDogEventGroupCreate)
                  00009520    00000010     aodcsTask.obj (.text:setWatchDogBit_AODCS)
                  00009530    00000010     cameraTask.obj (.text:setWatchDogBit_CAMERA)
                  00009540    00000010     dataStorage.obj (.text:setWatchDogBit_DATASTORAGE)
                  00009550    00000010     houseKeeping.obj (.text:setWatchDogBit_HOUSEKEEPING)
                  00009560    00000010     pptTask.obj (.text:setWatchDogBit_PPT)
                  00009570    00000010     ttcTask.obj (.text:setWatchDogBit_TTC)
                  00009580    00000010     tasks.obj (.text:vTaskSuspendAll)
                  00009590    0000000e     rtsv7M4_T_le_v4SPD16_eabi.lib : copy_decompress_none.c.obj (.text:decompress:none:__TI_decompress_none)
                  0000959e    00000002     --HOLE-- [fill = 0]
                  000095a0    0000000e     ff.obj (.text:st_word)
                  000095ae    00000002     --HOLE-- [fill = 0]
                  000095b0    0000000c     cpu.obj (.text:CPU_cpsie)
                  000095bc    00000004     --HOLE-- [fill = 0]
                  000095c0    0000000c     mmc_MSP432P401r.obj (.text:MMC_disk_status)
                  000095cc    00000004     --HOLE-- [fill = 0]
                  000095d0    0000000c     MPU9250.obj (.text:MPU9250_setClockSource)
                  000095dc    00000004     --HOLE-- [fill = 0]
                  000095e0    0000000c     pcm.obj (.text:PCM_getPowerState)
                  000095ec    00000004     --HOLE-- [fill = 0]
                  000095f0    0000000c     sysctl.obj (.text:SysCtl_getTempCalibrationConstant)
                  000095fc    00000004     --HOLE-- [fill = 0]
                  00009600    0000000c     mmc_MSP432P401r.obj (.text:chk_power)
                  0000960c    0000000c     rtsv7M4_T_le_v4SPD16_eabi.lib : copy_zero_init.c.obj (.text:decompress:ZI:__TI_zero_init)
                  00009618    0000000c     ff.obj (.text:ld_word)
                  00009624    00000004     --HOLE-- [fill = 0]
                  00009628    0000000c     mmc_MSP432P401r.obj (.text:power_off)
                  00009634    00000004     --HOLE-- [fill = 0]
                  00009638    0000000c     trcKernelPort.obj (.text:prvTraceGetQueueNumberHigh16)
                  00009644    00000004     --HOLE-- [fill = 0]
                  00009648    0000000c     trcKernelPort.obj (.text:prvTraceGetTaskNumberHigh16)
                  00009654    00000004     --HOLE-- [fill = 0]
                  00009658    0000000c     mmc_MSP432P401r.obj (.text:rcvr_spi_m)
                  00009664    00000004     --HOLE-- [fill = 0]
                  00009668    0000000c     MPU9250.obj (.text:setFullScaleAccelRange)
                  00009674    00000004     --HOLE-- [fill = 0]
                  00009678    0000000c     MPU9250.obj (.text:setFullScaleGyroRange)
                  00009684    00000004     --HOLE-- [fill = 0]
                  00009688    0000000c     tasks.obj (.text:vTaskMissedYield)
                  00009694    00000004     --HOLE-- [fill = 0]
                  00009698    0000000c     tasks.obj (.text:xTaskGetCurrentTaskHandle)
                  000096a4    00000004     --HOLE-- [fill = 0]
                  000096a8    0000000c     tasks.obj (.text:xTaskGetTickCount)
                  000096b4    00000004     --HOLE-- [fill = 0]
                  000096b8    0000000a     trcKernelPort.obj (.text:prvTraceGetQueueNumberLow16)
                  000096c2    00000006     --HOLE-- [fill = 0]
                  000096c8    0000000a     trcKernelPort.obj (.text:prvTraceGetTaskNumberLow16)
                  000096d2    00000006     --HOLE-- [fill = 0]
                  000096d8    0000000a     MPU9250.obj (.text:setSleepEnabled)
                  000096e2    00000006     --HOLE-- [fill = 0]
                  000096e8    0000000a     tasks.obj (.text:uxTaskGetTaskNumber)
                  000096f2    00000006     --HOLE-- [fill = 0]
                  000096f8    00000008     pcm.obj (.text:PCM_setCoreVoltageLevel)
                  00009700    00000008     pcm.obj (.text:PCM_setPowerMode)
                  00009708    00000006     queue.obj (.text:ucQueueGetQueueType)
                  0000970e    00000002     --HOLE-- [fill = 0]
                  00009710    00000006     list.obj (.text:vListInitialiseItem)
                  00009716    00000002     --HOLE-- [fill = 0]
                  00009718    00000006     tasks.obj (.text:vTaskSetTaskNumber)
                  0000971e    00000002     --HOLE-- [fill = 0]
                  00009720    00000004     cpu.obj (.text:CPU_wfi)
                  00009724    00000004     --HOLE-- [fill = 0]
                  00009728    00000004     mmc_MSP432P401r.obj (.text:get_fattime)
                  0000972c    00000004     --HOLE-- [fill = 0]
                  00009730    00000004     queue.obj (.text:uxQueueGetQueueNumber)
                  00009734    00000004     --HOLE-- [fill = 0]
                  00009738    00000004     queue.obj (.text:vQueueSetQueueNumber)
                  0000973c    00000004     --HOLE-- [fill = 0]
                  00009740    00000004     trcSnapshotRecorder.obj (.text:vTraceStart)
                  00009744    00000004     --HOLE-- [fill = 0]
                  00009748    00000002     msp432_startup_ccs.obj (.text:defaultISR)
                  0000974a    00000006     --HOLE-- [fill = 0]
                  00009750    00000002     msp432_startup_ccs.obj (.text:faultISR)
                  00009752    00000006     --HOLE-- [fill = 0]
                  00009758    00000002     msp432_startup_ccs.obj (.text:nmiISR)
                  0000975a    00000006     --HOLE-- [fill = 0]
                  00009760    00000002     main_blinky.obj (.text:vApplicationTickHook)
                  00009762    00000006     --HOLE-- [fill = 0]
                  00009768    00000002     main_blinky.obj (.text:vPreSleepProcessing)

.const     0    0000976c    000000b4     
                  0000976c    00000080     msp432p4xx_driverlib.lib : adc14.o (.const:_ctlRegs)
                  000097ec    00000014     MPU9250.obj (.const:i2cConfig)
                  00009800    0000000a     ff.obj (.const:.string:DbcTbl)
                  0000980a    00000002     --HOLE-- [fill = 0]
                  0000980c    00000008     interrupt.obj (.const:g_pulEnRegs)
                  00009814    00000008     port.obj (.const)
                  0000981c    00000004     serial.obj (.const)

.cinit     0    00009820    00000098     
                  00009820    00000071     (.cinit..data.load) [load image, compression = lzss]
                  00009891    00000003     --HOLE-- [fill = 0]
                  00009894    0000000c     (__TI_handler_table)
                  000098a0    00000008     (.cinit..bss.load) [load image, compression = zero_init]
                  000098a8    00000010     (__TI_cinit_table)

.init_array 
*          0    00000000    00000000     UNINITIALIZED

.binit     0    00000000    00000000     

.bss       0    20000000    0000e7ec     UNINITIALIZED
                  20000000    0000c800     heap_4.obj (.bss:ucHeap)
                  2000c800    00001918     (.common:RecorderData)
                  2000e118    00000230     (.common:sdDriver)
                  2000e348    00000228     (.common:file)
                  2000e570    00000098     (.common:obcData)
                  2000e608    00000064     tasks.obj (.bss:pxReadyTasksLists)
                  2000e66c    0000003f     (.common:imuData)
                  2000e6ab    00000001     (.common:fResult)
                  2000e6ac    0000001c     main.obj (.bss:calendarConfig)
                  2000e6c8    00000014     timers.obj (.bss:xActiveTimerList1)
                  2000e6dc    00000014     timers.obj (.bss:xActiveTimerList2)
                  2000e6f0    00000014     tasks.obj (.bss:xDelayedTaskList1)
                  2000e704    00000014     tasks.obj (.bss:xDelayedTaskList2)
                  2000e718    00000014     tasks.obj (.bss:xPendingReadyList)
                  2000e72c    00000014     tasks.obj (.bss:xSuspendedTaskList)
                  2000e740    00000014     tasks.obj (.bss:xTasksWaitingTermination)
                  2000e754    00000010     (.common:bufferIMU)
                  2000e764    0000000c     (.common:resultsBuffer)
                  2000e770    00000009     mmc_MSP432P401r.obj (.bss)
                  2000e779    00000001     --HOLE--
                  2000e77a    00000002     ff.obj (.bss)
                  2000e77c    00000008     IntQueue.obj (.bss)
                  2000e784    00000008     cs.obj (.bss)
                  2000e78c    00000008     tasks.obj (.bss)
                  2000e794    00000008     timers.obj (.bss)
                  2000e79c    00000008     heap_4.obj (.bss:xStart)
                  2000e7a4    00000008     (.common:buffer)
                  2000e7ac    00000006     (.common:localTime)
                  2000e7b2    00000002     (.common:cal30)
                  2000e7b4    00000004     ff.obj (.bss:FatFs)
                  2000e7b8    00000004     (.common:WATCHDOG_EVENT_GROUP)
                  2000e7bc    00000004     (.common:bw)
                  2000e7c0    00000004     (.common:flag_lowBattery)
                  2000e7c4    00000004     (.common:flag_systemMode)
                  2000e7c8    00000004     (.common:init_hwtc_count)
                  2000e7cc    00000004     (.common:taskHandlerAodcs)
                  2000e7d0    00000004     (.common:taskHandlerCamera)
                  2000e7d4    00000004     (.common:taskHandlerDataStorage)
                  2000e7d8    00000004     (.common:taskHandlerHouseKeeping)
                  2000e7dc    00000004     (.common:taskHandlerPpt)
                  2000e7e0    00000004     (.common:taskHandlerTtc)
                  2000e7e4    00000004     (.common:taskHandlerWatchDog)
                  2000e7e8    00000002     (.common:cal85)
                  2000e7ea    00000002     (.common:calDifference)

.data      0    2000e7ec    00000389     UNINITIALIZED
                  2000e7ec    000000c8     IntQueue.obj (.data:ucNormallyEmptyReceivedValues)
                  2000e8b4    000000c8     IntQueue.obj (.data:ucNormallyFullReceivedValues)
                  2000e97c    0000008e     trcSnapshotRecorder.obj (.data:objectHandleStacks)
                  2000ea0a    00000002     MPU9250.obj (.data)
                  2000ea0c    00000044     trcSnapshotRecorder.obj (.data)
                  2000ea50    0000003c     IntQueue.obj (.data)
                  2000ea8c    00000034     tasks.obj (.data)
                  2000eac0    00000030     gpio.obj (.data:GPIO_PORT_TO_BASE)
                  2000eaf0    0000001d     taskManager.obj (.data)
                  2000eb0d    00000002     mmc_MSP432P401r.obj (.data)
                  2000eb0f    00000001     --HOLE--
                  2000eb10    0000001c     dataStorage.obj (.data:SPI0MasterConfig)
                  2000eb2c    00000018     port.obj (.data)
                  2000eb44    00000010     heap_4.obj (.data)
                  2000eb54    00000010     serial.obj (.data)
                  2000eb64    0000000c     timers.obj (.data)
                  2000eb70    00000005     trcKernelPort.obj (.data:TraceQueueClassTable)

.stack     0    2000fce0    00000320     UNINITIALIZED
                  2000fce0    00000004     rtsv7M4_T_le_v4SPD16_eabi.lib : boot_cortex_m.c.obj (.stack)
                  2000fce4    0000031c     --HOLE--

MODULE SUMMARY

       Module                       code    ro data   rw data
       ------                       ----    -------   -------
    .\
       main.obj                     358     0         440    
    +--+----------------------------+-------+---------+---------+
       Total:                       358     0         440    
                                                             
    .\FreeRTOS_Source\
       tasks.obj                    5476    0         520    
       queue.obj                    4030    0         0      
       timers.obj                   1082    0         120    
       event_groups.obj             528     0         0      
       list.obj                     150     0         0      
    +--+----------------------------+-------+---------+---------+
       Total:                       11266   0         640    
                                                             
    .\FreeRTOS_Source\portable\CCS\ARM_CM4F\
       port.obj                     984     8         48     
       portasm.obj                  218     0         0      
    +--+----------------------------+-------+---------+---------+
       Total:                       1202    8         48     
                                                             
    .\FreeRTOS_Source\portable\MemMang\
       heap_4.obj                   680     0         102448 
    +--+----------------------------+-------+---------+---------+
       Total:                       680     0         102448 
                                                             
    .\Full_Demo\
       serial.obj                   180     4         32     
       IntQueueTimer.obj            104     0         0      
    +--+----------------------------+-------+---------+---------+
       Total:                       284     4         32     
                                                             
    .\Full_Demo\Standard_Demo_Tasks\
       IntQueue.obj                 836     0         936    
    +--+----------------------------+-------+---------+---------+
       Total:                       836     0         936    
                                                             
    .\SimplyBlinkyDemo\
       main_blinky.obj              4       0         0      
    +--+----------------------------+-------+---------+---------+
       Total:                       4       0         0      
                                                             
    .\Tracealyzer\
       trcSnapshotRecorder.obj      5948    0         13276  
       trcKernelPort.obj            1494    0         10     
    +--+----------------------------+-------+---------+---------+
       Total:                       7442    0         13286  
                                                             
    .\driverlib\
       cs.obj                       1154    0         16     
       pcm.obj                      682     0         0      
       gpio.obj                     368     0         96     
       interrupt.obj                136     8         0      
       sysctl.obj                   128     0         0      
       flash.obj                    48      0         0      
       wdt_a.obj                    44      0         0      
       cpu.obj                      16      0         0      
    +--+----------------------------+-------+---------+---------+
       Total:                       2576    8         112    
                                                             
    .\interface\
       MPU9250.obj                  922     20        36     
    +--+----------------------------+-------+---------+---------+
       Total:                       922     20        36     
                                                             
    .\src\
       dataStorage.obj              972     0         2444   
       taskManager.obj              1136    0         58     
       houseKeeping.obj             832     0         36     
       watchDogTask.obj             112     0         0      
       ttcTask.obj                  92      0         0      
       aodcsTask.obj                68      0         0      
       cameraTask.obj               68      0         0      
       pptTask.obj                  68      0         0      
    +--+----------------------------+-------+---------+---------+
       Total:                       3348    0         2538   
                                                             
    .\system\CCS\
       msp432_startup_ccs.obj       30      324       0      
       system_msp432p401r.obj       104     0         0      
    +--+----------------------------+-------+---------+---------+
       Total:                       134     324       0      
                                                             
    .\util\
       itoa.obj                     164     0         0      
    +--+----------------------------+-------+---------+---------+
       Total:                       164     0         0      
                                                             
    .\util\Hardware\
       SPI_Driver.obj               184     0         0      
       GPIO_Driver.obj              72      0         0      
       CS_Driver.obj                34      0         0      
    +--+----------------------------+-------+---------+---------+
       Total:                       290     0         0      
                                                             
    .\util\fatfs\
       ff.obj                       4793    10        12     
       mmc_MSP432P401r.obj          1694    0         22     
       diskio.obj                   148     0         0      
    +--+----------------------------+-------+---------+---------+
       Total:                       6635    10        34     
                                                             
    C:/ti/simplelink_msp432p4_sdk_2_40_00_10/source/ti/devices/msp432p4xx/driverlib/ccs/msp432p4xx_driverlib.lib
       adc14.o                      500     128       0      
       spi.o                        240     0         0      
       rtc_c.o                      124     0         0      
       i2c.o                        104     0         0      
    +--+----------------------------+-------+---------+---------+
       Total:                       968     128       0      
                                                             
    C:\ti\ccsv8\tools\compiler\ti-cgt-arm_18.1.1.LTS\lib\rtsv7M4_T_le_v4SPD16_eabi.lib
       memcpy_t2.asm.obj            156     0         0      
       memset_t2.asm.obj            122     0         0      
       copy_decompress_lzss.c.obj   104     0         0      
       autoinit.c.obj               68      0         0      
       boot_cortex_m.c.obj          56      0         0      
       copy_decompress_none.c.obj   14      0         0      
       copy_zero_init.c.obj         12      0         0      
       exit.c.obj                   4       0         0      
       pre_init.c.obj               4       0         0      
    +--+----------------------------+-------+---------+---------+
       Total:                       540     0         0      
                                                             
       Stack:                       0       0         1600   
       Linker Generated:            0       149       0      
    +--+----------------------------+-------+---------+---------+
       Grand Total:                 37649   651       122150 


LINKER GENERATED COPY TABLES

__TI_cinit_table @ 000098a8 records: 2, size/record: 8, table size: 16
	.data: load addr=00009820, load size=00000071 bytes, run addr=2000e7ec, run size=00000389 bytes, compression=lzss
	.bss: load addr=000098a0, load size=00000008 bytes, run addr=20000000, run size=0000e7ec bytes, compression=zero_init


LINKER GENERATED HANDLER TABLE

__TI_handler_table @ 00009894 records: 3, size/record: 4, table size: 12
	index: 0, handler: __TI_decompress_lzss
	index: 1, handler: __TI_decompress_none
	index: 2, handler: __TI_zero_init


GLOBAL SYMBOLS: SORTED ALPHABETICALLY BY Name 

address   name                                       
-------   ----                                       
00004679  ADC14_IRQHandler                           
00006ff9  ADC14_getMultiSequenceResult               
00009099  ADC14_getResult                            
00000af5  C$$EXIT                                    
000095b1  CPU_cpsie                                  
00009721  CPU_wfi                                    
00008e79  CS_Init                                    
00008dd9  CS_clearInterruptFlag                      
00002a91  CS_getDCOFrequency                         
00009219  CS_getMCLK                                 
00003cc1  CS_initClockSignal                         
00008b91  CS_setDCOCenteredFrequency                 
2000ea36  CurrentFilterGroup                         
2000ea34  CurrentFilterMask                          
00008b01  FlashCtl_setWaitState                      
000094d1  GPIO_High                                  
00008d11  GPIO_Init                                  
000094e1  GPIO_Low                                   
00009381  GPIO_clearInterruptFlag                    
00009399  GPIO_enableInterrupt                       
00009231  GPIO_getInputPinValue                      
00008bc1  GPIO_setAsInputPinWithPullUpResistor       
00008f19  GPIO_setAsOutputPin                        
00007c71  GPIO_setAsPeripheralModuleFunctionInputPin 
00007cc9  GPIO_setAsPeripheralModuleFunctionOutputPin
000093b1  GPIO_setOutputHighOnPin                    
000093c9  GPIO_setOutputLowOnPin                     
000093e1  GPIO_toggleOutputOnPin                     
0000755d  I2C_masterSendMultiByteStart               
00007071  Interrupt_enableInterrupt                  
000094f1  Interrupt_enableMaster                     
000027e1  MMC_disk_initialize                        
00002039  MMC_disk_ioctl                             
000065b1  MMC_disk_read                              
000095c1  MMC_disk_status                            
00005a31  MMC_disk_write                             
2000ea0a  MPU9250_devAddr                            
00009501  MPU9250_getMotion9                         
00008f39  MPU9250_initialize                         
000095d1  MPU9250_setClockSource                     
00007f89  PCM_getCoreVoltageLevel                    
00008731  PCM_getPowerMode                           
000095e1  PCM_getPowerState                          
00008bf1  PCM_gotoLPM0                               
000096f9  PCM_setCoreVoltageLevel                    
00009701  PCM_setPowerMode                           
00006e01  RTC_C_getCalendarTime                      
2000c800  RecorderData                               
2000ea3c  RecorderDataPtr                            
2000eb10  SPI0MasterConfig                           
00007fd9  SPI_Init                                   
00008899  SPI_Read                                   
000088d1  SPI_Write                                  
00005e95  SPI_initMaster                             
00007d21  SysCtl_getTLVInfo                          
000095f1  SysCtl_getTempCalibrationConstant          
00008f59  SysCtl_setWDTTimeoutResetType              
000075c9  SystemInit                                 
2000eb70  TraceQueueClassTable                       
2000e7b8  WATCHDOG_EVENT_GROUP                       
4000480c  WDTCTL_SYM                                 
00009249  WDT_A_clearTimer                           
00008f59  WDT_A_setTimeoutReset                      
000093f9  WDT_A_startTimer                           
20010000  __STACK_END                                
00000320  __STACK_SIZE                               
000098a8  __TI_CINIT_Base                            
000098b8  __TI_CINIT_Limit                           
00009894  __TI_Handler_Table_Base                    
000098a0  __TI_Handler_Table_Limit                   
00008419  __TI_auto_init_nobinit_nopinit             
00007631  __TI_decompress_lzss                       
00009591  __TI_decompress_none                       
ffffffff  __TI_pprof_out_hndl                        
ffffffff  __TI_prof_data_size                        
ffffffff  __TI_prof_data_start                       
00000000  __TI_static_base__                         
0000960d  __TI_zero_init                             
00006f7d  __aeabi_memclr                             
00006f7d  __aeabi_memclr4                            
00006f7d  __aeabi_memclr8                            
00006341  __aeabi_memcpy                             
00006341  __aeabi_memcpy4                            
00006341  __aeabi_memcpy8                            
00006f7f  __aeabi_memset                             
00006f7f  __aeabi_memset4                            
00006f7f  __aeabi_memset8                            
ffffffff  __binit__                                  
ffffffff  __c_args__                                 
UNDEFED   __mpu_init                                 
2000fce0  __stack                                    
000087ed  _c_int00_noargs                            
UNDEFED   _system_post_cinit                         
000007dd  _system_pre_init                           
00000af5  abort                                      
00003de1  adcInit                                    
2000eb0c  adcInitDelay                               
00008909  aodcsTask                                  
2000eb04  batteryValue                               
ffffffff  binit                                      
2000e7a4  buffer                                     
2000e754  bufferIMU                                  
2000e7bc  bw                                         
2000e7b2  cal30                                      
2000e7e8  cal85                                      
2000e7ea  calDifference                              
00008941  cameraTask                                 
2000eb08  clock                                      
000007e1  dataStorage                                
00009279  disk_initialize                            
00008f79  disk_ioctl                                 
00008ea1  disk_read                                  
00009291  disk_status                                
00008ec9  disk_write                                 
000085b1  eTaskConfirmSleepModeStatus                
2000e6ab  fResult                                    
000081b9  f_mount                                    
000017a1  f_open                                     
00006481  f_sync                                     
00001401  f_write                                    
2000e348  file                                       
2000e7c0  flag_lowBattery                            
2000e7c4  flag_systemMode                            
00008461  getLocalTime                               
000068a1  getMotion6                                 
00007d79  getTemperature                             
00009729  get_fattime                                
2000ea2d  handle_of_last_logged_task                 
00001969  houseKeeping                               
000097ec  i2cConfig                                  
2000e66c  imuData                                    
000084f1  initI2C                                    
00007839  initSD                                     
2000e7c8  init_hwtc_count                            
00000000  interruptVectors                           
2000ea0c  isPendingContextSwitch                     
00006151  itoa                                       
2000e7ac  localTime                                  
00008341  main                                       
00006341  memcpy                                     
00006f85  memset                                     
2000ea2c  nISRactive                                 
2000e570  obcData                                    
2000e97c  objectHandleStacks                         
000089e9  pptTask                                    
00008f99  prvCalendarConfiguration                   
00008fb9  prvMarkObjectAsUsed                        
000084a9  prvQueueDataCreate                         
000078a1  prvResumeAllTasks                          
00007909  prvSuspendAllTasks                         
000030f1  prvTaskCreate                              
00008631  prvTraceError                              
00009699  prvTraceGetCurrentTaskHandle               
00002941  prvTraceGetObjectHandle                    
00005041  prvTraceGetPriorityProperty                
00009731  prvTraceGetQueueNumber                     
00009639  prvTraceGetQueueNumberHigh16               
000096b9  prvTraceGetQueueNumberLow16                
00009709  prvTraceGetQueueType                       
00009649  prvTraceGetTaskNumberHigh16                
000096c9  prvTraceGetTaskNumberLow16                 
000060a9  prvTraceInitCortexM                        
00007ed9  prvTracePortGetTimeStamp                   
00004351  prvTraceSetObjectName                      
00005701  prvTraceSetObjectState                     
000052d9  prvTraceSetPriorityProperty                
00009179  prvTraceSetQueueNumberHigh16               
00009199  prvTraceSetQueueNumberLow16                
00006f01  prvTraceSetTaskInstanceFinished            
000091b9  prvTraceSetTaskNumberHigh16                
000091d9  prvTraceSetTaskNumberLow16                 
00001e99  prvTraceStoreKernelCall                    
00004131  prvTraceStoreKernelCallWithNumericParamOnly
000015d9  prvTraceStoreKernelCallWithParam           
00004c91  prvTraceStoreTaskReady                     
00004f59  prvTraceStoreTaskswitch                    
00009511  prvWatchDogEventGroupCreate                
00000149  pszTraceGetErrorNotEnoughHandles           
00002e69  pvPortMalloc                               
000092a9  pvTaskIncrementMutexHeldCount              
2000ea8c  pxCurrentTCB                               
00008c51  pxPortInitialiseStack                      
00004461  readI2C                                    
2000ea20  recorder_busy                              
2000e764  resultsBuffer                              
2000e118  sdDriver                                   
2000eafc  semaphoreIMU                               
2000eb00  semaphoreSystem                            
00009669  setFullScaleAccelRange                     
00009679  setFullScaleGyroRange                      
00006519  setOperationMode                           
000096d9  setSleepEnabled                            
00009521  setWatchDogBit_AODCS                       
00009531  setWatchDogBit_CAMERA                      
00009541  setWatchDogBit_DATASTORAGE                 
00009551  setWatchDogBit_HOUSEKEEPING                
00009561  setWatchDogBit_PPT                         
00009571  setWatchDogBit_TTC                         
2000e7cc  taskHandlerAodcs                           
2000e7d0  taskHandlerCamera                          
2000e7d4  taskHandlerDataStorage                     
2000e7d8  taskHandlerHouseKeeping                    
2000e7dc  taskHandlerPpt                             
2000e7e0  taskHandlerTtc                             
2000e7e4  taskHandlerWatchDog                        
00006d81  taskManager                                
2000ea24  timestampFrequency                         
2000ea28  traceErrorMessage                          
2000ea18  trace_disable_timestamp                    
000082a9  ttcTask                                    
00009709  ucQueueGetQueueType                        
00003361  uiIndexOfObject                            
00004d89  uiTraceStart                               
2000ea14  uiTraceTickCount                           
00009814  ulMaxSyscallInterruptPriority              
0000520d  ulPortGetIPSR                              
00004679  updateBatteryLevel                         
00008db1  uxListRemove                               
00009731  uxQueueGetQueueNumber                      
000096e9  uxTaskGetTaskNumber                        
000092f1  uxTaskResetEventItemValue                  
00009489  vApplicationIdleHook                       
000094a1  vApplicationMallocFailedHook               
000094b9  vApplicationStackOverflowHook              
00009761  vApplicationTickHook                       
00009079  vListInitialise                            
00009711  vListInitialiseItem                        
00008a21  vListInsert                                
00009309  vListInsertEnd                             
000052c9  vPortEnableVFP                             
000086f1  vPortEnterCritical                         
00008b61  vPortExitCritical                          
000069c1  vPortFree                                  
00005285  vPortSVCHandler                            
00007701  vPortSetupTimerInterrupt                   
000052a5  vPortStartFirstTask                        
00003229  vPortSuppressTicksAndSleep                 
000079d9  vPortValidateInterruptPriority             
00009769  vPreSleepProcessing                        
00009739  vQueueSetQueueNumber                       
000083d1  vQueueWaitForMessageRestricted             
00008a59  vT32_0_Handler                             
00008a91  vT32_1_Handler                             
000063e1  vTaskDelay                                 
00004a91  vTaskDelayUntil                            
00009321  vTaskInternalSetTimeOutState               
00009689  vTaskMissedYield                           
00003a79  vTaskNotifyGiveFromISR                     
00008861  vTaskPlaceOnEventList                      
00006b69  vTaskPlaceOnEventListRestricted            
00007b61  vTaskPlaceOnUnorderedEventList             
000035c1  vTaskPriorityDisinheritAfterTimeout        
00005c71  vTaskRemoveFromUnorderedEventList          
000053b1  vTaskResume                                
00009719  vTaskSetTaskNumber                         
00006c79  vTaskStartScheduler                        
00008ac9  vTaskStepTick                              
000036f1  vTaskSuspend                               
00009581  vTaskSuspendAll                            
00005489  vTaskSwitchContext                         
000061f9  vTraceEnable                               
000057d1  vTraceInitObjectHandleStack                
00003f01  vTraceInitObjectPropertyTable              
00009741  vTraceStart                                
00008e29  vTraceStop                                 
2000ea30  vTraceStopHookPtr                          
00005bb1  vTraceStoreMemMangEvent                    
00005d29  vUART_Handler                              
00007481  watchDogTask                               
00008119  writeBit                                   
00007aa1  writeBits                                  
00005de1  writeI2C                                   
000091f9  xEventGroupCreate                          
00005ff9  xEventGroupSetBits                         
00003821  xEventGroupWaitBits                        
00003491  xFirstTimerHandler                         
00005225  xPortPendSVHandler                         
00005121  xPortStartScheduler                        
00008cb1  xPortSysTickHandler                        
00009369  xQueueCreateMutex                          
2000eaf4  xQueueDataObc                              
00007161  xQueueGenericCreate                        
00006811  xQueueGenericReset                         
00000af9  xQueueGenericSend                          
00002371  xQueueGenericSendFromISR                   
2000eaf0  xQueueIMU                                  
00008ce1  xQueueIsQueueFullFromISR                   
00001111  xQueueReceive                              
00002d21  xQueueReceiveFromISR                       
000004a9  xQueueSemaphoreTake                        
2000eaf8  xQueueSystem                               
00001b29  xSecondTimerHandler                        
00006779  xTaskCheckForTimeOut                       
00007769  xTaskCreate                                
00009699  xTaskGetCurrentTaskHandle                  
00009039  xTaskGetSchedulerState                     
000096a9  xTaskGetTickCount                          
000021d9  xTaskIncrementTick                         
00003ba1  xTaskPriorityDisinherit                    
00004241  xTaskPriorityInherit                       
00005971  xTaskRemoveFromEventList                   
00003951  xTaskResumeAll                             
00007bc1  xTimerCreateTimerTask                      
000071d9  xTimerGenericCommand                       


GLOBAL SYMBOLS: SORTED BY Symbol Address 

address   name                                       
-------   ----                                       
00000000  __TI_static_base__                         
00000000  interruptVectors                           
00000149  pszTraceGetErrorNotEnoughHandles           
00000320  __STACK_SIZE                               
000004a9  xQueueSemaphoreTake                        
000007dd  _system_pre_init                           
000007e1  dataStorage                                
00000af5  C$$EXIT                                    
00000af5  abort                                      
00000af9  xQueueGenericSend                          
00001111  xQueueReceive                              
00001401  f_write                                    
000015d9  prvTraceStoreKernelCallWithParam           
000017a1  f_open                                     
00001969  houseKeeping                               
00001b29  xSecondTimerHandler                        
00001e99  prvTraceStoreKernelCall                    
00002039  MMC_disk_ioctl                             
000021d9  xTaskIncrementTick                         
00002371  xQueueGenericSendFromISR                   
000027e1  MMC_disk_initialize                        
00002941  prvTraceGetObjectHandle                    
00002a91  CS_getDCOFrequency                         
00002d21  xQueueReceiveFromISR                       
00002e69  pvPortMalloc                               
000030f1  prvTaskCreate                              
00003229  vPortSuppressTicksAndSleep                 
00003361  uiIndexOfObject                            
00003491  xFirstTimerHandler                         
000035c1  vTaskPriorityDisinheritAfterTimeout        
000036f1  vTaskSuspend                               
00003821  xEventGroupWaitBits                        
00003951  xTaskResumeAll                             
00003a79  vTaskNotifyGiveFromISR                     
00003ba1  xTaskPriorityDisinherit                    
00003cc1  CS_initClockSignal                         
00003de1  adcInit                                    
00003f01  vTraceInitObjectPropertyTable              
00004131  prvTraceStoreKernelCallWithNumericParamOnly
00004241  xTaskPriorityInherit                       
00004351  prvTraceSetObjectName                      
00004461  readI2C                                    
00004679  ADC14_IRQHandler                           
00004679  updateBatteryLevel                         
00004a91  vTaskDelayUntil                            
00004c91  prvTraceStoreTaskReady                     
00004d89  uiTraceStart                               
00004f59  prvTraceStoreTaskswitch                    
00005041  prvTraceGetPriorityProperty                
00005121  xPortStartScheduler                        
0000520d  ulPortGetIPSR                              
00005225  xPortPendSVHandler                         
00005285  vPortSVCHandler                            
000052a5  vPortStartFirstTask                        
000052c9  vPortEnableVFP                             
000052d9  prvTraceSetPriorityProperty                
000053b1  vTaskResume                                
00005489  vTaskSwitchContext                         
00005701  prvTraceSetObjectState                     
000057d1  vTraceInitObjectHandleStack                
00005971  xTaskRemoveFromEventList                   
00005a31  MMC_disk_write                             
00005bb1  vTraceStoreMemMangEvent                    
00005c71  vTaskRemoveFromUnorderedEventList          
00005d29  vUART_Handler                              
00005de1  writeI2C                                   
00005e95  SPI_initMaster                             
00005ff9  xEventGroupSetBits                         
000060a9  prvTraceInitCortexM                        
00006151  itoa                                       
000061f9  vTraceEnable                               
00006341  __aeabi_memcpy                             
00006341  __aeabi_memcpy4                            
00006341  __aeabi_memcpy8                            
00006341  memcpy                                     
000063e1  vTaskDelay                                 
00006481  f_sync                                     
00006519  setOperationMode                           
000065b1  MMC_disk_read                              
00006779  xTaskCheckForTimeOut                       
00006811  xQueueGenericReset                         
000068a1  getMotion6                                 
000069c1  vPortFree                                  
00006b69  vTaskPlaceOnEventListRestricted            
00006c79  vTaskStartScheduler                        
00006d81  taskManager                                
00006e01  RTC_C_getCalendarTime                      
00006f01  prvTraceSetTaskInstanceFinished            
00006f7d  __aeabi_memclr                             
00006f7d  __aeabi_memclr4                            
00006f7d  __aeabi_memclr8                            
00006f7f  __aeabi_memset                             
00006f7f  __aeabi_memset4                            
00006f7f  __aeabi_memset8                            
00006f85  memset                                     
00006ff9  ADC14_getMultiSequenceResult               
00007071  Interrupt_enableInterrupt                  
00007161  xQueueGenericCreate                        
000071d9  xTimerGenericCommand                       
00007481  watchDogTask                               
0000755d  I2C_masterSendMultiByteStart               
000075c9  SystemInit                                 
00007631  __TI_decompress_lzss                       
00007701  vPortSetupTimerInterrupt                   
00007769  xTaskCreate                                
00007839  initSD                                     
000078a1  prvResumeAllTasks                          
00007909  prvSuspendAllTasks                         
000079d9  vPortValidateInterruptPriority             
00007aa1  writeBits                                  
00007b61  vTaskPlaceOnUnorderedEventList             
00007bc1  xTimerCreateTimerTask                      
00007c71  GPIO_setAsPeripheralModuleFunctionInputPin 
00007cc9  GPIO_setAsPeripheralModuleFunctionOutputPin
00007d21  SysCtl_getTLVInfo                          
00007d79  getTemperature                             
00007ed9  prvTracePortGetTimeStamp                   
00007f89  PCM_getCoreVoltageLevel                    
00007fd9  SPI_Init                                   
00008119  writeBit                                   
000081b9  f_mount                                    
000082a9  ttcTask                                    
00008341  main                                       
000083d1  vQueueWaitForMessageRestricted             
00008419  __TI_auto_init_nobinit_nopinit             
00008461  getLocalTime                               
000084a9  prvQueueDataCreate                         
000084f1  initI2C                                    
000085b1  eTaskConfirmSleepModeStatus                
00008631  prvTraceError                              
000086f1  vPortEnterCritical                         
00008731  PCM_getPowerMode                           
000087ed  _c_int00_noargs                            
00008861  vTaskPlaceOnEventList                      
00008899  SPI_Read                                   
000088d1  SPI_Write                                  
00008909  aodcsTask                                  
00008941  cameraTask                                 
000089e9  pptTask                                    
00008a21  vListInsert                                
00008a59  vT32_0_Handler                             
00008a91  vT32_1_Handler                             
00008ac9  vTaskStepTick                              
00008b01  FlashCtl_setWaitState                      
00008b61  vPortExitCritical                          
00008b91  CS_setDCOCenteredFrequency                 
00008bc1  GPIO_setAsInputPinWithPullUpResistor       
00008bf1  PCM_gotoLPM0                               
00008c51  pxPortInitialiseStack                      
00008cb1  xPortSysTickHandler                        
00008ce1  xQueueIsQueueFullFromISR                   
00008d11  GPIO_Init                                  
00008db1  uxListRemove                               
00008dd9  CS_clearInterruptFlag                      
00008e29  vTraceStop                                 
00008e79  CS_Init                                    
00008ea1  disk_read                                  
00008ec9  disk_write                                 
00008f19  GPIO_setAsOutputPin                        
00008f39  MPU9250_initialize                         
00008f59  SysCtl_setWDTTimeoutResetType              
00008f59  WDT_A_setTimeoutReset                      
00008f79  disk_ioctl                                 
00008f99  prvCalendarConfiguration                   
00008fb9  prvMarkObjectAsUsed                        
00009039  xTaskGetSchedulerState                     
00009079  vListInitialise                            
00009099  ADC14_getResult                            
00009179  prvTraceSetQueueNumberHigh16               
00009199  prvTraceSetQueueNumberLow16                
000091b9  prvTraceSetTaskNumberHigh16                
000091d9  prvTraceSetTaskNumberLow16                 
000091f9  xEventGroupCreate                          
00009219  CS_getMCLK                                 
00009231  GPIO_getInputPinValue                      
00009249  WDT_A_clearTimer                           
00009279  disk_initialize                            
00009291  disk_status                                
000092a9  pvTaskIncrementMutexHeldCount              
000092f1  uxTaskResetEventItemValue                  
00009309  vListInsertEnd                             
00009321  vTaskInternalSetTimeOutState               
00009369  xQueueCreateMutex                          
00009381  GPIO_clearInterruptFlag                    
00009399  GPIO_enableInterrupt                       
000093b1  GPIO_setOutputHighOnPin                    
000093c9  GPIO_setOutputLowOnPin                     
000093e1  GPIO_toggleOutputOnPin                     
000093f9  WDT_A_startTimer                           
00009489  vApplicationIdleHook                       
000094a1  vApplicationMallocFailedHook               
000094b9  vApplicationStackOverflowHook              
000094d1  GPIO_High                                  
000094e1  GPIO_Low                                   
000094f1  Interrupt_enableMaster                     
00009501  MPU9250_getMotion9                         
00009511  prvWatchDogEventGroupCreate                
00009521  setWatchDogBit_AODCS                       
00009531  setWatchDogBit_CAMERA                      
00009541  setWatchDogBit_DATASTORAGE                 
00009551  setWatchDogBit_HOUSEKEEPING                
00009561  setWatchDogBit_PPT                         
00009571  setWatchDogBit_TTC                         
00009581  vTaskSuspendAll                            
00009591  __TI_decompress_none                       
000095b1  CPU_cpsie                                  
000095c1  MMC_disk_status                            
000095d1  MPU9250_setClockSource                     
000095e1  PCM_getPowerState                          
000095f1  SysCtl_getTempCalibrationConstant          
0000960d  __TI_zero_init                             
00009639  prvTraceGetQueueNumberHigh16               
00009649  prvTraceGetTaskNumberHigh16                
00009669  setFullScaleAccelRange                     
00009679  setFullScaleGyroRange                      
00009689  vTaskMissedYield                           
00009699  prvTraceGetCurrentTaskHandle               
00009699  xTaskGetCurrentTaskHandle                  
000096a9  xTaskGetTickCount                          
000096b9  prvTraceGetQueueNumberLow16                
000096c9  prvTraceGetTaskNumberLow16                 
000096d9  setSleepEnabled                            
000096e9  uxTaskGetTaskNumber                        
000096f9  PCM_setCoreVoltageLevel                    
00009701  PCM_setPowerMode                           
00009709  prvTraceGetQueueType                       
00009709  ucQueueGetQueueType                        
00009711  vListInitialiseItem                        
00009719  vTaskSetTaskNumber                         
00009721  CPU_wfi                                    
00009729  get_fattime                                
00009731  prvTraceGetQueueNumber                     
00009731  uxQueueGetQueueNumber                      
00009739  vQueueSetQueueNumber                       
00009741  vTraceStart                                
00009761  vApplicationTickHook                       
00009769  vPreSleepProcessing                        
000097ec  i2cConfig                                  
00009814  ulMaxSyscallInterruptPriority              
00009894  __TI_Handler_Table_Base                    
000098a0  __TI_Handler_Table_Limit                   
000098a8  __TI_CINIT_Base                            
000098b8  __TI_CINIT_Limit                           
2000c800  RecorderData                               
2000e118  sdDriver                                   
2000e348  file                                       
2000e570  obcData                                    
2000e66c  imuData                                    
2000e6ab  fResult                                    
2000e754  bufferIMU                                  
2000e764  resultsBuffer                              
2000e7a4  buffer                                     
2000e7ac  localTime                                  
2000e7b2  cal30                                      
2000e7b8  WATCHDOG_EVENT_GROUP                       
2000e7bc  bw                                         
2000e7c0  flag_lowBattery                            
2000e7c4  flag_systemMode                            
2000e7c8  init_hwtc_count                            
2000e7cc  taskHandlerAodcs                           
2000e7d0  taskHandlerCamera                          
2000e7d4  taskHandlerDataStorage                     
2000e7d8  taskHandlerHouseKeeping                    
2000e7dc  taskHandlerPpt                             
2000e7e0  taskHandlerTtc                             
2000e7e4  taskHandlerWatchDog                        
2000e7e8  cal85                                      
2000e7ea  calDifference                              
2000e97c  objectHandleStacks                         
2000ea0a  MPU9250_devAddr                            
2000ea0c  isPendingContextSwitch                     
2000ea14  uiTraceTickCount                           
2000ea18  trace_disable_timestamp                    
2000ea20  recorder_busy                              
2000ea24  timestampFrequency                         
2000ea28  traceErrorMessage                          
2000ea2c  nISRactive                                 
2000ea2d  handle_of_last_logged_task                 
2000ea30  vTraceStopHookPtr                          
2000ea34  CurrentFilterMask                          
2000ea36  CurrentFilterGroup                         
2000ea3c  RecorderDataPtr                            
2000ea8c  pxCurrentTCB                               
2000eaf0  xQueueIMU                                  
2000eaf4  xQueueDataObc                              
2000eaf8  xQueueSystem                               
2000eafc  semaphoreIMU                               
2000eb00  semaphoreSystem                            
2000eb04  batteryValue                               
2000eb08  clock                                      
2000eb0c  adcInitDelay                               
2000eb10  SPI0MasterConfig                           
2000eb70  TraceQueueClassTable                       
2000fce0  __stack                                    
20010000  __STACK_END                                
4000480c  WDTCTL_SYM                                 
ffffffff  __TI_pprof_out_hndl                        
ffffffff  __TI_prof_data_size                        
ffffffff  __TI_prof_data_start                       
ffffffff  __binit__                                  
ffffffff  __c_args__                                 
ffffffff  binit                                      
UNDEFED   __mpu_init                                 
UNDEFED   _system_post_cinit                         

[304 symbols]
