******************************************************************************
                  TI ARM Linker PC v18.1.1                     
******************************************************************************
>> Linked Sun Jun 23 23:41:05 2019

OUTPUT FILE NAME:   <Firmware_OBC.out>
ENTRY POINT SYMBOL: "_c_int00_noargs"  address: 000087bd


MEMORY CONFIGURATION

         name            origin    length      used     unused   attr    fill
----------------------  --------  ---------  --------  --------  ----  --------
  MAIN                  00000000   0003f000  00009932  000356ce  R  X
  MYDATA                0003f000   00001000  00000000  00001000  R  X
  INFO                  00200000   00004000  00000000  00004000  R  X
  SRAM_CODE             01000000   00010000  0000ee93  0000116d  RW X
  SRAM_DATA             20000000   00010000  0000ee93  0000116d  RW  


SEGMENT ALLOCATION MAP

run origin  load origin   length   init length attrs members
----------  ----------- ---------- ----------- ----- -------
00000000    00000000    00009938   00009938    r-x
  00000000    00000000    00000144   00000144    r-- .intvecs
  00000148    00000148    000096aa   000096aa    r-x .text
  000097f4    000097f4    000000ac   000000ac    r-- .const
  000098a0    000098a0    00000098   00000098    r-- .cinit
20000000    20000000    0000eb73   00000000    rw-
  20000000    20000000    0000e7f0   00000000    rw- .bss
  2000e7f0    2000e7f0    00000383   00000000    rw- .data
2000fce0    2000fce0    00000320   00000000    rw-
  2000fce0    2000fce0    00000320   00000000    rw- .stack


SECTION ALLOCATION MAP

 output                                  attributes/
section   page    origin      length       input sections
--------  ----  ----------  ----------   ----------------
.intvecs   0    00000000    00000144     
                  00000000    00000144     msp432_startup_ccs.obj (.intvecs:retain)

.text      0    00000148    000096aa     
                  00000148    0000035e     trcKernelPort.obj (.text:pszTraceGetErrorNotEnoughHandles)
                  000004a6    00000002     --HOLE-- [fill = 0]
                  000004a8    00000334     queue.obj (.text:xQueueSemaphoreTake)
                  000007dc    00000004     rtsv7M4_T_le_v4SPD16_eabi.lib : pre_init.c.obj (.text:_system_pre_init)
                  000007e0    00000314     dataStorage.obj (.text:dataStorage)
                  00000af4    00000004     rtsv7M4_T_le_v4SPD16_eabi.lib : exit.c.obj (.text:abort:abort)
                  00000af8    0000030c     queue.obj (.text:xQueueGenericSend)
                  00000e04    00000004     --HOLE-- [fill = 0]
                  00000e08    00000304     ff.obj (.text:find_volume)
                  0000110c    00000004     --HOLE-- [fill = 0]
                  00001110    000002ec     queue.obj (.text:xQueueReceive)
                  000013fc    00000004     --HOLE-- [fill = 0]
                  00001400    000001d2     ff.obj (.text:f_write)
                  000015d2    00000006     --HOLE-- [fill = 0]
                  000015d8    000001c8     trcSnapshotRecorder.obj (.text:prvTraceStoreKernelCallWithParam)
                  000017a0    000001c6     ff.obj (.text:f_open)
                  00001966    00000002     --HOLE-- [fill = 0]
                  00001968    000001c0     houseKeeping.obj (.text:houseKeeping)
                  00001b28    000001c0     IntQueue.obj (.text:xSecondTimerHandler)
                  00001ce8    000001b0     trcSnapshotRecorder.obj (.text:prvTraceInitTraceData)
                  00001e98    000001a0     trcSnapshotRecorder.obj (.text:prvTraceStoreKernelCall)
                  00002038    0000019c     mmc_MSP432P401r.obj (.text:MMC_disk_ioctl)
                  000021d4    00000004     --HOLE-- [fill = 0]
                  000021d8    00000198     tasks.obj (.text:xTaskIncrementTick)
                  00002370    00000188     queue.obj (.text:xQueueGenericSendFromISR)
                  000024f8    00000184     trcSnapshotRecorder.obj (.text:prvTraceGetDTS)
                  0000267c    00000160     msp432p4xx_driverlib.lib : adc14.o (.text:_getIndexForMemRegister)
                  000027dc    00000004     --HOLE-- [fill = 0]
                  000027e0    0000015c     mmc_MSP432P401r.obj (.text:MMC_disk_initialize)
                  0000293c    00000004     --HOLE-- [fill = 0]
                  00002940    0000014c     trcSnapshotRecorder.obj (.text:prvTraceGetObjectHandle)
                  00002a8c    00000004     --HOLE-- [fill = 0]
                  00002a90    00000148     cs.obj (.text:CS_getDCOFrequency)
                  00002bd8    00000148     trcSnapshotRecorder.obj (.text:prvCheckDataToBeOverwrittenForMultiEntryEvents)
                  00002d20    00000148     queue.obj (.text:xQueueReceiveFromISR)
                  00002e68    00000144     heap_4.obj (.text:pvPortMalloc)
                  00002fac    00000004     --HOLE-- [fill = 0]
                  00002fb0    00000140     tasks.obj (.text:prvAddNewTaskToReadyList)
                  000030f0    0000013c     port.obj (.text:vPortSuppressTicksAndSleep)
                  0000322c    00000004     --HOLE-- [fill = 0]
                  00003230    00000134     taskManager.obj (.text:prvTaskCreate)
                  00003364    00000004     --HOLE-- [fill = 0]
                  00003368    00000130     trcSnapshotRecorder.obj (.text:uiIndexOfObject)
                  00003498    00000130     IntQueue.obj (.text:xFirstTimerHandler)
                  000035c8    0000012c     tasks.obj (.text:vTaskPriorityDisinheritAfterTimeout)
                  000036f4    00000004     --HOLE-- [fill = 0]
                  000036f8    0000012c     tasks.obj (.text:vTaskSuspend)
                  00003824    00000004     --HOLE-- [fill = 0]
                  00003828    0000012c     event_groups.obj (.text:xEventGroupWaitBits)
                  00003954    00000004     --HOLE-- [fill = 0]
                  00003958    00000128     tasks.obj (.text:xTaskResumeAll)
                  00003a80    00000124     tasks.obj (.text:vTaskNotifyGiveFromISR)
                  00003ba4    00000004     --HOLE-- [fill = 0]
                  00003ba8    00000120     tasks.obj (.text:xTaskPriorityDisinherit)
                  00003cc8    0000011c     cs.obj (.text:CS_initClockSignal)
                  00003de4    00000004     --HOLE-- [fill = 0]
                  00003de8    0000011c     houseKeeping.obj (.text:adcInit)
                  00003f04    00000004     --HOLE-- [fill = 0]
                  00003f08    00000118     trcKernelPort.obj (.text:vTraceInitObjectPropertyTable)
                  00004020    00000114     cs.obj (.text:_CSComputeCLKFrequency)
                  00004134    00000004     --HOLE-- [fill = 0]
                  00004138    00000110     trcSnapshotRecorder.obj (.text:prvTraceStoreKernelCallWithNumericParamOnly)
                  00004248    00000110     tasks.obj (.text:xTaskPriorityInherit)
                  00004358    0000010c     trcSnapshotRecorder.obj (.text:prvTraceSetObjectName)
                  00004464    00000004     --HOLE-- [fill = 0]
                  00004468    0000010c     MPU9250.obj (.text:readI2C)
                  00004574    00000004     --HOLE-- [fill = 0]
                  00004578    00000108     pcm.obj (.text:__PCM_setPowerModeAdvanced)
                  00004680    00000104     ff.obj (.text:create_chain)
                  00004784    00000004     --HOLE-- [fill = 0]
                  00004788    00000103     ff.obj (.text:create_name)
                  0000488b    00000005     --HOLE-- [fill = 0]
                  00004890    00000100     timers.obj (.text:prvProcessReceivedCommands)
                  00004990    00000100     tasks.obj (.text:vTaskDelayUntil)
                  00004a90    000000fa     ff.obj (.text:put_fat)
                  00004b8a    00000006     --HOLE-- [fill = 0]
                  00004b90    000000f4     trcSnapshotRecorder.obj (.text:prvTraceStoreTaskReady)
                  00004c84    00000004     --HOLE-- [fill = 0]
                  00004c88    000000f4     taskManager.obj (.text:updateBatteryLevel)
                  00004d7c    00000004     --HOLE-- [fill = 0]
                  00004d80    000000e8     trcSnapshotRecorder.obj (.text:uiTraceStart)
                  00004e68    000000e6     ff.obj (.text:dir_next)
                  00004f4e    00000002     --HOLE-- [fill = 0]
                  00004f50    000000e4     trcSnapshotRecorder.obj (.text:prvTraceStoreTaskswitch)
                  00005034    00000004     --HOLE-- [fill = 0]
                  00005038    000000dc     trcSnapshotRecorder.obj (.text:prvTraceGetPriorityProperty)
                  00005114    00000004     --HOLE-- [fill = 0]
                  00005118    000000dc     port.obj (.text:xPortStartScheduler)
                  000051f4    000000da     portasm.obj (.text)
                  000052ce    00000002     --HOLE-- [fill = 0]
                  000052d0    000000d8     trcSnapshotRecorder.obj (.text:prvTraceSetPriorityProperty)
                  000053a8    000000d8     tasks.obj (.text:vTaskResume)
                  00005480    000000d4     tasks.obj (.text:vTaskSwitchContext)
                  00005554    00000004     --HOLE-- [fill = 0]
                  00005558    000000d0     pcm.obj (.text:__PCM_setCoreVoltageLevelAdvanced)
                  00005628    000000d0     trcSnapshotRecorder.obj (.text:prvTraceGetObjectState)
                  000056f8    000000cc     trcSnapshotRecorder.obj (.text:prvTraceSetObjectState)
                  000057c4    00000004     --HOLE-- [fill = 0]
                  000057c8    000000cc     trcKernelPort.obj (.text:vTraceInitObjectHandleStack)
                  00005894    00000004     --HOLE-- [fill = 0]
                  00005898    000000ca     ff.obj (.text:get_fat)
                  00005962    00000006     --HOLE-- [fill = 0]
                  00005968    000000c0     tasks.obj (.text:xTaskRemoveFromEventList)
                  00005a28    000000bc     mmc_MSP432P401r.obj (.text:MMC_disk_write)
                  00005ae4    00000004     --HOLE-- [fill = 0]
                  00005ae8    000000bc     queue.obj (.text:prvInitialiseNewQueue)
                  00005ba4    00000004     --HOLE-- [fill = 0]
                  00005ba8    000000bc     trcSnapshotRecorder.obj (.text:vTraceStoreMemMangEvent)
                  00005c64    00000004     --HOLE-- [fill = 0]
                  00005c68    000000b4     tasks.obj (.text:vTaskRemoveFromUnorderedEventList)
                  00005d1c    00000004     --HOLE-- [fill = 0]
                  00005d20    000000b4     serial.obj (.text:vUART_Handler)
                  00005dd4    00000004     --HOLE-- [fill = 0]
                  00005dd8    000000b4     MPU9250.obj (.text:writeI2C)
                  00005e8c    000000b0     msp432p4xx_driverlib.lib : spi.o (.text:SPI_initMaster)
                  00005f3c    00000004     --HOLE-- [fill = 0]
                  00005f40    000000ae     tasks.obj (.text:prvInitialiseNewTask)
                  00005fee    00000002     --HOLE-- [fill = 0]
                  00005ff0    000000ae     event_groups.obj (.text:xEventGroupSetBits)
                  0000609e    00000002     --HOLE-- [fill = 0]
                  000060a0    000000a8     trcSnapshotRecorder.obj (.text:prvTraceInitCortexM)
                  00006148    000000a4     itoa.obj (.text:itoa)
                  000061ec    00000004     --HOLE-- [fill = 0]
                  000061f0    000000a4     trcSnapshotRecorder.obj (.text:vTraceEnable)
                  00006294    00000004     --HOLE-- [fill = 0]
                  00006298    000000a0     ff.obj (.text:dir_sdi)
                  00006338    0000009c     rtsv7M4_T_le_v4SPD16_eabi.lib : memcpy_t2.asm.obj (.text)
                  000063d4    00000004     --HOLE-- [fill = 0]
                  000063d8    0000009c     tasks.obj (.text:vTaskDelay)
                  00006474    00000004     --HOLE-- [fill = 0]
                  00006478    00000098     ff.obj (.text:f_sync)
                  00006510    00000094     mmc_MSP432P401r.obj (.text:MMC_disk_read)
                  000065a4    00000004     --HOLE-- [fill = 0]
                  000065a8    00000094     timers.obj (.text:prvSwitchTimerLists)
                  0000663c    00000004     --HOLE-- [fill = 0]
                  00006640    00000094     trcSnapshotRecorder.obj (.text:prvTraceGetParam)
                  000066d4    00000004     --HOLE-- [fill = 0]
                  000066d8    00000094     tasks.obj (.text:xTaskCheckForTimeOut)
                  0000676c    00000004     --HOLE-- [fill = 0]
                  00006770    00000090     taskManager.obj (.text:prvSuspendAllTasks)
                  00006800    00000090     queue.obj (.text:xQueueGenericReset)
                  00006890    0000008c     MPU9250.obj (.text:getMotion6)
                  0000691c    00000004     --HOLE-- [fill = 0]
                  00006920    0000008c     ff.obj (.text:sync_fs)
                  000069ac    00000004     --HOLE-- [fill = 0]
                  000069b0    0000008c     heap_4.obj (.text:vPortFree)
                  00006a3c    00000004     --HOLE-- [fill = 0]
                  00006a40    0000008a     ff.obj (.text:check_fs)
                  00006aca    00000006     --HOLE-- [fill = 0]
                  00006ad0    00000088     tasks.obj (.text:prvAddCurrentTaskToDelayedList)
                  00006b58    00000088     tasks.obj (.text:vTaskPlaceOnEventListRestricted)
                  00006be0    00000086     ff.obj (.text:follow_path)
                  00006c66    00000002     --HOLE-- [fill = 0]
                  00006c68    00000084     tasks.obj (.text:prvIdleTask)
                  00006cec    00000004     --HOLE-- [fill = 0]
                  00006cf0    00000084     tasks.obj (.text:vTaskStartScheduler)
                  00006d74    00000004     --HOLE-- [fill = 0]
                  00006d78    00000080     ff.obj (.text:remove_chain)
                  00006df8    00000080     taskManager.obj (.text:taskManager)
                  00006e78    0000007c     msp432p4xx_driverlib.lib : rtc_c.o (.text:RTC_C_getCalendarTime)
                  00006ef4    00000004     --HOLE-- [fill = 0]
                  00006ef8    0000007c     trcSnapshotRecorder.obj (.text:prvTraceSetTaskInstanceFinished)
                  00006f74    0000007a     rtsv7M4_T_le_v4SPD16_eabi.lib : memset_t2.asm.obj (.text)
                  00006fee    00000002     --HOLE-- [fill = 0]
                  00006ff0    00000078     msp432p4xx_driverlib.lib : adc14.o (.text:ADC14_getMultiSequenceResult)
                  00007068    00000078     main.obj (.text:prvSetupHardware)
                  000070e0    00000074     main.obj (.text:prvConfigureClocks)
                  00007154    00000004     --HOLE-- [fill = 0]
                  00007158    00000074     queue.obj (.text:xQueueGenericCreate)
                  000071cc    00000004     --HOLE-- [fill = 0]
                  000071d0    00000074     timers.obj (.text:xTimerGenericCommand)
                  00007244    00000004     --HOLE-- [fill = 0]
                  00007248    00000070     queue.obj (.text:prvCopyDataToQueue)
                  000072b8    00000070     heap_4.obj (.text:prvHeapInit)
                  00007328    00000070     tasks.obj (.text:prvInitialiseTaskLists)
                  00007398    00000070     timers.obj (.text:prvProcessTimerOrBlockTask)
                  00007408    00000070     mmc_MSP432P401r.obj (.text:send_cmd)
                  00007478    00000070     watchDogTask.obj (.text:watchDogTask)
                  000074e8    0000006c     queue.obj (.text:prvUnlockQueue)
                  00007554    00000068     msp432p4xx_driverlib.lib : i2c.o (.text:I2C_masterSendMultiByteStart)
                  000075bc    00000004     --HOLE-- [fill = 0]
                  000075c0    00000068     system_msp432p401r.obj (.text:SystemInit)
                  00007628    00000068     rtsv7M4_T_le_v4SPD16_eabi.lib : copy_decompress_lzss.c.obj (.text:decompress:lzss:__TI_decompress_lzss)
                  00007690    00000068     heap_4.obj (.text:prvInsertBlockIntoFreeList)
                  000076f8    00000068     port.obj (.text:vPortSetupTimerInterrupt)
                  00007760    00000068     tasks.obj (.text:xTaskCreate)
                  000077c8    00000066     ff.obj (.text:dir_clear)
                  0000782e    00000002     --HOLE-- [fill = 0]
                  00007830    00000064     dataStorage.obj (.text:initSD)
                  00007894    00000004     --HOLE-- [fill = 0]
                  00007898    00000064     taskManager.obj (.text:prvResumeAllTasks)
                  000078fc    00000004     --HOLE-- [fill = 0]
                  00007900    00000064     trcSnapshotRecorder.obj (.text:prvTraceNextFreeEventBufferSlot)
                  00007964    00000004     --HOLE-- [fill = 0]
                  00007968    00000064     port.obj (.text:vPortValidateInterruptPriority)
                  000079cc    00000004     --HOLE-- [fill = 0]
                  000079d0    00000060     timers.obj (.text:prvProcessExpiredTimer)
                  00007a30    00000060     MPU9250.obj (.text:writeBits)
                  00007a90    00000060     mmc_MSP432P401r.obj (.text:xmit_datablock)
                  00007af0    0000005c     tasks.obj (.text:vTaskPlaceOnUnorderedEventList)
                  00007b4c    00000004     --HOLE-- [fill = 0]
                  00007b50    00000058     timers.obj (.text:xTimerCreateTimerTask)
                  00007ba8    00000056     ff.obj (.text:dir_find)
                  00007bfe    00000002     --HOLE-- [fill = 0]
                  00007c00    00000054     gpio.obj (.text:GPIO_setAsPeripheralModuleFunctionInputPin)
                  00007c54    00000004     --HOLE-- [fill = 0]
                  00007c58    00000054     gpio.obj (.text:GPIO_setAsPeripheralModuleFunctionOutputPin)
                  00007cac    00000004     --HOLE-- [fill = 0]
                  00007cb0    00000054     sysctl.obj (.text:SysCtl_getTLVInfo)
                  00007d04    00000004     --HOLE-- [fill = 0]
                  00007d08    00000054     houseKeeping.obj (.text:getTemperature)
                  00007d5c    00000004     --HOLE-- [fill = 0]
                  00007d60    00000054     tasks.obj (.text:prvCheckTasksWaitingTermination)
                  00007db4    00000004     --HOLE-- [fill = 0]
                  00007db8    00000054     timers.obj (.text:prvInsertTimerInActiveList)
                  00007e0c    00000004     --HOLE-- [fill = 0]
                  00007e10    00000054     trcSnapshotRecorder.obj (.text:prvTracePortGetTimeStamp)
                  00007e64    00000004     --HOLE-- [fill = 0]
                  00007e68    00000052     cs.obj (.text:_CSGetDividerValue)
                  00007eba    00000006     --HOLE-- [fill = 0]
                  00007ec0    00000050     pcm.obj (.text:PCM_getCoreVoltageLevel)
                  00007f10    00000050     SPI_Driver.obj (.text:SPI_Init)
                  00007f60    00000050     cs.obj (.text:_CSGetDOCFrequency)
                  00007fb0    00000050     ff.obj (.text:dbc_2nd)
                  00008000    00000050     tasks.obj (.text:prvGetExpectedIdleTime)
                  00008050    00000050     main.obj (.text:vPreSleepProcessing)
                  000080a0    00000050     MPU9250.obj (.text:writeBit)
                  000080f0    0000004e     ff.obj (.text:dir_alloc)
                  0000813e    00000002     --HOLE-- [fill = 0]
                  00008140    0000004c     ff.obj (.text:f_mount)
                  0000818c    00000004     --HOLE-- [fill = 0]
                  00008190    0000004c     timers.obj (.text:prvCheckForValidListAndQueue)
                  000081dc    00000004     --HOLE-- [fill = 0]
                  000081e0    0000004c     mmc_MSP432P401r.obj (.text:rcvr_datablock)
                  0000822c    00000004     --HOLE-- [fill = 0]
                  00008230    0000004c     ttcTask.obj (.text:ttcTask)
                  0000827c    00000004     --HOLE-- [fill = 0]
                  00008280    00000048     ff.obj (.text:get_ldnumber)
                  000082c8    00000048     main.obj (.text:main)
                  00008310    00000048     ff.obj (.text:sync_window)
                  00008358    00000048     queue.obj (.text:vQueueWaitForMessageRestricted)
                  000083a0    00000044     rtsv7M4_T_le_v4SPD16_eabi.lib : autoinit.c.obj (.text:__TI_auto_init_nobinit_nopinit:__TI_auto_init_nobinit_nopinit)
                  000083e4    00000004     --HOLE-- [fill = 0]
                  000083e8    00000044     dataStorage.obj (.text:getLocalTime)
                  0000842c    00000004     --HOLE-- [fill = 0]
                  00008430    00000044     taskManager.obj (.text:prvQueueDataCreate)
                  00008474    00000004     --HOLE-- [fill = 0]
                  00008478    00000044     taskManager.obj (.text:setOperationMode)
                  000084bc    00000004     --HOLE-- [fill = 0]
                  000084c0    00000040     MPU9250.obj (.text:initI2C)
                  00008500    00000040     msp432p4xx_driverlib.lib : spi.o (.text:is_A_Module)
                  00008540    0000003e     mmc_MSP432P401r.obj (.text:send_cmd12)
                  0000857e    00000002     --HOLE-- [fill = 0]
                  00008580    0000003c     tasks.obj (.text:eTaskConfirmSleepModeStatus)
                  000085bc    00000004     --HOLE-- [fill = 0]
                  000085c0    0000003c     tasks.obj (.text:prvTaskIsTaskSuspended)
                  000085fc    00000004     --HOLE-- [fill = 0]
                  00008600    0000003c     trcSnapshotRecorder.obj (.text:prvTraceError)
                  0000863c    00000004     --HOLE-- [fill = 0]
                  00008640    0000003c     trcSnapshotRecorder.obj (.text:prvTraceUpdateCounters)
                  0000867c    00000004     --HOLE-- [fill = 0]
                  00008680    0000003c     mmc_MSP432P401r.obj (.text:send_initial_clock_train)
                  000086bc    00000004     --HOLE-- [fill = 0]
                  000086c0    0000003c     port.obj (.text:vPortEnterCritical)
                  000086fc    00000004     --HOLE-- [fill = 0]
                  00008700    0000003a     pcm.obj (.text:PCM_getPowerMode)
                  0000873a    00000006     --HOLE-- [fill = 0]
                  00008740    0000003a     ff.obj (.text:dir_register)
                  0000877a    00000006     --HOLE-- [fill = 0]
                  00008780    0000003a     ff.obj (.text:validate)
                  000087ba    00000002     --HOLE-- [fill = 0]
                  000087bc    00000038     rtsv7M4_T_le_v4SPD16_eabi.lib : boot_cortex_m.c.obj (.text:_c_int00_noargs:_c_int00_noargs)
                  000087f4    00000004     --HOLE-- [fill = 0]
                  000087f8    00000038     port.obj (.text:prvTaskExitError)
                  00008830    00000038     tasks.obj (.text:vTaskPlaceOnEventList)
                  00008868    00000034     SPI_Driver.obj (.text:SPI_Read)
                  0000889c    00000004     --HOLE-- [fill = 0]
                  000088a0    00000034     SPI_Driver.obj (.text:SPI_Write)
                  000088d4    00000004     --HOLE-- [fill = 0]
                  000088d8    00000034     aodcsTask.obj (.text:aodcsTask)
                  0000890c    00000004     --HOLE-- [fill = 0]
                  00008910    00000034     cameraTask.obj (.text:cameraTask)
                  00008944    00000004     --HOLE-- [fill = 0]
                  00008948    00000034     ff.obj (.text:dbc_1st)
                  0000897c    00000004     --HOLE-- [fill = 0]
                  00008980    00000034     taskManager.obj (.text:hibernate)
                  000089b4    00000004     --HOLE-- [fill = 0]
                  000089b8    00000034     ff.obj (.text:move_window)
                  000089ec    00000004     --HOLE-- [fill = 0]
                  000089f0    00000034     pptTask.obj (.text:pptTask)
                  00008a24    00000004     --HOLE-- [fill = 0]
                  00008a28    00000034     list.obj (.text:vListInsert)
                  00008a5c    00000004     --HOLE-- [fill = 0]
                  00008a60    00000034     main.obj (.text:vPostSleepProcessing)
                  00008a94    00000004     --HOLE-- [fill = 0]
                  00008a98    00000034     IntQueueTimer.obj (.text:vT32_0_Handler)
                  00008acc    00000004     --HOLE-- [fill = 0]
                  00008ad0    00000034     IntQueueTimer.obj (.text:vT32_1_Handler)
                  00008b04    00000004     --HOLE-- [fill = 0]
                  00008b08    00000034     tasks.obj (.text:vTaskStepTick)
                  00008b3c    00000004     --HOLE-- [fill = 0]
                  00008b40    00000030     flash.obj (.text:FlashCtl_setWaitState)
                  00008b70    00000030     tasks.obj (.text:prvResetNextTaskUnblockTime)
                  00008ba0    00000030     port.obj (.text:vPortExitCritical)
                  00008bd0    0000002c     cs.obj (.text:CS_setDCOCenteredFrequency)
                  00008bfc    00000004     --HOLE-- [fill = 0]
                  00008c00    0000002c     gpio.obj (.text:GPIO_setAsInputPinWithPullUpResistor)
                  00008c2c    00000004     --HOLE-- [fill = 0]
                  00008c30    0000002c     pcm.obj (.text:PCM_gotoLPM0)
                  00008c5c    00000004     --HOLE-- [fill = 0]
                  00008c60    0000002c     main.obj (.text:configWakeUpPin)
                  00008c8c    00000004     --HOLE-- [fill = 0]
                  00008c90    0000002c     timers.obj (.text:prvSampleTimeNow)
                  00008cbc    00000004     --HOLE-- [fill = 0]
                  00008cc0    0000002c     port.obj (.text:pxPortInitialiseStack)
                  00008cec    00000004     --HOLE-- [fill = 0]
                  00008cf0    0000002c     mmc_MSP432P401r.obj (.text:rcvr_spi)
                  00008d1c    00000004     --HOLE-- [fill = 0]
                  00008d20    0000002c     port.obj (.text:xPortSysTickHandler)
                  00008d4c    00000004     --HOLE-- [fill = 0]
                  00008d50    0000002c     queue.obj (.text:xQueueIsQueueFullFromISR)
                  00008d7c    00000004     --HOLE-- [fill = 0]
                  00008d80    00000028     GPIO_Driver.obj (.text:GPIO_Init)
                  00008da8    00000028     queue.obj (.text:prvCopyDataFromQueue)
                  00008dd0    00000028     mmc_MSP432P401r.obj (.text:xmit_spi)
                  00008df8    00000026     ff.obj (.text:ld_clust)
                  00008e1e    00000002     --HOLE-- [fill = 0]
                  00008e20    00000026     list.obj (.text:uxListRemove)
                  00008e46    00000002     --HOLE-- [fill = 0]
                  00008e48    00000024     cs.obj (.text:CS_clearInterruptFlag)
                  00008e6c    00000004     --HOLE-- [fill = 0]
                  00008e70    00000024     timers.obj (.text:prvGetNextExpireTime)
                  00008e94    00000004     --HOLE-- [fill = 0]
                  00008e98    00000024     trcSnapshotRecorder.obj (.text:vTraceStop)
                  00008ebc    00000004     --HOLE-- [fill = 0]
                  00008ec0    00000024     mmc_MSP432P401r.obj (.text:wait_ready)
                  00008ee4    00000004     --HOLE-- [fill = 0]
                  00008ee8    00000022     CS_Driver.obj (.text:CS_Init)
                  00008f0a    00000006     --HOLE-- [fill = 0]
                  00008f10    00000022     diskio.obj (.text:disk_read)
                  00008f32    00000006     --HOLE-- [fill = 0]
                  00008f38    00000022     diskio.obj (.text:disk_write)
                  00008f5a    00000006     --HOLE-- [fill = 0]
                  00008f60    00000022     ff.obj (.text:st_clust)
                  00008f82    00000006     --HOLE-- [fill = 0]
                  00008f88    00000020     gpio.obj (.text:GPIO_setAsOutputPin)
                  00008fa8    00000020     MPU9250.obj (.text:MPU9250_initialize)
                  00008fc8    00000020     sysctl.obj (.text:SysCtl_setWDTTimeoutResetType)
                  00008fe8    00000020     diskio.obj (.text:disk_ioctl)
                  00009008    00000020     main.obj (.text:prvCalendarConfiguration)
                  00009028    00000020     trcSnapshotRecorder.obj (.text:prvMarkObjectAsUsed)
                  00009048    00000020     IntQueue.obj (.text:prvRecordValue_NormallyEmpty)
                  00009068    00000020     IntQueue.obj (.text:prvRecordValue_NormallyFull)
                  00009088    00000020     trcSnapshotRecorder.obj (.text:prvStrncpy)
                  000090a8    00000020     tasks.obj (.text:xTaskGetSchedulerState)
                  000090c8    0000001e     queue.obj (.text:prvIsQueueFull)
                  000090e6    00000002     --HOLE-- [fill = 0]
                  000090e8    0000001e     list.obj (.text:vListInitialise)
                  00009106    00000002     --HOLE-- [fill = 0]
                  00009108    0000001c     msp432p4xx_driverlib.lib : adc14.o (.text:ADC14_getResult)
                  00009124    00000004     --HOLE-- [fill = 0]
                  00009128    0000001c     ff.obj (.text:mem_cmp)
                  00009144    00000004     --HOLE-- [fill = 0]
                  00009148    0000001c     event_groups.obj (.text:prvTestWaitCondition)
                  00009164    00000004     --HOLE-- [fill = 0]
                  00009168    0000001a     ff.obj (.text:clst2sect)
                  00009182    00000006     --HOLE-- [fill = 0]
                  00009188    0000001a     queue.obj (.text:prvGetDisinheritPriorityAfterTimeout)
                  000091a2    00000006     --HOLE-- [fill = 0]
                  000091a8    0000001a     queue.obj (.text:prvIsQueueEmpty)
                  000091c2    00000006     --HOLE-- [fill = 0]
                  000091c8    0000001a     timers.obj (.text:prvTimerTask)
                  000091e2    00000006     --HOLE-- [fill = 0]
                  000091e8    0000001a     trcKernelPort.obj (.text:prvTraceSetQueueNumberHigh16)
                  00009202    00000006     --HOLE-- [fill = 0]
                  00009208    0000001a     trcKernelPort.obj (.text:prvTraceSetQueueNumberLow16)
                  00009222    00000006     --HOLE-- [fill = 0]
                  00009228    0000001a     trcKernelPort.obj (.text:prvTraceSetTaskNumberHigh16)
                  00009242    00000006     --HOLE-- [fill = 0]
                  00009248    0000001a     trcKernelPort.obj (.text:prvTraceSetTaskNumberLow16)
                  00009262    00000006     --HOLE-- [fill = 0]
                  00009268    0000001a     event_groups.obj (.text:xEventGroupCreate)
                  00009282    00000006     --HOLE-- [fill = 0]
                  00009288    00000018     cs.obj (.text:CS_getMCLK)
                  000092a0    00000018     gpio.obj (.text:GPIO_getInputPinValue)
                  000092b8    00000018     wdt_a.obj (.text:WDT_A_clearTimer)
                  000092d0    00000018     ff.obj (.text:chk_chr)
                  000092e8    00000018     diskio.obj (.text:disk_initialize)
                  00009300    00000018     diskio.obj (.text:disk_status)
                  00009318    00000018     tasks.obj (.text:pvTaskIncrementMutexHeldCount)
                  00009330    00000018     msp432_startup_ccs.obj (.text:resetISR)
                  00009348    00000018     ff.obj (.text:st_dword)
                  00009360    00000018     tasks.obj (.text:uxTaskResetEventItemValue)
                  00009378    00000018     list.obj (.text:vListInsertEnd)
                  00009390    00000018     tasks.obj (.text:vTaskInternalSetTimeOutState)
                  000093a8    00000016     ff.obj (.text:ld_dword)
                  000093be    00000002     --HOLE-- [fill = 0]
                  000093c0    00000016     ff.obj (.text:mem_cpy)
                  000093d6    00000002     --HOLE-- [fill = 0]
                  000093d8    00000016     queue.obj (.text:xQueueCreateMutex)
                  000093ee    00000002     --HOLE-- [fill = 0]
                  000093f0    00000014     fpu.obj (.text:FPU_enableLazyStacking)
                  00009404    00000004     --HOLE-- [fill = 0]
                  00009408    00000014     fpu.obj (.text:FPU_enableStacking)
                  0000941c    00000004     --HOLE-- [fill = 0]
                  00009420    00000014     gpio.obj (.text:GPIO_clearInterruptFlag)
                  00009434    00000004     --HOLE-- [fill = 0]
                  00009438    00000014     gpio.obj (.text:GPIO_enableInterrupt)
                  0000944c    00000004     --HOLE-- [fill = 0]
                  00009450    00000014     gpio.obj (.text:GPIO_setOutputHighOnPin)
                  00009464    00000004     --HOLE-- [fill = 0]
                  00009468    00000014     gpio.obj (.text:GPIO_setOutputLowOnPin)
                  0000947c    00000004     --HOLE-- [fill = 0]
                  00009480    00000014     gpio.obj (.text:GPIO_toggleOutputOnPin)
                  00009494    00000004     --HOLE-- [fill = 0]
                  00009498    00000014     wdt_a.obj (.text:WDT_A_startTimer)
                  000094ac    00000004     --HOLE-- [fill = 0]
                  000094b0    00000014     mmc_MSP432P401r.obj (.text:power_on)
                  000094c4    00000004     --HOLE-- [fill = 0]
                  000094c8    00000014     queue.obj (.text:prvInitialiseMutex)
                  000094dc    00000004     --HOLE-- [fill = 0]
                  000094e0    00000014     IntQueue.obj (.text:prvQueueAccessLogError)
                  000094f4    00000004     --HOLE-- [fill = 0]
                  000094f8    00000012     ff.obj (.text:mem_set)
                  0000950a    00000006     --HOLE-- [fill = 0]
                  00009510    00000012     tasks.obj (.text:prvDeleteTCB)
                  00009522    00000006     --HOLE-- [fill = 0]
                  00009528    00000012     main.obj (.text:vApplicationMallocFailedHook)
                  0000953a    00000006     --HOLE-- [fill = 0]
                  00009540    00000012     main.obj (.text:vApplicationStackOverflowHook)
                  00009552    00000006     --HOLE-- [fill = 0]
                  00009558    00000010     GPIO_Driver.obj (.text:GPIO_High)
                  00009568    00000010     GPIO_Driver.obj (.text:GPIO_Low)
                  00009578    00000010     interrupt.obj (.text:Interrupt_enableMaster)
                  00009588    00000010     MPU9250.obj (.text:MPU9250_getMotion9)
                  00009598    00000010     taskManager.obj (.text:prvWatchDogEventGroupCreate)
                  000095a8    00000010     aodcsTask.obj (.text:setWatchDogBit_AODCS)
                  000095b8    00000010     cameraTask.obj (.text:setWatchDogBit_CAMERA)
                  000095c8    00000010     dataStorage.obj (.text:setWatchDogBit_DATASTORAGE)
                  000095d8    00000010     houseKeeping.obj (.text:setWatchDogBit_HOUSEKEEPING)
                  000095e8    00000010     pptTask.obj (.text:setWatchDogBit_PPT)
                  000095f8    00000010     ttcTask.obj (.text:setWatchDogBit_TTC)
                  00009608    00000010     tasks.obj (.text:vTaskSuspendAll)
                  00009618    0000000e     rtsv7M4_T_le_v4SPD16_eabi.lib : copy_decompress_none.c.obj (.text:decompress:none:__TI_decompress_none)
                  00009626    00000002     --HOLE-- [fill = 0]
                  00009628    0000000e     ff.obj (.text:st_word)
                  00009636    00000002     --HOLE-- [fill = 0]
                  00009638    0000000c     cpu.obj (.text:CPU_cpsie)
                  00009644    00000004     --HOLE-- [fill = 0]
                  00009648    0000000c     mmc_MSP432P401r.obj (.text:MMC_disk_status)
                  00009654    00000004     --HOLE-- [fill = 0]
                  00009658    0000000c     MPU9250.obj (.text:MPU9250_setClockSource)
                  00009664    00000004     --HOLE-- [fill = 0]
                  00009668    0000000c     pcm.obj (.text:PCM_getPowerState)
                  00009674    00000004     --HOLE-- [fill = 0]
                  00009678    0000000c     sysctl.obj (.text:SysCtl_getTempCalibrationConstant)
                  00009684    00000004     --HOLE-- [fill = 0]
                  00009688    0000000c     mmc_MSP432P401r.obj (.text:chk_power)
                  00009694    0000000c     rtsv7M4_T_le_v4SPD16_eabi.lib : copy_zero_init.c.obj (.text:decompress:ZI:__TI_zero_init)
                  000096a0    0000000c     ff.obj (.text:ld_word)
                  000096ac    00000004     --HOLE-- [fill = 0]
                  000096b0    0000000c     mmc_MSP432P401r.obj (.text:power_off)
                  000096bc    00000004     --HOLE-- [fill = 0]
                  000096c0    0000000c     trcKernelPort.obj (.text:prvTraceGetQueueNumberHigh16)
                  000096cc    00000004     --HOLE-- [fill = 0]
                  000096d0    0000000c     trcKernelPort.obj (.text:prvTraceGetTaskNumberHigh16)
                  000096dc    00000004     --HOLE-- [fill = 0]
                  000096e0    0000000c     mmc_MSP432P401r.obj (.text:rcvr_spi_m)
                  000096ec    00000004     --HOLE-- [fill = 0]
                  000096f0    0000000c     MPU9250.obj (.text:setFullScaleAccelRange)
                  000096fc    00000004     --HOLE-- [fill = 0]
                  00009700    0000000c     MPU9250.obj (.text:setFullScaleGyroRange)
                  0000970c    00000004     --HOLE-- [fill = 0]
                  00009710    0000000c     tasks.obj (.text:vTaskMissedYield)
                  0000971c    00000004     --HOLE-- [fill = 0]
                  00009720    0000000c     tasks.obj (.text:xTaskGetCurrentTaskHandle)
                  0000972c    00000004     --HOLE-- [fill = 0]
                  00009730    0000000c     tasks.obj (.text:xTaskGetTickCount)
                  0000973c    00000004     --HOLE-- [fill = 0]
                  00009740    0000000a     trcKernelPort.obj (.text:prvTraceGetQueueNumberLow16)
                  0000974a    00000006     --HOLE-- [fill = 0]
                  00009750    0000000a     trcKernelPort.obj (.text:prvTraceGetTaskNumberLow16)
                  0000975a    00000006     --HOLE-- [fill = 0]
                  00009760    0000000a     MPU9250.obj (.text:setSleepEnabled)
                  0000976a    00000006     --HOLE-- [fill = 0]
                  00009770    0000000a     tasks.obj (.text:uxTaskGetTaskNumber)
                  0000977a    00000006     --HOLE-- [fill = 0]
                  00009780    00000008     pcm.obj (.text:PCM_setCoreVoltageLevel)
                  00009788    00000008     pcm.obj (.text:PCM_setPowerMode)
                  00009790    00000006     queue.obj (.text:ucQueueGetQueueType)
                  00009796    00000002     --HOLE-- [fill = 0]
                  00009798    00000006     list.obj (.text:vListInitialiseItem)
                  0000979e    00000002     --HOLE-- [fill = 0]
                  000097a0    00000006     tasks.obj (.text:vTaskSetTaskNumber)
                  000097a6    00000002     --HOLE-- [fill = 0]
                  000097a8    00000004     cpu.obj (.text:CPU_wfi)
                  000097ac    00000004     --HOLE-- [fill = 0]
                  000097b0    00000004     mmc_MSP432P401r.obj (.text:get_fattime)
                  000097b4    00000004     --HOLE-- [fill = 0]
                  000097b8    00000004     queue.obj (.text:uxQueueGetQueueNumber)
                  000097bc    00000004     --HOLE-- [fill = 0]
                  000097c0    00000004     main.obj (.text:vApplicationIdleHook)
                  000097c4    00000004     --HOLE-- [fill = 0]
                  000097c8    00000004     queue.obj (.text:vQueueSetQueueNumber)
                  000097cc    00000004     --HOLE-- [fill = 0]
                  000097d0    00000004     trcSnapshotRecorder.obj (.text:vTraceStart)
                  000097d4    00000004     --HOLE-- [fill = 0]
                  000097d8    00000002     msp432_startup_ccs.obj (.text:defaultISR)
                  000097da    00000006     --HOLE-- [fill = 0]
                  000097e0    00000002     msp432_startup_ccs.obj (.text:faultISR)
                  000097e2    00000006     --HOLE-- [fill = 0]
                  000097e8    00000002     msp432_startup_ccs.obj (.text:nmiISR)
                  000097ea    00000006     --HOLE-- [fill = 0]
                  000097f0    00000002     main_blinky.obj (.text:vApplicationTickHook)

.const     0    000097f4    000000ac     
                  000097f4    00000080     msp432p4xx_driverlib.lib : adc14.o (.const:_ctlRegs)
                  00009874    00000014     MPU9250.obj (.const:i2cConfig)
                  00009888    0000000a     ff.obj (.const:.string:DbcTbl)
                  00009892    00000002     --HOLE-- [fill = 0]
                  00009894    00000008     port.obj (.const)
                  0000989c    00000004     serial.obj (.const)

.cinit     0    000098a0    00000098     
                  000098a0    00000071     (.cinit..data.load) [load image, compression = lzss]
                  00009911    00000003     --HOLE-- [fill = 0]
                  00009914    0000000c     (__TI_handler_table)
                  00009920    00000008     (.cinit..bss.load) [load image, compression = zero_init]
                  00009928    00000010     (__TI_cinit_table)

.init_array 
*          0    00000000    00000000     UNINITIALIZED

.binit     0    00000000    00000000     

.bss       0    20000000    0000e7f0     UNINITIALIZED
                  20000000    0000c800     heap_4.obj (.bss:ucHeap)
                  2000c800    00001918     (.common:RecorderData)
                  2000e118    00000230     (.common:sdDriver)
                  2000e348    00000228     (.common:file)
                  2000e570    00000098     (.common:obcData)
                  2000e608    00000064     tasks.obj (.bss:pxReadyTasksLists)
                  2000e66c    0000003f     (.common:imuData)
                  2000e6ab    00000001     (.common:fResult)
                  2000e6ac    0000001c     main.obj (.bss:calendarConfig)
                  2000e6c8    00000014     timers.obj (.bss:xActiveTimerList1)
                  2000e6dc    00000014     timers.obj (.bss:xActiveTimerList2)
                  2000e6f0    00000014     tasks.obj (.bss:xDelayedTaskList1)
                  2000e704    00000014     tasks.obj (.bss:xDelayedTaskList2)
                  2000e718    00000014     tasks.obj (.bss:xPendingReadyList)
                  2000e72c    00000014     tasks.obj (.bss:xSuspendedTaskList)
                  2000e740    00000014     tasks.obj (.bss:xTasksWaitingTermination)
                  2000e754    00000010     (.common:bufferIMU)
                  2000e764    0000000c     (.common:resultsBuffer)
                  2000e770    00000009     mmc_MSP432P401r.obj (.bss)
                  2000e779    00000001     --HOLE--
                  2000e77a    00000002     ff.obj (.bss)
                  2000e77c    00000008     IntQueue.obj (.bss)
                  2000e784    00000008     cs.obj (.bss)
                  2000e78c    00000008     tasks.obj (.bss)
                  2000e794    00000008     timers.obj (.bss)
                  2000e79c    00000008     heap_4.obj (.bss:xStart)
                  2000e7a4    00000008     (.common:buffer)
                  2000e7ac    00000006     (.common:localTime)
                  2000e7b2    00000002     (.common:cal30)
                  2000e7b4    00000004     ff.obj (.bss:FatFs)
                  2000e7b8    00000004     (.common:WATCHDOG_EVENT_GROUP)
                  2000e7bc    00000004     (.common:bw)
                  2000e7c0    00000004     (.common:clock)
                  2000e7c4    00000004     (.common:flag_lowBattery)
                  2000e7c8    00000004     (.common:flag_systemMode)
                  2000e7cc    00000004     (.common:init_hwtc_count)
                  2000e7d0    00000004     (.common:taskHandlerAodcs)
                  2000e7d4    00000004     (.common:taskHandlerCamera)
                  2000e7d8    00000004     (.common:taskHandlerDataStorage)
                  2000e7dc    00000004     (.common:taskHandlerHouseKeeping)
                  2000e7e0    00000004     (.common:taskHandlerPpt)
                  2000e7e4    00000004     (.common:taskHandlerTtc)
                  2000e7e8    00000004     (.common:taskHandlerWatchDog)
                  2000e7ec    00000002     (.common:cal85)
                  2000e7ee    00000002     (.common:calDifference)

.data      0    2000e7f0    00000383     UNINITIALIZED
                  2000e7f0    000000c8     IntQueue.obj (.data:ucNormallyEmptyReceivedValues)
                  2000e8b8    000000c8     IntQueue.obj (.data:ucNormallyFullReceivedValues)
                  2000e980    0000008e     trcSnapshotRecorder.obj (.data:objectHandleStacks)
                  2000ea0e    00000002     MPU9250.obj (.data)
                  2000ea10    00000044     trcSnapshotRecorder.obj (.data)
                  2000ea54    0000003c     IntQueue.obj (.data)
                  2000ea90    00000034     tasks.obj (.data)
                  2000eac4    00000030     gpio.obj (.data:GPIO_PORT_TO_BASE)
                  2000eaf4    0000001c     dataStorage.obj (.data:SPI0MasterConfig)
                  2000eb10    00000018     port.obj (.data)
                  2000eb28    00000018     taskManager.obj (.data)
                  2000eb40    00000010     heap_4.obj (.data)
                  2000eb50    00000010     serial.obj (.data)
                  2000eb60    0000000c     timers.obj (.data)
                  2000eb6c    00000005     trcKernelPort.obj (.data:TraceQueueClassTable)
                  2000eb71    00000002     mmc_MSP432P401r.obj (.data)

.stack     0    2000fce0    00000320     UNINITIALIZED
                  2000fce0    00000004     rtsv7M4_T_le_v4SPD16_eabi.lib : boot_cortex_m.c.obj (.stack)
                  2000fce4    0000031c     --HOLE--

MODULE SUMMARY

       Module                       code    ro data   rw data
       ------                       ----    -------   -------
    .\
       main.obj                     556     0         440    
    +--+----------------------------+-------+---------+---------+
       Total:                       556     0         440    
                                                             
    .\FreeRTOS_Source\
       tasks.obj                    5484    0         520    
       queue.obj                    4030    0         0      
       timers.obj                   1082    0         120    
       event_groups.obj             528     0         0      
       list.obj                     150     0         0      
    +--+----------------------------+-------+---------+---------+
       Total:                       11274   0         640    
                                                             
    .\FreeRTOS_Source\portable\CCS\ARM_CM4F\
       port.obj                     992     8         48     
       portasm.obj                  218     0         0      
    +--+----------------------------+-------+---------+---------+
       Total:                       1210    8         48     
                                                             
    .\FreeRTOS_Source\portable\MemMang\
       heap_4.obj                   680     0         102448 
    +--+----------------------------+-------+---------+---------+
       Total:                       680     0         102448 
                                                             
    .\Full_Demo\
       serial.obj                   180     4         32     
       IntQueueTimer.obj            104     0         0      
    +--+----------------------------+-------+---------+---------+
       Total:                       284     4         32     
                                                             
    .\Full_Demo\Standard_Demo_Tasks\
       IntQueue.obj                 836     0         936    
    +--+----------------------------+-------+---------+---------+
       Total:                       836     0         936    
                                                             
    .\SimplyBlinkyDemo\
       main_blinky.obj              2       0         0      
    +--+----------------------------+-------+---------+---------+
       Total:                       2       0         0      
                                                             
    .\Tracealyzer\
       trcSnapshotRecorder.obj      5948    0         13276  
       trcKernelPort.obj            1494    0         10     
    +--+----------------------------+-------+---------+---------+
       Total:                       7442    0         13286  
                                                             
    .\driverlib\
       cs.obj                       1154    0         16     
       pcm.obj                      682     0         0      
       gpio.obj                     368     0         96     
       sysctl.obj                   128     0         0      
       flash.obj                    48      0         0      
       wdt_a.obj                    44      0         0      
       fpu.obj                      40      0         0      
       cpu.obj                      16      0         0      
       interrupt.obj                16      0         0      
    +--+----------------------------+-------+---------+---------+
       Total:                       2496    0         112    
                                                             
    .\interface\
       MPU9250.obj                  922     20        36     
    +--+----------------------------+-------+---------+---------+
       Total:                       922     20        36     
                                                             
    .\src\
       dataStorage.obj              972     0         2444   
       taskManager.obj              1128    0         56     
       houseKeeping.obj             832     0         36     
       watchDogTask.obj             112     0         0      
       ttcTask.obj                  92      0         0      
       aodcsTask.obj                68      0         0      
       cameraTask.obj               68      0         0      
       pptTask.obj                  68      0         0      
    +--+----------------------------+-------+---------+---------+
       Total:                       3340    0         2536   
                                                             
    .\system\CCS\
       msp432_startup_ccs.obj       30      324       0      
       system_msp432p401r.obj       104     0         0      
    +--+----------------------------+-------+---------+---------+
       Total:                       134     324       0      
                                                             
    .\util\
       itoa.obj                     164     0         0      
    +--+----------------------------+-------+---------+---------+
       Total:                       164     0         0      
                                                             
    .\util\Hardware\
       SPI_Driver.obj               184     0         0      
       GPIO_Driver.obj              72      0         0      
       CS_Driver.obj                34      0         0      
    +--+----------------------------+-------+---------+---------+
       Total:                       290     0         0      
                                                             
    .\util\fatfs\
       ff.obj                       4793    10        12     
       mmc_MSP432P401r.obj          1694    0         22     
       diskio.obj                   148     0         0      
    +--+----------------------------+-------+---------+---------+
       Total:                       6635    10        34     
                                                             
    C:/ti/simplelink_msp432p4_sdk_2_40_00_10/source/ti/devices/msp432p4xx/driverlib/ccs/msp432p4xx_driverlib.lib
       adc14.o                      500     128       0      
       spi.o                        240     0         0      
       rtc_c.o                      124     0         0      
       i2c.o                        104     0         0      
    +--+----------------------------+-------+---------+---------+
       Total:                       968     128       0      
                                                             
    C:\ti\ccsv8\tools\compiler\ti-cgt-arm_18.1.1.LTS\lib\rtsv7M4_T_le_v4SPD16_eabi.lib
       memcpy_t2.asm.obj            156     0         0      
       memset_t2.asm.obj            122     0         0      
       copy_decompress_lzss.c.obj   104     0         0      
       autoinit.c.obj               68      0         0      
       boot_cortex_m.c.obj          56      0         0      
       copy_decompress_none.c.obj   14      0         0      
       copy_zero_init.c.obj         12      0         0      
       exit.c.obj                   4       0         0      
       pre_init.c.obj               4       0         0      
    +--+----------------------------+-------+---------+---------+
       Total:                       540     0         0      
                                                             
       Stack:                       0       0         1600   
       Linker Generated:            0       149       0      
    +--+----------------------------+-------+---------+---------+
       Grand Total:                 37773   643       122148 


LINKER GENERATED COPY TABLES

__TI_cinit_table @ 00009928 records: 2, size/record: 8, table size: 16
	.data: load addr=000098a0, load size=00000071 bytes, run addr=2000e7f0, run size=00000383 bytes, compression=lzss
	.bss: load addr=00009920, load size=00000008 bytes, run addr=20000000, run size=0000e7f0 bytes, compression=zero_init


LINKER GENERATED HANDLER TABLE

__TI_handler_table @ 00009914 records: 3, size/record: 4, table size: 12
	index: 0, handler: __TI_decompress_lzss
	index: 1, handler: __TI_decompress_none
	index: 2, handler: __TI_zero_init


GLOBAL SYMBOLS: SORTED ALPHABETICALLY BY Name 

address   name                                       
-------   ----                                       
00004c89  ADC14_IRQHandler                           
00006ff1  ADC14_getMultiSequenceResult               
00009109  ADC14_getResult                            
00000af5  C$$EXIT                                    
00009639  CPU_cpsie                                  
000097a9  CPU_wfi                                    
00008ee9  CS_Init                                    
00008e49  CS_clearInterruptFlag                      
00002a91  CS_getDCOFrequency                         
00009289  CS_getMCLK                                 
00003cc9  CS_initClockSignal                         
00008bd1  CS_setDCOCenteredFrequency                 
2000ea3a  CurrentFilterGroup                         
2000ea38  CurrentFilterMask                          
000093f1  FPU_enableLazyStacking                     
00009409  FPU_enableStacking                         
00008b41  FlashCtl_setWaitState                      
00009559  GPIO_High                                  
00008d81  GPIO_Init                                  
00009569  GPIO_Low                                   
00009421  GPIO_clearInterruptFlag                    
00009439  GPIO_enableInterrupt                       
000092a1  GPIO_getInputPinValue                      
00008c01  GPIO_setAsInputPinWithPullUpResistor       
00008f89  GPIO_setAsOutputPin                        
00007c01  GPIO_setAsPeripheralModuleFunctionInputPin 
00007c59  GPIO_setAsPeripheralModuleFunctionOutputPin
00009451  GPIO_setOutputHighOnPin                    
00009469  GPIO_setOutputLowOnPin                     
00009481  GPIO_toggleOutputOnPin                     
00007555  I2C_masterSendMultiByteStart               
00009579  Interrupt_enableMaster                     
000027e1  MMC_disk_initialize                        
00002039  MMC_disk_ioctl                             
00006511  MMC_disk_read                              
00009649  MMC_disk_status                            
00005a29  MMC_disk_write                             
2000ea0e  MPU9250_devAddr                            
00009589  MPU9250_getMotion9                         
00008fa9  MPU9250_initialize                         
00009659  MPU9250_setClockSource                     
00007ec1  PCM_getCoreVoltageLevel                    
00008701  PCM_getPowerMode                           
00009669  PCM_getPowerState                          
00008c31  PCM_gotoLPM0                               
00009781  PCM_setCoreVoltageLevel                    
00009789  PCM_setPowerMode                           
00006e79  RTC_C_getCalendarTime                      
2000c800  RecorderData                               
2000ea40  RecorderDataPtr                            
2000eaf4  SPI0MasterConfig                           
00007f11  SPI_Init                                   
00008869  SPI_Read                                   
000088a1  SPI_Write                                  
00005e8d  SPI_initMaster                             
00007cb1  SysCtl_getTLVInfo                          
00009679  SysCtl_getTempCalibrationConstant          
00008fc9  SysCtl_setWDTTimeoutResetType              
000075c1  SystemInit                                 
2000eb6c  TraceQueueClassTable                       
2000e7b8  WATCHDOG_EVENT_GROUP                       
4000480c  WDTCTL_SYM                                 
000092b9  WDT_A_clearTimer                           
00008fc9  WDT_A_setTimeoutReset                      
00009499  WDT_A_startTimer                           
20010000  __STACK_END                                
00000320  __STACK_SIZE                               
00009928  __TI_CINIT_Base                            
00009938  __TI_CINIT_Limit                           
00009914  __TI_Handler_Table_Base                    
00009920  __TI_Handler_Table_Limit                   
000083a1  __TI_auto_init_nobinit_nopinit             
00007629  __TI_decompress_lzss                       
00009619  __TI_decompress_none                       
ffffffff  __TI_pprof_out_hndl                        
ffffffff  __TI_prof_data_size                        
ffffffff  __TI_prof_data_start                       
00000000  __TI_static_base__                         
00009695  __TI_zero_init                             
00006f75  __aeabi_memclr                             
00006f75  __aeabi_memclr4                            
00006f75  __aeabi_memclr8                            
00006339  __aeabi_memcpy                             
00006339  __aeabi_memcpy4                            
00006339  __aeabi_memcpy8                            
00006f77  __aeabi_memset                             
00006f77  __aeabi_memset4                            
00006f77  __aeabi_memset8                            
ffffffff  __binit__                                  
ffffffff  __c_args__                                 
UNDEFED   __mpu_init                                 
2000fce0  __stack                                    
000087bd  _c_int00_noargs                            
UNDEFED   _system_post_cinit                         
000007dd  _system_pre_init                           
00000af5  abort                                      
00003de9  adcInit                                    
2000eb3e  adcInitDelay                               
000088d9  aodcsTask                                  
2000eb3c  batteryValue                               
ffffffff  binit                                      
2000e7a4  buffer                                     
2000e754  bufferIMU                                  
2000e7bc  bw                                         
2000e7b2  cal30                                      
2000e7ec  cal85                                      
2000e7ee  calDifference                              
00008911  cameraTask                                 
2000e7c0  clock                                      
00008c61  configWakeUpPin                            
000007e1  dataStorage                                
000092e9  disk_initialize                            
00008fe9  disk_ioctl                                 
00008f11  disk_read                                  
00009301  disk_status                                
00008f39  disk_write                                 
00008581  eTaskConfirmSleepModeStatus                
2000e6ab  fResult                                    
00008141  f_mount                                    
000017a1  f_open                                     
00006479  f_sync                                     
00001401  f_write                                    
2000e348  file                                       
2000e7c4  flag_lowBattery                            
2000e7c8  flag_systemMode                            
000083e9  getLocalTime                               
00006891  getMotion6                                 
00007d09  getTemperature                             
000097b1  get_fattime                                
2000ea31  handle_of_last_logged_task                 
00008981  hibernate                                  
00001969  houseKeeping                               
00009874  i2cConfig                                  
2000e66c  imuData                                    
000084c1  initI2C                                    
00007831  initSD                                     
2000e7cc  init_hwtc_count                            
00000000  interruptVectors                           
2000ea10  isPendingContextSwitch                     
00006149  itoa                                       
2000e7ac  localTime                                  
000082c9  main                                       
00006339  memcpy                                     
00006f7d  memset                                     
2000ea30  nISRactive                                 
2000e570  obcData                                    
2000e980  objectHandleStacks                         
000089f1  pptTask                                    
00009009  prvCalendarConfiguration                   
00009029  prvMarkObjectAsUsed                        
00008431  prvQueueDataCreate                         
00007899  prvResumeAllTasks                          
00006771  prvSuspendAllTasks                         
00003231  prvTaskCreate                              
00008601  prvTraceError                              
00009721  prvTraceGetCurrentTaskHandle               
00002941  prvTraceGetObjectHandle                    
00005039  prvTraceGetPriorityProperty                
000097b9  prvTraceGetQueueNumber                     
000096c1  prvTraceGetQueueNumberHigh16               
00009741  prvTraceGetQueueNumberLow16                
00009791  prvTraceGetQueueType                       
000096d1  prvTraceGetTaskNumberHigh16                
00009751  prvTraceGetTaskNumberLow16                 
000060a1  prvTraceInitCortexM                        
00007e11  prvTracePortGetTimeStamp                   
00004359  prvTraceSetObjectName                      
000056f9  prvTraceSetObjectState                     
000052d1  prvTraceSetPriorityProperty                
000091e9  prvTraceSetQueueNumberHigh16               
00009209  prvTraceSetQueueNumberLow16                
00006ef9  prvTraceSetTaskInstanceFinished            
00009229  prvTraceSetTaskNumberHigh16                
00009249  prvTraceSetTaskNumberLow16                 
00001e99  prvTraceStoreKernelCall                    
00004139  prvTraceStoreKernelCallWithNumericParamOnly
000015d9  prvTraceStoreKernelCallWithParam           
00004b91  prvTraceStoreTaskReady                     
00004f51  prvTraceStoreTaskswitch                    
00009599  prvWatchDogEventGroupCreate                
00000149  pszTraceGetErrorNotEnoughHandles           
00002e69  pvPortMalloc                               
00009319  pvTaskIncrementMutexHeldCount              
2000ea90  pxCurrentTCB                               
00008cc1  pxPortInitialiseStack                      
00004469  readI2C                                    
2000ea24  recorder_busy                              
2000e764  resultsBuffer                              
2000e118  sdDriver                                   
2000eb34  semaphoreIMU                               
2000eb38  semaphoreSystem                            
000096f1  setFullScaleAccelRange                     
00009701  setFullScaleGyroRange                      
00008479  setOperationMode                           
00009761  setSleepEnabled                            
000095a9  setWatchDogBit_AODCS                       
000095b9  setWatchDogBit_CAMERA                      
000095c9  setWatchDogBit_DATASTORAGE                 
000095d9  setWatchDogBit_HOUSEKEEPING                
000095e9  setWatchDogBit_PPT                         
000095f9  setWatchDogBit_TTC                         
2000e7d0  taskHandlerAodcs                           
2000e7d4  taskHandlerCamera                          
2000e7d8  taskHandlerDataStorage                     
2000e7dc  taskHandlerHouseKeeping                    
2000e7e0  taskHandlerPpt                             
2000e7e4  taskHandlerTtc                             
2000e7e8  taskHandlerWatchDog                        
00006df9  taskManager                                
2000ea28  timestampFrequency                         
2000ea2c  traceErrorMessage                          
2000ea1c  trace_disable_timestamp                    
00008231  ttcTask                                    
00009791  ucQueueGetQueueType                        
00003369  uiIndexOfObject                            
00004d81  uiTraceStart                               
2000ea18  uiTraceTickCount                           
00009894  ulMaxSyscallInterruptPriority              
00005205  ulPortGetIPSR                              
00004c89  updateBatteryLevel                         
00008e21  uxListRemove                               
000097b9  uxQueueGetQueueNumber                      
00009771  uxTaskGetTaskNumber                        
00009361  uxTaskResetEventItemValue                  
000097c1  vApplicationIdleHook                       
00009529  vApplicationMallocFailedHook               
00009541  vApplicationStackOverflowHook              
000097f1  vApplicationTickHook                       
000090e9  vListInitialise                            
00009799  vListInitialiseItem                        
00008a29  vListInsert                                
00009379  vListInsertEnd                             
000052c1  vPortEnableVFP                             
000086c1  vPortEnterCritical                         
00008ba1  vPortExitCritical                          
000069b1  vPortFree                                  
0000527d  vPortSVCHandler                            
000076f9  vPortSetupTimerInterrupt                   
0000529d  vPortStartFirstTask                        
000030f1  vPortSuppressTicksAndSleep                 
00007969  vPortValidateInterruptPriority             
00008a61  vPostSleepProcessing                       
00008051  vPreSleepProcessing                        
000097c9  vQueueSetQueueNumber                       
00008359  vQueueWaitForMessageRestricted             
00008a99  vT32_0_Handler                             
00008ad1  vT32_1_Handler                             
000063d9  vTaskDelay                                 
00004991  vTaskDelayUntil                            
00009391  vTaskInternalSetTimeOutState               
00009711  vTaskMissedYield                           
00003a81  vTaskNotifyGiveFromISR                     
00008831  vTaskPlaceOnEventList                      
00006b59  vTaskPlaceOnEventListRestricted            
00007af1  vTaskPlaceOnUnorderedEventList             
000035c9  vTaskPriorityDisinheritAfterTimeout        
00005c69  vTaskRemoveFromUnorderedEventList          
000053a9  vTaskResume                                
000097a1  vTaskSetTaskNumber                         
00006cf1  vTaskStartScheduler                        
00008b09  vTaskStepTick                              
000036f9  vTaskSuspend                               
00009609  vTaskSuspendAll                            
00005481  vTaskSwitchContext                         
000061f1  vTraceEnable                               
000057c9  vTraceInitObjectHandleStack                
00003f09  vTraceInitObjectPropertyTable              
000097d1  vTraceStart                                
00008e99  vTraceStop                                 
2000ea34  vTraceStopHookPtr                          
00005ba9  vTraceStoreMemMangEvent                    
00005d21  vUART_Handler                              
2000eb3f  wakeState                                  
00007479  watchDogTask                               
000080a1  writeBit                                   
00007a31  writeBits                                  
00005dd9  writeI2C                                   
00009269  xEventGroupCreate                          
00005ff1  xEventGroupSetBits                         
00003829  xEventGroupWaitBits                        
00003499  xFirstTimerHandler                         
0000521d  xPortPendSVHandler                         
00005119  xPortStartScheduler                        
00008d21  xPortSysTickHandler                        
000093d9  xQueueCreateMutex                          
2000eb2c  xQueueDataObc                              
00007159  xQueueGenericCreate                        
00006801  xQueueGenericReset                         
00000af9  xQueueGenericSend                          
00002371  xQueueGenericSendFromISR                   
2000eb28  xQueueIMU                                  
00008d51  xQueueIsQueueFullFromISR                   
00001111  xQueueReceive                              
00002d21  xQueueReceiveFromISR                       
000004a9  xQueueSemaphoreTake                        
2000eb30  xQueueSystem                               
00001b29  xSecondTimerHandler                        
000066d9  xTaskCheckForTimeOut                       
00007761  xTaskCreate                                
00009721  xTaskGetCurrentTaskHandle                  
000090a9  xTaskGetSchedulerState                     
00009731  xTaskGetTickCount                          
000021d9  xTaskIncrementTick                         
00003ba9  xTaskPriorityDisinherit                    
00004249  xTaskPriorityInherit                       
00005969  xTaskRemoveFromEventList                   
00003959  xTaskResumeAll                             
00007b51  xTimerCreateTimerTask                      
000071d1  xTimerGenericCommand                       


GLOBAL SYMBOLS: SORTED BY Symbol Address 

address   name                                       
-------   ----                                       
00000000  __TI_static_base__                         
00000000  interruptVectors                           
00000149  pszTraceGetErrorNotEnoughHandles           
00000320  __STACK_SIZE                               
000004a9  xQueueSemaphoreTake                        
000007dd  _system_pre_init                           
000007e1  dataStorage                                
00000af5  C$$EXIT                                    
00000af5  abort                                      
00000af9  xQueueGenericSend                          
00001111  xQueueReceive                              
00001401  f_write                                    
000015d9  prvTraceStoreKernelCallWithParam           
000017a1  f_open                                     
00001969  houseKeeping                               
00001b29  xSecondTimerHandler                        
00001e99  prvTraceStoreKernelCall                    
00002039  MMC_disk_ioctl                             
000021d9  xTaskIncrementTick                         
00002371  xQueueGenericSendFromISR                   
000027e1  MMC_disk_initialize                        
00002941  prvTraceGetObjectHandle                    
00002a91  CS_getDCOFrequency                         
00002d21  xQueueReceiveFromISR                       
00002e69  pvPortMalloc                               
000030f1  vPortSuppressTicksAndSleep                 
00003231  prvTaskCreate                              
00003369  uiIndexOfObject                            
00003499  xFirstTimerHandler                         
000035c9  vTaskPriorityDisinheritAfterTimeout        
000036f9  vTaskSuspend                               
00003829  xEventGroupWaitBits                        
00003959  xTaskResumeAll                             
00003a81  vTaskNotifyGiveFromISR                     
00003ba9  xTaskPriorityDisinherit                    
00003cc9  CS_initClockSignal                         
00003de9  adcInit                                    
00003f09  vTraceInitObjectPropertyTable              
00004139  prvTraceStoreKernelCallWithNumericParamOnly
00004249  xTaskPriorityInherit                       
00004359  prvTraceSetObjectName                      
00004469  readI2C                                    
00004991  vTaskDelayUntil                            
00004b91  prvTraceStoreTaskReady                     
00004c89  ADC14_IRQHandler                           
00004c89  updateBatteryLevel                         
00004d81  uiTraceStart                               
00004f51  prvTraceStoreTaskswitch                    
00005039  prvTraceGetPriorityProperty                
00005119  xPortStartScheduler                        
00005205  ulPortGetIPSR                              
0000521d  xPortPendSVHandler                         
0000527d  vPortSVCHandler                            
0000529d  vPortStartFirstTask                        
000052c1  vPortEnableVFP                             
000052d1  prvTraceSetPriorityProperty                
000053a9  vTaskResume                                
00005481  vTaskSwitchContext                         
000056f9  prvTraceSetObjectState                     
000057c9  vTraceInitObjectHandleStack                
00005969  xTaskRemoveFromEventList                   
00005a29  MMC_disk_write                             
00005ba9  vTraceStoreMemMangEvent                    
00005c69  vTaskRemoveFromUnorderedEventList          
00005d21  vUART_Handler                              
00005dd9  writeI2C                                   
00005e8d  SPI_initMaster                             
00005ff1  xEventGroupSetBits                         
000060a1  prvTraceInitCortexM                        
00006149  itoa                                       
000061f1  vTraceEnable                               
00006339  __aeabi_memcpy                             
00006339  __aeabi_memcpy4                            
00006339  __aeabi_memcpy8                            
00006339  memcpy                                     
000063d9  vTaskDelay                                 
00006479  f_sync                                     
00006511  MMC_disk_read                              
000066d9  xTaskCheckForTimeOut                       
00006771  prvSuspendAllTasks                         
00006801  xQueueGenericReset                         
00006891  getMotion6                                 
000069b1  vPortFree                                  
00006b59  vTaskPlaceOnEventListRestricted            
00006cf1  vTaskStartScheduler                        
00006df9  taskManager                                
00006e79  RTC_C_getCalendarTime                      
00006ef9  prvTraceSetTaskInstanceFinished            
00006f75  __aeabi_memclr                             
00006f75  __aeabi_memclr4                            
00006f75  __aeabi_memclr8                            
00006f77  __aeabi_memset                             
00006f77  __aeabi_memset4                            
00006f77  __aeabi_memset8                            
00006f7d  memset                                     
00006ff1  ADC14_getMultiSequenceResult               
00007159  xQueueGenericCreate                        
000071d1  xTimerGenericCommand                       
00007479  watchDogTask                               
00007555  I2C_masterSendMultiByteStart               
000075c1  SystemInit                                 
00007629  __TI_decompress_lzss                       
000076f9  vPortSetupTimerInterrupt                   
00007761  xTaskCreate                                
00007831  initSD                                     
00007899  prvResumeAllTasks                          
00007969  vPortValidateInterruptPriority             
00007a31  writeBits                                  
00007af1  vTaskPlaceOnUnorderedEventList             
00007b51  xTimerCreateTimerTask                      
00007c01  GPIO_setAsPeripheralModuleFunctionInputPin 
00007c59  GPIO_setAsPeripheralModuleFunctionOutputPin
00007cb1  SysCtl_getTLVInfo                          
00007d09  getTemperature                             
00007e11  prvTracePortGetTimeStamp                   
00007ec1  PCM_getCoreVoltageLevel                    
00007f11  SPI_Init                                   
00008051  vPreSleepProcessing                        
000080a1  writeBit                                   
00008141  f_mount                                    
00008231  ttcTask                                    
000082c9  main                                       
00008359  vQueueWaitForMessageRestricted             
000083a1  __TI_auto_init_nobinit_nopinit             
000083e9  getLocalTime                               
00008431  prvQueueDataCreate                         
00008479  setOperationMode                           
000084c1  initI2C                                    
00008581  eTaskConfirmSleepModeStatus                
00008601  prvTraceError                              
000086c1  vPortEnterCritical                         
00008701  PCM_getPowerMode                           
000087bd  _c_int00_noargs                            
00008831  vTaskPlaceOnEventList                      
00008869  SPI_Read                                   
000088a1  SPI_Write                                  
000088d9  aodcsTask                                  
00008911  cameraTask                                 
00008981  hibernate                                  
000089f1  pptTask                                    
00008a29  vListInsert                                
00008a61  vPostSleepProcessing                       
00008a99  vT32_0_Handler                             
00008ad1  vT32_1_Handler                             
00008b09  vTaskStepTick                              
00008b41  FlashCtl_setWaitState                      
00008ba1  vPortExitCritical                          
00008bd1  CS_setDCOCenteredFrequency                 
00008c01  GPIO_setAsInputPinWithPullUpResistor       
00008c31  PCM_gotoLPM0                               
00008c61  configWakeUpPin                            
00008cc1  pxPortInitialiseStack                      
00008d21  xPortSysTickHandler                        
00008d51  xQueueIsQueueFullFromISR                   
00008d81  GPIO_Init                                  
00008e21  uxListRemove                               
00008e49  CS_clearInterruptFlag                      
00008e99  vTraceStop                                 
00008ee9  CS_Init                                    
00008f11  disk_read                                  
00008f39  disk_write                                 
00008f89  GPIO_setAsOutputPin                        
00008fa9  MPU9250_initialize                         
00008fc9  SysCtl_setWDTTimeoutResetType              
00008fc9  WDT_A_setTimeoutReset                      
00008fe9  disk_ioctl                                 
00009009  prvCalendarConfiguration                   
00009029  prvMarkObjectAsUsed                        
000090a9  xTaskGetSchedulerState                     
000090e9  vListInitialise                            
00009109  ADC14_getResult                            
000091e9  prvTraceSetQueueNumberHigh16               
00009209  prvTraceSetQueueNumberLow16                
00009229  prvTraceSetTaskNumberHigh16                
00009249  prvTraceSetTaskNumberLow16                 
00009269  xEventGroupCreate                          
00009289  CS_getMCLK                                 
000092a1  GPIO_getInputPinValue                      
000092b9  WDT_A_clearTimer                           
000092e9  disk_initialize                            
00009301  disk_status                                
00009319  pvTaskIncrementMutexHeldCount              
00009361  uxTaskResetEventItemValue                  
00009379  vListInsertEnd                             
00009391  vTaskInternalSetTimeOutState               
000093d9  xQueueCreateMutex                          
000093f1  FPU_enableLazyStacking                     
00009409  FPU_enableStacking                         
00009421  GPIO_clearInterruptFlag                    
00009439  GPIO_enableInterrupt                       
00009451  GPIO_setOutputHighOnPin                    
00009469  GPIO_setOutputLowOnPin                     
00009481  GPIO_toggleOutputOnPin                     
00009499  WDT_A_startTimer                           
00009529  vApplicationMallocFailedHook               
00009541  vApplicationStackOverflowHook              
00009559  GPIO_High                                  
00009569  GPIO_Low                                   
00009579  Interrupt_enableMaster                     
00009589  MPU9250_getMotion9                         
00009599  prvWatchDogEventGroupCreate                
000095a9  setWatchDogBit_AODCS                       
000095b9  setWatchDogBit_CAMERA                      
000095c9  setWatchDogBit_DATASTORAGE                 
000095d9  setWatchDogBit_HOUSEKEEPING                
000095e9  setWatchDogBit_PPT                         
000095f9  setWatchDogBit_TTC                         
00009609  vTaskSuspendAll                            
00009619  __TI_decompress_none                       
00009639  CPU_cpsie                                  
00009649  MMC_disk_status                            
00009659  MPU9250_setClockSource                     
00009669  PCM_getPowerState                          
00009679  SysCtl_getTempCalibrationConstant          
00009695  __TI_zero_init                             
000096c1  prvTraceGetQueueNumberHigh16               
000096d1  prvTraceGetTaskNumberHigh16                
000096f1  setFullScaleAccelRange                     
00009701  setFullScaleGyroRange                      
00009711  vTaskMissedYield                           
00009721  prvTraceGetCurrentTaskHandle               
00009721  xTaskGetCurrentTaskHandle                  
00009731  xTaskGetTickCount                          
00009741  prvTraceGetQueueNumberLow16                
00009751  prvTraceGetTaskNumberLow16                 
00009761  setSleepEnabled                            
00009771  uxTaskGetTaskNumber                        
00009781  PCM_setCoreVoltageLevel                    
00009789  PCM_setPowerMode                           
00009791  prvTraceGetQueueType                       
00009791  ucQueueGetQueueType                        
00009799  vListInitialiseItem                        
000097a1  vTaskSetTaskNumber                         
000097a9  CPU_wfi                                    
000097b1  get_fattime                                
000097b9  prvTraceGetQueueNumber                     
000097b9  uxQueueGetQueueNumber                      
000097c1  vApplicationIdleHook                       
000097c9  vQueueSetQueueNumber                       
000097d1  vTraceStart                                
000097f1  vApplicationTickHook                       
00009874  i2cConfig                                  
00009894  ulMaxSyscallInterruptPriority              
00009914  __TI_Handler_Table_Base                    
00009920  __TI_Handler_Table_Limit                   
00009928  __TI_CINIT_Base                            
00009938  __TI_CINIT_Limit                           
2000c800  RecorderData                               
2000e118  sdDriver                                   
2000e348  file                                       
2000e570  obcData                                    
2000e66c  imuData                                    
2000e6ab  fResult                                    
2000e754  bufferIMU                                  
2000e764  resultsBuffer                              
2000e7a4  buffer                                     
2000e7ac  localTime                                  
2000e7b2  cal30                                      
2000e7b8  WATCHDOG_EVENT_GROUP                       
2000e7bc  bw                                         
2000e7c0  clock                                      
2000e7c4  flag_lowBattery                            
2000e7c8  flag_systemMode                            
2000e7cc  init_hwtc_count                            
2000e7d0  taskHandlerAodcs                           
2000e7d4  taskHandlerCamera                          
2000e7d8  taskHandlerDataStorage                     
2000e7dc  taskHandlerHouseKeeping                    
2000e7e0  taskHandlerPpt                             
2000e7e4  taskHandlerTtc                             
2000e7e8  taskHandlerWatchDog                        
2000e7ec  cal85                                      
2000e7ee  calDifference                              
2000e980  objectHandleStacks                         
2000ea0e  MPU9250_devAddr                            
2000ea10  isPendingContextSwitch                     
2000ea18  uiTraceTickCount                           
2000ea1c  trace_disable_timestamp                    
2000ea24  recorder_busy                              
2000ea28  timestampFrequency                         
2000ea2c  traceErrorMessage                          
2000ea30  nISRactive                                 
2000ea31  handle_of_last_logged_task                 
2000ea34  vTraceStopHookPtr                          
2000ea38  CurrentFilterMask                          
2000ea3a  CurrentFilterGroup                         
2000ea40  RecorderDataPtr                            
2000ea90  pxCurrentTCB                               
2000eaf4  SPI0MasterConfig                           
2000eb28  xQueueIMU                                  
2000eb2c  xQueueDataObc                              
2000eb30  xQueueSystem                               
2000eb34  semaphoreIMU                               
2000eb38  semaphoreSystem                            
2000eb3c  batteryValue                               
2000eb3e  adcInitDelay                               
2000eb3f  wakeState                                  
2000eb6c  TraceQueueClassTable                       
2000fce0  __stack                                    
20010000  __STACK_END                                
4000480c  WDTCTL_SYM                                 
ffffffff  __TI_pprof_out_hndl                        
ffffffff  __TI_prof_data_size                        
ffffffff  __TI_prof_data_start                       
ffffffff  __binit__                                  
ffffffff  __c_args__                                 
ffffffff  binit                                      
UNDEFED   __mpu_init                                 
UNDEFED   _system_post_cinit                         

[309 symbols]
