******************************************************************************
                  TI ARM Linker PC v18.1.1                     
******************************************************************************
>> Linked Tue Dec 10 23:36:35 2019

OUTPUT FILE NAME:   <Firmware_OBC.out>
ENTRY POINT SYMBOL: "_c_int00_noargs"  address: 00006665


MEMORY CONFIGURATION

         name            origin    length      used     unused   attr    fill
----------------------  --------  ---------  --------  --------  ----  --------
  MAIN                  00000000   0003f000  000070ca  00037f36  R  X
  MYDATA                0003f000   00001000  00000000  00001000  R  X
  INFO                  00200000   00004000  00000000  00004000  R  X
  SRAM_CODE             01000000   00010000  0000f4ba  00000b46  RW X
  SRAM_DATA             20000000   00010000  0000f4ba  00000b46  RW  


SEGMENT ALLOCATION MAP

run origin  load origin   length   init length attrs members
----------  ----------- ---------- ----------- ----- -------
00000000    00000000    000070d0   000070d0    r-x
  00000000    00000000    00000144   00000144    r-- .intvecs
  00000148    00000148    00006e7a   00006e7a    r-x .text
  00006fc4    00006fc4    0000008c   0000008c    r-- .const
  00007050    00007050    00000080   00000080    r-- .cinit
20000000    20000000    0000f19c   00000000    rw-
  20000000    20000000    0000ee2a   00000000    rw- .bss
  2000ee2c    2000ee2c    00000370   00000000    rw- .data
2000fce0    2000fce0    00000320   00000000    rw-
  2000fce0    2000fce0    00000320   00000000    rw- .stack


SECTION ALLOCATION MAP

 output                                  attributes/
section   page    origin      length       input sections
--------  ----  ----------  ----------   ----------------
.intvecs   0    00000000    00000144     
                  00000000    00000144     msp432_startup_ccs.obj (.intvecs:retain)

.text      0    00000148    00006e7a     
                  00000148    0000035e     trcKernelPort.obj (.text:pszTraceGetErrorNotEnoughHandles)
                  000004a6    00000002     --HOLE-- [fill = 0]
                  000004a8    0000030c     queue.obj (.text:xQueueGenericSend)
                  000007b4    00000004     rtsv7M4_T_le_v4SPD16_eabi.lib : pre_init.c.obj (.text:_system_pre_init)
                  000007b8    000002ec     queue.obj (.text:xQueueReceive)
                  00000aa4    00000004     rtsv7M4_T_le_v4SPD16_eabi.lib : exit.c.obj (.text:abort:abort)
                  00000aa8    00000285     trcSnapshotRecorder.obj (.text:prvTraceUserEventFormat)
                  00000d2d    00000003     --HOLE-- [fill = 0]
                  00000d30    000001c8     trcSnapshotRecorder.obj (.text:prvTraceStoreKernelCallWithParam)
                  00000ef8    000001c0     IntQueue.obj (.text:xSecondTimerHandler)
                  000010b8    000001bc     trcSnapshotRecorder.obj (.text:prvTraceCreateSymbolTableEntry)
                  00001274    00000004     --HOLE-- [fill = 0]
                  00001278    000001b0     trcSnapshotRecorder.obj (.text:prvTraceInitTraceData)
                  00001428    000001a0     trcSnapshotRecorder.obj (.text:prvTraceStoreKernelCall)
                  000015c8    00000198     tasks.obj (.text:xTaskIncrementTick)
                  00001760    00000188     queue.obj (.text:xQueueGenericSendFromISR)
                  000018e8    00000184     trcSnapshotRecorder.obj (.text:prvTraceGetDTS)
                  00001a6c    00000004     --HOLE-- [fill = 0]
                  00001a70    00000170     trcSnapshotRecorder.obj (.text:vTracePrintF_Helper)
                  00001be0    00000168     tasks.obj (.text:vTaskDelete)
                  00001d48    00000160     msp432p4xx_driverlib.lib : adc14.o (.text:_getIndexForMemRegister)
                  00001ea8    0000014c     trcSnapshotRecorder.obj (.text:prvTraceGetObjectHandle)
                  00001ff4    00000004     --HOLE-- [fill = 0]
                  00001ff8    00000148     cs.obj (.text:CS_getDCOFrequency)
                  00002140    00000148     trcSnapshotRecorder.obj (.text:prvCheckDataToBeOverwrittenForMultiEntryEvents)
                  00002288    00000148     queue.obj (.text:xQueueReceiveFromISR)
                  000023d0    00000144     heap_4.obj (.text:pvPortMalloc)
                  00002514    00000004     --HOLE-- [fill = 0]
                  00002518    00000140     tasks.obj (.text:prvAddNewTaskToReadyList)
                  00002658    0000013c     trcSnapshotRecorder.obj (.text:prvTraceStoreObjectPropertiesOnCloseEvent)
                  00002794    00000004     --HOLE-- [fill = 0]
                  00002798    0000013c     port.obj (.text:vPortSuppressTicksAndSleep)
                  000028d4    00000004     --HOLE-- [fill = 0]
                  000028d8    00000130     trcSnapshotRecorder.obj (.text:uiIndexOfObject)
                  00002a08    00000130     IntQueue.obj (.text:xFirstTimerHandler)
                  00002b38    0000012c     event_groups.obj (.text:xEventGroupWaitBits)
                  00002c64    00000004     --HOLE-- [fill = 0]
                  00002c68    00000128     tasks.obj (.text:xTaskResumeAll)
                  00002d90    00000124     tasks.obj (.text:vTaskNotifyGiveFromISR)
                  00002eb4    00000004     --HOLE-- [fill = 0]
                  00002eb8    00000120     tasks.obj (.text:xTaskPriorityDisinherit)
                  00002fd8    0000011c     cs.obj (.text:CS_initClockSignal)
                  000030f4    00000004     --HOLE-- [fill = 0]
                  000030f8    0000011c     trcSnapshotRecorder.obj (.text:prvTraceFreeObjectHandle)
                  00003214    00000004     --HOLE-- [fill = 0]
                  00003218    00000118     trcSnapshotRecorder.obj (.text:prvTraceLookupSymbolTableEntry)
                  00003330    00000118     trcKernelPort.obj (.text:vTraceInitObjectPropertyTable)
                  00003448    00000114     cs.obj (.text:_CSComputeCLKFrequency)
                  0000355c    00000004     --HOLE-- [fill = 0]
                  00003560    00000110     trcSnapshotRecorder.obj (.text:prvTraceStoreKernelCallWithNumericParamOnly)
                  00003670    0000010c     trcSnapshotRecorder.obj (.text:prvTraceSetObjectName)
                  0000377c    00000004     --HOLE-- [fill = 0]
                  00003780    00000108     taskManager.obj (.text:updateBatteryLevel)
                  00003888    00000100     timers.obj (.text:prvProcessReceivedCommands)
                  00003988    00000100     tasks.obj (.text:vTaskDelayUntil)
                  00003a88    000000fc     trcSnapshotRecorder.obj (.text:prvTraceStoreObjectNameOnCloseEvent)
                  00003b84    00000004     --HOLE-- [fill = 0]
                  00003b88    000000f4     trcSnapshotRecorder.obj (.text:prvTraceStoreTaskReady)
                  00003c7c    00000004     --HOLE-- [fill = 0]
                  00003c80    000000e8     trcSnapshotRecorder.obj (.text:uiTraceStart)
                  00003d68    000000e4     trcSnapshotRecorder.obj (.text:prvTraceStoreTaskswitch)
                  00003e4c    00000004     --HOLE-- [fill = 0]
                  00003e50    000000dd     trcSnapshotRecorder.obj (.text:prvTraceGetChecksum)
                  00003f2d    00000003     --HOLE-- [fill = 0]
                  00003f30    000000dc     trcSnapshotRecorder.obj (.text:prvTraceGetPriorityProperty)
                  0000400c    00000004     --HOLE-- [fill = 0]
                  00004010    000000dc     port.obj (.text:xPortStartScheduler)
                  000040ec    000000da     portasm.obj (.text)
                  000041c6    00000002     --HOLE-- [fill = 0]
                  000041c8    000000d8     trcSnapshotRecorder.obj (.text:prvTraceSetPriorityProperty)
                  000042a0    000000d4     tasks.obj (.text:vTaskSwitchContext)
                  00004374    00000004     --HOLE-- [fill = 0]
                  00004378    000000d0     trcSnapshotRecorder.obj (.text:prvTraceGetObjectState)
                  00004448    000000cc     main.obj (.text:main)
                  00004514    00000004     --HOLE-- [fill = 0]
                  00004518    000000cc     trcSnapshotRecorder.obj (.text:prvTraceSetObjectState)
                  000045e4    00000004     --HOLE-- [fill = 0]
                  000045e8    000000cc     trcKernelPort.obj (.text:vTraceInitObjectHandleStack)
                  000046b4    00000004     --HOLE-- [fill = 0]
                  000046b8    000000c8     taskManager.obj (.text:taskManager)
                  00004780    000000c0     tasks.obj (.text:xTaskRemoveFromEventList)
                  00004840    000000bc     queue.obj (.text:prvInitialiseNewQueue)
                  000048fc    00000004     --HOLE-- [fill = 0]
                  00004900    000000bc     trcSnapshotRecorder.obj (.text:vTraceStoreMemMangEvent)
                  000049bc    00000004     --HOLE-- [fill = 0]
                  000049c0    000000b4     tasks.obj (.text:vTaskRemoveFromUnorderedEventList)
                  00004a74    00000004     --HOLE-- [fill = 0]
                  00004a78    000000b4     serial.obj (.text:vUART_Handler)
                  00004b2c    00000004     --HOLE-- [fill = 0]
                  00004b30    000000ae     tasks.obj (.text:prvInitialiseNewTask)
                  00004bde    00000002     --HOLE-- [fill = 0]
                  00004be0    000000ae     event_groups.obj (.text:xEventGroupSetBits)
                  00004c8e    00000002     --HOLE-- [fill = 0]
                  00004c90    000000a8     trcSnapshotRecorder.obj (.text:prvTraceInitCortexM)
                  00004d38    000000a8     trcSnapshotRecorder.obj (.text:xTraceRegisterString)
                  00004de0    000000a4     trcSnapshotRecorder.obj (.text:vTraceEnable)
                  00004e84    00000004     --HOLE-- [fill = 0]
                  00004e88    000000a0     trcSnapshotRecorder.obj (.text:prvTraceOpenSymbol)
                  00004f28    000000a0     watchDogTask.obj (.text:watchDogTask)
                  00004fc8    0000009c     rtsv7M4_T_le_v4SPD16_eabi.lib : memcpy_t2.asm.obj (.text)
                  00005064    00000004     --HOLE-- [fill = 0]
                  00005068    00000094     timers.obj (.text:prvSwitchTimerLists)
                  000050fc    00000004     --HOLE-- [fill = 0]
                  00005100    00000094     trcSnapshotRecorder.obj (.text:prvTraceGetParam)
                  00005194    00000004     --HOLE-- [fill = 0]
                  00005198    00000094     tasks.obj (.text:xTaskCheckForTimeOut)
                  0000522c    00000004     --HOLE-- [fill = 0]
                  00005230    00000090     queue.obj (.text:xQueueGenericReset)
                  000052c0    0000008c     heap_4.obj (.text:vPortFree)
                  0000534c    00000004     --HOLE-- [fill = 0]
                  00005350    00000088     tasks.obj (.text:prvAddCurrentTaskToDelayedList)
                  000053d8    00000088     tasks.obj (.text:vTaskPlaceOnEventListRestricted)
                  00005460    00000084     tasks.obj (.text:prvIdleTask)
                  000054e4    00000004     --HOLE-- [fill = 0]
                  000054e8    00000084     tasks.obj (.text:vTaskStartScheduler)
                  0000556c    00000004     --HOLE-- [fill = 0]
                  00005570    0000007c     trcSnapshotRecorder.obj (.text:prvTraceSetTaskInstanceFinished)
                  000055ec    0000007a     rtsv7M4_T_le_v4SPD16_eabi.lib : memset_t2.asm.obj (.text)
                  00005666    00000002     --HOLE-- [fill = 0]
                  00005668    00000078     main.obj (.text:prvSetupHardware)
                  000056e0    00000074     main.obj (.text:prvConfigureClocks)
                  00005754    00000004     --HOLE-- [fill = 0]
                  00005758    00000074     queue.obj (.text:xQueueGenericCreate)
                  000057cc    00000004     --HOLE-- [fill = 0]
                  000057d0    00000074     timers.obj (.text:xTimerGenericCommand)
                  00005844    00000004     --HOLE-- [fill = 0]
                  00005848    00000071     trcSnapshotRecorder.obj (.text:writeInt16)
                  000058b9    00000007     --HOLE-- [fill = 0]
                  000058c0    00000071     trcSnapshotRecorder.obj (.text:writeInt32)
                  00005931    00000007     --HOLE-- [fill = 0]
                  00005938    00000070     queue.obj (.text:prvCopyDataToQueue)
                  000059a8    00000070     heap_4.obj (.text:prvHeapInit)
                  00005a18    00000070     tasks.obj (.text:prvInitialiseTaskLists)
                  00005a88    00000070     timers.obj (.text:prvProcessTimerOrBlockTask)
                  00005af8    0000006c     queue.obj (.text:prvUnlockQueue)
                  00005b64    00000004     --HOLE-- [fill = 0]
                  00005b68    00000068     system_msp432p401r.obj (.text:SystemInit)
                  00005bd0    00000068     rtsv7M4_T_le_v4SPD16_eabi.lib : copy_decompress_lzss.c.obj (.text:decompress:lzss:__TI_decompress_lzss)
                  00005c38    00000068     heap_4.obj (.text:prvInsertBlockIntoFreeList)
                  00005ca0    00000068     port.obj (.text:vPortSetupTimerInterrupt)
                  00005d08    00000068     tasks.obj (.text:xTaskCreate)
                  00005d70    00000064     trcSnapshotRecorder.obj (.text:prvTraceNextFreeEventBufferSlot)
                  00005dd4    00000004     --HOLE-- [fill = 0]
                  00005dd8    00000064     port.obj (.text:vPortValidateInterruptPriority)
                  00005e3c    00000004     --HOLE-- [fill = 0]
                  00005e40    00000060     timers.obj (.text:prvProcessExpiredTimer)
                  00005ea0    0000005c     taskManager.obj (.text:prvTaskCreate)
                  00005efc    00000004     --HOLE-- [fill = 0]
                  00005f00    0000005c     tasks.obj (.text:vTaskPlaceOnUnorderedEventList)
                  00005f5c    00000004     --HOLE-- [fill = 0]
                  00005f60    00000058     taskManager.obj (.text:prvQueueDataCreate)
                  00005fb8    00000058     timers.obj (.text:xTimerCreateTimerTask)
                  00006010    00000054     sysctl.obj (.text:SysCtl_getTLVInfo)
                  00006064    00000004     --HOLE-- [fill = 0]
                  00006068    00000054     tasks.obj (.text:prvCheckTasksWaitingTermination)
                  000060bc    00000004     --HOLE-- [fill = 0]
                  000060c0    00000054     timers.obj (.text:prvInsertTimerInActiveList)
                  00006114    00000004     --HOLE-- [fill = 0]
                  00006118    00000054     trcSnapshotRecorder.obj (.text:prvTracePortGetTimeStamp)
                  0000616c    00000004     --HOLE-- [fill = 0]
                  00006170    00000054     main.obj (.text:vPreSleepProcessing)
                  000061c4    00000004     --HOLE-- [fill = 0]
                  000061c8    00000054     event_groups.obj (.text:xEventGroupClearBits)
                  0000621c    00000004     --HOLE-- [fill = 0]
                  00006220    00000052     cs.obj (.text:_CSGetDividerValue)
                  00006272    00000006     --HOLE-- [fill = 0]
                  00006278    00000050     cs.obj (.text:_CSGetDOCFrequency)
                  000062c8    00000050     tasks.obj (.text:prvGetExpectedIdleTime)
                  00006318    00000050     ttcTask.obj (.text:ttcTask)
                  00006368    00000050     trcSnapshotRecorder.obj (.text:writeInt8)
                  000063b8    0000004c     timers.obj (.text:prvCheckForValidListAndQueue)
                  00006404    00000004     --HOLE-- [fill = 0]
                  00006408    0000004c     taskManager.obj (.text:prvTaskRestart)
                  00006454    00000004     --HOLE-- [fill = 0]
                  00006458    00000048     queue.obj (.text:vQueueWaitForMessageRestricted)
                  000064a0    00000044     rtsv7M4_T_le_v4SPD16_eabi.lib : autoinit.c.obj (.text:__TI_auto_init_nobinit_nopinit:__TI_auto_init_nobinit_nopinit)
                  000064e4    00000044                                   : fd_tou_t2.asm.obj (.text)
                  00006528    00000040     main.obj (.text:vPostSleepProcessing)
                  00006568    0000003c     tasks.obj (.text:eTaskConfirmSleepModeStatus)
                  000065a4    00000004     --HOLE-- [fill = 0]
                  000065a8    0000003c     trcSnapshotRecorder.obj (.text:prvTraceError)
                  000065e4    00000004     --HOLE-- [fill = 0]
                  000065e8    0000003c     trcSnapshotRecorder.obj (.text:prvTraceUpdateCounters)
                  00006624    00000004     --HOLE-- [fill = 0]
                  00006628    0000003c     port.obj (.text:vPortEnterCritical)
                  00006664    00000038     rtsv7M4_T_le_v4SPD16_eabi.lib : boot_cortex_m.c.obj (.text:_c_int00_noargs:_c_int00_noargs)
                  0000669c    00000004     --HOLE-- [fill = 0]
                  000066a0    00000038     port.obj (.text:prvTaskExitError)
                  000066d8    00000038     tasks.obj (.text:vTaskPlaceOnEventList)
                  00006710    00000034     watchDogTask.obj (.text:deleteDelayedTask)
                  00006744    00000004     --HOLE-- [fill = 0]
                  00006748    00000034     list.obj (.text:vListInsert)
                  0000677c    00000004     --HOLE-- [fill = 0]
                  00006780    00000034     IntQueueTimer.obj (.text:vT32_0_Handler)
                  000067b4    00000004     --HOLE-- [fill = 0]
                  000067b8    00000034     IntQueueTimer.obj (.text:vT32_1_Handler)
                  000067ec    00000004     --HOLE-- [fill = 0]
                  000067f0    00000034     tasks.obj (.text:vTaskStepTick)
                  00006824    00000004     --HOLE-- [fill = 0]
                  00006828    00000030     tasks.obj (.text:prvResetNextTaskUnblockTime)
                  00006858    00000030     port.obj (.text:vPortExitCritical)
                  00006888    0000002c     cs.obj (.text:CS_setDCOCenteredFrequency)
                  000068b4    00000004     --HOLE-- [fill = 0]
                  000068b8    0000002c     gpio.obj (.text:GPIO_setAsInputPinWithPullUpResistor)
                  000068e4    00000004     --HOLE-- [fill = 0]
                  000068e8    0000002c     main.obj (.text:configWakeUpPin)
                  00006914    00000004     --HOLE-- [fill = 0]
                  00006918    0000002c     timers.obj (.text:prvSampleTimeNow)
                  00006944    00000004     --HOLE-- [fill = 0]
                  00006948    0000002c     port.obj (.text:pxPortInitialiseStack)
                  00006974    0000002c     rtsv7M4_T_le_v4SPD16_eabi.lib : strncmp.c.obj (.text:strncmp)
                  000069a0    0000002c     port.obj (.text:xPortSysTickHandler)
                  000069cc    00000004     --HOLE-- [fill = 0]
                  000069d0    0000002c     queue.obj (.text:xQueueIsQueueFullFromISR)
                  000069fc    00000004     --HOLE-- [fill = 0]
                  00006a00    00000028     queue.obj (.text:prvCopyDataFromQueue)
                  00006a28    00000026     list.obj (.text:uxListRemove)
                  00006a4e    00000002     --HOLE-- [fill = 0]
                  00006a50    00000024     cs.obj (.text:CS_clearInterruptFlag)
                  00006a74    00000004     --HOLE-- [fill = 0]
                  00006a78    00000024     timers.obj (.text:prvGetNextExpireTime)
                  00006a9c    00000004     --HOLE-- [fill = 0]
                  00006aa0    00000024     trcSnapshotRecorder.obj (.text:vTraceStop)
                  00006ac4    00000004     --HOLE-- [fill = 0]
                  00006ac8    00000020     gpio.obj (.text:GPIO_setAsOutputPin)
                  00006ae8    00000020     sysctl.obj (.text:SysCtl_setWDTTimeoutResetType)
                  00006b08    00000020     main.obj (.text:prvCalendarConfiguration)
                  00006b28    00000020     trcSnapshotRecorder.obj (.text:prvMarkObjectAsUsed)
                  00006b48    00000020     IntQueue.obj (.text:prvRecordValue_NormallyEmpty)
                  00006b68    00000020     IntQueue.obj (.text:prvRecordValue_NormallyFull)
                  00006b88    00000020     trcSnapshotRecorder.obj (.text:prvStrncpy)
                  00006ba8    00000020     tasks.obj (.text:xTaskGetSchedulerState)
                  00006bc8    0000001e     queue.obj (.text:prvIsQueueFull)
                  00006be6    00000002     --HOLE-- [fill = 0]
                  00006be8    0000001e     list.obj (.text:vListInitialise)
                  00006c06    00000002     --HOLE-- [fill = 0]
                  00006c08    0000001c     msp432p4xx_driverlib.lib : adc14.o (.text:ADC14_getResult)
                  00006c24    00000004     --HOLE-- [fill = 0]
                  00006c28    0000001c     event_groups.obj (.text:prvTestWaitCondition)
                  00006c44    00000004     --HOLE-- [fill = 0]
                  00006c48    0000001c     trcSnapshotRecorder.obj (.text:vTracePrintF)
                  00006c64    00000004     --HOLE-- [fill = 0]
                  00006c68    0000001a     queue.obj (.text:prvIsQueueEmpty)
                  00006c82    00000006     --HOLE-- [fill = 0]
                  00006c88    0000001a     timers.obj (.text:prvTimerTask)
                  00006ca2    00000006     --HOLE-- [fill = 0]
                  00006ca8    0000001a     trcKernelPort.obj (.text:prvTraceSetQueueNumberHigh16)
                  00006cc2    00000006     --HOLE-- [fill = 0]
                  00006cc8    0000001a     trcKernelPort.obj (.text:prvTraceSetQueueNumberLow16)
                  00006ce2    00000006     --HOLE-- [fill = 0]
                  00006ce8    0000001a     trcKernelPort.obj (.text:prvTraceSetTaskNumberHigh16)
                  00006d02    00000006     --HOLE-- [fill = 0]
                  00006d08    0000001a     trcKernelPort.obj (.text:prvTraceSetTaskNumberLow16)
                  00006d22    00000006     --HOLE-- [fill = 0]
                  00006d28    0000001a     event_groups.obj (.text:xEventGroupCreate)
                  00006d42    00000006     --HOLE-- [fill = 0]
                  00006d48    00000018     cs.obj (.text:CS_getMCLK)
                  00006d60    00000018     msp432_startup_ccs.obj (.text:resetISR)
                  00006d78    00000018     tasks.obj (.text:uxTaskResetEventItemValue)
                  00006d90    00000018     list.obj (.text:vListInsertEnd)
                  00006da8    00000018     tasks.obj (.text:vTaskInternalSetTimeOutState)
                  00006dc0    00000016     queue.obj (.text:xQueueCreateMutex)
                  00006dd6    00000002     --HOLE-- [fill = 0]
                  00006dd8    00000014     gpio.obj (.text:GPIO_clearInterruptFlag)
                  00006dec    00000004     --HOLE-- [fill = 0]
                  00006df0    00000014     gpio.obj (.text:GPIO_enableInterrupt)
                  00006e04    00000004     --HOLE-- [fill = 0]
                  00006e08    00000014     gpio.obj (.text:GPIO_setOutputLowOnPin)
                  00006e1c    00000004     --HOLE-- [fill = 0]
                  00006e20    00000014     queue.obj (.text:prvInitialiseMutex)
                  00006e34    00000004     --HOLE-- [fill = 0]
                  00006e38    00000014     IntQueue.obj (.text:prvQueueAccessLogError)
                  00006e4c    00000004     --HOLE-- [fill = 0]
                  00006e50    00000012     tasks.obj (.text:prvDeleteTCB)
                  00006e62    00000006     --HOLE-- [fill = 0]
                  00006e68    00000012     main.obj (.text:vApplicationMallocFailedHook)
                  00006e7a    00000006     --HOLE-- [fill = 0]
                  00006e80    00000012     main.obj (.text:vApplicationStackOverflowHook)
                  00006e92    00000006     --HOLE-- [fill = 0]
                  00006e98    00000010     taskManager.obj (.text:prvWatchDogEventGroupCreate)
                  00006ea8    00000010     ttcTask.obj (.text:setWatchDogBit_TTC)
                  00006eb8    00000010     main.obj (.text:vApplicationIdleHook)
                  00006ec8    00000010     tasks.obj (.text:vTaskSuspendAll)
                  00006ed8    0000000e     rtsv7M4_T_le_v4SPD16_eabi.lib : copy_decompress_none.c.obj (.text:decompress:none:__TI_decompress_none)
                  00006ee6    0000000c                                   : copy_zero_init.c.obj (.text:decompress:ZI:__TI_zero_init)
                  00006ef2    00000006     --HOLE-- [fill = 0]
                  00006ef8    0000000c     trcKernelPort.obj (.text:prvTraceGetQueueNumberHigh16)
                  00006f04    00000004     --HOLE-- [fill = 0]
                  00006f08    0000000c     trcKernelPort.obj (.text:prvTraceGetTaskNumberHigh16)
                  00006f14    00000004     --HOLE-- [fill = 0]
                  00006f18    0000000c     tasks.obj (.text:vTaskMissedYield)
                  00006f24    00000004     --HOLE-- [fill = 0]
                  00006f28    0000000c     tasks.obj (.text:xTaskGetCurrentTaskHandle)
                  00006f34    00000004     --HOLE-- [fill = 0]
                  00006f38    0000000c     tasks.obj (.text:xTaskGetTickCount)
                  00006f44    00000004     --HOLE-- [fill = 0]
                  00006f48    0000000a     trcKernelPort.obj (.text:prvTraceGetQueueNumberLow16)
                  00006f52    00000006     --HOLE-- [fill = 0]
                  00006f58    0000000a     trcKernelPort.obj (.text:prvTraceGetTaskNumberLow16)
                  00006f62    00000006     --HOLE-- [fill = 0]
                  00006f68    0000000a     tasks.obj (.text:uxTaskGetTaskNumber)
                  00006f72    00000006     --HOLE-- [fill = 0]
                  00006f78    00000006     queue.obj (.text:ucQueueGetQueueType)
                  00006f7e    00000002     --HOLE-- [fill = 0]
                  00006f80    00000006     list.obj (.text:vListInitialiseItem)
                  00006f86    00000002     --HOLE-- [fill = 0]
                  00006f88    00000006     tasks.obj (.text:vTaskSetTaskNumber)
                  00006f8e    00000002     --HOLE-- [fill = 0]
                  00006f90    00000004     queue.obj (.text:uxQueueGetQueueNumber)
                  00006f94    00000004     --HOLE-- [fill = 0]
                  00006f98    00000004     queue.obj (.text:vQueueSetQueueNumber)
                  00006f9c    00000004     --HOLE-- [fill = 0]
                  00006fa0    00000004     trcSnapshotRecorder.obj (.text:vTraceStart)
                  00006fa4    00000004     --HOLE-- [fill = 0]
                  00006fa8    00000002     msp432_startup_ccs.obj (.text:defaultISR)
                  00006faa    00000006     --HOLE-- [fill = 0]
                  00006fb0    00000002     msp432_startup_ccs.obj (.text:faultISR)
                  00006fb2    00000006     --HOLE-- [fill = 0]
                  00006fb8    00000002     msp432_startup_ccs.obj (.text:nmiISR)
                  00006fba    00000006     --HOLE-- [fill = 0]
                  00006fc0    00000002     main_blinky.obj (.text:vApplicationTickHook)

.const     0    00006fc4    0000008c     
                  00006fc4    00000080     msp432p4xx_driverlib.lib : adc14.o (.const:_ctlRegs)
                  00007044    00000008     port.obj (.const)
                  0000704c    00000004     serial.obj (.const)

.cinit     0    00007050    00000080     
                  00007050    0000005c     (.cinit..data.load) [load image, compression = lzss]
                  000070ac    0000000c     (__TI_handler_table)
                  000070b8    00000008     (.cinit..bss.load) [load image, compression = zero_init]
                  000070c0    00000010     (__TI_cinit_table)

.init_array 
*          0    00000000    00000000     UNINITIALIZED

.binit     0    00000000    00000000     

.bss       0    20000000    0000ee2a     UNINITIALIZED
                  20000000    0000b400     heap_4.obj (.bss:ucHeap)
                  2000b400    00003858     (.common:RecorderData)
                  2000ec58    00000084     taskManager.obj (.bss:obcData)
                  2000ecdc    00000064     tasks.obj (.bss:pxReadyTasksLists)
                  2000ed40    0000001c     main.obj (.bss:calendarConfig)
                  2000ed5c    00000014     timers.obj (.bss:xActiveTimerList1)
                  2000ed70    00000014     timers.obj (.bss:xActiveTimerList2)
                  2000ed84    00000014     tasks.obj (.bss:xDelayedTaskList1)
                  2000ed98    00000014     tasks.obj (.bss:xDelayedTaskList2)
                  2000edac    00000014     tasks.obj (.bss:xPendingReadyList)
                  2000edc0    00000014     tasks.obj (.bss:xSuspendedTaskList)
                  2000edd4    00000014     tasks.obj (.bss:xTasksWaitingTermination)
                  2000ede8    00000008     IntQueue.obj (.bss)
                  2000edf0    00000008     cs.obj (.bss)
                  2000edf8    00000008     tasks.obj (.bss)
                  2000ee00    00000008     timers.obj (.bss)
                  2000ee08    00000008     heap_4.obj (.bss:xStart)
                  2000ee10    00000004     (.common:WATCHDOG_EVENT_GROUP)
                  2000ee14    00000004     (.common:flag_lowBattery)
                  2000ee18    00000004     (.common:flag_systemMode)
                  2000ee1c    00000004     (.common:init_hwtc_count)
                  2000ee20    00000004     (.common:taskHandlerTTC)
                  2000ee24    00000004     (.common:taskHandlerWatchDog)
                  2000ee28    00000002     (.common:stateChanel)

.data      0    2000ee2c    00000370     UNINITIALIZED
                  2000ee2c    000000c8     IntQueue.obj (.data:ucNormallyEmptyReceivedValues)
                  2000eef4    000000c8     IntQueue.obj (.data:ucNormallyFullReceivedValues)
                  2000efbc    0000008e     trcSnapshotRecorder.obj (.data:objectHandleStacks)
                  2000f04a    00000002     --HOLE--
                  2000f04c    00000044     trcSnapshotRecorder.obj (.data)
                  2000f090    0000003c     IntQueue.obj (.data)
                  2000f0cc    00000034     tasks.obj (.data)
                  2000f100    00000030     gpio.obj (.data:GPIO_PORT_TO_BASE)
                  2000f130    0000001c     taskManager.obj (.data)
                  2000f14c    00000018     port.obj (.data)
                  2000f164    00000010     heap_4.obj (.data)
                  2000f174    00000010     serial.obj (.data)
                  2000f184    0000000c     timers.obj (.data)
                  2000f190    00000005     trcKernelPort.obj (.data:TraceQueueClassTable)
                  2000f195    00000003     --HOLE--
                  2000f198    00000004     watchDogTask.obj (.data)

.stack     0    2000fce0    00000320     UNINITIALIZED
                  2000fce0    00000004     rtsv7M4_T_le_v4SPD16_eabi.lib : boot_cortex_m.c.obj (.stack)
                  2000fce4    0000031c     --HOLE--

MODULE SUMMARY

       Module                       code    ro data   rw data
       ------                       ----    -------   -------
    .\
       main.obj                     716     0         100    
    +--+----------------------------+-------+---------+---------+
       Total:                       716     0         100    
                                                             
    .\FreeRTOS_Source\
       tasks.obj                    4516    0         520    
       queue.obj                    3184    0         0      
       timers.obj                   1082    0         120    
       event_groups.obj             612     0         0      
       list.obj                     150     0         0      
    +--+----------------------------+-------+---------+---------+
       Total:                       9544    0         640    
                                                             
    .\FreeRTOS_Source\portable\CCS\ARM_CM4F\
       port.obj                     992     8         48     
       portasm.obj                  218     0         0      
    +--+----------------------------+-------+---------+---------+
       Total:                       1210    8         48     
                                                             
    .\FreeRTOS_Source\portable\MemMang\
       heap_4.obj                   680     0         92208  
    +--+----------------------------+-------+---------+---------+
       Total:                       680     0         92208  
                                                             
    .\Full_Demo\
       serial.obj                   180     4         32     
       IntQueueTimer.obj            104     0         0      
    +--+----------------------------+-------+---------+---------+
       Total:                       284     4         32     
                                                             
    .\Full_Demo\Standard_Demo_Tasks\
       IntQueue.obj                 836     0         936    
    +--+----------------------------+-------+---------+---------+
       Total:                       836     0         936    
                                                             
    .\SimplyBlinkyDemo\
       main_blinky.obj              2       0         0      
    +--+----------------------------+-------+---------+---------+
       Total:                       2       0         0      
                                                             
    .\Tracealyzer\
       trcSnapshotRecorder.obj      9420    0         29276  
       trcKernelPort.obj            1494    0         10     
    +--+----------------------------+-------+---------+---------+
       Total:                       10914   0         29286  
                                                             
    .\driverlib\
       cs.obj                       1154    0         16     
       gpio.obj                     136     0         96     
       sysctl.obj                   116     0         0      
    +--+----------------------------+-------+---------+---------+
       Total:                       1406    0         112    
                                                             
    .\src\
       taskManager.obj              736     0         320    
       watchDogTask.obj             212     0         8      
       ttcTask.obj                  96      0         0      
    +--+----------------------------+-------+---------+---------+
       Total:                       1044    0         328    
                                                             
    .\system\CCS\
       msp432_startup_ccs.obj       30      324       0      
       system_msp432p401r.obj       104     0         0      
    +--+----------------------------+-------+---------+---------+
       Total:                       134     324       0      
                                                             
    C:/ti/simplelink_msp432p4_sdk_2_40_00_10/source/ti/devices/msp432p4xx/driverlib/ccs/msp432p4xx_driverlib.lib
       adc14.o                      380     128       0      
    +--+----------------------------+-------+---------+---------+
       Total:                       380     128       0      
                                                             
    C:\ti\ccsv8\tools\compiler\ti-cgt-arm_18.1.1.LTS\lib\rtsv7M4_T_le_v4SPD16_eabi.lib
       memcpy_t2.asm.obj            156     0         0      
       memset_t2.asm.obj            122     0         0      
       copy_decompress_lzss.c.obj   104     0         0      
       autoinit.c.obj               68      0         0      
       fd_tou_t2.asm.obj            68      0         0      
       boot_cortex_m.c.obj          56      0         0      
       strncmp.c.obj                44      0         0      
       copy_decompress_none.c.obj   14      0         0      
       copy_zero_init.c.obj         12      0         0      
       exit.c.obj                   4       0         0      
       pre_init.c.obj               4       0         0      
    +--+----------------------------+-------+---------+---------+
       Total:                       652     0         0      
                                                             
       Stack:                       0       0         1600   
       Linker Generated:            0       128       0      
    +--+----------------------------+-------+---------+---------+
       Grand Total:                 27802   592       125290 


LINKER GENERATED COPY TABLES

__TI_cinit_table @ 000070c0 records: 2, size/record: 8, table size: 16
	.data: load addr=00007050, load size=0000005c bytes, run addr=2000ee2c, run size=00000370 bytes, compression=lzss
	.bss: load addr=000070b8, load size=00000008 bytes, run addr=20000000, run size=0000ee2a bytes, compression=zero_init


LINKER GENERATED HANDLER TABLE

__TI_handler_table @ 000070ac records: 3, size/record: 4, table size: 12
	index: 0, handler: __TI_decompress_lzss
	index: 1, handler: __TI_decompress_none
	index: 2, handler: __TI_zero_init


GLOBAL SYMBOLS: SORTED ALPHABETICALLY BY Name 

address   name                                       
-------   ----                                       
00003781  ADC14_IRQHandler                           
00006c09  ADC14_getResult                            
00000aa5  C$$EXIT                                    
00006a51  CS_clearInterruptFlag                      
00001ff9  CS_getDCOFrequency                         
00006d49  CS_getMCLK                                 
00002fd9  CS_initClockSignal                         
00006889  CS_setDCOCenteredFrequency                 
2000f076  CurrentFilterGroup                         
2000f074  CurrentFilterMask                          
00006dd9  GPIO_clearInterruptFlag                    
00006df1  GPIO_enableInterrupt                       
000068b9  GPIO_setAsInputPinWithPullUpResistor       
00006ac9  GPIO_setAsOutputPin                        
00006e09  GPIO_setOutputLowOnPin                     
2000b400  RecorderData                               
2000f07c  RecorderDataPtr                            
00006011  SysCtl_getTLVInfo                          
00006ae9  SysCtl_setWDTTimeoutResetType              
00005b69  SystemInit                                 
2000f190  TraceQueueClassTable                       
2000ee10  WATCHDOG_EVENT_GROUP                       
4000480c  WDTCTL_SYM                                 
00006ae9  WDT_A_setTimeoutReset                      
20010000  __STACK_END                                
00000320  __STACK_SIZE                               
000070c0  __TI_CINIT_Base                            
000070d0  __TI_CINIT_Limit                           
000070ac  __TI_Handler_Table_Base                    
000070b8  __TI_Handler_Table_Limit                   
000064a1  __TI_auto_init_nobinit_nopinit             
00005bd1  __TI_decompress_lzss                       
00006ed9  __TI_decompress_none                       
ffffffff  __TI_pprof_out_hndl                        
ffffffff  __TI_prof_data_size                        
ffffffff  __TI_prof_data_start                       
00000000  __TI_static_base__                         
00006ee7  __TI_zero_init                             
000064e5  __aeabi_d2uiz                              
000055ed  __aeabi_memclr                             
000055ed  __aeabi_memclr4                            
000055ed  __aeabi_memclr8                            
00004fc9  __aeabi_memcpy                             
00004fc9  __aeabi_memcpy4                            
00004fc9  __aeabi_memcpy8                            
000055ef  __aeabi_memset                             
000055ef  __aeabi_memset4                            
000055ef  __aeabi_memset8                            
ffffffff  __binit__                                  
ffffffff  __c_args__                                 
UNDEFED   __mpu_init                                 
2000fce0  __stack                                    
00006665  _c_int00_noargs                            
UNDEFED   _system_post_cinit                         
000007b5  _system_pre_init                           
00000aa5  abort                                      
2000f14a  adcInitDelay                               
2000f148  batteryValue                               
ffffffff  binit                                      
000068e9  configWakeUpPin                            
2000f198  contDelete                                 
00006711  deleteDelayedTask                          
00006569  eTaskConfirmSleepModeStatus                
2000ee14  flag_lowBattery                            
2000ee18  flag_systemMode                            
2000f06d  handle_of_last_logged_task                 
2000ee1c  init_hwtc_count                            
00000000  interruptVectors                           
2000f04c  isPendingContextSwitch                     
2000f14b  lastMode                                   
00004449  main                                       
00004fc9  memcpy                                     
000055f5  memset                                     
2000f06c  nISRactive                                 
2000efbc  objectHandleStacks                         
00006b09  prvCalendarConfiguration                   
00006b29  prvMarkObjectAsUsed                        
00005f61  prvQueueDataCreate                         
00005ea1  prvTaskCreate                              
00006409  prvTaskRestart                             
000065a9  prvTraceError                              
000030f9  prvTraceFreeObjectHandle                   
00006f29  prvTraceGetCurrentTaskHandle               
00001ea9  prvTraceGetObjectHandle                    
00003f31  prvTraceGetPriorityProperty                
00006f91  prvTraceGetQueueNumber                     
00006ef9  prvTraceGetQueueNumberHigh16               
00006f49  prvTraceGetQueueNumberLow16                
00006f79  prvTraceGetQueueType                       
00006f09  prvTraceGetTaskNumberHigh16                
00006f59  prvTraceGetTaskNumberLow16                 
00004c91  prvTraceInitCortexM                        
00006119  prvTracePortGetTimeStamp                   
00003671  prvTraceSetObjectName                      
00004519  prvTraceSetObjectState                     
000041c9  prvTraceSetPriorityProperty                
00006ca9  prvTraceSetQueueNumberHigh16               
00006cc9  prvTraceSetQueueNumberLow16                
00005571  prvTraceSetTaskInstanceFinished            
00006ce9  prvTraceSetTaskNumberHigh16                
00006d09  prvTraceSetTaskNumberLow16                 
00001429  prvTraceStoreKernelCall                    
00003561  prvTraceStoreKernelCallWithNumericParamOnly
00000d31  prvTraceStoreKernelCallWithParam           
00003a89  prvTraceStoreObjectNameOnCloseEvent        
00002659  prvTraceStoreObjectPropertiesOnCloseEvent  
00003b89  prvTraceStoreTaskReady                     
00003d69  prvTraceStoreTaskswitch                    
00006e99  prvWatchDogEventGroupCreate                
00000149  pszTraceGetErrorNotEnoughHandles           
000023d1  pvPortMalloc                               
2000f0cc  pxCurrentTCB                               
00006949  pxPortInitialiseStack                      
2000f060  recorder_busy                              
2000f140  semaphoreIMU                               
2000f144  semaphoreSystem                            
00006ea9  setWatchDogBit_TTC                         
2000ee28  stateChanel                                
00006975  strncmp                                    
2000ee20  taskHandlerTTC                             
2000ee24  taskHandlerWatchDog                        
000046b9  taskManager                                
2000f064  timestampFrequency                         
2000f068  traceErrorMessage                          
2000f058  trace_disable_timestamp                    
00006319  ttcTask                                    
00006f79  ucQueueGetQueueType                        
000028d9  uiIndexOfObject                            
00003c81  uiTraceStart                               
2000f054  uiTraceTickCount                           
00007044  ulMaxSyscallInterruptPriority              
000040fd  ulPortGetIPSR                              
00003781  updateBatteryLevel                         
00006a29  uxListRemove                               
00006f91  uxQueueGetQueueNumber                      
00006f69  uxTaskGetTaskNumber                        
00006d79  uxTaskResetEventItemValue                  
00006eb9  vApplicationIdleHook                       
00006e69  vApplicationMallocFailedHook               
00006e81  vApplicationStackOverflowHook              
00006fc1  vApplicationTickHook                       
00006be9  vListInitialise                            
00006f81  vListInitialiseItem                        
00006749  vListInsert                                
00006d91  vListInsertEnd                             
000041b9  vPortEnableVFP                             
00006629  vPortEnterCritical                         
00006859  vPortExitCritical                          
000052c1  vPortFree                                  
00004175  vPortSVCHandler                            
00005ca1  vPortSetupTimerInterrupt                   
00004195  vPortStartFirstTask                        
00002799  vPortSuppressTicksAndSleep                 
00005dd9  vPortValidateInterruptPriority             
00006529  vPostSleepProcessing                       
00006171  vPreSleepProcessing                        
00006f99  vQueueSetQueueNumber                       
00006459  vQueueWaitForMessageRestricted             
00006781  vT32_0_Handler                             
000067b9  vT32_1_Handler                             
00003989  vTaskDelayUntil                            
00001be1  vTaskDelete                                
00006da9  vTaskInternalSetTimeOutState               
00006f19  vTaskMissedYield                           
00002d91  vTaskNotifyGiveFromISR                     
000066d9  vTaskPlaceOnEventList                      
000053d9  vTaskPlaceOnEventListRestricted            
00005f01  vTaskPlaceOnUnorderedEventList             
000049c1  vTaskRemoveFromUnorderedEventList          
00006f89  vTaskSetTaskNumber                         
000054e9  vTaskStartScheduler                        
000067f1  vTaskStepTick                              
00006ec9  vTaskSuspendAll                            
000042a1  vTaskSwitchContext                         
00004de1  vTraceEnable                               
000045e9  vTraceInitObjectHandleStack                
00003331  vTraceInitObjectPropertyTable              
00006c49  vTracePrintF                               
00006fa1  vTraceStart                                
00006aa1  vTraceStop                                 
2000f070  vTraceStopHookPtr                          
00004901  vTraceStoreMemMangEvent                    
00004a79  vUART_Handler                              
00004f29  watchDogTask                               
000061c9  xEventGroupClearBits                       
00006d29  xEventGroupCreate                          
00004be1  xEventGroupSetBits                         
00002b39  xEventGroupWaitBits                        
00002a09  xFirstTimerHandler                         
00004115  xPortPendSVHandler                         
00004011  xPortStartScheduler                        
000069a1  xPortSysTickHandler                        
00006dc1  xQueueCreateMutex                          
2000f134  xQueueDataObc                              
2000f13c  xQueueDeletedTasks                         
00005759  xQueueGenericCreate                        
00005231  xQueueGenericReset                         
000004a9  xQueueGenericSend                          
00001761  xQueueGenericSendFromISR                   
2000f130  xQueueIMU                                  
000069d1  xQueueIsQueueFullFromISR                   
000007b9  xQueueReceive                              
00002289  xQueueReceiveFromISR                       
2000f138  xQueueSystem                               
00000ef9  xSecondTimerHandler                        
00005199  xTaskCheckForTimeOut                       
00005d09  xTaskCreate                                
00006f29  xTaskGetCurrentTaskHandle                  
00006ba9  xTaskGetSchedulerState                     
00006f39  xTaskGetTickCount                          
000015c9  xTaskIncrementTick                         
00002eb9  xTaskPriorityDisinherit                    
00004781  xTaskRemoveFromEventList                   
00002c69  xTaskResumeAll                             
00005fb9  xTimerCreateTimerTask                      
000057d1  xTimerGenericCommand                       
00004d39  xTraceRegisterString                       


GLOBAL SYMBOLS: SORTED BY Symbol Address 

address   name                                       
-------   ----                                       
00000000  __TI_static_base__                         
00000000  interruptVectors                           
00000149  pszTraceGetErrorNotEnoughHandles           
00000320  __STACK_SIZE                               
000004a9  xQueueGenericSend                          
000007b5  _system_pre_init                           
000007b9  xQueueReceive                              
00000aa5  C$$EXIT                                    
00000aa5  abort                                      
00000d31  prvTraceStoreKernelCallWithParam           
00000ef9  xSecondTimerHandler                        
00001429  prvTraceStoreKernelCall                    
000015c9  xTaskIncrementTick                         
00001761  xQueueGenericSendFromISR                   
00001be1  vTaskDelete                                
00001ea9  prvTraceGetObjectHandle                    
00001ff9  CS_getDCOFrequency                         
00002289  xQueueReceiveFromISR                       
000023d1  pvPortMalloc                               
00002659  prvTraceStoreObjectPropertiesOnCloseEvent  
00002799  vPortSuppressTicksAndSleep                 
000028d9  uiIndexOfObject                            
00002a09  xFirstTimerHandler                         
00002b39  xEventGroupWaitBits                        
00002c69  xTaskResumeAll                             
00002d91  vTaskNotifyGiveFromISR                     
00002eb9  xTaskPriorityDisinherit                    
00002fd9  CS_initClockSignal                         
000030f9  prvTraceFreeObjectHandle                   
00003331  vTraceInitObjectPropertyTable              
00003561  prvTraceStoreKernelCallWithNumericParamOnly
00003671  prvTraceSetObjectName                      
00003781  ADC14_IRQHandler                           
00003781  updateBatteryLevel                         
00003989  vTaskDelayUntil                            
00003a89  prvTraceStoreObjectNameOnCloseEvent        
00003b89  prvTraceStoreTaskReady                     
00003c81  uiTraceStart                               
00003d69  prvTraceStoreTaskswitch                    
00003f31  prvTraceGetPriorityProperty                
00004011  xPortStartScheduler                        
000040fd  ulPortGetIPSR                              
00004115  xPortPendSVHandler                         
00004175  vPortSVCHandler                            
00004195  vPortStartFirstTask                        
000041b9  vPortEnableVFP                             
000041c9  prvTraceSetPriorityProperty                
000042a1  vTaskSwitchContext                         
00004449  main                                       
00004519  prvTraceSetObjectState                     
000045e9  vTraceInitObjectHandleStack                
000046b9  taskManager                                
00004781  xTaskRemoveFromEventList                   
00004901  vTraceStoreMemMangEvent                    
000049c1  vTaskRemoveFromUnorderedEventList          
00004a79  vUART_Handler                              
00004be1  xEventGroupSetBits                         
00004c91  prvTraceInitCortexM                        
00004d39  xTraceRegisterString                       
00004de1  vTraceEnable                               
00004f29  watchDogTask                               
00004fc9  __aeabi_memcpy                             
00004fc9  __aeabi_memcpy4                            
00004fc9  __aeabi_memcpy8                            
00004fc9  memcpy                                     
00005199  xTaskCheckForTimeOut                       
00005231  xQueueGenericReset                         
000052c1  vPortFree                                  
000053d9  vTaskPlaceOnEventListRestricted            
000054e9  vTaskStartScheduler                        
00005571  prvTraceSetTaskInstanceFinished            
000055ed  __aeabi_memclr                             
000055ed  __aeabi_memclr4                            
000055ed  __aeabi_memclr8                            
000055ef  __aeabi_memset                             
000055ef  __aeabi_memset4                            
000055ef  __aeabi_memset8                            
000055f5  memset                                     
00005759  xQueueGenericCreate                        
000057d1  xTimerGenericCommand                       
00005b69  SystemInit                                 
00005bd1  __TI_decompress_lzss                       
00005ca1  vPortSetupTimerInterrupt                   
00005d09  xTaskCreate                                
00005dd9  vPortValidateInterruptPriority             
00005ea1  prvTaskCreate                              
00005f01  vTaskPlaceOnUnorderedEventList             
00005f61  prvQueueDataCreate                         
00005fb9  xTimerCreateTimerTask                      
00006011  SysCtl_getTLVInfo                          
00006119  prvTracePortGetTimeStamp                   
00006171  vPreSleepProcessing                        
000061c9  xEventGroupClearBits                       
00006319  ttcTask                                    
00006409  prvTaskRestart                             
00006459  vQueueWaitForMessageRestricted             
000064a1  __TI_auto_init_nobinit_nopinit             
000064e5  __aeabi_d2uiz                              
00006529  vPostSleepProcessing                       
00006569  eTaskConfirmSleepModeStatus                
000065a9  prvTraceError                              
00006629  vPortEnterCritical                         
00006665  _c_int00_noargs                            
000066d9  vTaskPlaceOnEventList                      
00006711  deleteDelayedTask                          
00006749  vListInsert                                
00006781  vT32_0_Handler                             
000067b9  vT32_1_Handler                             
000067f1  vTaskStepTick                              
00006859  vPortExitCritical                          
00006889  CS_setDCOCenteredFrequency                 
000068b9  GPIO_setAsInputPinWithPullUpResistor       
000068e9  configWakeUpPin                            
00006949  pxPortInitialiseStack                      
00006975  strncmp                                    
000069a1  xPortSysTickHandler                        
000069d1  xQueueIsQueueFullFromISR                   
00006a29  uxListRemove                               
00006a51  CS_clearInterruptFlag                      
00006aa1  vTraceStop                                 
00006ac9  GPIO_setAsOutputPin                        
00006ae9  SysCtl_setWDTTimeoutResetType              
00006ae9  WDT_A_setTimeoutReset                      
00006b09  prvCalendarConfiguration                   
00006b29  prvMarkObjectAsUsed                        
00006ba9  xTaskGetSchedulerState                     
00006be9  vListInitialise                            
00006c09  ADC14_getResult                            
00006c49  vTracePrintF                               
00006ca9  prvTraceSetQueueNumberHigh16               
00006cc9  prvTraceSetQueueNumberLow16                
00006ce9  prvTraceSetTaskNumberHigh16                
00006d09  prvTraceSetTaskNumberLow16                 
00006d29  xEventGroupCreate                          
00006d49  CS_getMCLK                                 
00006d79  uxTaskResetEventItemValue                  
00006d91  vListInsertEnd                             
00006da9  vTaskInternalSetTimeOutState               
00006dc1  xQueueCreateMutex                          
00006dd9  GPIO_clearInterruptFlag                    
00006df1  GPIO_enableInterrupt                       
00006e09  GPIO_setOutputLowOnPin                     
00006e69  vApplicationMallocFailedHook               
00006e81  vApplicationStackOverflowHook              
00006e99  prvWatchDogEventGroupCreate                
00006ea9  setWatchDogBit_TTC                         
00006eb9  vApplicationIdleHook                       
00006ec9  vTaskSuspendAll                            
00006ed9  __TI_decompress_none                       
00006ee7  __TI_zero_init                             
00006ef9  prvTraceGetQueueNumberHigh16               
00006f09  prvTraceGetTaskNumberHigh16                
00006f19  vTaskMissedYield                           
00006f29  prvTraceGetCurrentTaskHandle               
00006f29  xTaskGetCurrentTaskHandle                  
00006f39  xTaskGetTickCount                          
00006f49  prvTraceGetQueueNumberLow16                
00006f59  prvTraceGetTaskNumberLow16                 
00006f69  uxTaskGetTaskNumber                        
00006f79  prvTraceGetQueueType                       
00006f79  ucQueueGetQueueType                        
00006f81  vListInitialiseItem                        
00006f89  vTaskSetTaskNumber                         
00006f91  prvTraceGetQueueNumber                     
00006f91  uxQueueGetQueueNumber                      
00006f99  vQueueSetQueueNumber                       
00006fa1  vTraceStart                                
00006fc1  vApplicationTickHook                       
00007044  ulMaxSyscallInterruptPriority              
000070ac  __TI_Handler_Table_Base                    
000070b8  __TI_Handler_Table_Limit                   
000070c0  __TI_CINIT_Base                            
000070d0  __TI_CINIT_Limit                           
2000b400  RecorderData                               
2000ee10  WATCHDOG_EVENT_GROUP                       
2000ee14  flag_lowBattery                            
2000ee18  flag_systemMode                            
2000ee1c  init_hwtc_count                            
2000ee20  taskHandlerTTC                             
2000ee24  taskHandlerWatchDog                        
2000ee28  stateChanel                                
2000efbc  objectHandleStacks                         
2000f04c  isPendingContextSwitch                     
2000f054  uiTraceTickCount                           
2000f058  trace_disable_timestamp                    
2000f060  recorder_busy                              
2000f064  timestampFrequency                         
2000f068  traceErrorMessage                          
2000f06c  nISRactive                                 
2000f06d  handle_of_last_logged_task                 
2000f070  vTraceStopHookPtr                          
2000f074  CurrentFilterMask                          
2000f076  CurrentFilterGroup                         
2000f07c  RecorderDataPtr                            
2000f0cc  pxCurrentTCB                               
2000f130  xQueueIMU                                  
2000f134  xQueueDataObc                              
2000f138  xQueueSystem                               
2000f13c  xQueueDeletedTasks                         
2000f140  semaphoreIMU                               
2000f144  semaphoreSystem                            
2000f148  batteryValue                               
2000f14a  adcInitDelay                               
2000f14b  lastMode                                   
2000f190  TraceQueueClassTable                       
2000f198  contDelete                                 
2000fce0  __stack                                    
20010000  __STACK_END                                
4000480c  WDTCTL_SYM                                 
ffffffff  __TI_pprof_out_hndl                        
ffffffff  __TI_prof_data_size                        
ffffffff  __TI_prof_data_start                       
ffffffff  __binit__                                  
ffffffff  __c_args__                                 
ffffffff  binit                                      
UNDEFED   __mpu_init                                 
UNDEFED   _system_post_cinit                         

[217 symbols]
