<?xml version="1.0" encoding="ISO-8859-1" ?>
<link_info>
   <banner>TI ARM Linker PC v18.1.1.LTS</banner>
   <copyright>Copyright (c) 1996-2017 Texas Instruments Incorporated</copyright>
   <link_time>0x5d118707</link_time>
   <link_errors>0x1</link_errors>
   <output_file>Firmware_OBC.out</output_file>
   <entry_point>
      <name>_c_int00_noargs</name>
      <address>0x85bd</address>
   </entry_point>
   <input_file_list>
      <input_file id="fl-2">
         <path>.\</path>
         <kind>object</kind>
         <file>main.obj</file>
         <name>main.obj</name>
      </input_file>
      <input_file id="fl-3">
         <path>.\FreeRTOS_Source\</path>
         <kind>object</kind>
         <file>croutine.obj</file>
         <name>croutine.obj</name>
      </input_file>
      <input_file id="fl-4">
         <path>.\FreeRTOS_Source\</path>
         <kind>object</kind>
         <file>event_groups.obj</file>
         <name>event_groups.obj</name>
      </input_file>
      <input_file id="fl-5">
         <path>.\FreeRTOS_Source\</path>
         <kind>object</kind>
         <file>list.obj</file>
         <name>list.obj</name>
      </input_file>
      <input_file id="fl-6">
         <path>.\FreeRTOS_Source\</path>
         <kind>object</kind>
         <file>queue.obj</file>
         <name>queue.obj</name>
      </input_file>
      <input_file id="fl-7">
         <path>.\FreeRTOS_Source\</path>
         <kind>object</kind>
         <file>stream_buffer.obj</file>
         <name>stream_buffer.obj</name>
      </input_file>
      <input_file id="fl-8">
         <path>.\FreeRTOS_Source\</path>
         <kind>object</kind>
         <file>tasks.obj</file>
         <name>tasks.obj</name>
      </input_file>
      <input_file id="fl-9">
         <path>.\FreeRTOS_Source\</path>
         <kind>object</kind>
         <file>timers.obj</file>
         <name>timers.obj</name>
      </input_file>
      <input_file id="fl-a">
         <path>.\FreeRTOS_Source\portable\CCS\ARM_CM4F\</path>
         <kind>object</kind>
         <file>port.obj</file>
         <name>port.obj</name>
      </input_file>
      <input_file id="fl-b">
         <path>.\FreeRTOS_Source\portable\CCS\ARM_CM4F\</path>
         <kind>object</kind>
         <file>portasm.obj</file>
         <name>portasm.obj</name>
      </input_file>
      <input_file id="fl-c">
         <path>.\FreeRTOS_Source\portable\MemMang\</path>
         <kind>object</kind>
         <file>heap_4.obj</file>
         <name>heap_4.obj</name>
      </input_file>
      <input_file id="fl-d">
         <path>.\Full_Demo\FreeRTOS+CLI\</path>
         <kind>object</kind>
         <file>FreeRTOS_CLI.obj</file>
         <name>FreeRTOS_CLI.obj</name>
      </input_file>
      <input_file id="fl-e">
         <path>.\Full_Demo\</path>
         <kind>object</kind>
         <file>IntQueueTimer.obj</file>
         <name>IntQueueTimer.obj</name>
      </input_file>
      <input_file id="fl-f">
         <path>.\Full_Demo\</path>
         <kind>object</kind>
         <file>RegTest.obj</file>
         <name>RegTest.obj</name>
      </input_file>
      <input_file id="fl-10">
         <path>.\Full_Demo\</path>
         <kind>object</kind>
         <file>RunTimeStatsTimer.obj</file>
         <name>RunTimeStatsTimer.obj</name>
      </input_file>
      <input_file id="fl-11">
         <path>.\Full_Demo\</path>
         <kind>object</kind>
         <file>Sample-CLI-commands.obj</file>
         <name>Sample-CLI-commands.obj</name>
      </input_file>
      <input_file id="fl-12">
         <path>.\Full_Demo\</path>
         <kind>object</kind>
         <file>UARTCommandConsole.obj</file>
         <name>UARTCommandConsole.obj</name>
      </input_file>
      <input_file id="fl-13">
         <path>.\Full_Demo\</path>
         <kind>object</kind>
         <file>main_full.obj</file>
         <name>main_full.obj</name>
      </input_file>
      <input_file id="fl-14">
         <path>.\Full_Demo\</path>
         <kind>object</kind>
         <file>serial.obj</file>
         <name>serial.obj</name>
      </input_file>
      <input_file id="fl-15">
         <path>.\Full_Demo\Standard_Demo_Tasks\</path>
         <kind>object</kind>
         <file>EventGroupsDemo.obj</file>
         <name>EventGroupsDemo.obj</name>
      </input_file>
      <input_file id="fl-16">
         <path>.\Full_Demo\Standard_Demo_Tasks\</path>
         <kind>object</kind>
         <file>GenQTest.obj</file>
         <name>GenQTest.obj</name>
      </input_file>
      <input_file id="fl-17">
         <path>.\Full_Demo\Standard_Demo_Tasks\</path>
         <kind>object</kind>
         <file>IntQueue.obj</file>
         <name>IntQueue.obj</name>
      </input_file>
      <input_file id="fl-18">
         <path>.\Full_Demo\Standard_Demo_Tasks\</path>
         <kind>object</kind>
         <file>IntSemTest.obj</file>
         <name>IntSemTest.obj</name>
      </input_file>
      <input_file id="fl-19">
         <path>.\Full_Demo\Standard_Demo_Tasks\</path>
         <kind>object</kind>
         <file>TaskNotify.obj</file>
         <name>TaskNotify.obj</name>
      </input_file>
      <input_file id="fl-1a">
         <path>.\Full_Demo\Standard_Demo_Tasks\</path>
         <kind>object</kind>
         <file>TimerDemo.obj</file>
         <name>TimerDemo.obj</name>
      </input_file>
      <input_file id="fl-1b">
         <path>.\Full_Demo\Standard_Demo_Tasks\</path>
         <kind>object</kind>
         <file>countsem.obj</file>
         <name>countsem.obj</name>
      </input_file>
      <input_file id="fl-1c">
         <path>.\Full_Demo\Standard_Demo_Tasks\</path>
         <kind>object</kind>
         <file>recmutex.obj</file>
         <name>recmutex.obj</name>
      </input_file>
      <input_file id="fl-1d">
         <path>.\Full_Demo\Standard_Demo_Tasks\</path>
         <kind>object</kind>
         <file>semtest.obj</file>
         <name>semtest.obj</name>
      </input_file>
      <input_file id="fl-1e">
         <path>.\Full_Demo\Standard_Demo_Tasks\</path>
         <kind>object</kind>
         <file>sp_flop.obj</file>
         <name>sp_flop.obj</name>
      </input_file>
      <input_file id="fl-1f">
         <path>.\SimplyBlinkyDemo\</path>
         <kind>object</kind>
         <file>main_blinky.obj</file>
         <name>main_blinky.obj</name>
      </input_file>
      <input_file id="fl-20">
         <path>.\Tracealyzer\</path>
         <kind>object</kind>
         <file>trcKernelPort.obj</file>
         <name>trcKernelPort.obj</name>
      </input_file>
      <input_file id="fl-21">
         <path>.\Tracealyzer\</path>
         <kind>object</kind>
         <file>trcSnapshotRecorder.obj</file>
         <name>trcSnapshotRecorder.obj</name>
      </input_file>
      <input_file id="fl-22">
         <path>.\Tracealyzer\</path>
         <kind>object</kind>
         <file>trcStreamingPort.obj</file>
         <name>trcStreamingPort.obj</name>
      </input_file>
      <input_file id="fl-23">
         <path>.\Tracealyzer\</path>
         <kind>object</kind>
         <file>trcStreamingRecorder.obj</file>
         <name>trcStreamingRecorder.obj</name>
      </input_file>
      <input_file id="fl-24">
         <path>.\driverlib\</path>
         <kind>object</kind>
         <file>cpu.obj</file>
         <name>cpu.obj</name>
      </input_file>
      <input_file id="fl-25">
         <path>.\driverlib\</path>
         <kind>object</kind>
         <file>cs.obj</file>
         <name>cs.obj</name>
      </input_file>
      <input_file id="fl-26">
         <path>.\driverlib\</path>
         <kind>object</kind>
         <file>flash.obj</file>
         <name>flash.obj</name>
      </input_file>
      <input_file id="fl-27">
         <path>.\driverlib\</path>
         <kind>object</kind>
         <file>fpu.obj</file>
         <name>fpu.obj</name>
      </input_file>
      <input_file id="fl-28">
         <path>.\driverlib\</path>
         <kind>object</kind>
         <file>gpio.obj</file>
         <name>gpio.obj</name>
      </input_file>
      <input_file id="fl-29">
         <path>.\driverlib\</path>
         <kind>object</kind>
         <file>interrupt.obj</file>
         <name>interrupt.obj</name>
      </input_file>
      <input_file id="fl-2a">
         <path>.\driverlib\</path>
         <kind>object</kind>
         <file>pcm.obj</file>
         <name>pcm.obj</name>
      </input_file>
      <input_file id="fl-2b">
         <path>.\driverlib\</path>
         <kind>object</kind>
         <file>sysctl.obj</file>
         <name>sysctl.obj</name>
      </input_file>
      <input_file id="fl-2c">
         <path>.\driverlib\</path>
         <kind>object</kind>
         <file>timer32.obj</file>
         <name>timer32.obj</name>
      </input_file>
      <input_file id="fl-2d">
         <path>.\driverlib\</path>
         <kind>object</kind>
         <file>uart.obj</file>
         <name>uart.obj</name>
      </input_file>
      <input_file id="fl-2e">
         <path>.\driverlib\</path>
         <kind>object</kind>
         <file>wdt_a.obj</file>
         <name>wdt_a.obj</name>
      </input_file>
      <input_file id="fl-2f">
         <path>.\interface\</path>
         <kind>object</kind>
         <file>MPU9250.obj</file>
         <name>MPU9250.obj</name>
      </input_file>
      <input_file id="fl-30">
         <path>.\src\</path>
         <kind>object</kind>
         <file>aodcsTask.obj</file>
         <name>aodcsTask.obj</name>
      </input_file>
      <input_file id="fl-31">
         <path>.\src\</path>
         <kind>object</kind>
         <file>cameraTask.obj</file>
         <name>cameraTask.obj</name>
      </input_file>
      <input_file id="fl-32">
         <path>.\src\</path>
         <kind>object</kind>
         <file>dataStorage.obj</file>
         <name>dataStorage.obj</name>
      </input_file>
      <input_file id="fl-33">
         <path>.\src\</path>
         <kind>object</kind>
         <file>houseKeeping.obj</file>
         <name>houseKeeping.obj</name>
      </input_file>
      <input_file id="fl-34">
         <path>.\src\</path>
         <kind>object</kind>
         <file>pptTask.obj</file>
         <name>pptTask.obj</name>
      </input_file>
      <input_file id="fl-35">
         <path>.\src\</path>
         <kind>object</kind>
         <file>taskManager.obj</file>
         <name>taskManager.obj</name>
      </input_file>
      <input_file id="fl-36">
         <path>.\src\</path>
         <kind>object</kind>
         <file>ttcTask.obj</file>
         <name>ttcTask.obj</name>
      </input_file>
      <input_file id="fl-37">
         <path>.\src\</path>
         <kind>object</kind>
         <file>watchDogTask.obj</file>
         <name>watchDogTask.obj</name>
      </input_file>
      <input_file id="fl-38">
         <path>.\system\CCS\</path>
         <kind>object</kind>
         <file>msp432_startup_ccs.obj</file>
         <name>msp432_startup_ccs.obj</name>
      </input_file>
      <input_file id="fl-39">
         <path>.\system\CCS\</path>
         <kind>object</kind>
         <file>printf-stdarg.obj</file>
         <name>printf-stdarg.obj</name>
      </input_file>
      <input_file id="fl-3a">
         <path>.\system\CCS\</path>
         <kind>object</kind>
         <file>system_msp432p401r.obj</file>
         <name>system_msp432p401r.obj</name>
      </input_file>
      <input_file id="fl-3b">
         <path>.\util\Devices\</path>
         <kind>object</kind>
         <file>MSPIO.obj</file>
         <name>MSPIO.obj</name>
      </input_file>
      <input_file id="fl-3c">
         <path>.\util\Hardware\</path>
         <kind>object</kind>
         <file>CS_Driver.obj</file>
         <name>CS_Driver.obj</name>
      </input_file>
      <input_file id="fl-3d">
         <path>.\util\Hardware\</path>
         <kind>object</kind>
         <file>GPIO_Driver.obj</file>
         <name>GPIO_Driver.obj</name>
      </input_file>
      <input_file id="fl-3e">
         <path>.\util\Hardware\</path>
         <kind>object</kind>
         <file>SPI_Driver.obj</file>
         <name>SPI_Driver.obj</name>
      </input_file>
      <input_file id="fl-3f">
         <path>.\util\Hardware\</path>
         <kind>object</kind>
         <file>TIMERA_Driver.obj</file>
         <name>TIMERA_Driver.obj</name>
      </input_file>
      <input_file id="fl-40">
         <path>.\util\Hardware\</path>
         <kind>object</kind>
         <file>UART_Driver.obj</file>
         <name>UART_Driver.obj</name>
      </input_file>
      <input_file id="fl-41">
         <path>.\util\</path>
         <kind>object</kind>
         <file>dtoa.obj</file>
         <name>dtoa.obj</name>
      </input_file>
      <input_file id="fl-42">
         <path>.\util\</path>
         <kind>object</kind>
         <file>itoa.obj</file>
         <name>itoa.obj</name>
      </input_file>
      <input_file id="fl-43">
         <path>.\util\</path>
         <kind>object</kind>
         <file>stringUtil.obj</file>
         <name>stringUtil.obj</name>
      </input_file>
      <input_file id="fl-44">
         <path>.\util\fatfs\</path>
         <kind>object</kind>
         <file>diskio.obj</file>
         <name>diskio.obj</name>
      </input_file>
      <input_file id="fl-45">
         <path>.\util\fatfs\</path>
         <kind>object</kind>
         <file>ff.obj</file>
         <name>ff.obj</name>
      </input_file>
      <input_file id="fl-46">
         <path>.\util\fatfs\</path>
         <kind>object</kind>
         <file>ffsystem.obj</file>
         <name>ffsystem.obj</name>
      </input_file>
      <input_file id="fl-47">
         <path>.\util\fatfs\</path>
         <kind>object</kind>
         <file>ffunicode.obj</file>
         <name>ffunicode.obj</name>
      </input_file>
      <input_file id="fl-48">
         <path>.\util\fatfs\</path>
         <kind>object</kind>
         <file>mmc_MSP432P401r.obj</file>
         <name>mmc_MSP432P401r.obj</name>
      </input_file>
      <input_file id="fl-4d">
         <kind>object</kind>
         <file>&lt;internal&gt;</file>
         <name>&lt;internal&gt;</name>
      </input_file>
      <input_file id="fl-103">
         <path>C:\ti\ccsv8\tools\compiler\ti-cgt-arm_18.1.1.LTS\lib\</path>
         <kind>archive</kind>
         <file>rtsv7M4_T_le_v4SPD16_eabi.lib</file>
         <name>e_log10.c.obj</name>
      </input_file>
      <input_file id="fl-104">
         <path>C:\ti\ccsv8\tools\compiler\ti-cgt-arm_18.1.1.LTS\lib\</path>
         <kind>archive</kind>
         <file>rtsv7M4_T_le_v4SPD16_eabi.lib</file>
         <name>e_pow.c.obj</name>
      </input_file>
      <input_file id="fl-105">
         <path>C:\ti\ccsv8\tools\compiler\ti-cgt-arm_18.1.1.LTS\lib\</path>
         <kind>archive</kind>
         <file>rtsv7M4_T_le_v4SPD16_eabi.lib</file>
         <name>e_sqrt.c.obj</name>
      </input_file>
      <input_file id="fl-106">
         <path>C:\ti\ccsv8\tools\compiler\ti-cgt-arm_18.1.1.LTS\lib\</path>
         <kind>archive</kind>
         <file>rtsv7M4_T_le_v4SPD16_eabi.lib</file>
         <name>s_floor.c.obj</name>
      </input_file>
      <input_file id="fl-107">
         <path>C:\ti\ccsv8\tools\compiler\ti-cgt-arm_18.1.1.LTS\lib\</path>
         <kind>archive</kind>
         <file>rtsv7M4_T_le_v4SPD16_eabi.lib</file>
         <name>s_scalbn.c.obj</name>
      </input_file>
      <input_file id="fl-108">
         <path>C:\ti\ccsv8\tools\compiler\ti-cgt-arm_18.1.1.LTS\lib\</path>
         <kind>archive</kind>
         <file>rtsv7M4_T_le_v4SPD16_eabi.lib</file>
         <name>s_copysign.c.obj</name>
      </input_file>
      <input_file id="fl-109">
         <path>C:\ti\ccsv8\tools\compiler\ti-cgt-arm_18.1.1.LTS\lib\</path>
         <kind>archive</kind>
         <file>rtsv7M4_T_le_v4SPD16_eabi.lib</file>
         <name>u_divt2.asm.obj</name>
      </input_file>
      <input_file id="fl-10a">
         <path>C:\ti\ccsv8\tools\compiler\ti-cgt-arm_18.1.1.LTS\lib\</path>
         <kind>archive</kind>
         <file>rtsv7M4_T_le_v4SPD16_eabi.lib</file>
         <name>fd_add_t2.asm.obj</name>
      </input_file>
      <input_file id="fl-10b">
         <path>C:\ti\ccsv8\tools\compiler\ti-cgt-arm_18.1.1.LTS\lib\</path>
         <kind>archive</kind>
         <file>rtsv7M4_T_le_v4SPD16_eabi.lib</file>
         <name>fd_cmp_t2.asm.obj</name>
      </input_file>
      <input_file id="fl-10c">
         <path>C:\ti\ccsv8\tools\compiler\ti-cgt-arm_18.1.1.LTS\lib\</path>
         <kind>archive</kind>
         <file>rtsv7M4_T_le_v4SPD16_eabi.lib</file>
         <name>fd_div_t2.asm.obj</name>
      </input_file>
      <input_file id="fl-10d">
         <path>C:\ti\ccsv8\tools\compiler\ti-cgt-arm_18.1.1.LTS\lib\</path>
         <kind>archive</kind>
         <file>rtsv7M4_T_le_v4SPD16_eabi.lib</file>
         <name>fd_mul_t2.asm.obj</name>
      </input_file>
      <input_file id="fl-10e">
         <path>C:\ti\ccsv8\tools\compiler\ti-cgt-arm_18.1.1.LTS\lib\</path>
         <kind>archive</kind>
         <file>rtsv7M4_T_le_v4SPD16_eabi.lib</file>
         <name>fd_toi_t2.asm.obj</name>
      </input_file>
      <input_file id="fl-10f">
         <path>C:\ti\ccsv8\tools\compiler\ti-cgt-arm_18.1.1.LTS\lib\</path>
         <kind>archive</kind>
         <file>rtsv7M4_T_le_v4SPD16_eabi.lib</file>
         <name>fd_tou_t2.asm.obj</name>
      </input_file>
      <input_file id="fl-110">
         <path>C:\ti\ccsv8\tools\compiler\ti-cgt-arm_18.1.1.LTS\lib\</path>
         <kind>archive</kind>
         <file>rtsv7M4_T_le_v4SPD16_eabi.lib</file>
         <name>fs_tod_t2.asm.obj</name>
      </input_file>
      <input_file id="fl-111">
         <path>C:\ti\ccsv8\tools\compiler\ti-cgt-arm_18.1.1.LTS\lib\</path>
         <kind>archive</kind>
         <file>rtsv7M4_T_le_v4SPD16_eabi.lib</file>
         <name>i_tofd_t2.asm.obj</name>
      </input_file>
      <input_file id="fl-112">
         <path>C:\ti\ccsv8\tools\compiler\ti-cgt-arm_18.1.1.LTS\lib\</path>
         <kind>archive</kind>
         <file>rtsv7M4_T_le_v4SPD16_eabi.lib</file>
         <name>memcpy_t2.asm.obj</name>
      </input_file>
      <input_file id="fl-113">
         <path>C:\ti\ccsv8\tools\compiler\ti-cgt-arm_18.1.1.LTS\lib\</path>
         <kind>archive</kind>
         <file>rtsv7M4_T_le_v4SPD16_eabi.lib</file>
         <name>ll_div_t2.asm.obj</name>
      </input_file>
      <input_file id="fl-114">
         <path>C:\ti\ccsv8\tools\compiler\ti-cgt-arm_18.1.1.LTS\lib\</path>
         <kind>archive</kind>
         <file>rtsv7M4_T_le_v4SPD16_eabi.lib</file>
         <name>ull_div_t2.asm.obj</name>
      </input_file>
      <input_file id="fl-115">
         <path>C:\ti\ccsv8\tools\compiler\ti-cgt-arm_18.1.1.LTS\lib\</path>
         <kind>archive</kind>
         <file>rtsv7M4_T_le_v4SPD16_eabi.lib</file>
         <name>memset_t2.asm.obj</name>
      </input_file>
      <input_file id="fl-116">
         <path>C:\ti\ccsv8\tools\compiler\ti-cgt-arm_18.1.1.LTS\lib\</path>
         <kind>archive</kind>
         <file>rtsv7M4_T_le_v4SPD16_eabi.lib</file>
         <name>copy_zero_init.c.obj</name>
      </input_file>
      <input_file id="fl-117">
         <path>C:\ti\ccsv8\tools\compiler\ti-cgt-arm_18.1.1.LTS\lib\</path>
         <kind>archive</kind>
         <file>rtsv7M4_T_le_v4SPD16_eabi.lib</file>
         <name>copy_decompress_none.c.obj</name>
      </input_file>
      <input_file id="fl-118">
         <path>C:\ti\ccsv8\tools\compiler\ti-cgt-arm_18.1.1.LTS\lib\</path>
         <kind>archive</kind>
         <file>rtsv7M4_T_le_v4SPD16_eabi.lib</file>
         <name>copy_decompress_lzss.c.obj</name>
      </input_file>
      <input_file id="fl-119">
         <path>C:\ti\ccsv8\tools\compiler\ti-cgt-arm_18.1.1.LTS\lib\</path>
         <kind>archive</kind>
         <file>rtsv7M4_T_le_v4SPD16_eabi.lib</file>
         <name>boot_cortex_m.c.obj</name>
      </input_file>
      <input_file id="fl-11a">
         <path>C:\ti\ccsv8\tools\compiler\ti-cgt-arm_18.1.1.LTS\lib\</path>
         <kind>archive</kind>
         <file>rtsv7M4_T_le_v4SPD16_eabi.lib</file>
         <name>errno.c.obj</name>
      </input_file>
      <input_file id="fl-11b">
         <path>C:\ti\ccsv8\tools\compiler\ti-cgt-arm_18.1.1.LTS\lib\</path>
         <kind>archive</kind>
         <file>rtsv7M4_T_le_v4SPD16_eabi.lib</file>
         <name>exit.c.obj</name>
      </input_file>
      <input_file id="fl-11c">
         <path>C:\ti\ccsv8\tools\compiler\ti-cgt-arm_18.1.1.LTS\lib\</path>
         <kind>archive</kind>
         <file>rtsv7M4_T_le_v4SPD16_eabi.lib</file>
         <name>_lock.c.obj</name>
      </input_file>
      <input_file id="fl-11d">
         <path>C:\ti\ccsv8\tools\compiler\ti-cgt-arm_18.1.1.LTS\lib\</path>
         <kind>archive</kind>
         <file>rtsv7M4_T_le_v4SPD16_eabi.lib</file>
         <name>args_main.c.obj</name>
      </input_file>
      <input_file id="fl-11e">
         <path>C:\ti\ccsv8\tools\compiler\ti-cgt-arm_18.1.1.LTS\lib\</path>
         <kind>archive</kind>
         <file>rtsv7M4_T_le_v4SPD16_eabi.lib</file>
         <name>strcmp.c.obj</name>
      </input_file>
      <input_file id="fl-11f">
         <path>C:\ti\ccsv8\tools\compiler\ti-cgt-arm_18.1.1.LTS\lib\</path>
         <kind>archive</kind>
         <file>rtsv7M4_T_le_v4SPD16_eabi.lib</file>
         <name>strcpy.c.obj</name>
      </input_file>
      <input_file id="fl-120">
         <path>C:\ti\ccsv8\tools\compiler\ti-cgt-arm_18.1.1.LTS\lib\</path>
         <kind>archive</kind>
         <file>rtsv7M4_T_le_v4SPD16_eabi.lib</file>
         <name>strlen.c.obj</name>
      </input_file>
      <input_file id="fl-121">
         <path>C:\ti\ccsv8\tools\compiler\ti-cgt-arm_18.1.1.LTS\lib\</path>
         <kind>archive</kind>
         <file>rtsv7M4_T_le_v4SPD16_eabi.lib</file>
         <name>strncat.c.obj</name>
      </input_file>
      <input_file id="fl-122">
         <path>C:\ti\ccsv8\tools\compiler\ti-cgt-arm_18.1.1.LTS\lib\</path>
         <kind>archive</kind>
         <file>rtsv7M4_T_le_v4SPD16_eabi.lib</file>
         <name>strncmp.c.obj</name>
      </input_file>
      <input_file id="fl-123">
         <path>C:\ti\ccsv8\tools\compiler\ti-cgt-arm_18.1.1.LTS\lib\</path>
         <kind>archive</kind>
         <file>rtsv7M4_T_le_v4SPD16_eabi.lib</file>
         <name>strncpy.c.obj</name>
      </input_file>
      <input_file id="fl-124">
         <path>C:\ti\ccsv8\tools\compiler\ti-cgt-arm_18.1.1.LTS\lib\</path>
         <kind>archive</kind>
         <file>rtsv7M4_T_le_v4SPD16_eabi.lib</file>
         <name>div0.asm.obj</name>
      </input_file>
      <input_file id="fl-125">
         <path>C:\ti\ccsv8\tools\compiler\ti-cgt-arm_18.1.1.LTS\lib\</path>
         <kind>archive</kind>
         <file>rtsv7M4_T_le_v4SPD16_eabi.lib</file>
         <name>autoinit.c.obj</name>
      </input_file>
      <input_file id="fl-126">
         <path>C:\ti\ccsv8\tools\compiler\ti-cgt-arm_18.1.1.LTS\lib\</path>
         <kind>archive</kind>
         <file>rtsv7M4_T_le_v4SPD16_eabi.lib</file>
         <name>pre_init.c.obj</name>
      </input_file>
      <input_file id="fl-127">
         <path>C:\ti\ccsv8\tools\compiler\ti-cgt-arm_18.1.1.LTS\lib\</path>
         <kind>archive</kind>
         <file>rtsv7M4_T_le_v4SPD16_eabi.lib</file>
         <name>cpy_tbl.c.obj</name>
      </input_file>
      <input_file id="fl-128">
         <path>C:\ti\simplelink_msp432p4_sdk_2_40_00_10\source\ti\devices\msp432p4xx\driverlib\ccs\</path>
         <kind>archive</kind>
         <file>msp432p4xx_driverlib.lib</file>
         <name>adc14.o</name>
      </input_file>
      <input_file id="fl-129">
         <path>C:\ti\simplelink_msp432p4_sdk_2_40_00_10\source\ti\devices\msp432p4xx\driverlib\ccs\</path>
         <kind>archive</kind>
         <file>msp432p4xx_driverlib.lib</file>
         <name>i2c.o</name>
      </input_file>
      <input_file id="fl-12a">
         <path>C:\ti\simplelink_msp432p4_sdk_2_40_00_10\source\ti\devices\msp432p4xx\driverlib\ccs\</path>
         <kind>archive</kind>
         <file>msp432p4xx_driverlib.lib</file>
         <name>rtc_c.o</name>
      </input_file>
      <input_file id="fl-12b">
         <path>C:\ti\simplelink_msp432p4_sdk_2_40_00_10\source\ti\devices\msp432p4xx\driverlib\ccs\</path>
         <kind>archive</kind>
         <file>msp432p4xx_driverlib.lib</file>
         <name>spi.o</name>
      </input_file>
   </input_file_list>
   <object_component_list>
      <object_component id="oc-24">
         <name>.intvecs:retain</name>
         <load_address>0x0</load_address>
         <run_address>0x0</run_address>
         <size>0x144</size>
         <input_file_ref idref="fl-38"/>
      </object_component>
      <object_component id="oc-61d">
         <name>.text:pszTraceGetErrorNotEnoughHandles</name>
         <load_address>0x148</load_address>
         <run_address>0x148</run_address>
         <size>0x35e</size>
         <input_file_ref idref="fl-20"/>
      </object_component>
      <object_component id="oc-6bb">
         <name>.text:xQueueSemaphoreTake</name>
         <load_address>0x4a8</load_address>
         <run_address>0x4a8</run_address>
         <size>0x334</size>
         <input_file_ref idref="fl-6"/>
      </object_component>
      <object_component id="oc-ba">
         <name>.text:_system_pre_init</name>
         <load_address>0x7dc</load_address>
         <run_address>0x7dc</run_address>
         <size>0x4</size>
         <input_file_ref idref="fl-126"/>
      </object_component>
      <object_component id="oc-542">
         <name>.text:dataStorage</name>
         <load_address>0x7e0</load_address>
         <run_address>0x7e0</run_address>
         <size>0x314</size>
         <input_file_ref idref="fl-32"/>
      </object_component>
      <object_component id="oc-171">
         <name>.text:abort:abort</name>
         <load_address>0xaf4</load_address>
         <run_address>0xaf4</run_address>
         <size>0x4</size>
         <input_file_ref idref="fl-11b"/>
      </object_component>
      <object_component id="oc-6c1">
         <name>.text:xQueueGenericSend</name>
         <load_address>0xaf8</load_address>
         <run_address>0xaf8</run_address>
         <size>0x30c</size>
         <input_file_ref idref="fl-6"/>
      </object_component>
      <object_component id="oc-85d">
         <name>.text:find_volume</name>
         <load_address>0xe08</load_address>
         <run_address>0xe08</run_address>
         <size>0x304</size>
         <input_file_ref idref="fl-45"/>
      </object_component>
      <object_component id="oc-6ed">
         <name>.text:xQueueReceive</name>
         <load_address>0x1110</load_address>
         <run_address>0x1110</run_address>
         <size>0x2ec</size>
         <input_file_ref idref="fl-6"/>
      </object_component>
      <object_component id="oc-6e7">
         <name>.text:f_write</name>
         <load_address>0x1400</load_address>
         <run_address>0x1400</run_address>
         <size>0x1d2</size>
         <input_file_ref idref="fl-45"/>
      </object_component>
      <object_component id="oc-5ce">
         <name>.text:prvTraceStoreKernelCallWithParam</name>
         <load_address>0x15d8</load_address>
         <run_address>0x15d8</run_address>
         <size>0x1c8</size>
         <input_file_ref idref="fl-21"/>
      </object_component>
      <object_component id="oc-6d5">
         <name>.text:f_open</name>
         <load_address>0x17a0</load_address>
         <run_address>0x17a0</run_address>
         <size>0x1c6</size>
         <input_file_ref idref="fl-45"/>
      </object_component>
      <object_component id="oc-53b">
         <name>.text:houseKeeping</name>
         <load_address>0x1968</load_address>
         <run_address>0x1968</run_address>
         <size>0x1c0</size>
         <input_file_ref idref="fl-33"/>
      </object_component>
      <object_component id="oc-119">
         <name>.text:xSecondTimerHandler</name>
         <load_address>0x1b28</load_address>
         <run_address>0x1b28</run_address>
         <size>0x1c0</size>
         <input_file_ref idref="fl-17"/>
      </object_component>
      <object_component id="oc-2d1">
         <name>.text:prvTraceInitTraceData</name>
         <load_address>0x1ce8</load_address>
         <run_address>0x1ce8</run_address>
         <size>0x1b0</size>
         <input_file_ref idref="fl-21"/>
      </object_component>
      <object_component id="oc-22c">
         <name>.text:prvTraceStoreKernelCall</name>
         <load_address>0x1e98</load_address>
         <run_address>0x1e98</run_address>
         <size>0x1a0</size>
         <input_file_ref idref="fl-21"/>
      </object_component>
      <object_component id="oc-ad6">
         <name>.text:MMC_disk_ioctl</name>
         <load_address>0x2038</load_address>
         <run_address>0x2038</run_address>
         <size>0x19c</size>
         <input_file_ref idref="fl-48"/>
      </object_component>
      <object_component id="oc-e9">
         <name>.text:xTaskIncrementTick</name>
         <load_address>0x21d8</load_address>
         <run_address>0x21d8</run_address>
         <size>0x198</size>
         <input_file_ref idref="fl-8"/>
      </object_component>
      <object_component id="oc-f0">
         <name>.text:xQueueGenericSendFromISR</name>
         <load_address>0x2370</load_address>
         <run_address>0x2370</run_address>
         <size>0x188</size>
         <input_file_ref idref="fl-6"/>
      </object_component>
      <object_component id="oc-390">
         <name>.text:prvTraceGetDTS</name>
         <load_address>0x24f8</load_address>
         <run_address>0x24f8</run_address>
         <size>0x184</size>
         <input_file_ref idref="fl-21"/>
      </object_component>
      <object_component id="oc-729">
         <name>.text:_getIndexForMemRegister</name>
         <load_address>0x267c</load_address>
         <run_address>0x267c</run_address>
         <size>0x160</size>
         <input_file_ref idref="fl-128"/>
      </object_component>
      <object_component id="oc-a78">
         <name>.text:MMC_disk_initialize</name>
         <load_address>0x27e0</load_address>
         <run_address>0x27e0</run_address>
         <size>0x15c</size>
         <input_file_ref idref="fl-48"/>
      </object_component>
      <object_component id="oc-4c8">
         <name>.text:prvTraceGetObjectHandle</name>
         <load_address>0x2940</load_address>
         <run_address>0x2940</run_address>
         <size>0x14c</size>
         <input_file_ref idref="fl-21"/>
      </object_component>
      <object_component id="oc-903">
         <name>.text:CS_getDCOFrequency</name>
         <load_address>0x2a90</load_address>
         <run_address>0x2a90</run_address>
         <size>0x148</size>
         <input_file_ref idref="fl-25"/>
      </object_component>
      <object_component id="oc-5b8">
         <name>.text:prvCheckDataToBeOverwrittenForMultiEntryEvents</name>
         <load_address>0x2bd8</load_address>
         <run_address>0x2bd8</run_address>
         <size>0x148</size>
         <input_file_ref idref="fl-21"/>
      </object_component>
      <object_component id="oc-25c">
         <name>.text:xQueueReceiveFromISR</name>
         <load_address>0x2d20</load_address>
         <run_address>0x2d20</run_address>
         <size>0x148</size>
         <input_file_ref idref="fl-6"/>
      </object_component>
      <object_component id="oc-2e8">
         <name>.text:pvPortMalloc</name>
         <load_address>0x2e68</load_address>
         <run_address>0x2e68</run_address>
         <size>0x144</size>
         <input_file_ref idref="fl-c"/>
      </object_component>
      <object_component id="oc-2fa">
         <name>.text:prvAddNewTaskToReadyList</name>
         <load_address>0x2fb0</load_address>
         <run_address>0x2fb0</run_address>
         <size>0x140</size>
         <input_file_ref idref="fl-8"/>
      </object_component>
      <object_component id="oc-50d">
         <name>.text:vPortSuppressTicksAndSleep</name>
         <load_address>0x30f0</load_address>
         <run_address>0x30f0</run_address>
         <size>0x13c</size>
         <input_file_ref idref="fl-a"/>
      </object_component>
      <object_component id="oc-3cd">
         <name>.text:uiIndexOfObject</name>
         <load_address>0x3230</load_address>
         <run_address>0x3230</run_address>
         <size>0x130</size>
         <input_file_ref idref="fl-21"/>
      </object_component>
      <object_component id="oc-112">
         <name>.text:xFirstTimerHandler</name>
         <load_address>0x3360</load_address>
         <run_address>0x3360</run_address>
         <size>0x130</size>
         <input_file_ref idref="fl-17"/>
      </object_component>
      <object_component id="oc-831">
         <name>.text:vTaskPriorityDisinheritAfterTimeout</name>
         <load_address>0x3490</load_address>
         <run_address>0x3490</run_address>
         <size>0x12c</size>
         <input_file_ref idref="fl-8"/>
      </object_component>
      <object_component id="oc-73c">
         <name>.text:vTaskSuspend</name>
         <load_address>0x35c0</load_address>
         <run_address>0x35c0</run_address>
         <size>0x12c</size>
         <input_file_ref idref="fl-8"/>
      </object_component>
      <object_component id="oc-71a">
         <name>.text:xEventGroupWaitBits</name>
         <load_address>0x36f0</load_address>
         <run_address>0x36f0</run_address>
         <size>0x12c</size>
         <input_file_ref idref="fl-4"/>
      </object_component>
      <object_component id="oc-319">
         <name>.text:prvTaskCreate</name>
         <load_address>0x3820</load_address>
         <run_address>0x3820</run_address>
         <size>0x128</size>
         <input_file_ref idref="fl-35"/>
      </object_component>
      <object_component id="oc-49a">
         <name>.text:xTaskResumeAll</name>
         <load_address>0x3948</load_address>
         <run_address>0x3948</run_address>
         <size>0x128</size>
         <input_file_ref idref="fl-8"/>
      </object_component>
      <object_component id="oc-f6">
         <name>.text:vTaskNotifyGiveFromISR</name>
         <load_address>0x3a70</load_address>
         <run_address>0x3a70</run_address>
         <size>0x124</size>
         <input_file_ref idref="fl-8"/>
      </object_component>
      <object_component id="oc-3d4">
         <name>.text:xTaskPriorityDisinherit</name>
         <load_address>0x3b98</load_address>
         <run_address>0x3b98</run_address>
         <size>0x120</size>
         <input_file_ref idref="fl-8"/>
      </object_component>
      <object_component id="oc-2ca">
         <name>.text:CS_initClockSignal</name>
         <load_address>0x3cb8</load_address>
         <run_address>0x3cb8</run_address>
         <size>0x11c</size>
         <input_file_ref idref="fl-25"/>
      </object_component>
      <object_component id="oc-69d">
         <name>.text:adcInit</name>
         <load_address>0x3dd8</load_address>
         <run_address>0x3dd8</run_address>
         <size>0x11c</size>
         <input_file_ref idref="fl-33"/>
      </object_component>
      <object_component id="oc-457">
         <name>.text:vTraceInitObjectPropertyTable</name>
         <load_address>0x3ef8</load_address>
         <run_address>0x3ef8</run_address>
         <size>0x118</size>
         <input_file_ref idref="fl-20"/>
      </object_component>
      <object_component id="oc-735">
         <name>.text:_CSComputeCLKFrequency</name>
         <load_address>0x4010</load_address>
         <run_address>0x4010</run_address>
         <size>0x114</size>
         <input_file_ref idref="fl-25"/>
      </object_component>
      <object_component id="oc-1ec">
         <name>.text:prvTraceStoreKernelCallWithNumericParamOnly</name>
         <load_address>0x4128</load_address>
         <run_address>0x4128</run_address>
         <size>0x110</size>
         <input_file_ref idref="fl-21"/>
      </object_component>
      <object_component id="oc-80d">
         <name>.text:xTaskPriorityInherit</name>
         <load_address>0x4238</load_address>
         <run_address>0x4238</run_address>
         <size>0x110</size>
         <input_file_ref idref="fl-8"/>
      </object_component>
      <object_component id="oc-4da">
         <name>.text:prvTraceSetObjectName</name>
         <load_address>0x4348</load_address>
         <run_address>0x4348</run_address>
         <size>0x10c</size>
         <input_file_ref idref="fl-21"/>
      </object_component>
      <object_component id="oc-96f">
         <name>.text:readI2C</name>
         <load_address>0x4458</load_address>
         <run_address>0x4458</run_address>
         <size>0x10c</size>
         <input_file_ref idref="fl-2f"/>
      </object_component>
      <object_component id="oc-8c1">
         <name>.text:create_chain</name>
         <load_address>0x4568</load_address>
         <run_address>0x4568</run_address>
         <size>0x104</size>
         <input_file_ref idref="fl-45"/>
      </object_component>
      <object_component id="oc-9db">
         <name>.text:create_name</name>
         <load_address>0x4670</load_address>
         <run_address>0x4670</run_address>
         <size>0x103</size>
         <input_file_ref idref="fl-45"/>
      </object_component>
      <object_component id="oc-64b">
         <name>.text:prvProcessReceivedCommands</name>
         <load_address>0x4778</load_address>
         <run_address>0x4778</run_address>
         <size>0x100</size>
         <input_file_ref idref="fl-9"/>
      </object_component>
      <object_component id="oc-325">
         <name>.text:vTaskDelayUntil</name>
         <load_address>0x4878</load_address>
         <run_address>0x4878</run_address>
         <size>0x100</size>
         <input_file_ref idref="fl-8"/>
      </object_component>
      <object_component id="oc-9f9">
         <name>.text:put_fat</name>
         <load_address>0x4978</load_address>
         <run_address>0x4978</run_address>
         <size>0xfa</size>
         <input_file_ref idref="fl-45"/>
      </object_component>
      <object_component id="oc-1fe">
         <name>.text:prvTraceStoreTaskReady</name>
         <load_address>0x4a78</load_address>
         <run_address>0x4a78</run_address>
         <size>0xf4</size>
         <input_file_ref idref="fl-21"/>
      </object_component>
      <object_component id="oc-32b">
         <name>.text:updateBatteryLevel</name>
         <load_address>0x4b70</load_address>
         <run_address>0x4b70</run_address>
         <size>0xf4</size>
         <input_file_ref idref="fl-35"/>
      </object_component>
      <object_component id="oc-479">
         <name>.text:uiTraceStart</name>
         <load_address>0x4c68</load_address>
         <run_address>0x4c68</run_address>
         <size>0xe8</size>
         <input_file_ref idref="fl-21"/>
      </object_component>
      <object_component id="oc-a9c">
         <name>.text:dir_next</name>
         <load_address>0x4d50</load_address>
         <run_address>0x4d50</run_address>
         <size>0xe6</size>
         <input_file_ref idref="fl-45"/>
      </object_component>
      <object_component id="oc-1d3">
         <name>.text:prvTraceStoreTaskswitch</name>
         <load_address>0x4e38</load_address>
         <run_address>0x4e38</run_address>
         <size>0xe4</size>
         <input_file_ref idref="fl-21"/>
      </object_component>
      <object_component id="oc-5c8">
         <name>.text:prvTraceGetPriorityProperty</name>
         <load_address>0x4f20</load_address>
         <run_address>0x4f20</run_address>
         <size>0xdc</size>
         <input_file_ref idref="fl-21"/>
      </object_component>
      <object_component id="oc-30c">
         <name>.text:xPortStartScheduler</name>
         <load_address>0x5000</load_address>
         <run_address>0x5000</run_address>
         <size>0xdc</size>
         <input_file_ref idref="fl-a"/>
      </object_component>
      <object_component id="oc-7d">
         <name>.text</name>
         <load_address>0x50dc</load_address>
         <run_address>0x50dc</run_address>
         <size>0xda</size>
         <input_file_ref idref="fl-b"/>
      </object_component>
      <object_component id="oc-4e0">
         <name>.text:prvTraceSetPriorityProperty</name>
         <load_address>0x51b8</load_address>
         <run_address>0x51b8</run_address>
         <size>0xd8</size>
         <input_file_ref idref="fl-21"/>
      </object_component>
      <object_component id="oc-744">
         <name>.text:vTaskResume</name>
         <load_address>0x5290</load_address>
         <run_address>0x5290</run_address>
         <size>0xd8</size>
         <input_file_ref idref="fl-8"/>
      </object_component>
      <object_component id="oc-e2">
         <name>.text:vTaskSwitchContext</name>
         <load_address>0x5368</load_address>
         <run_address>0x5368</run_address>
         <size>0xd4</size>
         <input_file_ref idref="fl-8"/>
      </object_component>
      <object_component id="oc-399">
         <name>.text:prvTraceGetObjectState</name>
         <load_address>0x5440</load_address>
         <run_address>0x5440</run_address>
         <size>0xd0</size>
         <input_file_ref idref="fl-21"/>
      </object_component>
      <object_component id="oc-232">
         <name>.text:prvTraceSetObjectState</name>
         <load_address>0x5510</load_address>
         <run_address>0x5510</run_address>
         <size>0xcc</size>
         <input_file_ref idref="fl-21"/>
      </object_component>
      <object_component id="oc-463">
         <name>.text:vTraceInitObjectHandleStack</name>
         <load_address>0x55e0</load_address>
         <run_address>0x55e0</run_address>
         <size>0xcc</size>
         <input_file_ref idref="fl-20"/>
      </object_component>
      <object_component id="oc-89f">
         <name>.text:get_fat</name>
         <load_address>0x56b0</load_address>
         <run_address>0x56b0</run_address>
         <size>0xca</size>
         <input_file_ref idref="fl-45"/>
      </object_component>
      <object_component id="oc-23e">
         <name>.text:xTaskRemoveFromEventList</name>
         <load_address>0x5780</load_address>
         <run_address>0x5780</run_address>
         <size>0xc0</size>
         <input_file_ref idref="fl-8"/>
      </object_component>
      <object_component id="oc-a1d">
         <name>.text:MMC_disk_write</name>
         <load_address>0x5840</load_address>
         <run_address>0x5840</run_address>
         <size>0xbc</size>
         <input_file_ref idref="fl-48"/>
      </object_component>
      <object_component id="oc-77e">
         <name>.text:prvInitialiseNewQueue</name>
         <load_address>0x5900</load_address>
         <run_address>0x5900</run_address>
         <size>0xbc</size>
         <input_file_ref idref="fl-6"/>
      </object_component>
      <object_component id="oc-494">
         <name>.text:vTraceStoreMemMangEvent</name>
         <load_address>0x59c0</load_address>
         <run_address>0x59c0</run_address>
         <size>0xbc</size>
         <input_file_ref idref="fl-21"/>
      </object_component>
      <object_component id="oc-94c">
         <name>.text:vTaskRemoveFromUnorderedEventList</name>
         <load_address>0x5a80</load_address>
         <run_address>0x5a80</run_address>
         <size>0xb4</size>
         <input_file_ref idref="fl-8"/>
      </object_component>
      <object_component id="oc-88">
         <name>.text:vUART_Handler</name>
         <load_address>0x5b38</load_address>
         <run_address>0x5b38</run_address>
         <size>0xb4</size>
         <input_file_ref idref="fl-14"/>
      </object_component>
      <object_component id="oc-a53">
         <name>.text:writeI2C</name>
         <load_address>0x5bf0</load_address>
         <run_address>0x5bf0</run_address>
         <size>0xb4</size>
         <input_file_ref idref="fl-2f"/>
      </object_component>
      <object_component id="oc-99b">
         <name>.text:SPI_initMaster</name>
         <load_address>0x5ca4</load_address>
         <run_address>0x5ca4</run_address>
         <size>0xb0</size>
         <input_file_ref idref="fl-12b"/>
      </object_component>
      <object_component id="oc-2f4">
         <name>.text:prvInitialiseNewTask</name>
         <load_address>0x5d58</load_address>
         <run_address>0x5d58</run_address>
         <size>0xae</size>
         <input_file_ref idref="fl-8"/>
      </object_component>
      <object_component id="oc-7bc">
         <name>.text:xEventGroupSetBits</name>
         <load_address>0x5e08</load_address>
         <run_address>0x5e08</run_address>
         <size>0xae</size>
         <input_file_ref idref="fl-4"/>
      </object_component>
      <object_component id="oc-46f">
         <name>.text:prvTraceInitCortexM</name>
         <load_address>0x5eb8</load_address>
         <run_address>0x5eb8</run_address>
         <size>0xa8</size>
         <input_file_ref idref="fl-21"/>
      </object_component>
      <object_component id="oc-6a9">
         <name>.text:itoa</name>
         <load_address>0x5f60</load_address>
         <run_address>0x5f60</run_address>
         <size>0xa4</size>
         <input_file_ref idref="fl-42"/>
      </object_component>
      <object_component id="oc-14d">
         <name>.text:vTraceEnable</name>
         <load_address>0x6008</load_address>
         <run_address>0x6008</run_address>
         <size>0xa4</size>
         <input_file_ref idref="fl-21"/>
      </object_component>
      <object_component id="oc-9e7">
         <name>.text:dir_sdi</name>
         <load_address>0x60b0</load_address>
         <run_address>0x60b0</run_address>
         <size>0xa0</size>
         <input_file_ref idref="fl-45"/>
      </object_component>
      <object_component id="oc-35">
         <name>.text</name>
         <load_address>0x6150</load_address>
         <run_address>0x6150</run_address>
         <size>0x9c</size>
         <input_file_ref idref="fl-112"/>
      </object_component>
      <object_component id="oc-713">
         <name>.text:vTaskDelay</name>
         <load_address>0x61f0</load_address>
         <run_address>0x61f0</run_address>
         <size>0x9c</size>
         <input_file_ref idref="fl-8"/>
      </object_component>
      <object_component id="oc-6f3">
         <name>.text:f_sync</name>
         <load_address>0x6290</load_address>
         <run_address>0x6290</run_address>
         <size>0x98</size>
         <input_file_ref idref="fl-45"/>
      </object_component>
      <object_component id="oc-a0b">
         <name>.text:MMC_disk_read</name>
         <load_address>0x6328</load_address>
         <run_address>0x6328</run_address>
         <size>0x94</size>
         <input_file_ref idref="fl-48"/>
      </object_component>
      <object_component id="oc-93b">
         <name>.text:prvSwitchTimerLists</name>
         <load_address>0x63c0</load_address>
         <run_address>0x63c0</run_address>
         <size>0x94</size>
         <input_file_ref idref="fl-9"/>
      </object_component>
      <object_component id="oc-3b0">
         <name>.text:prvTraceGetParam</name>
         <load_address>0x6458</load_address>
         <run_address>0x6458</run_address>
         <size>0x94</size>
         <input_file_ref idref="fl-21"/>
      </object_component>
      <object_component id="oc-825">
         <name>.text:xTaskCheckForTimeOut</name>
         <load_address>0x64f0</load_address>
         <run_address>0x64f0</run_address>
         <size>0x94</size>
         <input_file_ref idref="fl-8"/>
      </object_component>
      <object_component id="oc-57c">
         <name>.text:prvSuspendAllTasks</name>
         <load_address>0x6588</load_address>
         <run_address>0x6588</run_address>
         <size>0x90</size>
         <input_file_ref idref="fl-35"/>
      </object_component>
      <object_component id="oc-922">
         <name>.text:xQueueGenericReset</name>
         <load_address>0x6618</load_address>
         <run_address>0x6618</run_address>
         <size>0x90</size>
         <input_file_ref idref="fl-6"/>
      </object_component>
      <object_component id="oc-7f3">
         <name>.text:getMotion6</name>
         <load_address>0x66a8</load_address>
         <run_address>0x66a8</run_address>
         <size>0x8c</size>
         <input_file_ref idref="fl-2f"/>
      </object_component>
      <object_component id="oc-8db">
         <name>.text:sync_fs</name>
         <load_address>0x6738</load_address>
         <run_address>0x6738</run_address>
         <size>0x8c</size>
         <input_file_ref idref="fl-45"/>
      </object_component>
      <object_component id="oc-2ee">
         <name>.text:vPortFree</name>
         <load_address>0x67c8</load_address>
         <run_address>0x67c8</run_address>
         <size>0x8c</size>
         <input_file_ref idref="fl-c"/>
      </object_component>
      <object_component id="oc-557">
         <name>.text:watchDogTask</name>
         <load_address>0x6858</load_address>
         <run_address>0x6858</run_address>
         <size>0x8c</size>
         <input_file_ref idref="fl-37"/>
      </object_component>
      <object_component id="oc-9c6">
         <name>.text:check_fs</name>
         <load_address>0x68e8</load_address>
         <run_address>0x68e8</run_address>
         <size>0x8a</size>
         <input_file_ref idref="fl-45"/>
      </object_component>
      <object_component id="oc-565">
         <name>.text:prvAddCurrentTaskToDelayedList</name>
         <load_address>0x6978</load_address>
         <run_address>0x6978</run_address>
         <size>0x88</size>
         <input_file_ref idref="fl-8"/>
      </object_component>
      <object_component id="oc-941">
         <name>.text:vTaskPlaceOnEventListRestricted</name>
         <load_address>0x6a00</load_address>
         <run_address>0x6a00</run_address>
         <size>0x88</size>
         <input_file_ref idref="fl-8"/>
      </object_component>
      <object_component id="oc-863">
         <name>.text:follow_path</name>
         <load_address>0x6a88</load_address>
         <run_address>0x6a88</run_address>
         <size>0x86</size>
         <input_file_ref idref="fl-45"/>
      </object_component>
      <object_component id="oc-312">
         <name>.text:prvIdleTask</name>
         <load_address>0x6b10</load_address>
         <run_address>0x6b10</run_address>
         <size>0x84</size>
         <input_file_ref idref="fl-8"/>
      </object_component>
      <object_component id="oc-15f">
         <name>.text:vTaskStartScheduler</name>
         <load_address>0x6b98</load_address>
         <run_address>0x6b98</run_address>
         <size>0x84</size>
         <input_file_ref idref="fl-8"/>
      </object_component>
      <object_component id="oc-887">
         <name>.text:remove_chain</name>
         <load_address>0x6c20</load_address>
         <run_address>0x6c20</run_address>
         <size>0x80</size>
         <input_file_ref idref="fl-45"/>
      </object_component>
      <object_component id="oc-165">
         <name>.text:taskManager</name>
         <load_address>0x6ca0</load_address>
         <run_address>0x6ca0</run_address>
         <size>0x80</size>
         <input_file_ref idref="fl-35"/>
      </object_component>
      <object_component id="oc-8b4">
         <name>.text:RTC_C_getCalendarTime</name>
         <load_address>0x6d20</load_address>
         <run_address>0x6d20</run_address>
         <size>0x7c</size>
         <input_file_ref idref="fl-12a"/>
      </object_component>
      <object_component id="oc-55f">
         <name>.text:prvTraceSetTaskInstanceFinished</name>
         <load_address>0x6da0</load_address>
         <run_address>0x6da0</run_address>
         <size>0x7c</size>
         <input_file_ref idref="fl-21"/>
      </object_component>
      <object_component id="oc-b4">
         <name>.text</name>
         <load_address>0x6e1c</load_address>
         <run_address>0x6e1c</run_address>
         <size>0x7a</size>
         <input_file_ref idref="fl-115"/>
      </object_component>
      <object_component id="oc-6b5">
         <name>.text:ADC14_getMultiSequenceResult</name>
         <load_address>0x6e98</load_address>
         <run_address>0x6e98</run_address>
         <size>0x78</size>
         <input_file_ref idref="fl-128"/>
      </object_component>
      <object_component id="oc-141">
         <name>.text:prvSetupHardware</name>
         <load_address>0x6f10</load_address>
         <run_address>0x6f10</run_address>
         <size>0x78</size>
         <input_file_ref idref="fl-2"/>
      </object_component>
      <object_component id="oc-147">
         <name>.text:prvConfigureClocks</name>
         <load_address>0x6f88</load_address>
         <run_address>0x6f88</run_address>
         <size>0x74</size>
         <input_file_ref idref="fl-2"/>
      </object_component>
      <object_component id="oc-62f">
         <name>.text:xQueueGenericCreate</name>
         <load_address>0x7000</load_address>
         <run_address>0x7000</run_address>
         <size>0x74</size>
         <input_file_ref idref="fl-6"/>
      </object_component>
      <object_component id="oc-7a1">
         <name>.text:xTimerGenericCommand</name>
         <load_address>0x7078</load_address>
         <run_address>0x7078</run_address>
         <size>0x74</size>
         <input_file_ref idref="fl-9"/>
      </object_component>
      <object_component id="oc-238">
         <name>.text:prvCopyDataToQueue</name>
         <load_address>0x70f0</load_address>
         <run_address>0x70f0</run_address>
         <size>0x70</size>
         <input_file_ref idref="fl-6"/>
      </object_component>
      <object_component id="oc-488">
         <name>.text:prvHeapInit</name>
         <load_address>0x7160</load_address>
         <run_address>0x7160</run_address>
         <size>0x70</size>
         <input_file_ref idref="fl-c"/>
      </object_component>
      <object_component id="oc-4c2">
         <name>.text:prvInitialiseTaskLists</name>
         <load_address>0x71d0</load_address>
         <run_address>0x71d0</run_address>
         <size>0x70</size>
         <input_file_ref idref="fl-8"/>
      </object_component>
      <object_component id="oc-645">
         <name>.text:prvProcessTimerOrBlockTask</name>
         <load_address>0x7240</load_address>
         <run_address>0x7240</run_address>
         <size>0x70</size>
         <input_file_ref idref="fl-9"/>
      </object_component>
      <object_component id="oc-aa7">
         <name>.text:send_cmd</name>
         <load_address>0x72b0</load_address>
         <run_address>0x72b0</run_address>
         <size>0x70</size>
         <input_file_ref idref="fl-48"/>
      </object_component>
      <object_component id="oc-819">
         <name>.text:prvUnlockQueue</name>
         <load_address>0x7320</load_address>
         <run_address>0x7320</run_address>
         <size>0x6c</size>
         <input_file_ref idref="fl-6"/>
      </object_component>
      <object_component id="oc-a5b">
         <name>.text:I2C_masterSendMultiByteStart</name>
         <load_address>0x738c</load_address>
         <run_address>0x738c</run_address>
         <size>0x68</size>
         <input_file_ref idref="fl-129"/>
      </object_component>
      <object_component id="oc-d2">
         <name>.text:SystemInit</name>
         <load_address>0x73f8</load_address>
         <run_address>0x73f8</run_address>
         <size>0x68</size>
         <input_file_ref idref="fl-3a"/>
      </object_component>
      <object_component id="oc-15">
         <name>.text:decompress:lzss:__TI_decompress_lzss</name>
         <load_address>0x7460</load_address>
         <run_address>0x7460</run_address>
         <size>0x68</size>
         <input_file_ref idref="fl-118"/>
      </object_component>
      <object_component id="oc-6cf">
         <name>.text:initSD</name>
         <load_address>0x74c8</load_address>
         <run_address>0x74c8</run_address>
         <size>0x68</size>
         <input_file_ref idref="fl-32"/>
      </object_component>
      <object_component id="oc-48e">
         <name>.text:prvInsertBlockIntoFreeList</name>
         <load_address>0x7530</load_address>
         <run_address>0x7530</run_address>
         <size>0x68</size>
         <input_file_ref idref="fl-c"/>
      </object_component>
      <object_component id="oc-500">
         <name>.text:vPortSetupTimerInterrupt</name>
         <load_address>0x7598</load_address>
         <run_address>0x7598</run_address>
         <size>0x68</size>
         <input_file_ref idref="fl-a"/>
      </object_component>
      <object_component id="oc-159">
         <name>.text:xTaskCreate</name>
         <load_address>0x7600</load_address>
         <run_address>0x7600</run_address>
         <size>0x68</size>
         <input_file_ref idref="fl-8"/>
      </object_component>
      <object_component id="oc-b08">
         <name>.text:dir_clear</name>
         <load_address>0x7668</load_address>
         <run_address>0x7668</run_address>
         <size>0x66</size>
         <input_file_ref idref="fl-45"/>
      </object_component>
      <object_component id="oc-588">
         <name>.text:prvResumeAllTasks</name>
         <load_address>0x76d0</load_address>
         <run_address>0x76d0</run_address>
         <size>0x64</size>
         <input_file_ref idref="fl-35"/>
      </object_component>
      <object_component id="oc-393">
         <name>.text:prvTraceNextFreeEventBufferSlot</name>
         <load_address>0x7738</load_address>
         <run_address>0x7738</run_address>
         <size>0x64</size>
         <input_file_ref idref="fl-21"/>
      </object_component>
      <object_component id="oc-214">
         <name>.text:vPortValidateInterruptPriority</name>
         <load_address>0x77a0</load_address>
         <run_address>0x77a0</run_address>
         <size>0x64</size>
         <input_file_ref idref="fl-a"/>
      </object_component>
      <object_component id="oc-794">
         <name>.text:prvProcessExpiredTimer</name>
         <load_address>0x7808</load_address>
         <run_address>0x7808</run_address>
         <size>0x60</size>
         <input_file_ref idref="fl-9"/>
      </object_component>
      <object_component id="oc-95d">
         <name>.text:writeBits</name>
         <load_address>0x7868</load_address>
         <run_address>0x7868</run_address>
         <size>0x60</size>
         <input_file_ref idref="fl-2f"/>
      </object_component>
      <object_component id="oc-acf">
         <name>.text:xmit_datablock</name>
         <load_address>0x78c8</load_address>
         <run_address>0x78c8</run_address>
         <size>0x60</size>
         <input_file_ref idref="fl-48"/>
      </object_component>
      <object_component id="oc-8ec">
         <name>.text:vTaskPlaceOnUnorderedEventList</name>
         <load_address>0x7928</load_address>
         <run_address>0x7928</run_address>
         <size>0x5c</size>
         <input_file_ref idref="fl-8"/>
      </object_component>
      <object_component id="oc-550">
         <name>.text:ttcTask</name>
         <load_address>0x7988</load_address>
         <run_address>0x7988</run_address>
         <size>0x58</size>
         <input_file_ref idref="fl-36"/>
      </object_component>
      <object_component id="oc-306">
         <name>.text:xTimerCreateTimerTask</name>
         <load_address>0x79e0</load_address>
         <run_address>0x79e0</run_address>
         <size>0x58</size>
         <input_file_ref idref="fl-9"/>
      </object_component>
      <object_component id="oc-9e1">
         <name>.text:dir_find</name>
         <load_address>0x7a38</load_address>
         <run_address>0x7a38</run_address>
         <size>0x56</size>
         <input_file_ref idref="fl-45"/>
      </object_component>
      <object_component id="oc-7e3">
         <name>.text:GPIO_setAsPeripheralModuleFunctionInputPin</name>
         <load_address>0x7a90</load_address>
         <run_address>0x7a90</run_address>
         <size>0x54</size>
         <input_file_ref idref="fl-28"/>
      </object_component>
      <object_component id="oc-953">
         <name>.text:GPIO_setAsPeripheralModuleFunctionOutputPin</name>
         <load_address>0x7ae8</load_address>
         <run_address>0x7ae8</run_address>
         <size>0x54</size>
         <input_file_ref idref="fl-28"/>
      </object_component>
      <object_component id="oc-a37">
         <name>.text:SysCtl_getTLVInfo</name>
         <load_address>0x7b40</load_address>
         <run_address>0x7b40</run_address>
         <size>0x54</size>
         <input_file_ref idref="fl-2b"/>
      </object_component>
      <object_component id="oc-6af">
         <name>.text:getTemperature</name>
         <load_address>0x7b98</load_address>
         <run_address>0x7b98</run_address>
         <size>0x54</size>
         <input_file_ref idref="fl-33"/>
      </object_component>
      <object_component id="oc-513">
         <name>.text:prvCheckTasksWaitingTermination</name>
         <load_address>0x7bf0</load_address>
         <run_address>0x7bf0</run_address>
         <size>0x54</size>
         <input_file_ref idref="fl-8"/>
      </object_component>
      <object_component id="oc-79b">
         <name>.text:prvInsertTimerInActiveList</name>
         <load_address>0x7c48</load_address>
         <run_address>0x7c48</run_address>
         <size>0x54</size>
         <input_file_ref idref="fl-9"/>
      </object_component>
      <object_component id="oc-1e9">
         <name>.text:prvTracePortGetTimeStamp</name>
         <load_address>0x7ca0</load_address>
         <run_address>0x7ca0</run_address>
         <size>0x54</size>
         <input_file_ref idref="fl-21"/>
      </object_component>
      <object_component id="oc-65f">
         <name>.text:vPreSleepProcessing</name>
         <load_address>0x7cf8</load_address>
         <run_address>0x7cf8</run_address>
         <size>0x54</size>
         <input_file_ref idref="fl-2"/>
      </object_component>
      <object_component id="oc-8fd">
         <name>.text:_CSGetDividerValue</name>
         <load_address>0x7d50</load_address>
         <run_address>0x7d50</run_address>
         <size>0x52</size>
         <input_file_ref idref="fl-25"/>
      </object_component>
      <object_component id="oc-846">
         <name>.text:SPI_Init</name>
         <load_address>0x7da8</load_address>
         <run_address>0x7da8</run_address>
         <size>0x50</size>
         <input_file_ref idref="fl-3e"/>
      </object_component>
      <object_component id="oc-a31">
         <name>.text:_CSGetDOCFrequency</name>
         <load_address>0x7df8</load_address>
         <run_address>0x7df8</run_address>
         <size>0x50</size>
         <input_file_ref idref="fl-25"/>
      </object_component>
      <object_component id="oc-a95">
         <name>.text:dbc_2nd</name>
         <load_address>0x7e48</load_address>
         <run_address>0x7e48</run_address>
         <size>0x50</size>
         <input_file_ref idref="fl-45"/>
      </object_component>
      <object_component id="oc-507">
         <name>.text:prvGetExpectedIdleTime</name>
         <load_address>0x7e98</load_address>
         <run_address>0x7e98</run_address>
         <size>0x50</size>
         <input_file_ref idref="fl-8"/>
      </object_component>
      <object_component id="oc-331">
         <name>.text:setOperationMode</name>
         <load_address>0x7ee8</load_address>
         <run_address>0x7ee8</run_address>
         <size>0x50</size>
         <input_file_ref idref="fl-35"/>
      </object_component>
      <object_component id="oc-966">
         <name>.text:writeBit</name>
         <load_address>0x7f38</load_address>
         <run_address>0x7f38</run_address>
         <size>0x50</size>
         <input_file_ref idref="fl-2f"/>
      </object_component>
      <object_component id="oc-9ee">
         <name>.text:dir_alloc</name>
         <load_address>0x7f88</load_address>
         <run_address>0x7f88</run_address>
         <size>0x4e</size>
         <input_file_ref idref="fl-45"/>
      </object_component>
      <object_component id="oc-852">
         <name>.text:f_mount</name>
         <load_address>0x7fd8</load_address>
         <run_address>0x7fd8</run_address>
         <size>0x4c</size>
         <input_file_ref idref="fl-45"/>
      </object_component>
      <object_component id="oc-4ed">
         <name>.text:prvCheckForValidListAndQueue</name>
         <load_address>0x8028</load_address>
         <run_address>0x8028</run_address>
         <size>0x4c</size>
         <input_file_ref idref="fl-9"/>
      </object_component>
      <object_component id="oc-aad">
         <name>.text:rcvr_datablock</name>
         <load_address>0x8078</load_address>
         <run_address>0x8078</run_address>
         <size>0x4c</size>
         <input_file_ref idref="fl-48"/>
      </object_component>
      <object_component id="oc-9ae">
         <name>.text:get_ldnumber</name>
         <load_address>0x80c8</load_address>
         <run_address>0x80c8</run_address>
         <size>0x48</size>
         <input_file_ref idref="fl-45"/>
      </object_component>
      <object_component id="oc-c0">
         <name>.text:main</name>
         <load_address>0x8110</load_address>
         <run_address>0x8110</run_address>
         <size>0x48</size>
         <input_file_ref idref="fl-2"/>
      </object_component>
      <object_component id="oc-a00">
         <name>.text:sync_window</name>
         <load_address>0x8158</load_address>
         <run_address>0x8158</run_address>
         <size>0x48</size>
         <input_file_ref idref="fl-45"/>
      </object_component>
      <object_component id="oc-78e">
         <name>.text:vQueueWaitForMessageRestricted</name>
         <load_address>0x81a0</load_address>
         <run_address>0x81a0</run_address>
         <size>0x48</size>
         <input_file_ref idref="fl-6"/>
      </object_component>
      <object_component id="oc-17d">
         <name>.text:__TI_auto_init_nobinit_nopinit:__TI_auto_init_nobinit_nopinit</name>
         <load_address>0x81e8</load_address>
         <run_address>0x81e8</run_address>
         <size>0x44</size>
         <input_file_ref idref="fl-125"/>
      </object_component>
      <object_component id="oc-6e1">
         <name>.text:getLocalTime</name>
         <load_address>0x8230</load_address>
         <run_address>0x8230</run_address>
         <size>0x44</size>
         <input_file_ref idref="fl-32"/>
      </object_component>
      <object_component id="oc-520">
         <name>.text:prvQueueDataCreate</name>
         <load_address>0x8278</load_address>
         <run_address>0x8278</run_address>
         <size>0x44</size>
         <input_file_ref idref="fl-35"/>
      </object_component>
      <object_component id="oc-7c4">
         <name>.text:initI2C</name>
         <load_address>0x82c0</load_address>
         <run_address>0x82c0</run_address>
         <size>0x40</size>
         <input_file_ref idref="fl-2f"/>
      </object_component>
      <object_component id="oc-a65">
         <name>.text:is_A_Module</name>
         <load_address>0x8300</load_address>
         <run_address>0x8300</run_address>
         <size>0x40</size>
         <input_file_ref idref="fl-12b"/>
      </object_component>
      <object_component id="oc-665">
         <name>.text:vPostSleepProcessing</name>
         <load_address>0x8340</load_address>
         <run_address>0x8340</run_address>
         <size>0x40</size>
         <input_file_ref idref="fl-2"/>
      </object_component>
      <object_component id="oc-ab3">
         <name>.text:send_cmd12</name>
         <load_address>0x8380</load_address>
         <run_address>0x8380</run_address>
         <size>0x3e</size>
         <input_file_ref idref="fl-48"/>
      </object_component>
      <object_component id="oc-659">
         <name>.text:eTaskConfirmSleepModeStatus</name>
         <load_address>0x83c0</load_address>
         <run_address>0x83c0</run_address>
         <size>0x3c</size>
         <input_file_ref idref="fl-8"/>
      </object_component>
      <object_component id="oc-914">
         <name>.text:prvTaskIsTaskSuspended</name>
         <load_address>0x8400</load_address>
         <run_address>0x8400</run_address>
         <size>0x3c</size>
         <input_file_ref idref="fl-8"/>
      </object_component>
      <object_component id="oc-2d7">
         <name>.text:prvTraceError</name>
         <load_address>0x8440</load_address>
         <run_address>0x8440</run_address>
         <size>0x3c</size>
         <input_file_ref idref="fl-21"/>
      </object_component>
      <object_component id="oc-39f">
         <name>.text:prvTraceUpdateCounters</name>
         <load_address>0x8480</load_address>
         <run_address>0x8480</run_address>
         <size>0x3c</size>
         <input_file_ref idref="fl-21"/>
      </object_component>
      <object_component id="oc-af4">
         <name>.text:send_initial_clock_train</name>
         <load_address>0x84c0</load_address>
         <run_address>0x84c0</run_address>
         <size>0x3c</size>
         <input_file_ref idref="fl-48"/>
      </object_component>
      <object_component id="oc-4bc">
         <name>.text:vPortEnterCritical</name>
         <load_address>0x8500</load_address>
         <run_address>0x8500</run_address>
         <size>0x3c</size>
         <input_file_ref idref="fl-a"/>
      </object_component>
      <object_component id="oc-869">
         <name>.text:dir_register</name>
         <load_address>0x8540</load_address>
         <run_address>0x8540</run_address>
         <size>0x3a</size>
         <input_file_ref idref="fl-45"/>
      </object_component>
      <object_component id="oc-8bb">
         <name>.text:validate</name>
         <load_address>0x8580</load_address>
         <run_address>0x8580</run_address>
         <size>0x3a</size>
         <input_file_ref idref="fl-45"/>
      </object_component>
      <object_component id="oc-53">
         <name>.text:_c_int00_noargs:_c_int00_noargs</name>
         <load_address>0x85bc</load_address>
         <run_address>0x85bc</run_address>
         <size>0x38</size>
         <input_file_ref idref="fl-119"/>
      </object_component>
      <object_component id="oc-602">
         <name>.text:prvTaskExitError</name>
         <load_address>0x85f8</load_address>
         <run_address>0x85f8</run_address>
         <size>0x38</size>
         <input_file_ref idref="fl-a"/>
      </object_component>
      <object_component id="oc-813">
         <name>.text:vTaskPlaceOnEventList</name>
         <load_address>0x8630</load_address>
         <run_address>0x8630</run_address>
         <size>0x38</size>
         <input_file_ref idref="fl-8"/>
      </object_component>
      <object_component id="oc-b2b">
         <name>.text:SPI_Read</name>
         <load_address>0x8668</load_address>
         <run_address>0x8668</run_address>
         <size>0x34</size>
         <input_file_ref idref="fl-3e"/>
      </object_component>
      <object_component id="oc-b25">
         <name>.text:SPI_Write</name>
         <load_address>0x86a0</load_address>
         <run_address>0x86a0</run_address>
         <size>0x34</size>
         <input_file_ref idref="fl-3e"/>
      </object_component>
      <object_component id="oc-52d">
         <name>.text:aodcsTask</name>
         <load_address>0x86d8</load_address>
         <run_address>0x86d8</run_address>
         <size>0x34</size>
         <input_file_ref idref="fl-30"/>
      </object_component>
      <object_component id="oc-534">
         <name>.text:cameraTask</name>
         <load_address>0x8710</load_address>
         <run_address>0x8710</run_address>
         <size>0x34</size>
         <input_file_ref idref="fl-31"/>
      </object_component>
      <object_component id="oc-a89">
         <name>.text:dbc_1st</name>
         <load_address>0x8748</load_address>
         <run_address>0x8748</run_address>
         <size>0x34</size>
         <input_file_ref idref="fl-45"/>
      </object_component>
      <object_component id="oc-582">
         <name>.text:hibernate</name>
         <load_address>0x8780</load_address>
         <run_address>0x8780</run_address>
         <size>0x34</size>
         <input_file_ref idref="fl-35"/>
      </object_component>
      <object_component id="oc-88d">
         <name>.text:move_window</name>
         <load_address>0x87b8</load_address>
         <run_address>0x87b8</run_address>
         <size>0x34</size>
         <input_file_ref idref="fl-45"/>
      </object_component>
      <object_component id="oc-549">
         <name>.text:pptTask</name>
         <load_address>0x87f0</load_address>
         <run_address>0x87f0</run_address>
         <size>0x34</size>
         <input_file_ref idref="fl-34"/>
      </object_component>
      <object_component id="oc-722">
         <name>.text:vListInsert</name>
         <load_address>0x8828</load_address>
         <run_address>0x8828</run_address>
         <size>0x34</size>
         <input_file_ref idref="fl-5"/>
      </object_component>
      <object_component id="oc-8e">
         <name>.text:vT32_0_Handler</name>
         <load_address>0x8860</load_address>
         <run_address>0x8860</run_address>
         <size>0x34</size>
         <input_file_ref idref="fl-e"/>
      </object_component>
      <object_component id="oc-94">
         <name>.text:vT32_1_Handler</name>
         <load_address>0x8898</load_address>
         <run_address>0x8898</run_address>
         <size>0x34</size>
         <input_file_ref idref="fl-e"/>
      </object_component>
      <object_component id="oc-66b">
         <name>.text:vTaskStepTick</name>
         <load_address>0x88d0</load_address>
         <run_address>0x88d0</run_address>
         <size>0x34</size>
         <input_file_ref idref="fl-8"/>
      </object_component>
      <object_component id="oc-1f2">
         <name>.text:prvResetNextTaskUnblockTime</name>
         <load_address>0x8908</load_address>
         <run_address>0x8908</run_address>
         <size>0x30</size>
         <input_file_ref idref="fl-8"/>
      </object_component>
      <object_component id="oc-4e6">
         <name>.text:vPortExitCritical</name>
         <load_address>0x8938</load_address>
         <run_address>0x8938</run_address>
         <size>0x30</size>
         <input_file_ref idref="fl-a"/>
      </object_component>
      <object_component id="oc-2c4">
         <name>.text:CS_setDCOCenteredFrequency</name>
         <load_address>0x8968</load_address>
         <run_address>0x8968</run_address>
         <size>0x2c</size>
         <input_file_ref idref="fl-25"/>
      </object_component>
      <object_component id="oc-293">
         <name>.text:GPIO_setAsInputPinWithPullUpResistor</name>
         <load_address>0x8998</load_address>
         <run_address>0x8998</run_address>
         <size>0x2c</size>
         <input_file_ref idref="fl-28"/>
      </object_component>
      <object_component id="oc-2ab">
         <name>.text:configWakeUpPin</name>
         <load_address>0x89c8</load_address>
         <run_address>0x89c8</run_address>
         <size>0x2c</size>
         <input_file_ref idref="fl-2"/>
      </object_component>
      <object_component id="oc-78c">
         <name>.text:prvSampleTimeNow</name>
         <load_address>0x89f8</load_address>
         <run_address>0x89f8</run_address>
         <size>0x2c</size>
         <input_file_ref idref="fl-9"/>
      </object_component>
      <object_component id="oc-4b5">
         <name>.text:pxPortInitialiseStack</name>
         <load_address>0x8a28</load_address>
         <run_address>0x8a28</run_address>
         <size>0x2c</size>
         <input_file_ref idref="fl-a"/>
      </object_component>
      <object_component id="oc-abf">
         <name>.text:rcvr_spi</name>
         <load_address>0x8a58</load_address>
         <run_address>0x8a58</run_address>
         <size>0x2c</size>
         <input_file_ref idref="fl-48"/>
      </object_component>
      <object_component id="oc-82">
         <name>.text:xPortSysTickHandler</name>
         <load_address>0x8a88</load_address>
         <run_address>0x8a88</run_address>
         <size>0x2c</size>
         <input_file_ref idref="fl-a"/>
      </object_component>
      <object_component id="oc-268">
         <name>.text:xQueueIsQueueFullFromISR</name>
         <load_address>0x8ab8</load_address>
         <run_address>0x8ab8</run_address>
         <size>0x2c</size>
         <input_file_ref idref="fl-6"/>
      </object_component>
      <object_component id="oc-84c">
         <name>.text:GPIO_Init</name>
         <load_address>0x8ae8</load_address>
         <run_address>0x8ae8</run_address>
         <size>0x28</size>
         <input_file_ref idref="fl-3d"/>
      </object_component>
      <object_component id="oc-3ee">
         <name>.text:prvCopyDataFromQueue</name>
         <load_address>0x8b10</load_address>
         <run_address>0x8b10</run_address>
         <size>0x28</size>
         <input_file_ref idref="fl-6"/>
      </object_component>
      <object_component id="oc-b15">
         <name>.text:xmit_spi</name>
         <load_address>0x8b38</load_address>
         <run_address>0x8b38</run_address>
         <size>0x28</size>
         <input_file_ref idref="fl-48"/>
      </object_component>
      <object_component id="oc-86f">
         <name>.text:ld_clust</name>
         <load_address>0x8b60</load_address>
         <run_address>0x8b60</run_address>
         <size>0x26</size>
         <input_file_ref idref="fl-45"/>
      </object_component>
      <object_component id="oc-1f8">
         <name>.text:uxListRemove</name>
         <load_address>0x8b88</load_address>
         <run_address>0x8b88</run_address>
         <size>0x26</size>
         <input_file_ref idref="fl-5"/>
      </object_component>
      <object_component id="oc-909">
         <name>.text:CS_clearInterruptFlag</name>
         <load_address>0x8bb0</load_address>
         <run_address>0x8bb0</run_address>
         <size>0x24</size>
         <input_file_ref idref="fl-25"/>
      </object_component>
      <object_component id="oc-63f">
         <name>.text:prvGetNextExpireTime</name>
         <load_address>0x8bd8</load_address>
         <run_address>0x8bd8</run_address>
         <size>0x24</size>
         <input_file_ref idref="fl-9"/>
      </object_component>
      <object_component id="oc-469">
         <name>.text:vTraceStop</name>
         <load_address>0x8c00</load_address>
         <run_address>0x8c00</run_address>
         <size>0x24</size>
         <input_file_ref idref="fl-21"/>
      </object_component>
      <object_component id="oc-b0f">
         <name>.text:wait_ready</name>
         <load_address>0x8c28</load_address>
         <run_address>0x8c28</run_address>
         <size>0x24</size>
         <input_file_ref idref="fl-48"/>
      </object_component>
      <object_component id="oc-8ab">
         <name>.text:disk_read</name>
         <load_address>0x8c50</load_address>
         <run_address>0x8c50</run_address>
         <size>0x22</size>
         <input_file_ref idref="fl-44"/>
      </object_component>
      <object_component id="oc-8c7">
         <name>.text:disk_write</name>
         <load_address>0x8c78</load_address>
         <run_address>0x8c78</run_address>
         <size>0x22</size>
         <input_file_ref idref="fl-44"/>
      </object_component>
      <object_component id="oc-881">
         <name>.text:st_clust</name>
         <load_address>0x8ca0</load_address>
         <run_address>0x8ca0</run_address>
         <size>0x22</size>
         <input_file_ref idref="fl-45"/>
      </object_component>
      <object_component id="oc-28d">
         <name>.text:GPIO_setAsOutputPin</name>
         <load_address>0x8cc8</load_address>
         <run_address>0x8cc8</run_address>
         <size>0x20</size>
         <input_file_ref idref="fl-28"/>
      </object_component>
      <object_component id="oc-697">
         <name>.text:MPU9250_initialize</name>
         <load_address>0x8ce8</load_address>
         <run_address>0x8ce8</run_address>
         <size>0x20</size>
         <input_file_ref idref="fl-2f"/>
      </object_component>
[...]
      <symbol id="sm-dbc">
         <name>GPIO_setAsInputPinWithPullUpResistor</name>
         <value>0x8999</value>
         <object_component_ref idref="oc-293"/>
      </symbol>
      <symbol id="sm-dbd">
         <name>GPIO_enableInterrupt</name>
         <value>0x9119</value>
         <object_component_ref idref="oc-29f"/>
      </symbol>
      <symbol id="sm-dbe">
         <name>GPIO_setAsOutputPin</name>
         <value>0x8cc9</value>
         <object_component_ref idref="oc-28d"/>
      </symbol>
      <symbol id="sm-dbf">
         <name>GPIO_setOutputLowOnPin</name>
         <value>0x9131</value>
         <object_component_ref idref="oc-2a5"/>
      </symbol>
      <symbol id="sm-dc0">
         <name>GPIO_clearInterruptFlag</name>
         <value>0x9101</value>
         <object_component_ref idref="oc-299"/>
      </symbol>
      <symbol id="sm-dc1">
         <name>GPIO_toggleOutputOnPin</name>
         <value>0x9149</value>
         <object_component_ref idref="oc-6db"/>
      </symbol>
      <symbol id="sm-dc2">
         <name>GPIO_setAsPeripheralModuleFunctionOutputPin</name>
         <value>0x7ae9</value>
         <object_component_ref idref="oc-953"/>
      </symbol>
      <symbol id="sm-dc3">
         <name>GPIO_setAsPeripheralModuleFunctionInputPin</name>
         <value>0x7a91</value>
         <object_component_ref idref="oc-7e3"/>
      </symbol>
      <symbol id="sm-df1">
         <name>SysCtl_getTempCalibrationConstant</name>
         <value>0x9309</value>
         <object_component_ref idref="oc-7e9"/>
      </symbol>
      <symbol id="sm-df2">
         <name>SysCtl_setWDTTimeoutResetType</name>
         <value>0x8d09</value>
         <object_component_ref idref="oc-287"/>
      </symbol>
      <symbol id="sm-df3">
         <name>SysCtl_getTLVInfo</name>
         <value>0x7b41</value>
         <object_component_ref idref="oc-a37"/>
      </symbol>
      <symbol id="sm-e95">
         <name>bufferIMU</name>
         <value>0x10680</value>
      </symbol>
      <symbol id="sm-e96">
         <name>MPU9250_setClockSource</name>
         <value>0x92f9</value>
         <object_component_ref idref="oc-7ca"/>
      </symbol>
      <symbol id="sm-e97">
         <name>MPU9250_getMotion9</name>
         <value>0x9229</value>
         <object_component_ref idref="oc-6a3"/>
      </symbol>
      <symbol id="sm-e98">
         <name>readI2C</name>
         <value>0x4459</value>
         <object_component_ref idref="oc-96f"/>
      </symbol>
      <symbol id="sm-e99">
         <name>getMotion6</name>
         <value>0x66a9</value>
         <object_component_ref idref="oc-7f3"/>
      </symbol>
      <symbol id="sm-e9a">
         <name>MPU9250_devAddr</name>
         <value>0x2000021e</value>
         <object_component_ref idref="oc-976"/>
      </symbol>
      <symbol id="sm-e9b">
         <name>setSleepEnabled</name>
         <value>0x93f1</value>
         <object_component_ref idref="oc-7dc"/>
      </symbol>
      <symbol id="sm-e9c">
         <name>setFullScaleGyroRange</name>
         <value>0x9391</value>
         <object_component_ref idref="oc-7d0"/>
      </symbol>
      <symbol id="sm-e9d">
         <name>writeBit</name>
         <value>0x7f39</value>
         <object_component_ref idref="oc-966"/>
      </symbol>
      <symbol id="sm-e9e">
         <name>initI2C</name>
         <value>0x82c1</value>
         <object_component_ref idref="oc-7c4"/>
      </symbol>
      <symbol id="sm-e9f">
         <name>MPU9250_initialize</name>
         <value>0x8ce9</value>
         <object_component_ref idref="oc-697"/>
      </symbol>
      <symbol id="sm-ea0">
         <name>writeBits</name>
         <value>0x7869</value>
         <object_component_ref idref="oc-95d"/>
      </symbol>
      <symbol id="sm-ea1">
         <name>i2cConfig</name>
         <value>0x94e4</value>
         <object_component_ref idref="oc-959"/>
      </symbol>
      <symbol id="sm-ea2">
         <name>writeI2C</name>
         <value>0x5bf1</value>
         <object_component_ref idref="oc-a53"/>
      </symbol>
      <symbol id="sm-ea3">
         <name>setFullScaleAccelRange</name>
         <value>0x9381</value>
         <object_component_ref idref="oc-7d6"/>
      </symbol>
      <symbol id="sm-ebf">
         <name>aodcsTask</name>
         <value>0x86d9</value>
         <object_component_ref idref="oc-52d"/>
      </symbol>
      <symbol id="sm-ec0">
         <name>setWatchDogBit_AODCS</name>
         <value>0x9249</value>
         <object_component_ref idref="oc-689"/>
      </symbol>
      <symbol id="sm-edc">
         <name>cameraTask</name>
         <value>0x8711</value>
         <object_component_ref idref="oc-534"/>
      </symbol>
      <symbol id="sm-edd">
         <name>setWatchDogBit_CAMERA</name>
         <value>0x9259</value>
         <object_component_ref idref="oc-690"/>
      </symbol>
      <symbol id="sm-f45">
         <name>sdDriver</name>
         <value>0x10058</value>
      </symbol>
      <symbol id="sm-f46">
         <name>file</name>
         <value>0x10288</value>
      </symbol>
      <symbol id="sm-f47">
         <name>buffer</name>
         <value>0x106d0</value>
      </symbol>
      <symbol id="sm-f48">
         <name>bw</name>
         <value>0x106e8</value>
      </symbol>
      <symbol id="sm-f49">
         <name>fResult</name>
         <value>0x105d7</value>
      </symbol>
      <symbol id="sm-f4a">
         <name>imuData</name>
         <value>0x10598</value>
      </symbol>
      <symbol id="sm-f4b">
         <name>localTime</name>
         <value>0x106d8</value>
      </symbol>
      <symbol id="sm-f4c">
         <name>SPI0MasterConfig</name>
         <value>0x20000304</value>
         <object_component_ref idref="oc-858"/>
      </symbol>
      <symbol id="sm-f4d">
         <name>getLocalTime</name>
         <value>0x8231</value>
         <object_component_ref idref="oc-6e1"/>
      </symbol>
      <symbol id="sm-f4e">
         <name>setWatchDogBit_DATASTORAGE</name>
         <value>0x9269</value>
         <object_component_ref idref="oc-6f9"/>
      </symbol>
      <symbol id="sm-f4f">
         <name>dataStorage</name>
         <value>0x7e1</value>
         <object_component_ref idref="oc-542"/>
      </symbol>
      <symbol id="sm-f50">
         <name>initSD</name>
         <value>0x74c9</value>
         <object_component_ref idref="oc-6cf"/>
      </symbol>
      <symbol id="sm-f8c">
         <name>cal30</name>
         <value>0x106de</value>
      </symbol>
      <symbol id="sm-f8d">
         <name>cal85</name>
         <value>0x10718</value>
      </symbol>
      <symbol id="sm-f8e">
         <name>calDifference</name>
         <value>0x1071a</value>
      </symbol>
      <symbol id="sm-f8f">
         <name>resultsBuffer</name>
         <value>0x10690</value>
      </symbol>
      <symbol id="sm-f90">
         <name>setWatchDogBit_HOUSEKEEPING</name>
         <value>0x9279</value>
         <object_component_ref idref="oc-6c7"/>
      </symbol>
      <symbol id="sm-f91">
         <name>getTemperature</name>
         <value>0x7b99</value>
         <object_component_ref idref="oc-6af"/>
      </symbol>
      <symbol id="sm-f92">
         <name>adcInit</name>
         <value>0x3dd9</value>
         <object_component_ref idref="oc-69d"/>
      </symbol>
      <symbol id="sm-f93">
         <name>houseKeeping</name>
         <value>0x1969</value>
         <object_component_ref idref="oc-53b"/>
      </symbol>
      <symbol id="sm-faf">
         <name>setWatchDogBit_PPT</name>
         <value>0x9289</value>
         <object_component_ref idref="oc-706"/>
      </symbol>
      <symbol id="sm-fb0">
         <name>pptTask</name>
         <value>0x87f1</value>
         <object_component_ref idref="oc-549"/>
      </symbol>
      <symbol id="sm-1061">
         <name>clock</name>
         <value>0x106ec</value>
      </symbol>
      <symbol id="sm-1062">
         <name>xQueueIMU</name>
         <value>0x20000338</value>
         <object_component_ref idref="oc-572"/>
      </symbol>
      <symbol id="sm-1063">
         <name>semaphoreIMU</name>
         <value>0x20000344</value>
         <object_component_ref idref="oc-572"/>
      </symbol>
      <symbol id="sm-1064">
         <name>xQueueSystem</name>
         <value>0x20000340</value>
         <object_component_ref idref="oc-572"/>
      </symbol>
      <symbol id="sm-1065">
         <name>hibernate</name>
         <value>0x8781</value>
         <object_component_ref idref="oc-582"/>
      </symbol>
      <symbol id="sm-1066">
         <name>taskManager</name>
         <value>0x6ca1</value>
         <object_component_ref idref="oc-165"/>
      </symbol>
      <symbol id="sm-1067">
         <name>batteryValue</name>
         <value>0x2000034c</value>
         <object_component_ref idref="oc-572"/>
      </symbol>
      <symbol id="sm-1068">
         <name>prvTaskCreate</name>
         <value>0x3821</value>
         <object_component_ref idref="oc-319"/>
      </symbol>
      <symbol id="sm-1069">
         <name>prvResumeAllTasks</name>
         <value>0x76d1</value>
         <object_component_ref idref="oc-588"/>
      </symbol>
      <symbol id="sm-106a">
         <name>setOperationMode</name>
         <value>0x7ee9</value>
         <object_component_ref idref="oc-331"/>
      </symbol>
      <symbol id="sm-106b">
         <name>adcInitDelay</name>
         <value>0x2000034e</value>
         <object_component_ref idref="oc-572"/>
      </symbol>
      <symbol id="sm-106c">
         <name>ADC14_IRQHandler</name>
         <value>0x4b71</value>
         <object_component_ref idref="oc-32b"/>
      </symbol>
      <symbol id="sm-106d">
         <name>semaphoreSystem</name>
         <value>0x20000348</value>
         <object_component_ref idref="oc-572"/>
      </symbol>
      <symbol id="sm-106e">
         <name>prvWatchDogEventGroupCreate</name>
         <value>0x9239</value>
         <object_component_ref idref="oc-526"/>
      </symbol>
      <symbol id="sm-106f">
         <name>xQueueDataObc</name>
         <value>0x2000033c</value>
         <object_component_ref idref="oc-572"/>
      </symbol>
      <symbol id="sm-1070">
         <name>prvSuspendAllTasks</name>
         <value>0x6589</value>
         <object_component_ref idref="oc-57c"/>
      </symbol>
      <symbol id="sm-1071">
         <name>updateBatteryLevel</name>
         <value>0x4b71</value>
         <object_component_ref idref="oc-32b"/>
      </symbol>
      <symbol id="sm-1072">
         <name>prvQueueDataCreate</name>
         <value>0x8279</value>
         <object_component_ref idref="oc-520"/>
      </symbol>
      <symbol id="sm-1073">
         <name>wakeState</name>
         <value>0x2000034f</value>
         <object_component_ref idref="oc-572"/>
      </symbol>
      <symbol id="sm-1091">
         <name>ttcTask</name>
         <value>0x7989</value>
         <object_component_ref idref="oc-550"/>
      </symbol>
      <symbol id="sm-1092">
         <name>setWatchDogBit_TTC</name>
         <value>0x9299</value>
         <object_component_ref idref="oc-70d"/>
      </symbol>
      <symbol id="sm-10aa">
         <name>watchDogTask</name>
         <value>0x6859</value>
         <object_component_ref idref="oc-557"/>
      </symbol>
      <symbol id="sm-10de">
         <name>interruptVectors</name>
         <value>0x0</value>
         <object_component_ref idref="oc-24"/>
      </symbol>
      <symbol id="sm-10f0">
         <name>SystemInit</name>
         <value>0x73f9</value>
         <object_component_ref idref="oc-d2"/>
      </symbol>
      <symbol id="sm-1113">
         <name>GPIO_High</name>
         <value>0x9209</value>
         <object_component_ref idref="oc-ab9"/>
      </symbol>
      <symbol id="sm-1114">
         <name>GPIO_Init</name>
         <value>0x8ae9</value>
         <object_component_ref idref="oc-84c"/>
      </symbol>
      <symbol id="sm-1115">
         <name>GPIO_Low</name>
         <value>0x9219</value>
         <object_component_ref idref="oc-9a7"/>
      </symbol>
      <symbol id="sm-113f">
         <name>SPI_Write</name>
         <value>0x86a1</value>
         <object_component_ref idref="oc-b25"/>
      </symbol>
      <symbol id="sm-1140">
         <name>SPI_Read</name>
         <value>0x8669</value>
         <object_component_ref idref="oc-b2b"/>
      </symbol>
      <symbol id="sm-1141">
         <name>SPI_Init</name>
         <value>0x7da9</value>
         <object_component_ref idref="oc-846"/>
      </symbol>
      <symbol id="sm-115a">
         <name>itoa</name>
         <value>0x5f61</value>
         <object_component_ref idref="oc-6a9"/>
      </symbol>
      <symbol id="sm-119c">
         <name>disk_status</name>
         <value>0x9011</value>
         <object_component_ref idref="oc-9ba"/>
      </symbol>
      <symbol id="sm-119d">
         <name>disk_read</name>
         <value>0x8c51</value>
         <object_component_ref idref="oc-8ab"/>
      </symbol>
      <symbol id="sm-119e">
         <name>disk_initialize</name>
         <value>0x8ff9</value>
         <object_component_ref idref="oc-9c0"/>
      </symbol>
      <symbol id="sm-119f">
         <name>disk_ioctl</name>
         <value>0x8d29</value>
         <object_component_ref idref="oc-a26"/>
      </symbol>
      <symbol id="sm-11a0">
         <name>disk_write</name>
         <value>0x8c79</value>
         <object_component_ref idref="oc-8c7"/>
      </symbol>
      <symbol id="sm-13fb">
         <name>f_sync</name>
         <value>0x6291</value>
         <object_component_ref idref="oc-6f3"/>
      </symbol>
      <symbol id="sm-13fc">
         <name>f_write</name>
         <value>0x1401</value>
         <object_component_ref idref="oc-6e7"/>
      </symbol>
      <symbol id="sm-13fd">
         <name>f_open</name>
         <value>0x17a1</value>
         <object_component_ref idref="oc-6d5"/>
      </symbol>
      <symbol id="sm-13fe">
         <name>f_mount</name>
         <value>0x7fd9</value>
         <object_component_ref idref="oc-852"/>
      </symbol>
      <symbol id="sm-151e">
         <name>get_fattime</name>
         <value>0x9429</value>
         <object_component_ref idref="oc-875"/>
      </symbol>
      <symbol id="sm-151f">
         <name>MMC_disk_ioctl</name>
         <value>0x2039</value>
         <object_component_ref idref="oc-ad6"/>
      </symbol>
      <symbol id="sm-1520">
         <name>MMC_disk_read</name>
         <value>0x6329</value>
         <object_component_ref idref="oc-a0b"/>
      </symbol>
      <symbol id="sm-1521">
         <name>MMC_disk_status</name>
         <value>0x92e9</value>
         <object_component_ref idref="oc-a71"/>
      </symbol>
      <symbol id="sm-1522">
         <name>MMC_disk_write</name>
         <value>0x5841</value>
         <object_component_ref idref="oc-a1d"/>
      </symbol>
      <symbol id="sm-1523">
         <name>MMC_disk_initialize</name>
         <value>0x27e1</value>
         <object_component_ref idref="oc-a78"/>
      </symbol>
      <symbol id="sm-154d">
         <name>memcpy</name>
         <value>0x6151</value>
         <object_component_ref idref="oc-35"/>
      </symbol>
      <symbol id="sm-154e">
         <name>__aeabi_memcpy</name>
         <value>0x6151</value>
         <object_component_ref idref="oc-35"/>
      </symbol>
      <symbol id="sm-154f">
         <name>__aeabi_memcpy8</name>
         <value>0x6151</value>
         <object_component_ref idref="oc-35"/>
      </symbol>
      <symbol id="sm-1550">
         <name>__aeabi_memcpy4</name>
         <value>0x6151</value>
         <object_component_ref idref="oc-35"/>
      </symbol>
      <symbol id="sm-1561">
         <name>__aeabi_memset</name>
         <value>0x6e1f</value>
         <object_component_ref idref="oc-b4"/>
      </symbol>
      <symbol id="sm-1562">
         <name>memset</name>
         <value>0x6e25</value>
         <object_component_ref idref="oc-b4"/>
      </symbol>
      <symbol id="sm-1563">
         <name>__aeabi_memset8</name>
         <value>0x6e1f</value>
         <object_component_ref idref="oc-b4"/>
      </symbol>
      <symbol id="sm-1564">
         <name>__aeabi_memset4</name>
         <value>0x6e1f</value>
         <object_component_ref idref="oc-b4"/>
      </symbol>
      <symbol id="sm-1565">
         <name>__aeabi_memclr8</name>
         <value>0x6e1d</value>
         <object_component_ref idref="oc-b4"/>
      </symbol>
      <symbol id="sm-1566">
         <name>__aeabi_memclr4</name>
         <value>0x6e1d</value>
         <object_component_ref idref="oc-b4"/>
      </symbol>
      <symbol id="sm-1567">
         <name>__aeabi_memclr</name>
         <value>0x6e1d</value>
         <object_component_ref idref="oc-b4"/>
      </symbol>
      <symbol id="sm-1579">
         <name>__TI_zero_init</name>
         <value>0x9325</value>
         <object_component_ref idref="oc-47"/>
      </symbol>
      <symbol id="sm-1590">
         <name>__TI_decompress_none</name>
         <value>0x92c9</value>
         <object_component_ref idref="oc-1b"/>
      </symbol>
      <symbol id="sm-15b3">
         <name>__TI_decompress_lzss</name>
         <value>0x7461</value>
         <object_component_ref idref="oc-15"/>
      </symbol>
      <symbol id="sm-15c6">
         <name>__stack</name>
         <value>0x2000fce0</value>
         <object_component_ref idref="oc-27"/>
      </symbol>
      <symbol id="sm-15c7">
         <name>_c_int00_noargs</name>
         <value>0x85bd</value>
         <object_component_ref idref="oc-53"/>
      </symbol>
      <symbol id="sm-15d3">
         <name>C$$EXIT</name>
         <value>0xaf5</value>
         <object_component_ref idref="oc-171"/>
      </symbol>
      <symbol id="sm-15d4">
         <name>abort</name>
         <value>0xaf5</value>
         <object_component_ref idref="oc-171"/>
      </symbol>
      <symbol id="sm-1605">
         <name>__TI_auto_init_nobinit_nopinit</name>
         <value>0x81e9</value>
         <object_component_ref idref="oc-17d"/>
      </symbol>
      <symbol id="sm-160f">
         <name>_system_pre_init</name>
         <value>0x7dd</value>
         <object_component_ref idref="oc-ba"/>
      </symbol>
      <symbol id="sm-166d">
         <name>ADC14_getMultiSequenceResult</name>
         <value>0x6e99</value>
         <object_component_ref idref="oc-6b5"/>
      </symbol>
      <symbol id="sm-166e">
         <name>ADC14_getResult</name>
         <value>0x8e49</value>
         <object_component_ref idref="oc-56c"/>
      </symbol>
      <symbol id="sm-167d">
         <name>I2C_masterSendMultiByteStart</name>
         <value>0x738d</value>
         <object_component_ref idref="oc-a5b"/>
      </symbol>
      <symbol id="sm-168e">
         <name>RTC_C_getCalendarTime</name>
         <value>0x6d21</value>
         <object_component_ref idref="oc-8b4"/>
      </symbol>
      <symbol id="sm-16ae">
         <name>SPI_initMaster</name>
         <value>0x5ca5</value>
         <object_component_ref idref="oc-99b"/>
      </symbol>
      <symbol id="sm-16af">
         <name>__TI_static_base__</name>
         <value>0x0</value>
      </symbol>
      <symbol id="sm-16b2">
         <name>__mpu_init</name>
         <value>0x0</value>
      </symbol>
      <symbol id="sm-16b3">
         <name>_system_post_cinit</name>
         <value>0x0</value>
      </symbol>
      <symbol id="sm-16b4">
         <name>prvTraceGetQueueNumber</name>
         <value>0x9431</value>
      </symbol>
      <symbol id="sm-16b5">
         <name>prvTraceGetQueueType</name>
         <value>0x9411</value>
      </symbol>
      <symbol id="sm-16b6">
         <name>prvTraceGetCurrentTaskHandle</name>
         <value>0x93b1</value>
      </symbol>
      <symbol id="sm-16b7">
         <name>WDT_A_setTimeoutReset</name>
         <value>0x8d09</value>
      </symbol>
   </symbol_table>
   <title>Link errors: red sections failed placement,available memory ranges in purple</title>
</link_info>
