******************************************************************************
                  TI ARM Linker PC v18.1.1                     
******************************************************************************
>> Linked Tue Jun 11 14:36:02 2019

OUTPUT FILE NAME:   <Firmware_OBC.out>
ENTRY POINT SYMBOL: "_c_int00_noargs"  address: 00007bdd


MEMORY CONFIGURATION

         name            origin    length      used     unused   attr    fill
----------------------  --------  ---------  --------  --------  ----  --------
  MAIN                  00000000   00040000  00008c4a  000373b6  R  X
  INFO                  00200000   00004000  00000000  00004000  R  X
  SRAM_CODE             01000000   00010000  00000000  00010000  RW X
  SRAM_DATA             20000000   00010000  0000ef23  000010dd  RW  


SEGMENT ALLOCATION MAP

run origin  load origin   length   init length attrs members
----------  ----------- ---------- ----------- ----- -------
00000000    00000000    00008c50   00008c50    r-x
  00000000    00000000    00000144   00000144    r-- .intvecs
  00000148    00000148    000089c2   000089c2    r-x .text
  00008b0c    00008b0c    000000ac   000000ac    r-- .const
  00008bb8    00008bb8    00000098   00000098    r-- .cinit
20000000    20000000    0000ec03   00000000    rw-
  20000000    20000000    0000e890   00000000    rw- .bss
  2000e890    2000e890    00000373   00000000    rw- .data
2000fce0    2000fce0    00000320   00000000    rw-
  2000fce0    2000fce0    00000320   00000000    rw- .stack


SECTION ALLOCATION MAP

 output                                  attributes/
section   page    origin      length       input sections
--------  ----  ----------  ----------   ----------------
.intvecs   0    00000000    00000144     
                  00000000    00000144     msp432_startup_ccs.obj (.intvecs:retain)

.text      0    00000148    000089c2     
                  00000148    0000035e     trcKernelPort.obj (.text:pszTraceGetErrorNotEnoughHandles)
                  000004a6    00000002     --HOLE-- [fill = 0]
                  000004a8    00000334     queue.obj (.text:xQueueSemaphoreTake)
                  000007dc    00000004     rtsv7M4_T_le_v4SPD16_eabi.lib : pre_init.c.obj (.text:_system_pre_init)
                  000007e0    0000030c     queue.obj (.text:xQueueGenericSend)
                  00000aec    00000004     rtsv7M4_T_le_v4SPD16_eabi.lib : exit.c.obj (.text:abort:abort)
                  00000af0    00000304     ff.obj (.text:find_volume)
                  00000df4    00000004     --HOLE-- [fill = 0]
                  00000df8    000002ec     queue.obj (.text:xQueueReceive)
                  000010e4    00000004     --HOLE-- [fill = 0]
                  000010e8    000001d2     ff.obj (.text:f_write)
                  000012ba    00000006     --HOLE-- [fill = 0]
                  000012c0    000001c8     trcSnapshotRecorder.obj (.text:prvTraceStoreKernelCallWithParam)
                  00001488    000001c6     ff.obj (.text:f_open)
                  0000164e    00000002     --HOLE-- [fill = 0]
                  00001650    000001c0     IntQueue.obj (.text:xSecondTimerHandler)
                  00001810    000001b0     trcSnapshotRecorder.obj (.text:prvTraceInitTraceData)
                  000019c0    000001a0     trcSnapshotRecorder.obj (.text:prvTraceStoreKernelCall)
                  00001b60    0000019c     mmc_MSP432P401r.obj (.text:MMC_disk_ioctl)
                  00001cfc    00000004     --HOLE-- [fill = 0]
                  00001d00    00000198     tasks.obj (.text:xTaskIncrementTick)
                  00001e98    00000188     queue.obj (.text:xQueueGenericSendFromISR)
                  00002020    00000184     trcSnapshotRecorder.obj (.text:prvTraceGetDTS)
                  000021a4    00000160     msp432p4xx_driverlib.lib : adc14.o (.text:_getIndexForMemRegister)
                  00002304    00000004     --HOLE-- [fill = 0]
                  00002308    0000015c     mmc_MSP432P401r.obj (.text:MMC_disk_initialize)
                  00002464    00000004     --HOLE-- [fill = 0]
                  00002468    00000158     dataStorage.obj (.text:dataStorage)
                  000025c0    00000158     houseKeeping.obj (.text:houseKeeping)
                  00002718    0000014c     trcSnapshotRecorder.obj (.text:prvTraceGetObjectHandle)
                  00002864    00000004     --HOLE-- [fill = 0]
                  00002868    00000148     cs.obj (.text:CS_getDCOFrequency)
                  000029b0    00000148     trcSnapshotRecorder.obj (.text:prvCheckDataToBeOverwrittenForMultiEntryEvents)
                  00002af8    00000148     queue.obj (.text:xQueueReceiveFromISR)
                  00002c40    00000144     heap_4.obj (.text:pvPortMalloc)
                  00002d84    00000004     --HOLE-- [fill = 0]
                  00002d88    00000140     tasks.obj (.text:prvAddNewTaskToReadyList)
                  00002ec8    00000134     port.obj (.text:vPortSuppressTicksAndSleep)
                  00002ffc    00000004     --HOLE-- [fill = 0]
                  00003000    00000130     trcSnapshotRecorder.obj (.text:uiIndexOfObject)
                  00003130    00000130     IntQueue.obj (.text:xFirstTimerHandler)
                  00003260    0000012c     tasks.obj (.text:vTaskPriorityDisinheritAfterTimeout)
                  0000338c    00000004     --HOLE-- [fill = 0]
                  00003390    00000128     tasks.obj (.text:xTaskResumeAll)
                  000034b8    00000124     tasks.obj (.text:vTaskNotifyGiveFromISR)
                  000035dc    00000004     --HOLE-- [fill = 0]
                  000035e0    00000120     tasks.obj (.text:xTaskPriorityDisinherit)
                  00003700    0000011c     cs.obj (.text:CS_initClockSignal)
                  0000381c    00000004     --HOLE-- [fill = 0]
                  00003820    00000118     trcKernelPort.obj (.text:vTraceInitObjectPropertyTable)
                  00003938    00000114     cs.obj (.text:_CSComputeCLKFrequency)
                  00003a4c    00000004     --HOLE-- [fill = 0]
                  00003a50    00000110     trcSnapshotRecorder.obj (.text:prvTraceStoreKernelCallWithNumericParamOnly)
                  00003b60    00000110     tasks.obj (.text:xTaskPriorityInherit)
                  00003c70    0000010c     trcSnapshotRecorder.obj (.text:prvTraceSetObjectName)
                  00003d7c    00000004     --HOLE-- [fill = 0]
                  00003d80    0000010c     MPU9250.obj (.text:readI2C)
                  00003e8c    00000004     --HOLE-- [fill = 0]
                  00003e90    00000108     pcm.obj (.text:__PCM_setPowerModeAdvanced)
                  00003f98    00000104     ff.obj (.text:create_chain)
                  0000409c    00000004     --HOLE-- [fill = 0]
                  000040a0    00000103     ff.obj (.text:create_name)
                  000041a3    00000005     --HOLE-- [fill = 0]
                  000041a8    00000100     timers.obj (.text:prvProcessReceivedCommands)
                  000042a8    000000fa     ff.obj (.text:put_fat)
                  000043a2    00000006     --HOLE-- [fill = 0]
                  000043a8    000000f4     trcSnapshotRecorder.obj (.text:prvTraceStoreTaskReady)
                  0000449c    00000004     --HOLE-- [fill = 0]
                  000044a0    000000e8     trcSnapshotRecorder.obj (.text:uiTraceStart)
                  00004588    000000e6     ff.obj (.text:dir_next)
                  0000466e    00000002     --HOLE-- [fill = 0]
                  00004670    000000e4     trcSnapshotRecorder.obj (.text:prvTraceStoreTaskswitch)
                  00004754    00000004     --HOLE-- [fill = 0]
                  00004758    000000e0     houseKeeping.obj (.text:adcInit)
                  00004838    000000e0     taskManager.obj (.text:taskCreate)
                  00004918    000000dc     trcSnapshotRecorder.obj (.text:prvTraceGetPriorityProperty)
                  000049f4    00000004     --HOLE-- [fill = 0]
                  000049f8    000000dc     port.obj (.text:xPortStartScheduler)
                  00004ad4    000000da     portasm.obj (.text)
                  00004bae    00000002     --HOLE-- [fill = 0]
                  00004bb0    000000d8     trcSnapshotRecorder.obj (.text:prvTraceSetPriorityProperty)
                  00004c88    000000d4     tasks.obj (.text:vTaskSwitchContext)
                  00004d5c    00000004     --HOLE-- [fill = 0]
                  00004d60    000000d0     pcm.obj (.text:__PCM_setCoreVoltageLevelAdvanced)
                  00004e30    000000d0     trcSnapshotRecorder.obj (.text:prvTraceGetObjectState)
                  00004f00    000000cc     trcSnapshotRecorder.obj (.text:prvTraceSetObjectState)
                  00004fcc    00000004     --HOLE-- [fill = 0]
                  00004fd0    000000cc     trcKernelPort.obj (.text:vTraceInitObjectHandleStack)
                  0000509c    00000004     --HOLE-- [fill = 0]
                  000050a0    000000ca     ff.obj (.text:get_fat)
                  0000516a    00000006     --HOLE-- [fill = 0]
                  00005170    000000c0     tasks.obj (.text:xTaskRemoveFromEventList)
                  00005230    000000bc     mmc_MSP432P401r.obj (.text:MMC_disk_write)
                  000052ec    00000004     --HOLE-- [fill = 0]
                  000052f0    000000bc     queue.obj (.text:prvInitialiseNewQueue)
                  000053ac    00000004     --HOLE-- [fill = 0]
                  000053b0    000000bc     trcSnapshotRecorder.obj (.text:vTraceStoreMemMangEvent)
                  0000546c    00000004     --HOLE-- [fill = 0]
                  00005470    000000b4     serial.obj (.text:vUART_Handler)
                  00005524    00000004     --HOLE-- [fill = 0]
                  00005528    000000b4     MPU9250.obj (.text:writeI2C)
                  000055dc    000000b0     msp432p4xx_driverlib.lib : spi.o (.text:SPI_initMaster)
                  0000568c    00000004     --HOLE-- [fill = 0]
                  00005690    000000ae     tasks.obj (.text:prvInitialiseNewTask)
                  0000573e    00000002     --HOLE-- [fill = 0]
                  00005740    000000a8     msp432p4xx_driverlib.lib : adc14.o (.text:ADC14_configureMultiSequenceMode)
                  000057e8    000000a8     trcSnapshotRecorder.obj (.text:prvTraceInitCortexM)
                  00005890    000000a4     msp432p4xx_driverlib.lib : adc14.o (.text:ADC14_configureConversionMemory)
                  00005934    00000004     --HOLE-- [fill = 0]
                  00005938    000000a4     itoa.obj (.text:itoa)
                  000059dc    00000004     --HOLE-- [fill = 0]
                  000059e0    000000a4     trcSnapshotRecorder.obj (.text:vTraceEnable)
                  00005a84    00000004     --HOLE-- [fill = 0]
                  00005a88    000000a0     ff.obj (.text:dir_sdi)
                  00005b28    0000009c     rtsv7M4_T_le_v4SPD16_eabi.lib : memcpy_t2.asm.obj (.text)
                  00005bc4    00000004     --HOLE-- [fill = 0]
                  00005bc8    0000009c     tasks.obj (.text:vTaskDelay)
                  00005c64    00000004     --HOLE-- [fill = 0]
                  00005c68    00000098     ff.obj (.text:f_sync)
                  00005d00    00000094     mmc_MSP432P401r.obj (.text:MMC_disk_read)
                  00005d94    00000094     msp432p4xx_driverlib.lib : rtc_c.o (.text:RTC_C_initCalendar)
                  00005e28    00000094     timers.obj (.text:prvSwitchTimerLists)
                  00005ebc    00000004     --HOLE-- [fill = 0]
                  00005ec0    00000094     trcSnapshotRecorder.obj (.text:prvTraceGetParam)
                  00005f54    00000004     --HOLE-- [fill = 0]
                  00005f58    00000094     tasks.obj (.text:xTaskCheckForTimeOut)
                  00005fec    00000004     --HOLE-- [fill = 0]
                  00005ff0    00000090     queue.obj (.text:xQueueGenericReset)
                  00006080    0000008c     MPU9250.obj (.text:getMotion6)
                  0000610c    00000004     --HOLE-- [fill = 0]
                  00006110    0000008c     ff.obj (.text:sync_fs)
                  0000619c    00000004     --HOLE-- [fill = 0]
                  000061a0    0000008c     heap_4.obj (.text:vPortFree)
                  0000622c    00000004     --HOLE-- [fill = 0]
                  00006230    0000008a     ff.obj (.text:check_fs)
                  000062ba    00000006     --HOLE-- [fill = 0]
                  000062c0    00000088     tasks.obj (.text:prvAddCurrentTaskToDelayedList)
                  00006348    00000088     tasks.obj (.text:vTaskPlaceOnEventListRestricted)
                  000063d0    00000086     ff.obj (.text:follow_path)
                  00006456    00000002     --HOLE-- [fill = 0]
                  00006458    00000084     tasks.obj (.text:vTaskStartScheduler)
                  000064dc    00000004     --HOLE-- [fill = 0]
                  000064e0    00000080     ff.obj (.text:remove_chain)
                  00006560    0000007c     msp432p4xx_driverlib.lib : rtc_c.o (.text:RTC_C_getCalendarTime)
                  000065dc    00000004     --HOLE-- [fill = 0]
                  000065e0    0000007c     tasks.obj (.text:prvIdleTask)
                  0000665c    00000004     --HOLE-- [fill = 0]
                  00006660    0000007c     trcSnapshotRecorder.obj (.text:prvTraceSetTaskInstanceFinished)
                  000066dc    0000007a     rtsv7M4_T_le_v4SPD16_eabi.lib : memset_t2.asm.obj (.text)
                  00006756    00000002     --HOLE-- [fill = 0]
                  00006758    00000078     msp432p4xx_driverlib.lib : adc14.o (.text:ADC14_getMultiSequenceResult)
                  000067d0    00000074     queue.obj (.text:xQueueGenericCreate)
                  00006844    00000004     --HOLE-- [fill = 0]
                  00006848    00000074     timers.obj (.text:xTimerGenericCommand)
                  000068bc    00000004     --HOLE-- [fill = 0]
                  000068c0    00000070     queue.obj (.text:prvCopyDataToQueue)
                  00006930    00000070     heap_4.obj (.text:prvHeapInit)
                  000069a0    00000070     tasks.obj (.text:prvInitialiseTaskLists)
                  00006a10    00000070     timers.obj (.text:prvProcessTimerOrBlockTask)
                  00006a80    00000070     mmc_MSP432P401r.obj (.text:send_cmd)
                  00006af0    0000006c     queue.obj (.text:prvUnlockQueue)
                  00006b5c    00000068     msp432p4xx_driverlib.lib : i2c.o (.text:I2C_masterSendMultiByteStart)
                  00006bc4    00000004     --HOLE-- [fill = 0]
                  00006bc8    00000068     system_msp432p401r.obj (.text:SystemInit)
                  00006c30    00000068     rtsv7M4_T_le_v4SPD16_eabi.lib : copy_decompress_lzss.c.obj (.text:decompress:lzss:__TI_decompress_lzss)
                  00006c98    00000068     heap_4.obj (.text:prvInsertBlockIntoFreeList)
                  00006d00    00000068     port.obj (.text:vPortSetupTimerInterrupt)
                  00006d68    00000068     tasks.obj (.text:xTaskCreate)
                  00006dd0    00000066     ff.obj (.text:dir_clear)
                  00006e36    00000002     --HOLE-- [fill = 0]
                  00006e38    00000064     dataStorage.obj (.text:initSD)
                  00006e9c    00000004     --HOLE-- [fill = 0]
                  00006ea0    00000064     trcSnapshotRecorder.obj (.text:prvTraceNextFreeEventBufferSlot)
                  00006f04    00000004     --HOLE-- [fill = 0]
                  00006f08    00000064     port.obj (.text:vPortValidateInterruptPriority)
                  00006f6c    00000004     --HOLE-- [fill = 0]
                  00006f70    00000060     timers.obj (.text:prvProcessExpiredTimer)
                  00006fd0    00000060     MPU9250.obj (.text:writeBits)
                  00007030    00000060     mmc_MSP432P401r.obj (.text:xmit_datablock)
                  00007090    00000058     timers.obj (.text:xTimerCreateTimerTask)
                  000070e8    00000056     ff.obj (.text:dir_find)
                  0000713e    00000002     --HOLE-- [fill = 0]
                  00007140    00000054     msp432p4xx_driverlib.lib : adc14.o (.text:ADC14_initModule)
                  00007194    00000004     --HOLE-- [fill = 0]
                  00007198    00000054     gpio.obj (.text:GPIO_setAsPeripheralModuleFunctionInputPin)
                  000071ec    00000004     --HOLE-- [fill = 0]
                  000071f0    00000054     gpio.obj (.text:GPIO_setAsPeripheralModuleFunctionOutputPin)
                  00007244    00000004     --HOLE-- [fill = 0]
                  00007248    00000054     sysctl.obj (.text:SysCtl_getTLVInfo)
                  0000729c    00000004     --HOLE-- [fill = 0]
                  000072a0    00000054     tasks.obj (.text:prvCheckTasksWaitingTermination)
                  000072f4    00000004     --HOLE-- [fill = 0]
                  000072f8    00000054     timers.obj (.text:prvInsertTimerInActiveList)
                  0000734c    00000004     --HOLE-- [fill = 0]
                  00007350    00000054     trcSnapshotRecorder.obj (.text:prvTracePortGetTimeStamp)
                  000073a4    00000004     --HOLE-- [fill = 0]
                  000073a8    00000052     cs.obj (.text:_CSGetDividerValue)
                  000073fa    00000006     --HOLE-- [fill = 0]
                  00007400    00000050     pcm.obj (.text:PCM_getCoreVoltageLevel)
                  00007450    00000050     SPI_Driver.obj (.text:SPI_Init)
                  000074a0    00000050     cs.obj (.text:_CSGetDOCFrequency)
                  000074f0    00000050     ff.obj (.text:dbc_2nd)
                  00007540    00000050     tasks.obj (.text:prvGetExpectedIdleTime)
                  00007590    00000050     MPU9250.obj (.text:writeBit)
                  000075e0    0000004e     ff.obj (.text:dir_alloc)
                  0000762e    00000002     --HOLE-- [fill = 0]
                  00007630    0000004c     ff.obj (.text:f_mount)
                  0000767c    00000004     --HOLE-- [fill = 0]
                  00007680    0000004c     timers.obj (.text:prvCheckForValidListAndQueue)
                  000076cc    00000004     --HOLE-- [fill = 0]
                  000076d0    0000004c     mmc_MSP432P401r.obj (.text:rcvr_datablock)
                  0000771c    00000004     --HOLE-- [fill = 0]
                  00007720    0000004a     main.obj (.text:prvConfigureClocks)
                  0000776a    00000006     --HOLE-- [fill = 0]
                  00007770    00000048     ff.obj (.text:get_ldnumber)
                  000077b8    00000048     ff.obj (.text:sync_window)
                  00007800    00000048     queue.obj (.text:vQueueWaitForMessageRestricted)
                  00007848    00000044     rtsv7M4_T_le_v4SPD16_eabi.lib : autoinit.c.obj (.text:__TI_auto_init_nobinit_nopinit:__TI_auto_init_nobinit_nopinit)
                  0000788c    00000004     --HOLE-- [fill = 0]
                  00007890    00000044     dataStorage.obj (.text:getLocalTime)
                  000078d4    00000004     --HOLE-- [fill = 0]
                  000078d8    00000044     houseKeeping.obj (.text:getTemperature)
                  0000791c    00000004     --HOLE-- [fill = 0]
                  00007920    00000040     MPU9250.obj (.text:initI2C)
                  00007960    00000040     msp432p4xx_driverlib.lib : spi.o (.text:is_A_Module)
                  000079a0    0000003e     mmc_MSP432P401r.obj (.text:send_cmd12)
                  000079de    00000002     --HOLE-- [fill = 0]
                  000079e0    0000003c     tasks.obj (.text:eTaskConfirmSleepModeStatus)
                  00007a1c    00000004     --HOLE-- [fill = 0]
                  00007a20    0000003c     trcSnapshotRecorder.obj (.text:prvTraceError)
                  00007a5c    00000004     --HOLE-- [fill = 0]
                  00007a60    0000003c     trcSnapshotRecorder.obj (.text:prvTraceUpdateCounters)
                  00007a9c    00000004     --HOLE-- [fill = 0]
                  00007aa0    0000003c     mmc_MSP432P401r.obj (.text:send_initial_clock_train)
                  00007adc    00000004     --HOLE-- [fill = 0]
                  00007ae0    0000003c     port.obj (.text:vPortEnterCritical)
                  00007b1c    00000004     --HOLE-- [fill = 0]
                  00007b20    0000003a     pcm.obj (.text:PCM_getPowerMode)
                  00007b5a    00000006     --HOLE-- [fill = 0]
                  00007b60    0000003a     ff.obj (.text:dir_register)
                  00007b9a    00000006     --HOLE-- [fill = 0]
                  00007ba0    0000003a     ff.obj (.text:validate)
                  00007bda    00000002     --HOLE-- [fill = 0]
                  00007bdc    00000038     rtsv7M4_T_le_v4SPD16_eabi.lib : boot_cortex_m.c.obj (.text:_c_int00_noargs:_c_int00_noargs)
                  00007c14    00000004     --HOLE-- [fill = 0]
                  00007c18    00000038     port.obj (.text:prvTaskExitError)
                  00007c50    00000038     tasks.obj (.text:vTaskPlaceOnEventList)
                  00007c88    00000034     msp432p4xx_driverlib.lib : adc14.o (.text:ADC14_enableSampleTimer)
                  00007cbc    00000004     --HOLE-- [fill = 0]
                  00007cc0    00000034     SPI_Driver.obj (.text:SPI_Read)
                  00007cf4    00000004     --HOLE-- [fill = 0]
                  00007cf8    00000034     SPI_Driver.obj (.text:SPI_Write)
                  00007d2c    00000004     --HOLE-- [fill = 0]
                  00007d30    00000034     main.obj (.text:calendarConfiguration)
                  00007d64    00000004     --HOLE-- [fill = 0]
                  00007d68    00000034     ff.obj (.text:dbc_1st)
                  00007d9c    00000004     --HOLE-- [fill = 0]
                  00007da0    00000034     ff.obj (.text:move_window)
                  00007dd4    00000004     --HOLE-- [fill = 0]
                  00007dd8    00000034     list.obj (.text:vListInsert)
                  00007e0c    00000004     --HOLE-- [fill = 0]
                  00007e10    00000034     IntQueueTimer.obj (.text:vT32_0_Handler)
                  00007e44    00000004     --HOLE-- [fill = 0]
                  00007e48    00000034     IntQueueTimer.obj (.text:vT32_1_Handler)
                  00007e7c    00000004     --HOLE-- [fill = 0]
                  00007e80    00000034     tasks.obj (.text:vTaskStepTick)
                  00007eb4    00000030     msp432p4xx_driverlib.lib : adc14.o (.text:ADC14_setSampleHoldTime)
                  00007ee4    00000004     --HOLE-- [fill = 0]
                  00007ee8    00000030     flash.obj (.text:FlashCtl_setWaitState)
                  00007f18    00000030     main.obj (.text:main)
                  00007f48    00000030     tasks.obj (.text:prvResetNextTaskUnblockTime)
                  00007f78    00000030     port.obj (.text:vPortExitCritical)
                  00007fa8    0000002c     msp432p4xx_driverlib.lib : adc14.o (.text:ADC14_toggleConversionTrigger)
                  00007fd4    00000004     --HOLE-- [fill = 0]
                  00007fd8    0000002c     cs.obj (.text:CS_setDCOCenteredFrequency)
                  00008004    0000002c     msp432p4xx_driverlib.lib : rtc_c.o (.text:RTC_C_startClock)
                  00008030    0000002c     timers.obj (.text:prvSampleTimeNow)
                  0000805c    00000004     --HOLE-- [fill = 0]
                  00008060    0000002c     port.obj (.text:pxPortInitialiseStack)
                  0000808c    00000004     --HOLE-- [fill = 0]
                  00008090    0000002c     mmc_MSP432P401r.obj (.text:rcvr_spi)
                  000080bc    00000004     --HOLE-- [fill = 0]
                  000080c0    0000002c     port.obj (.text:xPortSysTickHandler)
                  000080ec    00000004     --HOLE-- [fill = 0]
                  000080f0    0000002c     queue.obj (.text:xQueueIsQueueFullFromISR)
                  0000811c    00000028     msp432p4xx_driverlib.lib : adc14.o (.text:ADC14_enableConversion)
                  00008144    00000004     --HOLE-- [fill = 0]
                  00008148    00000028     GPIO_Driver.obj (.text:GPIO_Init)
                  00008170    00000028     queue.obj (.text:prvCopyDataFromQueue)
                  00008198    00000028     mmc_MSP432P401r.obj (.text:xmit_spi)
                  000081c0    00000026     ff.obj (.text:ld_clust)
                  000081e6    00000002     --HOLE-- [fill = 0]
                  000081e8    00000026     list.obj (.text:uxListRemove)
                  0000820e    00000002     --HOLE-- [fill = 0]
                  00008210    00000024     cs.obj (.text:CS_clearInterruptFlag)
                  00008234    00000004     --HOLE-- [fill = 0]
                  00008238    00000024     aodcsTask.obj (.text:aodcsTask)
                  0000825c    00000004     --HOLE-- [fill = 0]
                  00008260    00000024     cameraTask.obj (.text:cameraTask)
                  00008284    00000004     --HOLE-- [fill = 0]
                  00008288    00000024     pptTask.obj (.text:pptTask)
                  000082ac    00000004     --HOLE-- [fill = 0]
                  000082b0    00000024     timers.obj (.text:prvGetNextExpireTime)
                  000082d4    00000004     --HOLE-- [fill = 0]
                  000082d8    00000024     taskManager.obj (.text:queueCreate)
                  000082fc    00000004     --HOLE-- [fill = 0]
                  00008300    00000024     ttcTask.obj (.text:ttcTask)
                  00008324    00000004     --HOLE-- [fill = 0]
                  00008328    00000024     trcSnapshotRecorder.obj (.text:vTraceStop)
                  0000834c    00000004     --HOLE-- [fill = 0]
                  00008350    00000024     mmc_MSP432P401r.obj (.text:wait_ready)
                  00008374    00000004     --HOLE-- [fill = 0]
                  00008378    00000022     CS_Driver.obj (.text:CS_Init)
                  0000839a    00000006     --HOLE-- [fill = 0]
                  000083a0    00000022     diskio.obj (.text:disk_read)
                  000083c2    00000006     --HOLE-- [fill = 0]
                  000083c8    00000022     diskio.obj (.text:disk_write)
                  000083ea    00000006     --HOLE-- [fill = 0]
                  000083f0    00000022     ff.obj (.text:st_clust)
                  00008412    00000006     --HOLE-- [fill = 0]
                  00008418    00000020     MPU9250.obj (.text:MPU9250_initialize)
                  00008438    00000020     msp432p4xx_driverlib.lib : ref_a.o (.text:REF_A_setReferenceVoltage)
                  00008458    00000020     diskio.obj (.text:disk_ioctl)
                  00008478    00000020     houseKeeping.obj (.text:isLowBattery)
                  00008498    00000020     trcSnapshotRecorder.obj (.text:prvMarkObjectAsUsed)
                  000084b8    00000020     IntQueue.obj (.text:prvRecordValue_NormallyEmpty)
                  000084d8    00000020     IntQueue.obj (.text:prvRecordValue_NormallyFull)
                  000084f8    00000020     trcSnapshotRecorder.obj (.text:prvStrncpy)
                  00008518    00000020     tasks.obj (.text:xTaskGetSchedulerState)
                  00008538    0000001e     queue.obj (.text:prvIsQueueFull)
                  00008556    00000002     --HOLE-- [fill = 0]
                  00008558    0000001e     list.obj (.text:vListInitialise)
                  00008576    00000002     --HOLE-- [fill = 0]
                  00008578    0000001c     msp432p4xx_driverlib.lib : adc14.o (.text:ADC14_getResult)
                  00008594    00000004     --HOLE-- [fill = 0]
                  00008598    0000001c     ff.obj (.text:mem_cmp)
                  000085b4    00000004     --HOLE-- [fill = 0]
                  000085b8    0000001a     ff.obj (.text:clst2sect)
                  000085d2    00000006     --HOLE-- [fill = 0]
                  000085d8    0000001a     queue.obj (.text:prvGetDisinheritPriorityAfterTimeout)
                  000085f2    00000006     --HOLE-- [fill = 0]
                  000085f8    0000001a     queue.obj (.text:prvIsQueueEmpty)
                  00008612    00000006     --HOLE-- [fill = 0]
                  00008618    0000001a     timers.obj (.text:prvTimerTask)
                  00008632    00000006     --HOLE-- [fill = 0]
                  00008638    0000001a     trcKernelPort.obj (.text:prvTraceSetQueueNumberHigh16)
                  00008652    00000006     --HOLE-- [fill = 0]
                  00008658    0000001a     trcKernelPort.obj (.text:prvTraceSetQueueNumberLow16)
                  00008672    00000006     --HOLE-- [fill = 0]
                  00008678    0000001a     trcKernelPort.obj (.text:prvTraceSetTaskNumberHigh16)
                  00008692    00000006     --HOLE-- [fill = 0]
                  00008698    0000001a     trcKernelPort.obj (.text:prvTraceSetTaskNumberLow16)
                  000086b2    00000006     --HOLE-- [fill = 0]
                  000086b8    00000018     cs.obj (.text:CS_getMCLK)
                  000086d0    00000018     ff.obj (.text:chk_chr)
                  000086e8    00000018     diskio.obj (.text:disk_initialize)
                  00008700    00000018     diskio.obj (.text:disk_status)
                  00008718    00000018     tasks.obj (.text:pvTaskIncrementMutexHeldCount)
                  00008730    00000018     msp432_startup_ccs.obj (.text:resetISR)
                  00008748    00000018     ff.obj (.text:st_dword)
                  00008760    00000018     list.obj (.text:vListInsertEnd)
                  00008778    00000018     tasks.obj (.text:vTaskInternalSetTimeOutState)
                  00008790    00000016     ff.obj (.text:ld_dword)
                  000087a6    00000002     --HOLE-- [fill = 0]
                  000087a8    00000016     ff.obj (.text:mem_cpy)
                  000087be    00000002     --HOLE-- [fill = 0]
                  000087c0    00000016     queue.obj (.text:xQueueCreateMutex)
                  000087d6    00000002     --HOLE-- [fill = 0]
                  000087d8    00000014     mmc_MSP432P401r.obj (.text:power_on)
                  000087ec    00000004     --HOLE-- [fill = 0]
                  000087f0    00000014     queue.obj (.text:prvInitialiseMutex)
                  00008804    00000004     --HOLE-- [fill = 0]
                  00008808    00000014     IntQueue.obj (.text:prvQueueAccessLogError)
                  0000881c    00000004     --HOLE-- [fill = 0]
                  00008820    00000014     main.obj (.text:prvSetupHardware)
                  00008834    00000004     --HOLE-- [fill = 0]
                  00008838    00000012     ff.obj (.text:mem_set)
                  0000884a    00000006     --HOLE-- [fill = 0]
                  00008850    00000012     tasks.obj (.text:prvDeleteTCB)
                  00008862    00000006     --HOLE-- [fill = 0]
                  00008868    00000012     main.obj (.text:vApplicationMallocFailedHook)
                  0000887a    00000006     --HOLE-- [fill = 0]
                  00008880    00000012     main.obj (.text:vApplicationStackOverflowHook)
                  00008892    00000002     --HOLE-- [fill = 0]
                  00008894    00000010     msp432p4xx_driverlib.lib : adc14.o (.text:ADCIsConversionRunning)
                  000088a4    00000004     --HOLE-- [fill = 0]
                  000088a8    00000010     fpu.obj (.text:FPU_enableModule)
                  000088b8    00000010     GPIO_Driver.obj (.text:GPIO_High)
                  000088c8    00000010     GPIO_Driver.obj (.text:GPIO_Low)
                  000088d8    00000010     interrupt.obj (.text:Interrupt_enableMaster)
                  000088e8    00000010     MPU9250.obj (.text:MPU9250_getMotion9)
                  000088f8    00000010     tasks.obj (.text:vTaskSuspendAll)
                  00008908    0000000e     rtsv7M4_T_le_v4SPD16_eabi.lib : copy_decompress_none.c.obj (.text:decompress:none:__TI_decompress_none)
                  00008916    00000002     --HOLE-- [fill = 0]
                  00008918    0000000e     ff.obj (.text:st_word)
                  00008926    00000002     --HOLE-- [fill = 0]
                  00008928    0000000c     msp432p4xx_driverlib.lib : adc14.o (.text:ADC14_enableModule)
                  00008934    00000004     --HOLE-- [fill = 0]
                  00008938    0000000c     cpu.obj (.text:CPU_cpsie)
                  00008944    00000004     --HOLE-- [fill = 0]
                  00008948    0000000c     mmc_MSP432P401r.obj (.text:MMC_disk_status)
                  00008954    00000004     --HOLE-- [fill = 0]
                  00008958    0000000c     MPU9250.obj (.text:MPU9250_setClockSource)
                  00008964    00000004     --HOLE-- [fill = 0]
                  00008968    0000000c     pcm.obj (.text:PCM_getPowerState)
                  00008974    0000000c     msp432p4xx_driverlib.lib : ref_a.o (.text:REF_A_enableReferenceVoltage)
                  00008980    0000000c                              : ref_a.o (.text:REF_A_enableTempSensor)
                  0000898c    00000004     --HOLE-- [fill = 0]
                  00008990    0000000c     sysctl.obj (.text:SysCtl_getTempCalibrationConstant)
                  0000899c    00000004     --HOLE-- [fill = 0]
                  000089a0    0000000c     mmc_MSP432P401r.obj (.text:chk_power)
                  000089ac    0000000c     rtsv7M4_T_le_v4SPD16_eabi.lib : copy_zero_init.c.obj (.text:decompress:ZI:__TI_zero_init)
                  000089b8    0000000c     ff.obj (.text:ld_word)
                  000089c4    00000004     --HOLE-- [fill = 0]
                  000089c8    0000000c     mmc_MSP432P401r.obj (.text:power_off)
                  000089d4    00000004     --HOLE-- [fill = 0]
                  000089d8    0000000c     trcKernelPort.obj (.text:prvTraceGetQueueNumberHigh16)
                  000089e4    00000004     --HOLE-- [fill = 0]
                  000089e8    0000000c     trcKernelPort.obj (.text:prvTraceGetTaskNumberHigh16)
                  000089f4    00000004     --HOLE-- [fill = 0]
                  000089f8    0000000c     mmc_MSP432P401r.obj (.text:rcvr_spi_m)
                  00008a04    00000004     --HOLE-- [fill = 0]
                  00008a08    0000000c     MPU9250.obj (.text:setFullScaleAccelRange)
                  00008a14    00000004     --HOLE-- [fill = 0]
                  00008a18    0000000c     MPU9250.obj (.text:setFullScaleGyroRange)
                  00008a24    00000004     --HOLE-- [fill = 0]
                  00008a28    0000000c     tasks.obj (.text:vTaskMissedYield)
                  00008a34    00000004     --HOLE-- [fill = 0]
                  00008a38    0000000c     tasks.obj (.text:xTaskGetCurrentTaskHandle)
                  00008a44    00000004     --HOLE-- [fill = 0]
                  00008a48    0000000c     tasks.obj (.text:xTaskGetTickCount)
                  00008a54    00000004     --HOLE-- [fill = 0]
                  00008a58    0000000a     trcKernelPort.obj (.text:prvTraceGetQueueNumberLow16)
                  00008a62    00000006     --HOLE-- [fill = 0]
                  00008a68    0000000a     trcKernelPort.obj (.text:prvTraceGetTaskNumberLow16)
                  00008a72    00000006     --HOLE-- [fill = 0]
                  00008a78    0000000a     MPU9250.obj (.text:setSleepEnabled)
                  00008a82    00000006     --HOLE-- [fill = 0]
                  00008a88    0000000a     tasks.obj (.text:uxTaskGetTaskNumber)
                  00008a92    00000006     --HOLE-- [fill = 0]
                  00008a98    00000008     pcm.obj (.text:PCM_setCoreVoltageLevel)
                  00008aa0    00000008     pcm.obj (.text:PCM_setPowerMode)
                  00008aa8    00000006     queue.obj (.text:ucQueueGetQueueType)
                  00008aae    00000002     --HOLE-- [fill = 0]
                  00008ab0    00000006     list.obj (.text:vListInitialiseItem)
                  00008ab6    00000002     --HOLE-- [fill = 0]
                  00008ab8    00000006     tasks.obj (.text:vTaskSetTaskNumber)
                  00008abe    00000002     --HOLE-- [fill = 0]
                  00008ac0    00000004     mmc_MSP432P401r.obj (.text:get_fattime)
                  00008ac4    00000004     --HOLE-- [fill = 0]
                  00008ac8    00000004     queue.obj (.text:uxQueueGetQueueNumber)
                  00008acc    00000004     --HOLE-- [fill = 0]
                  00008ad0    00000004     queue.obj (.text:vQueueSetQueueNumber)
                  00008ad4    00000004     --HOLE-- [fill = 0]
                  00008ad8    00000004     trcSnapshotRecorder.obj (.text:vTraceStart)
                  00008adc    00000004     --HOLE-- [fill = 0]
                  00008ae0    00000002     msp432_startup_ccs.obj (.text:defaultISR)
                  00008ae2    00000006     --HOLE-- [fill = 0]
                  00008ae8    00000002     msp432_startup_ccs.obj (.text:faultISR)
                  00008aea    00000006     --HOLE-- [fill = 0]
                  00008af0    00000002     msp432_startup_ccs.obj (.text:nmiISR)
                  00008af2    00000006     --HOLE-- [fill = 0]
                  00008af8    00000002     main.obj (.text:vApplicationIdleHook)
                  00008afa    00000006     --HOLE-- [fill = 0]
                  00008b00    00000002     main_blinky.obj (.text:vApplicationTickHook)
                  00008b02    00000006     --HOLE-- [fill = 0]
                  00008b08    00000002     main_blinky.obj (.text:vPreSleepProcessing)

.const     0    00008b0c    000000ac     
                  00008b0c    00000080     msp432p4xx_driverlib.lib : adc14.o (.const:_ctlRegs)
                  00008b8c    00000014     MPU9250.obj (.const:i2cConfig)
                  00008ba0    0000000a     ff.obj (.const:.string:DbcTbl)
                  00008baa    00000002     --HOLE-- [fill = 0]
                  00008bac    00000008     port.obj (.const)
                  00008bb4    00000004     serial.obj (.const)

.cinit     0    00008bb8    00000098     
                  00008bb8    0000006e     (.cinit..data.load) [load image, compression = lzss]
                  00008c26    00000002     --HOLE-- [fill = 0]
                  00008c28    0000000c     (__TI_handler_table)
                  00008c34    00000004     --HOLE-- [fill = 0]
                  00008c38    00000008     (.cinit..bss.load) [load image, compression = zero_init]
                  00008c40    00000010     (__TI_cinit_table)

.bss       0    20000000    0000e890     UNINITIALIZED
                  20000000    0000c800     heap_4.obj (.bss:ucHeap)
                  2000c800    00001918     (.common:RecorderData)
                  2000e118    00000230     (.common:sdDriver)
                  2000e348    00000228     (.common:file)
                  2000e570    00000162     (.common:obcData)
                  2000e6d2    00000002     ff.obj (.bss)
                  2000e6d4    00000064     tasks.obj (.bss:pxReadyTasksLists)
                  2000e738    0000003f     (.common:imuData)
                  2000e777    00000001     (.common:fResult)
                  2000e778    0000001c     main.obj (.bss:calendarConfig)
                  2000e794    00000014     timers.obj (.bss:xActiveTimerList1)
                  2000e7a8    00000014     timers.obj (.bss:xActiveTimerList2)
                  2000e7bc    00000014     tasks.obj (.bss:xDelayedTaskList1)
                  2000e7d0    00000014     tasks.obj (.bss:xDelayedTaskList2)
                  2000e7e4    00000014     tasks.obj (.bss:xPendingReadyList)
                  2000e7f8    00000014     tasks.obj (.bss:xSuspendedTaskList)
                  2000e80c    00000014     tasks.obj (.bss:xTasksWaitingTermination)
                  2000e820    00000010     houseKeeping.obj (.bss:resultsBuffer)
                  2000e830    00000010     (.common:bufferIMU)
                  2000e840    00000009     mmc_MSP432P401r.obj (.bss)
                  2000e849    00000001     --HOLE--
                  2000e84a    00000002     (.common:cal30)
                  2000e84c    00000008     IntQueue.obj (.bss)
                  2000e854    00000008     cs.obj (.bss)
                  2000e85c    00000008     tasks.obj (.bss)
                  2000e864    00000008     timers.obj (.bss)
                  2000e86c    00000008     heap_4.obj (.bss:xStart)
                  2000e874    00000006     (.common:localTime)
                  2000e87a    00000002     (.common:cal85)
                  2000e87c    00000004     ff.obj (.bss:FatFs)
                  2000e880    00000004     (.common:bw)
                  2000e884    00000004     (.common:calDifference)
                  2000e888    00000004     (.common:flag_lowBattery)
                  2000e88c    00000004     (.common:init_hwtc_count)

.data      0    2000e890    00000373     UNINITIALIZED
                  2000e890    000000c8     IntQueue.obj (.data:ucNormallyEmptyReceivedValues)
                  2000e958    000000c8     IntQueue.obj (.data:ucNormallyFullReceivedValues)
                  2000ea20    0000008e     trcSnapshotRecorder.obj (.data:objectHandleStacks)
                  2000eaae    00000002     MPU9250.obj (.data)
                  2000eab0    00000044     trcSnapshotRecorder.obj (.data)
                  2000eaf4    0000003c     IntQueue.obj (.data)
                  2000eb30    00000034     tasks.obj (.data)
                  2000eb64    00000030     gpio.obj (.data:GPIO_PORT_TO_BASE)
                  2000eb94    0000001c     dataStorage.obj (.data:SPI0MasterConfig)
                  2000ebb0    00000018     port.obj (.data)
                  2000ebc8    00000010     heap_4.obj (.data)
                  2000ebd8    00000010     serial.obj (.data)
                  2000ebe8    0000000c     timers.obj (.data)
                  2000ebf4    00000008     taskManager.obj (.data)
                  2000ebfc    00000005     trcKernelPort.obj (.data:TraceQueueClassTable)
                  2000ec01    00000002     mmc_MSP432P401r.obj (.data)

.stack     0    2000fce0    00000320     UNINITIALIZED
                  2000fce0    00000004     rtsv7M4_T_le_v4SPD16_eabi.lib : boot_cortex_m.c.obj (.stack)
                  2000fce4    0000031c     --HOLE--

MODULE SUMMARY

       Module                       code    ro data   rw data
       ------                       ----    -------   -------
    .\
       main.obj                     232     0         386    
    +--+----------------------------+-------+---------+---------+
       Total:                       232     0         386    
                                                             
    .\FreeRTOS_Source\
       tasks.obj                    4348    0         260    
       queue.obj                    4030    0         0      
       timers.obj                   1082    0         60     
       list.obj                     150     0         0      
    +--+----------------------------+-------+---------+---------+
       Total:                       9610    0         320    
                                                             
    .\FreeRTOS_Source\portable\CCS\ARM_CM4F\
       port.obj                     984     8         24     
       portasm.obj                  218     0         0      
    +--+----------------------------+-------+---------+---------+
       Total:                       1202    8         24     
                                                             
    .\FreeRTOS_Source\portable\MemMang\
       heap_4.obj                   680     0         51224  
    +--+----------------------------+-------+---------+---------+
       Total:                       680     0         51224  
                                                             
    .\Full_Demo\
       serial.obj                   180     4         16     
       IntQueueTimer.obj            104     0         0      
    +--+----------------------------+-------+---------+---------+
       Total:                       284     4         16     
                                                             
    .\Full_Demo\Standard_Demo_Tasks\
       IntQueue.obj                 836     0         468    
    +--+----------------------------+-------+---------+---------+
       Total:                       836     0         468    
                                                             
    .\SimplyBlinkyDemo\
       main_blinky.obj              4       0         0      
    +--+----------------------------+-------+---------+---------+
       Total:                       4       0         0      
                                                             
    .\Tracealyzer\
       trcSnapshotRecorder.obj      5948    0         6638   
       trcKernelPort.obj            1494    0         5      
    +--+----------------------------+-------+---------+---------+
       Total:                       7442    0         6643   
                                                             
    .\driverlib\
       cs.obj                       1154    0         8      
       pcm.obj                      638     0         0      
       gpio.obj                     168     0         48     
       sysctl.obj                   96      0         0      
       flash.obj                    48      0         0      
       fpu.obj                      16      0         0      
       interrupt.obj                16      0         0      
       cpu.obj                      12      0         0      
    +--+----------------------------+-------+---------+---------+
       Total:                       2148    0         56     
                                                             
    .\interface\
       MPU9250.obj                  922     20        18     
    +--+----------------------------+-------+---------+---------+
       Total:                       922     20        18     
                                                             
    .\src\
       dataStorage.obj              512     0         1214   
       houseKeeping.obj             668     0         24     
       taskManager.obj              260     0         8      
       aodcsTask.obj                36      0         0      
       cameraTask.obj               36      0         0      
       pptTask.obj                  36      0         0      
       ttcTask.obj                  36      0         0      
    +--+----------------------------+-------+---------+---------+
       Total:                       1584    0         1246   
                                                             
    .\system\CCS\
       msp432_startup_ccs.obj       30      324       0      
       system_msp432p401r.obj       104     0         0      
    +--+----------------------------+-------+---------+---------+
       Total:                       134     324       0      
                                                             
    .\util\
       itoa.obj                     164     0         0      
    +--+----------------------------+-------+---------+---------+
       Total:                       164     0         0      
                                                             
    .\util\Hardware\
       SPI_Driver.obj               184     0         0      
       GPIO_Driver.obj              72      0         0      
       CS_Driver.obj                34      0         0      
    +--+----------------------------+-------+---------+---------+
       Total:                       290     0         0      
                                                             
    .\util\fatfs\
       ff.obj                       4793    10        6      
       mmc_MSP432P401r.obj          1694    0         11     
       diskio.obj                   148     0         0      
    +--+----------------------------+-------+---------+---------+
       Total:                       6635    10        17     
                                                             
    C:/ti/simplelink_msp432p4_sdk_2_40_00_10/source/ti/devices/msp432p4xx/driverlib/ccs/msp432p4xx_driverlib.lib
       adc14.o                      1128    128       0      
       rtc_c.o                      316     0         0      
       spi.o                        240     0         0      
       i2c.o                        104     0         0      
       ref_a.o                      56      0         0      
    +--+----------------------------+-------+---------+---------+
       Total:                       1844    128       0      
                                                             
    C:\ti\ccsv8\tools\compiler\ti-cgt-arm_18.1.1.LTS\lib\rtsv7M4_T_le_v4SPD16_eabi.lib
       memcpy_t2.asm.obj            156     0         0      
       memset_t2.asm.obj            122     0         0      
       copy_decompress_lzss.c.obj   104     0         0      
       autoinit.c.obj               68      0         0      
       boot_cortex_m.c.obj          56      0         0      
       copy_decompress_none.c.obj   14      0         0      
       copy_zero_init.c.obj         12      0         0      
       exit.c.obj                   4       0         0      
       pre_init.c.obj               4       0         0      
    +--+----------------------------+-------+---------+---------+
       Total:                       540     0         0      
                                                             
       Stack:                       0       0         800    
       Linker Generated:            0       146       0      
    +--+----------------------------+-------+---------+---------+
       Grand Total:                 34551   640       61218  


LINKER GENERATED COPY TABLES

__TI_cinit_table @ 00008c40 records: 2, size/record: 8, table size: 16
	.data: load addr=00008bb8, load size=0000006e bytes, run addr=2000e890, run size=00000373 bytes, compression=lzss
	.bss: load addr=00008c38, load size=00000008 bytes, run addr=20000000, run size=0000e890 bytes, compression=zero_init


LINKER GENERATED HANDLER TABLE

__TI_handler_table @ 00008c28 records: 3, size/record: 4, table size: 12
	index: 0, handler: __TI_decompress_lzss
	index: 1, handler: __TI_decompress_none
	index: 2, handler: __TI_zero_init


GLOBAL SYMBOLS: SORTED ALPHABETICALLY BY Name 

address   name                                       
-------   ----                                       
00005891  ADC14_configureConversionMemory            
00005741  ADC14_configureMultiSequenceMode           
0000811d  ADC14_enableConversion                     
00008929  ADC14_enableModule                         
00007c89  ADC14_enableSampleTimer                    
00006759  ADC14_getMultiSequenceResult               
00008579  ADC14_getResult                            
00007141  ADC14_initModule                           
00007eb5  ADC14_setSampleHoldTime                    
00007fa9  ADC14_toggleConversionTrigger              
00000aed  C$$EXIT                                    
00008939  CPU_cpsie                                  
00008379  CS_Init                                    
00008211  CS_clearInterruptFlag                      
00002869  CS_getDCOFrequency                         
000086b9  CS_getMCLK                                 
00003701  CS_initClockSignal                         
00007fd9  CS_setDCOCenteredFrequency                 
2000eada  CurrentFilterGroup                         
2000ead8  CurrentFilterMask                          
000088a9  FPU_enableModule                           
00007ee9  FlashCtl_setWaitState                      
000088b9  GPIO_High                                  
00008149  GPIO_Init                                  
000088c9  GPIO_Low                                   
00007199  GPIO_setAsPeripheralModuleFunctionInputPin 
000071f1  GPIO_setAsPeripheralModuleFunctionOutputPin
00006b5d  I2C_masterSendMultiByteStart               
000088d9  Interrupt_enableMaster                     
00002309  MMC_disk_initialize                        
00001b61  MMC_disk_ioctl                             
00005d01  MMC_disk_read                              
00008949  MMC_disk_status                            
00005231  MMC_disk_write                             
2000eaae  MPU9250_devAddr                            
000088e9  MPU9250_getMotion9                         
00008419  MPU9250_initialize                         
00008959  MPU9250_setClockSource                     
00007401  PCM_getCoreVoltageLevel                    
00007b21  PCM_getPowerMode                           
00008969  PCM_getPowerState                          
00008a99  PCM_setCoreVoltageLevel                    
00008aa1  PCM_setPowerMode                           
00008975  REF_A_enableReferenceVoltage               
00008981  REF_A_enableTempSensor                     
00008439  REF_A_setReferenceVoltage                  
00006561  RTC_C_getCalendarTime                      
00005d95  RTC_C_initCalendar                         
00008005  RTC_C_startClock                           
2000c800  RecorderData                               
2000eae0  RecorderDataPtr                            
2000eb94  SPI0MasterConfig                           
00007451  SPI_Init                                   
00007cc1  SPI_Read                                   
00007cf9  SPI_Write                                  
000055dd  SPI_initMaster                             
00007249  SysCtl_getTLVInfo                          
00008991  SysCtl_getTempCalibrationConstant          
00006bc9  SystemInit                                 
2000ebfc  TraceQueueClassTable                       
4000480c  WDTCTL_SYM                                 
20010000  __STACK_END                                
00000320  __STACK_SIZE                               
00008c40  __TI_CINIT_Base                            
00008c50  __TI_CINIT_Limit                           
00008c28  __TI_Handler_Table_Base                    
00008c34  __TI_Handler_Table_Limit                   
00007849  __TI_auto_init_nobinit_nopinit             
00006c31  __TI_decompress_lzss                       
00008909  __TI_decompress_none                       
ffffffff  __TI_pprof_out_hndl                        
ffffffff  __TI_prof_data_size                        
ffffffff  __TI_prof_data_start                       
00000000  __TI_static_base__                         
000089ad  __TI_zero_init                             
000066dd  __aeabi_memclr                             
000066dd  __aeabi_memclr4                            
000066dd  __aeabi_memclr8                            
00005b29  __aeabi_memcpy                             
00005b29  __aeabi_memcpy4                            
00005b29  __aeabi_memcpy8                            
000066df  __aeabi_memset                             
000066df  __aeabi_memset4                            
000066df  __aeabi_memset8                            
ffffffff  __binit__                                  
ffffffff  __c_args__                                 
UNDEFED   __mpu_init                                 
2000fce0  __stack                                    
00007bdd  _c_int00_noargs                            
UNDEFED   _system_post_cinit                         
000007dd  _system_pre_init                           
00000aed  abort                                      
00004759  adcInit                                    
00008239  aodcsTask                                  
ffffffff  binit                                      
2000e830  bufferIMU                                  
2000e880  bw                                         
2000e84a  cal30                                      
2000e87a  cal85                                      
2000e884  calDifference                              
00007d31  calendarConfiguration                      
00008261  cameraTask                                 
00002469  dataStorage                                
000086e9  disk_initialize                            
00008459  disk_ioctl                                 
000083a1  disk_read                                  
00008701  disk_status                                
000083c9  disk_write                                 
000079e1  eTaskConfirmSleepModeStatus                
2000e777  fResult                                    
00007631  f_mount                                    
00001489  f_open                                     
00005c69  f_sync                                     
000010e9  f_write                                    
2000e348  file                                       
2000e888  flag_lowBattery                            
00007891  getLocalTime                               
00006081  getMotion6                                 
000078d9  getTemperature                             
00008ac1  get_fattime                                
2000ead1  handle_of_last_logged_task                 
000025c1  houseKeeping                               
00008b8c  i2cConfig                                  
2000e738  imuData                                    
00007921  initI2C                                    
00006e39  initSD                                     
2000e88c  init_hwtc_count                            
00000000  interruptVectors                           
00008479  isLowBattery                               
2000eab0  isPendingContextSwitch                     
00005939  itoa                                       
2000e874  localTime                                  
00007f19  main                                       
00005b29  memcpy                                     
000066e5  memset                                     
2000ead0  nISRactive                                 
2000e570  obcData                                    
2000ea20  objectHandleStacks                         
00008289  pptTask                                    
00008499  prvMarkObjectAsUsed                        
00007a21  prvTraceError                              
00008a39  prvTraceGetCurrentTaskHandle               
00002719  prvTraceGetObjectHandle                    
00004919  prvTraceGetPriorityProperty                
00008ac9  prvTraceGetQueueNumber                     
000089d9  prvTraceGetQueueNumberHigh16               
00008a59  prvTraceGetQueueNumberLow16                
00008aa9  prvTraceGetQueueType                       
000089e9  prvTraceGetTaskNumberHigh16                
00008a69  prvTraceGetTaskNumberLow16                 
000057e9  prvTraceInitCortexM                        
00007351  prvTracePortGetTimeStamp                   
00003c71  prvTraceSetObjectName                      
00004f01  prvTraceSetObjectState                     
00004bb1  prvTraceSetPriorityProperty                
00008639  prvTraceSetQueueNumberHigh16               
00008659  prvTraceSetQueueNumberLow16                
00006661  prvTraceSetTaskInstanceFinished            
00008679  prvTraceSetTaskNumberHigh16                
00008699  prvTraceSetTaskNumberLow16                 
000019c1  prvTraceStoreKernelCall                    
00003a51  prvTraceStoreKernelCallWithNumericParamOnly
000012c1  prvTraceStoreKernelCallWithParam           
000043a9  prvTraceStoreTaskReady                     
00004671  prvTraceStoreTaskswitch                    
00000149  pszTraceGetErrorNotEnoughHandles           
00002c41  pvPortMalloc                               
00008719  pvTaskIncrementMutexHeldCount              
2000eb30  pxCurrentTCB                               
00008061  pxPortInitialiseStack                      
000082d9  queueCreate                                
00003d81  readI2C                                    
2000eac4  recorder_busy                              
2000e118  sdDriver                                   
2000ebf8  semaphoreIMU                               
00008a09  setFullScaleAccelRange                     
00008a19  setFullScaleGyroRange                      
00008a79  setSleepEnabled                            
00004839  taskCreate                                 
2000eac8  timestampFrequency                         
2000eacc  traceErrorMessage                          
2000eabc  trace_disable_timestamp                    
00008301  ttcTask                                    
00008aa9  ucQueueGetQueueType                        
00003001  uiIndexOfObject                            
000044a1  uiTraceStart                               
2000eab8  uiTraceTickCount                           
00008bac  ulMaxSyscallInterruptPriority              
00004ae5  ulPortGetIPSR                              
000081e9  uxListRemove                               
00008ac9  uxQueueGetQueueNumber                      
00008a89  uxTaskGetTaskNumber                        
00008af9  vApplicationIdleHook                       
00008869  vApplicationMallocFailedHook               
00008881  vApplicationStackOverflowHook              
00008b01  vApplicationTickHook                       
00008559  vListInitialise                            
00008ab1  vListInitialiseItem                        
00007dd9  vListInsert                                
00008761  vListInsertEnd                             
00004ba1  vPortEnableVFP                             
00007ae1  vPortEnterCritical                         
00007f79  vPortExitCritical                          
000061a1  vPortFree                                  
00004b5d  vPortSVCHandler                            
00006d01  vPortSetupTimerInterrupt                   
00004b7d  vPortStartFirstTask                        
00002ec9  vPortSuppressTicksAndSleep                 
00006f09  vPortValidateInterruptPriority             
00008b09  vPreSleepProcessing                        
00008ad1  vQueueSetQueueNumber                       
00007801  vQueueWaitForMessageRestricted             
00007e11  vT32_0_Handler                             
00007e49  vT32_1_Handler                             
00005bc9  vTaskDelay                                 
00008779  vTaskInternalSetTimeOutState               
00008a29  vTaskMissedYield                           
000034b9  vTaskNotifyGiveFromISR                     
00007c51  vTaskPlaceOnEventList                      
00006349  vTaskPlaceOnEventListRestricted            
00003261  vTaskPriorityDisinheritAfterTimeout        
00008ab9  vTaskSetTaskNumber                         
00006459  vTaskStartScheduler                        
00007e81  vTaskStepTick                              
000088f9  vTaskSuspendAll                            
00004c89  vTaskSwitchContext                         
000059e1  vTraceEnable                               
00004fd1  vTraceInitObjectHandleStack                
00003821  vTraceInitObjectPropertyTable              
00008ad9  vTraceStart                                
00008329  vTraceStop                                 
2000ead4  vTraceStopHookPtr                          
000053b1  vTraceStoreMemMangEvent                    
00005471  vUART_Handler                              
00007591  writeBit                                   
00006fd1  writeBits                                  
00005529  writeI2C                                   
00003131  xFirstTimerHandler                         
00004afd  xPortPendSVHandler                         
000049f9  xPortStartScheduler                        
000080c1  xPortSysTickHandler                        
000087c1  xQueueCreateMutex                          
000067d1  xQueueGenericCreate                        
00005ff1  xQueueGenericReset                         
000007e1  xQueueGenericSend                          
00001e99  xQueueGenericSendFromISR                   
2000ebf4  xQueueIMU                                  
000080f1  xQueueIsQueueFullFromISR                   
00000df9  xQueueReceive                              
00002af9  xQueueReceiveFromISR                       
000004a9  xQueueSemaphoreTake                        
00001651  xSecondTimerHandler                        
00005f59  xTaskCheckForTimeOut                       
00006d69  xTaskCreate                                
00008a39  xTaskGetCurrentTaskHandle                  
00008519  xTaskGetSchedulerState                     
00008a49  xTaskGetTickCount                          
00001d01  xTaskIncrementTick                         
000035e1  xTaskPriorityDisinherit                    
00003b61  xTaskPriorityInherit                       
00005171  xTaskRemoveFromEventList                   
00003391  xTaskResumeAll                             
00007091  xTimerCreateTimerTask                      
00006849  xTimerGenericCommand                       


GLOBAL SYMBOLS: SORTED BY Symbol Address 

address   name                                       
-------   ----                                       
00000000  __TI_static_base__                         
00000000  interruptVectors                           
00000149  pszTraceGetErrorNotEnoughHandles           
00000320  __STACK_SIZE                               
000004a9  xQueueSemaphoreTake                        
000007dd  _system_pre_init                           
000007e1  xQueueGenericSend                          
00000aed  C$$EXIT                                    
00000aed  abort                                      
00000df9  xQueueReceive                              
000010e9  f_write                                    
000012c1  prvTraceStoreKernelCallWithParam           
00001489  f_open                                     
00001651  xSecondTimerHandler                        
000019c1  prvTraceStoreKernelCall                    
00001b61  MMC_disk_ioctl                             
00001d01  xTaskIncrementTick                         
00001e99  xQueueGenericSendFromISR                   
00002309  MMC_disk_initialize                        
00002469  dataStorage                                
000025c1  houseKeeping                               
00002719  prvTraceGetObjectHandle                    
00002869  CS_getDCOFrequency                         
00002af9  xQueueReceiveFromISR                       
00002c41  pvPortMalloc                               
00002ec9  vPortSuppressTicksAndSleep                 
00003001  uiIndexOfObject                            
00003131  xFirstTimerHandler                         
00003261  vTaskPriorityDisinheritAfterTimeout        
00003391  xTaskResumeAll                             
000034b9  vTaskNotifyGiveFromISR                     
000035e1  xTaskPriorityDisinherit                    
00003701  CS_initClockSignal                         
00003821  vTraceInitObjectPropertyTable              
00003a51  prvTraceStoreKernelCallWithNumericParamOnly
00003b61  xTaskPriorityInherit                       
00003c71  prvTraceSetObjectName                      
00003d81  readI2C                                    
000043a9  prvTraceStoreTaskReady                     
000044a1  uiTraceStart                               
00004671  prvTraceStoreTaskswitch                    
00004759  adcInit                                    
00004839  taskCreate                                 
00004919  prvTraceGetPriorityProperty                
000049f9  xPortStartScheduler                        
00004ae5  ulPortGetIPSR                              
00004afd  xPortPendSVHandler                         
00004b5d  vPortSVCHandler                            
00004b7d  vPortStartFirstTask                        
00004ba1  vPortEnableVFP                             
00004bb1  prvTraceSetPriorityProperty                
00004c89  vTaskSwitchContext                         
00004f01  prvTraceSetObjectState                     
00004fd1  vTraceInitObjectHandleStack                
00005171  xTaskRemoveFromEventList                   
00005231  MMC_disk_write                             
000053b1  vTraceStoreMemMangEvent                    
00005471  vUART_Handler                              
00005529  writeI2C                                   
000055dd  SPI_initMaster                             
00005741  ADC14_configureMultiSequenceMode           
000057e9  prvTraceInitCortexM                        
00005891  ADC14_configureConversionMemory            
00005939  itoa                                       
000059e1  vTraceEnable                               
00005b29  __aeabi_memcpy                             
00005b29  __aeabi_memcpy4                            
00005b29  __aeabi_memcpy8                            
00005b29  memcpy                                     
00005bc9  vTaskDelay                                 
00005c69  f_sync                                     
00005d01  MMC_disk_read                              
00005d95  RTC_C_initCalendar                         
00005f59  xTaskCheckForTimeOut                       
00005ff1  xQueueGenericReset                         
00006081  getMotion6                                 
000061a1  vPortFree                                  
00006349  vTaskPlaceOnEventListRestricted            
00006459  vTaskStartScheduler                        
00006561  RTC_C_getCalendarTime                      
00006661  prvTraceSetTaskInstanceFinished            
000066dd  __aeabi_memclr                             
000066dd  __aeabi_memclr4                            
000066dd  __aeabi_memclr8                            
000066df  __aeabi_memset                             
000066df  __aeabi_memset4                            
000066df  __aeabi_memset8                            
000066e5  memset                                     
00006759  ADC14_getMultiSequenceResult               
000067d1  xQueueGenericCreate                        
00006849  xTimerGenericCommand                       
00006b5d  I2C_masterSendMultiByteStart               
00006bc9  SystemInit                                 
00006c31  __TI_decompress_lzss                       
00006d01  vPortSetupTimerInterrupt                   
00006d69  xTaskCreate                                
00006e39  initSD                                     
00006f09  vPortValidateInterruptPriority             
00006fd1  writeBits                                  
00007091  xTimerCreateTimerTask                      
00007141  ADC14_initModule                           
00007199  GPIO_setAsPeripheralModuleFunctionInputPin 
000071f1  GPIO_setAsPeripheralModuleFunctionOutputPin
00007249  SysCtl_getTLVInfo                          
00007351  prvTracePortGetTimeStamp                   
00007401  PCM_getCoreVoltageLevel                    
00007451  SPI_Init                                   
00007591  writeBit                                   
00007631  f_mount                                    
00007801  vQueueWaitForMessageRestricted             
00007849  __TI_auto_init_nobinit_nopinit             
00007891  getLocalTime                               
000078d9  getTemperature                             
00007921  initI2C                                    
000079e1  eTaskConfirmSleepModeStatus                
00007a21  prvTraceError                              
00007ae1  vPortEnterCritical                         
00007b21  PCM_getPowerMode                           
00007bdd  _c_int00_noargs                            
00007c51  vTaskPlaceOnEventList                      
00007c89  ADC14_enableSampleTimer                    
00007cc1  SPI_Read                                   
00007cf9  SPI_Write                                  
00007d31  calendarConfiguration                      
00007dd9  vListInsert                                
00007e11  vT32_0_Handler                             
00007e49  vT32_1_Handler                             
00007e81  vTaskStepTick                              
00007eb5  ADC14_setSampleHoldTime                    
00007ee9  FlashCtl_setWaitState                      
00007f19  main                                       
00007f79  vPortExitCritical                          
00007fa9  ADC14_toggleConversionTrigger              
00007fd9  CS_setDCOCenteredFrequency                 
00008005  RTC_C_startClock                           
00008061  pxPortInitialiseStack                      
000080c1  xPortSysTickHandler                        
000080f1  xQueueIsQueueFullFromISR                   
0000811d  ADC14_enableConversion                     
00008149  GPIO_Init                                  
000081e9  uxListRemove                               
00008211  CS_clearInterruptFlag                      
00008239  aodcsTask                                  
00008261  cameraTask                                 
00008289  pptTask                                    
000082d9  queueCreate                                
00008301  ttcTask                                    
00008329  vTraceStop                                 
00008379  CS_Init                                    
000083a1  disk_read                                  
000083c9  disk_write                                 
00008419  MPU9250_initialize                         
00008439  REF_A_setReferenceVoltage                  
00008459  disk_ioctl                                 
00008479  isLowBattery                               
00008499  prvMarkObjectAsUsed                        
00008519  xTaskGetSchedulerState                     
00008559  vListInitialise                            
00008579  ADC14_getResult                            
00008639  prvTraceSetQueueNumberHigh16               
00008659  prvTraceSetQueueNumberLow16                
00008679  prvTraceSetTaskNumberHigh16                
00008699  prvTraceSetTaskNumberLow16                 
000086b9  CS_getMCLK                                 
000086e9  disk_initialize                            
00008701  disk_status                                
00008719  pvTaskIncrementMutexHeldCount              
00008761  vListInsertEnd                             
00008779  vTaskInternalSetTimeOutState               
000087c1  xQueueCreateMutex                          
00008869  vApplicationMallocFailedHook               
00008881  vApplicationStackOverflowHook              
000088a9  FPU_enableModule                           
000088b9  GPIO_High                                  
000088c9  GPIO_Low                                   
000088d9  Interrupt_enableMaster                     
000088e9  MPU9250_getMotion9                         
000088f9  vTaskSuspendAll                            
00008909  __TI_decompress_none                       
00008929  ADC14_enableModule                         
00008939  CPU_cpsie                                  
00008949  MMC_disk_status                            
00008959  MPU9250_setClockSource                     
00008969  PCM_getPowerState                          
00008975  REF_A_enableReferenceVoltage               
00008981  REF_A_enableTempSensor                     
00008991  SysCtl_getTempCalibrationConstant          
000089ad  __TI_zero_init                             
000089d9  prvTraceGetQueueNumberHigh16               
000089e9  prvTraceGetTaskNumberHigh16                
00008a09  setFullScaleAccelRange                     
00008a19  setFullScaleGyroRange                      
00008a29  vTaskMissedYield                           
00008a39  prvTraceGetCurrentTaskHandle               
00008a39  xTaskGetCurrentTaskHandle                  
00008a49  xTaskGetTickCount                          
00008a59  prvTraceGetQueueNumberLow16                
00008a69  prvTraceGetTaskNumberLow16                 
00008a79  setSleepEnabled                            
00008a89  uxTaskGetTaskNumber                        
00008a99  PCM_setCoreVoltageLevel                    
00008aa1  PCM_setPowerMode                           
00008aa9  prvTraceGetQueueType                       
00008aa9  ucQueueGetQueueType                        
00008ab1  vListInitialiseItem                        
00008ab9  vTaskSetTaskNumber                         
00008ac1  get_fattime                                
00008ac9  prvTraceGetQueueNumber                     
00008ac9  uxQueueGetQueueNumber                      
00008ad1  vQueueSetQueueNumber                       
00008ad9  vTraceStart                                
00008af9  vApplicationIdleHook                       
00008b01  vApplicationTickHook                       
00008b09  vPreSleepProcessing                        
00008b8c  i2cConfig                                  
00008bac  ulMaxSyscallInterruptPriority              
00008c28  __TI_Handler_Table_Base                    
00008c34  __TI_Handler_Table_Limit                   
00008c40  __TI_CINIT_Base                            
00008c50  __TI_CINIT_Limit                           
2000c800  RecorderData                               
2000e118  sdDriver                                   
2000e348  file                                       
2000e570  obcData                                    
2000e738  imuData                                    
2000e777  fResult                                    
2000e830  bufferIMU                                  
2000e84a  cal30                                      
2000e874  localTime                                  
2000e87a  cal85                                      
2000e880  bw                                         
2000e884  calDifference                              
2000e888  flag_lowBattery                            
2000e88c  init_hwtc_count                            
2000ea20  objectHandleStacks                         
2000eaae  MPU9250_devAddr                            
2000eab0  isPendingContextSwitch                     
2000eab8  uiTraceTickCount                           
2000eabc  trace_disable_timestamp                    
2000eac4  recorder_busy                              
2000eac8  timestampFrequency                         
2000eacc  traceErrorMessage                          
2000ead0  nISRactive                                 
2000ead1  handle_of_last_logged_task                 
2000ead4  vTraceStopHookPtr                          
2000ead8  CurrentFilterMask                          
2000eada  CurrentFilterGroup                         
2000eae0  RecorderDataPtr                            
2000eb30  pxCurrentTCB                               
2000eb94  SPI0MasterConfig                           
2000ebf4  xQueueIMU                                  
2000ebf8  semaphoreIMU                               
2000ebfc  TraceQueueClassTable                       
2000fce0  __stack                                    
20010000  __STACK_END                                
4000480c  WDTCTL_SYM                                 
ffffffff  __TI_pprof_out_hndl                        
ffffffff  __TI_prof_data_size                        
ffffffff  __TI_prof_data_start                       
ffffffff  __binit__                                  
ffffffff  __c_args__                                 
ffffffff  binit                                      
UNDEFED   __mpu_init                                 
UNDEFED   _system_post_cinit                         

[264 symbols]
