******************************************************************************
                  TI ARM Linker PC v18.1.1                     
******************************************************************************
>> Linked Sat May  4 08:59:32 2019

OUTPUT FILE NAME:   <Firmware_OBC.out>
ENTRY POINT SYMBOL: "_c_int00_noargs"  address: 00006d4d


MEMORY CONFIGURATION

         name            origin    length      used     unused   attr    fill
----------------------  --------  ---------  --------  --------  ----  --------
  MAIN                  00000000   00040000  00007ac6  0003853a  R  X
  INFO                  00200000   00004000  00000000  00004000  R  X
  SRAM_CODE             01000000   00010000  00000000  00010000  RW X
  SRAM_DATA             20000000   00010000  0000ed8d  00001273  RW  


SEGMENT ALLOCATION MAP

run origin  load origin   length   init length attrs members
----------  ----------- ---------- ----------- ----- -------
00000000    00000000    00007ad0   00007ad0    r-x
  00000000    00000000    00000144   00000144    r-- .intvecs
  00000148    00000148    000078d2   000078d2    r-x .text
  00007a1c    00007a1c    00000020   00000020    r-- .const
  00007a40    00007a40    00000090   00000090    r-- .cinit
20000000    20000000    0000ea6d   00000000    rw-
  20000000    20000000    0000e6fc   00000000    rw- .bss
  2000e6fc    2000e6fc    00000371   00000000    rw- .data
2000fce0    2000fce0    00000320   00000000    rw-
  2000fce0    2000fce0    00000320   00000000    rw- .stack


SECTION ALLOCATION MAP

 output                                  attributes/
section   page    origin      length       input sections
--------  ----  ----------  ----------   ----------------
.intvecs   0    00000000    00000144     
                  00000000    00000144     msp432_startup_ccs.obj (.intvecs:retain)

.text      0    00000148    000078d2     
                  00000148    0000035e     trcKernelPort.obj (.text:pszTraceGetErrorNotEnoughHandles)
                  000004a6    00000002     --HOLE-- [fill = 0]
                  000004a8    0000030c     queue.obj (.text:xQueueGenericSend)
                  000007b4    00000004     rtsv7M4_T_le_v4SPD16_eabi.lib : pre_init.c.obj (.text:_system_pre_init)
                  000007b8    00000304     ff.obj (.text:find_volume)
                  00000abc    00000004     rtsv7M4_T_le_v4SPD16_eabi.lib : exit.c.obj (.text:abort:abort)
                  00000ac0    000002ec     queue.obj (.text:xQueueReceive)
                  00000dac    00000004     --HOLE-- [fill = 0]
                  00000db0    000001d2     ff.obj (.text:f_write)
                  00000f82    00000006     --HOLE-- [fill = 0]
                  00000f88    000001c8     trcSnapshotRecorder.obj (.text:prvTraceStoreKernelCallWithParam)
                  00001150    000001c6     ff.obj (.text:f_open)
                  00001316    00000002     --HOLE-- [fill = 0]
                  00001318    000001c0     IntQueue.obj (.text:xSecondTimerHandler)
                  000014d8    000001b0     trcSnapshotRecorder.obj (.text:prvTraceInitTraceData)
                  00001688    000001a0     trcSnapshotRecorder.obj (.text:prvTraceStoreKernelCall)
                  00001828    0000019c     mmc_MSP432P401r.obj (.text:MMC_disk_ioctl)
                  000019c4    00000004     --HOLE-- [fill = 0]
                  000019c8    00000198     tasks.obj (.text:xTaskIncrementTick)
                  00001b60    00000188     queue.obj (.text:xQueueGenericSendFromISR)
                  00001ce8    00000184     trcSnapshotRecorder.obj (.text:prvTraceGetDTS)
                  00001e6c    00000004     --HOLE-- [fill = 0]
                  00001e70    0000015c     mmc_MSP432P401r.obj (.text:MMC_disk_initialize)
                  00001fcc    00000004     --HOLE-- [fill = 0]
                  00001fd0    0000014c     trcSnapshotRecorder.obj (.text:prvTraceGetObjectHandle)
                  0000211c    00000004     --HOLE-- [fill = 0]
                  00002120    00000148     cs.obj (.text:CS_getDCOFrequency)
                  00002268    00000148     trcSnapshotRecorder.obj (.text:prvCheckDataToBeOverwrittenForMultiEntryEvents)
                  000023b0    00000148     queue.obj (.text:xQueueReceiveFromISR)
                  000024f8    00000144     heap_4.obj (.text:pvPortMalloc)
                  0000263c    00000004     --HOLE-- [fill = 0]
                  00002640    00000140     tasks.obj (.text:prvAddNewTaskToReadyList)
                  00002780    00000138     dataStorage.obj (.text:dataStorage)
                  000028b8    00000134     port.obj (.text:vPortSuppressTicksAndSleep)
                  000029ec    00000004     --HOLE-- [fill = 0]
                  000029f0    00000130     trcSnapshotRecorder.obj (.text:uiIndexOfObject)
                  00002b20    00000130     IntQueue.obj (.text:xFirstTimerHandler)
                  00002c50    00000128     tasks.obj (.text:xTaskResumeAll)
                  00002d78    00000124     tasks.obj (.text:vTaskNotifyGiveFromISR)
                  00002e9c    00000004     --HOLE-- [fill = 0]
                  00002ea0    00000120     tasks.obj (.text:xTaskPriorityDisinherit)
                  00002fc0    0000011c     cs.obj (.text:CS_initClockSignal)
                  000030dc    00000004     --HOLE-- [fill = 0]
                  000030e0    00000118     trcKernelPort.obj (.text:vTraceInitObjectPropertyTable)
                  000031f8    00000114     cs.obj (.text:_CSComputeCLKFrequency)
                  0000330c    00000004     --HOLE-- [fill = 0]
                  00003310    00000110     trcSnapshotRecorder.obj (.text:prvTraceStoreKernelCallWithNumericParamOnly)
                  00003420    0000010e     ff.obj (.text:f_rename)
                  0000352e    00000002     --HOLE-- [fill = 0]
                  00003530    0000010c     trcSnapshotRecorder.obj (.text:prvTraceSetObjectName)
                  0000363c    00000004     --HOLE-- [fill = 0]
                  00003640    00000108     pcm.obj (.text:__PCM_setPowerModeAdvanced)
                  00003748    00000104     ff.obj (.text:create_chain)
                  0000384c    00000004     --HOLE-- [fill = 0]
                  00003850    00000103     ff.obj (.text:create_name)
                  00003953    00000005     --HOLE-- [fill = 0]
                  00003958    00000100     timers.obj (.text:prvProcessReceivedCommands)
                  00003a58    000000fa     ff.obj (.text:put_fat)
                  00003b52    00000006     --HOLE-- [fill = 0]
                  00003b58    000000f4     trcSnapshotRecorder.obj (.text:prvTraceStoreTaskReady)
                  00003c4c    00000004     --HOLE-- [fill = 0]
                  00003c50    000000e8     trcSnapshotRecorder.obj (.text:uiTraceStart)
                  00003d38    000000e6     ff.obj (.text:dir_next)
                  00003e1e    00000002     --HOLE-- [fill = 0]
                  00003e20    000000e4     trcSnapshotRecorder.obj (.text:prvTraceStoreTaskswitch)
                  00003f04    00000004     --HOLE-- [fill = 0]
                  00003f08    000000dc     trcSnapshotRecorder.obj (.text:prvTraceGetPriorityProperty)
                  00003fe4    00000004     --HOLE-- [fill = 0]
                  00003fe8    000000dc     port.obj (.text:xPortStartScheduler)
                  000040c4    000000da     portasm.obj (.text)
                  0000419e    00000002     --HOLE-- [fill = 0]
                  000041a0    000000d8     trcSnapshotRecorder.obj (.text:prvTraceSetPriorityProperty)
                  00004278    000000d4     tasks.obj (.text:vTaskSwitchContext)
                  0000434c    00000004     --HOLE-- [fill = 0]
                  00004350    000000d0     pcm.obj (.text:__PCM_setCoreVoltageLevelAdvanced)
                  00004420    000000d0     trcSnapshotRecorder.obj (.text:prvTraceGetObjectState)
                  000044f0    000000cc     trcSnapshotRecorder.obj (.text:prvTraceSetObjectState)
                  000045bc    00000004     --HOLE-- [fill = 0]
                  000045c0    000000cc     trcKernelPort.obj (.text:vTraceInitObjectHandleStack)
                  0000468c    00000004     --HOLE-- [fill = 0]
                  00004690    000000ca     ff.obj (.text:get_fat)
                  0000475a    00000006     --HOLE-- [fill = 0]
                  00004760    000000c0     tasks.obj (.text:xTaskRemoveFromEventList)
                  00004820    000000bc     mmc_MSP432P401r.obj (.text:MMC_disk_write)
                  000048dc    00000004     --HOLE-- [fill = 0]
                  000048e0    000000bc     queue.obj (.text:prvInitialiseNewQueue)
                  0000499c    00000004     --HOLE-- [fill = 0]
                  000049a0    000000bc     trcSnapshotRecorder.obj (.text:vTraceStoreMemMangEvent)
                  00004a5c    00000004     --HOLE-- [fill = 0]
                  00004a60    000000b4     serial.obj (.text:vUART_Handler)
                  00004b14    000000b0     msp432p4xx_driverlib.lib : spi.o (.text:SPI_initMaster)
                  00004bc4    00000004     --HOLE-- [fill = 0]
                  00004bc8    000000ae     tasks.obj (.text:prvInitialiseNewTask)
                  00004c76    00000002     --HOLE-- [fill = 0]
                  00004c78    000000a8     trcSnapshotRecorder.obj (.text:prvTraceInitCortexM)
                  00004d20    000000a4     trcSnapshotRecorder.obj (.text:vTraceEnable)
                  00004dc4    00000004     --HOLE-- [fill = 0]
                  00004dc8    000000a0     ff.obj (.text:dir_sdi)
                  00004e68    0000009c     rtsv7M4_T_le_v4SPD16_eabi.lib : memcpy_t2.asm.obj (.text)
                  00004f04    00000004     --HOLE-- [fill = 0]
                  00004f08    0000009c     tasks.obj (.text:vTaskDelay)
                  00004fa4    00000004     --HOLE-- [fill = 0]
                  00004fa8    00000098     ff.obj (.text:f_sync)
                  00005040    00000094     mmc_MSP432P401r.obj (.text:MMC_disk_read)
                  000050d4    00000004     --HOLE-- [fill = 0]
                  000050d8    00000094     timers.obj (.text:prvSwitchTimerLists)
                  0000516c    00000004     --HOLE-- [fill = 0]
                  00005170    00000094     trcSnapshotRecorder.obj (.text:prvTraceGetParam)
                  00005204    00000004     --HOLE-- [fill = 0]
                  00005208    00000094     tasks.obj (.text:xTaskCheckForTimeOut)
                  0000529c    00000004     --HOLE-- [fill = 0]
                  000052a0    00000090     queue.obj (.text:xQueueGenericReset)
                  00005330    0000008c     ff.obj (.text:sync_fs)
                  000053bc    00000004     --HOLE-- [fill = 0]
                  000053c0    0000008c     heap_4.obj (.text:vPortFree)
                  0000544c    00000004     --HOLE-- [fill = 0]
                  00005450    0000008a     ff.obj (.text:check_fs)
                  000054da    00000006     --HOLE-- [fill = 0]
                  000054e0    00000088     tasks.obj (.text:prvAddCurrentTaskToDelayedList)
                  00005568    00000088     tasks.obj (.text:vTaskPlaceOnEventListRestricted)
                  000055f0    00000086     ff.obj (.text:follow_path)
                  00005676    00000002     --HOLE-- [fill = 0]
                  00005678    00000084     tasks.obj (.text:vTaskStartScheduler)
                  000056fc    00000004     --HOLE-- [fill = 0]
                  00005700    00000080     ff.obj (.text:remove_chain)
                  00005780    0000007c     msp432p4xx_driverlib.lib : rtc_c.o (.text:RTC_C_getCalendarTime)
                  000057fc    00000004     --HOLE-- [fill = 0]
                  00005800    0000007c     tasks.obj (.text:prvIdleTask)
                  0000587c    00000004     --HOLE-- [fill = 0]
                  00005880    0000007c     trcSnapshotRecorder.obj (.text:prvTraceSetTaskInstanceFinished)
                  000058fc    0000007a     rtsv7M4_T_le_v4SPD16_eabi.lib : memset_t2.asm.obj (.text)
                  00005976    00000002     --HOLE-- [fill = 0]
                  00005978    00000078     interrupt.obj (.text:Interrupt_enableInterrupt)
                  000059f0    00000074     ff.obj (.text:f_opendir)
                  00005a64    00000004     --HOLE-- [fill = 0]
                  00005a68    00000074     queue.obj (.text:xQueueGenericCreate)
                  00005adc    00000004     --HOLE-- [fill = 0]
                  00005ae0    00000074     timers.obj (.text:xTimerGenericCommand)
                  00005b54    00000004     --HOLE-- [fill = 0]
                  00005b58    00000070     queue.obj (.text:prvCopyDataToQueue)
                  00005bc8    00000070     heap_4.obj (.text:prvHeapInit)
                  00005c38    00000070     tasks.obj (.text:prvInitialiseTaskLists)
                  00005ca8    00000070     timers.obj (.text:prvProcessTimerOrBlockTask)
                  00005d18    00000070     mmc_MSP432P401r.obj (.text:send_cmd)
                  00005d88    0000006c     queue.obj (.text:prvUnlockQueue)
                  00005df4    00000004     --HOLE-- [fill = 0]
                  00005df8    00000068     system_msp432p401r.obj (.text:SystemInit)
                  00005e60    00000068     rtsv7M4_T_le_v4SPD16_eabi.lib : copy_decompress_lzss.c.obj (.text:decompress:lzss:__TI_decompress_lzss)
                  00005ec8    00000068     heap_4.obj (.text:prvInsertBlockIntoFreeList)
                  00005f30    00000068     port.obj (.text:vPortSetupTimerInterrupt)
                  00005f98    00000068     tasks.obj (.text:xTaskCreate)
                  00006000    00000066     ff.obj (.text:dir_clear)
                  00006066    00000002     --HOLE-- [fill = 0]
                  00006068    00000064     dataStorage.obj (.text:initSD)
                  000060cc    00000004     --HOLE-- [fill = 0]
                  000060d0    00000064     trcSnapshotRecorder.obj (.text:prvTraceNextFreeEventBufferSlot)
                  00006134    00000004     --HOLE-- [fill = 0]
                  00006138    00000064     port.obj (.text:vPortValidateInterruptPriority)
                  0000619c    00000004     --HOLE-- [fill = 0]
                  000061a0    00000062     ff.obj (.text:dir_read)
                  00006202    00000006     --HOLE-- [fill = 0]
                  00006208    00000060     ff.obj (.text:get_fileinfo)
                  00006268    00000060     timers.obj (.text:prvProcessExpiredTimer)
                  000062c8    00000060     mmc_MSP432P401r.obj (.text:xmit_datablock)
                  00006328    0000005c     main_blinky.obj (.text:main_blinky)
                  00006384    00000004     --HOLE-- [fill = 0]
                  00006388    00000058     timers.obj (.text:xTimerCreateTimerTask)
                  000063e0    00000056     ff.obj (.text:dir_find)
                  00006436    00000002     --HOLE-- [fill = 0]
                  00006438    00000054     gpio.obj (.text:GPIO_setAsPeripheralModuleFunctionInputPin)
                  0000648c    00000004     --HOLE-- [fill = 0]
                  00006490    00000054     sysctl.obj (.text:SysCtl_getTLVInfo)
                  000064e4    00000004     --HOLE-- [fill = 0]
                  000064e8    00000054     tasks.obj (.text:prvCheckTasksWaitingTermination)
                  0000653c    00000004     --HOLE-- [fill = 0]
                  00006540    00000054     timers.obj (.text:prvInsertTimerInActiveList)
                  00006594    00000004     --HOLE-- [fill = 0]
                  00006598    00000054     trcSnapshotRecorder.obj (.text:prvTracePortGetTimeStamp)
                  000065ec    00000004     --HOLE-- [fill = 0]
                  000065f0    00000052     cs.obj (.text:_CSGetDividerValue)
                  00006642    00000006     --HOLE-- [fill = 0]
                  00006648    00000050     pcm.obj (.text:PCM_getCoreVoltageLevel)
                  00006698    00000050     SPI_Driver.obj (.text:SPI_Init)
                  000066e8    00000050     cs.obj (.text:_CSGetDOCFrequency)
                  00006738    00000050     ff.obj (.text:dbc_2nd)
                  00006788    00000050     tasks.obj (.text:prvGetExpectedIdleTime)
                  000067d8    0000004e     ff.obj (.text:dir_alloc)
                  00006826    00000002     --HOLE-- [fill = 0]
                  00006828    0000004c     ff.obj (.text:f_mount)
                  00006874    00000004     --HOLE-- [fill = 0]
                  00006878    0000004c     timers.obj (.text:prvCheckForValidListAndQueue)
                  000068c4    00000004     --HOLE-- [fill = 0]
                  000068c8    0000004c     mmc_MSP432P401r.obj (.text:rcvr_datablock)
                  00006914    00000004     --HOLE-- [fill = 0]
                  00006918    0000004a     main_blinky.obj (.text:prvConfigureClocks)
                  00006962    00000006     --HOLE-- [fill = 0]
                  00006968    00000048     ff.obj (.text:get_ldnumber)
                  000069b0    00000048     ff.obj (.text:sync_window)
                  000069f8    00000048     queue.obj (.text:vQueueWaitForMessageRestricted)
                  00006a40    00000044     rtsv7M4_T_le_v4SPD16_eabi.lib : autoinit.c.obj (.text:__TI_auto_init_nobinit_nopinit:__TI_auto_init_nobinit_nopinit)
                  00006a84    00000004     --HOLE-- [fill = 0]
                  00006a88    00000042     ff.obj (.text:f_readdir)
                  00006aca    00000002     --HOLE-- [fill = 0]
                  00006acc    00000040     msp432p4xx_driverlib.lib : spi.o (.text:is_A_Module)
                  00006b0c    00000004     --HOLE-- [fill = 0]
                  00006b10    0000003e     mmc_MSP432P401r.obj (.text:send_cmd12)
                  00006b4e    00000002     --HOLE-- [fill = 0]
                  00006b50    0000003c     tasks.obj (.text:eTaskConfirmSleepModeStatus)
                  00006b8c    00000004     --HOLE-- [fill = 0]
                  00006b90    0000003c     trcSnapshotRecorder.obj (.text:prvTraceError)
                  00006bcc    00000004     --HOLE-- [fill = 0]
                  00006bd0    0000003c     trcSnapshotRecorder.obj (.text:prvTraceUpdateCounters)
                  00006c0c    00000004     --HOLE-- [fill = 0]
                  00006c10    0000003c     mmc_MSP432P401r.obj (.text:send_initial_clock_train)
                  00006c4c    00000004     --HOLE-- [fill = 0]
                  00006c50    0000003c     port.obj (.text:vPortEnterCritical)
                  00006c8c    00000004     --HOLE-- [fill = 0]
                  00006c90    0000003a     pcm.obj (.text:PCM_getPowerMode)
                  00006cca    00000006     --HOLE-- [fill = 0]
                  00006cd0    0000003a     ff.obj (.text:dir_register)
                  00006d0a    00000006     --HOLE-- [fill = 0]
                  00006d10    0000003a     ff.obj (.text:validate)
                  00006d4a    00000002     --HOLE-- [fill = 0]
                  00006d4c    00000038     rtsv7M4_T_le_v4SPD16_eabi.lib : boot_cortex_m.c.obj (.text:_c_int00_noargs:_c_int00_noargs)
                  00006d84    00000004     --HOLE-- [fill = 0]
                  00006d88    00000038     port.obj (.text:prvTaskExitError)
                  00006dc0    00000038     tasks.obj (.text:vTaskPlaceOnEventList)
                  00006df8    00000034     SPI_Driver.obj (.text:SPI_Read)
                  00006e2c    00000004     --HOLE-- [fill = 0]
                  00006e30    00000034     SPI_Driver.obj (.text:SPI_Write)
                  00006e64    00000004     --HOLE-- [fill = 0]
                  00006e68    00000034     ff.obj (.text:dbc_1st)
                  00006e9c    00000004     --HOLE-- [fill = 0]
                  00006ea0    00000034     ff.obj (.text:move_window)
                  00006ed4    00000004     --HOLE-- [fill = 0]
                  00006ed8    00000034     list.obj (.text:vListInsert)
                  00006f0c    00000004     --HOLE-- [fill = 0]
                  00006f10    00000034     IntQueueTimer.obj (.text:vT32_0_Handler)
                  00006f44    00000004     --HOLE-- [fill = 0]
                  00006f48    00000034     IntQueueTimer.obj (.text:vT32_1_Handler)
                  00006f7c    00000004     --HOLE-- [fill = 0]
                  00006f80    00000034     tasks.obj (.text:vTaskStepTick)
                  00006fb4    00000004     --HOLE-- [fill = 0]
                  00006fb8    00000030     flash.obj (.text:FlashCtl_setWaitState)
                  00006fe8    00000030     tasks.obj (.text:prvResetNextTaskUnblockTime)
                  00007018    00000030     main.obj (.text:prvSetupHardware)
                  00007048    00000030     port.obj (.text:vPortExitCritical)
                  00007078    0000002c     cs.obj (.text:CS_setDCOCenteredFrequency)
                  000070a4    00000004     --HOLE-- [fill = 0]
                  000070a8    0000002c     gpio.obj (.text:GPIO_setAsInputPinWithPullUpResistor)
                  000070d4    0000002c     msp432p4xx_driverlib.lib : rtc_c.o (.text:RTC_C_startClock)
                  00007100    0000002c     timers.obj (.text:prvSampleTimeNow)
                  0000712c    00000004     --HOLE-- [fill = 0]
                  00007130    0000002c     port.obj (.text:pxPortInitialiseStack)
                  0000715c    00000004     --HOLE-- [fill = 0]
                  00007160    0000002c     mmc_MSP432P401r.obj (.text:rcvr_spi)
                  0000718c    00000004     --HOLE-- [fill = 0]
                  00007190    0000002c     port.obj (.text:xPortSysTickHandler)
                  000071bc    00000004     --HOLE-- [fill = 0]
                  000071c0    0000002c     queue.obj (.text:xQueueIsQueueFullFromISR)
                  000071ec    00000004     --HOLE-- [fill = 0]
                  000071f0    00000028     queue.obj (.text:prvCopyDataFromQueue)
                  00007218    00000028     mmc_MSP432P401r.obj (.text:xmit_spi)
                  00007240    00000026     ff.obj (.text:ld_clust)
                  00007266    00000002     --HOLE-- [fill = 0]
                  00007268    00000026     list.obj (.text:uxListRemove)
                  0000728e    00000002     --HOLE-- [fill = 0]
                  00007290    00000024     cs.obj (.text:CS_clearInterruptFlag)
                  000072b4    00000004     --HOLE-- [fill = 0]
                  000072b8    00000024     timers.obj (.text:prvGetNextExpireTime)
                  000072dc    00000004     --HOLE-- [fill = 0]
                  000072e0    00000024     trcSnapshotRecorder.obj (.text:vTraceStop)
                  00007304    00000004     --HOLE-- [fill = 0]
                  00007308    00000024     mmc_MSP432P401r.obj (.text:wait_ready)
                  0000732c    00000004     --HOLE-- [fill = 0]
                  00007330    00000022     CS_Driver.obj (.text:CS_Init)
                  00007352    00000006     --HOLE-- [fill = 0]
                  00007358    00000022     diskio.obj (.text:disk_read)
                  0000737a    00000006     --HOLE-- [fill = 0]
                  00007380    00000022     diskio.obj (.text:disk_write)
                  000073a2    00000006     --HOLE-- [fill = 0]
                  000073a8    00000022     ff.obj (.text:st_clust)
                  000073ca    00000006     --HOLE-- [fill = 0]
                  000073d0    00000020     gpio.obj (.text:GPIO_setAsOutputPin)
                  000073f0    00000020     diskio.obj (.text:disk_ioctl)
                  00007410    00000020     trcSnapshotRecorder.obj (.text:prvMarkObjectAsUsed)
                  00007430    00000020     IntQueue.obj (.text:prvRecordValue_NormallyEmpty)
                  00007450    00000020     IntQueue.obj (.text:prvRecordValue_NormallyFull)
                  00007470    00000020     trcSnapshotRecorder.obj (.text:prvStrncpy)
                  00007490    00000020     tasks.obj (.text:xTaskGetSchedulerState)
                  000074b0    0000001e     queue.obj (.text:prvIsQueueFull)
                  000074ce    00000002     --HOLE-- [fill = 0]
                  000074d0    0000001e     list.obj (.text:vListInitialise)
                  000074ee    00000002     --HOLE-- [fill = 0]
                  000074f0    0000001c     ff.obj (.text:dir_remove)
                  0000750c    00000004     --HOLE-- [fill = 0]
                  00007510    0000001c     ff.obj (.text:mem_cmp)
                  0000752c    00000004     --HOLE-- [fill = 0]
                  00007530    0000001a     ff.obj (.text:clst2sect)
                  0000754a    00000006     --HOLE-- [fill = 0]
                  00007550    0000001a     ff.obj (.text:f_close)
                  0000756a    00000006     --HOLE-- [fill = 0]
                  00007570    0000001a     main_blinky.obj (.text:prvConfigureButton)
                  0000758a    00000006     --HOLE-- [fill = 0]
                  00007590    0000001a     queue.obj (.text:prvIsQueueEmpty)
                  000075aa    00000006     --HOLE-- [fill = 0]
                  000075b0    0000001a     timers.obj (.text:prvTimerTask)
                  000075ca    00000006     --HOLE-- [fill = 0]
                  000075d0    0000001a     trcKernelPort.obj (.text:prvTraceSetQueueNumberHigh16)
                  000075ea    00000006     --HOLE-- [fill = 0]
                  000075f0    0000001a     trcKernelPort.obj (.text:prvTraceSetQueueNumberLow16)
                  0000760a    00000006     --HOLE-- [fill = 0]
                  00007610    0000001a     trcKernelPort.obj (.text:prvTraceSetTaskNumberHigh16)
                  0000762a    00000006     --HOLE-- [fill = 0]
                  00007630    0000001a     trcKernelPort.obj (.text:prvTraceSetTaskNumberLow16)
                  0000764a    00000006     --HOLE-- [fill = 0]
                  00007650    00000018     cs.obj (.text:CS_getMCLK)
                  00007668    00000018     ff.obj (.text:chk_chr)
                  00007680    00000018     diskio.obj (.text:disk_initialize)
                  00007698    00000018     diskio.obj (.text:disk_status)
                  000076b0    00000018     msp432_startup_ccs.obj (.text:resetISR)
                  000076c8    00000018     ff.obj (.text:st_dword)
                  000076e0    00000018     list.obj (.text:vListInsertEnd)
                  000076f8    00000018     tasks.obj (.text:vTaskInternalSetTimeOutState)
                  00007710    00000016     ff.obj (.text:ld_dword)
                  00007726    00000002     --HOLE-- [fill = 0]
                  00007728    00000016     ff.obj (.text:mem_cpy)
                  0000773e    00000002     --HOLE-- [fill = 0]
                  00007740    00000014     gpio.obj (.text:GPIO_enableInterrupt)
                  00007754    00000004     --HOLE-- [fill = 0]
                  00007758    00000014     gpio.obj (.text:GPIO_setOutputLowOnPin)
                  0000776c    00000004     --HOLE-- [fill = 0]
                  00007770    00000014     gpio.obj (.text:GPIO_toggleOutputOnPin)
                  00007784    00000004     --HOLE-- [fill = 0]
                  00007788    00000014     mmc_MSP432P401r.obj (.text:power_on)
                  0000779c    00000004     --HOLE-- [fill = 0]
                  000077a0    00000014     IntQueue.obj (.text:prvQueueAccessLogError)
                  000077b4    00000004     --HOLE-- [fill = 0]
                  000077b8    00000012     main.obj (.text:main)
                  000077ca    00000006     --HOLE-- [fill = 0]
                  000077d0    00000012     ff.obj (.text:mem_set)
                  000077e2    00000006     --HOLE-- [fill = 0]
                  000077e8    00000012     tasks.obj (.text:prvDeleteTCB)
                  000077fa    00000006     --HOLE-- [fill = 0]
                  00007800    00000012     main.obj (.text:vApplicationMallocFailedHook)
                  00007812    00000006     --HOLE-- [fill = 0]
                  00007818    00000012     main.obj (.text:vApplicationStackOverflowHook)
                  0000782a    00000006     --HOLE-- [fill = 0]
                  00007830    00000010     fpu.obj (.text:FPU_enableModule)
                  00007840    00000010     GPIO_Driver.obj (.text:GPIO_High)
                  00007850    00000010     GPIO_Driver.obj (.text:GPIO_Init)
                  00007860    00000010     GPIO_Driver.obj (.text:GPIO_Low)
                  00007870    00000010     interrupt.obj (.text:Interrupt_enableMaster)
                  00007880    00000010     tasks.obj (.text:vTaskSuspendAll)
                  00007890    0000000e     rtsv7M4_T_le_v4SPD16_eabi.lib : copy_decompress_none.c.obj (.text:decompress:none:__TI_decompress_none)
                  0000789e    00000002     --HOLE-- [fill = 0]
                  000078a0    0000000e     ff.obj (.text:st_word)
                  000078ae    00000002     --HOLE-- [fill = 0]
                  000078b0    0000000c     cpu.obj (.text:CPU_cpsie)
                  000078bc    00000004     --HOLE-- [fill = 0]
                  000078c0    0000000c     mmc_MSP432P401r.obj (.text:MMC_disk_status)
                  000078cc    00000004     --HOLE-- [fill = 0]
                  000078d0    0000000c     pcm.obj (.text:PCM_getPowerState)
                  000078dc    00000004     --HOLE-- [fill = 0]
                  000078e0    0000000c     mmc_MSP432P401r.obj (.text:chk_power)
                  000078ec    0000000c     rtsv7M4_T_le_v4SPD16_eabi.lib : copy_zero_init.c.obj (.text:decompress:ZI:__TI_zero_init)
                  000078f8    0000000c     ff.obj (.text:ld_word)
                  00007904    00000004     --HOLE-- [fill = 0]
                  00007908    0000000c     mmc_MSP432P401r.obj (.text:power_off)
                  00007914    00000004     --HOLE-- [fill = 0]
                  00007918    0000000c     trcKernelPort.obj (.text:prvTraceGetQueueNumberHigh16)
                  00007924    00000004     --HOLE-- [fill = 0]
                  00007928    0000000c     trcKernelPort.obj (.text:prvTraceGetTaskNumberHigh16)
                  00007934    00000004     --HOLE-- [fill = 0]
                  00007938    0000000c     mmc_MSP432P401r.obj (.text:rcvr_spi_m)
                  00007944    00000004     --HOLE-- [fill = 0]
                  00007948    0000000c     tasks.obj (.text:vTaskMissedYield)
                  00007954    00000004     --HOLE-- [fill = 0]
                  00007958    0000000c     tasks.obj (.text:xTaskGetCurrentTaskHandle)
                  00007964    00000004     --HOLE-- [fill = 0]
                  00007968    0000000c     tasks.obj (.text:xTaskGetTickCount)
                  00007974    00000004     --HOLE-- [fill = 0]
                  00007978    0000000a     trcKernelPort.obj (.text:prvTraceGetQueueNumberLow16)
                  00007982    00000006     --HOLE-- [fill = 0]
                  00007988    0000000a     trcKernelPort.obj (.text:prvTraceGetTaskNumberLow16)
                  00007992    00000006     --HOLE-- [fill = 0]
                  00007998    0000000a     tasks.obj (.text:uxTaskGetTaskNumber)
                  000079a2    00000006     --HOLE-- [fill = 0]
                  000079a8    00000008     pcm.obj (.text:PCM_setCoreVoltageLevel)
                  000079b0    00000008     pcm.obj (.text:PCM_setPowerMode)
                  000079b8    00000006     queue.obj (.text:ucQueueGetQueueType)
                  000079be    00000002     --HOLE-- [fill = 0]
                  000079c0    00000006     list.obj (.text:vListInitialiseItem)
                  000079c6    00000002     --HOLE-- [fill = 0]
                  000079c8    00000006     tasks.obj (.text:vTaskSetTaskNumber)
                  000079ce    00000002     --HOLE-- [fill = 0]
                  000079d0    00000004     mmc_MSP432P401r.obj (.text:get_fattime)
                  000079d4    00000004     --HOLE-- [fill = 0]
                  000079d8    00000004     queue.obj (.text:uxQueueGetQueueNumber)
                  000079dc    00000004     --HOLE-- [fill = 0]
                  000079e0    00000004     queue.obj (.text:vQueueSetQueueNumber)
                  000079e4    00000004     --HOLE-- [fill = 0]
                  000079e8    00000004     trcSnapshotRecorder.obj (.text:vTraceStart)
                  000079ec    00000004     --HOLE-- [fill = 0]
                  000079f0    00000002     msp432_startup_ccs.obj (.text:defaultISR)
                  000079f2    00000006     --HOLE-- [fill = 0]
                  000079f8    00000002     msp432_startup_ccs.obj (.text:faultISR)
                  000079fa    00000006     --HOLE-- [fill = 0]
                  00007a00    00000002     msp432_startup_ccs.obj (.text:nmiISR)
                  00007a02    00000006     --HOLE-- [fill = 0]
                  00007a08    00000002     main.obj (.text:vApplicationIdleHook)
                  00007a0a    00000006     --HOLE-- [fill = 0]
                  00007a10    00000002     main_blinky.obj (.text:vApplicationTickHook)
                  00007a12    00000006     --HOLE-- [fill = 0]
                  00007a18    00000002     main_blinky.obj (.text:vPreSleepProcessing)

.const     0    00007a1c    00000020     
                  00007a1c    0000000a     ff.obj (.const:.string:DbcTbl)
                  00007a26    00000002     --HOLE-- [fill = 0]
                  00007a28    00000008     interrupt.obj (.const:g_pulEnRegs)
                  00007a30    00000008     port.obj (.const)
                  00007a38    00000004     serial.obj (.const)

.cinit     0    00007a40    00000090     
                  00007a40    00000067     (.cinit..data.load) [load image, compression = lzss]
                  00007aa7    00000001     --HOLE-- [fill = 0]
                  00007aa8    0000000c     (__TI_handler_table)
                  00007ab4    00000004     --HOLE-- [fill = 0]
                  00007ab8    00000008     (.cinit..bss.load) [load image, compression = zero_init]
                  00007ac0    00000010     (__TI_cinit_table)

.bss       0    20000000    0000e6fc     UNINITIALIZED
                  20000000    0000c800     heap_4.obj (.bss:ucHeap)
                  2000c800    00001918     (.common:RecorderData)
                  2000e118    00000230     (.common:sdDriver)
                  2000e348    00000228     (.common:file)
                  2000e570    00000064     tasks.obj (.bss:pxReadyTasksLists)
                  2000e5d4    0000002c     (.common:DI)
                  2000e600    0000002c     (.common:FI)
                  2000e62c    00000014     timers.obj (.bss:xActiveTimerList1)
                  2000e640    00000014     timers.obj (.bss:xActiveTimerList2)
                  2000e654    00000014     tasks.obj (.bss:xDelayedTaskList1)
                  2000e668    00000014     tasks.obj (.bss:xDelayedTaskList2)
                  2000e67c    00000014     tasks.obj (.bss:xPendingReadyList)
                  2000e690    00000014     tasks.obj (.bss:xSuspendedTaskList)
                  2000e6a4    00000014     tasks.obj (.bss:xTasksWaitingTermination)
                  2000e6b8    00000009     mmc_MSP432P401r.obj (.bss)
                  2000e6c1    00000001     (.common:fResult)
                  2000e6c2    00000002     ff.obj (.bss)
                  2000e6c4    00000008     IntQueue.obj (.bss)
                  2000e6cc    00000008     cs.obj (.bss)
                  2000e6d4    00000008     tasks.obj (.bss)
                  2000e6dc    00000008     timers.obj (.bss)
                  2000e6e4    00000008     heap_4.obj (.bss:xStart)
                  2000e6ec    00000004     ff.obj (.bss:FatFs)
                  2000e6f0    00000004     (.common:bw)
                  2000e6f4    00000004     (.common:init_hwtc_count)
                  2000e6f8    00000004     (.common:time)

.data      0    2000e6fc    00000371     UNINITIALIZED
                  2000e6fc    000000c8     IntQueue.obj (.data:ucNormallyEmptyReceivedValues)
                  2000e7c4    000000c8     IntQueue.obj (.data:ucNormallyFullReceivedValues)
                  2000e88c    0000008e     trcSnapshotRecorder.obj (.data:objectHandleStacks)
                  2000e91a    00000002     mmc_MSP432P401r.obj (.data)
                  2000e91c    00000044     trcSnapshotRecorder.obj (.data)
                  2000e960    0000003c     IntQueue.obj (.data)
                  2000e99c    00000034     tasks.obj (.data)
                  2000e9d0    00000030     gpio.obj (.data:GPIO_PORT_TO_BASE)
                  2000ea00    0000001c     dataStorage.obj (.data:SPI0MasterConfig)
                  2000ea1c    00000018     port.obj (.data)
                  2000ea34    00000010     heap_4.obj (.data)
                  2000ea44    00000010     serial.obj (.data)
                  2000ea54    0000000c     timers.obj (.data)
                  2000ea60    00000008     main_blinky.obj (.data)
                  2000ea68    00000005     trcKernelPort.obj (.data:TraceQueueClassTable)

.stack     0    2000fce0    00000320     UNINITIALIZED
                  2000fce0    00000004     rtsv7M4_T_le_v4SPD16_eabi.lib : boot_cortex_m.c.obj (.stack)
                  2000fce4    0000031c     --HOLE--

MODULE SUMMARY

       Module                       code    ro data   rw data
       ------                       ----    -------   -------
    .\
       main.obj                     104     0         0      
    +--+----------------------------+-------+---------+---------+
       Total:                       104     0         0      
                                                             
    .\FreeRTOS_Source\
       tasks.obj                    3752    0         260    
       queue.obj                    3142    0         0      
       timers.obj                   1082    0         60     
       list.obj                     150     0         0      
    +--+----------------------------+-------+---------+---------+
       Total:                       8126    0         320    
                                                             
    .\FreeRTOS_Source\portable\CCS\ARM_CM4F\
       port.obj                     984     8         24     
       portasm.obj                  218     0         0      
    +--+----------------------------+-------+---------+---------+
       Total:                       1202    8         24     
                                                             
    .\FreeRTOS_Source\portable\MemMang\
       heap_4.obj                   680     0         51224  
    +--+----------------------------+-------+---------+---------+
       Total:                       680     0         51224  
                                                             
    .\Full_Demo\
       serial.obj                   180     4         16     
       IntQueueTimer.obj            104     0         0      
    +--+----------------------------+-------+---------+---------+
       Total:                       284     4         16     
                                                             
    .\Full_Demo\Standard_Demo_Tasks\
       IntQueue.obj                 836     0         468    
    +--+----------------------------+-------+---------+---------+
       Total:                       836     0         468    
                                                             
    .\SimplyBlinkyDemo\
       main_blinky.obj              196     0         8      
    +--+----------------------------+-------+---------+---------+
       Total:                       196     0         8      
                                                             
    .\Tracealyzer\
       trcSnapshotRecorder.obj      5948    0         6638   
       trcKernelPort.obj            1494    0         5      
    +--+----------------------------+-------+---------+---------+
       Total:                       7442    0         6643   
                                                             
    .\driverlib\
       cs.obj                       1154    0         8      
       pcm.obj                      638     0         0      
       gpio.obj                     220     0         48     
       interrupt.obj                136     8         0      
       sysctl.obj                   84      0         0      
       flash.obj                    48      0         0      
       fpu.obj                      16      0         0      
       cpu.obj                      12      0         0      
    +--+----------------------------+-------+---------+---------+
       Total:                       2308    8         56     
                                                             
    .\src\
       dataStorage.obj              412     0         1237   
    +--+----------------------------+-------+---------+---------+
       Total:                       412     0         1237   
                                                             
    .\system\CCS\
       msp432_startup_ccs.obj       30      324       0      
       system_msp432p401r.obj       104     0         0      
    +--+----------------------------+-------+---------+---------+
       Total:                       134     324       0      
                                                             
    .\util\Hardware\
       SPI_Driver.obj               184     0         0      
       GPIO_Driver.obj              48      0         0      
       CS_Driver.obj                34      0         0      
    +--+----------------------------+-------+---------+---------+
       Total:                       266     0         0      
                                                             
    .\util\fatfs\
       ff.obj                       5493    10        6      
       mmc_MSP432P401r.obj          1694    0         11     
       diskio.obj                   148     0         0      
    +--+----------------------------+-------+---------+---------+
       Total:                       7335    10        17     
                                                             
    C:/ti/simplelink_msp432p4_sdk_2_40_00_10/source/ti/devices/msp432p4xx/driverlib/ccs/msp432p4xx_driverlib.lib
       spi.o                        240     0         0      
       rtc_c.o                      168     0         0      
    +--+----------------------------+-------+---------+---------+
       Total:                       408     0         0      
                                                             
    C:\ti\ccsv8\tools\compiler\ti-cgt-arm_18.1.1.LTS\lib\rtsv7M4_T_le_v4SPD16_eabi.lib
       memcpy_t2.asm.obj            156     0         0      
       memset_t2.asm.obj            122     0         0      
       copy_decompress_lzss.c.obj   104     0         0      
       autoinit.c.obj               68      0         0      
       boot_cortex_m.c.obj          56      0         0      
       copy_decompress_none.c.obj   14      0         0      
       copy_zero_init.c.obj         12      0         0      
       exit.c.obj                   4       0         0      
       pre_init.c.obj               4       0         0      
    +--+----------------------------+-------+---------+---------+
       Total:                       540     0         0      
                                                             
       Stack:                       0       0         800    
       Linker Generated:            0       139       0      
    +--+----------------------------+-------+---------+---------+
       Grand Total:                 30273   493       60813  


LINKER GENERATED COPY TABLES

__TI_cinit_table @ 00007ac0 records: 2, size/record: 8, table size: 16
	.data: load addr=00007a40, load size=00000067 bytes, run addr=2000e6fc, run size=00000371 bytes, compression=lzss
	.bss: load addr=00007ab8, load size=00000008 bytes, run addr=20000000, run size=0000e6fc bytes, compression=zero_init


LINKER GENERATED HANDLER TABLE

__TI_handler_table @ 00007aa8 records: 3, size/record: 4, table size: 12
	index: 0, handler: __TI_decompress_lzss
	index: 1, handler: __TI_decompress_none
	index: 2, handler: __TI_zero_init


GLOBAL SYMBOLS: SORTED ALPHABETICALLY BY Name 

address   name                                       
-------   ----                                       
00000abd  C$$EXIT                                    
000078b1  CPU_cpsie                                  
00007331  CS_Init                                    
00007291  CS_clearInterruptFlag                      
00002121  CS_getDCOFrequency                         
00007651  CS_getMCLK                                 
00002fc1  CS_initClockSignal                         
00007079  CS_setDCOCenteredFrequency                 
2000e946  CurrentFilterGroup                         
2000e944  CurrentFilterMask                          
2000e5d4  DI                                         
2000e600  FI                                         
00007831  FPU_enableModule                           
00006fb9  FlashCtl_setWaitState                      
00007841  GPIO_High                                  
00007851  GPIO_Init                                  
00007861  GPIO_Low                                   
00007741  GPIO_enableInterrupt                       
000070a9  GPIO_setAsInputPinWithPullUpResistor       
000073d1  GPIO_setAsOutputPin                        
00006439  GPIO_setAsPeripheralModuleFunctionInputPin 
00007759  GPIO_setOutputLowOnPin                     
00007771  GPIO_toggleOutputOnPin                     
00005979  Interrupt_enableInterrupt                  
00007871  Interrupt_enableMaster                     
00001e71  MMC_disk_initialize                        
00001829  MMC_disk_ioctl                             
00005041  MMC_disk_read                              
000078c1  MMC_disk_status                            
00004821  MMC_disk_write                             
00006649  PCM_getCoreVoltageLevel                    
00006c91  PCM_getPowerMode                           
000078d1  PCM_getPowerState                          
000079a9  PCM_setCoreVoltageLevel                    
000079b1  PCM_setPowerMode                           
00005781  RTC_C_getCalendarTime                      
000070d5  RTC_C_startClock                           
2000c800  RecorderData                               
2000e94c  RecorderDataPtr                            
2000ea00  SPI0MasterConfig                           
00006699  SPI_Init                                   
00006df9  SPI_Read                                   
00006e31  SPI_Write                                  
00004b15  SPI_initMaster                             
00006491  SysCtl_getTLVInfo                          
00005df9  SystemInit                                 
2000ea68  TraceQueueClassTable                       
4000480c  WDTCTL_SYM                                 
20010000  __STACK_END                                
00000320  __STACK_SIZE                               
00007ac0  __TI_CINIT_Base                            
00007ad0  __TI_CINIT_Limit                           
00007aa8  __TI_Handler_Table_Base                    
00007ab4  __TI_Handler_Table_Limit                   
00006a41  __TI_auto_init_nobinit_nopinit             
00005e61  __TI_decompress_lzss                       
00007891  __TI_decompress_none                       
ffffffff  __TI_pprof_out_hndl                        
ffffffff  __TI_prof_data_size                        
ffffffff  __TI_prof_data_start                       
00000000  __TI_static_base__                         
000078ed  __TI_zero_init                             
000058fd  __aeabi_memclr                             
000058fd  __aeabi_memclr4                            
000058fd  __aeabi_memclr8                            
00004e69  __aeabi_memcpy                             
00004e69  __aeabi_memcpy4                            
00004e69  __aeabi_memcpy8                            
000058ff  __aeabi_memset                             
000058ff  __aeabi_memset4                            
000058ff  __aeabi_memset8                            
ffffffff  __binit__                                  
ffffffff  __c_args__                                 
UNDEFED   __mpu_init                                 
2000fce0  __stack                                    
00006d4d  _c_int00_noargs                            
UNDEFED   _system_post_cinit                         
000007b5  _system_pre_init                           
00000abd  abort                                      
ffffffff  binit                                      
2000e6f0  bw                                         
00002781  dataStorage                                
00007681  disk_initialize                            
000073f1  disk_ioctl                                 
00007359  disk_read                                  
00007699  disk_status                                
00007381  disk_write                                 
00006b51  eTaskConfirmSleepModeStatus                
2000e6c1  fResult                                    
00007551  f_close                                    
00006829  f_mount                                    
00001151  f_open                                     
000059f1  f_opendir                                  
00006a89  f_readdir                                  
00003421  f_rename                                   
00004fa9  f_sync                                     
00000db1  f_write                                    
2000e348  file                                       
000079d1  get_fattime                                
2000e93d  handle_of_last_logged_task                 
00006069  initSD                                     
2000e6f4  init_hwtc_count                            
00000000  interruptVectors                           
2000e91c  isPendingContextSwitch                     
000077b9  main                                       
00006329  main_blinky                                
00004e69  memcpy                                     
00005905  memset                                     
2000e93c  nISRactive                                 
2000e88c  objectHandleStacks                         
00007411  prvMarkObjectAsUsed                        
00006b91  prvTraceError                              
00007959  prvTraceGetCurrentTaskHandle               
00001fd1  prvTraceGetObjectHandle                    
00003f09  prvTraceGetPriorityProperty                
000079d9  prvTraceGetQueueNumber                     
00007919  prvTraceGetQueueNumberHigh16               
00007979  prvTraceGetQueueNumberLow16                
000079b9  prvTraceGetQueueType                       
00007929  prvTraceGetTaskNumberHigh16                
00007989  prvTraceGetTaskNumberLow16                 
00004c79  prvTraceInitCortexM                        
00006599  prvTracePortGetTimeStamp                   
00003531  prvTraceSetObjectName                      
000044f1  prvTraceSetObjectState                     
000041a1  prvTraceSetPriorityProperty                
000075d1  prvTraceSetQueueNumberHigh16               
000075f1  prvTraceSetQueueNumberLow16                
00005881  prvTraceSetTaskInstanceFinished            
00007611  prvTraceSetTaskNumberHigh16                
00007631  prvTraceSetTaskNumberLow16                 
00001689  prvTraceStoreKernelCall                    
00003311  prvTraceStoreKernelCallWithNumericParamOnly
00000f89  prvTraceStoreKernelCallWithParam           
00003b59  prvTraceStoreTaskReady                     
00003e21  prvTraceStoreTaskswitch                    
00000149  pszTraceGetErrorNotEnoughHandles           
000024f9  pvPortMalloc                               
2000e99c  pxCurrentTCB                               
00007131  pxPortInitialiseStack                      
2000e930  recorder_busy                              
2000e118  sdDriver                                   
2000e6f8  time                                       
2000e934  timestampFrequency                         
2000e938  traceErrorMessage                          
2000e928  trace_disable_timestamp                    
000079b9  ucQueueGetQueueType                        
000029f1  uiIndexOfObject                            
00003c51  uiTraceStart                               
2000e924  uiTraceTickCount                           
00007a30  ulMaxSyscallInterruptPriority              
000040d5  ulPortGetIPSR                              
00007269  uxListRemove                               
000079d9  uxQueueGetQueueNumber                      
00007999  uxTaskGetTaskNumber                        
00007a09  vApplicationIdleHook                       
00007801  vApplicationMallocFailedHook               
00007819  vApplicationStackOverflowHook              
00007a11  vApplicationTickHook                       
000074d1  vListInitialise                            
000079c1  vListInitialiseItem                        
00006ed9  vListInsert                                
000076e1  vListInsertEnd                             
00004191  vPortEnableVFP                             
00006c51  vPortEnterCritical                         
00007049  vPortExitCritical                          
000053c1  vPortFree                                  
0000414d  vPortSVCHandler                            
00005f31  vPortSetupTimerInterrupt                   
0000416d  vPortStartFirstTask                        
000028b9  vPortSuppressTicksAndSleep                 
00006139  vPortValidateInterruptPriority             
00007a19  vPreSleepProcessing                        
000079e1  vQueueSetQueueNumber                       
000069f9  vQueueWaitForMessageRestricted             
00006f11  vT32_0_Handler                             
00006f49  vT32_1_Handler                             
00004f09  vTaskDelay                                 
000076f9  vTaskInternalSetTimeOutState               
00007949  vTaskMissedYield                           
00002d79  vTaskNotifyGiveFromISR                     
00006dc1  vTaskPlaceOnEventList                      
00005569  vTaskPlaceOnEventListRestricted            
000079c9  vTaskSetTaskNumber                         
00005679  vTaskStartScheduler                        
00006f81  vTaskStepTick                              
00007881  vTaskSuspendAll                            
00004279  vTaskSwitchContext                         
00004d21  vTraceEnable                               
000045c1  vTraceInitObjectHandleStack                
000030e1  vTraceInitObjectPropertyTable              
000079e9  vTraceStart                                
000072e1  vTraceStop                                 
2000e940  vTraceStopHookPtr                          
000049a1  vTraceStoreMemMangEvent                    
00004a61  vUART_Handler                              
00002b21  xFirstTimerHandler                         
000040ed  xPortPendSVHandler                         
00003fe9  xPortStartScheduler                        
00007191  xPortSysTickHandler                        
00005a69  xQueueGenericCreate                        
000052a1  xQueueGenericReset                         
000004a9  xQueueGenericSend                          
00001b61  xQueueGenericSendFromISR                   
000071c1  xQueueIsQueueFullFromISR                   
00000ac1  xQueueReceive                              
000023b1  xQueueReceiveFromISR                       
00001319  xSecondTimerHandler                        
00005209  xTaskCheckForTimeOut                       
00005f99  xTaskCreate                                
00007959  xTaskGetCurrentTaskHandle                  
00007491  xTaskGetSchedulerState                     
00007969  xTaskGetTickCount                          
000019c9  xTaskIncrementTick                         
00002ea1  xTaskPriorityDisinherit                    
00004761  xTaskRemoveFromEventList                   
00002c51  xTaskResumeAll                             
00006389  xTimerCreateTimerTask                      
00005ae1  xTimerGenericCommand                       


GLOBAL SYMBOLS: SORTED BY Symbol Address 

address   name                                       
-------   ----                                       
00000000  __TI_static_base__                         
00000000  interruptVectors                           
00000149  pszTraceGetErrorNotEnoughHandles           
00000320  __STACK_SIZE                               
000004a9  xQueueGenericSend                          
000007b5  _system_pre_init                           
00000abd  C$$EXIT                                    
00000abd  abort                                      
00000ac1  xQueueReceive                              
00000db1  f_write                                    
00000f89  prvTraceStoreKernelCallWithParam           
00001151  f_open                                     
00001319  xSecondTimerHandler                        
00001689  prvTraceStoreKernelCall                    
00001829  MMC_disk_ioctl                             
000019c9  xTaskIncrementTick                         
00001b61  xQueueGenericSendFromISR                   
00001e71  MMC_disk_initialize                        
00001fd1  prvTraceGetObjectHandle                    
00002121  CS_getDCOFrequency                         
000023b1  xQueueReceiveFromISR                       
000024f9  pvPortMalloc                               
00002781  dataStorage                                
000028b9  vPortSuppressTicksAndSleep                 
000029f1  uiIndexOfObject                            
00002b21  xFirstTimerHandler                         
00002c51  xTaskResumeAll                             
00002d79  vTaskNotifyGiveFromISR                     
00002ea1  xTaskPriorityDisinherit                    
00002fc1  CS_initClockSignal                         
000030e1  vTraceInitObjectPropertyTable              
00003311  prvTraceStoreKernelCallWithNumericParamOnly
00003421  f_rename                                   
00003531  prvTraceSetObjectName                      
00003b59  prvTraceStoreTaskReady                     
00003c51  uiTraceStart                               
00003e21  prvTraceStoreTaskswitch                    
00003f09  prvTraceGetPriorityProperty                
00003fe9  xPortStartScheduler                        
000040d5  ulPortGetIPSR                              
000040ed  xPortPendSVHandler                         
0000414d  vPortSVCHandler                            
0000416d  vPortStartFirstTask                        
00004191  vPortEnableVFP                             
000041a1  prvTraceSetPriorityProperty                
00004279  vTaskSwitchContext                         
000044f1  prvTraceSetObjectState                     
000045c1  vTraceInitObjectHandleStack                
00004761  xTaskRemoveFromEventList                   
00004821  MMC_disk_write                             
000049a1  vTraceStoreMemMangEvent                    
00004a61  vUART_Handler                              
00004b15  SPI_initMaster                             
00004c79  prvTraceInitCortexM                        
00004d21  vTraceEnable                               
00004e69  __aeabi_memcpy                             
00004e69  __aeabi_memcpy4                            
00004e69  __aeabi_memcpy8                            
00004e69  memcpy                                     
00004f09  vTaskDelay                                 
00004fa9  f_sync                                     
00005041  MMC_disk_read                              
00005209  xTaskCheckForTimeOut                       
000052a1  xQueueGenericReset                         
000053c1  vPortFree                                  
00005569  vTaskPlaceOnEventListRestricted            
00005679  vTaskStartScheduler                        
00005781  RTC_C_getCalendarTime                      
00005881  prvTraceSetTaskInstanceFinished            
000058fd  __aeabi_memclr                             
000058fd  __aeabi_memclr4                            
000058fd  __aeabi_memclr8                            
000058ff  __aeabi_memset                             
000058ff  __aeabi_memset4                            
000058ff  __aeabi_memset8                            
00005905  memset                                     
00005979  Interrupt_enableInterrupt                  
000059f1  f_opendir                                  
00005a69  xQueueGenericCreate                        
00005ae1  xTimerGenericCommand                       
00005df9  SystemInit                                 
00005e61  __TI_decompress_lzss                       
00005f31  vPortSetupTimerInterrupt                   
00005f99  xTaskCreate                                
00006069  initSD                                     
00006139  vPortValidateInterruptPriority             
00006329  main_blinky                                
00006389  xTimerCreateTimerTask                      
00006439  GPIO_setAsPeripheralModuleFunctionInputPin 
00006491  SysCtl_getTLVInfo                          
00006599  prvTracePortGetTimeStamp                   
00006649  PCM_getCoreVoltageLevel                    
00006699  SPI_Init                                   
00006829  f_mount                                    
000069f9  vQueueWaitForMessageRestricted             
00006a41  __TI_auto_init_nobinit_nopinit             
00006a89  f_readdir                                  
00006b51  eTaskConfirmSleepModeStatus                
00006b91  prvTraceError                              
00006c51  vPortEnterCritical                         
00006c91  PCM_getPowerMode                           
00006d4d  _c_int00_noargs                            
00006dc1  vTaskPlaceOnEventList                      
00006df9  SPI_Read                                   
00006e31  SPI_Write                                  
00006ed9  vListInsert                                
00006f11  vT32_0_Handler                             
00006f49  vT32_1_Handler                             
00006f81  vTaskStepTick                              
00006fb9  FlashCtl_setWaitState                      
00007049  vPortExitCritical                          
00007079  CS_setDCOCenteredFrequency                 
000070a9  GPIO_setAsInputPinWithPullUpResistor       
000070d5  RTC_C_startClock                           
00007131  pxPortInitialiseStack                      
00007191  xPortSysTickHandler                        
000071c1  xQueueIsQueueFullFromISR                   
00007269  uxListRemove                               
00007291  CS_clearInterruptFlag                      
000072e1  vTraceStop                                 
00007331  CS_Init                                    
00007359  disk_read                                  
00007381  disk_write                                 
000073d1  GPIO_setAsOutputPin                        
000073f1  disk_ioctl                                 
00007411  prvMarkObjectAsUsed                        
00007491  xTaskGetSchedulerState                     
000074d1  vListInitialise                            
00007551  f_close                                    
000075d1  prvTraceSetQueueNumberHigh16               
000075f1  prvTraceSetQueueNumberLow16                
00007611  prvTraceSetTaskNumberHigh16                
00007631  prvTraceSetTaskNumberLow16                 
00007651  CS_getMCLK                                 
00007681  disk_initialize                            
00007699  disk_status                                
000076e1  vListInsertEnd                             
000076f9  vTaskInternalSetTimeOutState               
00007741  GPIO_enableInterrupt                       
00007759  GPIO_setOutputLowOnPin                     
00007771  GPIO_toggleOutputOnPin                     
000077b9  main                                       
00007801  vApplicationMallocFailedHook               
00007819  vApplicationStackOverflowHook              
00007831  FPU_enableModule                           
00007841  GPIO_High                                  
00007851  GPIO_Init                                  
00007861  GPIO_Low                                   
00007871  Interrupt_enableMaster                     
00007881  vTaskSuspendAll                            
00007891  __TI_decompress_none                       
000078b1  CPU_cpsie                                  
000078c1  MMC_disk_status                            
000078d1  PCM_getPowerState                          
000078ed  __TI_zero_init                             
00007919  prvTraceGetQueueNumberHigh16               
00007929  prvTraceGetTaskNumberHigh16                
00007949  vTaskMissedYield                           
00007959  prvTraceGetCurrentTaskHandle               
00007959  xTaskGetCurrentTaskHandle                  
00007969  xTaskGetTickCount                          
00007979  prvTraceGetQueueNumberLow16                
00007989  prvTraceGetTaskNumberLow16                 
00007999  uxTaskGetTaskNumber                        
000079a9  PCM_setCoreVoltageLevel                    
000079b1  PCM_setPowerMode                           
000079b9  prvTraceGetQueueType                       
000079b9  ucQueueGetQueueType                        
000079c1  vListInitialiseItem                        
000079c9  vTaskSetTaskNumber                         
000079d1  get_fattime                                
000079d9  prvTraceGetQueueNumber                     
000079d9  uxQueueGetQueueNumber                      
000079e1  vQueueSetQueueNumber                       
000079e9  vTraceStart                                
00007a09  vApplicationIdleHook                       
00007a11  vApplicationTickHook                       
00007a19  vPreSleepProcessing                        
00007a30  ulMaxSyscallInterruptPriority              
00007aa8  __TI_Handler_Table_Base                    
00007ab4  __TI_Handler_Table_Limit                   
00007ac0  __TI_CINIT_Base                            
00007ad0  __TI_CINIT_Limit                           
2000c800  RecorderData                               
2000e118  sdDriver                                   
2000e348  file                                       
2000e5d4  DI                                         
2000e600  FI                                         
2000e6c1  fResult                                    
2000e6f0  bw                                         
2000e6f4  init_hwtc_count                            
2000e6f8  time                                       
2000e88c  objectHandleStacks                         
2000e91c  isPendingContextSwitch                     
2000e924  uiTraceTickCount                           
2000e928  trace_disable_timestamp                    
2000e930  recorder_busy                              
2000e934  timestampFrequency                         
2000e938  traceErrorMessage                          
2000e93c  nISRactive                                 
2000e93d  handle_of_last_logged_task                 
2000e940  vTraceStopHookPtr                          
2000e944  CurrentFilterMask                          
2000e946  CurrentFilterGroup                         
2000e94c  RecorderDataPtr                            
2000e99c  pxCurrentTCB                               
2000ea00  SPI0MasterConfig                           
2000ea68  TraceQueueClassTable                       
2000fce0  __stack                                    
20010000  __STACK_END                                
4000480c  WDTCTL_SYM                                 
ffffffff  __TI_pprof_out_hndl                        
ffffffff  __TI_prof_data_size                        
ffffffff  __TI_prof_data_start                       
ffffffff  __binit__                                  
ffffffff  __c_args__                                 
ffffffff  binit                                      
UNDEFED   __mpu_init                                 
UNDEFED   _system_post_cinit                         

[219 symbols]
