<?xml version="1.0" encoding="ISO-8859-1" ?>
<link_info>
   <banner>TI ARM Linker PC v18.1.1.LTS</banner>
   <copyright>Copyright (c) 1996-2017 Texas Instruments Incorporated</copyright>
   <link_time>0x5cffa897</link_time>
   <link_errors>0x0</link_errors>
   <output_file>Firmware_OBC.out</output_file>
   <entry_point>
      <name>_c_int00_noargs</name>
      <address>0x7b1d</address>
   </entry_point>
   <input_file_list>
      <input_file id="fl-2">
         <path>.\</path>
         <kind>object</kind>
         <file>main.obj</file>
         <name>main.obj</name>
      </input_file>
      <input_file id="fl-3">
         <path>.\FreeRTOS_Source\</path>
         <kind>object</kind>
         <file>croutine.obj</file>
         <name>croutine.obj</name>
      </input_file>
      <input_file id="fl-4">
         <path>.\FreeRTOS_Source\</path>
         <kind>object</kind>
         <file>event_groups.obj</file>
         <name>event_groups.obj</name>
      </input_file>
      <input_file id="fl-5">
         <path>.\FreeRTOS_Source\</path>
         <kind>object</kind>
         <file>list.obj</file>
         <name>list.obj</name>
      </input_file>
      <input_file id="fl-6">
         <path>.\FreeRTOS_Source\</path>
         <kind>object</kind>
         <file>queue.obj</file>
         <name>queue.obj</name>
      </input_file>
      <input_file id="fl-7">
         <path>.\FreeRTOS_Source\</path>
         <kind>object</kind>
         <file>stream_buffer.obj</file>
         <name>stream_buffer.obj</name>
      </input_file>
      <input_file id="fl-8">
         <path>.\FreeRTOS_Source\</path>
         <kind>object</kind>
         <file>tasks.obj</file>
         <name>tasks.obj</name>
      </input_file>
      <input_file id="fl-9">
         <path>.\FreeRTOS_Source\</path>
         <kind>object</kind>
         <file>timers.obj</file>
         <name>timers.obj</name>
      </input_file>
      <input_file id="fl-a">
         <path>.\FreeRTOS_Source\portable\CCS\ARM_CM4F\</path>
         <kind>object</kind>
         <file>port.obj</file>
         <name>port.obj</name>
      </input_file>
      <input_file id="fl-b">
         <path>.\FreeRTOS_Source\portable\CCS\ARM_CM4F\</path>
         <kind>object</kind>
         <file>portasm.obj</file>
         <name>portasm.obj</name>
      </input_file>
      <input_file id="fl-c">
         <path>.\FreeRTOS_Source\portable\MemMang\</path>
         <kind>object</kind>
         <file>heap_4.obj</file>
         <name>heap_4.obj</name>
      </input_file>
      <input_file id="fl-d">
         <path>.\Full_Demo\FreeRTOS+CLI\</path>
         <kind>object</kind>
         <file>FreeRTOS_CLI.obj</file>
         <name>FreeRTOS_CLI.obj</name>
      </input_file>
      <input_file id="fl-e">
         <path>.\Full_Demo\</path>
         <kind>object</kind>
         <file>IntQueueTimer.obj</file>
         <name>IntQueueTimer.obj</name>
      </input_file>
      <input_file id="fl-f">
         <path>.\Full_Demo\</path>
         <kind>object</kind>
         <file>RegTest.obj</file>
         <name>RegTest.obj</name>
      </input_file>
      <input_file id="fl-10">
         <path>.\Full_Demo\</path>
         <kind>object</kind>
         <file>RunTimeStatsTimer.obj</file>
         <name>RunTimeStatsTimer.obj</name>
      </input_file>
      <input_file id="fl-11">
         <path>.\Full_Demo\</path>
         <kind>object</kind>
         <file>Sample-CLI-commands.obj</file>
         <name>Sample-CLI-commands.obj</name>
      </input_file>
      <input_file id="fl-12">
         <path>.\Full_Demo\</path>
         <kind>object</kind>
         <file>UARTCommandConsole.obj</file>
         <name>UARTCommandConsole.obj</name>
      </input_file>
      <input_file id="fl-13">
         <path>.\Full_Demo\</path>
         <kind>object</kind>
         <file>main_full.obj</file>
         <name>main_full.obj</name>
      </input_file>
      <input_file id="fl-14">
         <path>.\Full_Demo\</path>
         <kind>object</kind>
         <file>serial.obj</file>
         <name>serial.obj</name>
      </input_file>
      <input_file id="fl-15">
         <path>.\Full_Demo\Standard_Demo_Tasks\</path>
         <kind>object</kind>
         <file>EventGroupsDemo.obj</file>
         <name>EventGroupsDemo.obj</name>
      </input_file>
      <input_file id="fl-16">
         <path>.\Full_Demo\Standard_Demo_Tasks\</path>
         <kind>object</kind>
         <file>GenQTest.obj</file>
         <name>GenQTest.obj</name>
      </input_file>
      <input_file id="fl-17">
         <path>.\Full_Demo\Standard_Demo_Tasks\</path>
         <kind>object</kind>
         <file>IntQueue.obj</file>
         <name>IntQueue.obj</name>
      </input_file>
      <input_file id="fl-18">
         <path>.\Full_Demo\Standard_Demo_Tasks\</path>
         <kind>object</kind>
         <file>IntSemTest.obj</file>
         <name>IntSemTest.obj</name>
      </input_file>
      <input_file id="fl-19">
         <path>.\Full_Demo\Standard_Demo_Tasks\</path>
         <kind>object</kind>
         <file>TaskNotify.obj</file>
         <name>TaskNotify.obj</name>
      </input_file>
      <input_file id="fl-1a">
         <path>.\Full_Demo\Standard_Demo_Tasks\</path>
         <kind>object</kind>
         <file>TimerDemo.obj</file>
         <name>TimerDemo.obj</name>
      </input_file>
      <input_file id="fl-1b">
         <path>.\Full_Demo\Standard_Demo_Tasks\</path>
         <kind>object</kind>
         <file>countsem.obj</file>
         <name>countsem.obj</name>
      </input_file>
      <input_file id="fl-1c">
         <path>.\Full_Demo\Standard_Demo_Tasks\</path>
         <kind>object</kind>
         <file>recmutex.obj</file>
         <name>recmutex.obj</name>
      </input_file>
      <input_file id="fl-1d">
         <path>.\Full_Demo\Standard_Demo_Tasks\</path>
         <kind>object</kind>
         <file>semtest.obj</file>
         <name>semtest.obj</name>
      </input_file>
      <input_file id="fl-1e">
         <path>.\Full_Demo\Standard_Demo_Tasks\</path>
         <kind>object</kind>
         <file>sp_flop.obj</file>
         <name>sp_flop.obj</name>
      </input_file>
      <input_file id="fl-1f">
         <path>.\SimplyBlinkyDemo\</path>
         <kind>object</kind>
         <file>main_blinky.obj</file>
         <name>main_blinky.obj</name>
      </input_file>
      <input_file id="fl-20">
         <path>.\Tracealyzer\</path>
         <kind>object</kind>
         <file>trcKernelPort.obj</file>
         <name>trcKernelPort.obj</name>
      </input_file>
      <input_file id="fl-21">
         <path>.\Tracealyzer\</path>
         <kind>object</kind>
         <file>trcSnapshotRecorder.obj</file>
         <name>trcSnapshotRecorder.obj</name>
      </input_file>
      <input_file id="fl-22">
         <path>.\Tracealyzer\</path>
         <kind>object</kind>
         <file>trcStreamingRecorder.obj</file>
         <name>trcStreamingRecorder.obj</name>
      </input_file>
      <input_file id="fl-23">
         <path>.\driverlib\</path>
         <kind>object</kind>
         <file>cpu.obj</file>
         <name>cpu.obj</name>
      </input_file>
      <input_file id="fl-24">
         <path>.\driverlib\</path>
         <kind>object</kind>
         <file>cs.obj</file>
         <name>cs.obj</name>
      </input_file>
      <input_file id="fl-25">
         <path>.\driverlib\</path>
         <kind>object</kind>
         <file>flash.obj</file>
         <name>flash.obj</name>
      </input_file>
      <input_file id="fl-26">
         <path>.\driverlib\</path>
         <kind>object</kind>
         <file>fpu.obj</file>
         <name>fpu.obj</name>
      </input_file>
      <input_file id="fl-27">
         <path>.\driverlib\</path>
         <kind>object</kind>
         <file>gpio.obj</file>
         <name>gpio.obj</name>
      </input_file>
      <input_file id="fl-28">
         <path>.\driverlib\</path>
         <kind>object</kind>
         <file>interrupt.obj</file>
         <name>interrupt.obj</name>
      </input_file>
      <input_file id="fl-29">
         <path>.\driverlib\</path>
         <kind>object</kind>
         <file>pcm.obj</file>
         <name>pcm.obj</name>
      </input_file>
      <input_file id="fl-2a">
         <path>.\driverlib\</path>
         <kind>object</kind>
         <file>sysctl.obj</file>
         <name>sysctl.obj</name>
      </input_file>
      <input_file id="fl-2b">
         <path>.\driverlib\</path>
         <kind>object</kind>
         <file>timer32.obj</file>
         <name>timer32.obj</name>
      </input_file>
      <input_file id="fl-2c">
         <path>.\driverlib\</path>
         <kind>object</kind>
         <file>uart.obj</file>
         <name>uart.obj</name>
      </input_file>
      <input_file id="fl-2d">
         <path>.\driverlib\</path>
         <kind>object</kind>
         <file>wdt_a.obj</file>
         <name>wdt_a.obj</name>
      </input_file>
      <input_file id="fl-2e">
         <path>.\interface\</path>
         <kind>object</kind>
         <file>MPU9250.obj</file>
         <name>MPU9250.obj</name>
      </input_file>
      <input_file id="fl-2f">
         <path>.\src\</path>
         <kind>object</kind>
         <file>dataStorage.obj</file>
         <name>dataStorage.obj</name>
      </input_file>
      <input_file id="fl-30">
         <path>.\src\</path>
         <kind>object</kind>
         <file>houseKeeping.obj</file>
         <name>houseKeeping.obj</name>
      </input_file>
      <input_file id="fl-31">
         <path>.\src\</path>
         <kind>object</kind>
         <file>taskManager.obj</file>
         <name>taskManager.obj</name>
      </input_file>
      <input_file id="fl-32">
         <path>.\system\CCS\</path>
         <kind>object</kind>
         <file>msp432_startup_ccs.obj</file>
         <name>msp432_startup_ccs.obj</name>
      </input_file>
      <input_file id="fl-33">
         <path>.\system\CCS\</path>
         <kind>object</kind>
         <file>printf-stdarg.obj</file>
         <name>printf-stdarg.obj</name>
      </input_file>
      <input_file id="fl-34">
         <path>.\system\CCS\</path>
         <kind>object</kind>
         <file>system_msp432p401r.obj</file>
         <name>system_msp432p401r.obj</name>
      </input_file>
      <input_file id="fl-35">
         <path>.\util\Devices\</path>
         <kind>object</kind>
         <file>MSPIO.obj</file>
         <name>MSPIO.obj</name>
      </input_file>
      <input_file id="fl-36">
         <path>.\util\Hardware\</path>
         <kind>object</kind>
         <file>CS_Driver.obj</file>
         <name>CS_Driver.obj</name>
      </input_file>
      <input_file id="fl-37">
         <path>.\util\Hardware\</path>
         <kind>object</kind>
         <file>GPIO_Driver.obj</file>
         <name>GPIO_Driver.obj</name>
      </input_file>
      <input_file id="fl-38">
         <path>.\util\Hardware\</path>
         <kind>object</kind>
         <file>SPI_Driver.obj</file>
         <name>SPI_Driver.obj</name>
      </input_file>
      <input_file id="fl-39">
         <path>.\util\Hardware\</path>
         <kind>object</kind>
         <file>TIMERA_Driver.obj</file>
         <name>TIMERA_Driver.obj</name>
      </input_file>
      <input_file id="fl-3a">
         <path>.\util\Hardware\</path>
         <kind>object</kind>
         <file>UART_Driver.obj</file>
         <name>UART_Driver.obj</name>
      </input_file>
      <input_file id="fl-3b">
         <path>.\util\</path>
         <kind>object</kind>
         <file>dtoa.obj</file>
         <name>dtoa.obj</name>
      </input_file>
      <input_file id="fl-3c">
         <path>.\util\</path>
         <kind>object</kind>
         <file>itoa.obj</file>
         <name>itoa.obj</name>
      </input_file>
      <input_file id="fl-3d">
         <path>.\util\fatfs\</path>
         <kind>object</kind>
         <file>diskio.obj</file>
         <name>diskio.obj</name>
      </input_file>
      <input_file id="fl-3e">
         <path>.\util\fatfs\</path>
         <kind>object</kind>
         <file>ff.obj</file>
         <name>ff.obj</name>
      </input_file>
      <input_file id="fl-3f">
         <path>.\util\fatfs\</path>
         <kind>object</kind>
         <file>ffsystem.obj</file>
         <name>ffsystem.obj</name>
      </input_file>
      <input_file id="fl-40">
         <path>.\util\fatfs\</path>
         <kind>object</kind>
         <file>ffunicode.obj</file>
         <name>ffunicode.obj</name>
      </input_file>
      <input_file id="fl-41">
         <path>.\util\fatfs\</path>
         <kind>object</kind>
         <file>mmc_MSP432P401r.obj</file>
         <name>mmc_MSP432P401r.obj</name>
      </input_file>
      <input_file id="fl-46">
         <kind>object</kind>
         <file>&lt;internal&gt;</file>
         <name>&lt;internal&gt;</name>
      </input_file>
      <input_file id="fl-fc">
         <path>C:\ti\ccsv8\tools\compiler\ti-cgt-arm_18.1.1.LTS\lib\</path>
         <kind>archive</kind>
         <file>rtsv7M4_T_le_v4SPD16_eabi.lib</file>
         <name>e_log10.c.obj</name>
      </input_file>
      <input_file id="fl-fd">
         <path>C:\ti\ccsv8\tools\compiler\ti-cgt-arm_18.1.1.LTS\lib\</path>
         <kind>archive</kind>
         <file>rtsv7M4_T_le_v4SPD16_eabi.lib</file>
         <name>e_pow.c.obj</name>
      </input_file>
      <input_file id="fl-fe">
         <path>C:\ti\ccsv8\tools\compiler\ti-cgt-arm_18.1.1.LTS\lib\</path>
         <kind>archive</kind>
         <file>rtsv7M4_T_le_v4SPD16_eabi.lib</file>
         <name>e_sqrt.c.obj</name>
      </input_file>
      <input_file id="fl-ff">
         <path>C:\ti\ccsv8\tools\compiler\ti-cgt-arm_18.1.1.LTS\lib\</path>
         <kind>archive</kind>
         <file>rtsv7M4_T_le_v4SPD16_eabi.lib</file>
         <name>s_floor.c.obj</name>
      </input_file>
      <input_file id="fl-100">
         <path>C:\ti\ccsv8\tools\compiler\ti-cgt-arm_18.1.1.LTS\lib\</path>
         <kind>archive</kind>
         <file>rtsv7M4_T_le_v4SPD16_eabi.lib</file>
         <name>s_scalbn.c.obj</name>
      </input_file>
      <input_file id="fl-101">
         <path>C:\ti\ccsv8\tools\compiler\ti-cgt-arm_18.1.1.LTS\lib\</path>
         <kind>archive</kind>
         <file>rtsv7M4_T_le_v4SPD16_eabi.lib</file>
         <name>s_copysign.c.obj</name>
      </input_file>
      <input_file id="fl-102">
         <path>C:\ti\ccsv8\tools\compiler\ti-cgt-arm_18.1.1.LTS\lib\</path>
         <kind>archive</kind>
         <file>rtsv7M4_T_le_v4SPD16_eabi.lib</file>
         <name>u_divt2.asm.obj</name>
      </input_file>
      <input_file id="fl-103">
         <path>C:\ti\ccsv8\tools\compiler\ti-cgt-arm_18.1.1.LTS\lib\</path>
         <kind>archive</kind>
         <file>rtsv7M4_T_le_v4SPD16_eabi.lib</file>
         <name>fd_add_t2.asm.obj</name>
      </input_file>
      <input_file id="fl-104">
         <path>C:\ti\ccsv8\tools\compiler\ti-cgt-arm_18.1.1.LTS\lib\</path>
         <kind>archive</kind>
         <file>rtsv7M4_T_le_v4SPD16_eabi.lib</file>
         <name>fd_cmp_t2.asm.obj</name>
      </input_file>
      <input_file id="fl-105">
         <path>C:\ti\ccsv8\tools\compiler\ti-cgt-arm_18.1.1.LTS\lib\</path>
         <kind>archive</kind>
         <file>rtsv7M4_T_le_v4SPD16_eabi.lib</file>
         <name>fd_div_t2.asm.obj</name>
      </input_file>
      <input_file id="fl-106">
         <path>C:\ti\ccsv8\tools\compiler\ti-cgt-arm_18.1.1.LTS\lib\</path>
         <kind>archive</kind>
         <file>rtsv7M4_T_le_v4SPD16_eabi.lib</file>
         <name>fd_mul_t2.asm.obj</name>
      </input_file>
      <input_file id="fl-107">
         <path>C:\ti\ccsv8\tools\compiler\ti-cgt-arm_18.1.1.LTS\lib\</path>
         <kind>archive</kind>
         <file>rtsv7M4_T_le_v4SPD16_eabi.lib</file>
         <name>fd_toi_t2.asm.obj</name>
      </input_file>
      <input_file id="fl-108">
         <path>C:\ti\ccsv8\tools\compiler\ti-cgt-arm_18.1.1.LTS\lib\</path>
         <kind>archive</kind>
         <file>rtsv7M4_T_le_v4SPD16_eabi.lib</file>
         <name>fd_tou_t2.asm.obj</name>
      </input_file>
      <input_file id="fl-109">
         <path>C:\ti\ccsv8\tools\compiler\ti-cgt-arm_18.1.1.LTS\lib\</path>
         <kind>archive</kind>
         <file>rtsv7M4_T_le_v4SPD16_eabi.lib</file>
         <name>fs_tod_t2.asm.obj</name>
      </input_file>
      <input_file id="fl-10a">
         <path>C:\ti\ccsv8\tools\compiler\ti-cgt-arm_18.1.1.LTS\lib\</path>
         <kind>archive</kind>
         <file>rtsv7M4_T_le_v4SPD16_eabi.lib</file>
         <name>i_tofd_t2.asm.obj</name>
      </input_file>
      <input_file id="fl-10b">
         <path>C:\ti\ccsv8\tools\compiler\ti-cgt-arm_18.1.1.LTS\lib\</path>
         <kind>archive</kind>
         <file>rtsv7M4_T_le_v4SPD16_eabi.lib</file>
         <name>memcpy_t2.asm.obj</name>
      </input_file>
      <input_file id="fl-10c">
         <path>C:\ti\ccsv8\tools\compiler\ti-cgt-arm_18.1.1.LTS\lib\</path>
         <kind>archive</kind>
         <file>rtsv7M4_T_le_v4SPD16_eabi.lib</file>
         <name>ll_div_t2.asm.obj</name>
      </input_file>
      <input_file id="fl-10d">
         <path>C:\ti\ccsv8\tools\compiler\ti-cgt-arm_18.1.1.LTS\lib\</path>
         <kind>archive</kind>
         <file>rtsv7M4_T_le_v4SPD16_eabi.lib</file>
         <name>ull_div_t2.asm.obj</name>
      </input_file>
      <input_file id="fl-10e">
         <path>C:\ti\ccsv8\tools\compiler\ti-cgt-arm_18.1.1.LTS\lib\</path>
         <kind>archive</kind>
         <file>rtsv7M4_T_le_v4SPD16_eabi.lib</file>
         <name>memset_t2.asm.obj</name>
      </input_file>
      <input_file id="fl-10f">
         <path>C:\ti\ccsv8\tools\compiler\ti-cgt-arm_18.1.1.LTS\lib\</path>
         <kind>archive</kind>
         <file>rtsv7M4_T_le_v4SPD16_eabi.lib</file>
         <name>copy_zero_init.c.obj</name>
      </input_file>
      <input_file id="fl-110">
         <path>C:\ti\ccsv8\tools\compiler\ti-cgt-arm_18.1.1.LTS\lib\</path>
         <kind>archive</kind>
         <file>rtsv7M4_T_le_v4SPD16_eabi.lib</file>
         <name>copy_decompress_none.c.obj</name>
      </input_file>
      <input_file id="fl-111">
         <path>C:\ti\ccsv8\tools\compiler\ti-cgt-arm_18.1.1.LTS\lib\</path>
         <kind>archive</kind>
         <file>rtsv7M4_T_le_v4SPD16_eabi.lib</file>
         <name>copy_decompress_lzss.c.obj</name>
      </input_file>
      <input_file id="fl-112">
         <path>C:\ti\ccsv8\tools\compiler\ti-cgt-arm_18.1.1.LTS\lib\</path>
         <kind>archive</kind>
         <file>rtsv7M4_T_le_v4SPD16_eabi.lib</file>
         <name>boot_cortex_m.c.obj</name>
      </input_file>
      <input_file id="fl-113">
         <path>C:\ti\ccsv8\tools\compiler\ti-cgt-arm_18.1.1.LTS\lib\</path>
         <kind>archive</kind>
         <file>rtsv7M4_T_le_v4SPD16_eabi.lib</file>
         <name>errno.c.obj</name>
      </input_file>
      <input_file id="fl-114">
         <path>C:\ti\ccsv8\tools\compiler\ti-cgt-arm_18.1.1.LTS\lib\</path>
         <kind>archive</kind>
         <file>rtsv7M4_T_le_v4SPD16_eabi.lib</file>
         <name>exit.c.obj</name>
      </input_file>
      <input_file id="fl-115">
         <path>C:\ti\ccsv8\tools\compiler\ti-cgt-arm_18.1.1.LTS\lib\</path>
         <kind>archive</kind>
         <file>rtsv7M4_T_le_v4SPD16_eabi.lib</file>
         <name>_lock.c.obj</name>
      </input_file>
      <input_file id="fl-116">
         <path>C:\ti\ccsv8\tools\compiler\ti-cgt-arm_18.1.1.LTS\lib\</path>
         <kind>archive</kind>
         <file>rtsv7M4_T_le_v4SPD16_eabi.lib</file>
         <name>args_main.c.obj</name>
      </input_file>
      <input_file id="fl-117">
         <path>C:\ti\ccsv8\tools\compiler\ti-cgt-arm_18.1.1.LTS\lib\</path>
         <kind>archive</kind>
         <file>rtsv7M4_T_le_v4SPD16_eabi.lib</file>
         <name>strcmp.c.obj</name>
      </input_file>
      <input_file id="fl-118">
         <path>C:\ti\ccsv8\tools\compiler\ti-cgt-arm_18.1.1.LTS\lib\</path>
         <kind>archive</kind>
         <file>rtsv7M4_T_le_v4SPD16_eabi.lib</file>
         <name>strcpy.c.obj</name>
      </input_file>
      <input_file id="fl-119">
         <path>C:\ti\ccsv8\tools\compiler\ti-cgt-arm_18.1.1.LTS\lib\</path>
         <kind>archive</kind>
         <file>rtsv7M4_T_le_v4SPD16_eabi.lib</file>
         <name>strlen.c.obj</name>
      </input_file>
      <input_file id="fl-11a">
         <path>C:\ti\ccsv8\tools\compiler\ti-cgt-arm_18.1.1.LTS\lib\</path>
         <kind>archive</kind>
         <file>rtsv7M4_T_le_v4SPD16_eabi.lib</file>
         <name>strncat.c.obj</name>
      </input_file>
      <input_file id="fl-11b">
         <path>C:\ti\ccsv8\tools\compiler\ti-cgt-arm_18.1.1.LTS\lib\</path>
         <kind>archive</kind>
         <file>rtsv7M4_T_le_v4SPD16_eabi.lib</file>
         <name>strncmp.c.obj</name>
      </input_file>
      <input_file id="fl-11c">
         <path>C:\ti\ccsv8\tools\compiler\ti-cgt-arm_18.1.1.LTS\lib\</path>
         <kind>archive</kind>
         <file>rtsv7M4_T_le_v4SPD16_eabi.lib</file>
         <name>strncpy.c.obj</name>
      </input_file>
      <input_file id="fl-11d">
         <path>C:\ti\ccsv8\tools\compiler\ti-cgt-arm_18.1.1.LTS\lib\</path>
         <kind>archive</kind>
         <file>rtsv7M4_T_le_v4SPD16_eabi.lib</file>
         <name>div0.asm.obj</name>
      </input_file>
      <input_file id="fl-11e">
         <path>C:\ti\ccsv8\tools\compiler\ti-cgt-arm_18.1.1.LTS\lib\</path>
         <kind>archive</kind>
         <file>rtsv7M4_T_le_v4SPD16_eabi.lib</file>
         <name>autoinit.c.obj</name>
      </input_file>
      <input_file id="fl-11f">
         <path>C:\ti\ccsv8\tools\compiler\ti-cgt-arm_18.1.1.LTS\lib\</path>
         <kind>archive</kind>
         <file>rtsv7M4_T_le_v4SPD16_eabi.lib</file>
         <name>pre_init.c.obj</name>
      </input_file>
      <input_file id="fl-120">
         <path>C:\ti\ccsv8\tools\compiler\ti-cgt-arm_18.1.1.LTS\lib\</path>
         <kind>archive</kind>
         <file>rtsv7M4_T_le_v4SPD16_eabi.lib</file>
         <name>cpy_tbl.c.obj</name>
      </input_file>
      <input_file id="fl-121">
         <path>C:\ti\simplelink_msp432p4_sdk_2_40_00_10\source\ti\devices\msp432p4xx\driverlib\ccs\</path>
         <kind>archive</kind>
         <file>msp432p4xx_driverlib.lib</file>
         <name>adc14.o</name>
      </input_file>
      <input_file id="fl-122">
         <path>C:\ti\simplelink_msp432p4_sdk_2_40_00_10\source\ti\devices\msp432p4xx\driverlib\ccs\</path>
         <kind>archive</kind>
         <file>msp432p4xx_driverlib.lib</file>
         <name>i2c.o</name>
      </input_file>
      <input_file id="fl-123">
         <path>C:\ti\simplelink_msp432p4_sdk_2_40_00_10\source\ti\devices\msp432p4xx\driverlib\ccs\</path>
         <kind>archive</kind>
         <file>msp432p4xx_driverlib.lib</file>
         <name>ref_a.o</name>
      </input_file>
      <input_file id="fl-124">
         <path>C:\ti\simplelink_msp432p4_sdk_2_40_00_10\source\ti\devices\msp432p4xx\driverlib\ccs\</path>
         <kind>archive</kind>
         <file>msp432p4xx_driverlib.lib</file>
         <name>rtc_c.o</name>
      </input_file>
      <input_file id="fl-125">
         <path>C:\ti\simplelink_msp432p4_sdk_2_40_00_10\source\ti\devices\msp432p4xx\driverlib\ccs\</path>
         <kind>archive</kind>
         <file>msp432p4xx_driverlib.lib</file>
         <name>spi.o</name>
      </input_file>
   </input_file_list>
   <object_component_list>
      <object_component id="oc-10">
         <name>.intvecs:retain</name>
         <load_address>0x0</load_address>
         <run_address>0x0</run_address>
         <size>0x144</size>
         <input_file_ref idref="fl-32"/>
      </object_component>
      <object_component id="oc-816">
         <name>.text:pszTraceGetErrorNotEnoughHandles</name>
         <load_address>0x148</load_address>
         <run_address>0x148</run_address>
         <size>0x35e</size>
         <input_file_ref idref="fl-20"/>
      </object_component>
      <object_component id="oc-48f">
         <name>.text:xQueueSemaphoreTake</name>
         <load_address>0x4a8</load_address>
         <run_address>0x4a8</run_address>
         <size>0x334</size>
         <input_file_ref idref="fl-6"/>
      </object_component>
      <object_component id="oc-114">
         <name>.text:_system_pre_init</name>
         <load_address>0x7dc</load_address>
         <run_address>0x7dc</run_address>
         <size>0x4</size>
         <input_file_ref idref="fl-11f"/>
      </object_component>
      <object_component id="oc-495">
         <name>.text:xQueueGenericSend</name>
         <load_address>0x7e0</load_address>
         <run_address>0x7e0</run_address>
         <size>0x30c</size>
         <input_file_ref idref="fl-6"/>
      </object_component>
      <object_component id="oc-23e">
         <name>.text:abort:abort</name>
         <load_address>0xaec</load_address>
         <run_address>0xaec</run_address>
         <size>0x4</size>
         <input_file_ref idref="fl-114"/>
      </object_component>
      <object_component id="oc-710">
         <name>.text:find_volume</name>
         <load_address>0xaf0</load_address>
         <run_address>0xaf0</run_address>
         <size>0x304</size>
         <input_file_ref idref="fl-3e"/>
      </object_component>
      <object_component id="oc-4ca">
         <name>.text:xQueueReceive</name>
         <load_address>0xdf8</load_address>
         <run_address>0xdf8</run_address>
         <size>0x2ec</size>
         <input_file_ref idref="fl-6"/>
      </object_component>
      <object_component id="oc-4c4">
         <name>.text:f_write</name>
         <load_address>0x10e8</load_address>
         <run_address>0x10e8</run_address>
         <size>0x1d2</size>
         <input_file_ref idref="fl-3e"/>
      </object_component>
      <object_component id="oc-3ff">
         <name>.text:prvTraceStoreKernelCallWithParam</name>
         <load_address>0x12c0</load_address>
         <run_address>0x12c0</run_address>
         <size>0x1c8</size>
         <input_file_ref idref="fl-21"/>
      </object_component>
      <object_component id="oc-4b8">
         <name>.text:f_open</name>
         <load_address>0x1488</load_address>
         <run_address>0x1488</run_address>
         <size>0x1c6</size>
         <input_file_ref idref="fl-3e"/>
      </object_component>
      <object_component id="oc-e1">
         <name>.text:xSecondTimerHandler</name>
         <load_address>0x1650</load_address>
         <run_address>0x1650</run_address>
         <size>0x1c0</size>
         <input_file_ref idref="fl-17"/>
      </object_component>
      <object_component id="oc-36b">
         <name>.text:prvTraceInitTraceData</name>
         <load_address>0x1810</load_address>
         <run_address>0x1810</run_address>
         <size>0x1b0</size>
         <input_file_ref idref="fl-21"/>
      </object_component>
      <object_component id="oc-1a9">
         <name>.text:prvTraceStoreKernelCall</name>
         <load_address>0x19c0</load_address>
         <run_address>0x19c0</run_address>
         <size>0x1a0</size>
         <input_file_ref idref="fl-21"/>
      </object_component>
      <object_component id="oc-a49">
         <name>.text:MMC_disk_ioctl</name>
         <load_address>0x1b60</load_address>
         <run_address>0x1b60</run_address>
         <size>0x19c</size>
         <input_file_ref idref="fl-41"/>
      </object_component>
      <object_component id="oc-b1">
         <name>.text:xTaskIncrementTick</name>
         <load_address>0x1d00</load_address>
         <run_address>0x1d00</run_address>
         <size>0x198</size>
         <input_file_ref idref="fl-8"/>
      </object_component>
      <object_component id="oc-b8">
         <name>.text:xQueueGenericSendFromISR</name>
         <load_address>0x1e98</load_address>
         <run_address>0x1e98</run_address>
         <size>0x188</size>
         <input_file_ref idref="fl-6"/>
      </object_component>
      <object_component id="oc-2b8">
         <name>.text:prvTraceGetDTS</name>
         <load_address>0x2020</load_address>
         <run_address>0x2020</run_address>
         <size>0x184</size>
         <input_file_ref idref="fl-21"/>
      </object_component>
      <object_component id="oc-88c">
         <name>.text:_getIndexForMemRegister</name>
         <load_address>0x21a4</load_address>
         <run_address>0x21a4</run_address>
         <size>0x160</size>
         <input_file_ref idref="fl-121"/>
      </object_component>
      <object_component id="oc-9eb">
         <name>.text:MMC_disk_initialize</name>
         <load_address>0x2308</load_address>
         <run_address>0x2308</run_address>
         <size>0x15c</size>
         <input_file_ref idref="fl-41"/>
      </object_component>
      <object_component id="oc-57c">
         <name>.text:prvTraceGetObjectHandle</name>
         <load_address>0x2468</load_address>
         <run_address>0x2468</run_address>
         <size>0x14c</size>
         <input_file_ref idref="fl-21"/>
      </object_component>
      <object_component id="oc-7f3">
         <name>.text:CS_getDCOFrequency</name>
         <load_address>0x25b8</load_address>
         <run_address>0x25b8</run_address>
         <size>0x148</size>
         <input_file_ref idref="fl-24"/>
      </object_component>
      <object_component id="oc-3dc">
         <name>.text:prvCheckDataToBeOverwrittenForMultiEntryEvents</name>
         <load_address>0x2700</load_address>
         <run_address>0x2700</run_address>
         <size>0x148</size>
         <input_file_ref idref="fl-21"/>
      </object_component>
      <object_component id="oc-1de">
         <name>.text:xQueueReceiveFromISR</name>
         <load_address>0x2848</load_address>
         <run_address>0x2848</run_address>
         <size>0x148</size>
         <input_file_ref idref="fl-6"/>
      </object_component>
      <object_component id="oc-394">
         <name>.text:dataStorage</name>
         <load_address>0x2990</load_address>
         <run_address>0x2990</run_address>
         <size>0x144</size>
         <input_file_ref idref="fl-2f"/>
      </object_component>
      <object_component id="oc-452">
         <name>.text:pvPortMalloc</name>
         <load_address>0x2ad8</load_address>
         <run_address>0x2ad8</run_address>
         <size>0x144</size>
         <input_file_ref idref="fl-c"/>
      </object_component>
      <object_component id="oc-464">
         <name>.text:prvAddNewTaskToReadyList</name>
         <load_address>0x2c20</load_address>
         <run_address>0x2c20</run_address>
         <size>0x140</size>
         <input_file_ref idref="fl-8"/>
      </object_component>
      <object_component id="oc-4fc">
         <name>.text:vPortSuppressTicksAndSleep</name>
         <load_address>0x2d60</load_address>
         <run_address>0x2d60</run_address>
         <size>0x134</size>
         <input_file_ref idref="fl-a"/>
      </object_component>
      <object_component id="oc-38e">
         <name>.text:houseKeeping</name>
         <load_address>0x2e98</load_address>
         <run_address>0x2e98</run_address>
         <size>0x130</size>
         <input_file_ref idref="fl-30"/>
      </object_component>
      <object_component id="oc-2fb">
         <name>.text:uiIndexOfObject</name>
         <load_address>0x2fc8</load_address>
         <run_address>0x2fc8</run_address>
         <size>0x130</size>
         <input_file_ref idref="fl-21"/>
      </object_component>
      <object_component id="oc-da">
         <name>.text:xFirstTimerHandler</name>
         <load_address>0x30f8</load_address>
         <run_address>0x30f8</run_address>
         <size>0x130</size>
         <input_file_ref idref="fl-17"/>
      </object_component>
      <object_component id="oc-6b5">
         <name>.text:vTaskPriorityDisinheritAfterTimeout</name>
         <load_address>0x3228</load_address>
         <run_address>0x3228</run_address>
         <size>0x12c</size>
         <input_file_ref idref="fl-8"/>
      </object_component>
      <object_component id="oc-502">
         <name>.text:xTaskResumeAll</name>
         <load_address>0x3358</load_address>
         <run_address>0x3358</run_address>
         <size>0x128</size>
         <input_file_ref idref="fl-8"/>
      </object_component>
      <object_component id="oc-be">
         <name>.text:vTaskNotifyGiveFromISR</name>
         <load_address>0x3480</load_address>
         <run_address>0x3480</run_address>
         <size>0x124</size>
         <input_file_ref idref="fl-8"/>
      </object_component>
      <object_component id="oc-302">
         <name>.text:xTaskPriorityDisinherit</name>
         <load_address>0x35a8</load_address>
         <run_address>0x35a8</run_address>
         <size>0x120</size>
         <input_file_ref idref="fl-8"/>
      </object_component>
      <object_component id="oc-35e">
         <name>.text:CS_initClockSignal</name>
         <load_address>0x36c8</load_address>
         <run_address>0x36c8</run_address>
         <size>0x11c</size>
         <input_file_ref idref="fl-24"/>
      </object_component>
      <object_component id="oc-423">
         <name>.text:vTraceInitObjectPropertyTable</name>
         <load_address>0x37e8</load_address>
         <run_address>0x37e8</run_address>
         <size>0x118</size>
         <input_file_ref idref="fl-20"/>
      </object_component>
      <object_component id="oc-54f">
         <name>.text:_CSComputeCLKFrequency</name>
         <load_address>0x3900</load_address>
         <run_address>0x3900</run_address>
         <size>0x114</size>
         <input_file_ref idref="fl-24"/>
      </object_component>
      <object_component id="oc-169">
         <name>.text:prvTraceStoreKernelCallWithNumericParamOnly</name>
         <load_address>0x3a18</load_address>
         <run_address>0x3a18</run_address>
         <size>0x110</size>
         <input_file_ref idref="fl-21"/>
      </object_component>
      <object_component id="oc-691">
         <name>.text:xTaskPriorityInherit</name>
         <load_address>0x3b28</load_address>
         <run_address>0x3b28</run_address>
         <size>0x110</size>
         <input_file_ref idref="fl-8"/>
      </object_component>
      <object_component id="oc-582">
         <name>.text:prvTraceSetObjectName</name>
         <load_address>0x3c38</load_address>
         <run_address>0x3c38</run_address>
         <size>0x10c</size>
         <input_file_ref idref="fl-21"/>
      </object_component>
      <object_component id="oc-89c">
         <name>.text:readI2C</name>
         <load_address>0x3d48</load_address>
         <run_address>0x3d48</run_address>
         <size>0x10c</size>
         <input_file_ref idref="fl-2e"/>
      </object_component>
      <object_component id="oc-80d">
         <name>.text:__PCM_setPowerModeAdvanced</name>
         <load_address>0x3e58</load_address>
         <run_address>0x3e58</run_address>
         <size>0x108</size>
         <input_file_ref idref="fl-29"/>
      </object_component>
      <object_component id="oc-773">
         <name>.text:create_chain</name>
         <load_address>0x3f60</load_address>
         <run_address>0x3f60</run_address>
         <size>0x104</size>
         <input_file_ref idref="fl-3e"/>
      </object_component>
      <object_component id="oc-916">
         <name>.text:create_name</name>
         <load_address>0x4068</load_address>
         <run_address>0x4068</run_address>
         <size>0x103</size>
         <input_file_ref idref="fl-3e"/>
      </object_component>
      <object_component id="oc-7b0">
         <name>.text:prvProcessReceivedCommands</name>
         <load_address>0x4170</load_address>
         <run_address>0x4170</run_address>
         <size>0x100</size>
         <input_file_ref idref="fl-9"/>
      </object_component>
      <object_component id="oc-934">
         <name>.text:put_fat</name>
         <load_address>0x4270</load_address>
         <run_address>0x4270</run_address>
         <size>0xfa</size>
         <input_file_ref idref="fl-3e"/>
      </object_component>
      <object_component id="oc-17b">
         <name>.text:prvTraceStoreTaskReady</name>
         <load_address>0x4370</load_address>
         <run_address>0x4370</run_address>
         <size>0xf4</size>
         <input_file_ref idref="fl-21"/>
      </object_component>
      <object_component id="oc-437">
         <name>.text:uiTraceStart</name>
         <load_address>0x4468</load_address>
         <run_address>0x4468</run_address>
         <size>0xe8</size>
         <input_file_ref idref="fl-21"/>
      </object_component>
      <object_component id="oc-a0f">
         <name>.text:dir_next</name>
         <load_address>0x4550</load_address>
         <run_address>0x4550</run_address>
         <size>0xe6</size>
         <input_file_ref idref="fl-3e"/>
      </object_component>
      <object_component id="oc-150">
         <name>.text:prvTraceStoreTaskswitch</name>
         <load_address>0x4638</load_address>
         <run_address>0x4638</run_address>
         <size>0xe4</size>
         <input_file_ref idref="fl-21"/>
      </object_component>
      <object_component id="oc-471">
         <name>.text:adcInit</name>
         <load_address>0x4720</load_address>
         <run_address>0x4720</run_address>
         <size>0xe0</size>
         <input_file_ref idref="fl-30"/>
      </object_component>
      <object_component id="oc-3f9">
         <name>.text:prvTraceGetPriorityProperty</name>
         <load_address>0x4800</load_address>
         <run_address>0x4800</run_address>
         <size>0xdc</size>
         <input_file_ref idref="fl-21"/>
      </object_component>
      <object_component id="oc-3a1">
         <name>.text:xPortStartScheduler</name>
         <load_address>0x48e0</load_address>
         <run_address>0x48e0</run_address>
         <size>0xdc</size>
         <input_file_ref idref="fl-a"/>
      </object_component>
      <object_component id="oc-3d">
         <name>.text</name>
         <load_address>0x49bc</load_address>
         <run_address>0x49bc</run_address>
         <size>0xda</size>
         <input_file_ref idref="fl-b"/>
      </object_component>
      <object_component id="oc-405">
         <name>.text:prvTraceSetPriorityProperty</name>
         <load_address>0x4a98</load_address>
         <run_address>0x4a98</run_address>
         <size>0xd8</size>
         <input_file_ref idref="fl-21"/>
      </object_component>
      <object_component id="oc-aa">
         <name>.text:vTaskSwitchContext</name>
         <load_address>0x4b70</load_address>
         <run_address>0x4b70</run_address>
         <size>0xd4</size>
         <input_file_ref idref="fl-8"/>
      </object_component>
      <object_component id="oc-41c">
         <name>.text:__PCM_setCoreVoltageLevelAdvanced</name>
         <load_address>0x4c48</load_address>
         <run_address>0x4c48</run_address>
         <size>0xd0</size>
         <input_file_ref idref="fl-29"/>
      </object_component>
      <object_component id="oc-2c1">
         <name>.text:prvTraceGetObjectState</name>
         <load_address>0x4d18</load_address>
         <run_address>0x4d18</run_address>
         <size>0xd0</size>
         <input_file_ref idref="fl-21"/>
      </object_component>
      <object_component id="oc-1af">
         <name>.text:prvTraceSetObjectState</name>
         <load_address>0x4de8</load_address>
         <run_address>0x4de8</run_address>
         <size>0xcc</size>
         <input_file_ref idref="fl-21"/>
      </object_component>
      <object_component id="oc-429">
         <name>.text:vTraceInitObjectHandleStack</name>
         <load_address>0x4eb8</load_address>
         <run_address>0x4eb8</run_address>
         <size>0xcc</size>
         <input_file_ref idref="fl-20"/>
      </object_component>
      <object_component id="oc-752">
         <name>.text:get_fat</name>
         <load_address>0x4f88</load_address>
         <run_address>0x4f88</run_address>
         <size>0xca</size>
         <input_file_ref idref="fl-3e"/>
      </object_component>
      <object_component id="oc-1bb">
         <name>.text:xTaskRemoveFromEventList</name>
         <load_address>0x5058</load_address>
         <run_address>0x5058</run_address>
         <size>0xc0</size>
         <input_file_ref idref="fl-8"/>
      </object_component>
      <object_component id="oc-953">
         <name>.text:MMC_disk_write</name>
         <load_address>0x5118</load_address>
         <run_address>0x5118</run_address>
         <size>0xbc</size>
         <input_file_ref idref="fl-41"/>
      </object_component>
      <object_component id="oc-595">
         <name>.text:prvInitialiseNewQueue</name>
         <load_address>0x51d8</load_address>
         <run_address>0x51d8</run_address>
         <size>0xbc</size>
         <input_file_ref idref="fl-6"/>
      </object_component>
      <object_component id="oc-5b6">
         <name>.text:vTraceStoreMemMangEvent</name>
         <load_address>0x5298</load_address>
         <run_address>0x5298</run_address>
         <size>0xbc</size>
         <input_file_ref idref="fl-21"/>
      </object_component>
      <object_component id="oc-48">
         <name>.text:vUART_Handler</name>
         <load_address>0x5358</load_address>
         <run_address>0x5358</run_address>
         <size>0xb4</size>
         <input_file_ref idref="fl-14"/>
      </object_component>
      <object_component id="oc-9bf">
         <name>.text:writeI2C</name>
         <load_address>0x5410</load_address>
         <run_address>0x5410</run_address>
         <size>0xb4</size>
         <input_file_ref idref="fl-2e"/>
      </object_component>
      <object_component id="oc-8cf">
         <name>.text:SPI_initMaster</name>
         <load_address>0x54c4</load_address>
         <run_address>0x54c4</run_address>
         <size>0xb0</size>
         <input_file_ref idref="fl-125"/>
      </object_component>
      <object_component id="oc-45e">
         <name>.text:prvInitialiseNewTask</name>
         <load_address>0x5578</load_address>
         <run_address>0x5578</run_address>
         <size>0xae</size>
         <input_file_ref idref="fl-8"/>
      </object_component>
      <object_component id="oc-628">
         <name>.text:ADC14_configureMultiSequenceMode</name>
         <load_address>0x5628</load_address>
         <run_address>0x5628</run_address>
         <size>0xa8</size>
         <input_file_ref idref="fl-121"/>
      </object_component>
      <object_component id="oc-42f">
         <name>.text:prvTraceInitCortexM</name>
         <load_address>0x56d0</load_address>
         <run_address>0x56d0</run_address>
         <size>0xa8</size>
         <input_file_ref idref="fl-21"/>
      </object_component>
      <object_component id="oc-62e">
         <name>.text:ADC14_configureConversionMemory</name>
         <load_address>0x5778</load_address>
         <run_address>0x5778</run_address>
         <size>0xa4</size>
         <input_file_ref idref="fl-121"/>
      </object_component>
      <object_component id="oc-47d">
         <name>.text:itoa</name>
         <load_address>0x5820</load_address>
         <run_address>0x5820</run_address>
         <size>0xa4</size>
         <input_file_ref idref="fl-3c"/>
      </object_component>
      <object_component id="oc-225">
         <name>.text:vTraceEnable</name>
         <load_address>0x58c8</load_address>
         <run_address>0x58c8</run_address>
         <size>0xa4</size>
         <input_file_ref idref="fl-21"/>
      </object_component>
      <object_component id="oc-922">
         <name>.text:dir_sdi</name>
         <load_address>0x5970</load_address>
         <run_address>0x5970</run_address>
         <size>0xa0</size>
         <input_file_ref idref="fl-3e"/>
      </object_component>
      <object_component id="oc-68">
         <name>.text</name>
         <load_address>0x5a10</load_address>
         <run_address>0x5a10</run_address>
         <size>0x9c</size>
         <input_file_ref idref="fl-10b"/>
      </object_component>
      <object_component id="oc-49b">
         <name>.text:vTaskDelay</name>
         <load_address>0x5ab0</load_address>
         <run_address>0x5ab0</run_address>
         <size>0x9c</size>
         <input_file_ref idref="fl-8"/>
      </object_component>
      <object_component id="oc-4d0">
         <name>.text:f_sync</name>
         <load_address>0x5b50</load_address>
         <run_address>0x5b50</run_address>
         <size>0x98</size>
         <input_file_ref idref="fl-3e"/>
      </object_component>
      <object_component id="oc-946">
         <name>.text:MMC_disk_read</name>
         <load_address>0x5be8</load_address>
         <run_address>0x5be8</run_address>
         <size>0x94</size>
         <input_file_ref idref="fl-41"/>
      </object_component>
      <object_component id="oc-378">
         <name>.text:RTC_C_initCalendar</name>
         <load_address>0x5c7c</load_address>
         <run_address>0x5c7c</run_address>
         <size>0x94</size>
         <input_file_ref idref="fl-124"/>
      </object_component>
      <object_component id="oc-a56">
         <name>.text:prvSwitchTimerLists</name>
         <load_address>0x5d10</load_address>
         <run_address>0x5d10</run_address>
         <size>0x94</size>
         <input_file_ref idref="fl-9"/>
      </object_component>
      <object_component id="oc-2de">
         <name>.text:prvTraceGetParam</name>
         <load_address>0x5da8</load_address>
         <run_address>0x5da8</run_address>
         <size>0x94</size>
         <input_file_ref idref="fl-21"/>
      </object_component>
      <object_component id="oc-6a9">
         <name>.text:xTaskCheckForTimeOut</name>
         <load_address>0x5e40</load_address>
         <run_address>0x5e40</run_address>
         <size>0x94</size>
         <input_file_ref idref="fl-8"/>
      </object_component>
      <object_component id="oc-81e">
         <name>.text:xQueueGenericReset</name>
         <load_address>0x5ed8</load_address>
         <run_address>0x5ed8</run_address>
         <size>0x90</size>
         <input_file_ref idref="fl-6"/>
      </object_component>
      <object_component id="oc-668">
         <name>.text:getMotion6</name>
         <load_address>0x5f68</load_address>
         <run_address>0x5f68</run_address>
         <size>0x8c</size>
         <input_file_ref idref="fl-2e"/>
      </object_component>
      <object_component id="oc-78d">
         <name>.text:sync_fs</name>
         <load_address>0x5ff8</load_address>
         <run_address>0x5ff8</run_address>
         <size>0x8c</size>
         <input_file_ref idref="fl-3e"/>
      </object_component>
      <object_component id="oc-458">
         <name>.text:vPortFree</name>
         <load_address>0x6088</load_address>
         <run_address>0x6088</run_address>
         <size>0x8c</size>
         <input_file_ref idref="fl-c"/>
      </object_component>
      <object_component id="oc-901">
         <name>.text:check_fs</name>
         <load_address>0x6118</load_address>
         <run_address>0x6118</run_address>
         <size>0x8a</size>
         <input_file_ref idref="fl-3e"/>
      </object_component>
      <object_component id="oc-6c9">
         <name>.text:prvAddCurrentTaskToDelayedList</name>
         <load_address>0x61a8</load_address>
         <run_address>0x61a8</run_address>
         <size>0x88</size>
         <input_file_ref idref="fl-8"/>
      </object_component>
      <object_component id="oc-a5c">
         <name>.text:vTaskPlaceOnEventListRestricted</name>
         <load_address>0x6230</load_address>
         <run_address>0x6230</run_address>
         <size>0x88</size>
         <input_file_ref idref="fl-8"/>
      </object_component>
      <object_component id="oc-716">
         <name>.text:follow_path</name>
         <load_address>0x62b8</load_address>
         <run_address>0x62b8</run_address>
         <size>0x86</size>
         <input_file_ref idref="fl-3e"/>
      </object_component>
      <object_component id="oc-237">
         <name>.text:vTaskStartScheduler</name>
         <load_address>0x6340</load_address>
         <run_address>0x6340</run_address>
         <size>0x84</size>
         <input_file_ref idref="fl-8"/>
      </object_component>
      <object_component id="oc-73a">
         <name>.text:remove_chain</name>
         <load_address>0x63c8</load_address>
         <run_address>0x63c8</run_address>
         <size>0x80</size>
         <input_file_ref idref="fl-3e"/>
      </object_component>
      <object_component id="oc-766">
         <name>.text:RTC_C_getCalendarTime</name>
         <load_address>0x6448</load_address>
         <run_address>0x6448</run_address>
         <size>0x7c</size>
         <input_file_ref idref="fl-124"/>
      </object_component>
      <object_component id="oc-3a7">
         <name>.text:prvIdleTask</name>
         <load_address>0x64c8</load_address>
         <run_address>0x64c8</run_address>
         <size>0x7c</size>
         <input_file_ref idref="fl-8"/>
      </object_component>
      <object_component id="oc-68b">
         <name>.text:prvTraceSetTaskInstanceFinished</name>
         <load_address>0x6548</load_address>
         <run_address>0x6548</run_address>
         <size>0x7c</size>
         <input_file_ref idref="fl-21"/>
      </object_component>
      <object_component id="oc-10e">
         <name>.text</name>
         <load_address>0x65c4</load_address>
         <run_address>0x65c4</run_address>
         <size>0x7a</size>
         <input_file_ref idref="fl-10e"/>
      </object_component>
      <object_component id="oc-489">
         <name>.text:ADC14_getMultiSequenceResult</name>
         <load_address>0x6640</load_address>
         <run_address>0x6640</run_address>
         <size>0x78</size>
         <input_file_ref idref="fl-121"/>
      </object_component>
      <object_component id="oc-442">
         <name>.text:xQueueGenericCreate</name>
         <load_address>0x66b8</load_address>
         <run_address>0x66b8</run_address>
         <size>0x74</size>
         <input_file_ref idref="fl-6"/>
      </object_component>
      <object_component id="oc-980">
         <name>.text:xTimerGenericCommand</name>
         <load_address>0x6730</load_address>
         <run_address>0x6730</run_address>
         <size>0x74</size>
         <input_file_ref idref="fl-9"/>
      </object_component>
      <object_component id="oc-1b5">
         <name>.text:prvCopyDataToQueue</name>
         <load_address>0x67a8</load_address>
         <run_address>0x67a8</run_address>
         <size>0x70</size>
         <input_file_ref idref="fl-6"/>
      </object_component>
      <object_component id="oc-5aa">
         <name>.text:prvHeapInit</name>
         <load_address>0x6818</load_address>
         <run_address>0x6818</run_address>
         <size>0x70</size>
         <input_file_ref idref="fl-c"/>
      </object_component>
      <object_component id="oc-5de">
         <name>.text:prvInitialiseTaskLists</name>
         <load_address>0x6888</load_address>
         <run_address>0x6888</run_address>
         <size>0x70</size>
         <input_file_ref idref="fl-8"/>
      </object_component>
      <object_component id="oc-7aa">
         <name>.text:prvProcessTimerOrBlockTask</name>
         <load_address>0x68f8</load_address>
         <run_address>0x68f8</run_address>
         <size>0x70</size>
         <input_file_ref idref="fl-9"/>
      </object_component>
      <object_component id="oc-a1a">
         <name>.text:send_cmd</name>
         <load_address>0x6968</load_address>
         <run_address>0x6968</run_address>
         <size>0x70</size>
         <input_file_ref idref="fl-41"/>
      </object_component>
      <object_component id="oc-69d">
         <name>.text:prvUnlockQueue</name>
         <load_address>0x69d8</load_address>
         <run_address>0x69d8</run_address>
         <size>0x6c</size>
         <input_file_ref idref="fl-6"/>
      </object_component>
      <object_component id="oc-9cc">
         <name>.text:I2C_masterSendMultiByteStart</name>
         <load_address>0x6a44</load_address>
         <run_address>0x6a44</run_address>
         <size>0x68</size>
         <input_file_ref idref="fl-122"/>
      </object_component>
      <object_component id="oc-9a">
         <name>.text:SystemInit</name>
         <load_address>0x6ab0</load_address>
         <run_address>0x6ab0</run_address>
         <size>0x68</size>
         <input_file_ref idref="fl-34"/>
      </object_component>
      <object_component id="oc-13">
         <name>.text:decompress:lzss:__TI_decompress_lzss</name>
         <load_address>0x6b18</load_address>
         <run_address>0x6b18</run_address>
         <size>0x68</size>
         <input_file_ref idref="fl-111"/>
      </object_component>
      <object_component id="oc-5b0">
         <name>.text:prvInsertBlockIntoFreeList</name>
         <load_address>0x6b80</load_address>
         <run_address>0x6b80</run_address>
         <size>0x68</size>
         <input_file_ref idref="fl-c"/>
      </object_component>
      <object_component id="oc-4ef">
         <name>.text:vPortSetupTimerInterrupt</name>
         <load_address>0x6be8</load_address>
         <run_address>0x6be8</run_address>
         <size>0x68</size>
         <input_file_ref idref="fl-a"/>
      </object_component>
      <object_component id="oc-388">
         <name>.text:xTaskCreate</name>
         <load_address>0x6c50</load_address>
         <run_address>0x6c50</run_address>
         <size>0x68</size>
         <input_file_ref idref="fl-8"/>
      </object_component>
      <object_component id="oc-a93">
         <name>.text:dir_clear</name>
         <load_address>0x6cb8</load_address>
         <run_address>0x6cb8</run_address>
         <size>0x66</size>
         <input_file_ref idref="fl-3e"/>
      </object_component>
      <object_component id="oc-4ac">
         <name>.text:initSD</name>
         <load_address>0x6d20</load_address>
         <run_address>0x6d20</run_address>
         <size>0x64</size>
         <input_file_ref idref="fl-2f"/>
      </object_component>
      <object_component id="oc-2bb">
         <name>.text:prvTraceNextFreeEventBufferSlot</name>
         <load_address>0x6d88</load_address>
         <run_address>0x6d88</run_address>
         <size>0x64</size>
         <input_file_ref idref="fl-21"/>
      </object_component>
      <object_component id="oc-191">
         <name>.text:vPortValidateInterruptPriority</name>
         <load_address>0x6df0</load_address>
         <run_address>0x6df0</run_address>
         <size>0x64</size>
         <input_file_ref idref="fl-a"/>
      </object_component>
      <object_component id="oc-973">
         <name>.text:prvProcessExpiredTimer</name>
         <load_address>0x6e58</load_address>
         <run_address>0x6e58</run_address>
         <size>0x60</size>
         <input_file_ref idref="fl-9"/>
      </object_component>
      <object_component id="oc-870">
         <name>.text:writeBits</name>
         <load_address>0x6eb8</load_address>
         <run_address>0x6eb8</run_address>
         <size>0x60</size>
         <input_file_ref idref="fl-2e"/>
      </object_component>
      <object_component id="oc-a42">
         <name>.text:xmit_datablock</name>
         <load_address>0x6f18</load_address>
         <run_address>0x6f18</run_address>
         <size>0x60</size>
         <input_file_ref idref="fl-41"/>
      </object_component>
      <object_component id="oc-231">
         <name>.text:taskCreate</name>
         <load_address>0x6f78</load_address>
         <run_address>0x6f78</run_address>
         <size>0x58</size>
         <input_file_ref idref="fl-31"/>
      </object_component>
      <object_component id="oc-39b">
         <name>.text:xTimerCreateTimerTask</name>
         <load_address>0x6fd0</load_address>
         <run_address>0x6fd0</run_address>
         <size>0x58</size>
         <input_file_ref idref="fl-9"/>
      </object_component>
      <object_component id="oc-91c">
         <name>.text:dir_find</name>
         <load_address>0x7028</load_address>
         <run_address>0x7028</run_address>
         <size>0x56</size>
         <input_file_ref idref="fl-3e"/>
      </object_component>
      <object_component id="oc-61c">
         <name>.text:ADC14_initModule</name>
         <load_address>0x7080</load_address>
         <run_address>0x7080</run_address>
         <size>0x54</size>
         <input_file_ref idref="fl-121"/>
      </object_component>
      <object_component id="oc-622">
         <name>.text:GPIO_setAsPeripheralModuleFunctionInputPin</name>
         <load_address>0x70d8</load_address>
         <run_address>0x70d8</run_address>
         <size>0x54</size>
         <input_file_ref idref="fl-27"/>
      </object_component>
      <object_component id="oc-866">
         <name>.text:GPIO_setAsPeripheralModuleFunctionOutputPin</name>
         <load_address>0x7130</load_address>
         <run_address>0x7130</run_address>
         <size>0x54</size>
         <input_file_ref idref="fl-27"/>
      </object_component>
      <object_component id="oc-99b">
         <name>.text:SysCtl_getTLVInfo</name>
         <load_address>0x7188</load_address>
         <run_address>0x7188</run_address>
         <size>0x54</size>
         <input_file_ref idref="fl-2a"/>
      </object_component>
      <object_component id="oc-508">
         <name>.text:prvCheckTasksWaitingTermination</name>
         <load_address>0x71e0</load_address>
         <run_address>0x71e0</run_address>
         <size>0x54</size>
         <input_file_ref idref="fl-8"/>
      </object_component>
      <object_component id="oc-97a">
         <name>.text:prvInsertTimerInActiveList</name>
         <load_address>0x7238</load_address>
         <run_address>0x7238</run_address>
         <size>0x54</size>
         <input_file_ref idref="fl-9"/>
      </object_component>
      <object_component id="oc-166">
         <name>.text:prvTracePortGetTimeStamp</name>
         <load_address>0x7290</load_address>
         <run_address>0x7290</run_address>
         <size>0x54</size>
         <input_file_ref idref="fl-21"/>
      </object_component>
      <object_component id="oc-7ed">
         <name>.text:_CSGetDividerValue</name>
         <load_address>0x72e8</load_address>
         <run_address>0x72e8</run_address>
         <size>0x52</size>
         <input_file_ref idref="fl-24"/>
      </object_component>
      <object_component id="oc-563">
         <name>.text:PCM_getCoreVoltageLevel</name>
         <load_address>0x7340</load_address>
         <run_address>0x7340</run_address>
         <size>0x50</size>
         <input_file_ref idref="fl-29"/>
      </object_component>
      <object_component id="oc-6f2">
         <name>.text:SPI_Init</name>
         <load_address>0x7390</load_address>
         <run_address>0x7390</run_address>
         <size>0x50</size>
         <input_file_ref idref="fl-38"/>
      </object_component>
      <object_component id="oc-995">
         <name>.text:_CSGetDOCFrequency</name>
         <load_address>0x73e0</load_address>
         <run_address>0x73e0</run_address>
         <size>0x50</size>
         <input_file_ref idref="fl-24"/>
      </object_component>
      <object_component id="oc-a08">
         <name>.text:dbc_2nd</name>
         <load_address>0x7430</load_address>
         <run_address>0x7430</run_address>
         <size>0x50</size>
         <input_file_ref idref="fl-3e"/>
      </object_component>
      <object_component id="oc-4f6">
         <name>.text:prvGetExpectedIdleTime</name>
         <load_address>0x7480</load_address>
         <run_address>0x7480</run_address>
         <size>0x50</size>
         <input_file_ref idref="fl-8"/>
      </object_component>
      <object_component id="oc-879">
         <name>.text:writeBit</name>
         <load_address>0x74d0</load_address>
         <run_address>0x74d0</run_address>
         <size>0x50</size>
         <input_file_ref idref="fl-2e"/>
      </object_component>
      <object_component id="oc-929">
         <name>.text:dir_alloc</name>
         <load_address>0x7520</load_address>
         <run_address>0x7520</run_address>
         <size>0x4e</size>
         <input_file_ref idref="fl-3e"/>
      </object_component>
      <object_component id="oc-704">
         <name>.text:f_mount</name>
         <load_address>0x7570</load_address>
         <run_address>0x7570</run_address>
         <size>0x4c</size>
         <input_file_ref idref="fl-3e"/>
      </object_component>
      <object_component id="oc-4dc">
         <name>.text:prvCheckForValidListAndQueue</name>
         <load_address>0x75c0</load_address>
         <run_address>0x75c0</run_address>
         <size>0x4c</size>
         <input_file_ref idref="fl-9"/>
      </object_component>
      <object_component id="oc-a20">
         <name>.text:rcvr_datablock</name>
         <load_address>0x7610</load_address>
         <run_address>0x7610</run_address>
         <size>0x4c</size>
         <input_file_ref idref="fl-41"/>
      </object_component>
      <object_component id="oc-21f">
         <name>.text:prvConfigureClocks</name>
         <load_address>0x7660</load_address>
         <run_address>0x7660</run_address>
         <size>0x4a</size>
         <input_file_ref idref="fl-2"/>
      </object_component>
      <object_component id="oc-8e9">
         <name>.text:get_ldnumber</name>
         <load_address>0x76b0</load_address>
         <run_address>0x76b0</run_address>
         <size>0x48</size>
         <input_file_ref idref="fl-3e"/>
      </object_component>
      <object_component id="oc-93b">
         <name>.text:sync_window</name>
         <load_address>0x76f8</load_address>
         <run_address>0x76f8</run_address>
         <size>0x48</size>
         <input_file_ref idref="fl-3e"/>
      </object_component>
      <object_component id="oc-96d">
         <name>.text:vQueueWaitForMessageRestricted</name>
         <load_address>0x7740</load_address>
         <run_address>0x7740</run_address>
         <size>0x48</size>
         <input_file_ref idref="fl-6"/>
      </object_component>
      <object_component id="oc-24a">
         <name>.text:__TI_auto_init_nobinit_nopinit:__TI_auto_init_nobinit_nopinit</name>
         <load_address>0x7788</load_address>
         <run_address>0x7788</run_address>
         <size>0x44</size>
         <input_file_ref idref="fl-11e"/>
      </object_component>
      <object_component id="oc-4be">
         <name>.text:getLocalTime</name>
         <load_address>0x77d0</load_address>
         <run_address>0x77d0</run_address>
         <size>0x44</size>
         <input_file_ref idref="fl-2f"/>
      </object_component>
      <object_component id="oc-483">
         <name>.text:getTemperature</name>
         <load_address>0x7818</load_address>
         <run_address>0x7818</run_address>
         <size>0x44</size>
         <input_file_ref idref="fl-30"/>
      </object_component>
      <object_component id="oc-5f7">
         <name>.text:initI2C</name>
         <load_address>0x7860</load_address>
         <run_address>0x7860</run_address>
         <size>0x40</size>
         <input_file_ref idref="fl-2e"/>
      </object_component>
      <object_component id="oc-9d7">
         <name>.text:is_A_Module</name>
         <load_address>0x78a0</load_address>
         <run_address>0x78a0</run_address>
         <size>0x40</size>
         <input_file_ref idref="fl-125"/>
      </object_component>
      <object_component id="oc-a26">
         <name>.text:send_cmd12</name>
         <load_address>0x78e0</load_address>
         <run_address>0x78e0</run_address>
         <size>0x3e</size>
         <input_file_ref idref="fl-41"/>
      </object_component>
      <object_component id="oc-7be">
         <name>.text:eTaskConfirmSleepModeStatus</name>
         <load_address>0x7920</load_address>
         <run_address>0x7920</run_address>
         <size>0x3c</size>
         <input_file_ref idref="fl-8"/>
      </object_component>
      <object_component id="oc-2cd">
         <name>.text:prvTraceError</name>
         <load_address>0x7960</load_address>
         <run_address>0x7960</run_address>
         <size>0x3c</size>
         <input_file_ref idref="fl-21"/>
      </object_component>
      <object_component id="oc-2c7">
         <name>.text:prvTraceUpdateCounters</name>
         <load_address>0x79a0</load_address>
         <run_address>0x79a0</run_address>
         <size>0x3c</size>
         <input_file_ref idref="fl-21"/>
      </object_component>
      <object_component id="oc-a7f">
         <name>.text:send_initial_clock_train</name>
         <load_address>0x79e0</load_address>
         <run_address>0x79e0</run_address>
         <size>0x3c</size>
         <input_file_ref idref="fl-41"/>
      </object_component>
      <object_component id="oc-5d8">
         <name>.text:vPortEnterCritical</name>
         <load_address>0x7a20</load_address>
         <run_address>0x7a20</run_address>
         <size>0x3c</size>
         <input_file_ref idref="fl-a"/>
      </object_component>
      <object_component id="oc-55d">
         <name>.text:PCM_getPowerMode</name>
         <load_address>0x7a60</load_address>
         <run_address>0x7a60</run_address>
         <size>0x3a</size>
         <input_file_ref idref="fl-29"/>
      </object_component>
      <object_component id="oc-71c">
         <name>.text:dir_register</name>
         <load_address>0x7aa0</load_address>
         <run_address>0x7aa0</run_address>
         <size>0x3a</size>
         <input_file_ref idref="fl-3e"/>
      </object_component>
      <object_component id="oc-76d">
         <name>.text:validate</name>
         <load_address>0x7ae0</load_address>
         <run_address>0x7ae0</run_address>
         <size>0x3a</size>
         <input_file_ref idref="fl-3e"/>
      </object_component>
      <object_component id="oc-86">
         <name>.text:_c_int00_noargs:_c_int00_noargs</name>
         <load_address>0x7b1c</load_address>
         <run_address>0x7b1c</run_address>
         <size>0x38</size>
         <input_file_ref idref="fl-112"/>
      </object_component>
      <object_component id="oc-84b">
         <name>.text:prvTaskExitError</name>
         <load_address>0x7b58</load_address>
         <run_address>0x7b58</run_address>
         <size>0x38</size>
         <input_file_ref idref="fl-a"/>
      </object_component>
      <object_component id="oc-697">
         <name>.text:vTaskPlaceOnEventList</name>
         <load_address>0x7b90</load_address>
         <run_address>0x7b90</run_address>
         <size>0x38</size>
         <input_file_ref idref="fl-8"/>
      </object_component>
      <object_component id="oc-63a">
         <name>.text:ADC14_enableSampleTimer</name>
         <load_address>0x7bc8</load_address>
         <run_address>0x7bc8</run_address>
         <size>0x34</size>
         <input_file_ref idref="fl-121"/>
      </object_component>
      <object_component id="oc-ab6">
         <name>.text:SPI_Read</name>
         <load_address>0x7c00</load_address>
         <run_address>0x7c00</run_address>
         <size>0x34</size>
         <input_file_ref idref="fl-38"/>
      </object_component>
      <object_component id="oc-ab0">
         <name>.text:SPI_Write</name>
         <load_address>0x7c38</load_address>
         <run_address>0x7c38</run_address>
         <size>0x34</size>
         <input_file_ref idref="fl-38"/>
      </object_component>
      <object_component id="oc-22b">
         <name>.text:calendarConfiguration</name>
         <load_address>0x7c70</load_address>
         <run_address>0x7c70</run_address>
         <size>0x34</size>
         <input_file_ref idref="fl-2"/>
      </object_component>
      <object_component id="oc-9fc">
         <name>.text:dbc_1st</name>
         <load_address>0x7ca8</load_address>
         <run_address>0x7ca8</run_address>
         <size>0x34</size>
         <input_file_ref idref="fl-3e"/>
      </object_component>
      <object_component id="oc-740">
         <name>.text:move_window</name>
         <load_address>0x7ce0</load_address>
         <run_address>0x7ce0</run_address>
         <size>0x34</size>
         <input_file_ref idref="fl-3e"/>
      </object_component>
      <object_component id="oc-8b9">
         <name>.text:vListInsert</name>
         <load_address>0x7d18</load_address>
         <run_address>0x7d18</run_address>
         <size>0x34</size>
         <input_file_ref idref="fl-5"/>
      </object_component>
      <object_component id="oc-4e">
         <name>.text:vT32_0_Handler</name>
         <load_address>0x7d50</load_address>
         <run_address>0x7d50</run_address>
         <size>0x34</size>
         <input_file_ref idref="fl-e"/>
      </object_component>
      <object_component id="oc-54">
         <name>.text:vT32_1_Handler</name>
         <load_address>0x7d88</load_address>
         <run_address>0x7d88</run_address>
         <size>0x34</size>
         <input_file_ref idref="fl-e"/>
      </object_component>
      <object_component id="oc-7ca">
         <name>.text:vTaskStepTick</name>
         <load_address>0x7dc0</load_address>
         <run_address>0x7dc0</run_address>
         <size>0x34</size>
         <input_file_ref idref="fl-8"/>
      </object_component>
      <object_component id="oc-634">
         <name>.text:ADC14_setSampleHoldTime</name>
         <load_address>0x7df4</load_address>
         <run_address>0x7df4</run_address>
         <size>0x30</size>
         <input_file_ref idref="fl-121"/>
      </object_component>
      <object_component id="oc-352">
         <name>.text:FlashCtl_setWaitState</name>
         <load_address>0x7e28</load_address>
         <run_address>0x7e28</run_address>
         <size>0x30</size>
         <input_file_ref idref="fl-25"/>
      </object_component>
      <object_component id="oc-16f">
         <name>.text:prvResetNextTaskUnblockTime</name>
         <load_address>0x7e58</load_address>
         <run_address>0x7e58</run_address>
         <size>0x30</size>
         <input_file_ref idref="fl-8"/>
      </object_component>
      <object_component id="oc-5f0">
         <name>.text:vPortExitCritical</name>
         <load_address>0x7e88</load_address>
         <run_address>0x7e88</run_address>
         <size>0x30</size>
         <input_file_ref idref="fl-a"/>
      </object_component>
      <object_component id="oc-65e">
         <name>.text:ADC14_toggleConversionTrigger</name>
         <load_address>0x7eb8</load_address>
         <run_address>0x7eb8</run_address>
         <size>0x2c</size>
         <input_file_ref idref="fl-121"/>
      </object_component>
      <object_component id="oc-358">
         <name>.text:CS_setDCOCenteredFrequency</name>
         <load_address>0x7ee8</load_address>
         <run_address>0x7ee8</run_address>
         <size>0x2c</size>
         <input_file_ref idref="fl-24"/>
      </object_component>
      <object_component id="oc-4b2">
         <name>.text:RTC_C_startClock</name>
         <load_address>0x7f14</load_address>
         <run_address>0x7f14</run_address>
         <size>0x2c</size>
         <input_file_ref idref="fl-124"/>
      </object_component>
      <object_component id="oc-96b">
         <name>.text:prvSampleTimeNow</name>
         <load_address>0x7f40</load_address>
         <run_address>0x7f40</run_address>
         <size>0x2c</size>
         <input_file_ref idref="fl-9"/>
      </object_component>
      <object_component id="oc-5d1">
         <name>.text:pxPortInitialiseStack</name>
         <load_address>0x7f70</load_address>
         <run_address>0x7f70</run_address>
         <size>0x2c</size>
         <input_file_ref idref="fl-a"/>
      </object_component>
      <object_component id="oc-a32">
         <name>.text:rcvr_spi</name>
         <load_address>0x7fa0</load_address>
         <run_address>0x7fa0</run_address>
         <size>0x2c</size>
         <input_file_ref idref="fl-41"/>
      </object_component>
      <object_component id="oc-42">
         <name>.text:xPortSysTickHandler</name>
         <load_address>0x7fd0</load_address>
         <run_address>0x7fd0</run_address>
         <size>0x2c</size>
         <input_file_ref idref="fl-a"/>
      </object_component>
      <object_component id="oc-1ea">
         <name>.text:xQueueIsQueueFullFromISR</name>
         <load_address>0x8000</load_address>
         <run_address>0x8000</run_address>
         <size>0x2c</size>
         <input_file_ref idref="fl-6"/>
      </object_component>
      <object_component id="oc-658">
         <name>.text:ADC14_enableConversion</name>
         <load_address>0x802c</load_address>
         <run_address>0x802c</run_address>
         <size>0x28</size>
         <input_file_ref idref="fl-121"/>
      </object_component>
      <object_component id="oc-6f8">
         <name>.text:GPIO_Init</name>
         <load_address>0x8058</load_address>
         <run_address>0x8058</run_address>
         <size>0x28</size>
         <input_file_ref idref="fl-37"/>
      </object_component>
      <object_component id="oc-31c">
         <name>.text:prvCopyDataFromQueue</name>
         <load_address>0x8080</load_address>
         <run_address>0x8080</run_address>
         <size>0x28</size>
         <input_file_ref idref="fl-6"/>
      </object_component>
      <object_component id="oc-aa0">
         <name>.text:xmit_spi</name>
         <load_address>0x80a8</load_address>
         <run_address>0x80a8</run_address>
         <size>0x28</size>
         <input_file_ref idref="fl-41"/>
      </object_component>
      <object_component id="oc-722">
         <name>.text:ld_clust</name>
         <load_address>0x80d0</load_address>
         <run_address>0x80d0</run_address>
         <size>0x26</size>
         <input_file_ref idref="fl-3e"/>
      </object_component>
      <object_component id="oc-175">
         <name>.text:uxListRemove</name>
         <load_address>0x80f8</load_address>
         <run_address>0x80f8</run_address>
         <size>0x26</size>
         <input_file_ref idref="fl-5"/>
      </object_component>
      <object_component id="oc-7f9">
         <name>.text:CS_clearInterruptFlag</name>
         <load_address>0x8120</load_address>
         <run_address>0x8120</run_address>
         <size>0x24</size>
         <input_file_ref idref="fl-24"/>
      </object_component>
      <object_component id="oc-7a4">
         <name>.text:prvGetNextExpireTime</name>
         <load_address>0x8148</load_address>
         <run_address>0x8148</run_address>
         <size>0x24</size>
         <input_file_ref idref="fl-9"/>
      </object_component>
      <object_component id="oc-382">
         <name>.text:queueCreate</name>
         <load_address>0x8170</load_address>
         <run_address>0x8170</run_address>
         <size>0x24</size>
         <input_file_ref idref="fl-31"/>
      </object_component>
      <object_component id="oc-3e3">
         <name>.text:vTraceStop</name>
         <load_address>0x8198</load_address>
         <run_address>0x8198</run_address>
         <size>0x24</size>
         <input_file_ref idref="fl-21"/>
      </object_component>
      <object_component id="oc-a9a">
         <name>.text:wait_ready</name>
         <load_address>0x81c0</load_address>
         <run_address>0x81c0</run_address>
         <size>0x24</size>
         <input_file_ref idref="fl-41"/>
      </object_component>
      <object_component id="oc-6ec">
         <name>.text:CS_Init</name>
         <load_address>0x81e8</load_address>
         <run_address>0x81e8</run_address>
         <size>0x22</size>
         <input_file_ref idref="fl-36"/>
      </object_component>
      <object_component id="oc-75e">
         <name>.text:disk_read</name>
         <load_address>0x8210</load_address>
         <run_address>0x8210</run_address>
         <size>0x22</size>
         <input_file_ref idref="fl-3d"/>
      </object_component>
      <object_component id="oc-779">
         <name>.text:disk_write</name>
         <load_address>0x8238</load_address>
         <run_address>0x8238</run_address>
         <size>0x22</size>
         <input_file_ref idref="fl-3d"/>
      </object_component>
      <object_component id="oc-11a">
         <name>.text:main</name>
         <load_address>0x8260</load_address>
         <run_address>0x8260</run_address>
         <size>0x22</size>
         <input_file_ref idref="fl-2"/>
      </object_component>
      <object_component id="oc-734">
         <name>.text:st_clust</name>
         <load_address>0x8288</load_address>
         <run_address>0x8288</run_address>
         <size>0x22</size>
         <input_file_ref idref="fl-3e"/>
      </object_component>
      <object_component id="oc-46b">
         <name>.text:MPU9250_initialize</name>
         <load_address>0x82b0</load_address>
         <run_address>0x82b0</run_address>
         <size>0x20</size>
         <input_file_ref idref="fl-2e"/>
      </object_component>
      <object_component id="oc-646">
         <name>.text:REF_A_setReferenceVoltage</name>
         <load_address>0x82d0</load_address>
         <run_address>0x82d0</run_address>
         <size>0x20</size>
         <input_file_ref idref="fl-123"/>
      </object_component>
      <object_component id="oc-95c">
         <name>.text:disk_ioctl</name>
         <load_address>0x82f0</load_address>
         <run_address>0x82f0</run_address>
         <size>0x20</size>
         <input_file_ref idref="fl-3d"/>
      </object_component>
      <object_component id="oc-830">
         <name>.text:prvMarkObjectAsUsed</name>
         <load_address>0x8310</load_address>
         <run_address>0x8310</run_address>
         <size>0x20</size>
         <input_file_ref idref="fl-21"/>
      </object_component>
      <object_component id="oc-1fa">
         <name>.text:prvRecordValue_NormallyEmpty</name>
         <load_address>0x8330</load_address>
         <run_address>0x8330</run_address>
         <size>0x20</size>
         <input_file_ref idref="fl-17"/>
      </object_component>
      <object_component id="oc-1e4">
         <name>.text:prvRecordValue_NormallyFull</name>
         <load_address>0x8350</load_address>
         <run_address>0x8350</run_address>
         <size>0x20</size>
         <input_file_ref idref="fl-17"/>
      </object_component>
      <object_component id="oc-3e9">
         <name>.text:prvStrncpy</name>
         <load_address>0x8370</load_address>
         <run_address>0x8370</run_address>
         <size>0x20</size>
         <input_file_ref idref="fl-21"/>
      </object_component>
      <object_component id="oc-67f">
         <name>.text:xTaskGetSchedulerState</name>
         <load_address>0x8390</load_address>
         <run_address>0x8390</run_address>
         <size>0x20</size>
         <input_file_ref idref="fl-8"/>
      </object_component>
      <object_component id="oc-6c2">
         <name>.text:prvIsQueueFull</name>
         <load_address>0x83b0</load_address>
         <run_address>0x83b0</run_address>
         <size>0x1e</size>
         <input_file_ref idref="fl-6"/>
      </object_component>
      <object_component id="oc-794">
         <name>.text:vListInitialise</name>
         <load_address>0x83d0</load_address>
         <run_address>0x83d0</run_address>
         <size>0x1e</size>
         <input_file_ref idref="fl-5"/>
      </object_component>
      <object_component id="oc-673">
         <name>.text:ADC14_getResult</name>
         <load_address>0x83f0</load_address>
         <run_address>0x83f0</run_address>
         <size>0x1c</size>
         <input_file_ref idref="fl-121"/>
      </object_component>
      <object_component id="oc-9f2">
         <name>.text:mem_cmp</name>
         <load_address>0x8410</load_address>
         <run_address>0x8410</run_address>
         <size>0x1c</size>
         <input_file_ref idref="fl-3e"/>
      </object_component>
      <object_component id="oc-758">
         <name>.text:clst2sect</name>
         <load_address>0x8430</load_address>
         <run_address>0x8430</run_address>
         <size>0x1a</size>
         <input_file_ref idref="fl-3e"/>
      </object_component>
      <object_component id="oc-6af">
         <name>.text:prvGetDisinheritPriorityAfterTimeout</name>
[...]
         <object_component_ref idref="oc-159"/>
      </symbol>
      <symbol id="sm-b8d">
         <name>handle_of_last_logged_task</name>
         <value>0x2000eacd</value>
         <object_component_ref idref="oc-159"/>
      </symbol>
      <symbol id="sm-b8e">
         <name>trace_disable_timestamp</name>
         <value>0x2000eab8</value>
         <object_component_ref idref="oc-159"/>
      </symbol>
      <symbol id="sm-b8f">
         <name>prvTraceSetTaskInstanceFinished</name>
         <value>0x6549</value>
         <object_component_ref idref="oc-68b"/>
      </symbol>
      <symbol id="sm-b90">
         <name>prvTraceStoreKernelCallWithParam</name>
         <value>0x12c1</value>
         <object_component_ref idref="oc-3ff"/>
      </symbol>
      <symbol id="sm-b91">
         <name>prvTraceInitCortexM</name>
         <value>0x56d1</value>
         <object_component_ref idref="oc-42f"/>
      </symbol>
      <symbol id="sm-b92">
         <name>prvTraceStoreTaskReady</name>
         <value>0x4371</value>
         <object_component_ref idref="oc-17b"/>
      </symbol>
      <symbol id="sm-b9d">
         <name>CPU_cpsie</name>
         <value>0x87b1</value>
         <object_component_ref idref="oc-8e2"/>
      </symbol>
      <symbol id="sm-c4c">
         <name>CS_getMCLK</name>
         <value>0x8531</value>
         <object_component_ref idref="oc-3d3"/>
      </symbol>
      <symbol id="sm-c4d">
         <name>CS_clearInterruptFlag</name>
         <value>0x8121</value>
         <object_component_ref idref="oc-7f9"/>
      </symbol>
      <symbol id="sm-c4e">
         <name>CS_getDCOFrequency</name>
         <value>0x25b9</value>
         <object_component_ref idref="oc-7f3"/>
      </symbol>
      <symbol id="sm-c4f">
         <name>CS_setDCOCenteredFrequency</name>
         <value>0x7ee9</value>
         <object_component_ref idref="oc-358"/>
      </symbol>
      <symbol id="sm-c50">
         <name>CS_initClockSignal</name>
         <value>0x36c9</value>
         <object_component_ref idref="oc-35e"/>
      </symbol>
      <symbol id="sm-c5f">
         <name>FlashCtl_setWaitState</name>
         <value>0x7e29</value>
         <object_component_ref idref="oc-352"/>
      </symbol>
      <symbol id="sm-c6b">
         <name>FPU_enableModule</name>
         <value>0x8721</value>
         <object_component_ref idref="oc-34b"/>
      </symbol>
      <symbol id="sm-c91">
         <name>GPIO_setAsPeripheralModuleFunctionOutputPin</name>
         <value>0x7131</value>
         <object_component_ref idref="oc-866"/>
      </symbol>
      <symbol id="sm-c92">
         <name>GPIO_setAsPeripheralModuleFunctionInputPin</name>
         <value>0x70d9</value>
         <object_component_ref idref="oc-622"/>
      </symbol>
      <symbol id="sm-c9d">
         <name>Interrupt_enableMaster</name>
         <value>0x8751</value>
         <object_component_ref idref="oc-6fe"/>
      </symbol>
      <symbol id="sm-d0a">
         <name>PCM_setCoreVoltageLevel</name>
         <value>0x8911</value>
         <object_component_ref idref="oc-364"/>
      </symbol>
      <symbol id="sm-d0b">
         <name>PCM_getCoreVoltageLevel</name>
         <value>0x7341</value>
         <object_component_ref idref="oc-563"/>
      </symbol>
      <symbol id="sm-d0c">
         <name>PCM_getPowerMode</name>
         <value>0x7a61</value>
         <object_component_ref idref="oc-55d"/>
      </symbol>
      <symbol id="sm-d0d">
         <name>PCM_getPowerState</name>
         <value>0x87e1</value>
         <object_component_ref idref="oc-569"/>
      </symbol>
      <symbol id="sm-d0e">
         <name>PCM_setPowerMode</name>
         <value>0x8919</value>
         <object_component_ref idref="oc-56f"/>
      </symbol>
      <symbol id="sm-d2e">
         <name>SysCtl_getTempCalibrationConstant</name>
         <value>0x8809</value>
         <object_component_ref idref="oc-652"/>
      </symbol>
      <symbol id="sm-d2f">
         <name>SysCtl_getTLVInfo</name>
         <value>0x7189</value>
         <object_component_ref idref="oc-99b"/>
      </symbol>
      <symbol id="sm-dd1">
         <name>bufferIMU</name>
         <value>0x2000e830</value>
      </symbol>
      <symbol id="sm-dd2">
         <name>MPU9250_setClockSource</name>
         <value>0x87d1</value>
         <object_component_ref idref="oc-5fd"/>
      </symbol>
      <symbol id="sm-dd3">
         <name>MPU9250_getMotion9</name>
         <value>0x8761</value>
         <object_component_ref idref="oc-477"/>
      </symbol>
      <symbol id="sm-dd4">
         <name>readI2C</name>
         <value>0x3d49</value>
         <object_component_ref idref="oc-89c"/>
      </symbol>
      <symbol id="sm-dd5">
         <name>getMotion6</name>
         <value>0x5f69</value>
         <object_component_ref idref="oc-668"/>
      </symbol>
      <symbol id="sm-dd6">
         <name>MPU9250_devAddr</name>
         <value>0x2000eaaa</value>
         <object_component_ref idref="oc-8a3"/>
      </symbol>
      <symbol id="sm-dd7">
         <name>setSleepEnabled</name>
         <value>0x88f1</value>
         <object_component_ref idref="oc-60f"/>
      </symbol>
      <symbol id="sm-dd8">
         <name>setFullScaleGyroRange</name>
         <value>0x8891</value>
         <object_component_ref idref="oc-603"/>
      </symbol>
      <symbol id="sm-dd9">
         <name>writeBit</name>
         <value>0x74d1</value>
         <object_component_ref idref="oc-879"/>
      </symbol>
      <symbol id="sm-dda">
         <name>initI2C</name>
         <value>0x7861</value>
         <object_component_ref idref="oc-5f7"/>
      </symbol>
      <symbol id="sm-ddb">
         <name>MPU9250_initialize</name>
         <value>0x82b1</value>
         <object_component_ref idref="oc-46b"/>
      </symbol>
      <symbol id="sm-ddc">
         <name>writeBits</name>
         <value>0x6eb9</value>
         <object_component_ref idref="oc-870"/>
      </symbol>
      <symbol id="sm-ddd">
         <name>i2cConfig</name>
         <value>0x8a04</value>
         <object_component_ref idref="oc-86c"/>
      </symbol>
      <symbol id="sm-dde">
         <name>writeI2C</name>
         <value>0x5411</value>
         <object_component_ref idref="oc-9bf"/>
      </symbol>
      <symbol id="sm-ddf">
         <name>setFullScaleAccelRange</name>
         <value>0x8881</value>
         <object_component_ref idref="oc-609"/>
      </symbol>
      <symbol id="sm-e31">
         <name>sdDriver</name>
         <value>0x2000e118</value>
      </symbol>
      <symbol id="sm-e32">
         <name>file</name>
         <value>0x2000e348</value>
      </symbol>
      <symbol id="sm-e33">
         <name>bw</name>
         <value>0x2000e880</value>
      </symbol>
      <symbol id="sm-e34">
         <name>fResult</name>
         <value>0x2000e777</value>
      </symbol>
      <symbol id="sm-e35">
         <name>imuData</name>
         <value>0x2000e738</value>
      </symbol>
      <symbol id="sm-e36">
         <name>localTime</name>
         <value>0x2000e874</value>
      </symbol>
      <symbol id="sm-e37">
         <name>SPI0MasterConfig</name>
         <value>0x2000eb90</value>
         <object_component_ref idref="oc-70a"/>
      </symbol>
      <symbol id="sm-e38">
         <name>getLocalTime</name>
         <value>0x77d1</value>
         <object_component_ref idref="oc-4be"/>
      </symbol>
      <symbol id="sm-e39">
         <name>dataStorage</name>
         <value>0x2991</value>
         <object_component_ref idref="oc-394"/>
      </symbol>
      <symbol id="sm-e3a">
         <name>initSD</name>
         <value>0x6d21</value>
         <object_component_ref idref="oc-4ac"/>
      </symbol>
      <symbol id="sm-e6d">
         <name>cal30</name>
         <value>0x2000e84a</value>
      </symbol>
      <symbol id="sm-e6e">
         <name>cal85</name>
         <value>0x2000e87a</value>
      </symbol>
      <symbol id="sm-e6f">
         <name>calDifference</name>
         <value>0x2000e884</value>
      </symbol>
      <symbol id="sm-e70">
         <name>getTemperature</name>
         <value>0x7819</value>
         <object_component_ref idref="oc-483"/>
      </symbol>
      <symbol id="sm-e71">
         <name>adcInit</name>
         <value>0x4721</value>
         <object_component_ref idref="oc-471"/>
      </symbol>
      <symbol id="sm-e72">
         <name>houseKeeping</name>
         <value>0x2e99</value>
         <object_component_ref idref="oc-38e"/>
      </symbol>
      <symbol id="sm-e98">
         <name>xQueueIMU</name>
         <value>0x2000ebf0</value>
         <object_component_ref idref="oc-44e"/>
      </symbol>
      <symbol id="sm-e99">
         <name>semaphoreIMU</name>
         <value>0x2000ebf4</value>
         <object_component_ref idref="oc-44e"/>
      </symbol>
      <symbol id="sm-e9a">
         <name>queueCreate</name>
         <value>0x8171</value>
         <object_component_ref idref="oc-382"/>
      </symbol>
      <symbol id="sm-e9b">
         <name>taskCreate</name>
         <value>0x6f79</value>
         <object_component_ref idref="oc-231"/>
      </symbol>
      <symbol id="sm-ecf">
         <name>interruptVectors</name>
         <value>0x0</value>
         <object_component_ref idref="oc-10"/>
      </symbol>
      <symbol id="sm-ee1">
         <name>SystemInit</name>
         <value>0x6ab1</value>
         <object_component_ref idref="oc-9a"/>
      </symbol>
      <symbol id="sm-eec">
         <name>CS_Init</name>
         <value>0x81e9</value>
         <object_component_ref idref="oc-6ec"/>
      </symbol>
      <symbol id="sm-f0d">
         <name>GPIO_High</name>
         <value>0x8731</value>
         <object_component_ref idref="oc-a2c"/>
      </symbol>
      <symbol id="sm-f0e">
         <name>GPIO_Init</name>
         <value>0x8059</value>
         <object_component_ref idref="oc-6f8"/>
      </symbol>
      <symbol id="sm-f0f">
         <name>GPIO_Low</name>
         <value>0x8741</value>
         <object_component_ref idref="oc-8db"/>
      </symbol>
      <symbol id="sm-f39">
         <name>SPI_Write</name>
         <value>0x7c39</value>
         <object_component_ref idref="oc-ab0"/>
      </symbol>
      <symbol id="sm-f3a">
         <name>SPI_Read</name>
         <value>0x7c01</value>
         <object_component_ref idref="oc-ab6"/>
      </symbol>
      <symbol id="sm-f3b">
         <name>SPI_Init</name>
         <value>0x7391</value>
         <object_component_ref idref="oc-6f2"/>
      </symbol>
      <symbol id="sm-f54">
         <name>itoa</name>
         <value>0x5821</value>
         <object_component_ref idref="oc-47d"/>
      </symbol>
      <symbol id="sm-f95">
         <name>disk_status</name>
         <value>0x8579</value>
         <object_component_ref idref="oc-8f5"/>
      </symbol>
      <symbol id="sm-f96">
         <name>disk_read</name>
         <value>0x8211</value>
         <object_component_ref idref="oc-75e"/>
      </symbol>
      <symbol id="sm-f97">
         <name>disk_initialize</name>
         <value>0x8561</value>
         <object_component_ref idref="oc-8fb"/>
      </symbol>
      <symbol id="sm-f98">
         <name>disk_ioctl</name>
         <value>0x82f1</value>
         <object_component_ref idref="oc-95c"/>
      </symbol>
      <symbol id="sm-f99">
         <name>disk_write</name>
         <value>0x8239</value>
         <object_component_ref idref="oc-779"/>
      </symbol>
      <symbol id="sm-11f4">
         <name>f_sync</name>
         <value>0x5b51</value>
         <object_component_ref idref="oc-4d0"/>
      </symbol>
      <symbol id="sm-11f5">
         <name>f_write</name>
         <value>0x10e9</value>
         <object_component_ref idref="oc-4c4"/>
      </symbol>
      <symbol id="sm-11f6">
         <name>f_open</name>
         <value>0x1489</value>
         <object_component_ref idref="oc-4b8"/>
      </symbol>
      <symbol id="sm-11f7">
         <name>f_mount</name>
         <value>0x7571</value>
         <object_component_ref idref="oc-704"/>
      </symbol>
      <symbol id="sm-1317">
         <name>get_fattime</name>
         <value>0x8939</value>
         <object_component_ref idref="oc-728"/>
      </symbol>
      <symbol id="sm-1318">
         <name>MMC_disk_ioctl</name>
         <value>0x1b61</value>
         <object_component_ref idref="oc-a49"/>
      </symbol>
      <symbol id="sm-1319">
         <name>MMC_disk_read</name>
         <value>0x5be9</value>
         <object_component_ref idref="oc-946"/>
      </symbol>
      <symbol id="sm-131a">
         <name>MMC_disk_status</name>
         <value>0x87c1</value>
         <object_component_ref idref="oc-9e4"/>
      </symbol>
      <symbol id="sm-131b">
         <name>MMC_disk_write</name>
         <value>0x5119</value>
         <object_component_ref idref="oc-953"/>
      </symbol>
      <symbol id="sm-131c">
         <name>MMC_disk_initialize</name>
         <value>0x2309</value>
         <object_component_ref idref="oc-9eb"/>
      </symbol>
      <symbol id="sm-1346">
         <name>memcpy</name>
         <value>0x5a11</value>
         <object_component_ref idref="oc-68"/>
      </symbol>
      <symbol id="sm-1347">
         <name>__aeabi_memcpy</name>
         <value>0x5a11</value>
         <object_component_ref idref="oc-68"/>
      </symbol>
      <symbol id="sm-1348">
         <name>__aeabi_memcpy8</name>
         <value>0x5a11</value>
         <object_component_ref idref="oc-68"/>
      </symbol>
      <symbol id="sm-1349">
         <name>__aeabi_memcpy4</name>
         <value>0x5a11</value>
         <object_component_ref idref="oc-68"/>
      </symbol>
      <symbol id="sm-135a">
         <name>__aeabi_memset</name>
         <value>0x65c7</value>
         <object_component_ref idref="oc-10e"/>
      </symbol>
      <symbol id="sm-135b">
         <name>memset</name>
         <value>0x65cd</value>
         <object_component_ref idref="oc-10e"/>
      </symbol>
      <symbol id="sm-135c">
         <name>__aeabi_memset8</name>
         <value>0x65c7</value>
         <object_component_ref idref="oc-10e"/>
      </symbol>
      <symbol id="sm-135d">
         <name>__aeabi_memset4</name>
         <value>0x65c7</value>
         <object_component_ref idref="oc-10e"/>
      </symbol>
      <symbol id="sm-135e">
         <name>__aeabi_memclr8</name>
         <value>0x65c5</value>
         <object_component_ref idref="oc-10e"/>
      </symbol>
      <symbol id="sm-135f">
         <name>__aeabi_memclr4</name>
         <value>0x65c5</value>
         <object_component_ref idref="oc-10e"/>
      </symbol>
      <symbol id="sm-1360">
         <name>__aeabi_memclr</name>
         <value>0x65c5</value>
         <object_component_ref idref="oc-10e"/>
      </symbol>
      <symbol id="sm-1372">
         <name>__TI_zero_init</name>
         <value>0x8825</value>
         <object_component_ref idref="oc-7a"/>
      </symbol>
      <symbol id="sm-1389">
         <name>__TI_decompress_none</name>
         <value>0x8781</value>
         <object_component_ref idref="oc-19"/>
      </symbol>
      <symbol id="sm-13ac">
         <name>__TI_decompress_lzss</name>
         <value>0x6b19</value>
         <object_component_ref idref="oc-13"/>
      </symbol>
      <symbol id="sm-13bf">
         <name>__stack</name>
         <value>0x2000fce0</value>
         <object_component_ref idref="oc-22"/>
      </symbol>
      <symbol id="sm-13c0">
         <name>_c_int00_noargs</name>
         <value>0x7b1d</value>
         <object_component_ref idref="oc-86"/>
      </symbol>
      <symbol id="sm-13cc">
         <name>C$$EXIT</name>
         <value>0xaed</value>
         <object_component_ref idref="oc-23e"/>
      </symbol>
      <symbol id="sm-13cd">
         <name>abort</name>
         <value>0xaed</value>
         <object_component_ref idref="oc-23e"/>
      </symbol>
      <symbol id="sm-13fe">
         <name>__TI_auto_init_nobinit_nopinit</name>
         <value>0x7789</value>
         <object_component_ref idref="oc-24a"/>
      </symbol>
      <symbol id="sm-1408">
         <name>_system_pre_init</name>
         <value>0x7dd</value>
         <object_component_ref idref="oc-114"/>
      </symbol>
      <symbol id="sm-14e7">
         <name>ADC14_enableSampleTimer</name>
         <value>0x7bc9</value>
         <object_component_ref idref="oc-63a"/>
      </symbol>
      <symbol id="sm-14e8">
         <name>ADC14_enableConversion</name>
         <value>0x802d</value>
         <object_component_ref idref="oc-658"/>
      </symbol>
      <symbol id="sm-14e9">
         <name>ADC14_toggleConversionTrigger</name>
         <value>0x7eb9</value>
         <object_component_ref idref="oc-65e"/>
      </symbol>
      <symbol id="sm-14ea">
         <name>ADC14_getMultiSequenceResult</name>
         <value>0x6641</value>
         <object_component_ref idref="oc-489"/>
      </symbol>
      <symbol id="sm-14eb">
         <name>ADC14_setSampleHoldTime</name>
         <value>0x7df5</value>
         <object_component_ref idref="oc-634"/>
      </symbol>
      <symbol id="sm-14ec">
         <name>ADC14_initModule</name>
         <value>0x7081</value>
         <object_component_ref idref="oc-61c"/>
      </symbol>
      <symbol id="sm-14ed">
         <name>ADC14_configureMultiSequenceMode</name>
         <value>0x5629</value>
         <object_component_ref idref="oc-628"/>
      </symbol>
      <symbol id="sm-14ee">
         <name>ADC14_configureConversionMemory</name>
         <value>0x5779</value>
         <object_component_ref idref="oc-62e"/>
      </symbol>
      <symbol id="sm-14ef">
         <name>ADC14_enableModule</name>
         <value>0x87a1</value>
         <object_component_ref idref="oc-616"/>
      </symbol>
      <symbol id="sm-14f0">
         <name>ADC14_getResult</name>
         <value>0x83f1</value>
         <object_component_ref idref="oc-673"/>
      </symbol>
      <symbol id="sm-14ff">
         <name>I2C_masterSendMultiByteStart</name>
         <value>0x6a45</value>
         <object_component_ref idref="oc-9cc"/>
      </symbol>
      <symbol id="sm-151f">
         <name>REF_A_enableTempSensor</name>
         <value>0x87f9</value>
         <object_component_ref idref="oc-640"/>
      </symbol>
      <symbol id="sm-1520">
         <name>REF_A_enableReferenceVoltage</name>
         <value>0x87ed</value>
         <object_component_ref idref="oc-64c"/>
      </symbol>
      <symbol id="sm-1521">
         <name>REF_A_setReferenceVoltage</name>
         <value>0x82d1</value>
         <object_component_ref idref="oc-646"/>
      </symbol>
      <symbol id="sm-1554">
         <name>RTC_C_startClock</name>
         <value>0x7f15</value>
         <object_component_ref idref="oc-4b2"/>
      </symbol>
      <symbol id="sm-1555">
         <name>RTC_C_getCalendarTime</name>
         <value>0x6449</value>
         <object_component_ref idref="oc-766"/>
      </symbol>
      <symbol id="sm-1556">
         <name>RTC_C_initCalendar</name>
         <value>0x5c7d</value>
         <object_component_ref idref="oc-378"/>
      </symbol>
      <symbol id="sm-1576">
         <name>SPI_initMaster</name>
         <value>0x54c5</value>
         <object_component_ref idref="oc-8cf"/>
      </symbol>
      <symbol id="sm-1577">
         <name>__TI_static_base__</name>
         <value>0x0</value>
      </symbol>
      <symbol id="sm-157a">
         <name>__mpu_init</name>
         <value>0x0</value>
      </symbol>
      <symbol id="sm-157b">
         <name>_system_post_cinit</name>
         <value>0x0</value>
      </symbol>
      <symbol id="sm-157c">
         <name>prvTraceGetQueueNumber</name>
         <value>0x8941</value>
      </symbol>
      <symbol id="sm-157d">
         <name>prvTraceGetQueueType</name>
         <value>0x8921</value>
      </symbol>
      <symbol id="sm-157e">
         <name>prvTraceGetCurrentTaskHandle</name>
         <value>0x88b1</value>
      </symbol>
   </symbol_table>
   <title>Link successful</title>
</link_info>
