******************************************************************************
                  TI ARM Linker PC v18.1.1                     
******************************************************************************
>> Linked Sun Jun 23 15:33:56 2019

OUTPUT FILE NAME:   <Firmware_OBC.out>
ENTRY POINT SYMBOL: "_c_int00_noargs"  address: 000087c5


MEMORY CONFIGURATION

         name            origin    length      used     unused   attr    fill
----------------------  --------  ---------  --------  --------  ----  --------
  MAIN                  00000000   0003f000  0000993a  000356c6  R  X
  MYDATA                0003f000   00001000  00000000  00001000  R  X
  INFO                  00200000   00004000  00000000  00004000  R  X
  SRAM_CODE             01000000   00010000  0000ee93  0000116d  RW X
  SRAM_DATA             20000000   00010000  0000ee93  0000116d  RW  


SEGMENT ALLOCATION MAP

run origin  load origin   length   init length attrs members
----------  ----------- ---------- ----------- ----- -------
00000000    00000000    00009940   00009940    r-x
  00000000    00000000    00000144   00000144    r-- .intvecs
  00000148    00000148    000096b2   000096b2    r-x .text
  000097fc    000097fc    000000ac   000000ac    r-- .const
  000098a8    000098a8    00000098   00000098    r-- .cinit
20000000    20000000    0000eb73   00000000    rw-
  20000000    20000000    0000e7f0   00000000    rw- .bss
  2000e7f0    2000e7f0    00000383   00000000    rw- .data
2000fce0    2000fce0    00000320   00000000    rw-
  2000fce0    2000fce0    00000320   00000000    rw- .stack


SECTION ALLOCATION MAP

 output                                  attributes/
section   page    origin      length       input sections
--------  ----  ----------  ----------   ----------------
.intvecs   0    00000000    00000144     
                  00000000    00000144     msp432_startup_ccs.obj (.intvecs:retain)

.text      0    00000148    000096b2     
                  00000148    0000035e     trcKernelPort.obj (.text:pszTraceGetErrorNotEnoughHandles)
                  000004a6    00000002     --HOLE-- [fill = 0]
                  000004a8    00000334     queue.obj (.text:xQueueSemaphoreTake)
                  000007dc    00000004     rtsv7M4_T_le_v4SPD16_eabi.lib : pre_init.c.obj (.text:_system_pre_init)
                  000007e0    00000314     dataStorage.obj (.text:dataStorage)
                  00000af4    00000004     rtsv7M4_T_le_v4SPD16_eabi.lib : exit.c.obj (.text:abort:abort)
                  00000af8    0000030c     queue.obj (.text:xQueueGenericSend)
                  00000e04    00000004     --HOLE-- [fill = 0]
                  00000e08    00000304     ff.obj (.text:find_volume)
                  0000110c    00000004     --HOLE-- [fill = 0]
                  00001110    000002ec     queue.obj (.text:xQueueReceive)
                  000013fc    00000004     --HOLE-- [fill = 0]
                  00001400    000001d2     ff.obj (.text:f_write)
                  000015d2    00000006     --HOLE-- [fill = 0]
                  000015d8    000001c8     trcSnapshotRecorder.obj (.text:prvTraceStoreKernelCallWithParam)
                  000017a0    000001c6     ff.obj (.text:f_open)
                  00001966    00000002     --HOLE-- [fill = 0]
                  00001968    000001c0     houseKeeping.obj (.text:houseKeeping)
                  00001b28    000001c0     IntQueue.obj (.text:xSecondTimerHandler)
                  00001ce8    000001b0     trcSnapshotRecorder.obj (.text:prvTraceInitTraceData)
                  00001e98    000001a0     trcSnapshotRecorder.obj (.text:prvTraceStoreKernelCall)
                  00002038    0000019c     mmc_MSP432P401r.obj (.text:MMC_disk_ioctl)
                  000021d4    00000004     --HOLE-- [fill = 0]
                  000021d8    00000198     tasks.obj (.text:xTaskIncrementTick)
                  00002370    00000188     queue.obj (.text:xQueueGenericSendFromISR)
                  000024f8    00000184     trcSnapshotRecorder.obj (.text:prvTraceGetDTS)
                  0000267c    00000160     msp432p4xx_driverlib.lib : adc14.o (.text:_getIndexForMemRegister)
                  000027dc    00000004     --HOLE-- [fill = 0]
                  000027e0    0000015c     mmc_MSP432P401r.obj (.text:MMC_disk_initialize)
                  0000293c    00000004     --HOLE-- [fill = 0]
                  00002940    0000014c     trcSnapshotRecorder.obj (.text:prvTraceGetObjectHandle)
                  00002a8c    00000004     --HOLE-- [fill = 0]
                  00002a90    00000148     cs.obj (.text:CS_getDCOFrequency)
                  00002bd8    00000148     trcSnapshotRecorder.obj (.text:prvCheckDataToBeOverwrittenForMultiEntryEvents)
                  00002d20    00000148     queue.obj (.text:xQueueReceiveFromISR)
                  00002e68    00000144     heap_4.obj (.text:pvPortMalloc)
                  00002fac    00000004     --HOLE-- [fill = 0]
                  00002fb0    00000140     tasks.obj (.text:prvAddNewTaskToReadyList)
                  000030f0    0000013c     port.obj (.text:vPortSuppressTicksAndSleep)
                  0000322c    00000004     --HOLE-- [fill = 0]
                  00003230    00000134     taskManager.obj (.text:prvTaskCreate)
                  00003364    00000004     --HOLE-- [fill = 0]
                  00003368    00000130     trcSnapshotRecorder.obj (.text:uiIndexOfObject)
                  00003498    00000130     IntQueue.obj (.text:xFirstTimerHandler)
                  000035c8    0000012c     tasks.obj (.text:vTaskPriorityDisinheritAfterTimeout)
                  000036f4    00000004     --HOLE-- [fill = 0]
                  000036f8    0000012c     tasks.obj (.text:vTaskSuspend)
                  00003824    00000004     --HOLE-- [fill = 0]
                  00003828    0000012c     event_groups.obj (.text:xEventGroupWaitBits)
                  00003954    00000004     --HOLE-- [fill = 0]
                  00003958    00000128     tasks.obj (.text:xTaskResumeAll)
                  00003a80    00000124     tasks.obj (.text:vTaskNotifyGiveFromISR)
                  00003ba4    00000004     --HOLE-- [fill = 0]
                  00003ba8    00000120     tasks.obj (.text:xTaskPriorityDisinherit)
                  00003cc8    0000011c     cs.obj (.text:CS_initClockSignal)
                  00003de4    00000004     --HOLE-- [fill = 0]
                  00003de8    0000011c     houseKeeping.obj (.text:adcInit)
                  00003f04    00000004     --HOLE-- [fill = 0]
                  00003f08    00000118     trcKernelPort.obj (.text:vTraceInitObjectPropertyTable)
                  00004020    00000114     cs.obj (.text:_CSComputeCLKFrequency)
                  00004134    00000004     --HOLE-- [fill = 0]
                  00004138    00000110     trcSnapshotRecorder.obj (.text:prvTraceStoreKernelCallWithNumericParamOnly)
                  00004248    00000110     tasks.obj (.text:xTaskPriorityInherit)
                  00004358    0000010c     trcSnapshotRecorder.obj (.text:prvTraceSetObjectName)
                  00004464    00000004     --HOLE-- [fill = 0]
                  00004468    0000010c     MPU9250.obj (.text:readI2C)
                  00004574    00000004     --HOLE-- [fill = 0]
                  00004578    00000108     pcm.obj (.text:__PCM_setPowerModeAdvanced)
                  00004680    00000104     ff.obj (.text:create_chain)
                  00004784    00000004     --HOLE-- [fill = 0]
                  00004788    00000103     ff.obj (.text:create_name)
                  0000488b    00000005     --HOLE-- [fill = 0]
                  00004890    00000100     timers.obj (.text:prvProcessReceivedCommands)
                  00004990    00000100     tasks.obj (.text:vTaskDelayUntil)
                  00004a90    000000fc     taskManager.obj (.text:updateBatteryLevel)
                  00004b8c    00000004     --HOLE-- [fill = 0]
                  00004b90    000000fa     ff.obj (.text:put_fat)
                  00004c8a    00000006     --HOLE-- [fill = 0]
                  00004c90    000000f4     trcSnapshotRecorder.obj (.text:prvTraceStoreTaskReady)
                  00004d84    00000004     --HOLE-- [fill = 0]
                  00004d88    000000e8     trcSnapshotRecorder.obj (.text:uiTraceStart)
                  00004e70    000000e6     ff.obj (.text:dir_next)
                  00004f56    00000002     --HOLE-- [fill = 0]
                  00004f58    000000e4     trcSnapshotRecorder.obj (.text:prvTraceStoreTaskswitch)
                  0000503c    00000004     --HOLE-- [fill = 0]
                  00005040    000000dc     trcSnapshotRecorder.obj (.text:prvTraceGetPriorityProperty)
                  0000511c    00000004     --HOLE-- [fill = 0]
                  00005120    000000dc     port.obj (.text:xPortStartScheduler)
                  000051fc    000000da     portasm.obj (.text)
                  000052d6    00000002     --HOLE-- [fill = 0]
                  000052d8    000000d8     trcSnapshotRecorder.obj (.text:prvTraceSetPriorityProperty)
                  000053b0    000000d8     tasks.obj (.text:vTaskResume)
                  00005488    000000d4     tasks.obj (.text:vTaskSwitchContext)
                  0000555c    00000004     --HOLE-- [fill = 0]
                  00005560    000000d0     pcm.obj (.text:__PCM_setCoreVoltageLevelAdvanced)
                  00005630    000000d0     trcSnapshotRecorder.obj (.text:prvTraceGetObjectState)
                  00005700    000000cc     trcSnapshotRecorder.obj (.text:prvTraceSetObjectState)
                  000057cc    00000004     --HOLE-- [fill = 0]
                  000057d0    000000cc     trcKernelPort.obj (.text:vTraceInitObjectHandleStack)
                  0000589c    00000004     --HOLE-- [fill = 0]
                  000058a0    000000ca     ff.obj (.text:get_fat)
                  0000596a    00000006     --HOLE-- [fill = 0]
                  00005970    000000c0     tasks.obj (.text:xTaskRemoveFromEventList)
                  00005a30    000000bc     mmc_MSP432P401r.obj (.text:MMC_disk_write)
                  00005aec    00000004     --HOLE-- [fill = 0]
                  00005af0    000000bc     queue.obj (.text:prvInitialiseNewQueue)
                  00005bac    00000004     --HOLE-- [fill = 0]
                  00005bb0    000000bc     trcSnapshotRecorder.obj (.text:vTraceStoreMemMangEvent)
                  00005c6c    00000004     --HOLE-- [fill = 0]
                  00005c70    000000b4     tasks.obj (.text:vTaskRemoveFromUnorderedEventList)
                  00005d24    00000004     --HOLE-- [fill = 0]
                  00005d28    000000b4     serial.obj (.text:vUART_Handler)
                  00005ddc    00000004     --HOLE-- [fill = 0]
                  00005de0    000000b4     MPU9250.obj (.text:writeI2C)
                  00005e94    000000b0     msp432p4xx_driverlib.lib : spi.o (.text:SPI_initMaster)
                  00005f44    00000004     --HOLE-- [fill = 0]
                  00005f48    000000ae     tasks.obj (.text:prvInitialiseNewTask)
                  00005ff6    00000002     --HOLE-- [fill = 0]
                  00005ff8    000000ae     event_groups.obj (.text:xEventGroupSetBits)
                  000060a6    00000002     --HOLE-- [fill = 0]
                  000060a8    000000a8     trcSnapshotRecorder.obj (.text:prvTraceInitCortexM)
                  00006150    000000a4     itoa.obj (.text:itoa)
                  000061f4    00000004     --HOLE-- [fill = 0]
                  000061f8    000000a4     trcSnapshotRecorder.obj (.text:vTraceEnable)
                  0000629c    00000004     --HOLE-- [fill = 0]
                  000062a0    000000a0     ff.obj (.text:dir_sdi)
                  00006340    0000009c     rtsv7M4_T_le_v4SPD16_eabi.lib : memcpy_t2.asm.obj (.text)
                  000063dc    00000004     --HOLE-- [fill = 0]
                  000063e0    0000009c     tasks.obj (.text:vTaskDelay)
                  0000647c    00000004     --HOLE-- [fill = 0]
                  00006480    00000098     ff.obj (.text:f_sync)
                  00006518    00000094     mmc_MSP432P401r.obj (.text:MMC_disk_read)
                  000065ac    00000004     --HOLE-- [fill = 0]
                  000065b0    00000094     timers.obj (.text:prvSwitchTimerLists)
                  00006644    00000004     --HOLE-- [fill = 0]
                  00006648    00000094     trcSnapshotRecorder.obj (.text:prvTraceGetParam)
                  000066dc    00000004     --HOLE-- [fill = 0]
                  000066e0    00000094     tasks.obj (.text:xTaskCheckForTimeOut)
                  00006774    00000004     --HOLE-- [fill = 0]
                  00006778    00000090     taskManager.obj (.text:prvSuspendAllTasks)
                  00006808    00000090     queue.obj (.text:xQueueGenericReset)
                  00006898    0000008c     MPU9250.obj (.text:getMotion6)
                  00006924    00000004     --HOLE-- [fill = 0]
                  00006928    0000008c     ff.obj (.text:sync_fs)
                  000069b4    00000004     --HOLE-- [fill = 0]
                  000069b8    0000008c     heap_4.obj (.text:vPortFree)
                  00006a44    00000004     --HOLE-- [fill = 0]
                  00006a48    0000008a     ff.obj (.text:check_fs)
                  00006ad2    00000006     --HOLE-- [fill = 0]
                  00006ad8    00000088     tasks.obj (.text:prvAddCurrentTaskToDelayedList)
                  00006b60    00000088     tasks.obj (.text:vTaskPlaceOnEventListRestricted)
                  00006be8    00000086     ff.obj (.text:follow_path)
                  00006c6e    00000002     --HOLE-- [fill = 0]
                  00006c70    00000084     tasks.obj (.text:prvIdleTask)
                  00006cf4    00000004     --HOLE-- [fill = 0]
                  00006cf8    00000084     tasks.obj (.text:vTaskStartScheduler)
                  00006d7c    00000004     --HOLE-- [fill = 0]
                  00006d80    00000080     ff.obj (.text:remove_chain)
                  00006e00    00000080     taskManager.obj (.text:taskManager)
                  00006e80    0000007c     msp432p4xx_driverlib.lib : rtc_c.o (.text:RTC_C_getCalendarTime)
                  00006efc    00000004     --HOLE-- [fill = 0]
                  00006f00    0000007c     trcSnapshotRecorder.obj (.text:prvTraceSetTaskInstanceFinished)
                  00006f7c    0000007a     rtsv7M4_T_le_v4SPD16_eabi.lib : memset_t2.asm.obj (.text)
                  00006ff6    00000002     --HOLE-- [fill = 0]
                  00006ff8    00000078     msp432p4xx_driverlib.lib : adc14.o (.text:ADC14_getMultiSequenceResult)
                  00007070    00000078     main.obj (.text:prvSetupHardware)
                  000070e8    00000074     main.obj (.text:prvConfigureClocks)
                  0000715c    00000004     --HOLE-- [fill = 0]
                  00007160    00000074     queue.obj (.text:xQueueGenericCreate)
                  000071d4    00000004     --HOLE-- [fill = 0]
                  000071d8    00000074     timers.obj (.text:xTimerGenericCommand)
                  0000724c    00000004     --HOLE-- [fill = 0]
                  00007250    00000070     queue.obj (.text:prvCopyDataToQueue)
                  000072c0    00000070     heap_4.obj (.text:prvHeapInit)
                  00007330    00000070     tasks.obj (.text:prvInitialiseTaskLists)
                  000073a0    00000070     timers.obj (.text:prvProcessTimerOrBlockTask)
                  00007410    00000070     mmc_MSP432P401r.obj (.text:send_cmd)
                  00007480    00000070     watchDogTask.obj (.text:watchDogTask)
                  000074f0    0000006c     queue.obj (.text:prvUnlockQueue)
                  0000755c    00000068     msp432p4xx_driverlib.lib : i2c.o (.text:I2C_masterSendMultiByteStart)
                  000075c4    00000004     --HOLE-- [fill = 0]
                  000075c8    00000068     system_msp432p401r.obj (.text:SystemInit)
                  00007630    00000068     rtsv7M4_T_le_v4SPD16_eabi.lib : copy_decompress_lzss.c.obj (.text:decompress:lzss:__TI_decompress_lzss)
                  00007698    00000068     heap_4.obj (.text:prvInsertBlockIntoFreeList)
                  00007700    00000068     port.obj (.text:vPortSetupTimerInterrupt)
                  00007768    00000068     tasks.obj (.text:xTaskCreate)
                  000077d0    00000066     ff.obj (.text:dir_clear)
                  00007836    00000002     --HOLE-- [fill = 0]
                  00007838    00000064     dataStorage.obj (.text:initSD)
                  0000789c    00000004     --HOLE-- [fill = 0]
                  000078a0    00000064     taskManager.obj (.text:prvResumeAllTasks)
                  00007904    00000004     --HOLE-- [fill = 0]
                  00007908    00000064     trcSnapshotRecorder.obj (.text:prvTraceNextFreeEventBufferSlot)
                  0000796c    00000004     --HOLE-- [fill = 0]
                  00007970    00000064     port.obj (.text:vPortValidateInterruptPriority)
                  000079d4    00000004     --HOLE-- [fill = 0]
                  000079d8    00000060     timers.obj (.text:prvProcessExpiredTimer)
                  00007a38    00000060     MPU9250.obj (.text:writeBits)
                  00007a98    00000060     mmc_MSP432P401r.obj (.text:xmit_datablock)
                  00007af8    0000005c     tasks.obj (.text:vTaskPlaceOnUnorderedEventList)
                  00007b54    00000004     --HOLE-- [fill = 0]
                  00007b58    00000058     timers.obj (.text:xTimerCreateTimerTask)
                  00007bb0    00000056     ff.obj (.text:dir_find)
                  00007c06    00000002     --HOLE-- [fill = 0]
                  00007c08    00000054     gpio.obj (.text:GPIO_setAsPeripheralModuleFunctionInputPin)
                  00007c5c    00000004     --HOLE-- [fill = 0]
                  00007c60    00000054     gpio.obj (.text:GPIO_setAsPeripheralModuleFunctionOutputPin)
                  00007cb4    00000004     --HOLE-- [fill = 0]
                  00007cb8    00000054     sysctl.obj (.text:SysCtl_getTLVInfo)
                  00007d0c    00000004     --HOLE-- [fill = 0]
                  00007d10    00000054     houseKeeping.obj (.text:getTemperature)
                  00007d64    00000004     --HOLE-- [fill = 0]
                  00007d68    00000054     tasks.obj (.text:prvCheckTasksWaitingTermination)
                  00007dbc    00000004     --HOLE-- [fill = 0]
                  00007dc0    00000054     timers.obj (.text:prvInsertTimerInActiveList)
                  00007e14    00000004     --HOLE-- [fill = 0]
                  00007e18    00000054     trcSnapshotRecorder.obj (.text:prvTracePortGetTimeStamp)
                  00007e6c    00000004     --HOLE-- [fill = 0]
                  00007e70    00000052     cs.obj (.text:_CSGetDividerValue)
                  00007ec2    00000006     --HOLE-- [fill = 0]
                  00007ec8    00000050     pcm.obj (.text:PCM_getCoreVoltageLevel)
                  00007f18    00000050     SPI_Driver.obj (.text:SPI_Init)
                  00007f68    00000050     cs.obj (.text:_CSGetDOCFrequency)
                  00007fb8    00000050     ff.obj (.text:dbc_2nd)
                  00008008    00000050     tasks.obj (.text:prvGetExpectedIdleTime)
                  00008058    00000050     main.obj (.text:vPreSleepProcessing)
                  000080a8    00000050     MPU9250.obj (.text:writeBit)
                  000080f8    0000004e     ff.obj (.text:dir_alloc)
                  00008146    00000002     --HOLE-- [fill = 0]
                  00008148    0000004c     ff.obj (.text:f_mount)
                  00008194    00000004     --HOLE-- [fill = 0]
                  00008198    0000004c     timers.obj (.text:prvCheckForValidListAndQueue)
                  000081e4    00000004     --HOLE-- [fill = 0]
                  000081e8    0000004c     mmc_MSP432P401r.obj (.text:rcvr_datablock)
                  00008234    00000004     --HOLE-- [fill = 0]
                  00008238    0000004c     ttcTask.obj (.text:ttcTask)
                  00008284    00000004     --HOLE-- [fill = 0]
                  00008288    00000048     ff.obj (.text:get_ldnumber)
                  000082d0    00000048     main.obj (.text:main)
                  00008318    00000048     ff.obj (.text:sync_window)
                  00008360    00000048     queue.obj (.text:vQueueWaitForMessageRestricted)
                  000083a8    00000044     rtsv7M4_T_le_v4SPD16_eabi.lib : autoinit.c.obj (.text:__TI_auto_init_nobinit_nopinit:__TI_auto_init_nobinit_nopinit)
                  000083ec    00000004     --HOLE-- [fill = 0]
                  000083f0    00000044     dataStorage.obj (.text:getLocalTime)
                  00008434    00000004     --HOLE-- [fill = 0]
                  00008438    00000044     taskManager.obj (.text:prvQueueDataCreate)
                  0000847c    00000004     --HOLE-- [fill = 0]
                  00008480    00000044     taskManager.obj (.text:setOperationMode)
                  000084c4    00000004     --HOLE-- [fill = 0]
                  000084c8    00000040     MPU9250.obj (.text:initI2C)
                  00008508    00000040     msp432p4xx_driverlib.lib : spi.o (.text:is_A_Module)
                  00008548    0000003e     mmc_MSP432P401r.obj (.text:send_cmd12)
                  00008586    00000002     --HOLE-- [fill = 0]
                  00008588    0000003c     tasks.obj (.text:eTaskConfirmSleepModeStatus)
                  000085c4    00000004     --HOLE-- [fill = 0]
                  000085c8    0000003c     tasks.obj (.text:prvTaskIsTaskSuspended)
                  00008604    00000004     --HOLE-- [fill = 0]
                  00008608    0000003c     trcSnapshotRecorder.obj (.text:prvTraceError)
                  00008644    00000004     --HOLE-- [fill = 0]
                  00008648    0000003c     trcSnapshotRecorder.obj (.text:prvTraceUpdateCounters)
                  00008684    00000004     --HOLE-- [fill = 0]
                  00008688    0000003c     mmc_MSP432P401r.obj (.text:send_initial_clock_train)
                  000086c4    00000004     --HOLE-- [fill = 0]
                  000086c8    0000003c     port.obj (.text:vPortEnterCritical)
                  00008704    00000004     --HOLE-- [fill = 0]
                  00008708    0000003a     pcm.obj (.text:PCM_getPowerMode)
                  00008742    00000006     --HOLE-- [fill = 0]
                  00008748    0000003a     ff.obj (.text:dir_register)
                  00008782    00000006     --HOLE-- [fill = 0]
                  00008788    0000003a     ff.obj (.text:validate)
                  000087c2    00000002     --HOLE-- [fill = 0]
                  000087c4    00000038     rtsv7M4_T_le_v4SPD16_eabi.lib : boot_cortex_m.c.obj (.text:_c_int00_noargs:_c_int00_noargs)
                  000087fc    00000004     --HOLE-- [fill = 0]
                  00008800    00000038     port.obj (.text:prvTaskExitError)
                  00008838    00000038     tasks.obj (.text:vTaskPlaceOnEventList)
                  00008870    00000034     SPI_Driver.obj (.text:SPI_Read)
                  000088a4    00000004     --HOLE-- [fill = 0]
                  000088a8    00000034     SPI_Driver.obj (.text:SPI_Write)
                  000088dc    00000004     --HOLE-- [fill = 0]
                  000088e0    00000034     aodcsTask.obj (.text:aodcsTask)
                  00008914    00000004     --HOLE-- [fill = 0]
                  00008918    00000034     cameraTask.obj (.text:cameraTask)
                  0000894c    00000004     --HOLE-- [fill = 0]
                  00008950    00000034     ff.obj (.text:dbc_1st)
                  00008984    00000004     --HOLE-- [fill = 0]
                  00008988    00000034     taskManager.obj (.text:hibernate)
                  000089bc    00000004     --HOLE-- [fill = 0]
                  000089c0    00000034     ff.obj (.text:move_window)
                  000089f4    00000004     --HOLE-- [fill = 0]
                  000089f8    00000034     pptTask.obj (.text:pptTask)
                  00008a2c    00000004     --HOLE-- [fill = 0]
                  00008a30    00000034     list.obj (.text:vListInsert)
                  00008a64    00000004     --HOLE-- [fill = 0]
                  00008a68    00000034     main.obj (.text:vPostSleepProcessing)
                  00008a9c    00000004     --HOLE-- [fill = 0]
                  00008aa0    00000034     IntQueueTimer.obj (.text:vT32_0_Handler)
                  00008ad4    00000004     --HOLE-- [fill = 0]
                  00008ad8    00000034     IntQueueTimer.obj (.text:vT32_1_Handler)
                  00008b0c    00000004     --HOLE-- [fill = 0]
                  00008b10    00000034     tasks.obj (.text:vTaskStepTick)
                  00008b44    00000004     --HOLE-- [fill = 0]
                  00008b48    00000030     flash.obj (.text:FlashCtl_setWaitState)
                  00008b78    00000030     tasks.obj (.text:prvResetNextTaskUnblockTime)
                  00008ba8    00000030     port.obj (.text:vPortExitCritical)
                  00008bd8    0000002c     cs.obj (.text:CS_setDCOCenteredFrequency)
                  00008c04    00000004     --HOLE-- [fill = 0]
                  00008c08    0000002c     gpio.obj (.text:GPIO_setAsInputPinWithPullUpResistor)
                  00008c34    00000004     --HOLE-- [fill = 0]
                  00008c38    0000002c     pcm.obj (.text:PCM_gotoLPM0)
                  00008c64    00000004     --HOLE-- [fill = 0]
                  00008c68    0000002c     main.obj (.text:configWakeUpPin)
                  00008c94    00000004     --HOLE-- [fill = 0]
                  00008c98    0000002c     timers.obj (.text:prvSampleTimeNow)
                  00008cc4    00000004     --HOLE-- [fill = 0]
                  00008cc8    0000002c     port.obj (.text:pxPortInitialiseStack)
                  00008cf4    00000004     --HOLE-- [fill = 0]
                  00008cf8    0000002c     mmc_MSP432P401r.obj (.text:rcvr_spi)
                  00008d24    00000004     --HOLE-- [fill = 0]
                  00008d28    0000002c     port.obj (.text:xPortSysTickHandler)
                  00008d54    00000004     --HOLE-- [fill = 0]
                  00008d58    0000002c     queue.obj (.text:xQueueIsQueueFullFromISR)
                  00008d84    00000004     --HOLE-- [fill = 0]
                  00008d88    00000028     GPIO_Driver.obj (.text:GPIO_Init)
                  00008db0    00000028     queue.obj (.text:prvCopyDataFromQueue)
                  00008dd8    00000028     mmc_MSP432P401r.obj (.text:xmit_spi)
                  00008e00    00000026     ff.obj (.text:ld_clust)
                  00008e26    00000002     --HOLE-- [fill = 0]
                  00008e28    00000026     list.obj (.text:uxListRemove)
                  00008e4e    00000002     --HOLE-- [fill = 0]
                  00008e50    00000024     cs.obj (.text:CS_clearInterruptFlag)
                  00008e74    00000004     --HOLE-- [fill = 0]
                  00008e78    00000024     timers.obj (.text:prvGetNextExpireTime)
                  00008e9c    00000004     --HOLE-- [fill = 0]
                  00008ea0    00000024     trcSnapshotRecorder.obj (.text:vTraceStop)
                  00008ec4    00000004     --HOLE-- [fill = 0]
                  00008ec8    00000024     mmc_MSP432P401r.obj (.text:wait_ready)
                  00008eec    00000004     --HOLE-- [fill = 0]
                  00008ef0    00000022     CS_Driver.obj (.text:CS_Init)
                  00008f12    00000006     --HOLE-- [fill = 0]
                  00008f18    00000022     diskio.obj (.text:disk_read)
                  00008f3a    00000006     --HOLE-- [fill = 0]
                  00008f40    00000022     diskio.obj (.text:disk_write)
                  00008f62    00000006     --HOLE-- [fill = 0]
                  00008f68    00000022     ff.obj (.text:st_clust)
                  00008f8a    00000006     --HOLE-- [fill = 0]
                  00008f90    00000020     gpio.obj (.text:GPIO_setAsOutputPin)
                  00008fb0    00000020     MPU9250.obj (.text:MPU9250_initialize)
                  00008fd0    00000020     sysctl.obj (.text:SysCtl_setWDTTimeoutResetType)
                  00008ff0    00000020     diskio.obj (.text:disk_ioctl)
                  00009010    00000020     main.obj (.text:prvCalendarConfiguration)
                  00009030    00000020     trcSnapshotRecorder.obj (.text:prvMarkObjectAsUsed)
                  00009050    00000020     IntQueue.obj (.text:prvRecordValue_NormallyEmpty)
                  00009070    00000020     IntQueue.obj (.text:prvRecordValue_NormallyFull)
                  00009090    00000020     trcSnapshotRecorder.obj (.text:prvStrncpy)
                  000090b0    00000020     tasks.obj (.text:xTaskGetSchedulerState)
                  000090d0    0000001e     queue.obj (.text:prvIsQueueFull)
                  000090ee    00000002     --HOLE-- [fill = 0]
                  000090f0    0000001e     list.obj (.text:vListInitialise)
                  0000910e    00000002     --HOLE-- [fill = 0]
                  00009110    0000001c     msp432p4xx_driverlib.lib : adc14.o (.text:ADC14_getResult)
                  0000912c    00000004     --HOLE-- [fill = 0]
                  00009130    0000001c     ff.obj (.text:mem_cmp)
                  0000914c    00000004     --HOLE-- [fill = 0]
                  00009150    0000001c     event_groups.obj (.text:prvTestWaitCondition)
                  0000916c    00000004     --HOLE-- [fill = 0]
                  00009170    0000001a     ff.obj (.text:clst2sect)
                  0000918a    00000006     --HOLE-- [fill = 0]
                  00009190    0000001a     queue.obj (.text:prvGetDisinheritPriorityAfterTimeout)
                  000091aa    00000006     --HOLE-- [fill = 0]
                  000091b0    0000001a     queue.obj (.text:prvIsQueueEmpty)
                  000091ca    00000006     --HOLE-- [fill = 0]
                  000091d0    0000001a     timers.obj (.text:prvTimerTask)
                  000091ea    00000006     --HOLE-- [fill = 0]
                  000091f0    0000001a     trcKernelPort.obj (.text:prvTraceSetQueueNumberHigh16)
                  0000920a    00000006     --HOLE-- [fill = 0]
                  00009210    0000001a     trcKernelPort.obj (.text:prvTraceSetQueueNumberLow16)
                  0000922a    00000006     --HOLE-- [fill = 0]
                  00009230    0000001a     trcKernelPort.obj (.text:prvTraceSetTaskNumberHigh16)
                  0000924a    00000006     --HOLE-- [fill = 0]
                  00009250    0000001a     trcKernelPort.obj (.text:prvTraceSetTaskNumberLow16)
                  0000926a    00000006     --HOLE-- [fill = 0]
                  00009270    0000001a     event_groups.obj (.text:xEventGroupCreate)
                  0000928a    00000006     --HOLE-- [fill = 0]
                  00009290    00000018     cs.obj (.text:CS_getMCLK)
                  000092a8    00000018     gpio.obj (.text:GPIO_getInputPinValue)
                  000092c0    00000018     wdt_a.obj (.text:WDT_A_clearTimer)
                  000092d8    00000018     ff.obj (.text:chk_chr)
                  000092f0    00000018     diskio.obj (.text:disk_initialize)
                  00009308    00000018     diskio.obj (.text:disk_status)
                  00009320    00000018     tasks.obj (.text:pvTaskIncrementMutexHeldCount)
                  00009338    00000018     msp432_startup_ccs.obj (.text:resetISR)
                  00009350    00000018     ff.obj (.text:st_dword)
                  00009368    00000018     tasks.obj (.text:uxTaskResetEventItemValue)
                  00009380    00000018     list.obj (.text:vListInsertEnd)
                  00009398    00000018     tasks.obj (.text:vTaskInternalSetTimeOutState)
                  000093b0    00000016     ff.obj (.text:ld_dword)
                  000093c6    00000002     --HOLE-- [fill = 0]
                  000093c8    00000016     ff.obj (.text:mem_cpy)
                  000093de    00000002     --HOLE-- [fill = 0]
                  000093e0    00000016     queue.obj (.text:xQueueCreateMutex)
                  000093f6    00000002     --HOLE-- [fill = 0]
                  000093f8    00000014     fpu.obj (.text:FPU_enableLazyStacking)
                  0000940c    00000004     --HOLE-- [fill = 0]
                  00009410    00000014     fpu.obj (.text:FPU_enableStacking)
                  00009424    00000004     --HOLE-- [fill = 0]
                  00009428    00000014     gpio.obj (.text:GPIO_clearInterruptFlag)
                  0000943c    00000004     --HOLE-- [fill = 0]
                  00009440    00000014     gpio.obj (.text:GPIO_enableInterrupt)
                  00009454    00000004     --HOLE-- [fill = 0]
                  00009458    00000014     gpio.obj (.text:GPIO_setOutputHighOnPin)
                  0000946c    00000004     --HOLE-- [fill = 0]
                  00009470    00000014     gpio.obj (.text:GPIO_setOutputLowOnPin)
                  00009484    00000004     --HOLE-- [fill = 0]
                  00009488    00000014     gpio.obj (.text:GPIO_toggleOutputOnPin)
                  0000949c    00000004     --HOLE-- [fill = 0]
                  000094a0    00000014     wdt_a.obj (.text:WDT_A_startTimer)
                  000094b4    00000004     --HOLE-- [fill = 0]
                  000094b8    00000014     mmc_MSP432P401r.obj (.text:power_on)
                  000094cc    00000004     --HOLE-- [fill = 0]
                  000094d0    00000014     queue.obj (.text:prvInitialiseMutex)
                  000094e4    00000004     --HOLE-- [fill = 0]
                  000094e8    00000014     IntQueue.obj (.text:prvQueueAccessLogError)
                  000094fc    00000004     --HOLE-- [fill = 0]
                  00009500    00000012     ff.obj (.text:mem_set)
                  00009512    00000006     --HOLE-- [fill = 0]
                  00009518    00000012     tasks.obj (.text:prvDeleteTCB)
                  0000952a    00000006     --HOLE-- [fill = 0]
                  00009530    00000012     main.obj (.text:vApplicationMallocFailedHook)
                  00009542    00000006     --HOLE-- [fill = 0]
                  00009548    00000012     main.obj (.text:vApplicationStackOverflowHook)
                  0000955a    00000006     --HOLE-- [fill = 0]
                  00009560    00000010     GPIO_Driver.obj (.text:GPIO_High)
                  00009570    00000010     GPIO_Driver.obj (.text:GPIO_Low)
                  00009580    00000010     interrupt.obj (.text:Interrupt_enableMaster)
                  00009590    00000010     MPU9250.obj (.text:MPU9250_getMotion9)
                  000095a0    00000010     taskManager.obj (.text:prvWatchDogEventGroupCreate)
                  000095b0    00000010     aodcsTask.obj (.text:setWatchDogBit_AODCS)
                  000095c0    00000010     cameraTask.obj (.text:setWatchDogBit_CAMERA)
                  000095d0    00000010     dataStorage.obj (.text:setWatchDogBit_DATASTORAGE)
                  000095e0    00000010     houseKeeping.obj (.text:setWatchDogBit_HOUSEKEEPING)
                  000095f0    00000010     pptTask.obj (.text:setWatchDogBit_PPT)
                  00009600    00000010     ttcTask.obj (.text:setWatchDogBit_TTC)
                  00009610    00000010     tasks.obj (.text:vTaskSuspendAll)
                  00009620    0000000e     rtsv7M4_T_le_v4SPD16_eabi.lib : copy_decompress_none.c.obj (.text:decompress:none:__TI_decompress_none)
                  0000962e    00000002     --HOLE-- [fill = 0]
                  00009630    0000000e     ff.obj (.text:st_word)
                  0000963e    00000002     --HOLE-- [fill = 0]
                  00009640    0000000c     cpu.obj (.text:CPU_cpsie)
                  0000964c    00000004     --HOLE-- [fill = 0]
                  00009650    0000000c     mmc_MSP432P401r.obj (.text:MMC_disk_status)
                  0000965c    00000004     --HOLE-- [fill = 0]
                  00009660    0000000c     MPU9250.obj (.text:MPU9250_setClockSource)
                  0000966c    00000004     --HOLE-- [fill = 0]
                  00009670    0000000c     pcm.obj (.text:PCM_getPowerState)
                  0000967c    00000004     --HOLE-- [fill = 0]
                  00009680    0000000c     sysctl.obj (.text:SysCtl_getTempCalibrationConstant)
                  0000968c    00000004     --HOLE-- [fill = 0]
                  00009690    0000000c     mmc_MSP432P401r.obj (.text:chk_power)
                  0000969c    0000000c     rtsv7M4_T_le_v4SPD16_eabi.lib : copy_zero_init.c.obj (.text:decompress:ZI:__TI_zero_init)
                  000096a8    0000000c     ff.obj (.text:ld_word)
                  000096b4    00000004     --HOLE-- [fill = 0]
                  000096b8    0000000c     mmc_MSP432P401r.obj (.text:power_off)
                  000096c4    00000004     --HOLE-- [fill = 0]
                  000096c8    0000000c     trcKernelPort.obj (.text:prvTraceGetQueueNumberHigh16)
                  000096d4    00000004     --HOLE-- [fill = 0]
                  000096d8    0000000c     trcKernelPort.obj (.text:prvTraceGetTaskNumberHigh16)
                  000096e4    00000004     --HOLE-- [fill = 0]
                  000096e8    0000000c     mmc_MSP432P401r.obj (.text:rcvr_spi_m)
                  000096f4    00000004     --HOLE-- [fill = 0]
                  000096f8    0000000c     MPU9250.obj (.text:setFullScaleAccelRange)
                  00009704    00000004     --HOLE-- [fill = 0]
                  00009708    0000000c     MPU9250.obj (.text:setFullScaleGyroRange)
                  00009714    00000004     --HOLE-- [fill = 0]
                  00009718    0000000c     tasks.obj (.text:vTaskMissedYield)
                  00009724    00000004     --HOLE-- [fill = 0]
                  00009728    0000000c     tasks.obj (.text:xTaskGetCurrentTaskHandle)
                  00009734    00000004     --HOLE-- [fill = 0]
                  00009738    0000000c     tasks.obj (.text:xTaskGetTickCount)
                  00009744    00000004     --HOLE-- [fill = 0]
                  00009748    0000000a     trcKernelPort.obj (.text:prvTraceGetQueueNumberLow16)
                  00009752    00000006     --HOLE-- [fill = 0]
                  00009758    0000000a     trcKernelPort.obj (.text:prvTraceGetTaskNumberLow16)
                  00009762    00000006     --HOLE-- [fill = 0]
                  00009768    0000000a     MPU9250.obj (.text:setSleepEnabled)
                  00009772    00000006     --HOLE-- [fill = 0]
                  00009778    0000000a     tasks.obj (.text:uxTaskGetTaskNumber)
                  00009782    00000006     --HOLE-- [fill = 0]
                  00009788    00000008     pcm.obj (.text:PCM_setCoreVoltageLevel)
                  00009790    00000008     pcm.obj (.text:PCM_setPowerMode)
                  00009798    00000006     queue.obj (.text:ucQueueGetQueueType)
                  0000979e    00000002     --HOLE-- [fill = 0]
                  000097a0    00000006     list.obj (.text:vListInitialiseItem)
                  000097a6    00000002     --HOLE-- [fill = 0]
                  000097a8    00000006     tasks.obj (.text:vTaskSetTaskNumber)
                  000097ae    00000002     --HOLE-- [fill = 0]
                  000097b0    00000004     cpu.obj (.text:CPU_wfi)
                  000097b4    00000004     --HOLE-- [fill = 0]
                  000097b8    00000004     mmc_MSP432P401r.obj (.text:get_fattime)
                  000097bc    00000004     --HOLE-- [fill = 0]
                  000097c0    00000004     queue.obj (.text:uxQueueGetQueueNumber)
                  000097c4    00000004     --HOLE-- [fill = 0]
                  000097c8    00000004     main.obj (.text:vApplicationIdleHook)
                  000097cc    00000004     --HOLE-- [fill = 0]
                  000097d0    00000004     queue.obj (.text:vQueueSetQueueNumber)
                  000097d4    00000004     --HOLE-- [fill = 0]
                  000097d8    00000004     trcSnapshotRecorder.obj (.text:vTraceStart)
                  000097dc    00000004     --HOLE-- [fill = 0]
                  000097e0    00000002     msp432_startup_ccs.obj (.text:defaultISR)
                  000097e2    00000006     --HOLE-- [fill = 0]
                  000097e8    00000002     msp432_startup_ccs.obj (.text:faultISR)
                  000097ea    00000006     --HOLE-- [fill = 0]
                  000097f0    00000002     msp432_startup_ccs.obj (.text:nmiISR)
                  000097f2    00000006     --HOLE-- [fill = 0]
                  000097f8    00000002     main_blinky.obj (.text:vApplicationTickHook)

.const     0    000097fc    000000ac     
                  000097fc    00000080     msp432p4xx_driverlib.lib : adc14.o (.const:_ctlRegs)
                  0000987c    00000014     MPU9250.obj (.const:i2cConfig)
                  00009890    0000000a     ff.obj (.const:.string:DbcTbl)
                  0000989a    00000002     --HOLE-- [fill = 0]
                  0000989c    00000008     port.obj (.const)
                  000098a4    00000004     serial.obj (.const)

.cinit     0    000098a8    00000098     
                  000098a8    00000071     (.cinit..data.load) [load image, compression = lzss]
                  00009919    00000003     --HOLE-- [fill = 0]
                  0000991c    0000000c     (__TI_handler_table)
                  00009928    00000008     (.cinit..bss.load) [load image, compression = zero_init]
                  00009930    00000010     (__TI_cinit_table)

.init_array 
*          0    00000000    00000000     UNINITIALIZED

.binit     0    00000000    00000000     

.bss       0    20000000    0000e7f0     UNINITIALIZED
                  20000000    0000c800     heap_4.obj (.bss:ucHeap)
                  2000c800    00001918     (.common:RecorderData)
                  2000e118    00000230     (.common:sdDriver)
                  2000e348    00000228     (.common:file)
                  2000e570    00000098     (.common:obcData)
                  2000e608    00000064     tasks.obj (.bss:pxReadyTasksLists)
                  2000e66c    0000003f     (.common:imuData)
                  2000e6ab    00000001     (.common:fResult)
                  2000e6ac    0000001c     main.obj (.bss:calendarConfig)
                  2000e6c8    00000014     timers.obj (.bss:xActiveTimerList1)
                  2000e6dc    00000014     timers.obj (.bss:xActiveTimerList2)
                  2000e6f0    00000014     tasks.obj (.bss:xDelayedTaskList1)
                  2000e704    00000014     tasks.obj (.bss:xDelayedTaskList2)
                  2000e718    00000014     tasks.obj (.bss:xPendingReadyList)
                  2000e72c    00000014     tasks.obj (.bss:xSuspendedTaskList)
                  2000e740    00000014     tasks.obj (.bss:xTasksWaitingTermination)
                  2000e754    00000010     (.common:bufferIMU)
                  2000e764    0000000c     (.common:resultsBuffer)
                  2000e770    00000009     mmc_MSP432P401r.obj (.bss)
                  2000e779    00000001     --HOLE--
                  2000e77a    00000002     ff.obj (.bss)
                  2000e77c    00000008     IntQueue.obj (.bss)
                  2000e784    00000008     cs.obj (.bss)
                  2000e78c    00000008     tasks.obj (.bss)
                  2000e794    00000008     timers.obj (.bss)
                  2000e79c    00000008     heap_4.obj (.bss:xStart)
                  2000e7a4    00000008     (.common:buffer)
                  2000e7ac    00000006     (.common:localTime)
                  2000e7b2    00000002     (.common:cal30)
                  2000e7b4    00000004     ff.obj (.bss:FatFs)
                  2000e7b8    00000004     (.common:WATCHDOG_EVENT_GROUP)
                  2000e7bc    00000004     (.common:bw)
                  2000e7c0    00000004     (.common:clock)
                  2000e7c4    00000004     (.common:flag_lowBattery)
                  2000e7c8    00000004     (.common:flag_systemMode)
                  2000e7cc    00000004     (.common:init_hwtc_count)
                  2000e7d0    00000004     (.common:taskHandlerAodcs)
                  2000e7d4    00000004     (.common:taskHandlerCamera)
                  2000e7d8    00000004     (.common:taskHandlerDataStorage)
                  2000e7dc    00000004     (.common:taskHandlerHouseKeeping)
                  2000e7e0    00000004     (.common:taskHandlerPpt)
                  2000e7e4    00000004     (.common:taskHandlerTtc)
                  2000e7e8    00000004     (.common:taskHandlerWatchDog)
                  2000e7ec    00000002     (.common:cal85)
                  2000e7ee    00000002     (.common:calDifference)

.data      0    2000e7f0    00000383     UNINITIALIZED
                  2000e7f0    000000c8     IntQueue.obj (.data:ucNormallyEmptyReceivedValues)
                  2000e8b8    000000c8     IntQueue.obj (.data:ucNormallyFullReceivedValues)
                  2000e980    0000008e     trcSnapshotRecorder.obj (.data:objectHandleStacks)
                  2000ea0e    00000002     MPU9250.obj (.data)
                  2000ea10    00000044     trcSnapshotRecorder.obj (.data)
                  2000ea54    0000003c     IntQueue.obj (.data)
                  2000ea90    00000034     tasks.obj (.data)
                  2000eac4    00000030     gpio.obj (.data:GPIO_PORT_TO_BASE)
                  2000eaf4    0000001c     dataStorage.obj (.data:SPI0MasterConfig)
                  2000eb10    00000018     port.obj (.data)
                  2000eb28    00000018     taskManager.obj (.data)
                  2000eb40    00000010     heap_4.obj (.data)
                  2000eb50    00000010     serial.obj (.data)
                  2000eb60    0000000c     timers.obj (.data)
                  2000eb6c    00000005     trcKernelPort.obj (.data:TraceQueueClassTable)
                  2000eb71    00000002     mmc_MSP432P401r.obj (.data)

.stack     0    2000fce0    00000320     UNINITIALIZED
                  2000fce0    00000004     rtsv7M4_T_le_v4SPD16_eabi.lib : boot_cortex_m.c.obj (.stack)
                  2000fce4    0000031c     --HOLE--

MODULE SUMMARY

       Module                       code    ro data   rw data
       ------                       ----    -------   -------
    .\
       main.obj                     556     0         440    
    +--+----------------------------+-------+---------+---------+
       Total:                       556     0         440    
                                                             
    .\FreeRTOS_Source\
       tasks.obj                    5484    0         520    
       queue.obj                    4030    0         0      
       timers.obj                   1082    0         120    
       event_groups.obj             528     0         0      
       list.obj                     150     0         0      
    +--+----------------------------+-------+---------+---------+
       Total:                       11274   0         640    
                                                             
    .\FreeRTOS_Source\portable\CCS\ARM_CM4F\
       port.obj                     992     8         48     
       portasm.obj                  218     0         0      
    +--+----------------------------+-------+---------+---------+
       Total:                       1210    8         48     
                                                             
    .\FreeRTOS_Source\portable\MemMang\
       heap_4.obj                   680     0         102448 
    +--+----------------------------+-------+---------+---------+
       Total:                       680     0         102448 
                                                             
    .\Full_Demo\
       serial.obj                   180     4         32     
       IntQueueTimer.obj            104     0         0      
    +--+----------------------------+-------+---------+---------+
       Total:                       284     4         32     
                                                             
    .\Full_Demo\Standard_Demo_Tasks\
       IntQueue.obj                 836     0         936    
    +--+----------------------------+-------+---------+---------+
       Total:                       836     0         936    
                                                             
    .\SimplyBlinkyDemo\
       main_blinky.obj              2       0         0      
    +--+----------------------------+-------+---------+---------+
       Total:                       2       0         0      
                                                             
    .\Tracealyzer\
       trcSnapshotRecorder.obj      5948    0         13276  
       trcKernelPort.obj            1494    0         10     
    +--+----------------------------+-------+---------+---------+
       Total:                       7442    0         13286  
                                                             
    .\driverlib\
       cs.obj                       1154    0         16     
       pcm.obj                      682     0         0      
       gpio.obj                     368     0         96     
       sysctl.obj                   128     0         0      
       flash.obj                    48      0         0      
       wdt_a.obj                    44      0         0      
       fpu.obj                      40      0         0      
       cpu.obj                      16      0         0      
       interrupt.obj                16      0         0      
    +--+----------------------------+-------+---------+---------+
       Total:                       2496    0         112    
                                                             
    .\interface\
       MPU9250.obj                  922     20        36     
    +--+----------------------------+-------+---------+---------+
       Total:                       922     20        36     
                                                             
    .\src\
       dataStorage.obj              972     0         2444   
       taskManager.obj              1136    0         56     
       houseKeeping.obj             832     0         36     
       watchDogTask.obj             112     0         0      
       ttcTask.obj                  92      0         0      
       aodcsTask.obj                68      0         0      
       cameraTask.obj               68      0         0      
       pptTask.obj                  68      0         0      
    +--+----------------------------+-------+---------+---------+
       Total:                       3348    0         2536   
                                                             
    .\system\CCS\
       msp432_startup_ccs.obj       30      324       0      
       system_msp432p401r.obj       104     0         0      
    +--+----------------------------+-------+---------+---------+
       Total:                       134     324       0      
                                                             
    .\util\
       itoa.obj                     164     0         0      
    +--+----------------------------+-------+---------+---------+
       Total:                       164     0         0      
                                                             
    .\util\Hardware\
       SPI_Driver.obj               184     0         0      
       GPIO_Driver.obj              72      0         0      
       CS_Driver.obj                34      0         0      
    +--+----------------------------+-------+---------+---------+
       Total:                       290     0         0      
                                                             
    .\util\fatfs\
       ff.obj                       4793    10        12     
       mmc_MSP432P401r.obj          1694    0         22     
       diskio.obj                   148     0         0      
    +--+----------------------------+-------+---------+---------+
       Total:                       6635    10        34     
                                                             
    C:/ti/simplelink_msp432p4_sdk_2_40_00_10/source/ti/devices/msp432p4xx/driverlib/ccs/msp432p4xx_driverlib.lib
       adc14.o                      500     128       0      
       spi.o                        240     0         0      
       rtc_c.o                      124     0         0      
       i2c.o                        104     0         0      
    +--+----------------------------+-------+---------+---------+
       Total:                       968     128       0      
                                                             
    C:\ti\ccsv8\tools\compiler\ti-cgt-arm_18.1.1.LTS\lib\rtsv7M4_T_le_v4SPD16_eabi.lib
       memcpy_t2.asm.obj            156     0         0      
       memset_t2.asm.obj            122     0         0      
       copy_decompress_lzss.c.obj   104     0         0      
       autoinit.c.obj               68      0         0      
       boot_cortex_m.c.obj          56      0         0      
       copy_decompress_none.c.obj   14      0         0      
       copy_zero_init.c.obj         12      0         0      
       exit.c.obj                   4       0         0      
       pre_init.c.obj               4       0         0      
    +--+----------------------------+-------+---------+---------+
       Total:                       540     0         0      
                                                             
       Stack:                       0       0         1600   
       Linker Generated:            0       149       0      
    +--+----------------------------+-------+---------+---------+
       Grand Total:                 37781   643       122148 


LINKER GENERATED COPY TABLES

__TI_cinit_table @ 00009930 records: 2, size/record: 8, table size: 16
	.data: load addr=000098a8, load size=00000071 bytes, run addr=2000e7f0, run size=00000383 bytes, compression=lzss
	.bss: load addr=00009928, load size=00000008 bytes, run addr=20000000, run size=0000e7f0 bytes, compression=zero_init


LINKER GENERATED HANDLER TABLE

__TI_handler_table @ 0000991c records: 3, size/record: 4, table size: 12
	index: 0, handler: __TI_decompress_lzss
	index: 1, handler: __TI_decompress_none
	index: 2, handler: __TI_zero_init


GLOBAL SYMBOLS: SORTED ALPHABETICALLY BY Name 

address   name                                       
-------   ----                                       
00004a91  ADC14_IRQHandler                           
00006ff9  ADC14_getMultiSequenceResult               
00009111  ADC14_getResult                            
00000af5  C$$EXIT                                    
00009641  CPU_cpsie                                  
000097b1  CPU_wfi                                    
00008ef1  CS_Init                                    
00008e51  CS_clearInterruptFlag                      
00002a91  CS_getDCOFrequency                         
00009291  CS_getMCLK                                 
00003cc9  CS_initClockSignal                         
00008bd9  CS_setDCOCenteredFrequency                 
2000ea3a  CurrentFilterGroup                         
2000ea38  CurrentFilterMask                          
000093f9  FPU_enableLazyStacking                     
00009411  FPU_enableStacking                         
00008b49  FlashCtl_setWaitState                      
00009561  GPIO_High                                  
00008d89  GPIO_Init                                  
00009571  GPIO_Low                                   
00009429  GPIO_clearInterruptFlag                    
00009441  GPIO_enableInterrupt                       
000092a9  GPIO_getInputPinValue                      
00008c09  GPIO_setAsInputPinWithPullUpResistor       
00008f91  GPIO_setAsOutputPin                        
00007c09  GPIO_setAsPeripheralModuleFunctionInputPin 
00007c61  GPIO_setAsPeripheralModuleFunctionOutputPin
00009459  GPIO_setOutputHighOnPin                    
00009471  GPIO_setOutputLowOnPin                     
00009489  GPIO_toggleOutputOnPin                     
0000755d  I2C_masterSendMultiByteStart               
00009581  Interrupt_enableMaster                     
000027e1  MMC_disk_initialize                        
00002039  MMC_disk_ioctl                             
00006519  MMC_disk_read                              
00009651  MMC_disk_status                            
00005a31  MMC_disk_write                             
2000ea0e  MPU9250_devAddr                            
00009591  MPU9250_getMotion9                         
00008fb1  MPU9250_initialize                         
00009661  MPU9250_setClockSource                     
00007ec9  PCM_getCoreVoltageLevel                    
00008709  PCM_getPowerMode                           
00009671  PCM_getPowerState                          
00008c39  PCM_gotoLPM0                               
00009789  PCM_setCoreVoltageLevel                    
00009791  PCM_setPowerMode                           
00006e81  RTC_C_getCalendarTime                      
2000c800  RecorderData                               
2000ea40  RecorderDataPtr                            
2000eaf4  SPI0MasterConfig                           
00007f19  SPI_Init                                   
00008871  SPI_Read                                   
000088a9  SPI_Write                                  
00005e95  SPI_initMaster                             
00007cb9  SysCtl_getTLVInfo                          
00009681  SysCtl_getTempCalibrationConstant          
00008fd1  SysCtl_setWDTTimeoutResetType              
000075c9  SystemInit                                 
2000eb6c  TraceQueueClassTable                       
2000e7b8  WATCHDOG_EVENT_GROUP                       
4000480c  WDTCTL_SYM                                 
000092c1  WDT_A_clearTimer                           
00008fd1  WDT_A_setTimeoutReset                      
000094a1  WDT_A_startTimer                           
20010000  __STACK_END                                
00000320  __STACK_SIZE                               
00009930  __TI_CINIT_Base                            
00009940  __TI_CINIT_Limit                           
0000991c  __TI_Handler_Table_Base                    
00009928  __TI_Handler_Table_Limit                   
000083a9  __TI_auto_init_nobinit_nopinit             
00007631  __TI_decompress_lzss                       
00009621  __TI_decompress_none                       
ffffffff  __TI_pprof_out_hndl                        
ffffffff  __TI_prof_data_size                        
ffffffff  __TI_prof_data_start                       
00000000  __TI_static_base__                         
0000969d  __TI_zero_init                             
00006f7d  __aeabi_memclr                             
00006f7d  __aeabi_memclr4                            
00006f7d  __aeabi_memclr8                            
00006341  __aeabi_memcpy                             
00006341  __aeabi_memcpy4                            
00006341  __aeabi_memcpy8                            
00006f7f  __aeabi_memset                             
00006f7f  __aeabi_memset4                            
00006f7f  __aeabi_memset8                            
ffffffff  __binit__                                  
ffffffff  __c_args__                                 
UNDEFED   __mpu_init                                 
2000fce0  __stack                                    
000087c5  _c_int00_noargs                            
UNDEFED   _system_post_cinit                         
000007dd  _system_pre_init                           
00000af5  abort                                      
00003de9  adcInit                                    
2000eb3e  adcInitDelay                               
000088e1  aodcsTask                                  
2000eb3c  batteryValue                               
ffffffff  binit                                      
2000e7a4  buffer                                     
2000e754  bufferIMU                                  
2000e7bc  bw                                         
2000e7b2  cal30                                      
2000e7ec  cal85                                      
2000e7ee  calDifference                              
00008919  cameraTask                                 
2000e7c0  clock                                      
00008c69  configWakeUpPin                            
000007e1  dataStorage                                
000092f1  disk_initialize                            
00008ff1  disk_ioctl                                 
00008f19  disk_read                                  
00009309  disk_status                                
00008f41  disk_write                                 
00008589  eTaskConfirmSleepModeStatus                
2000e6ab  fResult                                    
00008149  f_mount                                    
000017a1  f_open                                     
00006481  f_sync                                     
00001401  f_write                                    
2000e348  file                                       
2000e7c4  flag_lowBattery                            
2000e7c8  flag_systemMode                            
000083f1  getLocalTime                               
00006899  getMotion6                                 
00007d11  getTemperature                             
000097b9  get_fattime                                
2000ea31  handle_of_last_logged_task                 
00008989  hibernate                                  
00001969  houseKeeping                               
0000987c  i2cConfig                                  
2000e66c  imuData                                    
000084c9  initI2C                                    
00007839  initSD                                     
2000e7cc  init_hwtc_count                            
00000000  interruptVectors                           
2000ea10  isPendingContextSwitch                     
00006151  itoa                                       
2000e7ac  localTime                                  
000082d1  main                                       
00006341  memcpy                                     
00006f85  memset                                     
2000ea30  nISRactive                                 
2000e570  obcData                                    
2000e980  objectHandleStacks                         
000089f9  pptTask                                    
00009011  prvCalendarConfiguration                   
00009031  prvMarkObjectAsUsed                        
00008439  prvQueueDataCreate                         
000078a1  prvResumeAllTasks                          
00006779  prvSuspendAllTasks                         
00003231  prvTaskCreate                              
00008609  prvTraceError                              
00009729  prvTraceGetCurrentTaskHandle               
00002941  prvTraceGetObjectHandle                    
00005041  prvTraceGetPriorityProperty                
000097c1  prvTraceGetQueueNumber                     
000096c9  prvTraceGetQueueNumberHigh16               
00009749  prvTraceGetQueueNumberLow16                
00009799  prvTraceGetQueueType                       
000096d9  prvTraceGetTaskNumberHigh16                
00009759  prvTraceGetTaskNumberLow16                 
000060a9  prvTraceInitCortexM                        
00007e19  prvTracePortGetTimeStamp                   
00004359  prvTraceSetObjectName                      
00005701  prvTraceSetObjectState                     
000052d9  prvTraceSetPriorityProperty                
000091f1  prvTraceSetQueueNumberHigh16               
00009211  prvTraceSetQueueNumberLow16                
00006f01  prvTraceSetTaskInstanceFinished            
00009231  prvTraceSetTaskNumberHigh16                
00009251  prvTraceSetTaskNumberLow16                 
00001e99  prvTraceStoreKernelCall                    
00004139  prvTraceStoreKernelCallWithNumericParamOnly
000015d9  prvTraceStoreKernelCallWithParam           
00004c91  prvTraceStoreTaskReady                     
00004f59  prvTraceStoreTaskswitch                    
000095a1  prvWatchDogEventGroupCreate                
00000149  pszTraceGetErrorNotEnoughHandles           
00002e69  pvPortMalloc                               
00009321  pvTaskIncrementMutexHeldCount              
2000ea90  pxCurrentTCB                               
00008cc9  pxPortInitialiseStack                      
00004469  readI2C                                    
2000ea24  recorder_busy                              
2000e764  resultsBuffer                              
2000e118  sdDriver                                   
2000eb34  semaphoreIMU                               
2000eb38  semaphoreSystem                            
000096f9  setFullScaleAccelRange                     
00009709  setFullScaleGyroRange                      
00008481  setOperationMode                           
00009769  setSleepEnabled                            
000095b1  setWatchDogBit_AODCS                       
000095c1  setWatchDogBit_CAMERA                      
000095d1  setWatchDogBit_DATASTORAGE                 
000095e1  setWatchDogBit_HOUSEKEEPING                
000095f1  setWatchDogBit_PPT                         
00009601  setWatchDogBit_TTC                         
2000e7d0  taskHandlerAodcs                           
2000e7d4  taskHandlerCamera                          
2000e7d8  taskHandlerDataStorage                     
2000e7dc  taskHandlerHouseKeeping                    
2000e7e0  taskHandlerPpt                             
2000e7e4  taskHandlerTtc                             
2000e7e8  taskHandlerWatchDog                        
00006e01  taskManager                                
2000ea28  timestampFrequency                         
2000ea2c  traceErrorMessage                          
2000ea1c  trace_disable_timestamp                    
00008239  ttcTask                                    
00009799  ucQueueGetQueueType                        
00003369  uiIndexOfObject                            
00004d89  uiTraceStart                               
2000ea18  uiTraceTickCount                           
0000989c  ulMaxSyscallInterruptPriority              
0000520d  ulPortGetIPSR                              
00004a91  updateBatteryLevel                         
00008e29  uxListRemove                               
000097c1  uxQueueGetQueueNumber                      
00009779  uxTaskGetTaskNumber                        
00009369  uxTaskResetEventItemValue                  
000097c9  vApplicationIdleHook                       
00009531  vApplicationMallocFailedHook               
00009549  vApplicationStackOverflowHook              
000097f9  vApplicationTickHook                       
000090f1  vListInitialise                            
000097a1  vListInitialiseItem                        
00008a31  vListInsert                                
00009381  vListInsertEnd                             
000052c9  vPortEnableVFP                             
000086c9  vPortEnterCritical                         
00008ba9  vPortExitCritical                          
000069b9  vPortFree                                  
00005285  vPortSVCHandler                            
00007701  vPortSetupTimerInterrupt                   
000052a5  vPortStartFirstTask                        
000030f1  vPortSuppressTicksAndSleep                 
00007971  vPortValidateInterruptPriority             
00008a69  vPostSleepProcessing                       
00008059  vPreSleepProcessing                        
000097d1  vQueueSetQueueNumber                       
00008361  vQueueWaitForMessageRestricted             
00008aa1  vT32_0_Handler                             
00008ad9  vT32_1_Handler                             
000063e1  vTaskDelay                                 
00004991  vTaskDelayUntil                            
00009399  vTaskInternalSetTimeOutState               
00009719  vTaskMissedYield                           
00003a81  vTaskNotifyGiveFromISR                     
00008839  vTaskPlaceOnEventList                      
00006b61  vTaskPlaceOnEventListRestricted            
00007af9  vTaskPlaceOnUnorderedEventList             
000035c9  vTaskPriorityDisinheritAfterTimeout        
00005c71  vTaskRemoveFromUnorderedEventList          
000053b1  vTaskResume                                
000097a9  vTaskSetTaskNumber                         
00006cf9  vTaskStartScheduler                        
00008b11  vTaskStepTick                              
000036f9  vTaskSuspend                               
00009611  vTaskSuspendAll                            
00005489  vTaskSwitchContext                         
000061f9  vTraceEnable                               
000057d1  vTraceInitObjectHandleStack                
00003f09  vTraceInitObjectPropertyTable              
000097d9  vTraceStart                                
00008ea1  vTraceStop                                 
2000ea34  vTraceStopHookPtr                          
00005bb1  vTraceStoreMemMangEvent                    
00005d29  vUART_Handler                              
2000eb3f  wakeState                                  
00007481  watchDogTask                               
000080a9  writeBit                                   
00007a39  writeBits                                  
00005de1  writeI2C                                   
00009271  xEventGroupCreate                          
00005ff9  xEventGroupSetBits                         
00003829  xEventGroupWaitBits                        
00003499  xFirstTimerHandler                         
00005225  xPortPendSVHandler                         
00005121  xPortStartScheduler                        
00008d29  xPortSysTickHandler                        
000093e1  xQueueCreateMutex                          
2000eb2c  xQueueDataObc                              
00007161  xQueueGenericCreate                        
00006809  xQueueGenericReset                         
00000af9  xQueueGenericSend                          
00002371  xQueueGenericSendFromISR                   
2000eb28  xQueueIMU                                  
00008d59  xQueueIsQueueFullFromISR                   
00001111  xQueueReceive                              
00002d21  xQueueReceiveFromISR                       
000004a9  xQueueSemaphoreTake                        
2000eb30  xQueueSystem                               
00001b29  xSecondTimerHandler                        
000066e1  xTaskCheckForTimeOut                       
00007769  xTaskCreate                                
00009729  xTaskGetCurrentTaskHandle                  
000090b1  xTaskGetSchedulerState                     
00009739  xTaskGetTickCount                          
000021d9  xTaskIncrementTick                         
00003ba9  xTaskPriorityDisinherit                    
00004249  xTaskPriorityInherit                       
00005971  xTaskRemoveFromEventList                   
00003959  xTaskResumeAll                             
00007b59  xTimerCreateTimerTask                      
000071d9  xTimerGenericCommand                       


GLOBAL SYMBOLS: SORTED BY Symbol Address 

address   name                                       
-------   ----                                       
00000000  __TI_static_base__                         
00000000  interruptVectors                           
00000149  pszTraceGetErrorNotEnoughHandles           
00000320  __STACK_SIZE                               
000004a9  xQueueSemaphoreTake                        
000007dd  _system_pre_init                           
000007e1  dataStorage                                
00000af5  C$$EXIT                                    
00000af5  abort                                      
00000af9  xQueueGenericSend                          
00001111  xQueueReceive                              
00001401  f_write                                    
000015d9  prvTraceStoreKernelCallWithParam           
000017a1  f_open                                     
00001969  houseKeeping                               
00001b29  xSecondTimerHandler                        
00001e99  prvTraceStoreKernelCall                    
00002039  MMC_disk_ioctl                             
000021d9  xTaskIncrementTick                         
00002371  xQueueGenericSendFromISR                   
000027e1  MMC_disk_initialize                        
00002941  prvTraceGetObjectHandle                    
00002a91  CS_getDCOFrequency                         
00002d21  xQueueReceiveFromISR                       
00002e69  pvPortMalloc                               
000030f1  vPortSuppressTicksAndSleep                 
00003231  prvTaskCreate                              
00003369  uiIndexOfObject                            
00003499  xFirstTimerHandler                         
000035c9  vTaskPriorityDisinheritAfterTimeout        
000036f9  vTaskSuspend                               
00003829  xEventGroupWaitBits                        
00003959  xTaskResumeAll                             
00003a81  vTaskNotifyGiveFromISR                     
00003ba9  xTaskPriorityDisinherit                    
00003cc9  CS_initClockSignal                         
00003de9  adcInit                                    
00003f09  vTraceInitObjectPropertyTable              
00004139  prvTraceStoreKernelCallWithNumericParamOnly
00004249  xTaskPriorityInherit                       
00004359  prvTraceSetObjectName                      
00004469  readI2C                                    
00004991  vTaskDelayUntil                            
00004a91  ADC14_IRQHandler                           
00004a91  updateBatteryLevel                         
00004c91  prvTraceStoreTaskReady                     
00004d89  uiTraceStart                               
00004f59  prvTraceStoreTaskswitch                    
00005041  prvTraceGetPriorityProperty                
00005121  xPortStartScheduler                        
0000520d  ulPortGetIPSR                              
00005225  xPortPendSVHandler                         
00005285  vPortSVCHandler                            
000052a5  vPortStartFirstTask                        
000052c9  vPortEnableVFP                             
000052d9  prvTraceSetPriorityProperty                
000053b1  vTaskResume                                
00005489  vTaskSwitchContext                         
00005701  prvTraceSetObjectState                     
000057d1  vTraceInitObjectHandleStack                
00005971  xTaskRemoveFromEventList                   
00005a31  MMC_disk_write                             
00005bb1  vTraceStoreMemMangEvent                    
00005c71  vTaskRemoveFromUnorderedEventList          
00005d29  vUART_Handler                              
00005de1  writeI2C                                   
00005e95  SPI_initMaster                             
00005ff9  xEventGroupSetBits                         
000060a9  prvTraceInitCortexM                        
00006151  itoa                                       
000061f9  vTraceEnable                               
00006341  __aeabi_memcpy                             
00006341  __aeabi_memcpy4                            
00006341  __aeabi_memcpy8                            
00006341  memcpy                                     
000063e1  vTaskDelay                                 
00006481  f_sync                                     
00006519  MMC_disk_read                              
000066e1  xTaskCheckForTimeOut                       
00006779  prvSuspendAllTasks                         
00006809  xQueueGenericReset                         
00006899  getMotion6                                 
000069b9  vPortFree                                  
00006b61  vTaskPlaceOnEventListRestricted            
00006cf9  vTaskStartScheduler                        
00006e01  taskManager                                
00006e81  RTC_C_getCalendarTime                      
00006f01  prvTraceSetTaskInstanceFinished            
00006f7d  __aeabi_memclr                             
00006f7d  __aeabi_memclr4                            
00006f7d  __aeabi_memclr8                            
00006f7f  __aeabi_memset                             
00006f7f  __aeabi_memset4                            
00006f7f  __aeabi_memset8                            
00006f85  memset                                     
00006ff9  ADC14_getMultiSequenceResult               
00007161  xQueueGenericCreate                        
000071d9  xTimerGenericCommand                       
00007481  watchDogTask                               
0000755d  I2C_masterSendMultiByteStart               
000075c9  SystemInit                                 
00007631  __TI_decompress_lzss                       
00007701  vPortSetupTimerInterrupt                   
00007769  xTaskCreate                                
00007839  initSD                                     
000078a1  prvResumeAllTasks                          
00007971  vPortValidateInterruptPriority             
00007a39  writeBits                                  
00007af9  vTaskPlaceOnUnorderedEventList             
00007b59  xTimerCreateTimerTask                      
00007c09  GPIO_setAsPeripheralModuleFunctionInputPin 
00007c61  GPIO_setAsPeripheralModuleFunctionOutputPin
00007cb9  SysCtl_getTLVInfo                          
00007d11  getTemperature                             
00007e19  prvTracePortGetTimeStamp                   
00007ec9  PCM_getCoreVoltageLevel                    
00007f19  SPI_Init                                   
00008059  vPreSleepProcessing                        
000080a9  writeBit                                   
00008149  f_mount                                    
00008239  ttcTask                                    
000082d1  main                                       
00008361  vQueueWaitForMessageRestricted             
000083a9  __TI_auto_init_nobinit_nopinit             
000083f1  getLocalTime                               
00008439  prvQueueDataCreate                         
00008481  setOperationMode                           
000084c9  initI2C                                    
00008589  eTaskConfirmSleepModeStatus                
00008609  prvTraceError                              
000086c9  vPortEnterCritical                         
00008709  PCM_getPowerMode                           
000087c5  _c_int00_noargs                            
00008839  vTaskPlaceOnEventList                      
00008871  SPI_Read                                   
000088a9  SPI_Write                                  
000088e1  aodcsTask                                  
00008919  cameraTask                                 
00008989  hibernate                                  
000089f9  pptTask                                    
00008a31  vListInsert                                
00008a69  vPostSleepProcessing                       
00008aa1  vT32_0_Handler                             
00008ad9  vT32_1_Handler                             
00008b11  vTaskStepTick                              
00008b49  FlashCtl_setWaitState                      
00008ba9  vPortExitCritical                          
00008bd9  CS_setDCOCenteredFrequency                 
00008c09  GPIO_setAsInputPinWithPullUpResistor       
00008c39  PCM_gotoLPM0                               
00008c69  configWakeUpPin                            
00008cc9  pxPortInitialiseStack                      
00008d29  xPortSysTickHandler                        
00008d59  xQueueIsQueueFullFromISR                   
00008d89  GPIO_Init                                  
00008e29  uxListRemove                               
00008e51  CS_clearInterruptFlag                      
00008ea1  vTraceStop                                 
00008ef1  CS_Init                                    
00008f19  disk_read                                  
00008f41  disk_write                                 
00008f91  GPIO_setAsOutputPin                        
00008fb1  MPU9250_initialize                         
00008fd1  SysCtl_setWDTTimeoutResetType              
00008fd1  WDT_A_setTimeoutReset                      
00008ff1  disk_ioctl                                 
00009011  prvCalendarConfiguration                   
00009031  prvMarkObjectAsUsed                        
000090b1  xTaskGetSchedulerState                     
000090f1  vListInitialise                            
00009111  ADC14_getResult                            
000091f1  prvTraceSetQueueNumberHigh16               
00009211  prvTraceSetQueueNumberLow16                
00009231  prvTraceSetTaskNumberHigh16                
00009251  prvTraceSetTaskNumberLow16                 
00009271  xEventGroupCreate                          
00009291  CS_getMCLK                                 
000092a9  GPIO_getInputPinValue                      
000092c1  WDT_A_clearTimer                           
000092f1  disk_initialize                            
00009309  disk_status                                
00009321  pvTaskIncrementMutexHeldCount              
00009369  uxTaskResetEventItemValue                  
00009381  vListInsertEnd                             
00009399  vTaskInternalSetTimeOutState               
000093e1  xQueueCreateMutex                          
000093f9  FPU_enableLazyStacking                     
00009411  FPU_enableStacking                         
00009429  GPIO_clearInterruptFlag                    
00009441  GPIO_enableInterrupt                       
00009459  GPIO_setOutputHighOnPin                    
00009471  GPIO_setOutputLowOnPin                     
00009489  GPIO_toggleOutputOnPin                     
000094a1  WDT_A_startTimer                           
00009531  vApplicationMallocFailedHook               
00009549  vApplicationStackOverflowHook              
00009561  GPIO_High                                  
00009571  GPIO_Low                                   
00009581  Interrupt_enableMaster                     
00009591  MPU9250_getMotion9                         
000095a1  prvWatchDogEventGroupCreate                
000095b1  setWatchDogBit_AODCS                       
000095c1  setWatchDogBit_CAMERA                      
000095d1  setWatchDogBit_DATASTORAGE                 
000095e1  setWatchDogBit_HOUSEKEEPING                
000095f1  setWatchDogBit_PPT                         
00009601  setWatchDogBit_TTC                         
00009611  vTaskSuspendAll                            
00009621  __TI_decompress_none                       
00009641  CPU_cpsie                                  
00009651  MMC_disk_status                            
00009661  MPU9250_setClockSource                     
00009671  PCM_getPowerState                          
00009681  SysCtl_getTempCalibrationConstant          
0000969d  __TI_zero_init                             
000096c9  prvTraceGetQueueNumberHigh16               
000096d9  prvTraceGetTaskNumberHigh16                
000096f9  setFullScaleAccelRange                     
00009709  setFullScaleGyroRange                      
00009719  vTaskMissedYield                           
00009729  prvTraceGetCurrentTaskHandle               
00009729  xTaskGetCurrentTaskHandle                  
00009739  xTaskGetTickCount                          
00009749  prvTraceGetQueueNumberLow16                
00009759  prvTraceGetTaskNumberLow16                 
00009769  setSleepEnabled                            
00009779  uxTaskGetTaskNumber                        
00009789  PCM_setCoreVoltageLevel                    
00009791  PCM_setPowerMode                           
00009799  prvTraceGetQueueType                       
00009799  ucQueueGetQueueType                        
000097a1  vListInitialiseItem                        
000097a9  vTaskSetTaskNumber                         
000097b1  CPU_wfi                                    
000097b9  get_fattime                                
000097c1  prvTraceGetQueueNumber                     
000097c1  uxQueueGetQueueNumber                      
000097c9  vApplicationIdleHook                       
000097d1  vQueueSetQueueNumber                       
000097d9  vTraceStart                                
000097f9  vApplicationTickHook                       
0000987c  i2cConfig                                  
0000989c  ulMaxSyscallInterruptPriority              
0000991c  __TI_Handler_Table_Base                    
00009928  __TI_Handler_Table_Limit                   
00009930  __TI_CINIT_Base                            
00009940  __TI_CINIT_Limit                           
2000c800  RecorderData                               
2000e118  sdDriver                                   
2000e348  file                                       
2000e570  obcData                                    
2000e66c  imuData                                    
2000e6ab  fResult                                    
2000e754  bufferIMU                                  
2000e764  resultsBuffer                              
2000e7a4  buffer                                     
2000e7ac  localTime                                  
2000e7b2  cal30                                      
2000e7b8  WATCHDOG_EVENT_GROUP                       
2000e7bc  bw                                         
2000e7c0  clock                                      
2000e7c4  flag_lowBattery                            
2000e7c8  flag_systemMode                            
2000e7cc  init_hwtc_count                            
2000e7d0  taskHandlerAodcs                           
2000e7d4  taskHandlerCamera                          
2000e7d8  taskHandlerDataStorage                     
2000e7dc  taskHandlerHouseKeeping                    
2000e7e0  taskHandlerPpt                             
2000e7e4  taskHandlerTtc                             
2000e7e8  taskHandlerWatchDog                        
2000e7ec  cal85                                      
2000e7ee  calDifference                              
2000e980  objectHandleStacks                         
2000ea0e  MPU9250_devAddr                            
2000ea10  isPendingContextSwitch                     
2000ea18  uiTraceTickCount                           
2000ea1c  trace_disable_timestamp                    
2000ea24  recorder_busy                              
2000ea28  timestampFrequency                         
2000ea2c  traceErrorMessage                          
2000ea30  nISRactive                                 
2000ea31  handle_of_last_logged_task                 
2000ea34  vTraceStopHookPtr                          
2000ea38  CurrentFilterMask                          
2000ea3a  CurrentFilterGroup                         
2000ea40  RecorderDataPtr                            
2000ea90  pxCurrentTCB                               
2000eaf4  SPI0MasterConfig                           
2000eb28  xQueueIMU                                  
2000eb2c  xQueueDataObc                              
2000eb30  xQueueSystem                               
2000eb34  semaphoreIMU                               
2000eb38  semaphoreSystem                            
2000eb3c  batteryValue                               
2000eb3e  adcInitDelay                               
2000eb3f  wakeState                                  
2000eb6c  TraceQueueClassTable                       
2000fce0  __stack                                    
20010000  __STACK_END                                
4000480c  WDTCTL_SYM                                 
ffffffff  __TI_pprof_out_hndl                        
ffffffff  __TI_prof_data_size                        
ffffffff  __TI_prof_data_start                       
ffffffff  __binit__                                  
ffffffff  __c_args__                                 
ffffffff  binit                                      
UNDEFED   __mpu_init                                 
UNDEFED   _system_post_cinit                         

[309 symbols]
