******************************************************************************
                  TI ARM Linker PC v18.1.1                     
******************************************************************************
>> Linked Fri Jun 14 01:27:28 2019

OUTPUT FILE NAME:   <Firmware_OBC.out>
ENTRY POINT SYMBOL: "_c_int00_noargs"  address: 000084a5


MEMORY CONFIGURATION

         name            origin    length      used     unused   attr    fill
----------------------  --------  ---------  --------  --------  ----  --------
  MAIN                  00000000   00040000  00009702  000368fe  R  X
  INFO                  00200000   00004000  00000000  00004000  R  X
  SRAM_CODE             01000000   00010000  00000000  00010000  RW X
  SRAM_DATA             20000000   00010000  0000ef07  000010f9  RW  


SEGMENT ALLOCATION MAP

run origin  load origin   length   init length attrs members
----------  ----------- ---------- ----------- ----- -------
00000000    00000000    00009708   00009708    r-x
  00000000    00000000    00000144   00000144    r-- .intvecs
  00000148    00000148    0000947a   0000947a    r-x .text
  000095c4    000095c4    000000ac   000000ac    r-- .const
  00009670    00009670    00000098   00000098    r-- .cinit
20000000    20000000    0000ebe7   00000000    rw-
  20000000    20000000    0000e874   00000000    rw- .bss
  2000e874    2000e874    00000373   00000000    rw- .data
2000fce0    2000fce0    00000320   00000000    rw-
  2000fce0    2000fce0    00000320   00000000    rw- .stack


SECTION ALLOCATION MAP

 output                                  attributes/
section   page    origin      length       input sections
--------  ----  ----------  ----------   ----------------
.intvecs   0    00000000    00000144     
                  00000000    00000144     msp432_startup_ccs.obj (.intvecs:retain)

.text      0    00000148    0000947a     
                  00000148    0000035e     trcKernelPort.obj (.text:pszTraceGetErrorNotEnoughHandles)
                  000004a6    00000002     --HOLE-- [fill = 0]
                  000004a8    00000334     queue.obj (.text:xQueueSemaphoreTake)
                  000007dc    00000004     rtsv7M4_T_le_v4SPD16_eabi.lib : pre_init.c.obj (.text:_system_pre_init)
                  000007e0    0000030c     queue.obj (.text:xQueueGenericSend)
                  00000aec    00000004     rtsv7M4_T_le_v4SPD16_eabi.lib : exit.c.obj (.text:abort:abort)
                  00000af0    00000304     ff.obj (.text:find_volume)
                  00000df4    00000004     --HOLE-- [fill = 0]
                  00000df8    000002ec     queue.obj (.text:xQueueReceive)
                  000010e4    00000004     --HOLE-- [fill = 0]
                  000010e8    00000216     pcm.obj (.text:__PCM_setPowerStateAdvanced)
                  000012fe    00000002     --HOLE-- [fill = 0]
                  00001300    000001d8     dataStorage.obj (.text:dataStorage)
                  000014d8    000001d2     ff.obj (.text:f_write)
                  000016aa    00000006     --HOLE-- [fill = 0]
                  000016b0    000001c8     trcSnapshotRecorder.obj (.text:prvTraceStoreKernelCallWithParam)
                  00001878    000001c6     ff.obj (.text:f_open)
                  00001a3e    00000002     --HOLE-- [fill = 0]
                  00001a40    000001c0     IntQueue.obj (.text:xSecondTimerHandler)
                  00001c00    000001b0     trcSnapshotRecorder.obj (.text:prvTraceInitTraceData)
                  00001db0    000001a8     houseKeeping.obj (.text:houseKeeping)
                  00001f58    000001a0     trcSnapshotRecorder.obj (.text:prvTraceStoreKernelCall)
                  000020f8    0000019c     mmc_MSP432P401r.obj (.text:MMC_disk_ioctl)
                  00002294    00000004     --HOLE-- [fill = 0]
                  00002298    00000198     tasks.obj (.text:xTaskIncrementTick)
                  00002430    00000188     queue.obj (.text:xQueueGenericSendFromISR)
                  000025b8    00000184     trcSnapshotRecorder.obj (.text:prvTraceGetDTS)
                  0000273c    00000160     msp432p4xx_driverlib.lib : adc14.o (.text:_getIndexForMemRegister)
                  0000289c    00000004     --HOLE-- [fill = 0]
                  000028a0    0000015c     mmc_MSP432P401r.obj (.text:MMC_disk_initialize)
                  000029fc    00000004     --HOLE-- [fill = 0]
                  00002a00    0000014c     trcSnapshotRecorder.obj (.text:prvTraceGetObjectHandle)
                  00002b4c    00000004     --HOLE-- [fill = 0]
                  00002b50    00000148     cs.obj (.text:CS_getDCOFrequency)
                  00002c98    00000148     trcSnapshotRecorder.obj (.text:prvCheckDataToBeOverwrittenForMultiEntryEvents)
                  00002de0    00000148     queue.obj (.text:xQueueReceiveFromISR)
                  00002f28    00000144     heap_4.obj (.text:pvPortMalloc)
                  0000306c    00000004     --HOLE-- [fill = 0]
                  00003070    00000140     tasks.obj (.text:prvAddNewTaskToReadyList)
                  000031b0    00000134     port.obj (.text:vPortSuppressTicksAndSleep)
                  000032e4    00000004     --HOLE-- [fill = 0]
                  000032e8    00000130     trcSnapshotRecorder.obj (.text:uiIndexOfObject)
                  00003418    00000130     IntQueue.obj (.text:xFirstTimerHandler)
                  00003548    0000012c     tasks.obj (.text:vTaskPriorityDisinheritAfterTimeout)
                  00003674    00000004     --HOLE-- [fill = 0]
                  00003678    0000012c     event_groups.obj (.text:xEventGroupWaitBits)
                  000037a4    00000004     --HOLE-- [fill = 0]
                  000037a8    00000128     tasks.obj (.text:xTaskResumeAll)
                  000038d0    00000124     tasks.obj (.text:vTaskNotifyGiveFromISR)
                  000039f4    00000004     --HOLE-- [fill = 0]
                  000039f8    00000120     tasks.obj (.text:xTaskPriorityDisinherit)
                  00003b18    0000011c     cs.obj (.text:CS_initClockSignal)
                  00003c34    00000004     --HOLE-- [fill = 0]
                  00003c38    00000118     trcKernelPort.obj (.text:vTraceInitObjectPropertyTable)
                  00003d50    00000114     cs.obj (.text:_CSComputeCLKFrequency)
                  00003e64    00000004     --HOLE-- [fill = 0]
                  00003e68    00000110     trcSnapshotRecorder.obj (.text:prvTraceStoreKernelCallWithNumericParamOnly)
                  00003f78    00000110     tasks.obj (.text:xTaskPriorityInherit)
                  00004088    0000010c     trcSnapshotRecorder.obj (.text:prvTraceSetObjectName)
                  00004194    00000004     --HOLE-- [fill = 0]
                  00004198    0000010c     MPU9250.obj (.text:readI2C)
                  000042a4    00000004     --HOLE-- [fill = 0]
                  000042a8    0000010c     taskManager.obj (.text:taskCreate)
                  000043b4    00000004     --HOLE-- [fill = 0]
                  000043b8    00000108     pcm.obj (.text:__PCM_setPowerModeAdvanced)
                  000044c0    00000104     ff.obj (.text:create_chain)
                  000045c4    00000004     --HOLE-- [fill = 0]
                  000045c8    00000103     ff.obj (.text:create_name)
                  000046cb    00000005     --HOLE-- [fill = 0]
                  000046d0    00000100     timers.obj (.text:prvProcessReceivedCommands)
                  000047d0    00000100     tasks.obj (.text:vTaskDelayUntil)
                  000048d0    000000fa     ff.obj (.text:put_fat)
                  000049ca    00000006     --HOLE-- [fill = 0]
                  000049d0    000000f4     trcSnapshotRecorder.obj (.text:prvTraceStoreTaskReady)
                  00004ac4    00000004     --HOLE-- [fill = 0]
                  00004ac8    000000e8     trcSnapshotRecorder.obj (.text:uiTraceStart)
                  00004bb0    000000e6     ff.obj (.text:dir_next)
                  00004c96    00000002     --HOLE-- [fill = 0]
                  00004c98    000000e4     trcSnapshotRecorder.obj (.text:prvTraceStoreTaskswitch)
                  00004d7c    00000004     --HOLE-- [fill = 0]
                  00004d80    000000e0     houseKeeping.obj (.text:adcInit)
                  00004e60    000000dc     trcSnapshotRecorder.obj (.text:prvTraceGetPriorityProperty)
                  00004f3c    00000004     --HOLE-- [fill = 0]
                  00004f40    000000dc     port.obj (.text:xPortStartScheduler)
                  0000501c    000000da     portasm.obj (.text)
                  000050f6    00000002     --HOLE-- [fill = 0]
                  000050f8    000000d8     trcSnapshotRecorder.obj (.text:prvTraceSetPriorityProperty)
                  000051d0    000000d4     tasks.obj (.text:vTaskSwitchContext)
                  000052a4    00000004     --HOLE-- [fill = 0]
                  000052a8    000000d0     pcm.obj (.text:__PCM_setCoreVoltageLevelAdvanced)
                  00005378    000000d0     trcSnapshotRecorder.obj (.text:prvTraceGetObjectState)
                  00005448    000000cc     trcSnapshotRecorder.obj (.text:prvTraceSetObjectState)
                  00005514    00000004     --HOLE-- [fill = 0]
                  00005518    000000cc     trcKernelPort.obj (.text:vTraceInitObjectHandleStack)
                  000055e4    00000004     --HOLE-- [fill = 0]
                  000055e8    000000ca     ff.obj (.text:get_fat)
                  000056b2    00000006     --HOLE-- [fill = 0]
                  000056b8    000000c0     tasks.obj (.text:xTaskRemoveFromEventList)
                  00005778    000000bc     mmc_MSP432P401r.obj (.text:MMC_disk_write)
                  00005834    00000004     --HOLE-- [fill = 0]
                  00005838    000000bc     queue.obj (.text:prvInitialiseNewQueue)
                  000058f4    00000004     --HOLE-- [fill = 0]
                  000058f8    000000bc     trcSnapshotRecorder.obj (.text:vTraceStoreMemMangEvent)
                  000059b4    00000004     --HOLE-- [fill = 0]
                  000059b8    000000b4     tasks.obj (.text:vTaskRemoveFromUnorderedEventList)
                  00005a6c    00000004     --HOLE-- [fill = 0]
                  00005a70    000000b4     serial.obj (.text:vUART_Handler)
                  00005b24    00000004     --HOLE-- [fill = 0]
                  00005b28    000000b4     MPU9250.obj (.text:writeI2C)
                  00005bdc    000000b0     msp432p4xx_driverlib.lib : spi.o (.text:SPI_initMaster)
                  00005c8c    00000004     --HOLE-- [fill = 0]
                  00005c90    000000ae     tasks.obj (.text:prvInitialiseNewTask)
                  00005d3e    00000002     --HOLE-- [fill = 0]
                  00005d40    000000ae     event_groups.obj (.text:xEventGroupSetBits)
                  00005dee    00000002     --HOLE-- [fill = 0]
                  00005df0    000000a8     msp432p4xx_driverlib.lib : adc14.o (.text:ADC14_configureMultiSequenceMode)
                  00005e98    000000a8     trcSnapshotRecorder.obj (.text:prvTraceInitCortexM)
                  00005f40    000000a4     msp432p4xx_driverlib.lib : adc14.o (.text:ADC14_configureConversionMemory)
                  00005fe4    00000004     --HOLE-- [fill = 0]
                  00005fe8    000000a4     itoa.obj (.text:itoa)
                  0000608c    00000004     --HOLE-- [fill = 0]
                  00006090    000000a4     trcSnapshotRecorder.obj (.text:vTraceEnable)
                  00006134    00000004     --HOLE-- [fill = 0]
                  00006138    000000a0     ff.obj (.text:dir_sdi)
                  000061d8    0000009c     rtsv7M4_T_le_v4SPD16_eabi.lib : memcpy_t2.asm.obj (.text)
                  00006274    00000004     --HOLE-- [fill = 0]
                  00006278    0000009c     tasks.obj (.text:vTaskDelay)
                  00006314    00000004     --HOLE-- [fill = 0]
                  00006318    00000098     ff.obj (.text:f_sync)
                  000063b0    00000094     mmc_MSP432P401r.obj (.text:MMC_disk_read)
                  00006444    00000004     --HOLE-- [fill = 0]
                  00006448    00000094     timers.obj (.text:prvSwitchTimerLists)
                  000064dc    00000004     --HOLE-- [fill = 0]
                  000064e0    00000094     trcSnapshotRecorder.obj (.text:prvTraceGetParam)
                  00006574    00000004     --HOLE-- [fill = 0]
                  00006578    00000094     tasks.obj (.text:xTaskCheckForTimeOut)
                  0000660c    00000004     --HOLE-- [fill = 0]
                  00006610    00000090     queue.obj (.text:xQueueGenericReset)
                  000066a0    0000008c     MPU9250.obj (.text:getMotion6)
                  0000672c    00000004     --HOLE-- [fill = 0]
                  00006730    0000008c     ff.obj (.text:sync_fs)
                  000067bc    00000004     --HOLE-- [fill = 0]
                  000067c0    0000008c     heap_4.obj (.text:vPortFree)
                  0000684c    00000004     --HOLE-- [fill = 0]
                  00006850    0000008a     ff.obj (.text:check_fs)
                  000068da    00000006     --HOLE-- [fill = 0]
                  000068e0    00000088     pcm.obj (.text:PCM_gotoLPM3)
                  00006968    00000088     tasks.obj (.text:prvAddCurrentTaskToDelayedList)
                  000069f0    00000088     tasks.obj (.text:vTaskPlaceOnEventListRestricted)
                  00006a78    00000086     ff.obj (.text:follow_path)
                  00006afe    00000002     --HOLE-- [fill = 0]
                  00006b00    00000084     tasks.obj (.text:vTaskStartScheduler)
                  00006b84    00000004     --HOLE-- [fill = 0]
                  00006b88    00000080     ff.obj (.text:remove_chain)
                  00006c08    0000007c     msp432p4xx_driverlib.lib : rtc_c.o (.text:RTC_C_getCalendarTime)
                  00006c84    00000004     --HOLE-- [fill = 0]
                  00006c88    0000007c     tasks.obj (.text:prvIdleTask)
                  00006d04    00000004     --HOLE-- [fill = 0]
                  00006d08    0000007c     trcSnapshotRecorder.obj (.text:prvTraceSetTaskInstanceFinished)
                  00006d84    0000007a     rtsv7M4_T_le_v4SPD16_eabi.lib : memset_t2.asm.obj (.text)
                  00006dfe    00000002     --HOLE-- [fill = 0]
                  00006e00    00000078     msp432p4xx_driverlib.lib : adc14.o (.text:ADC14_getMultiSequenceResult)
                  00006e78    00000074     queue.obj (.text:xQueueGenericCreate)
                  00006eec    00000004     --HOLE-- [fill = 0]
                  00006ef0    00000074     timers.obj (.text:xTimerGenericCommand)
                  00006f64    00000004     --HOLE-- [fill = 0]
                  00006f68    00000070     queue.obj (.text:prvCopyDataToQueue)
                  00006fd8    00000070     heap_4.obj (.text:prvHeapInit)
                  00007048    00000070     tasks.obj (.text:prvInitialiseTaskLists)
                  000070b8    00000070     timers.obj (.text:prvProcessTimerOrBlockTask)
                  00007128    00000070     mmc_MSP432P401r.obj (.text:send_cmd)
                  00007198    00000070     watchDogTask.obj (.text:watchDogTask)
                  00007208    0000006c     queue.obj (.text:prvUnlockQueue)
                  00007274    00000068     msp432p4xx_driverlib.lib : i2c.o (.text:I2C_masterSendMultiByteStart)
                  000072dc    00000004     --HOLE-- [fill = 0]
                  000072e0    00000068     system_msp432p401r.obj (.text:SystemInit)
                  00007348    00000068     rtsv7M4_T_le_v4SPD16_eabi.lib : copy_decompress_lzss.c.obj (.text:decompress:lzss:__TI_decompress_lzss)
                  000073b0    00000068     heap_4.obj (.text:prvInsertBlockIntoFreeList)
                  00007418    00000068     port.obj (.text:vPortSetupTimerInterrupt)
                  00007480    00000068     tasks.obj (.text:xTaskCreate)
                  000074e8    00000066     ff.obj (.text:dir_clear)
                  0000754e    00000002     --HOLE-- [fill = 0]
                  00007550    00000064     dataStorage.obj (.text:initSD)
                  000075b4    00000004     --HOLE-- [fill = 0]
                  000075b8    00000064     trcSnapshotRecorder.obj (.text:prvTraceNextFreeEventBufferSlot)
                  0000761c    00000004     --HOLE-- [fill = 0]
                  00007620    00000064     port.obj (.text:vPortValidateInterruptPriority)
                  00007684    00000004     --HOLE-- [fill = 0]
                  00007688    00000060     timers.obj (.text:prvProcessExpiredTimer)
                  000076e8    00000060     MPU9250.obj (.text:writeBits)
                  00007748    00000060     mmc_MSP432P401r.obj (.text:xmit_datablock)
                  000077a8    0000005c     tasks.obj (.text:vTaskPlaceOnUnorderedEventList)
                  00007804    00000004     --HOLE-- [fill = 0]
                  00007808    00000058     main.obj (.text:prvConfigureClocks)
                  00007860    00000058     main.obj (.text:prvSetupHardware)
                  000078b8    00000058     timers.obj (.text:xTimerCreateTimerTask)
                  00007910    00000056     ff.obj (.text:dir_find)
                  00007966    00000002     --HOLE-- [fill = 0]
                  00007968    00000054     msp432p4xx_driverlib.lib : adc14.o (.text:ADC14_initModule)
                  000079bc    00000004     --HOLE-- [fill = 0]
                  000079c0    00000054     gpio.obj (.text:GPIO_setAsPeripheralModuleFunctionInputPin)
                  00007a14    00000004     --HOLE-- [fill = 0]
                  00007a18    00000054     gpio.obj (.text:GPIO_setAsPeripheralModuleFunctionOutputPin)
                  00007a6c    00000004     --HOLE-- [fill = 0]
                  00007a70    00000054     sysctl.obj (.text:SysCtl_getTLVInfo)
                  00007ac4    00000004     --HOLE-- [fill = 0]
                  00007ac8    00000054     tasks.obj (.text:prvCheckTasksWaitingTermination)
                  00007b1c    00000004     --HOLE-- [fill = 0]
                  00007b20    00000054     timers.obj (.text:prvInsertTimerInActiveList)
                  00007b74    00000004     --HOLE-- [fill = 0]
                  00007b78    00000054     trcSnapshotRecorder.obj (.text:prvTracePortGetTimeStamp)
                  00007bcc    00000004     --HOLE-- [fill = 0]
                  00007bd0    00000054     ttcTask.obj (.text:ttcTask)
                  00007c24    00000004     --HOLE-- [fill = 0]
                  00007c28    00000052     cs.obj (.text:_CSGetDividerValue)
                  00007c7a    00000006     --HOLE-- [fill = 0]
                  00007c80    00000050     pcm.obj (.text:PCM_getCoreVoltageLevel)
                  00007cd0    00000050     SPI_Driver.obj (.text:SPI_Init)
                  00007d20    00000050     cs.obj (.text:_CSGetDOCFrequency)
                  00007d70    00000050     ff.obj (.text:dbc_2nd)
                  00007dc0    00000050     tasks.obj (.text:prvGetExpectedIdleTime)
                  00007e10    00000050     MPU9250.obj (.text:writeBit)
                  00007e60    0000004e     ff.obj (.text:dir_alloc)
                  00007eae    00000002     --HOLE-- [fill = 0]
                  00007eb0    0000004c     pcm.obj (.text:PCM_shutdownDevice)
                  00007efc    00000004     --HOLE-- [fill = 0]
                  00007f00    0000004c     ff.obj (.text:f_mount)
                  00007f4c    00000004     --HOLE-- [fill = 0]
                  00007f50    0000004c     timers.obj (.text:prvCheckForValidListAndQueue)
                  00007f9c    00000004     --HOLE-- [fill = 0]
                  00007fa0    0000004c     mmc_MSP432P401r.obj (.text:rcvr_datablock)
                  00007fec    00000004     --HOLE-- [fill = 0]
                  00007ff0    00000048     ff.obj (.text:get_ldnumber)
                  00008038    00000048     houseKeeping.obj (.text:isLowBattery)
                  00008080    00000048     ff.obj (.text:sync_window)
                  000080c8    00000048     queue.obj (.text:vQueueWaitForMessageRestricted)
                  00008110    00000044     rtsv7M4_T_le_v4SPD16_eabi.lib : autoinit.c.obj (.text:__TI_auto_init_nobinit_nopinit:__TI_auto_init_nobinit_nopinit)
                  00008154    00000004     --HOLE-- [fill = 0]
                  00008158    00000044     dataStorage.obj (.text:getLocalTime)
                  0000819c    00000004     --HOLE-- [fill = 0]
                  000081a0    00000044     houseKeeping.obj (.text:getTemperature)
                  000081e4    00000004     --HOLE-- [fill = 0]
                  000081e8    00000040     MPU9250.obj (.text:initI2C)
                  00008228    00000040     msp432p4xx_driverlib.lib : spi.o (.text:is_A_Module)
                  00008268    0000003e     mmc_MSP432P401r.obj (.text:send_cmd12)
                  000082a6    00000002     --HOLE-- [fill = 0]
                  000082a8    0000003c     tasks.obj (.text:eTaskConfirmSleepModeStatus)
                  000082e4    00000004     --HOLE-- [fill = 0]
                  000082e8    0000003c     trcSnapshotRecorder.obj (.text:prvTraceError)
                  00008324    00000004     --HOLE-- [fill = 0]
                  00008328    0000003c     trcSnapshotRecorder.obj (.text:prvTraceUpdateCounters)
                  00008364    00000004     --HOLE-- [fill = 0]
                  00008368    0000003c     mmc_MSP432P401r.obj (.text:send_initial_clock_train)
                  000083a4    00000004     --HOLE-- [fill = 0]
                  000083a8    0000003c     port.obj (.text:vPortEnterCritical)
                  000083e4    00000004     --HOLE-- [fill = 0]
                  000083e8    0000003a     pcm.obj (.text:PCM_getPowerMode)
                  00008422    00000006     --HOLE-- [fill = 0]
                  00008428    0000003a     ff.obj (.text:dir_register)
                  00008462    00000006     --HOLE-- [fill = 0]
                  00008468    0000003a     ff.obj (.text:validate)
                  000084a2    00000002     --HOLE-- [fill = 0]
                  000084a4    00000038     rtsv7M4_T_le_v4SPD16_eabi.lib : boot_cortex_m.c.obj (.text:_c_int00_noargs:_c_int00_noargs)
                  000084dc    00000004     --HOLE-- [fill = 0]
                  000084e0    00000038     port.obj (.text:prvTaskExitError)
                  00008518    00000038     tasks.obj (.text:vTaskPlaceOnEventList)
                  00008550    00000034     msp432p4xx_driverlib.lib : adc14.o (.text:ADC14_enableSampleTimer)
                  00008584    00000004     --HOLE-- [fill = 0]
                  00008588    00000034     SPI_Driver.obj (.text:SPI_Read)
                  000085bc    00000004     --HOLE-- [fill = 0]
                  000085c0    00000034     SPI_Driver.obj (.text:SPI_Write)
                  000085f4    00000004     --HOLE-- [fill = 0]
                  000085f8    00000034     aodcsTask.obj (.text:aodcsTask)
                  0000862c    00000004     --HOLE-- [fill = 0]
                  00008630    00000034     cameraTask.obj (.text:cameraTask)
                  00008664    00000004     --HOLE-- [fill = 0]
                  00008668    00000034     ff.obj (.text:dbc_1st)
                  0000869c    00000004     --HOLE-- [fill = 0]
                  000086a0    00000034     ff.obj (.text:move_window)
                  000086d4    00000004     --HOLE-- [fill = 0]
                  000086d8    00000034     pptTask.obj (.text:pptTask)
                  0000870c    00000004     --HOLE-- [fill = 0]
                  00008710    00000034     list.obj (.text:vListInsert)
                  00008744    00000004     --HOLE-- [fill = 0]
                  00008748    00000034     IntQueueTimer.obj (.text:vT32_0_Handler)
                  0000877c    00000004     --HOLE-- [fill = 0]
                  00008780    00000034     IntQueueTimer.obj (.text:vT32_1_Handler)
                  000087b4    00000004     --HOLE-- [fill = 0]
                  000087b8    00000034     tasks.obj (.text:vTaskStepTick)
                  000087ec    00000030     msp432p4xx_driverlib.lib : adc14.o (.text:ADC14_setSampleHoldTime)
                  0000881c    00000004     --HOLE-- [fill = 0]
                  00008820    00000030     flash.obj (.text:FlashCtl_setWaitState)
                  00008850    00000030     tasks.obj (.text:prvResetNextTaskUnblockTime)
                  00008880    00000030     port.obj (.text:vPortExitCritical)
                  000088b0    0000002c     msp432p4xx_driverlib.lib : adc14.o (.text:ADC14_toggleConversionTrigger)
                  000088dc    00000004     --HOLE-- [fill = 0]
                  000088e0    0000002c     cs.obj (.text:CS_setDCOCenteredFrequency)
                  0000890c    00000004     --HOLE-- [fill = 0]
                  00008910    0000002c     gpio.obj (.text:GPIO_setAsInputPinWithPullUpResistor)
                  0000893c    00000004     --HOLE-- [fill = 0]
                  00008940    0000002c     pcm.obj (.text:PCM_gotoLPM0)
                  0000896c    0000002c     msp432p4xx_driverlib.lib : rtc_c.o (.text:RTC_C_holdClock)
                  00008998    0000002c     timers.obj (.text:prvSampleTimeNow)
                  000089c4    00000004     --HOLE-- [fill = 0]
                  000089c8    0000002c     port.obj (.text:pxPortInitialiseStack)
                  000089f4    00000004     --HOLE-- [fill = 0]
                  000089f8    0000002c     mmc_MSP432P401r.obj (.text:rcvr_spi)
                  00008a24    00000004     --HOLE-- [fill = 0]
                  00008a28    0000002c     port.obj (.text:xPortSysTickHandler)
                  00008a54    00000004     --HOLE-- [fill = 0]
                  00008a58    0000002c     queue.obj (.text:xQueueIsQueueFullFromISR)
                  00008a84    00000028     msp432p4xx_driverlib.lib : adc14.o (.text:ADC14_enableConversion)
                  00008aac    00000004     --HOLE-- [fill = 0]
                  00008ab0    00000028     GPIO_Driver.obj (.text:GPIO_Init)
                  00008ad8    00000028     main.obj (.text:main)
                  00008b00    00000028     queue.obj (.text:prvCopyDataFromQueue)
                  00008b28    00000028     mmc_MSP432P401r.obj (.text:xmit_spi)
                  00008b50    00000026     ff.obj (.text:ld_clust)
                  00008b76    00000002     --HOLE-- [fill = 0]
                  00008b78    00000026     list.obj (.text:uxListRemove)
                  00008b9e    00000002     --HOLE-- [fill = 0]
                  00008ba0    00000024     cs.obj (.text:CS_clearInterruptFlag)
                  00008bc4    00000004     --HOLE-- [fill = 0]
                  00008bc8    00000024     timers.obj (.text:prvGetNextExpireTime)
                  00008bec    00000004     --HOLE-- [fill = 0]
                  00008bf0    00000024     taskManager.obj (.text:queueCreate)
                  00008c14    00000004     --HOLE-- [fill = 0]
                  00008c18    00000024     trcSnapshotRecorder.obj (.text:vTraceStop)
                  00008c3c    00000004     --HOLE-- [fill = 0]
                  00008c40    00000024     mmc_MSP432P401r.obj (.text:wait_ready)
                  00008c64    00000004     --HOLE-- [fill = 0]
                  00008c68    00000022     CS_Driver.obj (.text:CS_Init)
                  00008c8a    00000006     --HOLE-- [fill = 0]
                  00008c90    00000022     diskio.obj (.text:disk_read)
                  00008cb2    00000006     --HOLE-- [fill = 0]
                  00008cb8    00000022     diskio.obj (.text:disk_write)
                  00008cda    00000006     --HOLE-- [fill = 0]
                  00008ce0    00000022     ff.obj (.text:st_clust)
                  00008d02    00000006     --HOLE-- [fill = 0]
                  00008d08    00000020     gpio.obj (.text:GPIO_setAsOutputPin)
                  00008d28    00000020     MPU9250.obj (.text:MPU9250_initialize)
                  00008d48    00000020     msp432p4xx_driverlib.lib : ref_a.o (.text:REF_A_setReferenceVoltage)
                  00008d68    00000020     sysctl.obj (.text:SysCtl_setWDTTimeoutResetType)
                  00008d88    00000020     diskio.obj (.text:disk_ioctl)
                  00008da8    00000020     trcSnapshotRecorder.obj (.text:prvMarkObjectAsUsed)
                  00008dc8    00000020     IntQueue.obj (.text:prvRecordValue_NormallyEmpty)
                  00008de8    00000020     IntQueue.obj (.text:prvRecordValue_NormallyFull)
                  00008e08    00000020     trcSnapshotRecorder.obj (.text:prvStrncpy)
                  00008e28    00000020     tasks.obj (.text:xTaskGetSchedulerState)
                  00008e48    0000001e     queue.obj (.text:prvIsQueueFull)
                  00008e66    00000002     --HOLE-- [fill = 0]
                  00008e68    0000001e     list.obj (.text:vListInitialise)
                  00008e86    00000002     --HOLE-- [fill = 0]
                  00008e88    0000001c     msp432p4xx_driverlib.lib : adc14.o (.text:ADC14_getResult)
                  00008ea4    00000004     --HOLE-- [fill = 0]
                  00008ea8    0000001c     ff.obj (.text:mem_cmp)
                  00008ec4    00000004     --HOLE-- [fill = 0]
                  00008ec8    0000001c     event_groups.obj (.text:prvTestWaitCondition)
                  00008ee4    00000004     --HOLE-- [fill = 0]
                  00008ee8    0000001a     ff.obj (.text:clst2sect)
                  00008f02    00000006     --HOLE-- [fill = 0]
                  00008f08    0000001a     queue.obj (.text:prvGetDisinheritPriorityAfterTimeout)
                  00008f22    00000006     --HOLE-- [fill = 0]
                  00008f28    0000001a     queue.obj (.text:prvIsQueueEmpty)
                  00008f42    00000006     --HOLE-- [fill = 0]
                  00008f48    0000001a     timers.obj (.text:prvTimerTask)
                  00008f62    00000006     --HOLE-- [fill = 0]
                  00008f68    0000001a     trcKernelPort.obj (.text:prvTraceSetQueueNumberHigh16)
                  00008f82    00000006     --HOLE-- [fill = 0]
                  00008f88    0000001a     trcKernelPort.obj (.text:prvTraceSetQueueNumberLow16)
                  00008fa2    00000006     --HOLE-- [fill = 0]
                  00008fa8    0000001a     trcKernelPort.obj (.text:prvTraceSetTaskNumberHigh16)
                  00008fc2    00000006     --HOLE-- [fill = 0]
                  00008fc8    0000001a     trcKernelPort.obj (.text:prvTraceSetTaskNumberLow16)
                  00008fe2    00000006     --HOLE-- [fill = 0]
                  00008fe8    0000001a     event_groups.obj (.text:xEventGroupCreate)
                  00009002    00000006     --HOLE-- [fill = 0]
                  00009008    00000018     cs.obj (.text:CS_getMCLK)
                  00009020    00000018     gpio.obj (.text:GPIO_getInputPinValue)
                  00009038    00000018     wdt_a.obj (.text:WDT_A_clearTimer)
                  00009050    00000018     wdt_a.obj (.text:WDT_A_holdTimer)
                  00009068    00000018     ff.obj (.text:chk_chr)
                  00009080    00000018     diskio.obj (.text:disk_initialize)
                  00009098    00000018     diskio.obj (.text:disk_status)
                  000090b0    00000018     tasks.obj (.text:pvTaskIncrementMutexHeldCount)
                  000090c8    00000018     msp432_startup_ccs.obj (.text:resetISR)
                  000090e0    00000018     ff.obj (.text:st_dword)
                  000090f8    00000018     tasks.obj (.text:uxTaskResetEventItemValue)
                  00009110    00000018     list.obj (.text:vListInsertEnd)
                  00009128    00000018     tasks.obj (.text:vTaskInternalSetTimeOutState)
                  00009140    00000016     ff.obj (.text:ld_dword)
                  00009156    00000002     --HOLE-- [fill = 0]
                  00009158    00000016     ff.obj (.text:mem_cpy)
                  0000916e    00000002     --HOLE-- [fill = 0]
                  00009170    00000016     queue.obj (.text:xQueueCreateMutex)
                  00009186    00000002     --HOLE-- [fill = 0]
                  00009188    00000014     gpio.obj (.text:GPIO_clearInterruptFlag)
                  0000919c    00000004     --HOLE-- [fill = 0]
                  000091a0    00000014     gpio.obj (.text:GPIO_enableInterrupt)
                  000091b4    00000004     --HOLE-- [fill = 0]
                  000091b8    00000014     gpio.obj (.text:GPIO_setOutputHighOnPin)
                  000091cc    00000004     --HOLE-- [fill = 0]
                  000091d0    00000014     gpio.obj (.text:GPIO_setOutputLowOnPin)
                  000091e4    00000004     --HOLE-- [fill = 0]
                  000091e8    00000014     gpio.obj (.text:GPIO_toggleOutputOnPin)
                  000091fc    00000004     --HOLE-- [fill = 0]
                  00009200    00000014     wdt_a.obj (.text:WDT_A_startTimer)
                  00009214    00000004     --HOLE-- [fill = 0]
                  00009218    00000014     mmc_MSP432P401r.obj (.text:power_on)
                  0000922c    00000004     --HOLE-- [fill = 0]
                  00009230    00000014     queue.obj (.text:prvInitialiseMutex)
                  00009244    00000004     --HOLE-- [fill = 0]
                  00009248    00000014     IntQueue.obj (.text:prvQueueAccessLogError)
                  0000925c    00000004     --HOLE-- [fill = 0]
                  00009260    00000012     ff.obj (.text:mem_set)
                  00009272    00000006     --HOLE-- [fill = 0]
                  00009278    00000012     tasks.obj (.text:prvDeleteTCB)
                  0000928a    00000006     --HOLE-- [fill = 0]
                  00009290    00000012     main.obj (.text:vApplicationMallocFailedHook)
                  000092a2    00000006     --HOLE-- [fill = 0]
                  000092a8    00000012     main.obj (.text:vApplicationStackOverflowHook)
                  000092ba    00000002     --HOLE-- [fill = 0]
                  000092bc    00000010     msp432p4xx_driverlib.lib : adc14.o (.text:ADCIsConversionRunning)
                  000092cc    00000004     --HOLE-- [fill = 0]
                  000092d0    00000010     fpu.obj (.text:FPU_enableModule)
                  000092e0    00000010     GPIO_Driver.obj (.text:GPIO_High)
                  000092f0    00000010     GPIO_Driver.obj (.text:GPIO_Low)
                  00009300    00000010     interrupt.obj (.text:Interrupt_enableMaster)
                  00009310    00000010     MPU9250.obj (.text:MPU9250_getMotion9)
                  00009320    00000010     pcm.obj (.text:PCM_gotoLPM4)
                  00009330    00000010     aodcsTask.obj (.text:setWatchDogBit_AODCS)
                  00009340    00000010     cameraTask.obj (.text:setWatchDogBit_CAMERA)
                  00009350    00000010     dataStorage.obj (.text:setWatchDogBit_DATASTORAGE)
                  00009360    00000010     houseKeeping.obj (.text:setWatchDogBit_HOUSEKEEPING)
                  00009370    00000010     pptTask.obj (.text:setWatchDogBit_PPT)
                  00009380    00000010     ttcTask.obj (.text:setWatchDogBit_TTC)
                  00009390    00000010     tasks.obj (.text:vTaskSuspendAll)
                  000093a0    00000010     taskManager.obj (.text:watchDogEventGroupCreate)
                  000093b0    0000000e     rtsv7M4_T_le_v4SPD16_eabi.lib : copy_decompress_none.c.obj (.text:decompress:none:__TI_decompress_none)
                  000093be    00000002     --HOLE-- [fill = 0]
                  000093c0    0000000e     ff.obj (.text:st_word)
                  000093ce    00000002     --HOLE-- [fill = 0]
                  000093d0    0000000c     msp432p4xx_driverlib.lib : adc14.o (.text:ADC14_enableModule)
                  000093dc    00000004     --HOLE-- [fill = 0]
                  000093e0    0000000c     cpu.obj (.text:CPU_cpsie)
                  000093ec    00000004     --HOLE-- [fill = 0]
                  000093f0    0000000c     mmc_MSP432P401r.obj (.text:MMC_disk_status)
                  000093fc    00000004     --HOLE-- [fill = 0]
                  00009400    0000000c     MPU9250.obj (.text:MPU9250_setClockSource)
                  0000940c    00000004     --HOLE-- [fill = 0]
                  00009410    0000000c     pcm.obj (.text:PCM_getPowerState)
                  0000941c    0000000c     msp432p4xx_driverlib.lib : ref_a.o (.text:REF_A_enableReferenceVoltage)
                  00009428    0000000c                              : ref_a.o (.text:REF_A_enableTempSensor)
                  00009434    00000004     --HOLE-- [fill = 0]
                  00009438    0000000c     sysctl.obj (.text:SysCtl_getTempCalibrationConstant)
                  00009444    00000004     --HOLE-- [fill = 0]
                  00009448    0000000c     mmc_MSP432P401r.obj (.text:chk_power)
                  00009454    0000000c     rtsv7M4_T_le_v4SPD16_eabi.lib : copy_zero_init.c.obj (.text:decompress:ZI:__TI_zero_init)
                  00009460    0000000c     ff.obj (.text:ld_word)
                  0000946c    00000004     --HOLE-- [fill = 0]
                  00009470    0000000c     mmc_MSP432P401r.obj (.text:power_off)
                  0000947c    00000004     --HOLE-- [fill = 0]
                  00009480    0000000c     trcKernelPort.obj (.text:prvTraceGetQueueNumberHigh16)
                  0000948c    00000004     --HOLE-- [fill = 0]
                  00009490    0000000c     trcKernelPort.obj (.text:prvTraceGetTaskNumberHigh16)
                  0000949c    00000004     --HOLE-- [fill = 0]
                  000094a0    0000000c     mmc_MSP432P401r.obj (.text:rcvr_spi_m)
                  000094ac    00000004     --HOLE-- [fill = 0]
                  000094b0    0000000c     MPU9250.obj (.text:setFullScaleAccelRange)
                  000094bc    00000004     --HOLE-- [fill = 0]
                  000094c0    0000000c     MPU9250.obj (.text:setFullScaleGyroRange)
                  000094cc    00000004     --HOLE-- [fill = 0]
                  000094d0    0000000c     tasks.obj (.text:vTaskMissedYield)
                  000094dc    00000004     --HOLE-- [fill = 0]
                  000094e0    0000000c     tasks.obj (.text:xTaskGetCurrentTaskHandle)
                  000094ec    00000004     --HOLE-- [fill = 0]
                  000094f0    0000000c     tasks.obj (.text:xTaskGetTickCount)
                  000094fc    00000004     --HOLE-- [fill = 0]
                  00009500    0000000a     trcKernelPort.obj (.text:prvTraceGetQueueNumberLow16)
                  0000950a    00000006     --HOLE-- [fill = 0]
                  00009510    0000000a     trcKernelPort.obj (.text:prvTraceGetTaskNumberLow16)
                  0000951a    00000006     --HOLE-- [fill = 0]
                  00009520    0000000a     MPU9250.obj (.text:setSleepEnabled)
                  0000952a    00000006     --HOLE-- [fill = 0]
                  00009530    0000000a     tasks.obj (.text:uxTaskGetTaskNumber)
                  0000953a    00000006     --HOLE-- [fill = 0]
                  00009540    00000008     pcm.obj (.text:PCM_setCoreVoltageLevel)
                  00009548    00000008     pcm.obj (.text:PCM_setPowerMode)
                  00009550    00000008     pcm.obj (.text:PCM_setPowerState)
                  00009558    00000006     queue.obj (.text:ucQueueGetQueueType)
                  0000955e    00000002     --HOLE-- [fill = 0]
                  00009560    00000006     list.obj (.text:vListInitialiseItem)
                  00009566    00000002     --HOLE-- [fill = 0]
                  00009568    00000006     tasks.obj (.text:vTaskSetTaskNumber)
                  0000956e    00000002     --HOLE-- [fill = 0]
                  00009570    00000004     cpu.obj (.text:CPU_wfi)
                  00009574    00000004     --HOLE-- [fill = 0]
                  00009578    00000004     mmc_MSP432P401r.obj (.text:get_fattime)
                  0000957c    00000004     --HOLE-- [fill = 0]
                  00009580    00000004     queue.obj (.text:uxQueueGetQueueNumber)
                  00009584    00000004     --HOLE-- [fill = 0]
                  00009588    00000004     queue.obj (.text:vQueueSetQueueNumber)
                  0000958c    00000004     --HOLE-- [fill = 0]
                  00009590    00000004     trcSnapshotRecorder.obj (.text:vTraceStart)
                  00009594    00000004     --HOLE-- [fill = 0]
                  00009598    00000002     msp432_startup_ccs.obj (.text:defaultISR)
                  0000959a    00000006     --HOLE-- [fill = 0]
                  000095a0    00000002     msp432_startup_ccs.obj (.text:faultISR)
                  000095a2    00000006     --HOLE-- [fill = 0]
                  000095a8    00000002     msp432_startup_ccs.obj (.text:nmiISR)
                  000095aa    00000006     --HOLE-- [fill = 0]
                  000095b0    00000002     main.obj (.text:vApplicationIdleHook)
                  000095b2    00000006     --HOLE-- [fill = 0]
                  000095b8    00000002     main_blinky.obj (.text:vApplicationTickHook)
                  000095ba    00000006     --HOLE-- [fill = 0]
                  000095c0    00000002     main_blinky.obj (.text:vPreSleepProcessing)

.const     0    000095c4    000000ac     
                  000095c4    00000080     msp432p4xx_driverlib.lib : adc14.o (.const:_ctlRegs)
                  00009644    00000014     MPU9250.obj (.const:i2cConfig)
                  00009658    0000000a     ff.obj (.const:.string:DbcTbl)
                  00009662    00000002     --HOLE-- [fill = 0]
                  00009664    00000008     port.obj (.const)
                  0000966c    00000004     serial.obj (.const)

.cinit     0    00009670    00000098     
                  00009670    0000006e     (.cinit..data.load) [load image, compression = lzss]
                  000096de    00000002     --HOLE-- [fill = 0]
                  000096e0    0000000c     (__TI_handler_table)
                  000096ec    00000004     --HOLE-- [fill = 0]
                  000096f0    00000008     (.cinit..bss.load) [load image, compression = zero_init]
                  000096f8    00000010     (__TI_cinit_table)

.bss       0    20000000    0000e874     UNINITIALIZED
                  20000000    0000c800     heap_4.obj (.bss:ucHeap)
                  2000c800    00001918     (.common:RecorderData)
                  2000e118    00000230     (.common:sdDriver)
                  2000e348    00000228     (.common:file)
                  2000e570    00000162     (.common:obcData)
                  2000e6d2    00000002     ff.obj (.bss)
                  2000e6d4    00000064     tasks.obj (.bss:pxReadyTasksLists)
                  2000e738    0000003f     (.common:imuData)
                  2000e777    00000001     (.common:fResult)
                  2000e778    00000014     timers.obj (.bss:xActiveTimerList1)
                  2000e78c    00000014     timers.obj (.bss:xActiveTimerList2)
                  2000e7a0    00000014     tasks.obj (.bss:xDelayedTaskList1)
                  2000e7b4    00000014     tasks.obj (.bss:xDelayedTaskList2)
                  2000e7c8    00000014     tasks.obj (.bss:xPendingReadyList)
                  2000e7dc    00000014     tasks.obj (.bss:xSuspendedTaskList)
                  2000e7f0    00000014     tasks.obj (.bss:xTasksWaitingTermination)
                  2000e804    00000010     (.common:bufferIMU)
                  2000e814    0000000c     houseKeeping.obj (.bss:resultsBuffer)
                  2000e820    00000009     mmc_MSP432P401r.obj (.bss)
                  2000e829    00000001     --HOLE--
                  2000e82a    00000002     (.common:cal30)
                  2000e82c    00000008     IntQueue.obj (.bss)
                  2000e834    00000008     cs.obj (.bss)
                  2000e83c    00000008     tasks.obj (.bss)
                  2000e844    00000008     timers.obj (.bss)
                  2000e84c    00000008     heap_4.obj (.bss:xStart)
                  2000e854    00000006     (.common:localTime)
                  2000e85a    00000002     (.common:cal85)
                  2000e85c    00000004     ff.obj (.bss:FatFs)
                  2000e860    00000004     (.common:WATCHDOG_EVENT_GROUP)
                  2000e864    00000004     (.common:bw)
                  2000e868    00000004     (.common:calDifference)
                  2000e86c    00000004     (.common:flag_lowBattery)
                  2000e870    00000004     (.common:init_hwtc_count)

.data      0    2000e874    00000373     UNINITIALIZED
                  2000e874    000000c8     IntQueue.obj (.data:ucNormallyEmptyReceivedValues)
                  2000e93c    000000c8     IntQueue.obj (.data:ucNormallyFullReceivedValues)
                  2000ea04    0000008e     trcSnapshotRecorder.obj (.data:objectHandleStacks)
                  2000ea92    00000002     MPU9250.obj (.data)
                  2000ea94    00000044     trcSnapshotRecorder.obj (.data)
                  2000ead8    0000003c     IntQueue.obj (.data)
                  2000eb14    00000034     tasks.obj (.data)
                  2000eb48    00000030     gpio.obj (.data:GPIO_PORT_TO_BASE)
                  2000eb78    0000001c     dataStorage.obj (.data:SPI0MasterConfig)
                  2000eb94    00000018     port.obj (.data)
                  2000ebac    00000010     heap_4.obj (.data)
                  2000ebbc    00000010     serial.obj (.data)
                  2000ebcc    0000000c     timers.obj (.data)
                  2000ebd8    00000008     taskManager.obj (.data)
                  2000ebe0    00000005     trcKernelPort.obj (.data:TraceQueueClassTable)
                  2000ebe5    00000002     mmc_MSP432P401r.obj (.data)

.stack     0    2000fce0    00000320     UNINITIALIZED
                  2000fce0    00000004     rtsv7M4_T_le_v4SPD16_eabi.lib : boot_cortex_m.c.obj (.stack)
                  2000fce4    0000031c     --HOLE--

MODULE SUMMARY

       Module                       code    ro data   rw data
       ------                       ----    -------   -------
    .\
       main.obj                     254     0         362    
    +--+----------------------------+-------+---------+---------+
       Total:                       254     0         362    
                                                             
    .\FreeRTOS_Source\
       tasks.obj                    4900    0         260    
       queue.obj                    4030    0         0      
       timers.obj                   1082    0         60     
       event_groups.obj             528     0         0      
       list.obj                     150     0         0      
    +--+----------------------------+-------+---------+---------+
       Total:                       10690   0         320    
                                                             
    .\FreeRTOS_Source\portable\CCS\ARM_CM4F\
       port.obj                     984     8         24     
       portasm.obj                  218     0         0      
    +--+----------------------------+-------+---------+---------+
       Total:                       1202    8         24     
                                                             
    .\FreeRTOS_Source\portable\MemMang\
       heap_4.obj                   680     0         51224  
    +--+----------------------------+-------+---------+---------+
       Total:                       680     0         51224  
                                                             
    .\Full_Demo\
       serial.obj                   180     4         16     
       IntQueueTimer.obj            104     0         0      
    +--+----------------------------+-------+---------+---------+
       Total:                       284     4         16     
                                                             
    .\Full_Demo\Standard_Demo_Tasks\
       IntQueue.obj                 836     0         468    
    +--+----------------------------+-------+---------+---------+
       Total:                       836     0         468    
                                                             
    .\SimplyBlinkyDemo\
       main_blinky.obj              4       0         0      
    +--+----------------------------+-------+---------+---------+
       Total:                       4       0         0      
                                                             
    .\Tracealyzer\
       trcSnapshotRecorder.obj      5948    0         6638   
       trcKernelPort.obj            1494    0         5      
    +--+----------------------------+-------+---------+---------+
       Total:                       7442    0         6643   
                                                             
    .\driverlib\
       pcm.obj                      1452    0         0      
       cs.obj                       1154    0         8      
       gpio.obj                     368     0         48     
       sysctl.obj                   128     0         0      
       wdt_a.obj                    68      0         0      
       flash.obj                    48      0         0      
       cpu.obj                      16      0         0      
       fpu.obj                      16      0         0      
       interrupt.obj                16      0         0      
    +--+----------------------------+-------+---------+---------+
       Total:                       3266    0         56     
                                                             
    .\interface\
       MPU9250.obj                  922     20        18     
    +--+----------------------------+-------+---------+---------+
       Total:                       922     20        18     
                                                             
    .\src\
       dataStorage.obj              656     0         1214   
       houseKeeping.obj             804     0         20     
       taskManager.obj              320     0         8      
       watchDogTask.obj             112     0         0      
       ttcTask.obj                  100     0         0      
       aodcsTask.obj                68      0         0      
       cameraTask.obj               68      0         0      
       pptTask.obj                  68      0         0      
    +--+----------------------------+-------+---------+---------+
       Total:                       2196    0         1242   
                                                             
    .\system\CCS\
       msp432_startup_ccs.obj       30      324       0      
       system_msp432p401r.obj       104     0         0      
    +--+----------------------------+-------+---------+---------+
       Total:                       134     324       0      
                                                             
    .\util\
       itoa.obj                     164     0         0      
    +--+----------------------------+-------+---------+---------+
       Total:                       164     0         0      
                                                             
    .\util\Hardware\
       SPI_Driver.obj               184     0         0      
       GPIO_Driver.obj              72      0         0      
       CS_Driver.obj                34      0         0      
    +--+----------------------------+-------+---------+---------+
       Total:                       290     0         0      
                                                             
    .\util\fatfs\
       ff.obj                       4793    10        6      
       mmc_MSP432P401r.obj          1694    0         11     
       diskio.obj                   148     0         0      
    +--+----------------------------+-------+---------+---------+
       Total:                       6635    10        17     
                                                             
    C:/ti/simplelink_msp432p4_sdk_2_40_00_10/source/ti/devices/msp432p4xx/driverlib/ccs/msp432p4xx_driverlib.lib
       adc14.o                      1128    128       0      
       spi.o                        240     0         0      
       rtc_c.o                      168     0         0      
       i2c.o                        104     0         0      
       ref_a.o                      56      0         0      
    +--+----------------------------+-------+---------+---------+
       Total:                       1696    128       0      
                                                             
    C:\ti\ccsv8\tools\compiler\ti-cgt-arm_18.1.1.LTS\lib\rtsv7M4_T_le_v4SPD16_eabi.lib
       memcpy_t2.asm.obj            156     0         0      
       memset_t2.asm.obj            122     0         0      
       copy_decompress_lzss.c.obj   104     0         0      
       autoinit.c.obj               68      0         0      
       boot_cortex_m.c.obj          56      0         0      
       copy_decompress_none.c.obj   14      0         0      
       copy_zero_init.c.obj         12      0         0      
       exit.c.obj                   4       0         0      
       pre_init.c.obj               4       0         0      
    +--+----------------------------+-------+---------+---------+
       Total:                       540     0         0      
                                                             
       Stack:                       0       0         800    
       Linker Generated:            0       146       0      
    +--+----------------------------+-------+---------+---------+
       Grand Total:                 37235   640       61190  


LINKER GENERATED COPY TABLES

__TI_cinit_table @ 000096f8 records: 2, size/record: 8, table size: 16
	.data: load addr=00009670, load size=0000006e bytes, run addr=2000e874, run size=00000373 bytes, compression=lzss
	.bss: load addr=000096f0, load size=00000008 bytes, run addr=20000000, run size=0000e874 bytes, compression=zero_init


LINKER GENERATED HANDLER TABLE

__TI_handler_table @ 000096e0 records: 3, size/record: 4, table size: 12
	index: 0, handler: __TI_decompress_lzss
	index: 1, handler: __TI_decompress_none
	index: 2, handler: __TI_zero_init


GLOBAL SYMBOLS: SORTED ALPHABETICALLY BY Name 

address   name                                       
-------   ----                                       
00005f41  ADC14_configureConversionMemory            
00005df1  ADC14_configureMultiSequenceMode           
00008a85  ADC14_enableConversion                     
000093d1  ADC14_enableModule                         
00008551  ADC14_enableSampleTimer                    
00006e01  ADC14_getMultiSequenceResult               
00008e89  ADC14_getResult                            
00007969  ADC14_initModule                           
000087ed  ADC14_setSampleHoldTime                    
000088b1  ADC14_toggleConversionTrigger              
00000aed  C$$EXIT                                    
000093e1  CPU_cpsie                                  
00009571  CPU_wfi                                    
00008c69  CS_Init                                    
00008ba1  CS_clearInterruptFlag                      
00002b51  CS_getDCOFrequency                         
00009009  CS_getMCLK                                 
00003b19  CS_initClockSignal                         
000088e1  CS_setDCOCenteredFrequency                 
2000eabe  CurrentFilterGroup                         
2000eabc  CurrentFilterMask                          
000092d1  FPU_enableModule                           
00008821  FlashCtl_setWaitState                      
000092e1  GPIO_High                                  
00008ab1  GPIO_Init                                  
000092f1  GPIO_Low                                   
00009189  GPIO_clearInterruptFlag                    
000091a1  GPIO_enableInterrupt                       
00009021  GPIO_getInputPinValue                      
00008911  GPIO_setAsInputPinWithPullUpResistor       
00008d09  GPIO_setAsOutputPin                        
000079c1  GPIO_setAsPeripheralModuleFunctionInputPin 
00007a19  GPIO_setAsPeripheralModuleFunctionOutputPin
000091b9  GPIO_setOutputHighOnPin                    
000091d1  GPIO_setOutputLowOnPin                     
000091e9  GPIO_toggleOutputOnPin                     
00007275  I2C_masterSendMultiByteStart               
00009301  Interrupt_enableMaster                     
000028a1  MMC_disk_initialize                        
000020f9  MMC_disk_ioctl                             
000063b1  MMC_disk_read                              
000093f1  MMC_disk_status                            
00005779  MMC_disk_write                             
2000ea92  MPU9250_devAddr                            
00009311  MPU9250_getMotion9                         
00008d29  MPU9250_initialize                         
00009401  MPU9250_setClockSource                     
00007c81  PCM_getCoreVoltageLevel                    
000083e9  PCM_getPowerMode                           
00009411  PCM_getPowerState                          
00008941  PCM_gotoLPM0                               
000068e1  PCM_gotoLPM3                               
00009321  PCM_gotoLPM4                               
00009541  PCM_setCoreVoltageLevel                    
00009549  PCM_setPowerMode                           
00009551  PCM_setPowerState                          
00007eb1  PCM_shutdownDevice                         
0000941d  REF_A_enableReferenceVoltage               
00009429  REF_A_enableTempSensor                     
00008d49  REF_A_setReferenceVoltage                  
00006c09  RTC_C_getCalendarTime                      
0000896d  RTC_C_holdClock                            
2000c800  RecorderData                               
2000eac4  RecorderDataPtr                            
2000eb78  SPI0MasterConfig                           
00007cd1  SPI_Init                                   
00008589  SPI_Read                                   
000085c1  SPI_Write                                  
00005bdd  SPI_initMaster                             
00007a71  SysCtl_getTLVInfo                          
00009439  SysCtl_getTempCalibrationConstant          
00008d69  SysCtl_setWDTTimeoutResetType              
000072e1  SystemInit                                 
2000ebe0  TraceQueueClassTable                       
2000e860  WATCHDOG_EVENT_GROUP                       
4000480c  WDTCTL_SYM                                 
00009039  WDT_A_clearTimer                           
00009051  WDT_A_holdTimer                            
00008d69  WDT_A_setTimeoutReset                      
00009201  WDT_A_startTimer                           
20010000  __STACK_END                                
00000320  __STACK_SIZE                               
000096f8  __TI_CINIT_Base                            
00009708  __TI_CINIT_Limit                           
000096e0  __TI_Handler_Table_Base                    
000096ec  __TI_Handler_Table_Limit                   
00008111  __TI_auto_init_nobinit_nopinit             
00007349  __TI_decompress_lzss                       
000093b1  __TI_decompress_none                       
ffffffff  __TI_pprof_out_hndl                        
ffffffff  __TI_prof_data_size                        
ffffffff  __TI_prof_data_start                       
00000000  __TI_static_base__                         
00009455  __TI_zero_init                             
00006d85  __aeabi_memclr                             
00006d85  __aeabi_memclr4                            
00006d85  __aeabi_memclr8                            
000061d9  __aeabi_memcpy                             
000061d9  __aeabi_memcpy4                            
000061d9  __aeabi_memcpy8                            
00006d87  __aeabi_memset                             
00006d87  __aeabi_memset4                            
00006d87  __aeabi_memset8                            
ffffffff  __binit__                                  
ffffffff  __c_args__                                 
UNDEFED   __mpu_init                                 
2000fce0  __stack                                    
000084a5  _c_int00_noargs                            
UNDEFED   _system_post_cinit                         
000007dd  _system_pre_init                           
00000aed  abort                                      
00004d81  adcInit                                    
000085f9  aodcsTask                                  
ffffffff  binit                                      
2000e804  bufferIMU                                  
2000e864  bw                                         
2000e82a  cal30                                      
2000e85a  cal85                                      
2000e868  calDifference                              
00008631  cameraTask                                 
00001301  dataStorage                                
00009081  disk_initialize                            
00008d89  disk_ioctl                                 
00008c91  disk_read                                  
00009099  disk_status                                
00008cb9  disk_write                                 
000082a9  eTaskConfirmSleepModeStatus                
2000e777  fResult                                    
00007f01  f_mount                                    
00001879  f_open                                     
00006319  f_sync                                     
000014d9  f_write                                    
2000e348  file                                       
2000e86c  flag_lowBattery                            
00008159  getLocalTime                               
000066a1  getMotion6                                 
000081a1  getTemperature                             
00009579  get_fattime                                
2000eab5  handle_of_last_logged_task                 
00001db1  houseKeeping                               
00009644  i2cConfig                                  
2000e738  imuData                                    
000081e9  initI2C                                    
00007551  initSD                                     
2000e870  init_hwtc_count                            
00000000  interruptVectors                           
00008039  isLowBattery                               
2000ea94  isPendingContextSwitch                     
00005fe9  itoa                                       
2000e854  localTime                                  
00008ad9  main                                       
000061d9  memcpy                                     
00006d8d  memset                                     
2000eab4  nISRactive                                 
2000e570  obcData                                    
2000ea04  objectHandleStacks                         
000086d9  pptTask                                    
00008da9  prvMarkObjectAsUsed                        
000082e9  prvTraceError                              
000094e1  prvTraceGetCurrentTaskHandle               
00002a01  prvTraceGetObjectHandle                    
00004e61  prvTraceGetPriorityProperty                
00009581  prvTraceGetQueueNumber                     
00009481  prvTraceGetQueueNumberHigh16               
00009501  prvTraceGetQueueNumberLow16                
00009559  prvTraceGetQueueType                       
00009491  prvTraceGetTaskNumberHigh16                
00009511  prvTraceGetTaskNumberLow16                 
00005e99  prvTraceInitCortexM                        
00007b79  prvTracePortGetTimeStamp                   
00004089  prvTraceSetObjectName                      
00005449  prvTraceSetObjectState                     
000050f9  prvTraceSetPriorityProperty                
00008f69  prvTraceSetQueueNumberHigh16               
00008f89  prvTraceSetQueueNumberLow16                
00006d09  prvTraceSetTaskInstanceFinished            
00008fa9  prvTraceSetTaskNumberHigh16                
00008fc9  prvTraceSetTaskNumberLow16                 
00001f59  prvTraceStoreKernelCall                    
00003e69  prvTraceStoreKernelCallWithNumericParamOnly
000016b1  prvTraceStoreKernelCallWithParam           
000049d1  prvTraceStoreTaskReady                     
00004c99  prvTraceStoreTaskswitch                    
00000149  pszTraceGetErrorNotEnoughHandles           
00002f29  pvPortMalloc                               
000090b1  pvTaskIncrementMutexHeldCount              
2000eb14  pxCurrentTCB                               
000089c9  pxPortInitialiseStack                      
00008bf1  queueCreate                                
00004199  readI2C                                    
2000eaa8  recorder_busy                              
2000e118  sdDriver                                   
2000ebdc  semaphoreIMU                               
000094b1  setFullScaleAccelRange                     
000094c1  setFullScaleGyroRange                      
00009521  setSleepEnabled                            
00009331  setWatchDogBit_AODCS                       
00009341  setWatchDogBit_CAMERA                      
00009351  setWatchDogBit_DATASTORAGE                 
00009361  setWatchDogBit_HOUSEKEEPING                
00009371  setWatchDogBit_PPT                         
00009381  setWatchDogBit_TTC                         
000042a9  taskCreate                                 
2000eaac  timestampFrequency                         
2000eab0  traceErrorMessage                          
2000eaa0  trace_disable_timestamp                    
00007bd1  ttcTask                                    
00009559  ucQueueGetQueueType                        
000032e9  uiIndexOfObject                            
00004ac9  uiTraceStart                               
2000ea9c  uiTraceTickCount                           
00009664  ulMaxSyscallInterruptPriority              
0000502d  ulPortGetIPSR                              
00008b79  uxListRemove                               
00009581  uxQueueGetQueueNumber                      
00009531  uxTaskGetTaskNumber                        
000090f9  uxTaskResetEventItemValue                  
000095b1  vApplicationIdleHook                       
00009291  vApplicationMallocFailedHook               
000092a9  vApplicationStackOverflowHook              
000095b9  vApplicationTickHook                       
00008e69  vListInitialise                            
00009561  vListInitialiseItem                        
00008711  vListInsert                                
00009111  vListInsertEnd                             
000050e9  vPortEnableVFP                             
000083a9  vPortEnterCritical                         
00008881  vPortExitCritical                          
000067c1  vPortFree                                  
000050a5  vPortSVCHandler                            
00007419  vPortSetupTimerInterrupt                   
000050c5  vPortStartFirstTask                        
000031b1  vPortSuppressTicksAndSleep                 
00007621  vPortValidateInterruptPriority             
000095c1  vPreSleepProcessing                        
00009589  vQueueSetQueueNumber                       
000080c9  vQueueWaitForMessageRestricted             
00008749  vT32_0_Handler                             
00008781  vT32_1_Handler                             
00006279  vTaskDelay                                 
000047d1  vTaskDelayUntil                            
00009129  vTaskInternalSetTimeOutState               
000094d1  vTaskMissedYield                           
000038d1  vTaskNotifyGiveFromISR                     
00008519  vTaskPlaceOnEventList                      
000069f1  vTaskPlaceOnEventListRestricted            
000077a9  vTaskPlaceOnUnorderedEventList             
00003549  vTaskPriorityDisinheritAfterTimeout        
000059b9  vTaskRemoveFromUnorderedEventList          
00009569  vTaskSetTaskNumber                         
00006b01  vTaskStartScheduler                        
000087b9  vTaskStepTick                              
00009391  vTaskSuspendAll                            
000051d1  vTaskSwitchContext                         
00006091  vTraceEnable                               
00005519  vTraceInitObjectHandleStack                
00003c39  vTraceInitObjectPropertyTable              
00009591  vTraceStart                                
00008c19  vTraceStop                                 
2000eab8  vTraceStopHookPtr                          
000058f9  vTraceStoreMemMangEvent                    
00005a71  vUART_Handler                              
000093a1  watchDogEventGroupCreate                   
00007199  watchDogTask                               
00007e11  writeBit                                   
000076e9  writeBits                                  
00005b29  writeI2C                                   
00008fe9  xEventGroupCreate                          
00005d41  xEventGroupSetBits                         
00003679  xEventGroupWaitBits                        
00003419  xFirstTimerHandler                         
00005045  xPortPendSVHandler                         
00004f41  xPortStartScheduler                        
00008a29  xPortSysTickHandler                        
00009171  xQueueCreateMutex                          
00006e79  xQueueGenericCreate                        
00006611  xQueueGenericReset                         
000007e1  xQueueGenericSend                          
00002431  xQueueGenericSendFromISR                   
2000ebd8  xQueueIMU                                  
00008a59  xQueueIsQueueFullFromISR                   
00000df9  xQueueReceive                              
00002de1  xQueueReceiveFromISR                       
000004a9  xQueueSemaphoreTake                        
00001a41  xSecondTimerHandler                        
00006579  xTaskCheckForTimeOut                       
00007481  xTaskCreate                                
000094e1  xTaskGetCurrentTaskHandle                  
00008e29  xTaskGetSchedulerState                     
000094f1  xTaskGetTickCount                          
00002299  xTaskIncrementTick                         
000039f9  xTaskPriorityDisinherit                    
00003f79  xTaskPriorityInherit                       
000056b9  xTaskRemoveFromEventList                   
000037a9  xTaskResumeAll                             
000078b9  xTimerCreateTimerTask                      
00006ef1  xTimerGenericCommand                       


GLOBAL SYMBOLS: SORTED BY Symbol Address 

address   name                                       
-------   ----                                       
00000000  __TI_static_base__                         
00000000  interruptVectors                           
00000149  pszTraceGetErrorNotEnoughHandles           
00000320  __STACK_SIZE                               
000004a9  xQueueSemaphoreTake                        
000007dd  _system_pre_init                           
000007e1  xQueueGenericSend                          
00000aed  C$$EXIT                                    
00000aed  abort                                      
00000df9  xQueueReceive                              
00001301  dataStorage                                
000014d9  f_write                                    
000016b1  prvTraceStoreKernelCallWithParam           
00001879  f_open                                     
00001a41  xSecondTimerHandler                        
00001db1  houseKeeping                               
00001f59  prvTraceStoreKernelCall                    
000020f9  MMC_disk_ioctl                             
00002299  xTaskIncrementTick                         
00002431  xQueueGenericSendFromISR                   
000028a1  MMC_disk_initialize                        
00002a01  prvTraceGetObjectHandle                    
00002b51  CS_getDCOFrequency                         
00002de1  xQueueReceiveFromISR                       
00002f29  pvPortMalloc                               
000031b1  vPortSuppressTicksAndSleep                 
000032e9  uiIndexOfObject                            
00003419  xFirstTimerHandler                         
00003549  vTaskPriorityDisinheritAfterTimeout        
00003679  xEventGroupWaitBits                        
000037a9  xTaskResumeAll                             
000038d1  vTaskNotifyGiveFromISR                     
000039f9  xTaskPriorityDisinherit                    
00003b19  CS_initClockSignal                         
00003c39  vTraceInitObjectPropertyTable              
00003e69  prvTraceStoreKernelCallWithNumericParamOnly
00003f79  xTaskPriorityInherit                       
00004089  prvTraceSetObjectName                      
00004199  readI2C                                    
000042a9  taskCreate                                 
000047d1  vTaskDelayUntil                            
000049d1  prvTraceStoreTaskReady                     
00004ac9  uiTraceStart                               
00004c99  prvTraceStoreTaskswitch                    
00004d81  adcInit                                    
00004e61  prvTraceGetPriorityProperty                
00004f41  xPortStartScheduler                        
0000502d  ulPortGetIPSR                              
00005045  xPortPendSVHandler                         
000050a5  vPortSVCHandler                            
000050c5  vPortStartFirstTask                        
000050e9  vPortEnableVFP                             
000050f9  prvTraceSetPriorityProperty                
000051d1  vTaskSwitchContext                         
00005449  prvTraceSetObjectState                     
00005519  vTraceInitObjectHandleStack                
000056b9  xTaskRemoveFromEventList                   
00005779  MMC_disk_write                             
000058f9  vTraceStoreMemMangEvent                    
000059b9  vTaskRemoveFromUnorderedEventList          
00005a71  vUART_Handler                              
00005b29  writeI2C                                   
00005bdd  SPI_initMaster                             
00005d41  xEventGroupSetBits                         
00005df1  ADC14_configureMultiSequenceMode           
00005e99  prvTraceInitCortexM                        
00005f41  ADC14_configureConversionMemory            
00005fe9  itoa                                       
00006091  vTraceEnable                               
000061d9  __aeabi_memcpy                             
000061d9  __aeabi_memcpy4                            
000061d9  __aeabi_memcpy8                            
000061d9  memcpy                                     
00006279  vTaskDelay                                 
00006319  f_sync                                     
000063b1  MMC_disk_read                              
00006579  xTaskCheckForTimeOut                       
00006611  xQueueGenericReset                         
000066a1  getMotion6                                 
000067c1  vPortFree                                  
000068e1  PCM_gotoLPM3                               
000069f1  vTaskPlaceOnEventListRestricted            
00006b01  vTaskStartScheduler                        
00006c09  RTC_C_getCalendarTime                      
00006d09  prvTraceSetTaskInstanceFinished            
00006d85  __aeabi_memclr                             
00006d85  __aeabi_memclr4                            
00006d85  __aeabi_memclr8                            
00006d87  __aeabi_memset                             
00006d87  __aeabi_memset4                            
00006d87  __aeabi_memset8                            
00006d8d  memset                                     
00006e01  ADC14_getMultiSequenceResult               
00006e79  xQueueGenericCreate                        
00006ef1  xTimerGenericCommand                       
00007199  watchDogTask                               
00007275  I2C_masterSendMultiByteStart               
000072e1  SystemInit                                 
00007349  __TI_decompress_lzss                       
00007419  vPortSetupTimerInterrupt                   
00007481  xTaskCreate                                
00007551  initSD                                     
00007621  vPortValidateInterruptPriority             
000076e9  writeBits                                  
000077a9  vTaskPlaceOnUnorderedEventList             
000078b9  xTimerCreateTimerTask                      
00007969  ADC14_initModule                           
000079c1  GPIO_setAsPeripheralModuleFunctionInputPin 
00007a19  GPIO_setAsPeripheralModuleFunctionOutputPin
00007a71  SysCtl_getTLVInfo                          
00007b79  prvTracePortGetTimeStamp                   
00007bd1  ttcTask                                    
00007c81  PCM_getCoreVoltageLevel                    
00007cd1  SPI_Init                                   
00007e11  writeBit                                   
00007eb1  PCM_shutdownDevice                         
00007f01  f_mount                                    
00008039  isLowBattery                               
000080c9  vQueueWaitForMessageRestricted             
00008111  __TI_auto_init_nobinit_nopinit             
00008159  getLocalTime                               
000081a1  getTemperature                             
000081e9  initI2C                                    
000082a9  eTaskConfirmSleepModeStatus                
000082e9  prvTraceError                              
000083a9  vPortEnterCritical                         
000083e9  PCM_getPowerMode                           
000084a5  _c_int00_noargs                            
00008519  vTaskPlaceOnEventList                      
00008551  ADC14_enableSampleTimer                    
00008589  SPI_Read                                   
000085c1  SPI_Write                                  
000085f9  aodcsTask                                  
00008631  cameraTask                                 
000086d9  pptTask                                    
00008711  vListInsert                                
00008749  vT32_0_Handler                             
00008781  vT32_1_Handler                             
000087b9  vTaskStepTick                              
000087ed  ADC14_setSampleHoldTime                    
00008821  FlashCtl_setWaitState                      
00008881  vPortExitCritical                          
000088b1  ADC14_toggleConversionTrigger              
000088e1  CS_setDCOCenteredFrequency                 
00008911  GPIO_setAsInputPinWithPullUpResistor       
00008941  PCM_gotoLPM0                               
0000896d  RTC_C_holdClock                            
000089c9  pxPortInitialiseStack                      
00008a29  xPortSysTickHandler                        
00008a59  xQueueIsQueueFullFromISR                   
00008a85  ADC14_enableConversion                     
00008ab1  GPIO_Init                                  
00008ad9  main                                       
00008b79  uxListRemove                               
00008ba1  CS_clearInterruptFlag                      
00008bf1  queueCreate                                
00008c19  vTraceStop                                 
00008c69  CS_Init                                    
00008c91  disk_read                                  
00008cb9  disk_write                                 
00008d09  GPIO_setAsOutputPin                        
00008d29  MPU9250_initialize                         
00008d49  REF_A_setReferenceVoltage                  
00008d69  SysCtl_setWDTTimeoutResetType              
00008d69  WDT_A_setTimeoutReset                      
00008d89  disk_ioctl                                 
00008da9  prvMarkObjectAsUsed                        
00008e29  xTaskGetSchedulerState                     
00008e69  vListInitialise                            
00008e89  ADC14_getResult                            
00008f69  prvTraceSetQueueNumberHigh16               
00008f89  prvTraceSetQueueNumberLow16                
00008fa9  prvTraceSetTaskNumberHigh16                
00008fc9  prvTraceSetTaskNumberLow16                 
00008fe9  xEventGroupCreate                          
00009009  CS_getMCLK                                 
00009021  GPIO_getInputPinValue                      
00009039  WDT_A_clearTimer                           
00009051  WDT_A_holdTimer                            
00009081  disk_initialize                            
00009099  disk_status                                
000090b1  pvTaskIncrementMutexHeldCount              
000090f9  uxTaskResetEventItemValue                  
00009111  vListInsertEnd                             
00009129  vTaskInternalSetTimeOutState               
00009171  xQueueCreateMutex                          
00009189  GPIO_clearInterruptFlag                    
000091a1  GPIO_enableInterrupt                       
000091b9  GPIO_setOutputHighOnPin                    
000091d1  GPIO_setOutputLowOnPin                     
000091e9  GPIO_toggleOutputOnPin                     
00009201  WDT_A_startTimer                           
00009291  vApplicationMallocFailedHook               
000092a9  vApplicationStackOverflowHook              
000092d1  FPU_enableModule                           
000092e1  GPIO_High                                  
000092f1  GPIO_Low                                   
00009301  Interrupt_enableMaster                     
00009311  MPU9250_getMotion9                         
00009321  PCM_gotoLPM4                               
00009331  setWatchDogBit_AODCS                       
00009341  setWatchDogBit_CAMERA                      
00009351  setWatchDogBit_DATASTORAGE                 
00009361  setWatchDogBit_HOUSEKEEPING                
00009371  setWatchDogBit_PPT                         
00009381  setWatchDogBit_TTC                         
00009391  vTaskSuspendAll                            
000093a1  watchDogEventGroupCreate                   
000093b1  __TI_decompress_none                       
000093d1  ADC14_enableModule                         
000093e1  CPU_cpsie                                  
000093f1  MMC_disk_status                            
00009401  MPU9250_setClockSource                     
00009411  PCM_getPowerState                          
0000941d  REF_A_enableReferenceVoltage               
00009429  REF_A_enableTempSensor                     
00009439  SysCtl_getTempCalibrationConstant          
00009455  __TI_zero_init                             
00009481  prvTraceGetQueueNumberHigh16               
00009491  prvTraceGetTaskNumberHigh16                
000094b1  setFullScaleAccelRange                     
000094c1  setFullScaleGyroRange                      
000094d1  vTaskMissedYield                           
000094e1  prvTraceGetCurrentTaskHandle               
000094e1  xTaskGetCurrentTaskHandle                  
000094f1  xTaskGetTickCount                          
00009501  prvTraceGetQueueNumberLow16                
00009511  prvTraceGetTaskNumberLow16                 
00009521  setSleepEnabled                            
00009531  uxTaskGetTaskNumber                        
00009541  PCM_setCoreVoltageLevel                    
00009549  PCM_setPowerMode                           
00009551  PCM_setPowerState                          
00009559  prvTraceGetQueueType                       
00009559  ucQueueGetQueueType                        
00009561  vListInitialiseItem                        
00009569  vTaskSetTaskNumber                         
00009571  CPU_wfi                                    
00009579  get_fattime                                
00009581  prvTraceGetQueueNumber                     
00009581  uxQueueGetQueueNumber                      
00009589  vQueueSetQueueNumber                       
00009591  vTraceStart                                
000095b1  vApplicationIdleHook                       
000095b9  vApplicationTickHook                       
000095c1  vPreSleepProcessing                        
00009644  i2cConfig                                  
00009664  ulMaxSyscallInterruptPriority              
000096e0  __TI_Handler_Table_Base                    
000096ec  __TI_Handler_Table_Limit                   
000096f8  __TI_CINIT_Base                            
00009708  __TI_CINIT_Limit                           
2000c800  RecorderData                               
2000e118  sdDriver                                   
2000e348  file                                       
2000e570  obcData                                    
2000e738  imuData                                    
2000e777  fResult                                    
2000e804  bufferIMU                                  
2000e82a  cal30                                      
2000e854  localTime                                  
2000e85a  cal85                                      
2000e860  WATCHDOG_EVENT_GROUP                       
2000e864  bw                                         
2000e868  calDifference                              
2000e86c  flag_lowBattery                            
2000e870  init_hwtc_count                            
2000ea04  objectHandleStacks                         
2000ea92  MPU9250_devAddr                            
2000ea94  isPendingContextSwitch                     
2000ea9c  uiTraceTickCount                           
2000eaa0  trace_disable_timestamp                    
2000eaa8  recorder_busy                              
2000eaac  timestampFrequency                         
2000eab0  traceErrorMessage                          
2000eab4  nISRactive                                 
2000eab5  handle_of_last_logged_task                 
2000eab8  vTraceStopHookPtr                          
2000eabc  CurrentFilterMask                          
2000eabe  CurrentFilterGroup                         
2000eac4  RecorderDataPtr                            
2000eb14  pxCurrentTCB                               
2000eb78  SPI0MasterConfig                           
2000ebd8  xQueueIMU                                  
2000ebdc  semaphoreIMU                               
2000ebe0  TraceQueueClassTable                       
2000fce0  __stack                                    
20010000  __STACK_END                                
4000480c  WDTCTL_SYM                                 
ffffffff  __TI_pprof_out_hndl                        
ffffffff  __TI_prof_data_size                        
ffffffff  __TI_prof_data_start                       
ffffffff  __binit__                                  
ffffffff  __c_args__                                 
ffffffff  binit                                      
UNDEFED   __mpu_init                                 
UNDEFED   _system_post_cinit                         

[297 symbols]
