******************************************************************************
                  TI ARM Linker PC v18.1.1                     
******************************************************************************
>> Linked Sun Jun 16 23:40:03 2019

OUTPUT FILE NAME:   <Firmware_OBC.out>
ENTRY POINT SYMBOL: "_c_int00_noargs"  address: 0000848d


MEMORY CONFIGURATION

         name            origin    length      used     unused   attr    fill
----------------------  --------  ---------  --------  --------  ----  --------
  MAIN                  00000000   0003f000  000096ea  00035916  R  X
  MYDATA                0003f000   00001000  00000000  00001000  R  X
  INFO                  00200000   00004000  00000000  00004000  R  X
  SRAM_CODE             01000000   00010000  0000eeb3  0000114d  RW X
  SRAM_DATA             20000000   00010000  0000eeb3  0000114d  RW  


SEGMENT ALLOCATION MAP

run origin  load origin   length   init length attrs members
----------  ----------- ---------- ----------- ----- -------
00000000    00000000    000096f0   000096f0    r-x
  00000000    00000000    00000144   00000144    r-- .intvecs
  00000148    00000148    00009462   00009462    r-x .text
  000095ac    000095ac    000000ac   000000ac    r-- .const
  00009658    00009658    00000098   00000098    r-- .cinit
20000000    20000000    0000eb93   00000000    rw-
  20000000    20000000    0000e820   00000000    rw- .bss
  2000e820    2000e820    00000373   00000000    rw- .data
2000fce0    2000fce0    00000320   00000000    rw-
  2000fce0    2000fce0    00000320   00000000    rw- .stack


SECTION ALLOCATION MAP

 output                                  attributes/
section   page    origin      length       input sections
--------  ----  ----------  ----------   ----------------
.intvecs   0    00000000    00000144     
                  00000000    00000144     msp432_startup_ccs.obj (.intvecs:retain)

.text      0    00000148    00009462     
                  00000148    0000035e     trcKernelPort.obj (.text:pszTraceGetErrorNotEnoughHandles)
                  000004a6    00000002     --HOLE-- [fill = 0]
                  000004a8    00000334     queue.obj (.text:xQueueSemaphoreTake)
                  000007dc    00000004     rtsv7M4_T_le_v4SPD16_eabi.lib : pre_init.c.obj (.text:_system_pre_init)
                  000007e0    0000030c     queue.obj (.text:xQueueGenericSend)
                  00000aec    00000004     rtsv7M4_T_le_v4SPD16_eabi.lib : exit.c.obj (.text:abort:abort)
                  00000af0    00000304     ff.obj (.text:find_volume)
                  00000df4    00000004     --HOLE-- [fill = 0]
                  00000df8    000002ec     queue.obj (.text:xQueueReceive)
                  000010e4    00000004     --HOLE-- [fill = 0]
                  000010e8    00000216     pcm.obj (.text:__PCM_setPowerStateAdvanced)
                  000012fe    00000002     --HOLE-- [fill = 0]
                  00001300    000001d2     ff.obj (.text:f_write)
                  000014d2    00000006     --HOLE-- [fill = 0]
                  000014d8    000001d0     dataStorage.obj (.text:dataStorage)
                  000016a8    000001c8     trcSnapshotRecorder.obj (.text:prvTraceStoreKernelCallWithParam)
                  00001870    000001c6     ff.obj (.text:f_open)
                  00001a36    00000002     --HOLE-- [fill = 0]
                  00001a38    000001c0     IntQueue.obj (.text:xSecondTimerHandler)
                  00001bf8    000001b0     trcSnapshotRecorder.obj (.text:prvTraceInitTraceData)
                  00001da8    000001a8     houseKeeping.obj (.text:houseKeeping)
                  00001f50    000001a0     trcSnapshotRecorder.obj (.text:prvTraceStoreKernelCall)
                  000020f0    0000019c     mmc_MSP432P401r.obj (.text:MMC_disk_ioctl)
                  0000228c    00000004     --HOLE-- [fill = 0]
                  00002290    00000198     tasks.obj (.text:xTaskIncrementTick)
                  00002428    00000188     queue.obj (.text:xQueueGenericSendFromISR)
                  000025b0    00000184     trcSnapshotRecorder.obj (.text:prvTraceGetDTS)
                  00002734    00000160     msp432p4xx_driverlib.lib : adc14.o (.text:_getIndexForMemRegister)
                  00002894    00000004     --HOLE-- [fill = 0]
                  00002898    0000015c     mmc_MSP432P401r.obj (.text:MMC_disk_initialize)
                  000029f4    00000004     --HOLE-- [fill = 0]
                  000029f8    0000014c     trcSnapshotRecorder.obj (.text:prvTraceGetObjectHandle)
                  00002b44    00000004     --HOLE-- [fill = 0]
                  00002b48    00000148     cs.obj (.text:CS_getDCOFrequency)
                  00002c90    00000148     trcSnapshotRecorder.obj (.text:prvCheckDataToBeOverwrittenForMultiEntryEvents)
                  00002dd8    00000148     queue.obj (.text:xQueueReceiveFromISR)
                  00002f20    00000144     heap_4.obj (.text:pvPortMalloc)
                  00003064    00000004     --HOLE-- [fill = 0]
                  00003068    00000140     tasks.obj (.text:prvAddNewTaskToReadyList)
                  000031a8    00000134     port.obj (.text:vPortSuppressTicksAndSleep)
                  000032dc    00000004     --HOLE-- [fill = 0]
                  000032e0    00000130     trcSnapshotRecorder.obj (.text:uiIndexOfObject)
                  00003410    00000130     IntQueue.obj (.text:xFirstTimerHandler)
                  00003540    0000012c     tasks.obj (.text:vTaskPriorityDisinheritAfterTimeout)
                  0000366c    00000004     --HOLE-- [fill = 0]
                  00003670    0000012c     event_groups.obj (.text:xEventGroupWaitBits)
                  0000379c    00000004     --HOLE-- [fill = 0]
                  000037a0    00000128     tasks.obj (.text:xTaskResumeAll)
                  000038c8    00000124     tasks.obj (.text:vTaskNotifyGiveFromISR)
                  000039ec    00000004     --HOLE-- [fill = 0]
                  000039f0    00000120     tasks.obj (.text:xTaskPriorityDisinherit)
                  00003b10    0000011c     cs.obj (.text:CS_initClockSignal)
                  00003c2c    00000004     --HOLE-- [fill = 0]
                  00003c30    00000118     trcKernelPort.obj (.text:vTraceInitObjectPropertyTable)
                  00003d48    00000114     cs.obj (.text:_CSComputeCLKFrequency)
                  00003e5c    00000004     --HOLE-- [fill = 0]
                  00003e60    00000110     trcSnapshotRecorder.obj (.text:prvTraceStoreKernelCallWithNumericParamOnly)
                  00003f70    00000110     tasks.obj (.text:xTaskPriorityInherit)
                  00004080    0000010c     trcSnapshotRecorder.obj (.text:prvTraceSetObjectName)
                  0000418c    00000004     --HOLE-- [fill = 0]
                  00004190    0000010c     MPU9250.obj (.text:readI2C)
                  0000429c    00000004     --HOLE-- [fill = 0]
                  000042a0    00000108     pcm.obj (.text:__PCM_setPowerModeAdvanced)
                  000043a8    00000108     taskManager.obj (.text:taskCreate)
                  000044b0    00000104     ff.obj (.text:create_chain)
                  000045b4    00000004     --HOLE-- [fill = 0]
                  000045b8    00000103     ff.obj (.text:create_name)
                  000046bb    00000005     --HOLE-- [fill = 0]
                  000046c0    00000100     timers.obj (.text:prvProcessReceivedCommands)
                  000047c0    00000100     tasks.obj (.text:vTaskDelayUntil)
                  000048c0    000000fa     ff.obj (.text:put_fat)
                  000049ba    00000006     --HOLE-- [fill = 0]
                  000049c0    000000f4     trcSnapshotRecorder.obj (.text:prvTraceStoreTaskReady)
                  00004ab4    00000004     --HOLE-- [fill = 0]
                  00004ab8    000000e8     trcSnapshotRecorder.obj (.text:uiTraceStart)
                  00004ba0    000000e6     ff.obj (.text:dir_next)
                  00004c86    00000002     --HOLE-- [fill = 0]
                  00004c88    000000e4     trcSnapshotRecorder.obj (.text:prvTraceStoreTaskswitch)
                  00004d6c    00000004     --HOLE-- [fill = 0]
                  00004d70    000000e0     houseKeeping.obj (.text:adcInit)
                  00004e50    000000dc     trcSnapshotRecorder.obj (.text:prvTraceGetPriorityProperty)
                  00004f2c    00000004     --HOLE-- [fill = 0]
                  00004f30    000000dc     port.obj (.text:xPortStartScheduler)
                  0000500c    000000da     portasm.obj (.text)
                  000050e6    00000002     --HOLE-- [fill = 0]
                  000050e8    000000d8     trcSnapshotRecorder.obj (.text:prvTraceSetPriorityProperty)
                  000051c0    000000d4     tasks.obj (.text:vTaskSwitchContext)
                  00005294    00000004     --HOLE-- [fill = 0]
                  00005298    000000d0     pcm.obj (.text:__PCM_setCoreVoltageLevelAdvanced)
                  00005368    000000d0     trcSnapshotRecorder.obj (.text:prvTraceGetObjectState)
                  00005438    000000cc     trcSnapshotRecorder.obj (.text:prvTraceSetObjectState)
                  00005504    00000004     --HOLE-- [fill = 0]
                  00005508    000000cc     trcKernelPort.obj (.text:vTraceInitObjectHandleStack)
                  000055d4    00000004     --HOLE-- [fill = 0]
                  000055d8    000000ca     ff.obj (.text:get_fat)
                  000056a2    00000006     --HOLE-- [fill = 0]
                  000056a8    000000c0     tasks.obj (.text:xTaskRemoveFromEventList)
                  00005768    000000bc     mmc_MSP432P401r.obj (.text:MMC_disk_write)
                  00005824    00000004     --HOLE-- [fill = 0]
                  00005828    000000bc     queue.obj (.text:prvInitialiseNewQueue)
                  000058e4    00000004     --HOLE-- [fill = 0]
                  000058e8    000000bc     trcSnapshotRecorder.obj (.text:vTraceStoreMemMangEvent)
                  000059a4    00000004     --HOLE-- [fill = 0]
                  000059a8    000000b4     tasks.obj (.text:vTaskRemoveFromUnorderedEventList)
                  00005a5c    00000004     --HOLE-- [fill = 0]
                  00005a60    000000b4     serial.obj (.text:vUART_Handler)
                  00005b14    00000004     --HOLE-- [fill = 0]
                  00005b18    000000b4     MPU9250.obj (.text:writeI2C)
                  00005bcc    000000b0     msp432p4xx_driverlib.lib : spi.o (.text:SPI_initMaster)
                  00005c7c    00000004     --HOLE-- [fill = 0]
                  00005c80    000000ae     tasks.obj (.text:prvInitialiseNewTask)
                  00005d2e    00000002     --HOLE-- [fill = 0]
                  00005d30    000000ae     event_groups.obj (.text:xEventGroupSetBits)
                  00005dde    00000002     --HOLE-- [fill = 0]
                  00005de0    000000a8     msp432p4xx_driverlib.lib : adc14.o (.text:ADC14_configureMultiSequenceMode)
                  00005e88    000000a8     trcSnapshotRecorder.obj (.text:prvTraceInitCortexM)
                  00005f30    000000a4     msp432p4xx_driverlib.lib : adc14.o (.text:ADC14_configureConversionMemory)
                  00005fd4    00000004     --HOLE-- [fill = 0]
                  00005fd8    000000a4     itoa.obj (.text:itoa)
                  0000607c    00000004     --HOLE-- [fill = 0]
                  00006080    000000a4     trcSnapshotRecorder.obj (.text:vTraceEnable)
                  00006124    00000004     --HOLE-- [fill = 0]
                  00006128    000000a0     ff.obj (.text:dir_sdi)
                  000061c8    0000009c     rtsv7M4_T_le_v4SPD16_eabi.lib : memcpy_t2.asm.obj (.text)
                  00006264    00000004     --HOLE-- [fill = 0]
                  00006268    0000009c     tasks.obj (.text:vTaskDelay)
                  00006304    00000004     --HOLE-- [fill = 0]
                  00006308    00000098     ff.obj (.text:f_sync)
                  000063a0    00000094     mmc_MSP432P401r.obj (.text:MMC_disk_read)
                  00006434    00000004     --HOLE-- [fill = 0]
                  00006438    00000094     timers.obj (.text:prvSwitchTimerLists)
                  000064cc    00000004     --HOLE-- [fill = 0]
                  000064d0    00000094     trcSnapshotRecorder.obj (.text:prvTraceGetParam)
                  00006564    00000004     --HOLE-- [fill = 0]
                  00006568    00000094     tasks.obj (.text:xTaskCheckForTimeOut)
                  000065fc    00000004     --HOLE-- [fill = 0]
                  00006600    00000090     queue.obj (.text:xQueueGenericReset)
                  00006690    0000008c     MPU9250.obj (.text:getMotion6)
                  0000671c    00000004     --HOLE-- [fill = 0]
                  00006720    0000008c     ff.obj (.text:sync_fs)
                  000067ac    00000004     --HOLE-- [fill = 0]
                  000067b0    0000008c     heap_4.obj (.text:vPortFree)
                  0000683c    00000004     --HOLE-- [fill = 0]
                  00006840    0000008a     ff.obj (.text:check_fs)
                  000068ca    00000006     --HOLE-- [fill = 0]
                  000068d0    00000088     pcm.obj (.text:PCM_gotoLPM3)
                  00006958    00000088     tasks.obj (.text:prvAddCurrentTaskToDelayedList)
                  000069e0    00000088     tasks.obj (.text:vTaskPlaceOnEventListRestricted)
                  00006a68    00000086     ff.obj (.text:follow_path)
                  00006aee    00000002     --HOLE-- [fill = 0]
                  00006af0    00000084     tasks.obj (.text:vTaskStartScheduler)
                  00006b74    00000004     --HOLE-- [fill = 0]
                  00006b78    00000080     ff.obj (.text:remove_chain)
                  00006bf8    0000007c     msp432p4xx_driverlib.lib : rtc_c.o (.text:RTC_C_getCalendarTime)
                  00006c74    00000004     --HOLE-- [fill = 0]
                  00006c78    0000007c     tasks.obj (.text:prvIdleTask)
                  00006cf4    00000004     --HOLE-- [fill = 0]
                  00006cf8    0000007c     trcSnapshotRecorder.obj (.text:prvTraceSetTaskInstanceFinished)
                  00006d74    0000007a     rtsv7M4_T_le_v4SPD16_eabi.lib : memset_t2.asm.obj (.text)
                  00006dee    00000002     --HOLE-- [fill = 0]
                  00006df0    00000078     msp432p4xx_driverlib.lib : adc14.o (.text:ADC14_getMultiSequenceResult)
                  00006e68    00000074     queue.obj (.text:xQueueGenericCreate)
                  00006edc    00000004     --HOLE-- [fill = 0]
                  00006ee0    00000074     timers.obj (.text:xTimerGenericCommand)
                  00006f54    00000004     --HOLE-- [fill = 0]
                  00006f58    00000070     queue.obj (.text:prvCopyDataToQueue)
                  00006fc8    00000070     heap_4.obj (.text:prvHeapInit)
                  00007038    00000070     tasks.obj (.text:prvInitialiseTaskLists)
                  000070a8    00000070     timers.obj (.text:prvProcessTimerOrBlockTask)
                  00007118    00000070     mmc_MSP432P401r.obj (.text:send_cmd)
                  00007188    00000070     watchDogTask.obj (.text:watchDogTask)
                  000071f8    0000006c     queue.obj (.text:prvUnlockQueue)
                  00007264    00000068     msp432p4xx_driverlib.lib : i2c.o (.text:I2C_masterSendMultiByteStart)
                  000072cc    00000004     --HOLE-- [fill = 0]
                  000072d0    00000068     system_msp432p401r.obj (.text:SystemInit)
                  00007338    00000068     rtsv7M4_T_le_v4SPD16_eabi.lib : copy_decompress_lzss.c.obj (.text:decompress:lzss:__TI_decompress_lzss)
                  000073a0    00000068     heap_4.obj (.text:prvInsertBlockIntoFreeList)
                  00007408    00000068     port.obj (.text:vPortSetupTimerInterrupt)
                  00007470    00000068     tasks.obj (.text:xTaskCreate)
                  000074d8    00000066     ff.obj (.text:dir_clear)
                  0000753e    00000002     --HOLE-- [fill = 0]
                  00007540    00000064     dataStorage.obj (.text:initSD)
                  000075a4    00000004     --HOLE-- [fill = 0]
                  000075a8    00000064     trcSnapshotRecorder.obj (.text:prvTraceNextFreeEventBufferSlot)
                  0000760c    00000004     --HOLE-- [fill = 0]
                  00007610    00000064     port.obj (.text:vPortValidateInterruptPriority)
                  00007674    00000004     --HOLE-- [fill = 0]
                  00007678    00000060     timers.obj (.text:prvProcessExpiredTimer)
                  000076d8    00000060     MPU9250.obj (.text:writeBits)
                  00007738    00000060     mmc_MSP432P401r.obj (.text:xmit_datablock)
                  00007798    0000005c     tasks.obj (.text:vTaskPlaceOnUnorderedEventList)
                  000077f4    00000004     --HOLE-- [fill = 0]
                  000077f8    00000058     main.obj (.text:prvConfigureClocks)
                  00007850    00000058     main.obj (.text:prvSetupHardware)
                  000078a8    00000058     timers.obj (.text:xTimerCreateTimerTask)
                  00007900    00000056     ff.obj (.text:dir_find)
                  00007956    00000002     --HOLE-- [fill = 0]
                  00007958    00000054     msp432p4xx_driverlib.lib : adc14.o (.text:ADC14_initModule)
                  000079ac    00000004     --HOLE-- [fill = 0]
                  000079b0    00000054     gpio.obj (.text:GPIO_setAsPeripheralModuleFunctionInputPin)
                  00007a04    00000004     --HOLE-- [fill = 0]
                  00007a08    00000054     gpio.obj (.text:GPIO_setAsPeripheralModuleFunctionOutputPin)
                  00007a5c    00000004     --HOLE-- [fill = 0]
                  00007a60    00000054     sysctl.obj (.text:SysCtl_getTLVInfo)
                  00007ab4    00000004     --HOLE-- [fill = 0]
                  00007ab8    00000054     tasks.obj (.text:prvCheckTasksWaitingTermination)
                  00007b0c    00000004     --HOLE-- [fill = 0]
                  00007b10    00000054     timers.obj (.text:prvInsertTimerInActiveList)
                  00007b64    00000004     --HOLE-- [fill = 0]
                  00007b68    00000054     trcSnapshotRecorder.obj (.text:prvTracePortGetTimeStamp)
                  00007bbc    00000004     --HOLE-- [fill = 0]
                  00007bc0    00000052     cs.obj (.text:_CSGetDividerValue)
                  00007c12    00000006     --HOLE-- [fill = 0]
                  00007c18    00000050     pcm.obj (.text:PCM_getCoreVoltageLevel)
                  00007c68    00000050     SPI_Driver.obj (.text:SPI_Init)
                  00007cb8    00000050     cs.obj (.text:_CSGetDOCFrequency)
                  00007d08    00000050     ff.obj (.text:dbc_2nd)
                  00007d58    00000050     tasks.obj (.text:prvGetExpectedIdleTime)
                  00007da8    00000050     MPU9250.obj (.text:writeBit)
                  00007df8    0000004e     ff.obj (.text:dir_alloc)
                  00007e46    00000002     --HOLE-- [fill = 0]
                  00007e48    0000004c     pcm.obj (.text:PCM_shutdownDevice)
                  00007e94    00000004     --HOLE-- [fill = 0]
                  00007e98    0000004c     ff.obj (.text:f_mount)
                  00007ee4    00000004     --HOLE-- [fill = 0]
                  00007ee8    0000004c     timers.obj (.text:prvCheckForValidListAndQueue)
                  00007f34    00000004     --HOLE-- [fill = 0]
                  00007f38    0000004c     mmc_MSP432P401r.obj (.text:rcvr_datablock)
                  00007f84    00000004     --HOLE-- [fill = 0]
                  00007f88    0000004c     ttcTask.obj (.text:ttcTask)
                  00007fd4    00000004     --HOLE-- [fill = 0]
                  00007fd8    00000048     ff.obj (.text:get_ldnumber)
                  00008020    00000048     houseKeeping.obj (.text:isLowBattery)
                  00008068    00000048     ff.obj (.text:sync_window)
                  000080b0    00000048     queue.obj (.text:vQueueWaitForMessageRestricted)
                  000080f8    00000044     rtsv7M4_T_le_v4SPD16_eabi.lib : autoinit.c.obj (.text:__TI_auto_init_nobinit_nopinit:__TI_auto_init_nobinit_nopinit)
                  0000813c    00000004     --HOLE-- [fill = 0]
                  00008140    00000044     dataStorage.obj (.text:getLocalTime)
                  00008184    00000004     --HOLE-- [fill = 0]
                  00008188    00000044     houseKeeping.obj (.text:getTemperature)
                  000081cc    00000004     --HOLE-- [fill = 0]
                  000081d0    00000040     MPU9250.obj (.text:initI2C)
                  00008210    00000040     msp432p4xx_driverlib.lib : spi.o (.text:is_A_Module)
                  00008250    0000003e     mmc_MSP432P401r.obj (.text:send_cmd12)
                  0000828e    00000002     --HOLE-- [fill = 0]
                  00008290    0000003c     tasks.obj (.text:eTaskConfirmSleepModeStatus)
                  000082cc    00000004     --HOLE-- [fill = 0]
                  000082d0    0000003c     trcSnapshotRecorder.obj (.text:prvTraceError)
                  0000830c    00000004     --HOLE-- [fill = 0]
                  00008310    0000003c     trcSnapshotRecorder.obj (.text:prvTraceUpdateCounters)
                  0000834c    00000004     --HOLE-- [fill = 0]
                  00008350    0000003c     mmc_MSP432P401r.obj (.text:send_initial_clock_train)
                  0000838c    00000004     --HOLE-- [fill = 0]
                  00008390    0000003c     port.obj (.text:vPortEnterCritical)
                  000083cc    00000004     --HOLE-- [fill = 0]
                  000083d0    0000003a     pcm.obj (.text:PCM_getPowerMode)
                  0000840a    00000006     --HOLE-- [fill = 0]
                  00008410    0000003a     ff.obj (.text:dir_register)
                  0000844a    00000006     --HOLE-- [fill = 0]
                  00008450    0000003a     ff.obj (.text:validate)
                  0000848a    00000002     --HOLE-- [fill = 0]
                  0000848c    00000038     rtsv7M4_T_le_v4SPD16_eabi.lib : boot_cortex_m.c.obj (.text:_c_int00_noargs:_c_int00_noargs)
                  000084c4    00000004     --HOLE-- [fill = 0]
                  000084c8    00000038     port.obj (.text:prvTaskExitError)
                  00008500    00000038     tasks.obj (.text:vTaskPlaceOnEventList)
                  00008538    00000034     msp432p4xx_driverlib.lib : adc14.o (.text:ADC14_enableSampleTimer)
                  0000856c    00000004     --HOLE-- [fill = 0]
                  00008570    00000034     SPI_Driver.obj (.text:SPI_Read)
                  000085a4    00000004     --HOLE-- [fill = 0]
                  000085a8    00000034     SPI_Driver.obj (.text:SPI_Write)
                  000085dc    00000004     --HOLE-- [fill = 0]
                  000085e0    00000034     aodcsTask.obj (.text:aodcsTask)
                  00008614    00000004     --HOLE-- [fill = 0]
                  00008618    00000034     cameraTask.obj (.text:cameraTask)
                  0000864c    00000004     --HOLE-- [fill = 0]
                  00008650    00000034     ff.obj (.text:dbc_1st)
                  00008684    00000004     --HOLE-- [fill = 0]
                  00008688    00000034     ff.obj (.text:move_window)
                  000086bc    00000004     --HOLE-- [fill = 0]
                  000086c0    00000034     pptTask.obj (.text:pptTask)
                  000086f4    00000004     --HOLE-- [fill = 0]
                  000086f8    00000034     list.obj (.text:vListInsert)
                  0000872c    00000004     --HOLE-- [fill = 0]
                  00008730    00000034     IntQueueTimer.obj (.text:vT32_0_Handler)
                  00008764    00000004     --HOLE-- [fill = 0]
                  00008768    00000034     IntQueueTimer.obj (.text:vT32_1_Handler)
                  0000879c    00000004     --HOLE-- [fill = 0]
                  000087a0    00000034     tasks.obj (.text:vTaskStepTick)
                  000087d4    00000030     msp432p4xx_driverlib.lib : adc14.o (.text:ADC14_setSampleHoldTime)
                  00008804    00000004     --HOLE-- [fill = 0]
                  00008808    00000030     flash.obj (.text:FlashCtl_setWaitState)
                  00008838    00000030     tasks.obj (.text:prvResetNextTaskUnblockTime)
                  00008868    00000030     port.obj (.text:vPortExitCritical)
                  00008898    0000002c     msp432p4xx_driverlib.lib : adc14.o (.text:ADC14_toggleConversionTrigger)
                  000088c4    00000004     --HOLE-- [fill = 0]
                  000088c8    0000002c     cs.obj (.text:CS_setDCOCenteredFrequency)
                  000088f4    00000004     --HOLE-- [fill = 0]
                  000088f8    0000002c     gpio.obj (.text:GPIO_setAsInputPinWithPullUpResistor)
                  00008924    00000004     --HOLE-- [fill = 0]
                  00008928    0000002c     pcm.obj (.text:PCM_gotoLPM0)
                  00008954    0000002c     msp432p4xx_driverlib.lib : rtc_c.o (.text:RTC_C_holdClock)
                  00008980    0000002c     timers.obj (.text:prvSampleTimeNow)
                  000089ac    00000004     --HOLE-- [fill = 0]
                  000089b0    0000002c     port.obj (.text:pxPortInitialiseStack)
                  000089dc    00000004     --HOLE-- [fill = 0]
                  000089e0    0000002c     mmc_MSP432P401r.obj (.text:rcvr_spi)
                  00008a0c    00000004     --HOLE-- [fill = 0]
                  00008a10    0000002c     port.obj (.text:xPortSysTickHandler)
                  00008a3c    00000004     --HOLE-- [fill = 0]
                  00008a40    0000002c     queue.obj (.text:xQueueIsQueueFullFromISR)
                  00008a6c    00000028     msp432p4xx_driverlib.lib : adc14.o (.text:ADC14_enableConversion)
                  00008a94    00000004     --HOLE-- [fill = 0]
                  00008a98    00000028     GPIO_Driver.obj (.text:GPIO_Init)
                  00008ac0    00000028     main.obj (.text:main)
                  00008ae8    00000028     queue.obj (.text:prvCopyDataFromQueue)
                  00008b10    00000028     mmc_MSP432P401r.obj (.text:xmit_spi)
                  00008b38    00000026     ff.obj (.text:ld_clust)
                  00008b5e    00000002     --HOLE-- [fill = 0]
                  00008b60    00000026     list.obj (.text:uxListRemove)
                  00008b86    00000002     --HOLE-- [fill = 0]
                  00008b88    00000024     cs.obj (.text:CS_clearInterruptFlag)
                  00008bac    00000004     --HOLE-- [fill = 0]
                  00008bb0    00000024     timers.obj (.text:prvGetNextExpireTime)
                  00008bd4    00000004     --HOLE-- [fill = 0]
                  00008bd8    00000024     taskManager.obj (.text:queueDataCrete)
                  00008bfc    00000004     --HOLE-- [fill = 0]
                  00008c00    00000024     trcSnapshotRecorder.obj (.text:vTraceStop)
                  00008c24    00000004     --HOLE-- [fill = 0]
                  00008c28    00000024     mmc_MSP432P401r.obj (.text:wait_ready)
                  00008c4c    00000004     --HOLE-- [fill = 0]
                  00008c50    00000022     CS_Driver.obj (.text:CS_Init)
                  00008c72    00000006     --HOLE-- [fill = 0]
                  00008c78    00000022     diskio.obj (.text:disk_read)
                  00008c9a    00000006     --HOLE-- [fill = 0]
                  00008ca0    00000022     diskio.obj (.text:disk_write)
                  00008cc2    00000006     --HOLE-- [fill = 0]
                  00008cc8    00000022     ff.obj (.text:st_clust)
                  00008cea    00000006     --HOLE-- [fill = 0]
                  00008cf0    00000020     gpio.obj (.text:GPIO_setAsOutputPin)
                  00008d10    00000020     MPU9250.obj (.text:MPU9250_initialize)
                  00008d30    00000020     msp432p4xx_driverlib.lib : ref_a.o (.text:REF_A_setReferenceVoltage)
                  00008d50    00000020     sysctl.obj (.text:SysCtl_setWDTTimeoutResetType)
                  00008d70    00000020     diskio.obj (.text:disk_ioctl)
                  00008d90    00000020     trcSnapshotRecorder.obj (.text:prvMarkObjectAsUsed)
                  00008db0    00000020     IntQueue.obj (.text:prvRecordValue_NormallyEmpty)
                  00008dd0    00000020     IntQueue.obj (.text:prvRecordValue_NormallyFull)
                  00008df0    00000020     trcSnapshotRecorder.obj (.text:prvStrncpy)
                  00008e10    00000020     tasks.obj (.text:xTaskGetSchedulerState)
                  00008e30    0000001e     queue.obj (.text:prvIsQueueFull)
                  00008e4e    00000002     --HOLE-- [fill = 0]
                  00008e50    0000001e     list.obj (.text:vListInitialise)
                  00008e6e    00000002     --HOLE-- [fill = 0]
                  00008e70    0000001c     msp432p4xx_driverlib.lib : adc14.o (.text:ADC14_getResult)
                  00008e8c    00000004     --HOLE-- [fill = 0]
                  00008e90    0000001c     ff.obj (.text:mem_cmp)
                  00008eac    00000004     --HOLE-- [fill = 0]
                  00008eb0    0000001c     event_groups.obj (.text:prvTestWaitCondition)
                  00008ecc    00000004     --HOLE-- [fill = 0]
                  00008ed0    0000001a     ff.obj (.text:clst2sect)
                  00008eea    00000006     --HOLE-- [fill = 0]
                  00008ef0    0000001a     queue.obj (.text:prvGetDisinheritPriorityAfterTimeout)
                  00008f0a    00000006     --HOLE-- [fill = 0]
                  00008f10    0000001a     queue.obj (.text:prvIsQueueEmpty)
                  00008f2a    00000006     --HOLE-- [fill = 0]
                  00008f30    0000001a     timers.obj (.text:prvTimerTask)
                  00008f4a    00000006     --HOLE-- [fill = 0]
                  00008f50    0000001a     trcKernelPort.obj (.text:prvTraceSetQueueNumberHigh16)
                  00008f6a    00000006     --HOLE-- [fill = 0]
                  00008f70    0000001a     trcKernelPort.obj (.text:prvTraceSetQueueNumberLow16)
                  00008f8a    00000006     --HOLE-- [fill = 0]
                  00008f90    0000001a     trcKernelPort.obj (.text:prvTraceSetTaskNumberHigh16)
                  00008faa    00000006     --HOLE-- [fill = 0]
                  00008fb0    0000001a     trcKernelPort.obj (.text:prvTraceSetTaskNumberLow16)
                  00008fca    00000006     --HOLE-- [fill = 0]
                  00008fd0    0000001a     event_groups.obj (.text:xEventGroupCreate)
                  00008fea    00000006     --HOLE-- [fill = 0]
                  00008ff0    00000018     cs.obj (.text:CS_getMCLK)
                  00009008    00000018     gpio.obj (.text:GPIO_getInputPinValue)
                  00009020    00000018     wdt_a.obj (.text:WDT_A_clearTimer)
                  00009038    00000018     wdt_a.obj (.text:WDT_A_holdTimer)
                  00009050    00000018     ff.obj (.text:chk_chr)
                  00009068    00000018     diskio.obj (.text:disk_initialize)
                  00009080    00000018     diskio.obj (.text:disk_status)
                  00009098    00000018     tasks.obj (.text:pvTaskIncrementMutexHeldCount)
                  000090b0    00000018     msp432_startup_ccs.obj (.text:resetISR)
                  000090c8    00000018     ff.obj (.text:st_dword)
                  000090e0    00000018     tasks.obj (.text:uxTaskResetEventItemValue)
                  000090f8    00000018     list.obj (.text:vListInsertEnd)
                  00009110    00000018     tasks.obj (.text:vTaskInternalSetTimeOutState)
                  00009128    00000016     ff.obj (.text:ld_dword)
                  0000913e    00000002     --HOLE-- [fill = 0]
                  00009140    00000016     ff.obj (.text:mem_cpy)
                  00009156    00000002     --HOLE-- [fill = 0]
                  00009158    00000016     queue.obj (.text:xQueueCreateMutex)
                  0000916e    00000002     --HOLE-- [fill = 0]
                  00009170    00000014     gpio.obj (.text:GPIO_clearInterruptFlag)
                  00009184    00000004     --HOLE-- [fill = 0]
                  00009188    00000014     gpio.obj (.text:GPIO_enableInterrupt)
                  0000919c    00000004     --HOLE-- [fill = 0]
                  000091a0    00000014     gpio.obj (.text:GPIO_setOutputHighOnPin)
                  000091b4    00000004     --HOLE-- [fill = 0]
                  000091b8    00000014     gpio.obj (.text:GPIO_setOutputLowOnPin)
                  000091cc    00000004     --HOLE-- [fill = 0]
                  000091d0    00000014     gpio.obj (.text:GPIO_toggleOutputOnPin)
                  000091e4    00000004     --HOLE-- [fill = 0]
                  000091e8    00000014     wdt_a.obj (.text:WDT_A_startTimer)
                  000091fc    00000004     --HOLE-- [fill = 0]
                  00009200    00000014     mmc_MSP432P401r.obj (.text:power_on)
                  00009214    00000004     --HOLE-- [fill = 0]
                  00009218    00000014     queue.obj (.text:prvInitialiseMutex)
                  0000922c    00000004     --HOLE-- [fill = 0]
                  00009230    00000014     IntQueue.obj (.text:prvQueueAccessLogError)
                  00009244    00000004     --HOLE-- [fill = 0]
                  00009248    00000012     ff.obj (.text:mem_set)
                  0000925a    00000006     --HOLE-- [fill = 0]
                  00009260    00000012     tasks.obj (.text:prvDeleteTCB)
                  00009272    00000006     --HOLE-- [fill = 0]
                  00009278    00000012     main.obj (.text:vApplicationMallocFailedHook)
                  0000928a    00000006     --HOLE-- [fill = 0]
                  00009290    00000012     main.obj (.text:vApplicationStackOverflowHook)
                  000092a2    00000002     --HOLE-- [fill = 0]
                  000092a4    00000010     msp432p4xx_driverlib.lib : adc14.o (.text:ADCIsConversionRunning)
                  000092b4    00000004     --HOLE-- [fill = 0]
                  000092b8    00000010     fpu.obj (.text:FPU_enableModule)
                  000092c8    00000010     GPIO_Driver.obj (.text:GPIO_High)
                  000092d8    00000010     GPIO_Driver.obj (.text:GPIO_Low)
                  000092e8    00000010     interrupt.obj (.text:Interrupt_enableMaster)
                  000092f8    00000010     MPU9250.obj (.text:MPU9250_getMotion9)
                  00009308    00000010     pcm.obj (.text:PCM_gotoLPM4)
                  00009318    00000010     aodcsTask.obj (.text:setWatchDogBit_AODCS)
                  00009328    00000010     cameraTask.obj (.text:setWatchDogBit_CAMERA)
                  00009338    00000010     dataStorage.obj (.text:setWatchDogBit_DATASTORAGE)
                  00009348    00000010     houseKeeping.obj (.text:setWatchDogBit_HOUSEKEEPING)
                  00009358    00000010     pptTask.obj (.text:setWatchDogBit_PPT)
                  00009368    00000010     ttcTask.obj (.text:setWatchDogBit_TTC)
                  00009378    00000010     tasks.obj (.text:vTaskSuspendAll)
                  00009388    00000010     taskManager.obj (.text:watchDogEventGroupCreate)
                  00009398    0000000e     rtsv7M4_T_le_v4SPD16_eabi.lib : copy_decompress_none.c.obj (.text:decompress:none:__TI_decompress_none)
                  000093a6    00000002     --HOLE-- [fill = 0]
                  000093a8    0000000e     ff.obj (.text:st_word)
                  000093b6    00000002     --HOLE-- [fill = 0]
                  000093b8    0000000c     msp432p4xx_driverlib.lib : adc14.o (.text:ADC14_enableModule)
                  000093c4    00000004     --HOLE-- [fill = 0]
                  000093c8    0000000c     cpu.obj (.text:CPU_cpsie)
                  000093d4    00000004     --HOLE-- [fill = 0]
                  000093d8    0000000c     mmc_MSP432P401r.obj (.text:MMC_disk_status)
                  000093e4    00000004     --HOLE-- [fill = 0]
                  000093e8    0000000c     MPU9250.obj (.text:MPU9250_setClockSource)
                  000093f4    00000004     --HOLE-- [fill = 0]
                  000093f8    0000000c     pcm.obj (.text:PCM_getPowerState)
                  00009404    0000000c     msp432p4xx_driverlib.lib : ref_a.o (.text:REF_A_enableReferenceVoltage)
                  00009410    0000000c                              : ref_a.o (.text:REF_A_enableTempSensor)
                  0000941c    00000004     --HOLE-- [fill = 0]
                  00009420    0000000c     sysctl.obj (.text:SysCtl_getTempCalibrationConstant)
                  0000942c    00000004     --HOLE-- [fill = 0]
                  00009430    0000000c     mmc_MSP432P401r.obj (.text:chk_power)
                  0000943c    0000000c     rtsv7M4_T_le_v4SPD16_eabi.lib : copy_zero_init.c.obj (.text:decompress:ZI:__TI_zero_init)
                  00009448    0000000c     ff.obj (.text:ld_word)
                  00009454    00000004     --HOLE-- [fill = 0]
                  00009458    0000000c     mmc_MSP432P401r.obj (.text:power_off)
                  00009464    00000004     --HOLE-- [fill = 0]
                  00009468    0000000c     trcKernelPort.obj (.text:prvTraceGetQueueNumberHigh16)
                  00009474    00000004     --HOLE-- [fill = 0]
                  00009478    0000000c     trcKernelPort.obj (.text:prvTraceGetTaskNumberHigh16)
                  00009484    00000004     --HOLE-- [fill = 0]
                  00009488    0000000c     mmc_MSP432P401r.obj (.text:rcvr_spi_m)
                  00009494    00000004     --HOLE-- [fill = 0]
                  00009498    0000000c     MPU9250.obj (.text:setFullScaleAccelRange)
                  000094a4    00000004     --HOLE-- [fill = 0]
                  000094a8    0000000c     MPU9250.obj (.text:setFullScaleGyroRange)
                  000094b4    00000004     --HOLE-- [fill = 0]
                  000094b8    0000000c     tasks.obj (.text:vTaskMissedYield)
                  000094c4    00000004     --HOLE-- [fill = 0]
                  000094c8    0000000c     tasks.obj (.text:xTaskGetCurrentTaskHandle)
                  000094d4    00000004     --HOLE-- [fill = 0]
                  000094d8    0000000c     tasks.obj (.text:xTaskGetTickCount)
                  000094e4    00000004     --HOLE-- [fill = 0]
                  000094e8    0000000a     trcKernelPort.obj (.text:prvTraceGetQueueNumberLow16)
                  000094f2    00000006     --HOLE-- [fill = 0]
                  000094f8    0000000a     trcKernelPort.obj (.text:prvTraceGetTaskNumberLow16)
                  00009502    00000006     --HOLE-- [fill = 0]
                  00009508    0000000a     MPU9250.obj (.text:setSleepEnabled)
                  00009512    00000006     --HOLE-- [fill = 0]
                  00009518    0000000a     tasks.obj (.text:uxTaskGetTaskNumber)
                  00009522    00000006     --HOLE-- [fill = 0]
                  00009528    00000008     pcm.obj (.text:PCM_setCoreVoltageLevel)
                  00009530    00000008     pcm.obj (.text:PCM_setPowerMode)
                  00009538    00000008     pcm.obj (.text:PCM_setPowerState)
                  00009540    00000006     queue.obj (.text:ucQueueGetQueueType)
                  00009546    00000002     --HOLE-- [fill = 0]
                  00009548    00000006     list.obj (.text:vListInitialiseItem)
                  0000954e    00000002     --HOLE-- [fill = 0]
                  00009550    00000006     tasks.obj (.text:vTaskSetTaskNumber)
                  00009556    00000002     --HOLE-- [fill = 0]
                  00009558    00000004     cpu.obj (.text:CPU_wfi)
                  0000955c    00000004     --HOLE-- [fill = 0]
                  00009560    00000004     mmc_MSP432P401r.obj (.text:get_fattime)
                  00009564    00000004     --HOLE-- [fill = 0]
                  00009568    00000004     queue.obj (.text:uxQueueGetQueueNumber)
                  0000956c    00000004     --HOLE-- [fill = 0]
                  00009570    00000004     queue.obj (.text:vQueueSetQueueNumber)
                  00009574    00000004     --HOLE-- [fill = 0]
                  00009578    00000004     trcSnapshotRecorder.obj (.text:vTraceStart)
                  0000957c    00000004     --HOLE-- [fill = 0]
                  00009580    00000002     msp432_startup_ccs.obj (.text:defaultISR)
                  00009582    00000006     --HOLE-- [fill = 0]
                  00009588    00000002     msp432_startup_ccs.obj (.text:faultISR)
                  0000958a    00000006     --HOLE-- [fill = 0]
                  00009590    00000002     msp432_startup_ccs.obj (.text:nmiISR)
                  00009592    00000006     --HOLE-- [fill = 0]
                  00009598    00000002     main.obj (.text:vApplicationIdleHook)
                  0000959a    00000006     --HOLE-- [fill = 0]
                  000095a0    00000002     main_blinky.obj (.text:vApplicationTickHook)
                  000095a2    00000006     --HOLE-- [fill = 0]
                  000095a8    00000002     main_blinky.obj (.text:vPreSleepProcessing)

.const     0    000095ac    000000ac     
                  000095ac    00000080     msp432p4xx_driverlib.lib : adc14.o (.const:_ctlRegs)
                  0000962c    00000014     MPU9250.obj (.const:i2cConfig)
                  00009640    0000000a     ff.obj (.const:.string:DbcTbl)
                  0000964a    00000002     --HOLE-- [fill = 0]
                  0000964c    00000008     port.obj (.const)
                  00009654    00000004     serial.obj (.const)

.cinit     0    00009658    00000098     
                  00009658    0000006e     (.cinit..data.load) [load image, compression = lzss]
                  000096c6    00000002     --HOLE-- [fill = 0]
                  000096c8    0000000c     (__TI_handler_table)
                  000096d4    00000004     --HOLE-- [fill = 0]
                  000096d8    00000008     (.cinit..bss.load) [load image, compression = zero_init]
                  000096e0    00000010     (__TI_cinit_table)

.init_array 
*          0    00000000    00000000     UNINITIALIZED

.binit     0    00000000    00000000     

.bss       0    20000000    0000e820     UNINITIALIZED
                  20000000    0000c800     heap_4.obj (.bss:ucHeap)
                  2000c800    00001918     (.common:RecorderData)
                  2000e118    00000230     (.common:sdDriver)
                  2000e348    00000228     (.common:file)
                  2000e570    00000106     (.common:obcData)
                  2000e676    00000002     ff.obj (.bss)
                  2000e678    00000064     tasks.obj (.bss:pxReadyTasksLists)
                  2000e6dc    0000003f     (.common:imuData)
                  2000e71b    00000001     (.common:fResult)
                  2000e71c    00000014     timers.obj (.bss:xActiveTimerList1)
                  2000e730    00000014     timers.obj (.bss:xActiveTimerList2)
                  2000e744    00000014     tasks.obj (.bss:xDelayedTaskList1)
                  2000e758    00000014     tasks.obj (.bss:xDelayedTaskList2)
                  2000e76c    00000014     tasks.obj (.bss:xPendingReadyList)
                  2000e780    00000014     tasks.obj (.bss:xSuspendedTaskList)
                  2000e794    00000014     tasks.obj (.bss:xTasksWaitingTermination)
                  2000e7a8    00000010     (.common:bufferIMU)
                  2000e7b8    0000000c     houseKeeping.obj (.bss:resultsBuffer)
                  2000e7c4    00000009     mmc_MSP432P401r.obj (.bss)
                  2000e7cd    00000003     --HOLE--
                  2000e7d0    00000008     IntQueue.obj (.bss)
                  2000e7d8    00000008     cs.obj (.bss)
                  2000e7e0    00000008     tasks.obj (.bss)
                  2000e7e8    00000008     timers.obj (.bss)
                  2000e7f0    00000008     heap_4.obj (.bss:xStart)
                  2000e7f8    00000006     (.common:localTime)
                  2000e7fe    00000002     --HOLE--
                  2000e800    00000004     ff.obj (.bss:FatFs)
                  2000e804    00000004     (.common:WATCHDOG_EVENT_GROUP)
                  2000e808    00000004     (.common:bw)
                  2000e80c    00000004     (.common:cal30)
                  2000e810    00000004     (.common:cal85)
                  2000e814    00000004     (.common:calDifference)
                  2000e818    00000004     (.common:flag_lowBattery)
                  2000e81c    00000004     (.common:init_hwtc_count)

.data      0    2000e820    00000373     UNINITIALIZED
                  2000e820    000000c8     IntQueue.obj (.data:ucNormallyEmptyReceivedValues)
                  2000e8e8    000000c8     IntQueue.obj (.data:ucNormallyFullReceivedValues)
                  2000e9b0    0000008e     trcSnapshotRecorder.obj (.data:objectHandleStacks)
                  2000ea3e    00000002     MPU9250.obj (.data)
                  2000ea40    00000044     trcSnapshotRecorder.obj (.data)
                  2000ea84    0000003c     IntQueue.obj (.data)
                  2000eac0    00000034     tasks.obj (.data)
                  2000eaf4    00000030     gpio.obj (.data:GPIO_PORT_TO_BASE)
                  2000eb24    0000001c     dataStorage.obj (.data:SPI0MasterConfig)
                  2000eb40    00000018     port.obj (.data)
                  2000eb58    00000010     heap_4.obj (.data)
                  2000eb68    00000010     serial.obj (.data)
                  2000eb78    0000000c     timers.obj (.data)
                  2000eb84    00000008     taskManager.obj (.data)
                  2000eb8c    00000005     trcKernelPort.obj (.data:TraceQueueClassTable)
                  2000eb91    00000002     mmc_MSP432P401r.obj (.data)

.stack     0    2000fce0    00000320     UNINITIALIZED
                  2000fce0    00000004     rtsv7M4_T_le_v4SPD16_eabi.lib : boot_cortex_m.c.obj (.stack)
                  2000fce4    0000031c     --HOLE--

MODULE SUMMARY

       Module                       code    ro data   rw data
       ------                       ----    -------   -------
    .\
       main.obj                     254     0         540    
    +--+----------------------------+-------+---------+---------+
       Total:                       254     0         540    
                                                             
    .\FreeRTOS_Source\
       tasks.obj                    4900    0         520    
       queue.obj                    4030    0         0      
       timers.obj                   1082    0         120    
       event_groups.obj             528     0         0      
       list.obj                     150     0         0      
    +--+----------------------------+-------+---------+---------+
       Total:                       10690   0         640    
                                                             
    .\FreeRTOS_Source\portable\CCS\ARM_CM4F\
       port.obj                     984     8         48     
       portasm.obj                  218     0         0      
    +--+----------------------------+-------+---------+---------+
       Total:                       1202    8         48     
                                                             
    .\FreeRTOS_Source\portable\MemMang\
       heap_4.obj                   680     0         102448 
    +--+----------------------------+-------+---------+---------+
       Total:                       680     0         102448 
                                                             
    .\Full_Demo\
       serial.obj                   180     4         32     
       IntQueueTimer.obj            104     0         0      
    +--+----------------------------+-------+---------+---------+
       Total:                       284     4         32     
                                                             
    .\Full_Demo\Standard_Demo_Tasks\
       IntQueue.obj                 836     0         936    
    +--+----------------------------+-------+---------+---------+
       Total:                       836     0         936    
                                                             
    .\SimplyBlinkyDemo\
       main_blinky.obj              4       0         0      
    +--+----------------------------+-------+---------+---------+
       Total:                       4       0         0      
                                                             
    .\Tracealyzer\
       trcSnapshotRecorder.obj      5948    0         13276  
       trcKernelPort.obj            1494    0         10     
    +--+----------------------------+-------+---------+---------+
       Total:                       7442    0         13286  
                                                             
    .\driverlib\
       pcm.obj                      1452    0         0      
       cs.obj                       1154    0         16     
       gpio.obj                     368     0         96     
       sysctl.obj                   128     0         0      
       wdt_a.obj                    68      0         0      
       flash.obj                    48      0         0      
       cpu.obj                      16      0         0      
       fpu.obj                      16      0         0      
       interrupt.obj                16      0         0      
    +--+----------------------------+-------+---------+---------+
       Total:                       3266    0         112    
                                                             
    .\interface\
       MPU9250.obj                  922     20        36     
    +--+----------------------------+-------+---------+---------+
       Total:                       922     20        36     
                                                             
    .\src\
       dataStorage.obj              648     0         2428   
       houseKeeping.obj             804     0         32     
       taskManager.obj              316     0         16     
       watchDogTask.obj             112     0         0      
       ttcTask.obj                  92      0         0      
       aodcsTask.obj                68      0         0      
       cameraTask.obj               68      0         0      
       pptTask.obj                  68      0         0      
       sensorTask.obj               0       0         16     
    +--+----------------------------+-------+---------+---------+
       Total:                       2176    0         2492   
                                                             
    .\system\CCS\
       msp432_startup_ccs.obj       30      324       0      
       system_msp432p401r.obj       104     0         0      
    +--+----------------------------+-------+---------+---------+
       Total:                       134     324       0      
                                                             
    .\util\
       itoa.obj                     164     0         0      
    +--+----------------------------+-------+---------+---------+
       Total:                       164     0         0      
                                                             
    .\util\Hardware\
       SPI_Driver.obj               184     0         0      
       GPIO_Driver.obj              72      0         0      
       CS_Driver.obj                34      0         0      
    +--+----------------------------+-------+---------+---------+
       Total:                       290     0         0      
                                                             
    .\util\fatfs\
       ff.obj                       4793    10        12     
       mmc_MSP432P401r.obj          1694    0         22     
       diskio.obj                   148     0         0      
    +--+----------------------------+-------+---------+---------+
       Total:                       6635    10        34     
                                                             
    C:/ti/simplelink_msp432p4_sdk_2_40_00_10/source/ti/devices/msp432p4xx/driverlib/ccs/msp432p4xx_driverlib.lib
       adc14.o                      1128    128       0      
       spi.o                        240     0         0      
       rtc_c.o                      168     0         0      
       i2c.o                        104     0         0      
       ref_a.o                      56      0         0      
    +--+----------------------------+-------+---------+---------+
       Total:                       1696    128       0      
                                                             
    C:\ti\ccsv8\tools\compiler\ti-cgt-arm_18.1.1.LTS\lib\rtsv7M4_T_le_v4SPD16_eabi.lib
       memcpy_t2.asm.obj            156     0         0      
       memset_t2.asm.obj            122     0         0      
       copy_decompress_lzss.c.obj   104     0         0      
       autoinit.c.obj               68      0         0      
       boot_cortex_m.c.obj          56      0         0      
       copy_decompress_none.c.obj   14      0         0      
       copy_zero_init.c.obj         12      0         0      
       exit.c.obj                   4       0         0      
       pre_init.c.obj               4       0         0      
    +--+----------------------------+-------+---------+---------+
       Total:                       540     0         0      
                                                             
       Stack:                       0       0         1600   
       Linker Generated:            0       146       0      
    +--+----------------------------+-------+---------+---------+
       Grand Total:                 37215   640       122204 


LINKER GENERATED COPY TABLES

__TI_cinit_table @ 000096e0 records: 2, size/record: 8, table size: 16
	.data: load addr=00009658, load size=0000006e bytes, run addr=2000e820, run size=00000373 bytes, compression=lzss
	.bss: load addr=000096d8, load size=00000008 bytes, run addr=20000000, run size=0000e820 bytes, compression=zero_init


LINKER GENERATED HANDLER TABLE

__TI_handler_table @ 000096c8 records: 3, size/record: 4, table size: 12
	index: 0, handler: __TI_decompress_lzss
	index: 1, handler: __TI_decompress_none
	index: 2, handler: __TI_zero_init


GLOBAL SYMBOLS: SORTED ALPHABETICALLY BY Name 

address   name                                       
-------   ----                                       
00005f31  ADC14_configureConversionMemory            
00005de1  ADC14_configureMultiSequenceMode           
00008a6d  ADC14_enableConversion                     
000093b9  ADC14_enableModule                         
00008539  ADC14_enableSampleTimer                    
00006df1  ADC14_getMultiSequenceResult               
00008e71  ADC14_getResult                            
00007959  ADC14_initModule                           
000087d5  ADC14_setSampleHoldTime                    
00008899  ADC14_toggleConversionTrigger              
00000aed  C$$EXIT                                    
000093c9  CPU_cpsie                                  
00009559  CPU_wfi                                    
00008c51  CS_Init                                    
00008b89  CS_clearInterruptFlag                      
00002b49  CS_getDCOFrequency                         
00008ff1  CS_getMCLK                                 
00003b11  CS_initClockSignal                         
000088c9  CS_setDCOCenteredFrequency                 
2000ea6a  CurrentFilterGroup                         
2000ea68  CurrentFilterMask                          
000092b9  FPU_enableModule                           
00008809  FlashCtl_setWaitState                      
000092c9  GPIO_High                                  
00008a99  GPIO_Init                                  
000092d9  GPIO_Low                                   
00009171  GPIO_clearInterruptFlag                    
00009189  GPIO_enableInterrupt                       
00009009  GPIO_getInputPinValue                      
000088f9  GPIO_setAsInputPinWithPullUpResistor       
00008cf1  GPIO_setAsOutputPin                        
000079b1  GPIO_setAsPeripheralModuleFunctionInputPin 
00007a09  GPIO_setAsPeripheralModuleFunctionOutputPin
000091a1  GPIO_setOutputHighOnPin                    
000091b9  GPIO_setOutputLowOnPin                     
000091d1  GPIO_toggleOutputOnPin                     
00007265  I2C_masterSendMultiByteStart               
000092e9  Interrupt_enableMaster                     
00002899  MMC_disk_initialize                        
000020f1  MMC_disk_ioctl                             
000063a1  MMC_disk_read                              
000093d9  MMC_disk_status                            
00005769  MMC_disk_write                             
2000ea3e  MPU9250_devAddr                            
000092f9  MPU9250_getMotion9                         
00008d11  MPU9250_initialize                         
000093e9  MPU9250_setClockSource                     
00007c19  PCM_getCoreVoltageLevel                    
000083d1  PCM_getPowerMode                           
000093f9  PCM_getPowerState                          
00008929  PCM_gotoLPM0                               
000068d1  PCM_gotoLPM3                               
00009309  PCM_gotoLPM4                               
00009529  PCM_setCoreVoltageLevel                    
00009531  PCM_setPowerMode                           
00009539  PCM_setPowerState                          
00007e49  PCM_shutdownDevice                         
00009405  REF_A_enableReferenceVoltage               
00009411  REF_A_enableTempSensor                     
00008d31  REF_A_setReferenceVoltage                  
00006bf9  RTC_C_getCalendarTime                      
00008955  RTC_C_holdClock                            
2000c800  RecorderData                               
2000ea70  RecorderDataPtr                            
2000eb24  SPI0MasterConfig                           
00007c69  SPI_Init                                   
00008571  SPI_Read                                   
000085a9  SPI_Write                                  
00005bcd  SPI_initMaster                             
00007a61  SysCtl_getTLVInfo                          
00009421  SysCtl_getTempCalibrationConstant          
00008d51  SysCtl_setWDTTimeoutResetType              
000072d1  SystemInit                                 
2000eb8c  TraceQueueClassTable                       
2000e804  WATCHDOG_EVENT_GROUP                       
4000480c  WDTCTL_SYM                                 
00009021  WDT_A_clearTimer                           
00009039  WDT_A_holdTimer                            
00008d51  WDT_A_setTimeoutReset                      
000091e9  WDT_A_startTimer                           
20010000  __STACK_END                                
00000320  __STACK_SIZE                               
000096e0  __TI_CINIT_Base                            
000096f0  __TI_CINIT_Limit                           
000096c8  __TI_Handler_Table_Base                    
000096d4  __TI_Handler_Table_Limit                   
000080f9  __TI_auto_init_nobinit_nopinit             
00007339  __TI_decompress_lzss                       
00009399  __TI_decompress_none                       
ffffffff  __TI_pprof_out_hndl                        
ffffffff  __TI_prof_data_size                        
ffffffff  __TI_prof_data_start                       
00000000  __TI_static_base__                         
0000943d  __TI_zero_init                             
00006d75  __aeabi_memclr                             
00006d75  __aeabi_memclr4                            
00006d75  __aeabi_memclr8                            
000061c9  __aeabi_memcpy                             
000061c9  __aeabi_memcpy4                            
000061c9  __aeabi_memcpy8                            
00006d77  __aeabi_memset                             
00006d77  __aeabi_memset4                            
00006d77  __aeabi_memset8                            
ffffffff  __binit__                                  
ffffffff  __c_args__                                 
UNDEFED   __mpu_init                                 
2000fce0  __stack                                    
0000848d  _c_int00_noargs                            
UNDEFED   _system_post_cinit                         
000007dd  _system_pre_init                           
00000aed  abort                                      
00004d71  adcInit                                    
000085e1  aodcsTask                                  
ffffffff  binit                                      
2000e7a8  bufferIMU                                  
2000e808  bw                                         
2000e80c  cal30                                      
2000e810  cal85                                      
2000e814  calDifference                              
00008619  cameraTask                                 
000014d9  dataStorage                                
00009069  disk_initialize                            
00008d71  disk_ioctl                                 
00008c79  disk_read                                  
00009081  disk_status                                
00008ca1  disk_write                                 
00008291  eTaskConfirmSleepModeStatus                
2000e71b  fResult                                    
00007e99  f_mount                                    
00001871  f_open                                     
00006309  f_sync                                     
00001301  f_write                                    
2000e348  file                                       
2000e818  flag_lowBattery                            
00008141  getLocalTime                               
00006691  getMotion6                                 
00008189  getTemperature                             
00009561  get_fattime                                
2000ea61  handle_of_last_logged_task                 
00001da9  houseKeeping                               
0000962c  i2cConfig                                  
2000e6dc  imuData                                    
000081d1  initI2C                                    
00007541  initSD                                     
2000e81c  init_hwtc_count                            
00000000  interruptVectors                           
00008021  isLowBattery                               
2000ea40  isPendingContextSwitch                     
00005fd9  itoa                                       
2000e7f8  localTime                                  
00008ac1  main                                       
000061c9  memcpy                                     
00006d7d  memset                                     
2000ea60  nISRactive                                 
2000e570  obcData                                    
2000e9b0  objectHandleStacks                         
000086c1  pptTask                                    
00008d91  prvMarkObjectAsUsed                        
000082d1  prvTraceError                              
000094c9  prvTraceGetCurrentTaskHandle               
000029f9  prvTraceGetObjectHandle                    
00004e51  prvTraceGetPriorityProperty                
00009569  prvTraceGetQueueNumber                     
00009469  prvTraceGetQueueNumberHigh16               
000094e9  prvTraceGetQueueNumberLow16                
00009541  prvTraceGetQueueType                       
00009479  prvTraceGetTaskNumberHigh16                
000094f9  prvTraceGetTaskNumberLow16                 
00005e89  prvTraceInitCortexM                        
00007b69  prvTracePortGetTimeStamp                   
00004081  prvTraceSetObjectName                      
00005439  prvTraceSetObjectState                     
000050e9  prvTraceSetPriorityProperty                
00008f51  prvTraceSetQueueNumberHigh16               
00008f71  prvTraceSetQueueNumberLow16                
00006cf9  prvTraceSetTaskInstanceFinished            
00008f91  prvTraceSetTaskNumberHigh16                
00008fb1  prvTraceSetTaskNumberLow16                 
00001f51  prvTraceStoreKernelCall                    
00003e61  prvTraceStoreKernelCallWithNumericParamOnly
000016a9  prvTraceStoreKernelCallWithParam           
000049c1  prvTraceStoreTaskReady                     
00004c89  prvTraceStoreTaskswitch                    
00000149  pszTraceGetErrorNotEnoughHandles           
00002f21  pvPortMalloc                               
00009099  pvTaskIncrementMutexHeldCount              
2000eac0  pxCurrentTCB                               
000089b1  pxPortInitialiseStack                      
00008bd9  queueDataCrete                             
00004191  readI2C                                    
2000ea54  recorder_busy                              
2000e118  sdDriver                                   
2000eb88  semaphoreIMU                               
00009499  setFullScaleAccelRange                     
000094a9  setFullScaleGyroRange                      
00009509  setSleepEnabled                            
00009319  setWatchDogBit_AODCS                       
00009329  setWatchDogBit_CAMERA                      
00009339  setWatchDogBit_DATASTORAGE                 
00009349  setWatchDogBit_HOUSEKEEPING                
00009359  setWatchDogBit_PPT                         
00009369  setWatchDogBit_TTC                         
000043a9  taskCreate                                 
2000ea58  timestampFrequency                         
2000ea5c  traceErrorMessage                          
2000ea4c  trace_disable_timestamp                    
00007f89  ttcTask                                    
00009541  ucQueueGetQueueType                        
000032e1  uiIndexOfObject                            
00004ab9  uiTraceStart                               
2000ea48  uiTraceTickCount                           
0000964c  ulMaxSyscallInterruptPriority              
0000501d  ulPortGetIPSR                              
00008b61  uxListRemove                               
00009569  uxQueueGetQueueNumber                      
00009519  uxTaskGetTaskNumber                        
000090e1  uxTaskResetEventItemValue                  
00009599  vApplicationIdleHook                       
00009279  vApplicationMallocFailedHook               
00009291  vApplicationStackOverflowHook              
000095a1  vApplicationTickHook                       
00008e51  vListInitialise                            
00009549  vListInitialiseItem                        
000086f9  vListInsert                                
000090f9  vListInsertEnd                             
000050d9  vPortEnableVFP                             
00008391  vPortEnterCritical                         
00008869  vPortExitCritical                          
000067b1  vPortFree                                  
00005095  vPortSVCHandler                            
00007409  vPortSetupTimerInterrupt                   
000050b5  vPortStartFirstTask                        
000031a9  vPortSuppressTicksAndSleep                 
00007611  vPortValidateInterruptPriority             
000095a9  vPreSleepProcessing                        
00009571  vQueueSetQueueNumber                       
000080b1  vQueueWaitForMessageRestricted             
00008731  vT32_0_Handler                             
00008769  vT32_1_Handler                             
00006269  vTaskDelay                                 
000047c1  vTaskDelayUntil                            
00009111  vTaskInternalSetTimeOutState               
000094b9  vTaskMissedYield                           
000038c9  vTaskNotifyGiveFromISR                     
00008501  vTaskPlaceOnEventList                      
000069e1  vTaskPlaceOnEventListRestricted            
00007799  vTaskPlaceOnUnorderedEventList             
00003541  vTaskPriorityDisinheritAfterTimeout        
000059a9  vTaskRemoveFromUnorderedEventList          
00009551  vTaskSetTaskNumber                         
00006af1  vTaskStartScheduler                        
000087a1  vTaskStepTick                              
00009379  vTaskSuspendAll                            
000051c1  vTaskSwitchContext                         
00006081  vTraceEnable                               
00005509  vTraceInitObjectHandleStack                
00003c31  vTraceInitObjectPropertyTable              
00009579  vTraceStart                                
00008c01  vTraceStop                                 
2000ea64  vTraceStopHookPtr                          
000058e9  vTraceStoreMemMangEvent                    
00005a61  vUART_Handler                              
00009389  watchDogEventGroupCreate                   
00007189  watchDogTask                               
00007da9  writeBit                                   
000076d9  writeBits                                  
00005b19  writeI2C                                   
00008fd1  xEventGroupCreate                          
00005d31  xEventGroupSetBits                         
00003671  xEventGroupWaitBits                        
00003411  xFirstTimerHandler                         
00005035  xPortPendSVHandler                         
00004f31  xPortStartScheduler                        
00008a11  xPortSysTickHandler                        
00009159  xQueueCreateMutex                          
00006e69  xQueueGenericCreate                        
00006601  xQueueGenericReset                         
000007e1  xQueueGenericSend                          
00002429  xQueueGenericSendFromISR                   
2000eb84  xQueueIMU                                  
00008a41  xQueueIsQueueFullFromISR                   
00000df9  xQueueReceive                              
00002dd9  xQueueReceiveFromISR                       
000004a9  xQueueSemaphoreTake                        
00001a39  xSecondTimerHandler                        
00006569  xTaskCheckForTimeOut                       
00007471  xTaskCreate                                
000094c9  xTaskGetCurrentTaskHandle                  
00008e11  xTaskGetSchedulerState                     
000094d9  xTaskGetTickCount                          
00002291  xTaskIncrementTick                         
000039f1  xTaskPriorityDisinherit                    
00003f71  xTaskPriorityInherit                       
000056a9  xTaskRemoveFromEventList                   
000037a1  xTaskResumeAll                             
000078a9  xTimerCreateTimerTask                      
00006ee1  xTimerGenericCommand                       


GLOBAL SYMBOLS: SORTED BY Symbol Address 

address   name                                       
-------   ----                                       
00000000  __TI_static_base__                         
00000000  interruptVectors                           
00000149  pszTraceGetErrorNotEnoughHandles           
00000320  __STACK_SIZE                               
000004a9  xQueueSemaphoreTake                        
000007dd  _system_pre_init                           
000007e1  xQueueGenericSend                          
00000aed  C$$EXIT                                    
00000aed  abort                                      
00000df9  xQueueReceive                              
00001301  f_write                                    
000014d9  dataStorage                                
000016a9  prvTraceStoreKernelCallWithParam           
00001871  f_open                                     
00001a39  xSecondTimerHandler                        
00001da9  houseKeeping                               
00001f51  prvTraceStoreKernelCall                    
000020f1  MMC_disk_ioctl                             
00002291  xTaskIncrementTick                         
00002429  xQueueGenericSendFromISR                   
00002899  MMC_disk_initialize                        
000029f9  prvTraceGetObjectHandle                    
00002b49  CS_getDCOFrequency                         
00002dd9  xQueueReceiveFromISR                       
00002f21  pvPortMalloc                               
000031a9  vPortSuppressTicksAndSleep                 
000032e1  uiIndexOfObject                            
00003411  xFirstTimerHandler                         
00003541  vTaskPriorityDisinheritAfterTimeout        
00003671  xEventGroupWaitBits                        
000037a1  xTaskResumeAll                             
000038c9  vTaskNotifyGiveFromISR                     
000039f1  xTaskPriorityDisinherit                    
00003b11  CS_initClockSignal                         
00003c31  vTraceInitObjectPropertyTable              
00003e61  prvTraceStoreKernelCallWithNumericParamOnly
00003f71  xTaskPriorityInherit                       
00004081  prvTraceSetObjectName                      
00004191  readI2C                                    
000043a9  taskCreate                                 
000047c1  vTaskDelayUntil                            
000049c1  prvTraceStoreTaskReady                     
00004ab9  uiTraceStart                               
00004c89  prvTraceStoreTaskswitch                    
00004d71  adcInit                                    
00004e51  prvTraceGetPriorityProperty                
00004f31  xPortStartScheduler                        
0000501d  ulPortGetIPSR                              
00005035  xPortPendSVHandler                         
00005095  vPortSVCHandler                            
000050b5  vPortStartFirstTask                        
000050d9  vPortEnableVFP                             
000050e9  prvTraceSetPriorityProperty                
000051c1  vTaskSwitchContext                         
00005439  prvTraceSetObjectState                     
00005509  vTraceInitObjectHandleStack                
000056a9  xTaskRemoveFromEventList                   
00005769  MMC_disk_write                             
000058e9  vTraceStoreMemMangEvent                    
000059a9  vTaskRemoveFromUnorderedEventList          
00005a61  vUART_Handler                              
00005b19  writeI2C                                   
00005bcd  SPI_initMaster                             
00005d31  xEventGroupSetBits                         
00005de1  ADC14_configureMultiSequenceMode           
00005e89  prvTraceInitCortexM                        
00005f31  ADC14_configureConversionMemory            
00005fd9  itoa                                       
00006081  vTraceEnable                               
000061c9  __aeabi_memcpy                             
000061c9  __aeabi_memcpy4                            
000061c9  __aeabi_memcpy8                            
000061c9  memcpy                                     
00006269  vTaskDelay                                 
00006309  f_sync                                     
000063a1  MMC_disk_read                              
00006569  xTaskCheckForTimeOut                       
00006601  xQueueGenericReset                         
00006691  getMotion6                                 
000067b1  vPortFree                                  
000068d1  PCM_gotoLPM3                               
000069e1  vTaskPlaceOnEventListRestricted            
00006af1  vTaskStartScheduler                        
00006bf9  RTC_C_getCalendarTime                      
00006cf9  prvTraceSetTaskInstanceFinished            
00006d75  __aeabi_memclr                             
00006d75  __aeabi_memclr4                            
00006d75  __aeabi_memclr8                            
00006d77  __aeabi_memset                             
00006d77  __aeabi_memset4                            
00006d77  __aeabi_memset8                            
00006d7d  memset                                     
00006df1  ADC14_getMultiSequenceResult               
00006e69  xQueueGenericCreate                        
00006ee1  xTimerGenericCommand                       
00007189  watchDogTask                               
00007265  I2C_masterSendMultiByteStart               
000072d1  SystemInit                                 
00007339  __TI_decompress_lzss                       
00007409  vPortSetupTimerInterrupt                   
00007471  xTaskCreate                                
00007541  initSD                                     
00007611  vPortValidateInterruptPriority             
000076d9  writeBits                                  
00007799  vTaskPlaceOnUnorderedEventList             
000078a9  xTimerCreateTimerTask                      
00007959  ADC14_initModule                           
000079b1  GPIO_setAsPeripheralModuleFunctionInputPin 
00007a09  GPIO_setAsPeripheralModuleFunctionOutputPin
00007a61  SysCtl_getTLVInfo                          
00007b69  prvTracePortGetTimeStamp                   
00007c19  PCM_getCoreVoltageLevel                    
00007c69  SPI_Init                                   
00007da9  writeBit                                   
00007e49  PCM_shutdownDevice                         
00007e99  f_mount                                    
00007f89  ttcTask                                    
00008021  isLowBattery                               
000080b1  vQueueWaitForMessageRestricted             
000080f9  __TI_auto_init_nobinit_nopinit             
00008141  getLocalTime                               
00008189  getTemperature                             
000081d1  initI2C                                    
00008291  eTaskConfirmSleepModeStatus                
000082d1  prvTraceError                              
00008391  vPortEnterCritical                         
000083d1  PCM_getPowerMode                           
0000848d  _c_int00_noargs                            
00008501  vTaskPlaceOnEventList                      
00008539  ADC14_enableSampleTimer                    
00008571  SPI_Read                                   
000085a9  SPI_Write                                  
000085e1  aodcsTask                                  
00008619  cameraTask                                 
000086c1  pptTask                                    
000086f9  vListInsert                                
00008731  vT32_0_Handler                             
00008769  vT32_1_Handler                             
000087a1  vTaskStepTick                              
000087d5  ADC14_setSampleHoldTime                    
00008809  FlashCtl_setWaitState                      
00008869  vPortExitCritical                          
00008899  ADC14_toggleConversionTrigger              
000088c9  CS_setDCOCenteredFrequency                 
000088f9  GPIO_setAsInputPinWithPullUpResistor       
00008929  PCM_gotoLPM0                               
00008955  RTC_C_holdClock                            
000089b1  pxPortInitialiseStack                      
00008a11  xPortSysTickHandler                        
00008a41  xQueueIsQueueFullFromISR                   
00008a6d  ADC14_enableConversion                     
00008a99  GPIO_Init                                  
00008ac1  main                                       
00008b61  uxListRemove                               
00008b89  CS_clearInterruptFlag                      
00008bd9  queueDataCrete                             
00008c01  vTraceStop                                 
00008c51  CS_Init                                    
00008c79  disk_read                                  
00008ca1  disk_write                                 
00008cf1  GPIO_setAsOutputPin                        
00008d11  MPU9250_initialize                         
00008d31  REF_A_setReferenceVoltage                  
00008d51  SysCtl_setWDTTimeoutResetType              
00008d51  WDT_A_setTimeoutReset                      
00008d71  disk_ioctl                                 
00008d91  prvMarkObjectAsUsed                        
00008e11  xTaskGetSchedulerState                     
00008e51  vListInitialise                            
00008e71  ADC14_getResult                            
00008f51  prvTraceSetQueueNumberHigh16               
00008f71  prvTraceSetQueueNumberLow16                
00008f91  prvTraceSetTaskNumberHigh16                
00008fb1  prvTraceSetTaskNumberLow16                 
00008fd1  xEventGroupCreate                          
00008ff1  CS_getMCLK                                 
00009009  GPIO_getInputPinValue                      
00009021  WDT_A_clearTimer                           
00009039  WDT_A_holdTimer                            
00009069  disk_initialize                            
00009081  disk_status                                
00009099  pvTaskIncrementMutexHeldCount              
000090e1  uxTaskResetEventItemValue                  
000090f9  vListInsertEnd                             
00009111  vTaskInternalSetTimeOutState               
00009159  xQueueCreateMutex                          
00009171  GPIO_clearInterruptFlag                    
00009189  GPIO_enableInterrupt                       
000091a1  GPIO_setOutputHighOnPin                    
000091b9  GPIO_setOutputLowOnPin                     
000091d1  GPIO_toggleOutputOnPin                     
000091e9  WDT_A_startTimer                           
00009279  vApplicationMallocFailedHook               
00009291  vApplicationStackOverflowHook              
000092b9  FPU_enableModule                           
000092c9  GPIO_High                                  
000092d9  GPIO_Low                                   
000092e9  Interrupt_enableMaster                     
000092f9  MPU9250_getMotion9                         
00009309  PCM_gotoLPM4                               
00009319  setWatchDogBit_AODCS                       
00009329  setWatchDogBit_CAMERA                      
00009339  setWatchDogBit_DATASTORAGE                 
00009349  setWatchDogBit_HOUSEKEEPING                
00009359  setWatchDogBit_PPT                         
00009369  setWatchDogBit_TTC                         
00009379  vTaskSuspendAll                            
00009389  watchDogEventGroupCreate                   
00009399  __TI_decompress_none                       
000093b9  ADC14_enableModule                         
000093c9  CPU_cpsie                                  
000093d9  MMC_disk_status                            
000093e9  MPU9250_setClockSource                     
000093f9  PCM_getPowerState                          
00009405  REF_A_enableReferenceVoltage               
00009411  REF_A_enableTempSensor                     
00009421  SysCtl_getTempCalibrationConstant          
0000943d  __TI_zero_init                             
00009469  prvTraceGetQueueNumberHigh16               
00009479  prvTraceGetTaskNumberHigh16                
00009499  setFullScaleAccelRange                     
000094a9  setFullScaleGyroRange                      
000094b9  vTaskMissedYield                           
000094c9  prvTraceGetCurrentTaskHandle               
000094c9  xTaskGetCurrentTaskHandle                  
000094d9  xTaskGetTickCount                          
000094e9  prvTraceGetQueueNumberLow16                
000094f9  prvTraceGetTaskNumberLow16                 
00009509  setSleepEnabled                            
00009519  uxTaskGetTaskNumber                        
00009529  PCM_setCoreVoltageLevel                    
00009531  PCM_setPowerMode                           
00009539  PCM_setPowerState                          
00009541  prvTraceGetQueueType                       
00009541  ucQueueGetQueueType                        
00009549  vListInitialiseItem                        
00009551  vTaskSetTaskNumber                         
00009559  CPU_wfi                                    
00009561  get_fattime                                
00009569  prvTraceGetQueueNumber                     
00009569  uxQueueGetQueueNumber                      
00009571  vQueueSetQueueNumber                       
00009579  vTraceStart                                
00009599  vApplicationIdleHook                       
000095a1  vApplicationTickHook                       
000095a9  vPreSleepProcessing                        
0000962c  i2cConfig                                  
0000964c  ulMaxSyscallInterruptPriority              
000096c8  __TI_Handler_Table_Base                    
000096d4  __TI_Handler_Table_Limit                   
000096e0  __TI_CINIT_Base                            
000096f0  __TI_CINIT_Limit                           
2000c800  RecorderData                               
2000e118  sdDriver                                   
2000e348  file                                       
2000e570  obcData                                    
2000e6dc  imuData                                    
2000e71b  fResult                                    
2000e7a8  bufferIMU                                  
2000e7f8  localTime                                  
2000e804  WATCHDOG_EVENT_GROUP                       
2000e808  bw                                         
2000e80c  cal30                                      
2000e810  cal85                                      
2000e814  calDifference                              
2000e818  flag_lowBattery                            
2000e81c  init_hwtc_count                            
2000e9b0  objectHandleStacks                         
2000ea3e  MPU9250_devAddr                            
2000ea40  isPendingContextSwitch                     
2000ea48  uiTraceTickCount                           
2000ea4c  trace_disable_timestamp                    
2000ea54  recorder_busy                              
2000ea58  timestampFrequency                         
2000ea5c  traceErrorMessage                          
2000ea60  nISRactive                                 
2000ea61  handle_of_last_logged_task                 
2000ea64  vTraceStopHookPtr                          
2000ea68  CurrentFilterMask                          
2000ea6a  CurrentFilterGroup                         
2000ea70  RecorderDataPtr                            
2000eac0  pxCurrentTCB                               
2000eb24  SPI0MasterConfig                           
2000eb84  xQueueIMU                                  
2000eb88  semaphoreIMU                               
2000eb8c  TraceQueueClassTable                       
2000fce0  __stack                                    
20010000  __STACK_END                                
4000480c  WDTCTL_SYM                                 
ffffffff  __TI_pprof_out_hndl                        
ffffffff  __TI_prof_data_size                        
ffffffff  __TI_prof_data_start                       
ffffffff  __binit__                                  
ffffffff  __c_args__                                 
ffffffff  binit                                      
UNDEFED   __mpu_init                                 
UNDEFED   _system_post_cinit                         

[297 symbols]
