******************************************************************************
                  TI ARM Linker PC v18.1.1                     
******************************************************************************
>> Linked Thu May  2 22:47:14 2019

OUTPUT FILE NAME:   <RTOSDemo_mod.out>
ENTRY POINT SYMBOL: "_c_int00_noargs"  address: 00004f65


MEMORY CONFIGURATION

         name            origin    length      used     unused   attr    fill
----------------------  --------  ---------  --------  --------  ----  --------
  MAIN                  00000000   00040000  000059c6  0003a63a  R  X
  INFO                  00200000   00004000  00000000  00004000  R  X
  SRAM_CODE             01000000   00010000  00000000  00010000  RW X
  SRAM_DATA             20000000   00010000  0000d435  00002bcb  RW  


SEGMENT ALLOCATION MAP

run origin  load origin   length   init length attrs members
----------  ----------- ---------- ----------- ----- -------
00000000    00000000    000059d0   000059d0    r-x
  00000000    00000000    00000144   00000144    r-- .intvecs
  00000148    00000148    000057da   000057da    r-x .text
  00005924    00005924    00000018   00000018    r-- .const
  00005940    00005940    00000090   00000090    r-- .cinit
20000000    20000000    0000d115   00000000    rw-
  20000000    20000000    0000cdb8   00000000    rw- .bss
  2000cdb8    2000cdb8    0000035d   00000000    rw- .data
2000fce0    2000fce0    00000320   00000000    rw-
  2000fce0    2000fce0    00000320   00000000    rw- .stack


SECTION ALLOCATION MAP

 output                                  attributes/
section   page    origin      length       input sections
--------  ----  ----------  ----------   ----------------
.intvecs   0    00000000    00000144     
                  00000000    00000144     msp432_startup_ccs.obj (.intvecs:retain)

.text      0    00000148    000057da     
                  00000148    0000035e     trcKernelPort.obj (.text:pszTraceGetErrorNotEnoughHandles)
                  000004a6    00000002     --HOLE-- [fill = 0]
                  000004a8    00000304     ff.obj (.text:find_volume)
                  000007ac    00000004     rtsv7M4_T_le_v4SPD16_eabi.lib : pre_init.c.obj (.text:_system_pre_init)
                  000007b0    000001d2     ff.obj (.text:f_write)
                  00000982    00000004     rtsv7M4_T_le_v4SPD16_eabi.lib : exit.c.obj (.text:abort:abort)
                  00000986    00000002     --HOLE-- [fill = 0]
                  00000988    000001c8     trcSnapshotRecorder.obj (.text:prvTraceStoreKernelCallWithParam)
                  00000b50    000001c6     ff.obj (.text:f_open)
                  00000d16    00000002     --HOLE-- [fill = 0]
                  00000d18    000001c0     IntQueue.obj (.text:xSecondTimerHandler)
                  00000ed8    000001a0     trcSnapshotRecorder.obj (.text:prvTraceStoreKernelCall)
                  00001078    0000019c     mmc_MSP432P401r.obj (.text:MMC_disk_ioctl)
                  00001214    00000004     --HOLE-- [fill = 0]
                  00001218    00000198     tasks.obj (.text:xTaskIncrementTick)
                  000013b0    00000188     queue.obj (.text:xQueueGenericSendFromISR)
                  00001538    00000184     trcSnapshotRecorder.obj (.text:prvTraceGetDTS)
                  000016bc    00000004     --HOLE-- [fill = 0]
                  000016c0    0000015c     mmc_MSP432P401r.obj (.text:MMC_disk_initialize)
                  0000181c    00000004     --HOLE-- [fill = 0]
                  00001820    0000014c     trcSnapshotRecorder.obj (.text:prvTraceGetObjectHandle)
                  0000196c    00000004     --HOLE-- [fill = 0]
                  00001970    00000148     cs.obj (.text:CS_getDCOFrequency)
                  00001ab8    00000148     trcSnapshotRecorder.obj (.text:prvCheckDataToBeOverwrittenForMultiEntryEvents)
                  00001c00    00000148     queue.obj (.text:xQueueReceiveFromISR)
                  00001d48    00000144     heap_4.obj (.text:pvPortMalloc)
                  00001e8c    00000004     --HOLE-- [fill = 0]
                  00001e90    00000140     tasks.obj (.text:prvAddNewTaskToReadyList)
                  00001fd0    00000130     trcSnapshotRecorder.obj (.text:uiIndexOfObject)
                  00002100    00000130     IntQueue.obj (.text:xFirstTimerHandler)
                  00002230    00000128     tasks.obj (.text:xTaskResumeAll)
                  00002358    00000124     tasks.obj (.text:vTaskNotifyGiveFromISR)
                  0000247c    00000004     --HOLE-- [fill = 0]
                  00002480    00000120     tasks.obj (.text:xTaskPriorityDisinherit)
                  000025a0    00000114     cs.obj (.text:_CSComputeCLKFrequency)
                  000026b4    00000004     --HOLE-- [fill = 0]
                  000026b8    00000110     trcSnapshotRecorder.obj (.text:prvTraceStoreKernelCallWithNumericParamOnly)
                  000027c8    0000010c     trcSnapshotRecorder.obj (.text:prvTraceSetObjectName)
                  000028d4    00000004     --HOLE-- [fill = 0]
                  000028d8    00000108     pcm.obj (.text:__PCM_setPowerModeAdvanced)
                  000029e0    00000104     ff.obj (.text:create_chain)
                  00002ae4    00000004     --HOLE-- [fill = 0]
                  00002ae8    00000103     ff.obj (.text:create_name)
                  00002beb    00000005     --HOLE-- [fill = 0]
                  00002bf0    000000fa     ff.obj (.text:put_fat)
                  00002cea    00000006     --HOLE-- [fill = 0]
                  00002cf0    000000f4     trcSnapshotRecorder.obj (.text:prvTraceStoreTaskReady)
                  00002de4    00000004     --HOLE-- [fill = 0]
                  00002de8    000000e6     ff.obj (.text:dir_next)
                  00002ece    00000002     --HOLE-- [fill = 0]
                  00002ed0    000000e4     trcSnapshotRecorder.obj (.text:prvTraceStoreTaskswitch)
                  00002fb4    00000004     --HOLE-- [fill = 0]
                  00002fb8    000000dc     trcSnapshotRecorder.obj (.text:prvTraceGetPriorityProperty)
                  00003094    000000da     portasm.obj (.text)
                  0000316e    00000002     --HOLE-- [fill = 0]
                  00003170    000000d8     trcSnapshotRecorder.obj (.text:prvTraceSetPriorityProperty)
                  00003248    000000d4     tasks.obj (.text:vTaskSwitchContext)
                  0000331c    00000004     --HOLE-- [fill = 0]
                  00003320    000000d0     pcm.obj (.text:__PCM_setCoreVoltageLevelAdvanced)
                  000033f0    000000d0     trcSnapshotRecorder.obj (.text:prvTraceGetObjectState)
                  000034c0    000000cc     trcSnapshotRecorder.obj (.text:prvTraceSetObjectState)
                  0000358c    00000004     --HOLE-- [fill = 0]
                  00003590    000000ca     ff.obj (.text:get_fat)
                  0000365a    00000006     --HOLE-- [fill = 0]
                  00003660    000000c0     tasks.obj (.text:xTaskRemoveFromEventList)
                  00003720    000000bc     mmc_MSP432P401r.obj (.text:MMC_disk_write)
                  000037dc    00000004     --HOLE-- [fill = 0]
                  000037e0    000000bc     trcSnapshotRecorder.obj (.text:vTraceStoreMemMangEvent)
                  0000389c    00000004     --HOLE-- [fill = 0]
                  000038a0    000000b4     serial.obj (.text:vUART_Handler)
                  00003954    000000b0     msp432p4xx_driverlib.lib : spi.o (.text:SPI_initMaster)
                  00003a04    00000004     --HOLE-- [fill = 0]
                  00003a08    000000ae     tasks.obj (.text:prvInitialiseNewTask)
                  00003ab6    00000002     --HOLE-- [fill = 0]
                  00003ab8    000000a0     ff.obj (.text:dir_sdi)
                  00003b58    0000009c     rtsv7M4_T_le_v4SPD16_eabi.lib : memcpy_t2.asm.obj (.text)
                  00003bf4    00000004     --HOLE-- [fill = 0]
                  00003bf8    0000009c     tasks.obj (.text:vTaskDelay)
                  00003c94    00000004     --HOLE-- [fill = 0]
                  00003c98    00000098     ff.obj (.text:f_sync)
                  00003d30    00000094     mmc_MSP432P401r.obj (.text:MMC_disk_read)
                  00003dc4    00000004     --HOLE-- [fill = 0]
                  00003dc8    00000094     trcSnapshotRecorder.obj (.text:prvTraceGetParam)
                  00003e5c    00000004     --HOLE-- [fill = 0]
                  00003e60    0000008c     ff.obj (.text:sync_fs)
                  00003eec    00000004     --HOLE-- [fill = 0]
                  00003ef0    0000008c     heap_4.obj (.text:vPortFree)
                  00003f7c    00000004     --HOLE-- [fill = 0]
                  00003f80    0000008a     ff.obj (.text:check_fs)
                  0000400a    00000006     --HOLE-- [fill = 0]
                  00004010    00000088     tasks.obj (.text:prvAddCurrentTaskToDelayedList)
                  00004098    00000086     ff.obj (.text:follow_path)
                  0000411e    00000002     --HOLE-- [fill = 0]
                  00004120    00000080     dataStorage.obj (.text:dataStorage)
                  000041a0    00000080     ff.obj (.text:remove_chain)
                  00004220    0000007c     trcSnapshotRecorder.obj (.text:prvTraceSetTaskInstanceFinished)
                  0000429c    0000007a     rtsv7M4_T_le_v4SPD16_eabi.lib : memset_t2.asm.obj (.text)
                  00004316    00000002     --HOLE-- [fill = 0]
                  00004318    00000070     queue.obj (.text:prvCopyDataToQueue)
                  00004388    00000070     heap_4.obj (.text:prvHeapInit)
                  000043f8    00000070     tasks.obj (.text:prvInitialiseTaskLists)
                  00004468    00000070     mmc_MSP432P401r.obj (.text:send_cmd)
                  000044d8    00000068     system_msp432p401r.obj (.text:SystemInit)
                  00004540    00000068     rtsv7M4_T_le_v4SPD16_eabi.lib : copy_decompress_lzss.c.obj (.text:decompress:lzss:__TI_decompress_lzss)
                  000045a8    00000068     heap_4.obj (.text:prvInsertBlockIntoFreeList)
                  00004610    00000068     tasks.obj (.text:xTaskCreate)
                  00004678    00000066     ff.obj (.text:dir_clear)
                  000046de    00000002     --HOLE-- [fill = 0]
                  000046e0    00000064     trcSnapshotRecorder.obj (.text:prvTraceNextFreeEventBufferSlot)
                  00004744    00000004     --HOLE-- [fill = 0]
                  00004748    00000064     port.obj (.text:vPortValidateInterruptPriority)
                  000047ac    00000004     --HOLE-- [fill = 0]
                  000047b0    00000060     mmc_MSP432P401r.obj (.text:xmit_datablock)
                  00004810    00000058     dataStorage.obj (.text:initSD)
                  00004868    00000056     ff.obj (.text:dir_find)
                  000048be    00000002     --HOLE-- [fill = 0]
                  000048c0    00000054     gpio.obj (.text:GPIO_setAsPeripheralModuleFunctionInputPin)
                  00004914    00000004     --HOLE-- [fill = 0]
                  00004918    00000054     sysctl.obj (.text:SysCtl_getTLVInfo)
                  0000496c    00000004     --HOLE-- [fill = 0]
                  00004970    00000054     trcSnapshotRecorder.obj (.text:prvTracePortGetTimeStamp)
                  000049c4    00000004     --HOLE-- [fill = 0]
                  000049c8    00000052     cs.obj (.text:_CSGetDividerValue)
                  00004a1a    00000006     --HOLE-- [fill = 0]
                  00004a20    00000050     pcm.obj (.text:PCM_getCoreVoltageLevel)
                  00004a70    00000050     SPI_Driver.obj (.text:SPI_Init)
                  00004ac0    00000050     cs.obj (.text:_CSGetDOCFrequency)
                  00004b10    00000050     ff.obj (.text:dbc_2nd)
                  00004b60    0000004e     ff.obj (.text:dir_alloc)
                  00004bae    00000002     --HOLE-- [fill = 0]
                  00004bb0    0000004c     ff.obj (.text:f_mount)
                  00004bfc    00000004     --HOLE-- [fill = 0]
                  00004c00    0000004c     mmc_MSP432P401r.obj (.text:rcvr_datablock)
                  00004c4c    00000004     --HOLE-- [fill = 0]
                  00004c50    00000048     ff.obj (.text:get_ldnumber)
                  00004c98    00000048     ff.obj (.text:sync_window)
                  00004ce0    00000044     rtsv7M4_T_le_v4SPD16_eabi.lib : autoinit.c.obj (.text:__TI_auto_init_nobinit_nopinit:__TI_auto_init_nobinit_nopinit)
                  00004d24    00000040     msp432p4xx_driverlib.lib : spi.o (.text:is_A_Module)
                  00004d64    00000004     --HOLE-- [fill = 0]
                  00004d68    0000003e     mmc_MSP432P401r.obj (.text:send_cmd12)
                  00004da6    00000002     --HOLE-- [fill = 0]
                  00004da8    0000003c     trcSnapshotRecorder.obj (.text:prvTraceError)
                  00004de4    00000004     --HOLE-- [fill = 0]
                  00004de8    0000003c     trcSnapshotRecorder.obj (.text:prvTraceUpdateCounters)
                  00004e24    00000004     --HOLE-- [fill = 0]
                  00004e28    0000003c     mmc_MSP432P401r.obj (.text:send_initial_clock_train)
                  00004e64    00000004     --HOLE-- [fill = 0]
                  00004e68    0000003c     port.obj (.text:vPortEnterCritical)
                  00004ea4    00000004     --HOLE-- [fill = 0]
                  00004ea8    0000003a     pcm.obj (.text:PCM_getPowerMode)
                  00004ee2    00000006     --HOLE-- [fill = 0]
                  00004ee8    0000003a     ff.obj (.text:dir_register)
                  00004f22    00000006     --HOLE-- [fill = 0]
                  00004f28    0000003a     ff.obj (.text:validate)
                  00004f62    00000002     --HOLE-- [fill = 0]
                  00004f64    00000038     rtsv7M4_T_le_v4SPD16_eabi.lib : boot_cortex_m.c.obj (.text:_c_int00_noargs:_c_int00_noargs)
                  00004f9c    00000004     --HOLE-- [fill = 0]
                  00004fa0    00000038     main.obj (.text:main)
                  00004fd8    00000038     port.obj (.text:prvTaskExitError)
                  00005010    00000034     SPI_Driver.obj (.text:SPI_Read)
                  00005044    00000004     --HOLE-- [fill = 0]
                  00005048    00000034     SPI_Driver.obj (.text:SPI_Write)
                  0000507c    00000004     --HOLE-- [fill = 0]
                  00005080    00000034     ff.obj (.text:dbc_1st)
                  000050b4    00000004     --HOLE-- [fill = 0]
                  000050b8    00000034     ff.obj (.text:move_window)
                  000050ec    00000004     --HOLE-- [fill = 0]
                  000050f0    00000034     list.obj (.text:vListInsert)
                  00005124    00000004     --HOLE-- [fill = 0]
                  00005128    00000034     IntQueueTimer.obj (.text:vT32_0_Handler)
                  0000515c    00000004     --HOLE-- [fill = 0]
                  00005160    00000034     IntQueueTimer.obj (.text:vT32_1_Handler)
                  00005194    00000004     --HOLE-- [fill = 0]
                  00005198    00000030     flash.obj (.text:FlashCtl_setWaitState)
                  000051c8    00000030     tasks.obj (.text:prvResetNextTaskUnblockTime)
                  000051f8    00000030     main.obj (.text:prvSetupHardware)
                  00005228    00000030     port.obj (.text:vPortExitCritical)
                  00005258    0000002c     cs.obj (.text:CS_setDCOCenteredFrequency)
                  00005284    00000004     --HOLE-- [fill = 0]
                  00005288    0000002c     port.obj (.text:pxPortInitialiseStack)
                  000052b4    00000004     --HOLE-- [fill = 0]
                  000052b8    0000002c     mmc_MSP432P401r.obj (.text:rcvr_spi)
                  000052e4    00000004     --HOLE-- [fill = 0]
                  000052e8    0000002c     port.obj (.text:xPortSysTickHandler)
                  00005314    00000004     --HOLE-- [fill = 0]
                  00005318    0000002c     queue.obj (.text:xQueueIsQueueFullFromISR)
                  00005344    00000004     --HOLE-- [fill = 0]
                  00005348    00000028     queue.obj (.text:prvCopyDataFromQueue)
                  00005370    00000028     mmc_MSP432P401r.obj (.text:xmit_spi)
                  00005398    00000026     ff.obj (.text:ld_clust)
                  000053be    00000002     --HOLE-- [fill = 0]
                  000053c0    00000026     list.obj (.text:uxListRemove)
                  000053e6    00000002     --HOLE-- [fill = 0]
                  000053e8    00000024     cs.obj (.text:CS_clearInterruptFlag)
                  0000540c    00000004     --HOLE-- [fill = 0]
                  00005410    00000024     trcSnapshotRecorder.obj (.text:vTraceStop)
                  00005434    00000004     --HOLE-- [fill = 0]
                  00005438    00000024     mmc_MSP432P401r.obj (.text:wait_ready)
                  0000545c    00000004     --HOLE-- [fill = 0]
                  00005460    00000022     CS_Driver.obj (.text:CS_Init)
                  00005482    00000006     --HOLE-- [fill = 0]
                  00005488    00000022     diskio.obj (.text:disk_read)
                  000054aa    00000006     --HOLE-- [fill = 0]
                  000054b0    00000022     diskio.obj (.text:disk_write)
                  000054d2    00000006     --HOLE-- [fill = 0]
                  000054d8    00000022     ff.obj (.text:st_clust)
                  000054fa    00000006     --HOLE-- [fill = 0]
                  00005500    00000020     gpio.obj (.text:GPIO_setAsOutputPin)
                  00005520    00000020     diskio.obj (.text:disk_ioctl)
                  00005540    00000020     IntQueue.obj (.text:prvRecordValue_NormallyEmpty)
                  00005560    00000020     IntQueue.obj (.text:prvRecordValue_NormallyFull)
                  00005580    00000020     trcSnapshotRecorder.obj (.text:prvStrncpy)
                  000055a0    0000001e     list.obj (.text:vListInitialise)
                  000055be    00000002     --HOLE-- [fill = 0]
                  000055c0    0000001c     ff.obj (.text:mem_cmp)
                  000055dc    00000004     --HOLE-- [fill = 0]
                  000055e0    0000001a     ff.obj (.text:clst2sect)
                  000055fa    00000006     --HOLE-- [fill = 0]
                  00005600    0000001a     trcKernelPort.obj (.text:prvTraceSetTaskNumberHigh16)
                  0000561a    00000006     --HOLE-- [fill = 0]
                  00005620    0000001a     trcKernelPort.obj (.text:prvTraceSetTaskNumberLow16)
                  0000563a    00000006     --HOLE-- [fill = 0]
                  00005640    00000018     cs.obj (.text:CS_getMCLK)
                  00005658    00000018     ff.obj (.text:chk_chr)
                  00005670    00000018     diskio.obj (.text:disk_initialize)
                  00005688    00000018     diskio.obj (.text:disk_status)
                  000056a0    00000018     msp432_startup_ccs.obj (.text:resetISR)
                  000056b8    00000018     ff.obj (.text:st_dword)
                  000056d0    00000018     list.obj (.text:vListInsertEnd)
                  000056e8    00000016     ff.obj (.text:ld_dword)
                  000056fe    00000002     --HOLE-- [fill = 0]
                  00005700    00000016     ff.obj (.text:mem_cpy)
                  00005716    00000002     --HOLE-- [fill = 0]
                  00005718    00000014     gpio.obj (.text:GPIO_setOutputLowOnPin)
                  0000572c    00000004     --HOLE-- [fill = 0]
                  00005730    00000014     mmc_MSP432P401r.obj (.text:power_on)
                  00005744    00000004     --HOLE-- [fill = 0]
                  00005748    00000014     IntQueue.obj (.text:prvQueueAccessLogError)
                  0000575c    00000004     --HOLE-- [fill = 0]
                  00005760    00000012     ff.obj (.text:mem_set)
                  00005772    00000006     --HOLE-- [fill = 0]
                  00005778    00000012     main.obj (.text:vApplicationMallocFailedHook)
                  0000578a    00000006     --HOLE-- [fill = 0]
                  00005790    00000012     main.obj (.text:vApplicationStackOverflowHook)
                  000057a2    00000006     --HOLE-- [fill = 0]
                  000057a8    00000010     fpu.obj (.text:FPU_enableModule)
                  000057b8    00000010     GPIO_Driver.obj (.text:GPIO_High)
                  000057c8    00000010     GPIO_Driver.obj (.text:GPIO_Low)
                  000057d8    00000010     tasks.obj (.text:vTaskSuspendAll)
                  000057e8    0000000e     rtsv7M4_T_le_v4SPD16_eabi.lib : copy_decompress_none.c.obj (.text:decompress:none:__TI_decompress_none)
                  000057f6    00000002     --HOLE-- [fill = 0]
                  000057f8    0000000e     ff.obj (.text:st_word)
                  00005806    00000002     --HOLE-- [fill = 0]
                  00005808    0000000c     mmc_MSP432P401r.obj (.text:MMC_disk_status)
                  00005814    00000004     --HOLE-- [fill = 0]
                  00005818    0000000c     pcm.obj (.text:PCM_getPowerState)
                  00005824    00000004     --HOLE-- [fill = 0]
                  00005828    0000000c     mmc_MSP432P401r.obj (.text:chk_power)
                  00005834    0000000c     rtsv7M4_T_le_v4SPD16_eabi.lib : copy_zero_init.c.obj (.text:decompress:ZI:__TI_zero_init)
                  00005840    0000000c     ff.obj (.text:ld_word)
                  0000584c    00000004     --HOLE-- [fill = 0]
                  00005850    0000000c     mmc_MSP432P401r.obj (.text:power_off)
                  0000585c    00000004     --HOLE-- [fill = 0]
                  00005860    0000000c     trcKernelPort.obj (.text:prvTraceGetQueueNumberHigh16)
                  0000586c    00000004     --HOLE-- [fill = 0]
                  00005870    0000000c     trcKernelPort.obj (.text:prvTraceGetTaskNumberHigh16)
                  0000587c    00000004     --HOLE-- [fill = 0]
                  00005880    0000000c     mmc_MSP432P401r.obj (.text:rcvr_spi_m)
                  0000588c    00000004     --HOLE-- [fill = 0]
                  00005890    0000000c     tasks.obj (.text:xTaskGetCurrentTaskHandle)
                  0000589c    00000004     --HOLE-- [fill = 0]
                  000058a0    0000000a     trcKernelPort.obj (.text:prvTraceGetQueueNumberLow16)
                  000058aa    00000006     --HOLE-- [fill = 0]
                  000058b0    0000000a     trcKernelPort.obj (.text:prvTraceGetTaskNumberLow16)
                  000058ba    00000006     --HOLE-- [fill = 0]
                  000058c0    0000000a     tasks.obj (.text:uxTaskGetTaskNumber)
                  000058ca    00000006     --HOLE-- [fill = 0]
                  000058d0    00000008     pcm.obj (.text:PCM_setCoreVoltageLevel)
                  000058d8    00000008     pcm.obj (.text:PCM_setPowerMode)
                  000058e0    00000006     queue.obj (.text:ucQueueGetQueueType)
                  000058e6    00000002     --HOLE-- [fill = 0]
                  000058e8    00000006     list.obj (.text:vListInitialiseItem)
                  000058ee    00000002     --HOLE-- [fill = 0]
                  000058f0    00000006     tasks.obj (.text:vTaskSetTaskNumber)
                  000058f6    00000002     --HOLE-- [fill = 0]
                  000058f8    00000004     mmc_MSP432P401r.obj (.text:get_fattime)
                  000058fc    00000004     --HOLE-- [fill = 0]
                  00005900    00000004     queue.obj (.text:uxQueueGetQueueNumber)
                  00005904    00000004     --HOLE-- [fill = 0]
                  00005908    00000002     msp432_startup_ccs.obj (.text:defaultISR)
                  0000590a    00000006     --HOLE-- [fill = 0]
                  00005910    00000002     msp432_startup_ccs.obj (.text:faultISR)
                  00005912    00000006     --HOLE-- [fill = 0]
                  00005918    00000002     msp432_startup_ccs.obj (.text:nmiISR)
                  0000591a    00000006     --HOLE-- [fill = 0]
                  00005920    00000002     main_blinky.obj (.text:vApplicationTickHook)

.const     0    00005924    00000018     
                  00005924    0000000a     ff.obj (.const:.string:DbcTbl)
                  0000592e    00000002     --HOLE-- [fill = 0]
                  00005930    00000008     port.obj (.const)
                  00005938    00000004     serial.obj (.const)

.cinit     0    00005940    00000090     
                  00005940    00000066     (.cinit..data.load) [load image, compression = lzss]
                  000059a6    00000002     --HOLE-- [fill = 0]
                  000059a8    0000000c     (__TI_handler_table)
                  000059b4    00000004     --HOLE-- [fill = 0]
                  000059b8    00000008     (.cinit..bss.load) [load image, compression = zero_init]
                  000059c0    00000010     (__TI_cinit_table)

.bss       0    20000000    0000cdb8     UNINITIALIZED
                  20000000    0000c800     heap_4.obj (.bss:ucHeap)
                  2000c800    00000230     (.common:sdDriver)
                  2000ca30    00000228     (.common:file)
                  2000cc58    00000064     tasks.obj (.bss:pxReadyTasksLists)
                  2000ccbc    00000064     (.common:buffer)
                  2000cd20    00000014     tasks.obj (.bss:xDelayedTaskList1)
                  2000cd34    00000014     tasks.obj (.bss:xDelayedTaskList2)
                  2000cd48    00000014     tasks.obj (.bss:xPendingReadyList)
                  2000cd5c    00000014     tasks.obj (.bss:xSuspendedTaskList)
                  2000cd70    00000014     tasks.obj (.bss:xTasksWaitingTermination)
                  2000cd84    00000009     mmc_MSP432P401r.obj (.bss)
                  2000cd8d    00000001     (.common:fResult)
                  2000cd8e    00000002     ff.obj (.bss)
                  2000cd90    00000008     IntQueue.obj (.bss)
                  2000cd98    00000008     cs.obj (.bss)
                  2000cda0    00000008     tasks.obj (.bss)
                  2000cda8    00000008     heap_4.obj (.bss:xStart)
                  2000cdb0    00000004     ff.obj (.bss:FatFs)
                  2000cdb4    00000004     (.common:init_hwtc_count)

.data      0    2000cdb8    0000035d     UNINITIALIZED
                  2000cdb8    000000c8     IntQueue.obj (.data:ucNormallyEmptyReceivedValues)
                  2000ce80    000000c8     IntQueue.obj (.data:ucNormallyFullReceivedValues)
                  2000cf48    0000008e     trcSnapshotRecorder.obj (.data:objectHandleStacks)
                  2000cfd6    00000002     mmc_MSP432P401r.obj (.data)
                  2000cfd8    00000044     trcSnapshotRecorder.obj (.data)
                  2000d01c    0000003c     IntQueue.obj (.data)
                  2000d058    00000034     tasks.obj (.data)
                  2000d08c    00000030     gpio.obj (.data:GPIO_PORT_TO_BASE)
                  2000d0bc    0000001c     dataStorage.obj (.data:SPI0MasterConfig)
                  2000d0d8    00000018     port.obj (.data)
                  2000d0f0    00000010     heap_4.obj (.data)
                  2000d100    00000010     serial.obj (.data)
                  2000d110    00000005     trcKernelPort.obj (.data:TraceQueueClassTable)

.stack     0    2000fce0    00000320     UNINITIALIZED
                  2000fce0    00000004     rtsv7M4_T_le_v4SPD16_eabi.lib : boot_cortex_m.c.obj (.stack)
                  2000fce4    0000031c     --HOLE--

MODULE SUMMARY

       Module                       code    ro data   rw data
       ------                       ----    -------   -------
    .\
       main.obj                     140     0         0      
    +--+----------------------------+-------+---------+---------+
       Total:                       140     0         0      
                                                             
    .\FreeRTOS_Source\
       tasks.obj                    2782    0         260    
       queue.obj                    926     0         0      
       list.obj                     150     0         0      
    +--+----------------------------+-------+---------+---------+
       Total:                       3858    0         260    
                                                             
    .\FreeRTOS_Source\portable\CCS\ARM_CM4F\
       port.obj                     352     8         24     
       portasm.obj                  218     0         0      
    +--+----------------------------+-------+---------+---------+
       Total:                       570     8         24     
                                                             
    .\FreeRTOS_Source\portable\MemMang\
       heap_4.obj                   680     0         51224  
    +--+----------------------------+-------+---------+---------+
       Total:                       680     0         51224  
                                                             
    .\Full_Demo\
       serial.obj                   180     4         16     
       IntQueueTimer.obj            104     0         0      
    +--+----------------------------+-------+---------+---------+
       Total:                       284     4         16     
                                                             
    .\Full_Demo\Standard_Demo_Tasks\
       IntQueue.obj                 836     0         468    
    +--+----------------------------+-------+---------+---------+
       Total:                       836     0         468    
                                                             
    .\SimplyBlinkyDemo\
       main_blinky.obj              2       0         0      
    +--+----------------------------+-------+---------+---------+
       Total:                       2       0         0      
                                                             
    .\Tracealyzer\
       trcSnapshotRecorder.obj      4916    0         214    
       trcKernelPort.obj            958     0         5      
    +--+----------------------------+-------+---------+---------+
       Total:                       5874    0         219    
                                                             
    .\driverlib\
       cs.obj                       870     0         8      
       pcm.obj                      638     0         0      
       gpio.obj                     136     0         48     
       sysctl.obj                   84      0         0      
       flash.obj                    48      0         0      
       fpu.obj                      16      0         0      
    +--+----------------------------+-------+---------+---------+
       Total:                       1792    0         56     
                                                             
    .\src\
       dataStorage.obj              216     0         1241   
    +--+----------------------------+-------+---------+---------+
       Total:                       216     0         1241   
                                                             
    .\system\CCS\
       msp432_startup_ccs.obj       30      324       0      
       system_msp432p401r.obj       104     0         0      
    +--+----------------------------+-------+---------+---------+
       Total:                       134     324       0      
                                                             
    .\util\Hardware\
       SPI_Driver.obj               184     0         0      
       CS_Driver.obj                34      0         0      
       GPIO_Driver.obj              32      0         0      
    +--+----------------------------+-------+---------+---------+
       Total:                       250     0         0      
                                                             
    .\util\fatfs\
       ff.obj                       4793    10        6      
       mmc_MSP432P401r.obj          1694    0         11     
       diskio.obj                   148     0         0      
    +--+----------------------------+-------+---------+---------+
       Total:                       6635    10        17     
                                                             
    C:/ti/simplelink_msp432p4_sdk_2_40_00_10/source/ti/devices/msp432p4xx/driverlib/ccs/msp432p4xx_driverlib.lib
       spi.o                        240     0         0      
    +--+----------------------------+-------+---------+---------+
       Total:                       240     0         0      
                                                             
    C:\ti\ccsv8\tools\compiler\ti-cgt-arm_18.1.1.LTS\lib\rtsv7M4_T_le_v4SPD16_eabi.lib
       memcpy_t2.asm.obj            156     0         0      
       memset_t2.asm.obj            122     0         0      
       copy_decompress_lzss.c.obj   104     0         0      
       autoinit.c.obj               68      0         0      
       boot_cortex_m.c.obj          56      0         0      
       copy_decompress_none.c.obj   14      0         0      
       copy_zero_init.c.obj         12      0         0      
       exit.c.obj                   4       0         0      
       pre_init.c.obj               4       0         0      
    +--+----------------------------+-------+---------+---------+
       Total:                       540     0         0      
                                                             
       Stack:                       0       0         800    
       Linker Generated:            0       138       0      
    +--+----------------------------+-------+---------+---------+
       Grand Total:                 22051   484       54325  


LINKER GENERATED COPY TABLES

__TI_cinit_table @ 000059c0 records: 2, size/record: 8, table size: 16
	.data: load addr=00005940, load size=00000066 bytes, run addr=2000cdb8, run size=0000035d bytes, compression=lzss
	.bss: load addr=000059b8, load size=00000008 bytes, run addr=20000000, run size=0000cdb8 bytes, compression=zero_init


LINKER GENERATED HANDLER TABLE

__TI_handler_table @ 000059a8 records: 3, size/record: 4, table size: 12
	index: 0, handler: __TI_decompress_lzss
	index: 1, handler: __TI_decompress_none
	index: 2, handler: __TI_zero_init


GLOBAL SYMBOLS: SORTED ALPHABETICALLY BY Name 

address   name                                       
-------   ----                                       
00000983  C$$EXIT                                    
00005461  CS_Init                                    
000053e9  CS_clearInterruptFlag                      
00001971  CS_getDCOFrequency                         
00005641  CS_getMCLK                                 
00005259  CS_setDCOCenteredFrequency                 
2000d002  CurrentFilterGroup                         
2000d000  CurrentFilterMask                          
000057a9  FPU_enableModule                           
00005199  FlashCtl_setWaitState                      
000057b9  GPIO_High                                  
000057c9  GPIO_Low                                   
00005501  GPIO_setAsOutputPin                        
000048c1  GPIO_setAsPeripheralModuleFunctionInputPin 
00005719  GPIO_setOutputLowOnPin                     
000016c1  MMC_disk_initialize                        
00001079  MMC_disk_ioctl                             
00003d31  MMC_disk_read                              
00005809  MMC_disk_status                            
00003721  MMC_disk_write                             
00004a21  PCM_getCoreVoltageLevel                    
00004ea9  PCM_getPowerMode                           
00005819  PCM_getPowerState                          
000058d1  PCM_setCoreVoltageLevel                    
000058d9  PCM_setPowerMode                           
2000d008  RecorderDataPtr                            
2000d0bc  SPI0MasterConfig                           
00004a71  SPI_Init                                   
00005011  SPI_Read                                   
00005049  SPI_Write                                  
00003955  SPI_initMaster                             
00004919  SysCtl_getTLVInfo                          
000044d9  SystemInit                                 
2000d110  TraceQueueClassTable                       
4000480c  WDTCTL_SYM                                 
20010000  __STACK_END                                
00000320  __STACK_SIZE                               
000059c0  __TI_CINIT_Base                            
000059d0  __TI_CINIT_Limit                           
000059a8  __TI_Handler_Table_Base                    
000059b4  __TI_Handler_Table_Limit                   
00004ce1  __TI_auto_init_nobinit_nopinit             
00004541  __TI_decompress_lzss                       
000057e9  __TI_decompress_none                       
ffffffff  __TI_pprof_out_hndl                        
ffffffff  __TI_prof_data_size                        
ffffffff  __TI_prof_data_start                       
00000000  __TI_static_base__                         
00005835  __TI_zero_init                             
0000429d  __aeabi_memclr                             
0000429d  __aeabi_memclr4                            
0000429d  __aeabi_memclr8                            
00003b59  __aeabi_memcpy                             
00003b59  __aeabi_memcpy4                            
00003b59  __aeabi_memcpy8                            
0000429f  __aeabi_memset                             
0000429f  __aeabi_memset4                            
0000429f  __aeabi_memset8                            
ffffffff  __binit__                                  
ffffffff  __c_args__                                 
UNDEFED   __mpu_init                                 
2000fce0  __stack                                    
00004f65  _c_int00_noargs                            
UNDEFED   _system_post_cinit                         
000007ad  _system_pre_init                           
00000983  abort                                      
ffffffff  binit                                      
2000ccbc  buffer                                     
00004121  dataStorage                                
00005671  disk_initialize                            
00005521  disk_ioctl                                 
00005489  disk_read                                  
00005689  disk_status                                
000054b1  disk_write                                 
2000cd8d  fResult                                    
00004bb1  f_mount                                    
00000b51  f_open                                     
00003c99  f_sync                                     
000007b1  f_write                                    
2000ca30  file                                       
000058f9  get_fattime                                
2000cff9  handle_of_last_logged_task                 
00004811  initSD                                     
2000cdb4  init_hwtc_count                            
00000000  interruptVectors                           
2000cfd8  isPendingContextSwitch                     
00004fa1  main                                       
00003b59  memcpy                                     
000042a5  memset                                     
2000cff8  nISRactive                                 
2000cf48  objectHandleStacks                         
00004da9  prvTraceError                              
00005891  prvTraceGetCurrentTaskHandle               
00001821  prvTraceGetObjectHandle                    
00002fb9  prvTraceGetPriorityProperty                
00005901  prvTraceGetQueueNumber                     
00005861  prvTraceGetQueueNumberHigh16               
000058a1  prvTraceGetQueueNumberLow16                
000058e1  prvTraceGetQueueType                       
00005871  prvTraceGetTaskNumberHigh16                
000058b1  prvTraceGetTaskNumberLow16                 
00004971  prvTracePortGetTimeStamp                   
000027c9  prvTraceSetObjectName                      
000034c1  prvTraceSetObjectState                     
00003171  prvTraceSetPriorityProperty                
00004221  prvTraceSetTaskInstanceFinished            
00005601  prvTraceSetTaskNumberHigh16                
00005621  prvTraceSetTaskNumberLow16                 
00000ed9  prvTraceStoreKernelCall                    
000026b9  prvTraceStoreKernelCallWithNumericParamOnly
00000989  prvTraceStoreKernelCallWithParam           
00002cf1  prvTraceStoreTaskReady                     
00002ed1  prvTraceStoreTaskswitch                    
00000149  pszTraceGetErrorNotEnoughHandles           
00001d49  pvPortMalloc                               
2000d058  pxCurrentTCB                               
00005289  pxPortInitialiseStack                      
2000cfec  recorder_busy                              
2000c800  sdDriver                                   
2000cff0  timestampFrequency                         
2000cff4  traceErrorMessage                          
2000cfe4  trace_disable_timestamp                    
000058e1  ucQueueGetQueueType                        
00001fd1  uiIndexOfObject                            
2000cfe0  uiTraceTickCount                           
00005930  ulMaxSyscallInterruptPriority              
000030a5  ulPortGetIPSR                              
000053c1  uxListRemove                               
00005901  uxQueueGetQueueNumber                      
000058c1  uxTaskGetTaskNumber                        
00005779  vApplicationMallocFailedHook               
00005791  vApplicationStackOverflowHook              
00005921  vApplicationTickHook                       
000055a1  vListInitialise                            
000058e9  vListInitialiseItem                        
000050f1  vListInsert                                
000056d1  vListInsertEnd                             
00003161  vPortEnableVFP                             
00004e69  vPortEnterCritical                         
00005229  vPortExitCritical                          
00003ef1  vPortFree                                  
0000311d  vPortSVCHandler                            
0000313d  vPortStartFirstTask                        
00004749  vPortValidateInterruptPriority             
00005129  vT32_0_Handler                             
00005161  vT32_1_Handler                             
00003bf9  vTaskDelay                                 
00002359  vTaskNotifyGiveFromISR                     
000058f1  vTaskSetTaskNumber                         
000057d9  vTaskSuspendAll                            
00003249  vTaskSwitchContext                         
00005411  vTraceStop                                 
2000cffc  vTraceStopHookPtr                          
000037e1  vTraceStoreMemMangEvent                    
000038a1  vUART_Handler                              
00002101  xFirstTimerHandler                         
000030bd  xPortPendSVHandler                         
000052e9  xPortSysTickHandler                        
000013b1  xQueueGenericSendFromISR                   
00005319  xQueueIsQueueFullFromISR                   
00001c01  xQueueReceiveFromISR                       
00000d19  xSecondTimerHandler                        
00004611  xTaskCreate                                
00005891  xTaskGetCurrentTaskHandle                  
00001219  xTaskIncrementTick                         
00002481  xTaskPriorityDisinherit                    
00003661  xTaskRemoveFromEventList                   
00002231  xTaskResumeAll                             


GLOBAL SYMBOLS: SORTED BY Symbol Address 

address   name                                       
-------   ----                                       
00000000  __TI_static_base__                         
00000000  interruptVectors                           
00000149  pszTraceGetErrorNotEnoughHandles           
00000320  __STACK_SIZE                               
000007ad  _system_pre_init                           
000007b1  f_write                                    
00000983  C$$EXIT                                    
00000983  abort                                      
00000989  prvTraceStoreKernelCallWithParam           
00000b51  f_open                                     
00000d19  xSecondTimerHandler                        
00000ed9  prvTraceStoreKernelCall                    
00001079  MMC_disk_ioctl                             
00001219  xTaskIncrementTick                         
000013b1  xQueueGenericSendFromISR                   
000016c1  MMC_disk_initialize                        
00001821  prvTraceGetObjectHandle                    
00001971  CS_getDCOFrequency                         
00001c01  xQueueReceiveFromISR                       
00001d49  pvPortMalloc                               
00001fd1  uiIndexOfObject                            
00002101  xFirstTimerHandler                         
00002231  xTaskResumeAll                             
00002359  vTaskNotifyGiveFromISR                     
00002481  xTaskPriorityDisinherit                    
000026b9  prvTraceStoreKernelCallWithNumericParamOnly
000027c9  prvTraceSetObjectName                      
00002cf1  prvTraceStoreTaskReady                     
00002ed1  prvTraceStoreTaskswitch                    
00002fb9  prvTraceGetPriorityProperty                
000030a5  ulPortGetIPSR                              
000030bd  xPortPendSVHandler                         
0000311d  vPortSVCHandler                            
0000313d  vPortStartFirstTask                        
00003161  vPortEnableVFP                             
00003171  prvTraceSetPriorityProperty                
00003249  vTaskSwitchContext                         
000034c1  prvTraceSetObjectState                     
00003661  xTaskRemoveFromEventList                   
00003721  MMC_disk_write                             
000037e1  vTraceStoreMemMangEvent                    
000038a1  vUART_Handler                              
00003955  SPI_initMaster                             
00003b59  __aeabi_memcpy                             
00003b59  __aeabi_memcpy4                            
00003b59  __aeabi_memcpy8                            
00003b59  memcpy                                     
00003bf9  vTaskDelay                                 
00003c99  f_sync                                     
00003d31  MMC_disk_read                              
00003ef1  vPortFree                                  
00004121  dataStorage                                
00004221  prvTraceSetTaskInstanceFinished            
0000429d  __aeabi_memclr                             
0000429d  __aeabi_memclr4                            
0000429d  __aeabi_memclr8                            
0000429f  __aeabi_memset                             
0000429f  __aeabi_memset4                            
0000429f  __aeabi_memset8                            
000042a5  memset                                     
000044d9  SystemInit                                 
00004541  __TI_decompress_lzss                       
00004611  xTaskCreate                                
00004749  vPortValidateInterruptPriority             
00004811  initSD                                     
000048c1  GPIO_setAsPeripheralModuleFunctionInputPin 
00004919  SysCtl_getTLVInfo                          
00004971  prvTracePortGetTimeStamp                   
00004a21  PCM_getCoreVoltageLevel                    
00004a71  SPI_Init                                   
00004bb1  f_mount                                    
00004ce1  __TI_auto_init_nobinit_nopinit             
00004da9  prvTraceError                              
00004e69  vPortEnterCritical                         
00004ea9  PCM_getPowerMode                           
00004f65  _c_int00_noargs                            
00004fa1  main                                       
00005011  SPI_Read                                   
00005049  SPI_Write                                  
000050f1  vListInsert                                
00005129  vT32_0_Handler                             
00005161  vT32_1_Handler                             
00005199  FlashCtl_setWaitState                      
00005229  vPortExitCritical                          
00005259  CS_setDCOCenteredFrequency                 
00005289  pxPortInitialiseStack                      
000052e9  xPortSysTickHandler                        
00005319  xQueueIsQueueFullFromISR                   
000053c1  uxListRemove                               
000053e9  CS_clearInterruptFlag                      
00005411  vTraceStop                                 
00005461  CS_Init                                    
00005489  disk_read                                  
000054b1  disk_write                                 
00005501  GPIO_setAsOutputPin                        
00005521  disk_ioctl                                 
000055a1  vListInitialise                            
00005601  prvTraceSetTaskNumberHigh16                
00005621  prvTraceSetTaskNumberLow16                 
00005641  CS_getMCLK                                 
00005671  disk_initialize                            
00005689  disk_status                                
000056d1  vListInsertEnd                             
00005719  GPIO_setOutputLowOnPin                     
00005779  vApplicationMallocFailedHook               
00005791  vApplicationStackOverflowHook              
000057a9  FPU_enableModule                           
000057b9  GPIO_High                                  
000057c9  GPIO_Low                                   
000057d9  vTaskSuspendAll                            
000057e9  __TI_decompress_none                       
00005809  MMC_disk_status                            
00005819  PCM_getPowerState                          
00005835  __TI_zero_init                             
00005861  prvTraceGetQueueNumberHigh16               
00005871  prvTraceGetTaskNumberHigh16                
00005891  prvTraceGetCurrentTaskHandle               
00005891  xTaskGetCurrentTaskHandle                  
000058a1  prvTraceGetQueueNumberLow16                
000058b1  prvTraceGetTaskNumberLow16                 
000058c1  uxTaskGetTaskNumber                        
000058d1  PCM_setCoreVoltageLevel                    
000058d9  PCM_setPowerMode                           
000058e1  prvTraceGetQueueType                       
000058e1  ucQueueGetQueueType                        
000058e9  vListInitialiseItem                        
000058f1  vTaskSetTaskNumber                         
000058f9  get_fattime                                
00005901  prvTraceGetQueueNumber                     
00005901  uxQueueGetQueueNumber                      
00005921  vApplicationTickHook                       
00005930  ulMaxSyscallInterruptPriority              
000059a8  __TI_Handler_Table_Base                    
000059b4  __TI_Handler_Table_Limit                   
000059c0  __TI_CINIT_Base                            
000059d0  __TI_CINIT_Limit                           
2000c800  sdDriver                                   
2000ca30  file                                       
2000ccbc  buffer                                     
2000cd8d  fResult                                    
2000cdb4  init_hwtc_count                            
2000cf48  objectHandleStacks                         
2000cfd8  isPendingContextSwitch                     
2000cfe0  uiTraceTickCount                           
2000cfe4  trace_disable_timestamp                    
2000cfec  recorder_busy                              
2000cff0  timestampFrequency                         
2000cff4  traceErrorMessage                          
2000cff8  nISRactive                                 
2000cff9  handle_of_last_logged_task                 
2000cffc  vTraceStopHookPtr                          
2000d000  CurrentFilterMask                          
2000d002  CurrentFilterGroup                         
2000d008  RecorderDataPtr                            
2000d058  pxCurrentTCB                               
2000d0bc  SPI0MasterConfig                           
2000d110  TraceQueueClassTable                       
2000fce0  __stack                                    
20010000  __STACK_END                                
4000480c  WDTCTL_SYM                                 
ffffffff  __TI_pprof_out_hndl                        
ffffffff  __TI_prof_data_size                        
ffffffff  __TI_prof_data_start                       
ffffffff  __binit__                                  
ffffffff  __c_args__                                 
ffffffff  binit                                      
UNDEFED   __mpu_init                                 
UNDEFED   _system_post_cinit                         

[168 symbols]
