******************************************************************************
                  TI ARM Linker PC v18.1.1                     
******************************************************************************
>> Linked Wed Apr  3 20:02:26 2019

OUTPUT FILE NAME:   <RTOSDemo.out>
ENTRY POINT SYMBOL: "_c_int00_noargs"  address: 00005305


MEMORY CONFIGURATION

         name            origin    length      used     unused   attr    fill
----------------------  --------  ---------  --------  --------  ----  --------
  MAIN                  00000000   00040000  00005ca2  0003a35e  R  X
  INFO                  00200000   00004000  00000000  00004000  R  X
  SRAM_CODE             01000000   00010000  00000000  00010000  RW X
  SRAM_DATA             20000000   00010000  0000d055  00002fab  RW  


SEGMENT ALLOCATION MAP

run origin  load origin   length   init length attrs members
----------  ----------- ---------- ----------- ----- -------
00000000    00000000    00005ca8   00005ca8    r-x
  00000000    00000000    00000144   00000144    r-- .intvecs
  00000148    00000148    00005aba   00005aba    r-x .text
  00005c04    00005c04    00000014   00000014    r-- .const
  00005c18    00005c18    00000090   00000090    r-- .cinit
20000000    20000000    0000cd35   00000000    rw-
  20000000    20000000    0000c91c   00000000    rw- .bss
  2000c91c    2000c91c    00000419   00000000    rw- .data
2000fce0    2000fce0    00000320   00000000    rw-
  2000fce0    2000fce0    00000320   00000000    rw- .stack


SECTION ALLOCATION MAP

 output                                  attributes/
section   page    origin      length       input sections
--------  ----  ----------  ----------   ----------------
.intvecs   0    00000000    00000144     
                  00000000    00000144     msp432_startup_ccs.obj (.intvecs:retain)

.text      0    00000148    00005aba     
                  00000148    0000066e     TimerDemo.obj (.text:vTimerPeriodicISRTests)
                  000007b6    00000002     --HOLE-- [fill = 0]
                  000007b8    0000035e     trcKernelPort.obj (.text:pszTraceGetErrorNotEnoughHandles)
                  00000b16    00000002     --HOLE-- [fill = 0]
                  00000b18    0000030c     queue.obj (.text:xQueueGenericSend)
                  00000e24    00000004     rtsv7M4_T_le_v4SPD16_eabi.lib : pre_init.c.obj (.text:_system_pre_init)
                  00000e28    000002ec     queue.obj (.text:xQueueReceive)
                  00001114    00000004     rtsv7M4_T_le_v4SPD16_eabi.lib : exit.c.obj (.text:abort:abort)
                  00001118    000001c8     trcSnapshotRecorder.obj (.text:prvTraceStoreKernelCallWithParam)
                  000012e0    000001c0     IntQueue.obj (.text:xSecondTimerHandler)
                  000014a0    000001a0     trcSnapshotRecorder.obj (.text:prvTraceStoreKernelCall)
                  00001640    00000198     tasks.obj (.text:xTaskIncrementTick)
                  000017d8    00000188     queue.obj (.text:xQueueGenericSendFromISR)
                  00001960    00000184     trcSnapshotRecorder.obj (.text:prvTraceGetDTS)
                  00001ae4    00000004     --HOLE-- [fill = 0]
                  00001ae8    00000178     queue.obj (.text:MyWrapper)
                  00001c60    00000164     tasks.obj (.text:xTaskGenericNotifyFromISR)
                  00001dc4    00000004     --HOLE-- [fill = 0]
                  00001dc8    0000014c     trcSnapshotRecorder.obj (.text:prvTraceGetObjectHandle)
                  00001f14    00000004     --HOLE-- [fill = 0]
                  00001f18    00000148     cs.obj (.text:CS_getDCOFrequency)
                  00002060    00000148     trcSnapshotRecorder.obj (.text:prvCheckDataToBeOverwrittenForMultiEntryEvents)
                  000021a8    00000148     queue.obj (.text:xQueueReceiveFromISR)
                  000022f0    00000144     heap_4.obj (.text:pvPortMalloc)
                  00002434    00000004     --HOLE-- [fill = 0]
                  00002438    00000140     tasks.obj (.text:prvAddNewTaskToReadyList)
                  00002578    00000134     port.obj (.text:vPortSuppressTicksAndSleep)
                  000026ac    00000004     --HOLE-- [fill = 0]
                  000026b0    00000130     trcSnapshotRecorder.obj (.text:uiIndexOfObject)
                  000027e0    00000130     IntQueue.obj (.text:xFirstTimerHandler)
                  00002910    00000128     tasks.obj (.text:xTaskResumeAll)
                  00002a38    00000124     tasks.obj (.text:vTaskNotifyGiveFromISR)
                  00002b5c    00000004     --HOLE-- [fill = 0]
                  00002b60    00000120     tasks.obj (.text:xTaskPriorityDisinherit)
                  00002c80    00000114     cs.obj (.text:_CSComputeCLKFrequency)
                  00002d94    00000004     --HOLE-- [fill = 0]
                  00002d98    00000110     trcSnapshotRecorder.obj (.text:prvTraceStoreKernelCallWithNumericParamOnly)
                  00002ea8    0000010c     trcSnapshotRecorder.obj (.text:prvTraceSetObjectName)
                  00002fb4    00000004     --HOLE-- [fill = 0]
                  00002fb8    00000104     tasks.obj (.text:vTaskSwitchContext)
                  000030bc    00000004     --HOLE-- [fill = 0]
                  000030c0    00000100     timers.obj (.text:prvProcessReceivedCommands)
                  000031c0    000000f4     trcSnapshotRecorder.obj (.text:prvTraceStoreTaskReady)
                  000032b4    00000004     --HOLE-- [fill = 0]
                  000032b8    000000e4     trcSnapshotRecorder.obj (.text:prvTraceStoreTaskswitch)
                  0000339c    00000004     --HOLE-- [fill = 0]
                  000033a0    000000dc     trcSnapshotRecorder.obj (.text:prvTraceGetPriorityProperty)
                  0000347c    00000004     --HOLE-- [fill = 0]
                  00003480    000000dc     port.obj (.text:xPortStartScheduler)
                  0000355c    000000da     portasm.obj (.text)
                  00003636    00000002     --HOLE-- [fill = 0]
                  00003638    000000d8     trcSnapshotRecorder.obj (.text:prvTraceSetPriorityProperty)
                  00003710    000000d0     trcSnapshotRecorder.obj (.text:prvTraceGetObjectState)
                  000037e0    000000cc     trcSnapshotRecorder.obj (.text:prvTraceSetObjectState)
                  000038ac    00000004     --HOLE-- [fill = 0]
                  000038b0    000000c0     tasks.obj (.text:xTaskRemoveFromEventList)
                  00003970    000000bc     queue.obj (.text:prvInitialiseNewQueue)
                  00003a2c    00000004     --HOLE-- [fill = 0]
                  00003a30    000000bc     trcSnapshotRecorder.obj (.text:vTraceStoreMemMangEvent)
                  00003aec    00000004     --HOLE-- [fill = 0]
                  00003af0    000000b4     tasks.obj (.text:vTaskRemoveFromUnorderedEventList)
                  00003ba4    00000004     --HOLE-- [fill = 0]
                  00003ba8    000000b4     serial.obj (.text:vUART_Handler)
                  00003c5c    00000004     --HOLE-- [fill = 0]
                  00003c60    000000ae     tasks.obj (.text:prvInitialiseNewTask)
                  00003d0e    00000002     --HOLE-- [fill = 0]
                  00003d10    000000ae     event_groups.obj (.text:xEventGroupSetBits)
                  00003dbe    00000002     --HOLE-- [fill = 0]
                  00003dc0    000000ac     TaskNotify.obj (.text:xNotifyTaskFromISR)
                  00003e6c    0000009c     rtsv7M4_T_le_v4SPD16_eabi.lib : memcpy_t2.asm.obj (.text)
                  00003f08    0000009c     tasks.obj (.text:vTaskDelay)
                  00003fa4    00000004     --HOLE-- [fill = 0]
                  00003fa8    00000094     timers.obj (.text:prvSwitchTimerLists)
                  0000403c    00000004     --HOLE-- [fill = 0]
                  00004040    00000094     trcSnapshotRecorder.obj (.text:prvTraceGetParam)
                  000040d4    00000004     --HOLE-- [fill = 0]
                  000040d8    00000094     tasks.obj (.text:xTaskCheckForTimeOut)
                  0000416c    00000004     --HOLE-- [fill = 0]
                  00004170    00000090     queue.obj (.text:xQueueGenericReset)
                  00004200    0000008c     EventGroupsDemo.obj (.text:vPeriodicEventGroupsProcessing)
                  0000428c    00000004     --HOLE-- [fill = 0]
                  00004290    0000008c     heap_4.obj (.text:vPortFree)
                  0000431c    00000004     --HOLE-- [fill = 0]
                  00004320    00000088     tasks.obj (.text:prvAddCurrentTaskToDelayedList)
                  000043a8    00000088     IntSemTest.obj (.text:vInterruptSemaphorePeriodicTest)
                  00004430    00000088     tasks.obj (.text:vTaskPlaceOnEventListRestricted)
                  000044b8    00000088     tasks.obj (.text:vTaskStartScheduler)
                  00004540    0000007c     tasks.obj (.text:prvIdleTask)
                  000045bc    00000004     --HOLE-- [fill = 0]
                  000045c0    0000007c     trcSnapshotRecorder.obj (.text:prvTraceSetTaskInstanceFinished)
                  0000463c    0000007a     rtsv7M4_T_le_v4SPD16_eabi.lib : memset_t2.asm.obj (.text)
                  000046b6    00000002     --HOLE-- [fill = 0]
                  000046b8    00000078     interrupt.obj (.text:Interrupt_enableInterrupt)
                  00004730    00000074     queue.obj (.text:xQueueGenericCreate)
                  000047a4    00000004     --HOLE-- [fill = 0]
                  000047a8    00000074     timers.obj (.text:xTimerGenericCommand)
                  0000481c    00000004     --HOLE-- [fill = 0]
                  00004820    00000070     queue.obj (.text:prvCopyDataToQueue)
                  00004890    00000070     heap_4.obj (.text:prvHeapInit)
                  00004900    00000070     tasks.obj (.text:prvInitialiseTaskLists)
                  00004970    00000070     timers.obj (.text:prvProcessTimerOrBlockTask)
                  000049e0    0000006c     queue.obj (.text:prvUnlockQueue)
                  00004a4c    00000004     --HOLE-- [fill = 0]
                  00004a50    00000068     system_msp432p401r.obj (.text:SystemInit)
                  00004ab8    00000068     rtsv7M4_T_le_v4SPD16_eabi.lib : copy_decompress_lzss.c.obj (.text:decompress:lzss:__TI_decompress_lzss)
                  00004b20    00000068     heap_4.obj (.text:prvInsertBlockIntoFreeList)
                  00004b88    00000068     port.obj (.text:vPortSetupTimerInterrupt)
                  00004bf0    00000068     tasks.obj (.text:xTaskCreate)
                  00004c58    00000064     trcSnapshotRecorder.obj (.text:prvTraceNextFreeEventBufferSlot)
                  00004cbc    00000004     --HOLE-- [fill = 0]
                  00004cc0    00000064     port.obj (.text:vPortValidateInterruptPriority)
                  00004d24    00000004     --HOLE-- [fill = 0]
                  00004d28    00000060     timers.obj (.text:prvProcessExpiredTimer)
                  00004d88    00000058     timers.obj (.text:xTimerCreateTimerTask)
                  00004de0    00000054     gpio.obj (.text:GPIO_setAsPeripheralModuleFunctionInputPin)
                  00004e34    00000004     --HOLE-- [fill = 0]
                  00004e38    00000054     sysctl.obj (.text:SysCtl_getTLVInfo)
                  00004e8c    00000004     --HOLE-- [fill = 0]
                  00004e90    00000054     tasks.obj (.text:prvCheckTasksWaitingTermination)
                  00004ee4    00000004     --HOLE-- [fill = 0]
                  00004ee8    00000054     timers.obj (.text:prvInsertTimerInActiveList)
                  00004f3c    00000004     --HOLE-- [fill = 0]
                  00004f40    00000054     trcSnapshotRecorder.obj (.text:prvTracePortGetTimeStamp)
                  00004f94    00000004     --HOLE-- [fill = 0]
                  00004f98    00000054     event_groups.obj (.text:xEventGroupClearBits)
                  00004fec    00000004     --HOLE-- [fill = 0]
                  00004ff0    00000052     cs.obj (.text:_CSGetDividerValue)
                  00005042    00000006     --HOLE-- [fill = 0]
                  00005048    00000050     cs.obj (.text:_CSGetDOCFrequency)
                  00005098    00000050     tasks.obj (.text:prvGetExpectedIdleTime)
                  000050e8    0000004c     timers.obj (.text:prvCheckForValidListAndQueue)
                  00005134    00000004     --HOLE-- [fill = 0]
                  00005138    00000048     queue.obj (.text:vQueueWaitForMessageRestricted)
                  00005180    00000044     rtsv7M4_T_le_v4SPD16_eabi.lib : autoinit.c.obj (.text:__TI_auto_init_nobinit_nopinit:__TI_auto_init_nobinit_nopinit)
                  000051c4    00000004     --HOLE-- [fill = 0]
                  000051c8    0000003c     tasks.obj (.text:eTaskConfirmSleepModeStatus)
                  00005204    00000004     --HOLE-- [fill = 0]
                  00005208    0000003c     main_blinky.obj (.text:main_blinky)
                  00005244    00000004     --HOLE-- [fill = 0]
                  00005248    0000003c     trcSnapshotRecorder.obj (.text:prvTraceError)
                  00005284    00000004     --HOLE-- [fill = 0]
                  00005288    0000003c     trcSnapshotRecorder.obj (.text:prvTraceUpdateCounters)
                  000052c4    00000004     --HOLE-- [fill = 0]
                  000052c8    0000003c     port.obj (.text:vPortEnterCritical)
                  00005304    00000038     rtsv7M4_T_le_v4SPD16_eabi.lib : boot_cortex_m.c.obj (.text:_c_int00_noargs:_c_int00_noargs)
                  0000533c    00000004     --HOLE-- [fill = 0]
                  00005340    00000038     port.obj (.text:prvTaskExitError)
                  00005378    00000038     tasks.obj (.text:vTaskPlaceOnEventList)
                  000053b0    00000034     list.obj (.text:vListInsert)
                  000053e4    00000004     --HOLE-- [fill = 0]
                  000053e8    00000034     IntQueueTimer.obj (.text:vT32_0_Handler)
                  0000541c    00000004     --HOLE-- [fill = 0]
                  00005420    00000034     IntQueueTimer.obj (.text:vT32_1_Handler)
                  00005454    00000004     --HOLE-- [fill = 0]
                  00005458    00000034     tasks.obj (.text:vTaskStepTick)
                  0000548c    00000004     --HOLE-- [fill = 0]
                  00005490    00000030     tasks.obj (.text:prvResetNextTaskUnblockTime)
                  000054c0    00000030     main.obj (.text:prvSetupHardware)
                  000054f0    00000030     RunTimeStatsTimer.obj (.text:ulGetRunTimeCounterValue)
                  00005520    00000030     port.obj (.text:vPortExitCritical)
                  00005550    0000002c     gpio.obj (.text:GPIO_setAsInputPinWithPullUpResistor)
                  0000557c    00000004     --HOLE-- [fill = 0]
                  00005580    0000002c     timers.obj (.text:prvSampleTimeNow)
                  000055ac    00000004     --HOLE-- [fill = 0]
                  000055b0    0000002c     port.obj (.text:pxPortInitialiseStack)
                  000055dc    00000004     --HOLE-- [fill = 0]
                  000055e0    0000002c     port.obj (.text:xPortSysTickHandler)
                  0000560c    00000004     --HOLE-- [fill = 0]
                  00005610    0000002c     queue.obj (.text:xQueueIsQueueFullFromISR)
                  0000563c    00000004     --HOLE-- [fill = 0]
                  00005640    00000028     queue.obj (.text:prvCopyDataFromQueue)
                  00005668    00000028     timers.obj (.text:xTimerPendFunctionCallFromISR)
                  00005690    00000026     list.obj (.text:uxListRemove)
                  000056b6    00000002     --HOLE-- [fill = 0]
                  000056b8    00000024     cs.obj (.text:CS_clearInterruptFlag)
                  000056dc    00000004     --HOLE-- [fill = 0]
                  000056e0    00000024     timers.obj (.text:prvGetNextExpireTime)
                  00005704    00000004     --HOLE-- [fill = 0]
                  00005708    00000024     RunTimeStatsTimer.obj (.text:vConfigureTimerForRunTimeStats)
                  0000572c    00000004     --HOLE-- [fill = 0]
                  00005730    00000024     trcSnapshotRecorder.obj (.text:vTraceStop)
                  00005754    00000004     --HOLE-- [fill = 0]
                  00005758    00000020     gpio.obj (.text:GPIO_setAsOutputPin)
                  00005778    00000020     trcSnapshotRecorder.obj (.text:prvMarkObjectAsUsed)
                  00005798    00000020     IntQueue.obj (.text:prvRecordValue_NormallyEmpty)
                  000057b8    00000020     IntQueue.obj (.text:prvRecordValue_NormallyFull)
                  000057d8    00000020     trcSnapshotRecorder.obj (.text:prvStrncpy)
                  000057f8    00000020     tasks.obj (.text:xTaskGetSchedulerState)
                  00005818    0000001e     queue.obj (.text:prvIsQueueFull)
                  00005836    00000002     --HOLE-- [fill = 0]
                  00005838    0000001e     list.obj (.text:vListInitialise)
                  00005856    00000002     --HOLE-- [fill = 0]
                  00005858    0000001a     main_blinky.obj (.text:prvConfigureButton)
                  00005872    00000006     --HOLE-- [fill = 0]
                  00005878    0000001a     queue.obj (.text:prvIsQueueEmpty)
                  00005892    00000006     --HOLE-- [fill = 0]
                  00005898    0000001a     timers.obj (.text:prvTimerTask)
                  000058b2    00000006     --HOLE-- [fill = 0]
                  000058b8    0000001a     trcKernelPort.obj (.text:prvTraceSetQueueNumberHigh16)
                  000058d2    00000006     --HOLE-- [fill = 0]
                  000058d8    0000001a     trcKernelPort.obj (.text:prvTraceSetQueueNumberLow16)
                  000058f2    00000006     --HOLE-- [fill = 0]
                  000058f8    0000001a     trcKernelPort.obj (.text:prvTraceSetTaskNumberHigh16)
                  00005912    00000006     --HOLE-- [fill = 0]
                  00005918    0000001a     trcKernelPort.obj (.text:prvTraceSetTaskNumberLow16)
                  00005932    00000006     --HOLE-- [fill = 0]
                  00005938    0000001a     event_groups.obj (.text:xEventGroupGetBitsFromISR)
                  00005952    00000006     --HOLE-- [fill = 0]
                  00005958    00000018     cs.obj (.text:CS_getMCLK)
                  00005970    00000018     main_blinky.obj (.text:blink)
                  00005988    00000018     msp432_startup_ccs.obj (.text:resetISR)
                  000059a0    00000018     list.obj (.text:vListInsertEnd)
                  000059b8    00000018     tasks.obj (.text:vTaskInternalSetTimeOutState)
                  000059d0    00000018     event_groups.obj (.text:xEventGroupClearBitsFromISR)
                  000059e8    00000018     event_groups.obj (.text:xEventGroupSetBitsFromISR)
                  00005a00    00000014     gpio.obj (.text:GPIO_enableInterrupt)
                  00005a14    00000004     --HOLE-- [fill = 0]
                  00005a18    00000014     gpio.obj (.text:GPIO_setOutputLowOnPin)
                  00005a2c    00000004     --HOLE-- [fill = 0]
                  00005a30    00000014     gpio.obj (.text:GPIO_toggleOutputOnPin)
                  00005a44    00000004     --HOLE-- [fill = 0]
                  00005a48    00000014     IntQueue.obj (.text:prvQueueAccessLogError)
                  00005a5c    00000004     --HOLE-- [fill = 0]
                  00005a60    00000014     main_full.obj (.text:vApplicationTickHook)
                  00005a74    00000004     --HOLE-- [fill = 0]
                  00005a78    00000012     tasks.obj (.text:prvDeleteTCB)
                  00005a8a    00000006     --HOLE-- [fill = 0]
                  00005a90    00000012     main.obj (.text:vApplicationMallocFailedHook)
                  00005aa2    00000006     --HOLE-- [fill = 0]
                  00005aa8    00000012     main.obj (.text:vApplicationStackOverflowHook)
                  00005aba    00000006     --HOLE-- [fill = 0]
                  00005ac0    00000010     fpu.obj (.text:FPU_enableModule)
                  00005ad0    00000010     tasks.obj (.text:vTaskSuspendAll)
                  00005ae0    00000010     tasks.obj (.text:xTaskGetTickCountFromISR)
                  00005af0    0000000e     rtsv7M4_T_le_v4SPD16_eabi.lib : copy_decompress_none.c.obj (.text:decompress:none:__TI_decompress_none)
                  00005afe    00000002     --HOLE-- [fill = 0]
                  00005b00    0000000e     main.obj (.text:main)
                  00005b0e    0000000c     rtsv7M4_T_le_v4SPD16_eabi.lib : copy_zero_init.c.obj (.text:decompress:ZI:__TI_zero_init)
                  00005b1a    00000006     --HOLE-- [fill = 0]
                  00005b20    0000000c     trcKernelPort.obj (.text:prvTraceGetQueueNumberHigh16)
                  00005b2c    00000004     --HOLE-- [fill = 0]
                  00005b30    0000000c     trcKernelPort.obj (.text:prvTraceGetTaskNumberHigh16)
                  00005b3c    00000004     --HOLE-- [fill = 0]
                  00005b40    0000000c     tasks.obj (.text:vTaskMissedYield)
                  00005b4c    00000004     --HOLE-- [fill = 0]
                  00005b50    0000000c     tasks.obj (.text:xTaskGetCurrentTaskHandle)
                  00005b5c    00000004     --HOLE-- [fill = 0]
                  00005b60    0000000c     tasks.obj (.text:xTaskGetTickCount)
                  00005b6c    00000004     --HOLE-- [fill = 0]
                  00005b70    0000000a     trcKernelPort.obj (.text:prvTraceGetQueueNumberLow16)
                  00005b7a    00000006     --HOLE-- [fill = 0]
                  00005b80    0000000a     trcKernelPort.obj (.text:prvTraceGetTaskNumberLow16)
                  00005b8a    00000006     --HOLE-- [fill = 0]
                  00005b90    0000000a     tasks.obj (.text:uxTaskGetTaskNumber)
                  00005b9a    00000006     --HOLE-- [fill = 0]
                  00005ba0    00000006     queue.obj (.text:ucQueueGetQueueType)
                  00005ba6    00000002     --HOLE-- [fill = 0]
                  00005ba8    00000006     list.obj (.text:vListInitialiseItem)
                  00005bae    00000002     --HOLE-- [fill = 0]
                  00005bb0    00000006     tasks.obj (.text:vTaskSetTaskNumber)
                  00005bb6    00000002     --HOLE-- [fill = 0]
                  00005bb8    00000006     queue.obj (.text:xQueueGiveFromISR)
                  00005bbe    00000002     --HOLE-- [fill = 0]
                  00005bc0    00000004     queue.obj (.text:uxQueueGetQueueNumber)
                  00005bc4    00000004     --HOLE-- [fill = 0]
                  00005bc8    00000004     event_groups.obj (.text:vEventGroupClearBitsCallback)
                  00005bcc    00000004     --HOLE-- [fill = 0]
                  00005bd0    00000004     event_groups.obj (.text:vEventGroupSetBitsCallback)
                  00005bd4    00000004     --HOLE-- [fill = 0]
                  00005bd8    00000004     queue.obj (.text:vQueueSetQueueNumber)
                  00005bdc    00000004     --HOLE-- [fill = 0]
                  00005be0    00000002     msp432_startup_ccs.obj (.text:defaultISR)
                  00005be2    00000006     --HOLE-- [fill = 0]
                  00005be8    00000002     msp432_startup_ccs.obj (.text:faultISR)
                  00005bea    00000006     --HOLE-- [fill = 0]
                  00005bf0    00000002     msp432_startup_ccs.obj (.text:nmiISR)
                  00005bf2    00000006     --HOLE-- [fill = 0]
                  00005bf8    00000002     main.obj (.text:vApplicationIdleHook)
                  00005bfa    00000006     --HOLE-- [fill = 0]
                  00005c00    00000002     main_blinky.obj (.text:vPreSleepProcessing)

.const     0    00005c04    00000014     
                  00005c04    00000008     interrupt.obj (.const:g_pulEnRegs)
                  00005c0c    00000008     port.obj (.const)
                  00005c14    00000004     serial.obj (.const)

.cinit     0    00005c18    00000090     
                  00005c18    00000066     (.cinit..data.load) [load image, compression = lzss]
                  00005c7e    00000002     --HOLE-- [fill = 0]
                  00005c80    0000000c     (__TI_handler_table)
                  00005c8c    00000004     --HOLE-- [fill = 0]
                  00005c90    00000008     (.cinit..bss.load) [load image, compression = zero_init]
                  00005c98    00000010     (__TI_cinit_table)

.bss       0    20000000    0000c91c     UNINITIALIZED
                  20000000    0000c800     heap_4.obj (.bss:ucHeap)
                  2000c800    00000064     tasks.obj (.bss:pxReadyTasksLists)
                  2000c864    00000014     timers.obj (.bss:xActiveTimerList1)
                  2000c878    00000014     timers.obj (.bss:xActiveTimerList2)
                  2000c88c    00000014     tasks.obj (.bss:xDelayedTaskList1)
                  2000c8a0    00000014     tasks.obj (.bss:xDelayedTaskList2)
                  2000c8b4    00000014     tasks.obj (.bss:xPendingReadyList)
                  2000c8c8    00000014     tasks.obj (.bss:xSuspendedTaskList)
                  2000c8dc    00000014     tasks.obj (.bss:xTasksWaitingTermination)
                  2000c8f0    00000008     IntQueue.obj (.bss)
                  2000c8f8    00000008     cs.obj (.bss)
                  2000c900    00000008     tasks.obj (.bss)
                  2000c908    00000008     timers.obj (.bss)
                  2000c910    00000008     heap_4.obj (.bss:xStart)
                  2000c918    00000004     (.common:init_hwtc_count)

.data      0    2000c91c    00000419     UNINITIALIZED
                  2000c91c    000000c8     IntQueue.obj (.data:ucNormallyEmptyReceivedValues)
                  2000c9e4    000000c8     IntQueue.obj (.data:ucNormallyFullReceivedValues)
                  2000caac    0000008e     trcSnapshotRecorder.obj (.data:objectHandleStacks)
                  2000cb3a    00000002     --HOLE--
                  2000cb3c    00000044     trcSnapshotRecorder.obj (.data)
                  2000cb80    0000003c     IntQueue.obj (.data)
                  2000cbbc    0000003c     tasks.obj (.data)
                  2000cbf8    00000034     TimerDemo.obj (.data)
                  2000cc2c    00000030     EventGroupsDemo.obj (.data)
                  2000cc5c    00000030     gpio.obj (.data:GPIO_PORT_TO_BASE)
                  2000cc8c    0000002c     IntSemTest.obj (.data)
                  2000ccb8    0000002c     TaskNotify.obj (.data)
                  2000cce4    00000018     port.obj (.data)
                  2000ccfc    00000010     heap_4.obj (.data)
                  2000cd0c    00000010     serial.obj (.data)
                  2000cd1c    0000000c     timers.obj (.data)
                  2000cd28    00000008     RunTimeStatsTimer.obj (.data)
                  2000cd30    00000005     trcKernelPort.obj (.data:TraceQueueClassTable)

.stack     0    2000fce0    00000320     UNINITIALIZED
                  2000fce0    00000004     rtsv7M4_T_le_v4SPD16_eabi.lib : boot_cortex_m.c.obj (.stack)
                  2000fce4    0000031c     --HOLE--

MODULE SUMMARY

       Module                       code    ro data   rw data
       ------                       ----    -------   -------
    .\
       trcSnapshotRecorder.obj      4948    0         214    
       trcKernelPort.obj            1010    0         5      
       main.obj                     100     0         0      
    +--+----------------------------+-------+---------+---------+
       Total:                       6058    0         219    
                                                             
    .\FreeRTOS_Source\
       tasks.obj                    4356    0         268    
       queue.obj                    3524    0         0      
       timers.obj                   1122    0         60     
       event_groups.obj             340     0         0      
       list.obj                     150     0         0      
    +--+----------------------------+-------+---------+---------+
       Total:                       9492    0         328    
                                                             
    .\FreeRTOS_Source\portable\CCS\ARM_CM4F\
       port.obj                     984     8         24     
       portasm.obj                  218     0         0      
    +--+----------------------------+-------+---------+---------+
       Total:                       1202    8         24     
                                                             
    .\FreeRTOS_Source\portable\MemMang\
       heap_4.obj                   680     0         51224  
    +--+----------------------------+-------+---------+---------+
       Total:                       680     0         51224  
                                                             
    .\Full_Demo\
       serial.obj                   180     4         16     
       IntQueueTimer.obj            104     0         0      
       RunTimeStatsTimer.obj        84      0         8      
       main_full.obj                20      0         0      
    +--+----------------------------+-------+---------+---------+
       Total:                       388     4         24     
                                                             
    .\Full_Demo\Standard_Demo_Tasks\
       TimerDemo.obj                1646    0         52     
       IntQueue.obj                 836     0         468    
       TaskNotify.obj               172     0         44     
       EventGroupsDemo.obj          140     0         48     
       IntSemTest.obj               136     0         44     
    +--+----------------------------+-------+---------+---------+
       Total:                       2930    0         656    
                                                             
    .\SimplyBlinkyDemo\
       main_blinky.obj              112     0         0      
    +--+----------------------------+-------+---------+---------+
       Total:                       112     0         0      
                                                             
    .\driverlib\
       cs.obj                       826     0         8      
       gpio.obj                     220     0         48     
       interrupt.obj                120     8         0      
       sysctl.obj                   84      0         0      
       fpu.obj                      16      0         0      
    +--+----------------------------+-------+---------+---------+
       Total:                       1266    8         56     
                                                             
    .\system\CCS\
       msp432_startup_ccs.obj       30      324       0      
       system_msp432p401r.obj       104     0         0      
    +--+----------------------------+-------+---------+---------+
       Total:                       134     324       0      
                                                             
    C:\ti\ccsv8\tools\compiler\ti-cgt-arm_18.1.1.LTS\lib\rtsv7M4_T_le_v4SPD16_eabi.lib
       memcpy_t2.asm.obj            156     0         0      
       memset_t2.asm.obj            122     0         0      
       copy_decompress_lzss.c.obj   104     0         0      
       autoinit.c.obj               68      0         0      
       boot_cortex_m.c.obj          56      0         0      
       copy_decompress_none.c.obj   14      0         0      
       copy_zero_init.c.obj         12      0         0      
       exit.c.obj                   4       0         0      
       pre_init.c.obj               4       0         0      
    +--+----------------------------+-------+---------+---------+
       Total:                       540     0         0      
                                                             
       Stack:                       0       0         800    
       Linker Generated:            0       138       0      
    +--+----------------------------+-------+---------+---------+
       Grand Total:                 22802   482       53331  


LINKER GENERATED COPY TABLES

__TI_cinit_table @ 00005c98 records: 2, size/record: 8, table size: 16
	.data: load addr=00005c18, load size=00000066 bytes, run addr=2000c91c, run size=00000419 bytes, compression=lzss
	.bss: load addr=00005c90, load size=00000008 bytes, run addr=20000000, run size=0000c91c bytes, compression=zero_init


LINKER GENERATED HANDLER TABLE

__TI_handler_table @ 00005c80 records: 3, size/record: 4, table size: 12
	index: 0, handler: __TI_decompress_lzss
	index: 1, handler: __TI_decompress_none
	index: 2, handler: __TI_zero_init


GLOBAL SYMBOLS: SORTED ALPHABETICALLY BY Name 

address   name                                       
-------   ----                                       
00001115  C$$EXIT                                    
000056b9  CS_clearInterruptFlag                      
00001f19  CS_getDCOFrequency                         
00005959  CS_getMCLK                                 
2000cb66  CurrentFilterGroup                         
2000cb64  CurrentFilterMask                          
00005ac1  FPU_enableModule                           
00005a01  GPIO_enableInterrupt                       
00005551  GPIO_setAsInputPinWithPullUpResistor       
00005759  GPIO_setAsOutputPin                        
00004de1  GPIO_setAsPeripheralModuleFunctionInputPin 
00005a19  GPIO_setOutputLowOnPin                     
00005a31  GPIO_toggleOutputOnPin                     
000046b9  Interrupt_enableInterrupt                  
00001ae9  MyWrapper                                  
2000cb6c  RecorderDataPtr                            
00004e39  SysCtl_getTLVInfo                          
00004a51  SystemInit                                 
2000cd30  TraceQueueClassTable                       
4000480c  WDTCTL_SYM                                 
20010000  __STACK_END                                
00000320  __STACK_SIZE                               
00005c98  __TI_CINIT_Base                            
00005ca8  __TI_CINIT_Limit                           
00005c80  __TI_Handler_Table_Base                    
00005c8c  __TI_Handler_Table_Limit                   
00005181  __TI_auto_init_nobinit_nopinit             
00004ab9  __TI_decompress_lzss                       
00005af1  __TI_decompress_none                       
ffffffff  __TI_pprof_out_hndl                        
ffffffff  __TI_prof_data_size                        
ffffffff  __TI_prof_data_start                       
00000000  __TI_static_base__                         
00005b0f  __TI_zero_init                             
0000463d  __aeabi_memclr                             
0000463d  __aeabi_memclr4                            
0000463d  __aeabi_memclr8                            
00003e6d  __aeabi_memcpy                             
00003e6d  __aeabi_memcpy4                            
00003e6d  __aeabi_memcpy8                            
0000463f  __aeabi_memset                             
0000463f  __aeabi_memset4                            
0000463f  __aeabi_memset8                            
ffffffff  __binit__                                  
ffffffff  __c_args__                                 
UNDEFED   __mpu_init                                 
2000fce0  __stack                                    
00005305  _c_int00_noargs                            
UNDEFED   _system_post_cinit                         
00000e25  _system_pre_init                           
00001115  abort                                      
ffffffff  binit                                      
000051c9  eTaskConfirmSleepModeStatus                
2000cb5d  handle_of_last_logged_task                 
2000c918  init_hwtc_count                            
00000000  interruptVectors                           
2000cb3c  isPendingContextSwitch                     
00005b01  main                                       
00005209  main_blinky                                
00003e6d  memcpy                                     
00004645  memset                                     
2000cb5c  nISRactive                                 
2000caac  objectHandleStacks                         
00005779  prvMarkObjectAsUsed                        
00005249  prvTraceError                              
00005b51  prvTraceGetCurrentTaskHandle               
00001dc9  prvTraceGetObjectHandle                    
000033a1  prvTraceGetPriorityProperty                
00005bc1  prvTraceGetQueueNumber                     
00005b21  prvTraceGetQueueNumberHigh16               
00005b71  prvTraceGetQueueNumberLow16                
00005ba1  prvTraceGetQueueType                       
00005b31  prvTraceGetTaskNumberHigh16                
00005b81  prvTraceGetTaskNumberLow16                 
00004f41  prvTracePortGetTimeStamp                   
00002ea9  prvTraceSetObjectName                      
000037e1  prvTraceSetObjectState                     
00003639  prvTraceSetPriorityProperty                
000058b9  prvTraceSetQueueNumberHigh16               
000058d9  prvTraceSetQueueNumberLow16                
000045c1  prvTraceSetTaskInstanceFinished            
000058f9  prvTraceSetTaskNumberHigh16                
00005919  prvTraceSetTaskNumberLow16                 
000014a1  prvTraceStoreKernelCall                    
00002d99  prvTraceStoreKernelCallWithNumericParamOnly
00001119  prvTraceStoreKernelCallWithParam           
000031c1  prvTraceStoreTaskReady                     
000032b9  prvTraceStoreTaskswitch                    
000007b9  pszTraceGetErrorNotEnoughHandles           
000022f1  pvPortMalloc                               
2000cbbc  pxCurrentTCB                               
000055b1  pxPortInitialiseStack                      
2000cb50  recorder_busy                              
2000cb54  timestampFrequency                         
2000cb58  traceErrorMessage                          
2000cb48  trace_disable_timestamp                    
00005ba1  ucQueueGetQueueType                        
000026b1  uiIndexOfObject                            
2000cb44  uiTraceTickCount                           
000054f1  ulGetRunTimeCounterValue                   
00005c0c  ulMaxSyscallInterruptPriority              
0000356d  ulPortGetIPSR                              
00005691  uxListRemove                               
00005bc1  uxQueueGetQueueNumber                      
00005b91  uxTaskGetTaskNumber                        
00005bf9  vApplicationIdleHook                       
00005a91  vApplicationMallocFailedHook               
00005aa9  vApplicationStackOverflowHook              
00005a61  vApplicationTickHook                       
00005709  vConfigureTimerForRunTimeStats             
00005bc9  vEventGroupClearBitsCallback               
00005bd1  vEventGroupSetBitsCallback                 
000043a9  vInterruptSemaphorePeriodicTest            
00005839  vListInitialise                            
00005ba9  vListInitialiseItem                        
000053b1  vListInsert                                
000059a1  vListInsertEnd                             
00004201  vPeriodicEventGroupsProcessing             
00003629  vPortEnableVFP                             
000052c9  vPortEnterCritical                         
00005521  vPortExitCritical                          
00004291  vPortFree                                  
000035e5  vPortSVCHandler                            
00004b89  vPortSetupTimerInterrupt                   
00003605  vPortStartFirstTask                        
00002579  vPortSuppressTicksAndSleep                 
00004cc1  vPortValidateInterruptPriority             
00005c01  vPreSleepProcessing                        
00005bd9  vQueueSetQueueNumber                       
00005139  vQueueWaitForMessageRestricted             
000053e9  vT32_0_Handler                             
00005421  vT32_1_Handler                             
00003f09  vTaskDelay                                 
000059b9  vTaskInternalSetTimeOutState               
00005b41  vTaskMissedYield                           
00002a39  vTaskNotifyGiveFromISR                     
00005379  vTaskPlaceOnEventList                      
00004431  vTaskPlaceOnEventListRestricted            
00003af1  vTaskRemoveFromUnorderedEventList          
00005bb1  vTaskSetTaskNumber                         
000044b9  vTaskStartScheduler                        
00005459  vTaskStepTick                              
00005ad1  vTaskSuspendAll                            
00002fb9  vTaskSwitchContext                         
00000149  vTimerPeriodicISRTests                     
00005731  vTraceStop                                 
2000cb60  vTraceStopHookPtr                          
00003a31  vTraceStoreMemMangEvent                    
00003ba9  vUART_Handler                              
00004f99  xEventGroupClearBits                       
000059d1  xEventGroupClearBitsFromISR                
00005939  xEventGroupGetBitsFromISR                  
00003d11  xEventGroupSetBits                         
000059e9  xEventGroupSetBitsFromISR                  
000027e1  xFirstTimerHandler                         
00003dc1  xNotifyTaskFromISR                         
00003585  xPortPendSVHandler                         
00003481  xPortStartScheduler                        
000055e1  xPortSysTickHandler                        
00004731  xQueueGenericCreate                        
00004171  xQueueGenericReset                         
00000b19  xQueueGenericSend                          
000017d9  xQueueGenericSendFromISR                   
00005bb9  xQueueGiveFromISR                          
00005611  xQueueIsQueueFullFromISR                   
00000e29  xQueueReceive                              
000021a9  xQueueReceiveFromISR                       
000012e1  xSecondTimerHandler                        
000040d9  xTaskCheckForTimeOut                       
00004bf1  xTaskCreate                                
00001c61  xTaskGenericNotifyFromISR                  
00005b51  xTaskGetCurrentTaskHandle                  
000057f9  xTaskGetSchedulerState                     
00005b61  xTaskGetTickCount                          
00005ae1  xTaskGetTickCountFromISR                   
00001641  xTaskIncrementTick                         
00002b61  xTaskPriorityDisinherit                    
000038b1  xTaskRemoveFromEventList                   
00002911  xTaskResumeAll                             
00004d89  xTimerCreateTimerTask                      
000047a9  xTimerGenericCommand                       
00005669  xTimerPendFunctionCallFromISR              


GLOBAL SYMBOLS: SORTED BY Symbol Address 

address   name                                       
-------   ----                                       
00000000  __TI_static_base__                         
00000000  interruptVectors                           
00000149  vTimerPeriodicISRTests                     
00000320  __STACK_SIZE                               
000007b9  pszTraceGetErrorNotEnoughHandles           
00000b19  xQueueGenericSend                          
00000e25  _system_pre_init                           
00000e29  xQueueReceive                              
00001115  C$$EXIT                                    
00001115  abort                                      
00001119  prvTraceStoreKernelCallWithParam           
000012e1  xSecondTimerHandler                        
000014a1  prvTraceStoreKernelCall                    
00001641  xTaskIncrementTick                         
000017d9  xQueueGenericSendFromISR                   
00001ae9  MyWrapper                                  
00001c61  xTaskGenericNotifyFromISR                  
00001dc9  prvTraceGetObjectHandle                    
00001f19  CS_getDCOFrequency                         
000021a9  xQueueReceiveFromISR                       
000022f1  pvPortMalloc                               
00002579  vPortSuppressTicksAndSleep                 
000026b1  uiIndexOfObject                            
000027e1  xFirstTimerHandler                         
00002911  xTaskResumeAll                             
00002a39  vTaskNotifyGiveFromISR                     
00002b61  xTaskPriorityDisinherit                    
00002d99  prvTraceStoreKernelCallWithNumericParamOnly
00002ea9  prvTraceSetObjectName                      
00002fb9  vTaskSwitchContext                         
000031c1  prvTraceStoreTaskReady                     
000032b9  prvTraceStoreTaskswitch                    
000033a1  prvTraceGetPriorityProperty                
00003481  xPortStartScheduler                        
0000356d  ulPortGetIPSR                              
00003585  xPortPendSVHandler                         
000035e5  vPortSVCHandler                            
00003605  vPortStartFirstTask                        
00003629  vPortEnableVFP                             
00003639  prvTraceSetPriorityProperty                
000037e1  prvTraceSetObjectState                     
000038b1  xTaskRemoveFromEventList                   
00003a31  vTraceStoreMemMangEvent                    
00003af1  vTaskRemoveFromUnorderedEventList          
00003ba9  vUART_Handler                              
00003d11  xEventGroupSetBits                         
00003dc1  xNotifyTaskFromISR                         
00003e6d  __aeabi_memcpy                             
00003e6d  __aeabi_memcpy4                            
00003e6d  __aeabi_memcpy8                            
00003e6d  memcpy                                     
00003f09  vTaskDelay                                 
000040d9  xTaskCheckForTimeOut                       
00004171  xQueueGenericReset                         
00004201  vPeriodicEventGroupsProcessing             
00004291  vPortFree                                  
000043a9  vInterruptSemaphorePeriodicTest            
00004431  vTaskPlaceOnEventListRestricted            
000044b9  vTaskStartScheduler                        
000045c1  prvTraceSetTaskInstanceFinished            
0000463d  __aeabi_memclr                             
0000463d  __aeabi_memclr4                            
0000463d  __aeabi_memclr8                            
0000463f  __aeabi_memset                             
0000463f  __aeabi_memset4                            
0000463f  __aeabi_memset8                            
00004645  memset                                     
000046b9  Interrupt_enableInterrupt                  
00004731  xQueueGenericCreate                        
000047a9  xTimerGenericCommand                       
00004a51  SystemInit                                 
00004ab9  __TI_decompress_lzss                       
00004b89  vPortSetupTimerInterrupt                   
00004bf1  xTaskCreate                                
00004cc1  vPortValidateInterruptPriority             
00004d89  xTimerCreateTimerTask                      
00004de1  GPIO_setAsPeripheralModuleFunctionInputPin 
00004e39  SysCtl_getTLVInfo                          
00004f41  prvTracePortGetTimeStamp                   
00004f99  xEventGroupClearBits                       
00005139  vQueueWaitForMessageRestricted             
00005181  __TI_auto_init_nobinit_nopinit             
000051c9  eTaskConfirmSleepModeStatus                
00005209  main_blinky                                
00005249  prvTraceError                              
000052c9  vPortEnterCritical                         
00005305  _c_int00_noargs                            
00005379  vTaskPlaceOnEventList                      
000053b1  vListInsert                                
000053e9  vT32_0_Handler                             
00005421  vT32_1_Handler                             
00005459  vTaskStepTick                              
000054f1  ulGetRunTimeCounterValue                   
00005521  vPortExitCritical                          
00005551  GPIO_setAsInputPinWithPullUpResistor       
000055b1  pxPortInitialiseStack                      
000055e1  xPortSysTickHandler                        
00005611  xQueueIsQueueFullFromISR                   
00005669  xTimerPendFunctionCallFromISR              
00005691  uxListRemove                               
000056b9  CS_clearInterruptFlag                      
00005709  vConfigureTimerForRunTimeStats             
00005731  vTraceStop                                 
00005759  GPIO_setAsOutputPin                        
00005779  prvMarkObjectAsUsed                        
000057f9  xTaskGetSchedulerState                     
00005839  vListInitialise                            
000058b9  prvTraceSetQueueNumberHigh16               
000058d9  prvTraceSetQueueNumberLow16                
000058f9  prvTraceSetTaskNumberHigh16                
00005919  prvTraceSetTaskNumberLow16                 
00005939  xEventGroupGetBitsFromISR                  
00005959  CS_getMCLK                                 
000059a1  vListInsertEnd                             
000059b9  vTaskInternalSetTimeOutState               
000059d1  xEventGroupClearBitsFromISR                
000059e9  xEventGroupSetBitsFromISR                  
00005a01  GPIO_enableInterrupt                       
00005a19  GPIO_setOutputLowOnPin                     
00005a31  GPIO_toggleOutputOnPin                     
00005a61  vApplicationTickHook                       
00005a91  vApplicationMallocFailedHook               
00005aa9  vApplicationStackOverflowHook              
00005ac1  FPU_enableModule                           
00005ad1  vTaskSuspendAll                            
00005ae1  xTaskGetTickCountFromISR                   
00005af1  __TI_decompress_none                       
00005b01  main                                       
00005b0f  __TI_zero_init                             
00005b21  prvTraceGetQueueNumberHigh16               
00005b31  prvTraceGetTaskNumberHigh16                
00005b41  vTaskMissedYield                           
00005b51  prvTraceGetCurrentTaskHandle               
00005b51  xTaskGetCurrentTaskHandle                  
00005b61  xTaskGetTickCount                          
00005b71  prvTraceGetQueueNumberLow16                
00005b81  prvTraceGetTaskNumberLow16                 
00005b91  uxTaskGetTaskNumber                        
00005ba1  prvTraceGetQueueType                       
00005ba1  ucQueueGetQueueType                        
00005ba9  vListInitialiseItem                        
00005bb1  vTaskSetTaskNumber                         
00005bb9  xQueueGiveFromISR                          
00005bc1  prvTraceGetQueueNumber                     
00005bc1  uxQueueGetQueueNumber                      
00005bc9  vEventGroupClearBitsCallback               
00005bd1  vEventGroupSetBitsCallback                 
00005bd9  vQueueSetQueueNumber                       
00005bf9  vApplicationIdleHook                       
00005c01  vPreSleepProcessing                        
00005c0c  ulMaxSyscallInterruptPriority              
00005c80  __TI_Handler_Table_Base                    
00005c8c  __TI_Handler_Table_Limit                   
00005c98  __TI_CINIT_Base                            
00005ca8  __TI_CINIT_Limit                           
2000c918  init_hwtc_count                            
2000caac  objectHandleStacks                         
2000cb3c  isPendingContextSwitch                     
2000cb44  uiTraceTickCount                           
2000cb48  trace_disable_timestamp                    
2000cb50  recorder_busy                              
2000cb54  timestampFrequency                         
2000cb58  traceErrorMessage                          
2000cb5c  nISRactive                                 
2000cb5d  handle_of_last_logged_task                 
2000cb60  vTraceStopHookPtr                          
2000cb64  CurrentFilterMask                          
2000cb66  CurrentFilterGroup                         
2000cb6c  RecorderDataPtr                            
2000cbbc  pxCurrentTCB                               
2000cd30  TraceQueueClassTable                       
2000fce0  __stack                                    
20010000  __STACK_END                                
4000480c  WDTCTL_SYM                                 
ffffffff  __TI_pprof_out_hndl                        
ffffffff  __TI_prof_data_size                        
ffffffff  __TI_prof_data_start                       
ffffffff  __binit__                                  
ffffffff  __c_args__                                 
ffffffff  binit                                      
UNDEFED   __mpu_init                                 
UNDEFED   _system_post_cinit                         

[182 symbols]
