<?xml version="1.0" encoding="ISO-8859-1" ?>
<link_info>
   <banner>TI ARM Linker PC v18.1.1.LTS</banner>
   <copyright>Copyright (c) 1996-2017 Texas Instruments Incorporated</copyright>
   <link_time>0x5cc4e7e3</link_time>
   <link_errors>0x0</link_errors>
   <output_file>RTOSDemo_mod.out</output_file>
   <entry_point>
      <name>_c_int00_noargs</name>
      <address>0x517d</address>
   </entry_point>
   <input_file_list>
      <input_file id="fl-2">
         <path>.\</path>
         <kind>object</kind>
         <file>MPU9250.obj</file>
         <name>MPU9250.obj</name>
      </input_file>
      <input_file id="fl-3">
         <path>.\</path>
         <kind>object</kind>
         <file>main.obj</file>
         <name>main.obj</name>
      </input_file>
      <input_file id="fl-4">
         <path>.\FreeRTOS_Source\</path>
         <kind>object</kind>
         <file>croutine.obj</file>
         <name>croutine.obj</name>
      </input_file>
      <input_file id="fl-5">
         <path>.\FreeRTOS_Source\</path>
         <kind>object</kind>
         <file>event_groups.obj</file>
         <name>event_groups.obj</name>
      </input_file>
      <input_file id="fl-6">
         <path>.\FreeRTOS_Source\</path>
         <kind>object</kind>
         <file>list.obj</file>
         <name>list.obj</name>
      </input_file>
      <input_file id="fl-7">
         <path>.\FreeRTOS_Source\</path>
         <kind>object</kind>
         <file>queue.obj</file>
         <name>queue.obj</name>
      </input_file>
      <input_file id="fl-8">
         <path>.\FreeRTOS_Source\</path>
         <kind>object</kind>
         <file>stream_buffer.obj</file>
         <name>stream_buffer.obj</name>
      </input_file>
      <input_file id="fl-9">
         <path>.\FreeRTOS_Source\</path>
         <kind>object</kind>
         <file>tasks.obj</file>
         <name>tasks.obj</name>
      </input_file>
      <input_file id="fl-a">
         <path>.\FreeRTOS_Source\</path>
         <kind>object</kind>
         <file>timers.obj</file>
         <name>timers.obj</name>
      </input_file>
      <input_file id="fl-b">
         <path>.\FreeRTOS_Source\portable\CCS\ARM_CM4F\</path>
         <kind>object</kind>
         <file>port.obj</file>
         <name>port.obj</name>
      </input_file>
      <input_file id="fl-c">
         <path>.\FreeRTOS_Source\portable\CCS\ARM_CM4F\</path>
         <kind>object</kind>
         <file>portasm.obj</file>
         <name>portasm.obj</name>
      </input_file>
      <input_file id="fl-d">
         <path>.\FreeRTOS_Source\portable\MemMang\</path>
         <kind>object</kind>
         <file>heap_4.obj</file>
         <name>heap_4.obj</name>
      </input_file>
      <input_file id="fl-e">
         <path>.\Full_Demo\FreeRTOS+CLI\</path>
         <kind>object</kind>
         <file>FreeRTOS_CLI.obj</file>
         <name>FreeRTOS_CLI.obj</name>
      </input_file>
      <input_file id="fl-f">
         <path>.\Full_Demo\</path>
         <kind>object</kind>
         <file>IntQueueTimer.obj</file>
         <name>IntQueueTimer.obj</name>
      </input_file>
      <input_file id="fl-10">
         <path>.\Full_Demo\</path>
         <kind>object</kind>
         <file>RegTest.obj</file>
         <name>RegTest.obj</name>
      </input_file>
      <input_file id="fl-11">
         <path>.\Full_Demo\</path>
         <kind>object</kind>
         <file>RunTimeStatsTimer.obj</file>
         <name>RunTimeStatsTimer.obj</name>
      </input_file>
      <input_file id="fl-12">
         <path>.\Full_Demo\</path>
         <kind>object</kind>
         <file>Sample-CLI-commands.obj</file>
         <name>Sample-CLI-commands.obj</name>
      </input_file>
      <input_file id="fl-13">
         <path>.\Full_Demo\</path>
         <kind>object</kind>
         <file>UARTCommandConsole.obj</file>
         <name>UARTCommandConsole.obj</name>
      </input_file>
      <input_file id="fl-14">
         <path>.\Full_Demo\</path>
         <kind>object</kind>
         <file>main_full.obj</file>
         <name>main_full.obj</name>
      </input_file>
      <input_file id="fl-15">
         <path>.\Full_Demo\</path>
         <kind>object</kind>
         <file>serial.obj</file>
         <name>serial.obj</name>
      </input_file>
      <input_file id="fl-16">
         <path>.\Full_Demo\Standard_Demo_Tasks\</path>
         <kind>object</kind>
         <file>EventGroupsDemo.obj</file>
         <name>EventGroupsDemo.obj</name>
      </input_file>
      <input_file id="fl-17">
         <path>.\Full_Demo\Standard_Demo_Tasks\</path>
         <kind>object</kind>
         <file>GenQTest.obj</file>
         <name>GenQTest.obj</name>
      </input_file>
      <input_file id="fl-18">
         <path>.\Full_Demo\Standard_Demo_Tasks\</path>
         <kind>object</kind>
         <file>IntQueue.obj</file>
         <name>IntQueue.obj</name>
      </input_file>
      <input_file id="fl-19">
         <path>.\Full_Demo\Standard_Demo_Tasks\</path>
         <kind>object</kind>
         <file>IntSemTest.obj</file>
         <name>IntSemTest.obj</name>
      </input_file>
      <input_file id="fl-1a">
         <path>.\Full_Demo\Standard_Demo_Tasks\</path>
         <kind>object</kind>
         <file>TaskNotify.obj</file>
         <name>TaskNotify.obj</name>
      </input_file>
      <input_file id="fl-1b">
         <path>.\Full_Demo\Standard_Demo_Tasks\</path>
         <kind>object</kind>
         <file>TimerDemo.obj</file>
         <name>TimerDemo.obj</name>
      </input_file>
      <input_file id="fl-1c">
         <path>.\Full_Demo\Standard_Demo_Tasks\</path>
         <kind>object</kind>
         <file>countsem.obj</file>
         <name>countsem.obj</name>
      </input_file>
      <input_file id="fl-1d">
         <path>.\Full_Demo\Standard_Demo_Tasks\</path>
         <kind>object</kind>
         <file>recmutex.obj</file>
         <name>recmutex.obj</name>
      </input_file>
      <input_file id="fl-1e">
         <path>.\Full_Demo\Standard_Demo_Tasks\</path>
         <kind>object</kind>
         <file>semtest.obj</file>
         <name>semtest.obj</name>
      </input_file>
      <input_file id="fl-1f">
         <path>.\Full_Demo\Standard_Demo_Tasks\</path>
         <kind>object</kind>
         <file>sp_flop.obj</file>
         <name>sp_flop.obj</name>
      </input_file>
      <input_file id="fl-20">
         <path>.\SimplyBlinkyDemo\</path>
         <kind>object</kind>
         <file>main_blinky.obj</file>
         <name>main_blinky.obj</name>
      </input_file>
      <input_file id="fl-21">
         <path>.\Tracealyzer\</path>
         <kind>object</kind>
         <file>trcKernelPort.obj</file>
         <name>trcKernelPort.obj</name>
      </input_file>
      <input_file id="fl-22">
         <path>.\Tracealyzer\</path>
         <kind>object</kind>
         <file>trcSnapshotRecorder.obj</file>
         <name>trcSnapshotRecorder.obj</name>
      </input_file>
      <input_file id="fl-23">
         <path>.\Tracealyzer\</path>
         <kind>object</kind>
         <file>trcStreamingRecorder.obj</file>
         <name>trcStreamingRecorder.obj</name>
      </input_file>
      <input_file id="fl-24">
         <path>.\driverlib\</path>
         <kind>object</kind>
         <file>cpu.obj</file>
         <name>cpu.obj</name>
      </input_file>
      <input_file id="fl-25">
         <path>.\driverlib\</path>
         <kind>object</kind>
         <file>cs.obj</file>
         <name>cs.obj</name>
      </input_file>
      <input_file id="fl-26">
         <path>.\driverlib\</path>
         <kind>object</kind>
         <file>flash.obj</file>
         <name>flash.obj</name>
      </input_file>
      <input_file id="fl-27">
         <path>.\driverlib\</path>
         <kind>object</kind>
         <file>fpu.obj</file>
         <name>fpu.obj</name>
      </input_file>
      <input_file id="fl-28">
         <path>.\driverlib\</path>
         <kind>object</kind>
         <file>gpio.obj</file>
         <name>gpio.obj</name>
      </input_file>
      <input_file id="fl-29">
         <path>.\driverlib\</path>
         <kind>object</kind>
         <file>interrupt.obj</file>
         <name>interrupt.obj</name>
      </input_file>
      <input_file id="fl-2a">
         <path>.\driverlib\</path>
         <kind>object</kind>
         <file>pcm.obj</file>
         <name>pcm.obj</name>
      </input_file>
      <input_file id="fl-2b">
         <path>.\driverlib\</path>
         <kind>object</kind>
         <file>sysctl.obj</file>
         <name>sysctl.obj</name>
      </input_file>
      <input_file id="fl-2c">
         <path>.\driverlib\</path>
         <kind>object</kind>
         <file>timer32.obj</file>
         <name>timer32.obj</name>
      </input_file>
      <input_file id="fl-2d">
         <path>.\driverlib\</path>
         <kind>object</kind>
         <file>uart.obj</file>
         <name>uart.obj</name>
      </input_file>
      <input_file id="fl-2e">
         <path>.\driverlib\</path>
         <kind>object</kind>
         <file>wdt_a.obj</file>
         <name>wdt_a.obj</name>
      </input_file>
      <input_file id="fl-2f">
         <path>.\system\CCS\</path>
         <kind>object</kind>
         <file>msp432_startup_ccs.obj</file>
         <name>msp432_startup_ccs.obj</name>
      </input_file>
      <input_file id="fl-30">
         <path>.\system\CCS\</path>
         <kind>object</kind>
         <file>printf-stdarg.obj</file>
         <name>printf-stdarg.obj</name>
      </input_file>
      <input_file id="fl-31">
         <path>.\system\CCS\</path>
         <kind>object</kind>
         <file>system_msp432p401r.obj</file>
         <name>system_msp432p401r.obj</name>
      </input_file>
      <input_file id="fl-32">
         <path>.\util\Devices\</path>
         <kind>object</kind>
         <file>MSPIO.obj</file>
         <name>MSPIO.obj</name>
      </input_file>
      <input_file id="fl-33">
         <path>.\util\Hardware\</path>
         <kind>object</kind>
         <file>CS_Driver.obj</file>
         <name>CS_Driver.obj</name>
      </input_file>
      <input_file id="fl-34">
         <path>.\util\Hardware\</path>
         <kind>object</kind>
         <file>GPIO_Driver.obj</file>
         <name>GPIO_Driver.obj</name>
      </input_file>
      <input_file id="fl-35">
         <path>.\util\Hardware\</path>
         <kind>object</kind>
         <file>SPI_Driver.obj</file>
         <name>SPI_Driver.obj</name>
      </input_file>
      <input_file id="fl-36">
         <path>.\util\Hardware\</path>
         <kind>object</kind>
         <file>TIMERA_Driver.obj</file>
         <name>TIMERA_Driver.obj</name>
      </input_file>
      <input_file id="fl-37">
         <path>.\util\Hardware\</path>
         <kind>object</kind>
         <file>UART_Driver.obj</file>
         <name>UART_Driver.obj</name>
      </input_file>
      <input_file id="fl-38">
         <path>.\util\fatfs\</path>
         <kind>object</kind>
         <file>diskio.obj</file>
         <name>diskio.obj</name>
      </input_file>
      <input_file id="fl-39">
         <path>.\util\fatfs\</path>
         <kind>object</kind>
         <file>ff.obj</file>
         <name>ff.obj</name>
      </input_file>
      <input_file id="fl-3a">
         <path>.\util\fatfs\</path>
         <kind>object</kind>
         <file>ffsystem.obj</file>
         <name>ffsystem.obj</name>
      </input_file>
      <input_file id="fl-3b">
         <path>.\util\fatfs\</path>
         <kind>object</kind>
         <file>ffunicode.obj</file>
         <name>ffunicode.obj</name>
      </input_file>
      <input_file id="fl-3c">
         <path>.\util\fatfs\</path>
         <kind>object</kind>
         <file>mmc_MSP432P401r.obj</file>
         <name>mmc_MSP432P401r.obj</name>
      </input_file>
      <input_file id="fl-40">
         <kind>object</kind>
         <file>&lt;internal&gt;</file>
         <name>&lt;internal&gt;</name>
      </input_file>
      <input_file id="fl-f6">
         <path>C:\ti\ccsv8\tools\compiler\ti-cgt-arm_18.1.1.LTS\lib\</path>
         <kind>archive</kind>
         <file>rtsv7M4_T_le_v4SPD16_eabi.lib</file>
         <name>u_divt2.asm.obj</name>
      </input_file>
      <input_file id="fl-f7">
         <path>C:\ti\ccsv8\tools\compiler\ti-cgt-arm_18.1.1.LTS\lib\</path>
         <kind>archive</kind>
         <file>rtsv7M4_T_le_v4SPD16_eabi.lib</file>
         <name>fd_cmp_t2.asm.obj</name>
      </input_file>
      <input_file id="fl-f8">
         <path>C:\ti\ccsv8\tools\compiler\ti-cgt-arm_18.1.1.LTS\lib\</path>
         <kind>archive</kind>
         <file>rtsv7M4_T_le_v4SPD16_eabi.lib</file>
         <name>fd_tou_t2.asm.obj</name>
      </input_file>
      <input_file id="fl-f9">
         <path>C:\ti\ccsv8\tools\compiler\ti-cgt-arm_18.1.1.LTS\lib\</path>
         <kind>archive</kind>
         <file>rtsv7M4_T_le_v4SPD16_eabi.lib</file>
         <name>fs_tod_t2.asm.obj</name>
      </input_file>
      <input_file id="fl-fa">
         <path>C:\ti\ccsv8\tools\compiler\ti-cgt-arm_18.1.1.LTS\lib\</path>
         <kind>archive</kind>
         <file>rtsv7M4_T_le_v4SPD16_eabi.lib</file>
         <name>memcpy_t2.asm.obj</name>
      </input_file>
      <input_file id="fl-fb">
         <path>C:\ti\ccsv8\tools\compiler\ti-cgt-arm_18.1.1.LTS\lib\</path>
         <kind>archive</kind>
         <file>rtsv7M4_T_le_v4SPD16_eabi.lib</file>
         <name>memset_t2.asm.obj</name>
      </input_file>
      <input_file id="fl-fc">
         <path>C:\ti\ccsv8\tools\compiler\ti-cgt-arm_18.1.1.LTS\lib\</path>
         <kind>archive</kind>
         <file>rtsv7M4_T_le_v4SPD16_eabi.lib</file>
         <name>copy_zero_init.c.obj</name>
      </input_file>
      <input_file id="fl-fd">
         <path>C:\ti\ccsv8\tools\compiler\ti-cgt-arm_18.1.1.LTS\lib\</path>
         <kind>archive</kind>
         <file>rtsv7M4_T_le_v4SPD16_eabi.lib</file>
         <name>copy_decompress_none.c.obj</name>
      </input_file>
      <input_file id="fl-fe">
         <path>C:\ti\ccsv8\tools\compiler\ti-cgt-arm_18.1.1.LTS\lib\</path>
         <kind>archive</kind>
         <file>rtsv7M4_T_le_v4SPD16_eabi.lib</file>
         <name>copy_decompress_lzss.c.obj</name>
      </input_file>
      <input_file id="fl-ff">
         <path>C:\ti\ccsv8\tools\compiler\ti-cgt-arm_18.1.1.LTS\lib\</path>
         <kind>archive</kind>
         <file>rtsv7M4_T_le_v4SPD16_eabi.lib</file>
         <name>boot_cortex_m.c.obj</name>
      </input_file>
      <input_file id="fl-100">
         <path>C:\ti\ccsv8\tools\compiler\ti-cgt-arm_18.1.1.LTS\lib\</path>
         <kind>archive</kind>
         <file>rtsv7M4_T_le_v4SPD16_eabi.lib</file>
         <name>exit.c.obj</name>
      </input_file>
      <input_file id="fl-101">
         <path>C:\ti\ccsv8\tools\compiler\ti-cgt-arm_18.1.1.LTS\lib\</path>
         <kind>archive</kind>
         <file>rtsv7M4_T_le_v4SPD16_eabi.lib</file>
         <name>_lock.c.obj</name>
      </input_file>
      <input_file id="fl-102">
         <path>C:\ti\ccsv8\tools\compiler\ti-cgt-arm_18.1.1.LTS\lib\</path>
         <kind>archive</kind>
         <file>rtsv7M4_T_le_v4SPD16_eabi.lib</file>
         <name>args_main.c.obj</name>
      </input_file>
      <input_file id="fl-103">
         <path>C:\ti\ccsv8\tools\compiler\ti-cgt-arm_18.1.1.LTS\lib\</path>
         <kind>archive</kind>
         <file>rtsv7M4_T_le_v4SPD16_eabi.lib</file>
         <name>strcmp.c.obj</name>
      </input_file>
      <input_file id="fl-104">
         <path>C:\ti\ccsv8\tools\compiler\ti-cgt-arm_18.1.1.LTS\lib\</path>
         <kind>archive</kind>
         <file>rtsv7M4_T_le_v4SPD16_eabi.lib</file>
         <name>strcpy.c.obj</name>
      </input_file>
      <input_file id="fl-105">
         <path>C:\ti\ccsv8\tools\compiler\ti-cgt-arm_18.1.1.LTS\lib\</path>
         <kind>archive</kind>
         <file>rtsv7M4_T_le_v4SPD16_eabi.lib</file>
         <name>strlen.c.obj</name>
      </input_file>
      <input_file id="fl-106">
         <path>C:\ti\ccsv8\tools\compiler\ti-cgt-arm_18.1.1.LTS\lib\</path>
         <kind>archive</kind>
         <file>rtsv7M4_T_le_v4SPD16_eabi.lib</file>
         <name>strncat.c.obj</name>
      </input_file>
      <input_file id="fl-107">
         <path>C:\ti\ccsv8\tools\compiler\ti-cgt-arm_18.1.1.LTS\lib\</path>
         <kind>archive</kind>
         <file>rtsv7M4_T_le_v4SPD16_eabi.lib</file>
         <name>strncmp.c.obj</name>
      </input_file>
      <input_file id="fl-108">
         <path>C:\ti\ccsv8\tools\compiler\ti-cgt-arm_18.1.1.LTS\lib\</path>
         <kind>archive</kind>
         <file>rtsv7M4_T_le_v4SPD16_eabi.lib</file>
         <name>strncpy.c.obj</name>
      </input_file>
      <input_file id="fl-109">
         <path>C:\ti\ccsv8\tools\compiler\ti-cgt-arm_18.1.1.LTS\lib\</path>
         <kind>archive</kind>
         <file>rtsv7M4_T_le_v4SPD16_eabi.lib</file>
         <name>div0.asm.obj</name>
      </input_file>
      <input_file id="fl-10a">
         <path>C:\ti\ccsv8\tools\compiler\ti-cgt-arm_18.1.1.LTS\lib\</path>
         <kind>archive</kind>
         <file>rtsv7M4_T_le_v4SPD16_eabi.lib</file>
         <name>autoinit.c.obj</name>
      </input_file>
      <input_file id="fl-10b">
         <path>C:\ti\ccsv8\tools\compiler\ti-cgt-arm_18.1.1.LTS\lib\</path>
         <kind>archive</kind>
         <file>rtsv7M4_T_le_v4SPD16_eabi.lib</file>
         <name>pre_init.c.obj</name>
      </input_file>
      <input_file id="fl-10c">
         <path>C:\ti\ccsv8\tools\compiler\ti-cgt-arm_18.1.1.LTS\lib\</path>
         <kind>archive</kind>
         <file>rtsv7M4_T_le_v4SPD16_eabi.lib</file>
         <name>cpy_tbl.c.obj</name>
      </input_file>
   </input_file_list>
   <object_component_list>
      <object_component id="oc-10">
         <name>.intvecs:retain</name>
         <load_address>0x0</load_address>
         <run_address>0x0</run_address>
         <size>0x144</size>
         <input_file_ref idref="fl-2f"/>
      </object_component>
      <object_component id="oc-654">
         <name>.text:pszTraceGetErrorNotEnoughHandles</name>
         <load_address>0x148</load_address>
         <run_address>0x148</run_address>
         <size>0x35e</size>
         <input_file_ref idref="fl-21"/>
      </object_component>
      <object_component id="oc-47f">
         <name>.text:xQueueGenericSend</name>
         <load_address>0x4a8</load_address>
         <run_address>0x4a8</run_address>
         <size>0x30c</size>
         <input_file_ref idref="fl-7"/>
      </object_component>
      <object_component id="oc-114">
         <name>.text:_system_pre_init</name>
         <load_address>0x7b4</load_address>
         <run_address>0x7b4</run_address>
         <size>0x4</size>
         <input_file_ref idref="fl-10b"/>
      </object_component>
      <object_component id="oc-465">
         <name>.text:xQueueReceive</name>
         <load_address>0x7b8</load_address>
         <run_address>0x7b8</run_address>
         <size>0x2ec</size>
         <input_file_ref idref="fl-7"/>
      </object_component>
      <object_component id="oc-226">
         <name>.text:abort:abort</name>
         <load_address>0xaa4</load_address>
         <run_address>0xaa4</run_address>
         <size>0x4</size>
         <input_file_ref idref="fl-100"/>
      </object_component>
      <object_component id="oc-3d8">
         <name>.text:prvTraceStoreKernelCallWithParam</name>
         <load_address>0xaa8</load_address>
         <run_address>0xaa8</run_address>
         <size>0x1c8</size>
         <input_file_ref idref="fl-22"/>
      </object_component>
      <object_component id="oc-e1">
         <name>.text:xSecondTimerHandler</name>
         <load_address>0xc70</load_address>
         <run_address>0xc70</run_address>
         <size>0x1c0</size>
         <input_file_ref idref="fl-18"/>
      </object_component>
      <object_component id="oc-3f8">
         <name>.text:prvTraceInitTraceData</name>
         <load_address>0xe30</load_address>
         <run_address>0xe30</run_address>
         <size>0x1b0</size>
         <input_file_ref idref="fl-22"/>
      </object_component>
      <object_component id="oc-1a9">
         <name>.text:prvTraceStoreKernelCall</name>
         <load_address>0xfe0</load_address>
         <run_address>0xfe0</run_address>
         <size>0x1a0</size>
         <input_file_ref idref="fl-22"/>
      </object_component>
      <object_component id="oc-b1">
         <name>.text:xTaskIncrementTick</name>
         <load_address>0x1180</load_address>
         <run_address>0x1180</run_address>
         <size>0x198</size>
         <input_file_ref idref="fl-9"/>
      </object_component>
      <object_component id="oc-b8">
         <name>.text:xQueueGenericSendFromISR</name>
         <load_address>0x1318</load_address>
         <run_address>0x1318</run_address>
         <size>0x188</size>
         <input_file_ref idref="fl-7"/>
      </object_component>
      <object_component id="oc-2a1">
         <name>.text:prvTraceGetDTS</name>
         <load_address>0x14a0</load_address>
         <run_address>0x14a0</run_address>
         <size>0x184</size>
         <input_file_ref idref="fl-22"/>
      </object_component>
      <object_component id="oc-52c">
         <name>.text:prvTraceGetObjectHandle</name>
         <load_address>0x1628</load_address>
         <run_address>0x1628</run_address>
         <size>0x14c</size>
         <input_file_ref idref="fl-22"/>
      </object_component>
      <object_component id="oc-5fd">
         <name>.text:CS_getDCOFrequency</name>
         <load_address>0x1778</load_address>
         <run_address>0x1778</run_address>
         <size>0x148</size>
         <input_file_ref idref="fl-25"/>
      </object_component>
      <object_component id="oc-3b5">
         <name>.text:prvCheckDataToBeOverwrittenForMultiEntryEvents</name>
         <load_address>0x18c0</load_address>
         <run_address>0x18c0</run_address>
         <size>0x148</size>
         <input_file_ref idref="fl-22"/>
      </object_component>
      <object_component id="oc-1de">
         <name>.text:xQueueReceiveFromISR</name>
         <load_address>0x1a08</load_address>
         <run_address>0x1a08</run_address>
         <size>0x148</size>
         <input_file_ref idref="fl-7"/>
      </object_component>
      <object_component id="oc-432">
         <name>.text:pvPortMalloc</name>
         <load_address>0x1b50</load_address>
         <run_address>0x1b50</run_address>
         <size>0x144</size>
         <input_file_ref idref="fl-d"/>
      </object_component>
      <object_component id="oc-44b">
         <name>.text:prvAddNewTaskToReadyList</name>
         <load_address>0x1c98</load_address>
         <run_address>0x1c98</run_address>
         <size>0x140</size>
         <input_file_ref idref="fl-9"/>
      </object_component>
      <object_component id="oc-598">
         <name>.text:vPortSuppressTicksAndSleep</name>
         <load_address>0x1dd8</load_address>
         <run_address>0x1dd8</run_address>
         <size>0x134</size>
         <input_file_ref idref="fl-b"/>
      </object_component>
      <object_component id="oc-2e4">
         <name>.text:uiIndexOfObject</name>
         <load_address>0x1f10</load_address>
         <run_address>0x1f10</run_address>
         <size>0x130</size>
         <input_file_ref idref="fl-22"/>
      </object_component>
      <object_component id="oc-da">
         <name>.text:xFirstTimerHandler</name>
         <load_address>0x2040</load_address>
         <run_address>0x2040</run_address>
         <size>0x130</size>
         <input_file_ref idref="fl-18"/>
      </object_component>
      <object_component id="oc-512">
         <name>.text:xTaskResumeAll</name>
         <load_address>0x2170</load_address>
         <run_address>0x2170</run_address>
         <size>0x128</size>
         <input_file_ref idref="fl-9"/>
      </object_component>
      <object_component id="oc-be">
         <name>.text:vTaskNotifyGiveFromISR</name>
         <load_address>0x2298</load_address>
         <run_address>0x2298</run_address>
         <size>0x124</size>
         <input_file_ref idref="fl-9"/>
      </object_component>
      <object_component id="oc-2eb">
         <name>.text:xTaskPriorityDisinherit</name>
         <load_address>0x23c0</load_address>
         <run_address>0x23c0</run_address>
         <size>0x120</size>
         <input_file_ref idref="fl-9"/>
      </object_component>
      <object_component id="oc-411">
         <name>.text:CS_initClockSignal</name>
         <load_address>0x24e0</load_address>
         <run_address>0x24e0</run_address>
         <size>0x11c</size>
         <input_file_ref idref="fl-25"/>
      </object_component>
      <object_component id="oc-4cf">
         <name>.text:vTraceInitObjectPropertyTable</name>
         <load_address>0x2600</load_address>
         <run_address>0x2600</run_address>
         <size>0x118</size>
         <input_file_ref idref="fl-21"/>
      </object_component>
      <object_component id="oc-4be">
         <name>.text:_CSComputeCLKFrequency</name>
         <load_address>0x2718</load_address>
         <run_address>0x2718</run_address>
         <size>0x114</size>
         <input_file_ref idref="fl-25"/>
      </object_component>
      <object_component id="oc-169">
         <name>.text:prvTraceStoreKernelCallWithNumericParamOnly</name>
         <load_address>0x2830</load_address>
         <run_address>0x2830</run_address>
         <size>0x110</size>
         <input_file_ref idref="fl-22"/>
      </object_component>
      <object_component id="oc-56b">
         <name>.text:prvTraceSetObjectName</name>
         <load_address>0x2940</load_address>
         <run_address>0x2940</run_address>
         <size>0x10c</size>
         <input_file_ref idref="fl-22"/>
      </object_component>
      <object_component id="oc-6ef">
         <name>.text:__PCM_setPowerModeAdvanced</name>
         <load_address>0x2a50</load_address>
         <run_address>0x2a50</run_address>
         <size>0x108</size>
         <input_file_ref idref="fl-2a"/>
      </object_component>
      <object_component id="oc-69a">
         <name>.text:prvProcessReceivedCommands</name>
         <load_address>0x2b58</load_address>
         <run_address>0x2b58</run_address>
         <size>0x100</size>
         <input_file_ref idref="fl-a"/>
      </object_component>
      <object_component id="oc-479">
         <name>.text:vTaskDelayUntil</name>
         <load_address>0x2c58</load_address>
         <run_address>0x2c58</run_address>
         <size>0x100</size>
         <input_file_ref idref="fl-9"/>
      </object_component>
      <object_component id="oc-17b">
         <name>.text:prvTraceStoreTaskReady</name>
         <load_address>0x2d58</load_address>
         <run_address>0x2d58</run_address>
         <size>0xf4</size>
         <input_file_ref idref="fl-22"/>
      </object_component>
      <object_component id="oc-4e3">
         <name>.text:uiTraceStart</name>
         <load_address>0x2e50</load_address>
         <run_address>0x2e50</run_address>
         <size>0xe8</size>
         <input_file_ref idref="fl-22"/>
      </object_component>
      <object_component id="oc-150">
         <name>.text:prvTraceStoreTaskswitch</name>
         <load_address>0x2f38</load_address>
         <run_address>0x2f38</run_address>
         <size>0xe4</size>
         <input_file_ref idref="fl-22"/>
      </object_component>
      <object_component id="oc-3d2">
         <name>.text:prvTraceGetPriorityProperty</name>
         <load_address>0x3020</load_address>
         <run_address>0x3020</run_address>
         <size>0xdc</size>
         <input_file_ref idref="fl-22"/>
      </object_component>
      <object_component id="oc-458">
         <name>.text:xPortStartScheduler</name>
         <load_address>0x3100</load_address>
         <run_address>0x3100</run_address>
         <size>0xdc</size>
         <input_file_ref idref="fl-b"/>
      </object_component>
      <object_component id="oc-3d">
         <name>.text</name>
         <load_address>0x31dc</load_address>
         <run_address>0x31dc</run_address>
         <size>0xda</size>
         <input_file_ref idref="fl-c"/>
      </object_component>
      <object_component id="oc-3de">
         <name>.text:prvTraceSetPriorityProperty</name>
         <load_address>0x32b8</load_address>
         <run_address>0x32b8</run_address>
         <size>0xd8</size>
         <input_file_ref idref="fl-22"/>
      </object_component>
      <object_component id="oc-aa">
         <name>.text:vTaskSwitchContext</name>
         <load_address>0x3390</load_address>
         <run_address>0x3390</run_address>
         <size>0xd4</size>
         <input_file_ref idref="fl-9"/>
      </object_component>
      <object_component id="oc-4ed">
         <name>.text:__PCM_setCoreVoltageLevelAdvanced</name>
         <load_address>0x3468</load_address>
         <run_address>0x3468</run_address>
         <size>0xd0</size>
         <input_file_ref idref="fl-2a"/>
      </object_component>
      <object_component id="oc-2aa">
         <name>.text:prvTraceGetObjectState</name>
         <load_address>0x3538</load_address>
         <run_address>0x3538</run_address>
         <size>0xd0</size>
         <input_file_ref idref="fl-22"/>
      </object_component>
      <object_component id="oc-1af">
         <name>.text:prvTraceSetObjectState</name>
         <load_address>0x3608</load_address>
         <run_address>0x3608</run_address>
         <size>0xcc</size>
         <input_file_ref idref="fl-22"/>
      </object_component>
      <object_component id="oc-4d5">
         <name>.text:vTraceInitObjectHandleStack</name>
         <load_address>0x36d8</load_address>
         <run_address>0x36d8</run_address>
         <size>0xcc</size>
         <input_file_ref idref="fl-21"/>
      </object_component>
      <object_component id="oc-1bb">
         <name>.text:xTaskRemoveFromEventList</name>
         <load_address>0x37a8</load_address>
         <run_address>0x37a8</run_address>
         <size>0xc0</size>
         <input_file_ref idref="fl-9"/>
      </object_component>
      <object_component id="oc-438">
         <name>.text:prvInitialiseNewQueue</name>
         <load_address>0x3868</load_address>
         <run_address>0x3868</run_address>
         <size>0xbc</size>
         <input_file_ref idref="fl-7"/>
      </object_component>
      <object_component id="oc-50c">
         <name>.text:vTraceStoreMemMangEvent</name>
         <load_address>0x3928</load_address>
         <run_address>0x3928</run_address>
         <size>0xbc</size>
         <input_file_ref idref="fl-22"/>
      </object_component>
      <object_component id="oc-48">
         <name>.text:vUART_Handler</name>
         <load_address>0x39e8</load_address>
         <run_address>0x39e8</run_address>
         <size>0xb4</size>
         <input_file_ref idref="fl-15"/>
      </object_component>
      <object_component id="oc-445">
         <name>.text:prvInitialiseNewTask</name>
         <load_address>0x3aa0</load_address>
         <run_address>0x3aa0</run_address>
         <size>0xae</size>
         <input_file_ref idref="fl-9"/>
      </object_component>
      <object_component id="oc-4db">
         <name>.text:prvTraceInitCortexM</name>
         <load_address>0x3b50</load_address>
         <run_address>0x3b50</run_address>
         <size>0xa8</size>
         <input_file_ref idref="fl-22"/>
      </object_component>
      <object_component id="oc-33e">
         <name>.text:vTraceEnable</name>
         <load_address>0x3bf8</load_address>
         <run_address>0x3bf8</run_address>
         <size>0xa4</size>
         <input_file_ref idref="fl-22"/>
      </object_component>
      <object_component id="oc-68">
         <name>.text</name>
         <load_address>0x3c9c</load_address>
         <run_address>0x3c9c</run_address>
         <size>0x9c</size>
         <input_file_ref idref="fl-fa"/>
      </object_component>
      <object_component id="oc-46b">
         <name>.text:vTaskDelay</name>
         <load_address>0x3d38</load_address>
         <run_address>0x3d38</run_address>
         <size>0x9c</size>
         <input_file_ref idref="fl-9"/>
      </object_component>
      <object_component id="oc-742">
         <name>.text:prvSwitchTimerLists</name>
         <load_address>0x3dd8</load_address>
         <run_address>0x3dd8</run_address>
         <size>0x94</size>
         <input_file_ref idref="fl-a"/>
      </object_component>
      <object_component id="oc-2c7">
         <name>.text:prvTraceGetParam</name>
         <load_address>0x3e70</load_address>
         <run_address>0x3e70</run_address>
         <size>0x94</size>
         <input_file_ref idref="fl-22"/>
      </object_component>
      <object_component id="oc-5cf">
         <name>.text:xTaskCheckForTimeOut</name>
         <load_address>0x3f08</load_address>
         <run_address>0x3f08</run_address>
         <size>0x94</size>
         <input_file_ref idref="fl-9"/>
      </object_component>
      <object_component id="oc-526">
         <name>.text:xQueueGenericReset</name>
         <load_address>0x3fa0</load_address>
         <run_address>0x3fa0</run_address>
         <size>0x90</size>
         <input_file_ref idref="fl-7"/>
      </object_component>
      <object_component id="oc-43f">
         <name>.text:vPortFree</name>
         <load_address>0x4030</load_address>
         <run_address>0x4030</run_address>
         <size>0x8c</size>
         <input_file_ref idref="fl-d"/>
      </object_component>
      <object_component id="oc-5d6">
         <name>.text:prvAddCurrentTaskToDelayedList</name>
         <load_address>0x40c0</load_address>
         <run_address>0x40c0</run_address>
         <size>0x88</size>
         <input_file_ref idref="fl-9"/>
      </object_component>
      <object_component id="oc-748">
         <name>.text:vTaskPlaceOnEventListRestricted</name>
         <load_address>0x4148</load_address>
         <run_address>0x4148</run_address>
         <size>0x88</size>
         <input_file_ref idref="fl-9"/>
      </object_component>
      <object_component id="oc-362">
         <name>.text:vTaskStartScheduler</name>
         <load_address>0x41d0</load_address>
         <run_address>0x41d0</run_address>
         <size>0x84</size>
         <input_file_ref idref="fl-9"/>
      </object_component>
      <object_component id="oc-45e">
         <name>.text:prvIdleTask</name>
         <load_address>0x4258</load_address>
         <run_address>0x4258</run_address>
         <size>0x7c</size>
         <input_file_ref idref="fl-9"/>
      </object_component>
      <object_component id="oc-5b7">
         <name>.text:prvTraceSetTaskInstanceFinished</name>
         <load_address>0x42d8</load_address>
         <run_address>0x42d8</run_address>
         <size>0x7c</size>
         <input_file_ref idref="fl-22"/>
      </object_component>
      <object_component id="oc-10e">
         <name>.text</name>
         <load_address>0x4354</load_address>
         <run_address>0x4354</run_address>
         <size>0x7a</size>
         <input_file_ref idref="fl-fb"/>
      </object_component>
      <object_component id="oc-42b">
         <name>.text:Interrupt_enableInterrupt</name>
         <load_address>0x43d0</load_address>
         <run_address>0x43d0</run_address>
         <size>0x78</size>
         <input_file_ref idref="fl-29"/>
      </object_component>
      <object_component id="oc-356">
         <name>.text:xQueueGenericCreate</name>
         <load_address>0x4448</load_address>
         <run_address>0x4448</run_address>
         <size>0x74</size>
         <input_file_ref idref="fl-7"/>
      </object_component>
      <object_component id="oc-723">
         <name>.text:xTimerGenericCommand</name>
         <load_address>0x44c0</load_address>
         <run_address>0x44c0</run_address>
         <size>0x74</size>
         <input_file_ref idref="fl-a"/>
      </object_component>
      <object_component id="oc-21f">
         <name>.text:main_blinky</name>
         <load_address>0x4538</load_address>
         <run_address>0x4538</run_address>
         <size>0x70</size>
         <input_file_ref idref="fl-20"/>
      </object_component>
      <object_component id="oc-1b5">
         <name>.text:prvCopyDataToQueue</name>
         <load_address>0x45a8</load_address>
         <run_address>0x45a8</run_address>
         <size>0x70</size>
         <input_file_ref idref="fl-7"/>
      </object_component>
      <object_component id="oc-500">
         <name>.text:prvHeapInit</name>
         <load_address>0x4618</load_address>
         <run_address>0x4618</run_address>
         <size>0x70</size>
         <input_file_ref idref="fl-d"/>
      </object_component>
      <object_component id="oc-559">
         <name>.text:prvInitialiseTaskLists</name>
         <load_address>0x4688</load_address>
         <run_address>0x4688</run_address>
         <size>0x70</size>
         <input_file_ref idref="fl-9"/>
      </object_component>
      <object_component id="oc-694">
         <name>.text:prvProcessTimerOrBlockTask</name>
         <load_address>0x46f8</load_address>
         <run_address>0x46f8</run_address>
         <size>0x70</size>
         <input_file_ref idref="fl-a"/>
      </object_component>
      <object_component id="oc-5c3">
         <name>.text:prvUnlockQueue</name>
         <load_address>0x4768</load_address>
         <run_address>0x4768</run_address>
         <size>0x6c</size>
         <input_file_ref idref="fl-7"/>
      </object_component>
      <object_component id="oc-9a">
         <name>.text:SystemInit</name>
         <load_address>0x47d8</load_address>
         <run_address>0x47d8</run_address>
         <size>0x68</size>
         <input_file_ref idref="fl-31"/>
      </object_component>
      <object_component id="oc-13">
         <name>.text:decompress:lzss:__TI_decompress_lzss</name>
         <load_address>0x4840</load_address>
         <run_address>0x4840</run_address>
         <size>0x68</size>
         <input_file_ref idref="fl-fe"/>
      </object_component>
      <object_component id="oc-506">
         <name>.text:prvInsertBlockIntoFreeList</name>
         <load_address>0x48a8</load_address>
         <run_address>0x48a8</run_address>
         <size>0x68</size>
         <input_file_ref idref="fl-d"/>
      </object_component>
      <object_component id="oc-58b">
         <name>.text:vPortSetupTimerInterrupt</name>
         <load_address>0x4910</load_address>
         <run_address>0x4910</run_address>
         <size>0x68</size>
         <input_file_ref idref="fl-b"/>
      </object_component>
      <object_component id="oc-35c">
         <name>.text:xTaskCreate</name>
         <load_address>0x4978</load_address>
         <run_address>0x4978</run_address>
         <size>0x68</size>
         <input_file_ref idref="fl-9"/>
      </object_component>
      <object_component id="oc-2a4">
         <name>.text:prvTraceNextFreeEventBufferSlot</name>
         <load_address>0x49e0</load_address>
         <run_address>0x49e0</run_address>
         <size>0x64</size>
         <input_file_ref idref="fl-22"/>
      </object_component>
      <object_component id="oc-191">
         <name>.text:vPortValidateInterruptPriority</name>
         <load_address>0x4a48</load_address>
         <run_address>0x4a48</run_address>
         <size>0x64</size>
         <input_file_ref idref="fl-b"/>
      </object_component>
      <object_component id="oc-716">
         <name>.text:prvProcessExpiredTimer</name>
         <load_address>0x4ab0</load_address>
         <run_address>0x4ab0</run_address>
         <size>0x60</size>
         <input_file_ref idref="fl-a"/>
      </object_component>
      <object_component id="oc-368">
         <name>.text:prvQueueReceiveTask</name>
         <load_address>0x4b10</load_address>
         <run_address>0x4b10</run_address>
         <size>0x58</size>
         <input_file_ref idref="fl-20"/>
      </object_component>
      <object_component id="oc-452">
         <name>.text:xTimerCreateTimerTask</name>
         <load_address>0x4b68</load_address>
         <run_address>0x4b68</run_address>
         <size>0x58</size>
         <input_file_ref idref="fl-a"/>
      </object_component>
      <object_component id="oc-32b">
         <name>.text:GPIO_setAsPeripheralModuleFunctionInputPin</name>
         <load_address>0x4bc0</load_address>
         <run_address>0x4bc0</run_address>
         <size>0x54</size>
         <input_file_ref idref="fl-28"/>
      </object_component>
      <object_component id="oc-6df">
         <name>.text:SysCtl_getTLVInfo</name>
         <load_address>0x4c18</load_address>
         <run_address>0x4c18</run_address>
         <size>0x54</size>
         <input_file_ref idref="fl-2b"/>
      </object_component>
      <object_component id="oc-59e">
         <name>.text:prvCheckTasksWaitingTermination</name>
         <load_address>0x4c70</load_address>
         <run_address>0x4c70</run_address>
         <size>0x54</size>
         <input_file_ref idref="fl-9"/>
      </object_component>
      <object_component id="oc-71d">
         <name>.text:prvInsertTimerInActiveList</name>
         <load_address>0x4cc8</load_address>
         <run_address>0x4cc8</run_address>
         <size>0x54</size>
         <input_file_ref idref="fl-a"/>
      </object_component>
      <object_component id="oc-166">
         <name>.text:prvTracePortGetTimeStamp</name>
         <load_address>0x4d20</load_address>
         <run_address>0x4d20</run_address>
         <size>0x54</size>
         <input_file_ref idref="fl-22"/>
      </object_component>
      <object_component id="oc-5f7">
         <name>.text:_CSGetDividerValue</name>
         <load_address>0x4d78</load_address>
         <run_address>0x4d78</run_address>
         <size>0x52</size>
         <input_file_ref idref="fl-25"/>
      </object_component>
      <object_component id="oc-623">
         <name>.text:PCM_getCoreVoltageLevel</name>
         <load_address>0x4dd0</load_address>
         <run_address>0x4dd0</run_address>
         <size>0x50</size>
         <input_file_ref idref="fl-2a"/>
      </object_component>
      <object_component id="oc-6d9">
         <name>.text:_CSGetDOCFrequency</name>
         <load_address>0x4e20</load_address>
         <run_address>0x4e20</run_address>
         <size>0x50</size>
         <input_file_ref idref="fl-25"/>
      </object_component>
      <object_component id="oc-592">
         <name>.text:prvGetExpectedIdleTime</name>
         <load_address>0x4e70</load_address>
         <run_address>0x4e70</run_address>
         <size>0x50</size>
         <input_file_ref idref="fl-9"/>
      </object_component>
      <object_component id="oc-36e">
         <name>.text:prvQueueSendTask</name>
         <load_address>0x4ec0</load_address>
         <run_address>0x4ec0</run_address>
         <size>0x50</size>
         <input_file_ref idref="fl-20"/>
      </object_component>
      <object_component id="oc-578">
         <name>.text:prvCheckForValidListAndQueue</name>
         <load_address>0x4f10</load_address>
         <run_address>0x4f10</run_address>
         <size>0x4c</size>
         <input_file_ref idref="fl-a"/>
      </object_component>
      <object_component id="oc-344">
         <name>.text:prvConfigureClocks</name>
         <load_address>0x4f60</load_address>
         <run_address>0x4f60</run_address>
         <size>0x4a</size>
         <input_file_ref idref="fl-20"/>
      </object_component>
      <object_component id="oc-710">
         <name>.text:vQueueWaitForMessageRestricted</name>
         <load_address>0x4fb0</load_address>
         <run_address>0x4fb0</run_address>
         <size>0x48</size>
         <input_file_ref idref="fl-7"/>
      </object_component>
      <object_component id="oc-232">
         <name>.text:__TI_auto_init_nobinit_nopinit:__TI_auto_init_nobinit_nopinit</name>
         <load_address>0x4ff8</load_address>
         <run_address>0x4ff8</run_address>
         <size>0x44</size>
         <input_file_ref idref="fl-10a"/>
      </object_component>
      <object_component id="oc-6a8">
         <name>.text:eTaskConfirmSleepModeStatus</name>
         <load_address>0x5040</load_address>
         <run_address>0x5040</run_address>
         <size>0x3c</size>
         <input_file_ref idref="fl-9"/>
      </object_component>
      <object_component id="oc-2b6">
         <name>.text:prvTraceError</name>
         <load_address>0x5080</load_address>
         <run_address>0x5080</run_address>
         <size>0x3c</size>
         <input_file_ref idref="fl-22"/>
      </object_component>
      <object_component id="oc-2b0">
         <name>.text:prvTraceUpdateCounters</name>
         <load_address>0x50c0</load_address>
         <run_address>0x50c0</run_address>
         <size>0x3c</size>
         <input_file_ref idref="fl-22"/>
      </object_component>
      <object_component id="oc-553">
         <name>.text:vPortEnterCritical</name>
         <load_address>0x5100</load_address>
         <run_address>0x5100</run_address>
         <size>0x3c</size>
         <input_file_ref idref="fl-b"/>
      </object_component>
      <object_component id="oc-61d">
         <name>.text:PCM_getPowerMode</name>
         <load_address>0x5140</load_address>
         <run_address>0x5140</run_address>
         <size>0x3a</size>
         <input_file_ref idref="fl-2a"/>
      </object_component>
      <object_component id="oc-86">
         <name>.text:_c_int00_noargs:_c_int00_noargs</name>
         <load_address>0x517c</load_address>
         <run_address>0x517c</run_address>
         <size>0x38</size>
         <input_file_ref idref="fl-ff"/>
      </object_component>
      <object_component id="oc-665">
         <name>.text:prvTaskExitError</name>
         <load_address>0x51b8</load_address>
         <run_address>0x51b8</run_address>
         <size>0x38</size>
         <input_file_ref idref="fl-b"/>
      </object_component>
      <object_component id="oc-5bd">
         <name>.text:vTaskPlaceOnEventList</name>
         <load_address>0x51f0</load_address>
         <run_address>0x51f0</run_address>
         <size>0x38</size>
         <input_file_ref idref="fl-9"/>
      </object_component>
      <object_component id="oc-6c6">
         <name>.text:vListInsert</name>
         <load_address>0x5228</load_address>
         <run_address>0x5228</run_address>
         <size>0x34</size>
         <input_file_ref idref="fl-6"/>
      </object_component>
      <object_component id="oc-4e">
         <name>.text:vT32_0_Handler</name>
         <load_address>0x5260</load_address>
         <run_address>0x5260</run_address>
         <size>0x34</size>
         <input_file_ref idref="fl-f"/>
      </object_component>
      <object_component id="oc-54">
         <name>.text:vT32_1_Handler</name>
         <load_address>0x5298</load_address>
         <run_address>0x5298</run_address>
         <size>0x34</size>
         <input_file_ref idref="fl-f"/>
      </object_component>
      <object_component id="oc-6b4">
         <name>.text:vTaskStepTick</name>
         <load_address>0x52d0</load_address>
         <run_address>0x52d0</run_address>
         <size>0x34</size>
         <input_file_ref idref="fl-9"/>
      </object_component>
      <object_component id="oc-405">
         <name>.text:FlashCtl_setWaitState</name>
         <load_address>0x5308</load_address>
         <run_address>0x5308</run_address>
         <size>0x30</size>
         <input_file_ref idref="fl-26"/>
      </object_component>
      <object_component id="oc-16f">
         <name>.text:prvResetNextTaskUnblockTime</name>
         <load_address>0x5338</load_address>
         <run_address>0x5338</run_address>
         <size>0x30</size>
         <input_file_ref idref="fl-9"/>
      </object_component>
      <object_component id="oc-219">
         <name>.text:prvSetupHardware</name>
         <load_address>0x5368</load_address>
         <run_address>0x5368</run_address>
         <size>0x30</size>
         <input_file_ref idref="fl-3"/>
      </object_component>
      <object_component id="oc-571">
         <name>.text:vPortExitCritical</name>
         <load_address>0x5398</load_address>
         <run_address>0x5398</run_address>
         <size>0x30</size>
         <input_file_ref idref="fl-b"/>
      </object_component>
      <object_component id="oc-40b">
         <name>.text:CS_setDCOCenteredFrequency</name>
         <load_address>0x53c8</load_address>
         <run_address>0x53c8</run_address>
         <size>0x2c</size>
         <input_file_ref idref="fl-25"/>
      </object_component>
      <object_component id="oc-41f">
         <name>.text:GPIO_setAsInputPinWithPullUpResistor</name>
         <load_address>0x53f8</load_address>
         <run_address>0x53f8</run_address>
         <size>0x2c</size>
         <input_file_ref idref="fl-28"/>
      </object_component>
      <object_component id="oc-70e">
         <name>.text:prvSampleTimeNow</name>
         <load_address>0x5428</load_address>
         <run_address>0x5428</run_address>
         <size>0x2c</size>
         <input_file_ref idref="fl-a"/>
      </object_component>
      <object_component id="oc-54c">
         <name>.text:pxPortInitialiseStack</name>
         <load_address>0x5458</load_address>
         <run_address>0x5458</run_address>
         <size>0x2c</size>
         <input_file_ref idref="fl-b"/>
      </object_component>
      <object_component id="oc-42">
         <name>.text:xPortSysTickHandler</name>
         <load_address>0x5488</load_address>
         <run_address>0x5488</run_address>
         <size>0x2c</size>
         <input_file_ref idref="fl-b"/>
      </object_component>
      <object_component id="oc-1ea">
         <name>.text:xQueueIsQueueFullFromISR</name>
         <load_address>0x54b8</load_address>
         <run_address>0x54b8</run_address>
         <size>0x2c</size>
         <input_file_ref idref="fl-7"/>
      </object_component>
      <object_component id="oc-305">
         <name>.text:prvCopyDataFromQueue</name>
         <load_address>0x54e8</load_address>
         <run_address>0x54e8</run_address>
         <size>0x28</size>
         <input_file_ref idref="fl-7"/>
      </object_component>
      <object_component id="oc-175">
         <name>.text:uxListRemove</name>
         <load_address>0x5510</load_address>
         <run_address>0x5510</run_address>
         <size>0x26</size>
         <input_file_ref idref="fl-6"/>
      </object_component>
      <object_component id="oc-603">
         <name>.text:CS_clearInterruptFlag</name>
         <load_address>0x5538</load_address>
         <run_address>0x5538</run_address>
         <size>0x24</size>
         <input_file_ref idref="fl-25"/>
      </object_component>
      <object_component id="oc-68e">
         <name>.text:prvGetNextExpireTime</name>
         <load_address>0x5560</load_address>
         <run_address>0x5560</run_address>
         <size>0x24</size>
         <input_file_ref idref="fl-a"/>
      </object_component>
      <object_component id="oc-3bc">
         <name>.text:vTraceStop</name>
         <load_address>0x5588</load_address>
         <run_address>0x5588</run_address>
         <size>0x24</size>
         <input_file_ref idref="fl-22"/>
      </object_component>
      <object_component id="oc-337">
         <name>.text:GPIO_setAsOutputPin</name>
         <load_address>0x55b0</load_address>
         <run_address>0x55b0</run_address>
         <size>0x20</size>
         <input_file_ref idref="fl-28"/>
      </object_component>
      <object_component id="oc-53e">
         <name>.text:prvMarkObjectAsUsed</name>
         <load_address>0x55d0</load_address>
         <run_address>0x55d0</run_address>
         <size>0x20</size>
         <input_file_ref idref="fl-22"/>
      </object_component>
      <object_component id="oc-1fa">
         <name>.text:prvRecordValue_NormallyEmpty</name>
         <load_address>0x55f0</load_address>
         <run_address>0x55f0</run_address>
         <size>0x20</size>
         <input_file_ref idref="fl-18"/>
      </object_component>
      <object_component id="oc-1e4">
         <name>.text:prvRecordValue_NormallyFull</name>
         <load_address>0x5610</load_address>
         <run_address>0x5610</run_address>
         <size>0x20</size>
         <input_file_ref idref="fl-18"/>
      </object_component>
      <object_component id="oc-3c2">
         <name>.text:prvStrncpy</name>
         <load_address>0x5630</load_address>
         <run_address>0x5630</run_address>
         <size>0x20</size>
         <input_file_ref idref="fl-22"/>
      </object_component>
      <object_component id="oc-5ab">
         <name>.text:xTaskGetSchedulerState</name>
         <load_address>0x5650</load_address>
         <run_address>0x5650</run_address>
         <size>0x20</size>
         <input_file_ref idref="fl-9"/>
      </object_component>
      <object_component id="oc-5e1">
         <name>.text:prvIsQueueFull</name>
         <load_address>0x5670</load_address>
         <run_address>0x5670</run_address>
         <size>0x1e</size>
         <input_file_ref idref="fl-7"/>
      </object_component>
      <object_component id="oc-64d">
         <name>.text:vListInitialise</name>
         <load_address>0x5690</load_address>
         <run_address>0x5690</run_address>
         <size>0x1e</size>
         <input_file_ref idref="fl-6"/>
      </object_component>
      <object_component id="oc-350">
         <name>.text:prvConfigureButton</name>
         <load_address>0x56b0</load_address>
         <run_address>0x56b0</run_address>
         <size>0x1a</size>
         <input_file_ref idref="fl-20"/>
      </object_component>
      <object_component id="oc-5b1">
         <name>.text:prvIsQueueEmpty</name>
         <load_address>0x56d0</load_address>
         <run_address>0x56d0</run_address>
         <size>0x1a</size>
         <input_file_ref idref="fl-7"/>
      </object_component>
      <object_component id="oc-57e">
         <name>.text:prvTimerTask</name>
         <load_address>0x56f0</load_address>
         <run_address>0x56f0</run_address>
         <size>0x1a</size>
         <input_file_ref idref="fl-a"/>
      </object_component>
      <object_component id="oc-538">
         <name>.text:prvTraceSetQueueNumberHigh16</name>
         <load_address>0x5710</load_address>
         <run_address>0x5710</run_address>
         <size>0x1a</size>
         <input_file_ref idref="fl-21"/>
      </object_component>
      <object_component id="oc-532">
         <name>.text:prvTraceSetQueueNumberLow16</name>
         <load_address>0x5730</load_address>
         <run_address>0x5730</run_address>
         <size>0x1a</size>
         <input_file_ref idref="fl-21"/>
      </object_component>
      <object_component id="oc-565">
         <name>.text:prvTraceSetTaskNumberHigh16</name>
         <load_address>0x5750</load_address>
         <run_address>0x5750</run_address>
         <size>0x1a</size>
         <input_file_ref idref="fl-21"/>
      </object_component>
      <object_component id="oc-55f">
         <name>.text:prvTraceSetTaskNumberLow16</name>
         <load_address>0x5770</load_address>
         <run_address>0x5770</run_address>
         <size>0x1a</size>
         <input_file_ref idref="fl-21"/>
      </object_component>
      <object_component id="oc-3ac">
         <name>.text:CS_getMCLK</name>
         <load_address>0x5790</load_address>
         <run_address>0x5790</run_address>
         <size>0x18</size>
         <input_file_ref idref="fl-25"/>
      </object_component>
      <object_component id="oc-25">
         <name>.text:resetISR</name>
         <load_address>0x57a8</load_address>
         <run_address>0x57a8</run_address>
         <size>0x18</size>
         <input_file_ref idref="fl-2f"/>
      </object_component>
      <object_component id="oc-181">
         <name>.text:vListInsertEnd</name>
         <load_address>0x57c0</load_address>
         <run_address>0x57c0</run_address>
         <size>0x18</size>
         <input_file_ref idref="fl-6"/>
      </object_component>
      <object_component id="oc-5c9">
         <name>.text:vTaskInternalSetTimeOutState</name>
         <load_address>0x57d8</load_address>
         <run_address>0x57d8</run_address>
         <size>0x18</size>
         <input_file_ref idref="fl-9"/>
      </object_component>
      <object_component id="oc-425">
         <name>.text:GPIO_enableInterrupt</name>
         <load_address>0x57f0</load_address>
         <run_address>0x57f0</run_address>
         <size>0x14</size>
         <input_file_ref idref="fl-28"/>
      </object_component>
      <object_component id="oc-331">
         <name>.text:GPIO_setOutputLowOnPin</name>
         <load_address>0x5808</load_address>
         <run_address>0x5808</run_address>
         <size>0x14</size>
         <input_file_ref idref="fl-28"/>
      </object_component>
      <object_component id="oc-34a">
         <name>.text:GPIO_toggleOutputOnPin</name>
         <load_address>0x5820</load_address>
         <run_address>0x5820</run_address>
         <size>0x14</size>
         <input_file_ref idref="fl-28"/>
      </object_component>
      <object_component id="oc-200">
         <name>.text:prvQueueAccessLogError</name>
         <load_address>0x5838</load_address>
         <run_address>0x5838</run_address>
         <size>0x14</size>
         <input_file_ref idref="fl-18"/>
      </object_component>
      <object_component id="oc-6bb">
         <name>.text:prvDeleteTCB</name>
         <load_address>0x5850</load_address>
         <run_address>0x5850</run_address>
         <size>0x12</size>
         <input_file_ref idref="fl-9"/>
      </object_component>
      <object_component id="oc-518">
         <name>.text:vApplicationMallocFailedHook</name>
         <load_address>0x5868</load_address>
         <run_address>0x5868</run_address>
         <size>0x12</size>
         <input_file_ref idref="fl-3"/>
      </object_component>
      <object_component id="oc-138">
         <name>.text:vApplicationStackOverflowHook</name>
         <load_address>0x5880</load_address>
         <run_address>0x5880</run_address>
         <size>0x12</size>
         <input_file_ref idref="fl-3"/>
      </object_component>
      <object_component id="oc-325">
         <name>.text:FPU_enableModule</name>
         <load_address>0x5898</load_address>
         <run_address>0x5898</run_address>
         <size>0x10</size>
         <input_file_ref idref="fl-27"/>
      </object_component>
      <object_component id="oc-4fa">
         <name>.text:vTaskSuspendAll</name>
         <load_address>0x58a8</load_address>
         <run_address>0x58a8</run_address>
         <size>0x10</size>
         <input_file_ref idref="fl-9"/>
      </object_component>
      <object_component id="oc-19">
         <name>.text:decompress:none:__TI_decompress_none</name>
         <load_address>0x58b8</load_address>
         <run_address>0x58b8</run_address>
         <size>0xe</size>
         <input_file_ref idref="fl-fd"/>
      </object_component>
      <object_component id="oc-11a">
         <name>.text:main</name>
         <load_address>0x58c8</load_address>
         <run_address>0x58c8</run_address>
         <size>0xe</size>
         <input_file_ref idref="fl-3"/>
      </object_component>
      <object_component id="oc-629">
         <name>.text:PCM_getPowerState</name>
         <load_address>0x58d8</load_address>
         <run_address>0x58d8</run_address>
         <size>0xc</size>
         <input_file_ref idref="fl-2a"/>
      </object_component>
      <object_component id="oc-7a">
         <name>.text:decompress:ZI:__TI_zero_init</name>
         <load_address>0x58e4</load_address>
         <run_address>0x58e4</run_address>
         <size>0xc</size>
         <input_file_ref idref="fl-fc"/>
      </object_component>
      <object_component id="oc-197">
         <name>.text:prvTraceGetQueueNumberHigh16</name>
         <load_address>0x58f0</load_address>
         <run_address>0x58f0</run_address>
         <size>0xc</size>
         <input_file_ref idref="fl-21"/>
      </object_component>
      <object_component id="oc-144">
         <name>.text:prvTraceGetTaskNumberHigh16</name>
         <load_address>0x5900</load_address>
         <run_address>0x5900</run_address>
         <size>0xc</size>
         <input_file_ref idref="fl-21"/>
      </object_component>
      <object_component id="oc-6cd">
         <name>.text:vTaskMissedYield</name>
         <load_address>0x5910</load_address>
         <run_address>0x5910</run_address>
         <size>0xc</size>
         <input_file_ref idref="fl-9"/>
      </object_component>
      <object_component id="oc-13e">
         <name>.text:xTaskGetCurrentTaskHandle</name>
         <load_address>0x5920</load_address>
         <run_address>0x5920</run_address>
         <size>0xc</size>
         <input_file_ref idref="fl-9"/>
      </object_component>
      <object_component id="oc-473">
         <name>.text:xTaskGetTickCount</name>
         <load_address>0x5930</load_address>
         <run_address>0x5930</run_address>
         <size>0xc</size>
         <input_file_ref idref="fl-9"/>
      </object_component>
      <object_component id="oc-1a3">
         <name>.text:prvTraceGetQueueNumberLow16</name>
         <load_address>0x5940</load_address>
         <run_address>0x5940</run_address>
         <size>0xa</size>
         <input_file_ref idref="fl-21"/>
      </object_component>
      <object_component id="oc-14a">
         <name>.text:prvTraceGetTaskNumberLow16</name>
         <load_address>0x5950</load_address>
         <run_address>0x5950</run_address>
         <size>0xa</size>
         <input_file_ref idref="fl-21"/>
      </object_component>
      <object_component id="oc-298">
         <name>.text:uxTaskGetTaskNumber</name>
         <load_address>0x5960</load_address>
         <run_address>0x5960</run_address>
         <size>0xa</size>
         <input_file_ref idref="fl-9"/>
      </object_component>
      <object_component id="oc-417">
         <name>.text:PCM_setCoreVoltageLevel</name>
         <load_address>0x5970</load_address>
         <run_address>0x5970</run_address>
         <size>0x8</size>
         <input_file_ref idref="fl-2a"/>
      </object_component>
      <object_component id="oc-62f">
         <name>.text:PCM_setPowerMode</name>
         <load_address>0x5978</load_address>
         <run_address>0x5978</run_address>
         <size>0x8</size>
         <input_file_ref idref="fl-2a"/>
      </object_component>
      <object_component id="oc-19d">
         <name>.text:ucQueueGetQueueType</name>
         <load_address>0x5980</load_address>
         <run_address>0x5980</run_address>
         <size>0x6</size>
         <input_file_ref idref="fl-7"/>
      </object_component>
      <object_component id="oc-546">
         <name>.text:vListInitialiseItem</name>
         <load_address>0x5988</load_address>
         <run_address>0x5988</run_address>
         <size>0x6</size>
         <input_file_ref idref="fl-6"/>
      </object_component>
      <object_component id="oc-67a">
         <name>.text:vTaskSetTaskNumber</name>
         <load_address>0x5990</load_address>
         <run_address>0x5990</run_address>
         <size>0x6</size>
         <input_file_ref idref="fl-9"/>
      </object_component>
      <object_component id="oc-2da">
         <name>.text:uxQueueGetQueueNumber</name>
         <load_address>0x5998</load_address>
         <run_address>0x5998</run_address>
         <size>0x4</size>
         <input_file_ref idref="fl-7"/>
      </object_component>
      <object_component id="oc-65b">
         <name>.text:vQueueSetQueueNumber</name>
         <load_address>0x59a0</load_address>
         <run_address>0x59a0</run_address>
         <size>0x4</size>
         <input_file_ref idref="fl-7"/>
      </object_component>
      <object_component id="oc-3fe">
         <name>.text:vTraceStart</name>
         <load_address>0x59a8</load_address>
         <run_address>0x59a8</run_address>
         <size>0x4</size>
         <input_file_ref idref="fl-22"/>
      </object_component>
      <object_component id="oc-37">
         <name>.text:defaultISR</name>
         <load_address>0x59b0</load_address>
         <run_address>0x59b0</run_address>
         <size>0x2</size>
         <input_file_ref idref="fl-2f"/>
      </object_component>
      <object_component id="oc-31">
         <name>.text:faultISR</name>
         <load_address>0x59b8</load_address>
         <run_address>0x59b8</run_address>
         <size>0x2</size>
         <input_file_ref idref="fl-2f"/>
      </object_component>
      <object_component id="oc-2b">
         <name>.text:nmiISR</name>
         <load_address>0x59c0</load_address>
         <run_address>0x59c0</run_address>
         <size>0x2</size>
         <input_file_ref idref="fl-2f"/>
      </object_component>
      <object_component id="oc-5a4">
         <name>.text:vApplicationIdleHook</name>
         <load_address>0x59c8</load_address>
         <run_address>0x59c8</run_address>
         <size>0x2</size>
         <input_file_ref idref="fl-3"/>
      </object_component>
      <object_component id="oc-187">
         <name>.text:vApplicationTickHook</name>
         <load_address>0x59d0</load_address>
         <run_address>0x59d0</run_address>
         <size>0x2</size>
         <input_file_ref idref="fl-20"/>
      </object_component>
      <object_component id="oc-6ae">
         <name>.text:vPreSleepProcessing</name>
         <load_address>0x59d8</load_address>
         <run_address>0x59d8</run_address>
         <size>0x2</size>
         <input_file_ref idref="fl-20"/>
      </object_component>
      <object_component id="oc-4f6">
         <name>.const:g_pulEnRegs</name>
         <load_address>0x59dc</load_address>
         <run_address>0x59dc</run_address>
         <size>0x8</size>
         <input_file_ref idref="fl-29"/>
      </object_component>
      <object_component id="oc-a7">
         <name>.const</name>
         <load_address>0x59e4</load_address>
         <run_address>0x59e4</run_address>
         <size>0x8</size>
         <input_file_ref idref="fl-b"/>
      </object_component>
      <object_component id="oc-c7">
         <name>.const</name>
         <load_address>0x59ec</load_address>
         <run_address>0x59ec</run_address>
         <size>0x4</size>
         <input_file_ref idref="fl-15"/>
      </object_component>
      <object_component id="oc-77f">
         <name>.cinit..data.load</name>
         <load_address>0x59f0</load_address>
         <run_address>0x59f0</run_address>
         <size>0x54</size>
      </object_component>
      <object_component id="oc-77d">
         <name>__TI_handler_table</name>
         <load_address>0x5a44</load_address>
         <run_address>0x5a44</run_address>
         <size>0xc</size>
      </object_component>
      <object_component id="oc-780">
         <name>.cinit..bss.load</name>
         <load_address>0x5a50</load_address>
         <run_address>0x5a50</run_address>
         <size>0x8</size>
      </object_component>
      <object_component id="oc-77e">
         <name>__TI_cinit_table</name>
         <load_address>0x5a58</load_address>
         <run_address>0x5a58</run_address>
         <size>0x10</size>
      </object_component>
      <object_component id="oc-a4">
         <name>.data</name>
         <load_address>0x2000e4d4</load_address>
         <run_address>0x2000e4d4</run_address>
         <size>0x34</size>
         <input_file_ref idref="fl-9"/>
      </object_component>
      <object_component id="oc-584">
         <name>.data</name>
         <load_address>0x2000e570</load_address>
         <run_address>0x2000e570</run_address>
         <size>0xc</size>
         <input_file_ref idref="fl-a"/>
      </object_component>
      <object_component id="oc-2d6">
         <name>.data</name>
         <load_address>0x2000e538</load_address>
         <run_address>0x2000e538</run_address>
         <size>0x18</size>
         <input_file_ref idref="fl-b"/>
      </object_component>
      <object_component id="oc-51e">
         <name>.data</name>
         <load_address>0x2000e550</load_address>
         <run_address>0x2000e550</run_address>
         <size>0x10</size>
         <input_file_ref idref="fl-d"/>
      </object_component>
      <object_component id="oc-c4">
         <name>.data</name>
         <load_address>0x2000e560</load_address>
         <run_address>0x2000e560</run_address>
         <size>0x10</size>
         <input_file_ref idref="fl-15"/>
      </object_component>
      <object_component id="oc-1f0">
         <name>.data</name>
         <load_address>0x2000e498</load_address>
         <run_address>0x2000e498</run_address>
         <size>0x3c</size>
         <input_file_ref idref="fl-18"/>
      </object_component>
      <object_component id="oc-319">
         <name>.data:ucNormallyEmptyReceivedValues</name>
         <load_address>0x2000e234</load_address>
         <run_address>0x2000e234</run_address>
         <size>0xc8</size>
         <input_file_ref idref="fl-18"/>
      </object_component>
      <object_component id="oc-30c">
         <name>.data:ucNormallyFullReceivedValues</name>
         <load_address>0x2000e2fc</load_address>
         <run_address>0x2000e2fc</run_address>
         <size>0xc8</size>
         <input_file_ref idref="fl-18"/>
      </object_component>
      <object_component id="oc-374">
         <name>.data</name>
         <load_address>0x2000e57c</load_address>
         <run_address>0x2000e57c</run_address>
         <size>0x8</size>
         <input_file_ref idref="fl-20"/>
      </object_component>
      <object_component id="oc-1c1">
         <name>.data:TraceQueueClassTable</name>
         <load_address>0x2000e584</load_address>
         <run_address>0x2000e584</run_address>
         <size>0x5</size>
         <input_file_ref idref="fl-21"/>
      </object_component>
      <object_component id="oc-159">
         <name>.data</name>
         <load_address>0x2000e454</load_address>
         <run_address>0x2000e454</run_address>
         <size>0x44</size>
         <input_file_ref idref="fl-22"/>
      </object_component>
      <object_component id="oc-617">
         <name>.data:objectHandleStacks</name>
         <load_address>0x2000e3c4</load_address>
         <run_address>0x2000e3c4</run_address>
         <size>0x8e</size>
         <input_file_ref idref="fl-22"/>
      </object_component>
      <object_component id="oc-3f2">
         <name>.data:GPIO_PORT_TO_BASE</name>
         <load_address>0x2000e508</load_address>
         <run_address>0x2000e508</run_address>
         <size>0x30</size>
         <input_file_ref idref="fl-28"/>
      </object_component>
      <object_component id="oc-156">
         <name>.bss:pxReadyTasksLists</name>
         <uninitialized>true</uninitialized>
         <run_address>0x2000e118</run_address>
         <size>0x64</size>
         <input_file_ref idref="fl-9"/>
      </object_component>
      <object_component id="oc-66d">
         <name>.bss:xDelayedTaskList1</name>
         <uninitialized>true</uninitialized>
         <run_address>0x2000e1a4</run_address>
         <size>0x14</size>
         <input_file_ref idref="fl-9"/>
      </object_component>
      <object_component id="oc-670">
         <name>.bss:xDelayedTaskList2</name>
         <uninitialized>true</uninitialized>
         <run_address>0x2000e1b8</run_address>
         <size>0x14</size>
         <input_file_ref idref="fl-9"/>
      </object_component>
      <object_component id="oc-18d">
         <name>.bss</name>
         <uninitialized>true</uninitialized>
         <run_address>0x2000e218</run_address>
         <size>0x8</size>
         <input_file_ref idref="fl-9"/>
      </object_component>
      <object_component id="oc-1cb">
         <name>.bss:xPendingReadyList</name>
         <uninitialized>true</uninitialized>
         <run_address>0x2000e1cc</run_address>
         <size>0x14</size>
         <input_file_ref idref="fl-9"/>
      </object_component>
      <object_component id="oc-673">
         <name>.bss:xTasksWaitingTermination</name>
         <uninitialized>true</uninitialized>
         <run_address>0x2000e1f4</run_address>
         <size>0x14</size>
         <input_file_ref idref="fl-9"/>
      </object_component>
      <object_component id="oc-676">
         <name>.bss:xSuspendedTaskList</name>
         <uninitialized>true</uninitialized>
         <run_address>0x2000e1e0</run_address>
         <size>0x14</size>
         <input_file_ref idref="fl-9"/>
      </object_component>
      <object_component id="oc-684">
         <name>.bss:xActiveTimerList1</name>
         <uninitialized>true</uninitialized>
         <run_address>0x2000e17c</run_address>
         <size>0x14</size>
         <input_file_ref idref="fl-a"/>
      </object_component>
      <object_component id="oc-687">
         <name>.bss:xActiveTimerList2</name>
         <uninitialized>true</uninitialized>
         <run_address>0x2000e190</run_address>
         <size>0x14</size>
         <input_file_ref idref="fl-a"/>
      </object_component>
      <object_component id="oc-68a">
         <name>.bss</name>
         <uninitialized>true</uninitialized>
         <run_address>0x2000e220</run_address>
         <size>0x8</size>
         <input_file_ref idref="fl-a"/>
      </object_component>
      <object_component id="oc-63a">
         <name>.bss:ucHeap</name>
         <uninitialized>true</uninitialized>
         <run_address>0x20000000</run_address>
         <size>0xc800</size>
         <input_file_ref idref="fl-d"/>
      </object_component>
      <object_component id="oc-521">
         <name>.bss:xStart</name>
         <uninitialized>true</uninitialized>
         <run_address>0x2000e228</run_address>
         <size>0x8</size>
         <input_file_ref idref="fl-d"/>
      </object_component>
      <object_component id="oc-1f6">
         <name>.bss</name>
         <uninitialized>true</uninitialized>
         <run_address>0x2000e208</run_address>
         <size>0x8</size>
         <input_file_ref idref="fl-18"/>
      </object_component>
      <object_component id="oc-609">
         <name>.bss</name>
         <uninitialized>true</uninitialized>
         <run_address>0x2000e210</run_address>
         <size>0x8</size>
         <input_file_ref idref="fl-25"/>
      </object_component>
      <object_component id="oc-3b2">
         <name>.common:init_hwtc_count</name>
         <uninitialized>true</uninitialized>
         <run_address>0x2000e230</run_address>
         <size>0x4</size>
      </object_component>
      <object_component id="oc-4e1">
         <name>.common:RecorderData</name>
         <uninitialized>true</uninitialized>
         <run_address>0x2000c800</run_address>
         <size>0x1918</size>
      </object_component>
      <object_component id="oc-22">
         <name>.stack</name>
         <uninitialized>true</uninitialized>
         <run_address>0x2000fce0</run_address>
         <size>0x4</size>
         <input_file_ref idref="fl-ff"/>
      </object_component>
      <object_component id="oc-781">
         <name>.stack</name>
         <uninitialized>true</uninitialized>
         <run_address>0x2000fce0</run_address>
         <size>0x0</size>
      </object_component>
      <object_component id="oc-207">
         <name>.debug_info</name>
         <load_address>0x0</load_address>
         <run_address>0x0</run_address>
         <size>0x630</size>
         <input_file_ref idref="fl-2"/>
      </object_component>
      <object_component id="oc-320">
         <name>.debug_info</name>
         <load_address>0x630</load_address>
         <run_address>0x630</run_address>
         <size>0x9a</size>
         <input_file_ref idref="fl-2"/>
      </object_component>
      <object_component id="oc-f4">
         <name>.debug_info</name>
         <load_address>0x6ca</load_address>
         <run_address>0x6ca</run_address>
         <size>0x26b</size>
         <input_file_ref idref="fl-2"/>
      </object_component>
      <object_component id="oc-ef">
         <name>.debug_info</name>
         <load_address>0x935</load_address>
         <run_address>0x935</run_address>
         <size>0x1055</size>
         <input_file_ref idref="fl-2"/>
      </object_component>
      <object_component id="oc-ea">
         <name>.debug_info</name>
         <load_address>0x198a</load_address>
         <run_address>0x198a</run_address>
         <size>0x37e2</size>
         <input_file_ref idref="fl-2"/>
      </object_component>
      <object_component id="oc-1d4">
         <name>.debug_info</name>
         <load_address>0x516c</load_address>
         <run_address>0x516c</run_address>
         <size>0x8b</size>
         <input_file_ref idref="fl-2"/>
      </object_component>
      <object_component id="oc-1d9">
         <name>.debug_info</name>
         <load_address>0x51f7</load_address>
         <run_address>0x51f7</run_address>
         <size>0x297</size>
         <input_file_ref idref="fl-2"/>
      </object_component>
      <object_component id="oc-d5">
         <name>.debug_info</name>
         <load_address>0x548e</load_address>
         <run_address>0x548e</run_address>
         <size>0xef</size>
         <input_file_ref idref="fl-2"/>
      </object_component>
      <object_component id="oc-d0">
         <name>.debug_info</name>
         <load_address>0x557d</load_address>
         <run_address>0x557d</run_address>
         <size>0xbb</size>
         <input_file_ref idref="fl-2"/>
      </object_component>
      <object_component id="oc-289">
         <name>.debug_info</name>
         <load_address>0x5638</load_address>
         <run_address>0x5638</run_address>
         <size>0x875</size>
         <input_file_ref idref="fl-3"/>
      </object_component>
      <object_component id="oc-139">
         <name>.debug_info</name>
         <load_address>0x5ead</load_address>
         <run_address>0x5ead</run_address>
         <size>0x14b</size>
         <input_file_ref idref="fl-3"/>
      </object_component>
      <object_component id="oc-519">
         <name>.debug_info</name>
         <load_address>0x5ff8</load_address>
         <run_address>0x5ff8</run_address>
         <size>0x112</size>
         <input_file_ref idref="fl-3"/>
      </object_component>
      <object_component id="oc-5a5">
         <name>.debug_info</name>
         <load_address>0x610a</load_address>
         <run_address>0x610a</run_address>
         <size>0x10d</size>
         <input_file_ref idref="fl-3"/>
      </object_component>
      <object_component id="oc-21a">
         <name>.debug_info</name>
         <load_address>0x6217</load_address>
         <run_address>0x6217</run_address>
         <size>0x18a</size>
         <input_file_ref idref="fl-3"/>
      </object_component>
      <object_component id="oc-11b">
         <name>.debug_info</name>
         <load_address>0x63a1</load_address>
         <run_address>0x63a1</run_address>
         <size>0x11a</size>
         <input_file_ref idref="fl-3"/>
      </object_component>
      <object_component id="oc-130">
         <name>.debug_info</name>
         <load_address>0x64bb</load_address>
         <run_address>0x64bb</run_address>
         <size>0x30c</size>
         <input_file_ref idref="fl-3"/>
      </object_component>
      <object_component id="oc-26b">
         <name>.debug_info</name>
         <load_address>0x67c7</load_address>
         <run_address>0x67c7</run_address>
         <size>0xb22</size>
         <input_file_ref idref="fl-3"/>
      </object_component>
      <object_component id="oc-73c">
         <name>.debug_info</name>
         <load_address>0x72e9</load_address>
         <run_address>0x72e9</run_address>
         <size>0x1b5</size>
         <input_file_ref idref="fl-3"/>
      </object_component>
      <object_component id="oc-3a3">
         <name>.debug_info</name>
         <load_address>0x749e</load_address>
         <run_address>0x749e</run_address>
         <size>0x44c</size>
         <input_file_ref idref="fl-3"/>
      </object_component>
      <object_component id="oc-284">
[...]
         <object_component_ref idref="oc-1bb"/>
      </symbol>
      <symbol id="sm-50a">
         <name>eTaskConfirmSleepModeStatus</name>
         <value>0x5041</value>
         <object_component_ref idref="oc-6a8"/>
      </symbol>
      <symbol id="sm-5e1">
         <name>xTimerCreateTimerTask</name>
         <value>0x4b69</value>
         <object_component_ref idref="oc-452"/>
      </symbol>
      <symbol id="sm-5e2">
         <name>xTimerGenericCommand</name>
         <value>0x44c1</value>
         <object_component_ref idref="oc-723"/>
      </symbol>
      <symbol id="sm-689">
         <name>ulMaxSyscallInterruptPriority</name>
         <value>0x59e4</value>
         <object_component_ref idref="oc-a7"/>
      </symbol>
      <symbol id="sm-68a">
         <name>vPortSetupTimerInterrupt</name>
         <value>0x4911</value>
         <object_component_ref idref="oc-58b"/>
      </symbol>
      <symbol id="sm-68b">
         <name>vPortSuppressTicksAndSleep</name>
         <value>0x1dd9</value>
         <object_component_ref idref="oc-598"/>
      </symbol>
      <symbol id="sm-68c">
         <name>xPortSysTickHandler</name>
         <value>0x5489</value>
         <object_component_ref idref="oc-42"/>
      </symbol>
      <symbol id="sm-68d">
         <name>vPortValidateInterruptPriority</name>
         <value>0x4a49</value>
         <object_component_ref idref="oc-191"/>
      </symbol>
      <symbol id="sm-68e">
         <name>pxPortInitialiseStack</name>
         <value>0x5459</value>
         <object_component_ref idref="oc-54c"/>
      </symbol>
      <symbol id="sm-68f">
         <name>vPortExitCritical</name>
         <value>0x5399</value>
         <object_component_ref idref="oc-571"/>
      </symbol>
      <symbol id="sm-690">
         <name>xPortStartScheduler</name>
         <value>0x3101</value>
         <object_component_ref idref="oc-458"/>
      </symbol>
      <symbol id="sm-691">
         <name>vPortEnterCritical</name>
         <value>0x5101</value>
         <object_component_ref idref="oc-553"/>
      </symbol>
      <symbol id="sm-6a0">
         <name>vPortStartFirstTask</name>
         <value>0x3285</value>
         <object_component_ref idref="oc-3d"/>
      </symbol>
      <symbol id="sm-6a1">
         <name>ulPortGetIPSR</name>
         <value>0x31ed</value>
         <object_component_ref idref="oc-3d"/>
      </symbol>
      <symbol id="sm-6a2">
         <name>vPortEnableVFP</name>
         <value>0x32a9</value>
         <object_component_ref idref="oc-3d"/>
      </symbol>
      <symbol id="sm-6a3">
         <name>xPortPendSVHandler</name>
         <value>0x3205</value>
         <object_component_ref idref="oc-3d"/>
      </symbol>
      <symbol id="sm-6a4">
         <name>vPortSVCHandler</name>
         <value>0x3265</value>
         <object_component_ref idref="oc-3d"/>
      </symbol>
      <symbol id="sm-71b">
         <name>pvPortMalloc</name>
         <value>0x1b51</value>
         <object_component_ref idref="oc-432"/>
      </symbol>
      <symbol id="sm-71c">
         <name>vPortFree</name>
         <value>0x4031</value>
         <object_component_ref idref="oc-43f"/>
      </symbol>
      <symbol id="sm-739">
         <name>vT32_1_Handler</name>
         <value>0x5299</value>
         <object_component_ref idref="oc-54"/>
      </symbol>
      <symbol id="sm-73a">
         <name>vT32_0_Handler</name>
         <value>0x5261</value>
         <object_component_ref idref="oc-4e"/>
      </symbol>
      <symbol id="sm-76d">
         <name>vUART_Handler</name>
         <value>0x39e9</value>
         <object_component_ref idref="oc-48"/>
      </symbol>
      <symbol id="sm-80b">
         <name>xFirstTimerHandler</name>
         <value>0x2041</value>
         <object_component_ref idref="oc-da"/>
      </symbol>
      <symbol id="sm-80c">
         <name>xSecondTimerHandler</name>
         <value>0xc71</value>
         <object_component_ref idref="oc-e1"/>
      </symbol>
      <symbol id="sm-874">
         <name>vPreSleepProcessing</name>
         <value>0x59d9</value>
         <object_component_ref idref="oc-6ae"/>
      </symbol>
      <symbol id="sm-875">
         <name>main_blinky</name>
         <value>0x4539</value>
         <object_component_ref idref="oc-21f"/>
      </symbol>
      <symbol id="sm-876">
         <name>vApplicationTickHook</name>
         <value>0x59d1</value>
         <object_component_ref idref="oc-187"/>
      </symbol>
      <symbol id="sm-8f7">
         <name>vTraceInitObjectPropertyTable</name>
         <value>0x2601</value>
         <object_component_ref idref="oc-4cf"/>
      </symbol>
      <symbol id="sm-8f8">
         <name>vTraceInitObjectHandleStack</name>
         <value>0x36d9</value>
         <object_component_ref idref="oc-4d5"/>
      </symbol>
      <symbol id="sm-8f9">
         <name>TraceQueueClassTable</name>
         <value>0x2000e584</value>
         <object_component_ref idref="oc-1c1"/>
      </symbol>
      <symbol id="sm-8fa">
         <name>prvTraceGetQueueNumberLow16</name>
         <value>0x5941</value>
         <object_component_ref idref="oc-1a3"/>
      </symbol>
      <symbol id="sm-8fb">
         <name>prvTraceSetQueueNumberLow16</name>
         <value>0x5731</value>
         <object_component_ref idref="oc-532"/>
      </symbol>
      <symbol id="sm-8fc">
         <name>prvTraceGetTaskNumberLow16</name>
         <value>0x5951</value>
         <object_component_ref idref="oc-14a"/>
      </symbol>
      <symbol id="sm-8fd">
         <name>prvTraceSetQueueNumberHigh16</name>
         <value>0x5711</value>
         <object_component_ref idref="oc-538"/>
      </symbol>
      <symbol id="sm-8fe">
         <name>pszTraceGetErrorNotEnoughHandles</name>
         <value>0x149</value>
         <object_component_ref idref="oc-654"/>
      </symbol>
      <symbol id="sm-8ff">
         <name>prvTraceGetQueueNumberHigh16</name>
         <value>0x58f1</value>
         <object_component_ref idref="oc-197"/>
      </symbol>
      <symbol id="sm-900">
         <name>prvTraceSetTaskNumberHigh16</name>
         <value>0x5751</value>
         <object_component_ref idref="oc-565"/>
      </symbol>
      <symbol id="sm-901">
         <name>prvTraceGetTaskNumberHigh16</name>
         <value>0x5901</value>
         <object_component_ref idref="oc-144"/>
      </symbol>
      <symbol id="sm-902">
         <name>prvTraceSetTaskNumberLow16</name>
         <value>0x5771</value>
         <object_component_ref idref="oc-55f"/>
      </symbol>
      <symbol id="sm-b2c">
         <name>init_hwtc_count</name>
         <value>0x2000e230</value>
      </symbol>
      <symbol id="sm-b2d">
         <name>RecorderData</name>
         <value>0x2000c800</value>
      </symbol>
      <symbol id="sm-b2e">
         <name>RecorderDataPtr</name>
         <value>0x2000e484</value>
         <object_component_ref idref="oc-159"/>
      </symbol>
      <symbol id="sm-b2f">
         <name>vTraceEnable</name>
         <value>0x3bf9</value>
         <object_component_ref idref="oc-33e"/>
      </symbol>
      <symbol id="sm-b30">
         <name>objectHandleStacks</name>
         <value>0x2000e3c4</value>
         <object_component_ref idref="oc-617"/>
      </symbol>
      <symbol id="sm-b31">
         <name>vTraceStop</name>
         <value>0x5589</value>
         <object_component_ref idref="oc-3bc"/>
      </symbol>
      <symbol id="sm-b32">
         <name>traceErrorMessage</name>
         <value>0x2000e470</value>
         <object_component_ref idref="oc-159"/>
      </symbol>
      <symbol id="sm-b33">
         <name>prvTraceSetObjectState</name>
         <value>0x3609</value>
         <object_component_ref idref="oc-1af"/>
      </symbol>
      <symbol id="sm-b34">
         <name>prvTraceSetObjectName</name>
         <value>0x2941</value>
         <object_component_ref idref="oc-56b"/>
      </symbol>
      <symbol id="sm-b35">
         <name>prvTraceError</name>
         <value>0x5081</value>
         <object_component_ref idref="oc-2b6"/>
      </symbol>
      <symbol id="sm-b36">
         <name>uiTraceStart</name>
         <value>0x2e51</value>
         <object_component_ref idref="oc-4e3"/>
      </symbol>
      <symbol id="sm-b37">
         <name>uiTraceTickCount</name>
         <value>0x2000e45c</value>
         <object_component_ref idref="oc-159"/>
      </symbol>
      <symbol id="sm-b38">
         <name>prvTraceGetPriorityProperty</name>
         <value>0x3021</value>
         <object_component_ref idref="oc-3d2"/>
      </symbol>
      <symbol id="sm-b39">
         <name>prvTraceSetPriorityProperty</name>
         <value>0x32b9</value>
         <object_component_ref idref="oc-3de"/>
      </symbol>
      <symbol id="sm-b3a">
         <name>prvTraceStoreKernelCall</name>
         <value>0xfe1</value>
         <object_component_ref idref="oc-1a9"/>
      </symbol>
      <symbol id="sm-b3b">
         <name>vTraceStoreMemMangEvent</name>
         <value>0x3929</value>
         <object_component_ref idref="oc-50c"/>
      </symbol>
      <symbol id="sm-b3c">
         <name>prvTracePortGetTimeStamp</name>
         <value>0x4d21</value>
         <object_component_ref idref="oc-166"/>
      </symbol>
      <symbol id="sm-b3d">
         <name>vTraceStart</name>
         <value>0x59a9</value>
         <object_component_ref idref="oc-3fe"/>
      </symbol>
      <symbol id="sm-b3e">
         <name>CurrentFilterMask</name>
         <value>0x2000e47c</value>
         <object_component_ref idref="oc-159"/>
      </symbol>
      <symbol id="sm-b3f">
         <name>prvTraceStoreTaskswitch</name>
         <value>0x2f39</value>
         <object_component_ref idref="oc-150"/>
      </symbol>
      <symbol id="sm-b40">
         <name>nISRactive</name>
         <value>0x2000e474</value>
         <object_component_ref idref="oc-159"/>
      </symbol>
      <symbol id="sm-b41">
         <name>prvMarkObjectAsUsed</name>
         <value>0x55d1</value>
         <object_component_ref idref="oc-53e"/>
      </symbol>
      <symbol id="sm-b42">
         <name>CurrentFilterGroup</name>
         <value>0x2000e47e</value>
         <object_component_ref idref="oc-159"/>
      </symbol>
      <symbol id="sm-b43">
         <name>prvTraceStoreKernelCallWithNumericParamOnly</name>
         <value>0x2831</value>
         <object_component_ref idref="oc-169"/>
      </symbol>
      <symbol id="sm-b44">
         <name>timestampFrequency</name>
         <value>0x2000e46c</value>
         <object_component_ref idref="oc-159"/>
      </symbol>
      <symbol id="sm-b45">
         <name>prvTraceGetObjectHandle</name>
         <value>0x1629</value>
         <object_component_ref idref="oc-52c"/>
      </symbol>
      <symbol id="sm-b46">
         <name>uiIndexOfObject</name>
         <value>0x1f11</value>
         <object_component_ref idref="oc-2e4"/>
      </symbol>
      <symbol id="sm-b47">
         <name>vTraceStopHookPtr</name>
         <value>0x2000e478</value>
         <object_component_ref idref="oc-159"/>
      </symbol>
      <symbol id="sm-b48">
         <name>recorder_busy</name>
         <value>0x2000e468</value>
         <object_component_ref idref="oc-159"/>
      </symbol>
      <symbol id="sm-b49">
         <name>isPendingContextSwitch</name>
         <value>0x2000e454</value>
         <object_component_ref idref="oc-159"/>
      </symbol>
      <symbol id="sm-b4a">
         <name>handle_of_last_logged_task</name>
         <value>0x2000e475</value>
         <object_component_ref idref="oc-159"/>
      </symbol>
      <symbol id="sm-b4b">
         <name>trace_disable_timestamp</name>
         <value>0x2000e460</value>
         <object_component_ref idref="oc-159"/>
      </symbol>
      <symbol id="sm-b4c">
         <name>prvTraceSetTaskInstanceFinished</name>
         <value>0x42d9</value>
         <object_component_ref idref="oc-5b7"/>
      </symbol>
      <symbol id="sm-b4d">
         <name>prvTraceStoreKernelCallWithParam</name>
         <value>0xaa9</value>
         <object_component_ref idref="oc-3d8"/>
      </symbol>
      <symbol id="sm-b4e">
         <name>prvTraceInitCortexM</name>
         <value>0x3b51</value>
         <object_component_ref idref="oc-4db"/>
      </symbol>
      <symbol id="sm-b4f">
         <name>prvTraceStoreTaskReady</name>
         <value>0x2d59</value>
         <object_component_ref idref="oc-17b"/>
      </symbol>
      <symbol id="sm-c00">
         <name>CS_getMCLK</name>
         <value>0x5791</value>
         <object_component_ref idref="oc-3ac"/>
      </symbol>
      <symbol id="sm-c01">
         <name>CS_clearInterruptFlag</name>
         <value>0x5539</value>
         <object_component_ref idref="oc-603"/>
      </symbol>
      <symbol id="sm-c02">
         <name>CS_getDCOFrequency</name>
         <value>0x1779</value>
         <object_component_ref idref="oc-5fd"/>
      </symbol>
      <symbol id="sm-c03">
         <name>CS_setDCOCenteredFrequency</name>
         <value>0x53c9</value>
         <object_component_ref idref="oc-40b"/>
      </symbol>
      <symbol id="sm-c04">
         <name>CS_initClockSignal</name>
         <value>0x24e1</value>
         <object_component_ref idref="oc-411"/>
      </symbol>
      <symbol id="sm-c13">
         <name>FlashCtl_setWaitState</name>
         <value>0x5309</value>
         <object_component_ref idref="oc-405"/>
      </symbol>
      <symbol id="sm-c1f">
         <name>FPU_enableModule</name>
         <value>0x5899</value>
         <object_component_ref idref="oc-325"/>
      </symbol>
      <symbol id="sm-c6a">
         <name>GPIO_setAsInputPinWithPullUpResistor</name>
         <value>0x53f9</value>
         <object_component_ref idref="oc-41f"/>
      </symbol>
      <symbol id="sm-c6b">
         <name>GPIO_enableInterrupt</name>
         <value>0x57f1</value>
         <object_component_ref idref="oc-425"/>
      </symbol>
      <symbol id="sm-c6c">
         <name>GPIO_setAsOutputPin</name>
         <value>0x55b1</value>
         <object_component_ref idref="oc-337"/>
      </symbol>
      <symbol id="sm-c6d">
         <name>GPIO_setOutputLowOnPin</name>
         <value>0x5809</value>
         <object_component_ref idref="oc-331"/>
      </symbol>
      <symbol id="sm-c6e">
         <name>GPIO_toggleOutputOnPin</name>
         <value>0x5821</value>
         <object_component_ref idref="oc-34a"/>
      </symbol>
      <symbol id="sm-c6f">
         <name>GPIO_setAsPeripheralModuleFunctionInputPin</name>
         <value>0x4bc1</value>
         <object_component_ref idref="oc-32b"/>
      </symbol>
      <symbol id="sm-c8c">
         <name>Interrupt_enableInterrupt</name>
         <value>0x43d1</value>
         <object_component_ref idref="oc-42b"/>
      </symbol>
      <symbol id="sm-cf9">
         <name>PCM_setCoreVoltageLevel</name>
         <value>0x5971</value>
         <object_component_ref idref="oc-417"/>
      </symbol>
      <symbol id="sm-cfa">
         <name>PCM_getCoreVoltageLevel</name>
         <value>0x4dd1</value>
         <object_component_ref idref="oc-623"/>
      </symbol>
      <symbol id="sm-cfb">
         <name>PCM_getPowerMode</name>
         <value>0x5141</value>
         <object_component_ref idref="oc-61d"/>
      </symbol>
      <symbol id="sm-cfc">
         <name>PCM_getPowerState</name>
         <value>0x58d9</value>
         <object_component_ref idref="oc-629"/>
      </symbol>
      <symbol id="sm-cfd">
         <name>PCM_setPowerMode</name>
         <value>0x5979</value>
         <object_component_ref idref="oc-62f"/>
      </symbol>
      <symbol id="sm-d13">
         <name>SysCtl_getTLVInfo</name>
         <value>0x4c19</value>
         <object_component_ref idref="oc-6df"/>
      </symbol>
      <symbol id="sm-d4a">
         <name>interruptVectors</name>
         <value>0x0</value>
         <object_component_ref idref="oc-10"/>
      </symbol>
      <symbol id="sm-d5c">
         <name>SystemInit</name>
         <value>0x47d9</value>
         <object_component_ref idref="oc-9a"/>
      </symbol>
      <symbol id="sm-d86">
         <name>memcpy</name>
         <value>0x3c9d</value>
         <object_component_ref idref="oc-68"/>
      </symbol>
      <symbol id="sm-d87">
         <name>__aeabi_memcpy</name>
         <value>0x3c9d</value>
         <object_component_ref idref="oc-68"/>
      </symbol>
      <symbol id="sm-d88">
         <name>__aeabi_memcpy8</name>
         <value>0x3c9d</value>
         <object_component_ref idref="oc-68"/>
      </symbol>
      <symbol id="sm-d89">
         <name>__aeabi_memcpy4</name>
         <value>0x3c9d</value>
         <object_component_ref idref="oc-68"/>
      </symbol>
      <symbol id="sm-d98">
         <name>__aeabi_memset</name>
         <value>0x4357</value>
         <object_component_ref idref="oc-10e"/>
      </symbol>
      <symbol id="sm-d99">
         <name>memset</name>
         <value>0x435d</value>
         <object_component_ref idref="oc-10e"/>
      </symbol>
      <symbol id="sm-d9a">
         <name>__aeabi_memset8</name>
         <value>0x4357</value>
         <object_component_ref idref="oc-10e"/>
      </symbol>
      <symbol id="sm-d9b">
         <name>__aeabi_memset4</name>
         <value>0x4357</value>
         <object_component_ref idref="oc-10e"/>
      </symbol>
      <symbol id="sm-d9c">
         <name>__aeabi_memclr8</name>
         <value>0x4355</value>
         <object_component_ref idref="oc-10e"/>
      </symbol>
      <symbol id="sm-d9d">
         <name>__aeabi_memclr4</name>
         <value>0x4355</value>
         <object_component_ref idref="oc-10e"/>
      </symbol>
      <symbol id="sm-d9e">
         <name>__aeabi_memclr</name>
         <value>0x4355</value>
         <object_component_ref idref="oc-10e"/>
      </symbol>
      <symbol id="sm-db0">
         <name>__TI_zero_init</name>
         <value>0x58e5</value>
         <object_component_ref idref="oc-7a"/>
      </symbol>
      <symbol id="sm-dc7">
         <name>__TI_decompress_none</name>
         <value>0x58b9</value>
         <object_component_ref idref="oc-19"/>
      </symbol>
      <symbol id="sm-dea">
         <name>__TI_decompress_lzss</name>
         <value>0x4841</value>
         <object_component_ref idref="oc-13"/>
      </symbol>
      <symbol id="sm-dfd">
         <name>__stack</name>
         <value>0x2000fce0</value>
         <object_component_ref idref="oc-22"/>
      </symbol>
      <symbol id="sm-dfe">
         <name>_c_int00_noargs</name>
         <value>0x517d</value>
         <object_component_ref idref="oc-86"/>
      </symbol>
      <symbol id="sm-e09">
         <name>C$$EXIT</name>
         <value>0xaa5</value>
         <object_component_ref idref="oc-226"/>
      </symbol>
      <symbol id="sm-e0a">
         <name>abort</name>
         <value>0xaa5</value>
         <object_component_ref idref="oc-226"/>
      </symbol>
      <symbol id="sm-e3b">
         <name>__TI_auto_init_nobinit_nopinit</name>
         <value>0x4ff9</value>
         <object_component_ref idref="oc-232"/>
      </symbol>
      <symbol id="sm-e45">
         <name>_system_pre_init</name>
         <value>0x7b5</value>
         <object_component_ref idref="oc-114"/>
      </symbol>
      <symbol id="sm-e47">
         <name>__TI_static_base__</name>
         <value>0x0</value>
      </symbol>
      <symbol id="sm-e4a">
         <name>__mpu_init</name>
         <value>0x0</value>
      </symbol>
      <symbol id="sm-e4b">
         <name>_system_post_cinit</name>
         <value>0x0</value>
      </symbol>
      <symbol id="sm-e4c">
         <name>prvTraceGetQueueNumber</name>
         <value>0x5999</value>
      </symbol>
      <symbol id="sm-e4d">
         <name>prvTraceGetQueueType</name>
         <value>0x5981</value>
      </symbol>
      <symbol id="sm-e4e">
         <name>prvTraceGetCurrentTaskHandle</name>
         <value>0x5921</value>
      </symbol>
   </symbol_table>
   <title>Link successful</title>
</link_info>
