******************************************************************************
                  TI ARM Linker PC v18.1.1                     
******************************************************************************
>> Linked Fri Apr 26 21:57:29 2019

OUTPUT FILE NAME:   <RTOSDemo.out>
ENTRY POINT SYMBOL: "_c_int00_noargs"  address: 000047a5


MEMORY CONFIGURATION

         name            origin    length      used     unused   attr    fill
----------------------  --------  ---------  --------  --------  ----  --------
  MAIN                  00000000   00040000  000050d2  0003af2e  R  X
  INFO                  00200000   00004000  00000000  00004000  R  X
  SRAM_CODE             01000000   00010000  00000000  00010000  RW X
  SRAM_DATA             20000000   00010000  0000cf99  00003067  RW  


SEGMENT ALLOCATION MAP

run origin  load origin   length   init length attrs members
----------  ----------- ---------- ----------- ----- -------
00000000    00000000    000050d8   000050d8    r-x
  00000000    00000000    00000144   00000144    r-- .intvecs
  00000148    00000148    00004f02   00004f02    r-x .text
  0000504c    0000504c    00000014   00000014    r-- .const
  00005060    00005060    00000078   00000078    r-- .cinit
20000000    20000000    0000cc79   00000000    rw-
  20000000    20000000    0000c91c   00000000    rw- .bss
  2000c91c    2000c91c    0000035d   00000000    rw- .data
2000fce0    2000fce0    00000320   00000000    rw-
  2000fce0    2000fce0    00000320   00000000    rw- .stack


SECTION ALLOCATION MAP

 output                                  attributes/
section   page    origin      length       input sections
--------  ----  ----------  ----------   ----------------
.intvecs   0    00000000    00000144     
                  00000000    00000144     msp432_startup_ccs.obj (.intvecs:retain)

.text      0    00000148    00004f02     
                  00000148    0000035e     trcKernelPort.obj (.text:pszTraceGetErrorNotEnoughHandles)
                  000004a6    00000002     --HOLE-- [fill = 0]
                  000004a8    0000030c     queue.obj (.text:xQueueGenericSend)
                  000007b4    00000004     rtsv7M4_T_le_v4SPD16_eabi.lib : pre_init.c.obj (.text:_system_pre_init)
                  000007b8    000002ec     queue.obj (.text:xQueueReceive)
                  00000aa4    00000004     rtsv7M4_T_le_v4SPD16_eabi.lib : exit.c.obj (.text:abort:abort)
                  00000aa8    000001c8     trcSnapshotRecorder.obj (.text:prvTraceStoreKernelCallWithParam)
                  00000c70    000001c0     IntQueue.obj (.text:xSecondTimerHandler)
                  00000e30    000001a0     trcSnapshotRecorder.obj (.text:prvTraceStoreKernelCall)
                  00000fd0    00000198     tasks.obj (.text:xTaskIncrementTick)
                  00001168    00000188     queue.obj (.text:xQueueGenericSendFromISR)
                  000012f0    00000184     trcSnapshotRecorder.obj (.text:prvTraceGetDTS)
                  00001474    00000004     --HOLE-- [fill = 0]
                  00001478    0000014c     trcSnapshotRecorder.obj (.text:prvTraceGetObjectHandle)
                  000015c4    00000004     --HOLE-- [fill = 0]
                  000015c8    00000148     cs.obj (.text:CS_getDCOFrequency)
                  00001710    00000148     trcSnapshotRecorder.obj (.text:prvCheckDataToBeOverwrittenForMultiEntryEvents)
                  00001858    00000148     queue.obj (.text:xQueueReceiveFromISR)
                  000019a0    00000144     heap_4.obj (.text:pvPortMalloc)
                  00001ae4    00000004     --HOLE-- [fill = 0]
                  00001ae8    00000140     tasks.obj (.text:prvAddNewTaskToReadyList)
                  00001c28    00000134     port.obj (.text:vPortSuppressTicksAndSleep)
                  00001d5c    00000004     --HOLE-- [fill = 0]
                  00001d60    00000130     trcSnapshotRecorder.obj (.text:uiIndexOfObject)
                  00001e90    00000130     IntQueue.obj (.text:xFirstTimerHandler)
                  00001fc0    00000128     tasks.obj (.text:xTaskResumeAll)
                  000020e8    00000124     tasks.obj (.text:vTaskNotifyGiveFromISR)
                  0000220c    00000004     --HOLE-- [fill = 0]
                  00002210    00000120     tasks.obj (.text:xTaskPriorityDisinherit)
                  00002330    0000011c     cs.obj (.text:CS_initClockSignal)
                  0000244c    00000004     --HOLE-- [fill = 0]
                  00002450    00000114     cs.obj (.text:_CSComputeCLKFrequency)
                  00002564    00000004     --HOLE-- [fill = 0]
                  00002568    00000110     trcSnapshotRecorder.obj (.text:prvTraceStoreKernelCallWithNumericParamOnly)
                  00002678    0000010c     trcSnapshotRecorder.obj (.text:prvTraceSetObjectName)
                  00002784    00000004     --HOLE-- [fill = 0]
                  00002788    00000104     tasks.obj (.text:vTaskSwitchContext)
                  0000288c    00000004     --HOLE-- [fill = 0]
                  00002890    00000100     timers.obj (.text:prvProcessReceivedCommands)
                  00002990    000000f4     trcSnapshotRecorder.obj (.text:prvTraceStoreTaskReady)
                  00002a84    00000004     --HOLE-- [fill = 0]
                  00002a88    000000e4     trcSnapshotRecorder.obj (.text:prvTraceStoreTaskswitch)
                  00002b6c    00000004     --HOLE-- [fill = 0]
                  00002b70    000000dc     trcSnapshotRecorder.obj (.text:prvTraceGetPriorityProperty)
                  00002c4c    00000004     --HOLE-- [fill = 0]
                  00002c50    000000dc     port.obj (.text:xPortStartScheduler)
                  00002d2c    000000da     portasm.obj (.text)
                  00002e06    00000002     --HOLE-- [fill = 0]
                  00002e08    000000d8     trcSnapshotRecorder.obj (.text:prvTraceSetPriorityProperty)
                  00002ee0    000000d0     trcSnapshotRecorder.obj (.text:prvTraceGetObjectState)
                  00002fb0    000000cc     trcSnapshotRecorder.obj (.text:prvTraceSetObjectState)
                  0000307c    00000004     --HOLE-- [fill = 0]
                  00003080    000000c0     tasks.obj (.text:xTaskRemoveFromEventList)
                  00003140    000000bc     queue.obj (.text:prvInitialiseNewQueue)
                  000031fc    00000004     --HOLE-- [fill = 0]
                  00003200    000000bc     trcSnapshotRecorder.obj (.text:vTraceStoreMemMangEvent)
                  000032bc    00000004     --HOLE-- [fill = 0]
                  000032c0    000000b4     serial.obj (.text:vUART_Handler)
                  00003374    00000004     --HOLE-- [fill = 0]
                  00003378    000000ae     tasks.obj (.text:prvInitialiseNewTask)
                  00003426    0000009c     rtsv7M4_T_le_v4SPD16_eabi.lib : memcpy_t2.asm.obj (.text)
                  000034c2    00000006     --HOLE-- [fill = 0]
                  000034c8    0000009c     tasks.obj (.text:vTaskDelay)
                  00003564    00000004     --HOLE-- [fill = 0]
                  00003568    00000094     timers.obj (.text:prvSwitchTimerLists)
                  000035fc    00000004     --HOLE-- [fill = 0]
                  00003600    00000094     trcSnapshotRecorder.obj (.text:prvTraceGetParam)
                  00003694    00000004     --HOLE-- [fill = 0]
                  00003698    00000094     tasks.obj (.text:xTaskCheckForTimeOut)
                  0000372c    00000004     --HOLE-- [fill = 0]
                  00003730    00000090     queue.obj (.text:xQueueGenericReset)
                  000037c0    0000008c     heap_4.obj (.text:vPortFree)
                  0000384c    00000004     --HOLE-- [fill = 0]
                  00003850    00000088     tasks.obj (.text:prvAddCurrentTaskToDelayedList)
                  000038d8    00000088     tasks.obj (.text:vTaskPlaceOnEventListRestricted)
                  00003960    00000088     tasks.obj (.text:vTaskStartScheduler)
                  000039e8    0000007c     tasks.obj (.text:prvIdleTask)
                  00003a64    00000004     --HOLE-- [fill = 0]
                  00003a68    0000007c     trcSnapshotRecorder.obj (.text:prvTraceSetTaskInstanceFinished)
                  00003ae4    0000007a     rtsv7M4_T_le_v4SPD16_eabi.lib : memset_t2.asm.obj (.text)
                  00003b5e    00000002     --HOLE-- [fill = 0]
                  00003b60    00000078     interrupt.obj (.text:Interrupt_enableInterrupt)
                  00003bd8    00000074     queue.obj (.text:xQueueGenericCreate)
                  00003c4c    00000004     --HOLE-- [fill = 0]
                  00003c50    00000074     timers.obj (.text:xTimerGenericCommand)
                  00003cc4    00000004     --HOLE-- [fill = 0]
                  00003cc8    00000070     queue.obj (.text:prvCopyDataToQueue)
                  00003d38    00000070     heap_4.obj (.text:prvHeapInit)
                  00003da8    00000070     tasks.obj (.text:prvInitialiseTaskLists)
                  00003e18    00000070     timers.obj (.text:prvProcessTimerOrBlockTask)
                  00003e88    0000006c     queue.obj (.text:prvUnlockQueue)
                  00003ef4    00000004     --HOLE-- [fill = 0]
                  00003ef8    00000068     system_msp432p401r.obj (.text:SystemInit)
                  00003f60    00000068     rtsv7M4_T_le_v4SPD16_eabi.lib : copy_decompress_lzss.c.obj (.text:decompress:lzss:__TI_decompress_lzss)
                  00003fc8    00000068     heap_4.obj (.text:prvInsertBlockIntoFreeList)
                  00004030    00000068     port.obj (.text:vPortSetupTimerInterrupt)
                  00004098    00000068     tasks.obj (.text:xTaskCreate)
                  00004100    00000064     trcSnapshotRecorder.obj (.text:prvTraceNextFreeEventBufferSlot)
                  00004164    00000004     --HOLE-- [fill = 0]
                  00004168    00000064     port.obj (.text:vPortValidateInterruptPriority)
                  000041cc    00000004     --HOLE-- [fill = 0]
                  000041d0    00000060     timers.obj (.text:prvProcessExpiredTimer)
                  00004230    00000058     timers.obj (.text:xTimerCreateTimerTask)
                  00004288    00000054     gpio.obj (.text:GPIO_setAsPeripheralModuleFunctionInputPin)
                  000042dc    00000004     --HOLE-- [fill = 0]
                  000042e0    00000054     sysctl.obj (.text:SysCtl_getTLVInfo)
                  00004334    00000004     --HOLE-- [fill = 0]
                  00004338    00000054     tasks.obj (.text:prvCheckTasksWaitingTermination)
                  0000438c    00000004     --HOLE-- [fill = 0]
                  00004390    00000054     timers.obj (.text:prvInsertTimerInActiveList)
                  000043e4    00000004     --HOLE-- [fill = 0]
                  000043e8    00000054     trcSnapshotRecorder.obj (.text:prvTracePortGetTimeStamp)
                  0000443c    00000004     --HOLE-- [fill = 0]
                  00004440    00000052     cs.obj (.text:_CSGetDividerValue)
                  00004492    00000006     --HOLE-- [fill = 0]
                  00004498    00000050     cs.obj (.text:_CSGetDOCFrequency)
                  000044e8    00000050     tasks.obj (.text:prvGetExpectedIdleTime)
                  00004538    0000004c     timers.obj (.text:prvCheckForValidListAndQueue)
                  00004584    00000004     --HOLE-- [fill = 0]
                  00004588    00000048     queue.obj (.text:vQueueWaitForMessageRestricted)
                  000045d0    00000044     rtsv7M4_T_le_v4SPD16_eabi.lib : autoinit.c.obj (.text:__TI_auto_init_nobinit_nopinit:__TI_auto_init_nobinit_nopinit)
                  00004614    00000004     --HOLE-- [fill = 0]
                  00004618    00000044     main_blinky.obj (.text:main_blinky)
                  0000465c    00000004     --HOLE-- [fill = 0]
                  00004660    00000044     main_blinky.obj (.text:prvConfigureClocks)
                  000046a4    00000004     --HOLE-- [fill = 0]
                  000046a8    0000003c     tasks.obj (.text:eTaskConfirmSleepModeStatus)
                  000046e4    00000004     --HOLE-- [fill = 0]
                  000046e8    0000003c     trcSnapshotRecorder.obj (.text:prvTraceError)
                  00004724    00000004     --HOLE-- [fill = 0]
                  00004728    0000003c     trcSnapshotRecorder.obj (.text:prvTraceUpdateCounters)
                  00004764    00000004     --HOLE-- [fill = 0]
                  00004768    0000003c     port.obj (.text:vPortEnterCritical)
                  000047a4    00000038     rtsv7M4_T_le_v4SPD16_eabi.lib : boot_cortex_m.c.obj (.text:_c_int00_noargs:_c_int00_noargs)
                  000047dc    00000004     --HOLE-- [fill = 0]
                  000047e0    00000038     port.obj (.text:prvTaskExitError)
                  00004818    00000038     tasks.obj (.text:vTaskPlaceOnEventList)
                  00004850    00000034     list.obj (.text:vListInsert)
                  00004884    00000004     --HOLE-- [fill = 0]
                  00004888    00000034     IntQueueTimer.obj (.text:vT32_0_Handler)
                  000048bc    00000004     --HOLE-- [fill = 0]
                  000048c0    00000034     IntQueueTimer.obj (.text:vT32_1_Handler)
                  000048f4    00000004     --HOLE-- [fill = 0]
                  000048f8    00000034     tasks.obj (.text:vTaskStepTick)
                  0000492c    00000004     --HOLE-- [fill = 0]
                  00004930    00000030     flash.obj (.text:FlashCtl_setWaitState)
                  00004960    00000030     tasks.obj (.text:prvResetNextTaskUnblockTime)
                  00004990    00000030     main.obj (.text:prvSetupHardware)
                  000049c0    00000030     RunTimeStatsTimer.obj (.text:ulGetRunTimeCounterValue)
                  000049f0    00000030     port.obj (.text:vPortExitCritical)
                  00004a20    0000002c     cs.obj (.text:CS_setDCOCenteredFrequency)
                  00004a4c    00000004     --HOLE-- [fill = 0]
                  00004a50    0000002c     gpio.obj (.text:GPIO_setAsInputPinWithPullUpResistor)
                  00004a7c    00000004     --HOLE-- [fill = 0]
                  00004a80    0000002c     timers.obj (.text:prvSampleTimeNow)
                  00004aac    00000004     --HOLE-- [fill = 0]
                  00004ab0    0000002c     port.obj (.text:pxPortInitialiseStack)
                  00004adc    00000004     --HOLE-- [fill = 0]
                  00004ae0    0000002c     port.obj (.text:xPortSysTickHandler)
                  00004b0c    00000004     --HOLE-- [fill = 0]
                  00004b10    0000002c     queue.obj (.text:xQueueIsQueueFullFromISR)
                  00004b3c    00000004     --HOLE-- [fill = 0]
                  00004b40    00000028     queue.obj (.text:prvCopyDataFromQueue)
                  00004b68    00000026     list.obj (.text:uxListRemove)
                  00004b8e    00000002     --HOLE-- [fill = 0]
                  00004b90    00000024     cs.obj (.text:CS_clearInterruptFlag)
                  00004bb4    00000004     --HOLE-- [fill = 0]
                  00004bb8    00000024     timers.obj (.text:prvGetNextExpireTime)
                  00004bdc    00000004     --HOLE-- [fill = 0]
                  00004be0    00000024     RunTimeStatsTimer.obj (.text:vConfigureTimerForRunTimeStats)
                  00004c04    00000004     --HOLE-- [fill = 0]
                  00004c08    00000024     trcSnapshotRecorder.obj (.text:vTraceStop)
                  00004c2c    00000004     --HOLE-- [fill = 0]
                  00004c30    00000020     gpio.obj (.text:GPIO_setAsOutputPin)
                  00004c50    00000020     trcSnapshotRecorder.obj (.text:prvMarkObjectAsUsed)
                  00004c70    00000020     IntQueue.obj (.text:prvRecordValue_NormallyEmpty)
                  00004c90    00000020     IntQueue.obj (.text:prvRecordValue_NormallyFull)
                  00004cb0    00000020     trcSnapshotRecorder.obj (.text:prvStrncpy)
                  00004cd0    00000020     tasks.obj (.text:xTaskGetSchedulerState)
                  00004cf0    0000001e     queue.obj (.text:prvIsQueueFull)
                  00004d0e    00000002     --HOLE-- [fill = 0]
                  00004d10    0000001e     list.obj (.text:vListInitialise)
                  00004d2e    00000002     --HOLE-- [fill = 0]
                  00004d30    0000001a     main_blinky.obj (.text:prvConfigureButton)
                  00004d4a    00000006     --HOLE-- [fill = 0]
                  00004d50    0000001a     queue.obj (.text:prvIsQueueEmpty)
                  00004d6a    00000006     --HOLE-- [fill = 0]
                  00004d70    0000001a     timers.obj (.text:prvTimerTask)
                  00004d8a    00000006     --HOLE-- [fill = 0]
                  00004d90    0000001a     trcKernelPort.obj (.text:prvTraceSetQueueNumberHigh16)
                  00004daa    00000006     --HOLE-- [fill = 0]
                  00004db0    0000001a     trcKernelPort.obj (.text:prvTraceSetQueueNumberLow16)
                  00004dca    00000006     --HOLE-- [fill = 0]
                  00004dd0    0000001a     trcKernelPort.obj (.text:prvTraceSetTaskNumberHigh16)
                  00004dea    00000006     --HOLE-- [fill = 0]
                  00004df0    0000001a     trcKernelPort.obj (.text:prvTraceSetTaskNumberLow16)
                  00004e0a    00000006     --HOLE-- [fill = 0]
                  00004e10    00000018     cs.obj (.text:CS_getMCLK)
                  00004e28    00000018     main_blinky.obj (.text:blink)
                  00004e40    00000018     msp432_startup_ccs.obj (.text:resetISR)
                  00004e58    00000018     list.obj (.text:vListInsertEnd)
                  00004e70    00000018     tasks.obj (.text:vTaskInternalSetTimeOutState)
                  00004e88    00000014     gpio.obj (.text:GPIO_enableInterrupt)
                  00004e9c    00000004     --HOLE-- [fill = 0]
                  00004ea0    00000014     gpio.obj (.text:GPIO_setOutputLowOnPin)
                  00004eb4    00000004     --HOLE-- [fill = 0]
                  00004eb8    00000014     gpio.obj (.text:GPIO_toggleOutputOnPin)
                  00004ecc    00000004     --HOLE-- [fill = 0]
                  00004ed0    00000014     IntQueue.obj (.text:prvQueueAccessLogError)
                  00004ee4    00000004     --HOLE-- [fill = 0]
                  00004ee8    00000012     tasks.obj (.text:prvDeleteTCB)
                  00004efa    00000006     --HOLE-- [fill = 0]
                  00004f00    00000012     main.obj (.text:vApplicationMallocFailedHook)
                  00004f12    00000006     --HOLE-- [fill = 0]
                  00004f18    00000012     main.obj (.text:vApplicationStackOverflowHook)
                  00004f2a    00000006     --HOLE-- [fill = 0]
                  00004f30    00000010     fpu.obj (.text:FPU_enableModule)
                  00004f40    00000010     tasks.obj (.text:vTaskSuspendAll)
                  00004f50    0000000e     rtsv7M4_T_le_v4SPD16_eabi.lib : copy_decompress_none.c.obj (.text:decompress:none:__TI_decompress_none)
                  00004f5e    00000002     --HOLE-- [fill = 0]
                  00004f60    0000000e     main.obj (.text:main)
                  00004f6e    0000000c     rtsv7M4_T_le_v4SPD16_eabi.lib : copy_zero_init.c.obj (.text:decompress:ZI:__TI_zero_init)
                  00004f7a    00000006     --HOLE-- [fill = 0]
                  00004f80    0000000c     trcKernelPort.obj (.text:prvTraceGetQueueNumberHigh16)
                  00004f8c    00000004     --HOLE-- [fill = 0]
                  00004f90    0000000c     trcKernelPort.obj (.text:prvTraceGetTaskNumberHigh16)
                  00004f9c    00000004     --HOLE-- [fill = 0]
                  00004fa0    0000000c     tasks.obj (.text:vTaskMissedYield)
                  00004fac    00000004     --HOLE-- [fill = 0]
                  00004fb0    0000000c     tasks.obj (.text:xTaskGetCurrentTaskHandle)
                  00004fbc    00000004     --HOLE-- [fill = 0]
                  00004fc0    0000000c     tasks.obj (.text:xTaskGetTickCount)
                  00004fcc    00000004     --HOLE-- [fill = 0]
                  00004fd0    0000000a     trcKernelPort.obj (.text:prvTraceGetQueueNumberLow16)
                  00004fda    00000006     --HOLE-- [fill = 0]
                  00004fe0    0000000a     trcKernelPort.obj (.text:prvTraceGetTaskNumberLow16)
                  00004fea    00000006     --HOLE-- [fill = 0]
                  00004ff0    0000000a     tasks.obj (.text:uxTaskGetTaskNumber)
                  00004ffa    00000006     --HOLE-- [fill = 0]
                  00005000    00000006     queue.obj (.text:ucQueueGetQueueType)
                  00005006    00000002     --HOLE-- [fill = 0]
                  00005008    00000006     list.obj (.text:vListInitialiseItem)
                  0000500e    00000002     --HOLE-- [fill = 0]
                  00005010    00000006     tasks.obj (.text:vTaskSetTaskNumber)
                  00005016    00000002     --HOLE-- [fill = 0]
                  00005018    00000004     queue.obj (.text:uxQueueGetQueueNumber)
                  0000501c    00000004     --HOLE-- [fill = 0]
                  00005020    00000004     queue.obj (.text:vQueueSetQueueNumber)
                  00005024    00000004     --HOLE-- [fill = 0]
                  00005028    00000002     msp432_startup_ccs.obj (.text:defaultISR)
                  0000502a    00000006     --HOLE-- [fill = 0]
                  00005030    00000002     msp432_startup_ccs.obj (.text:faultISR)
                  00005032    00000006     --HOLE-- [fill = 0]
                  00005038    00000002     msp432_startup_ccs.obj (.text:nmiISR)
                  0000503a    00000006     --HOLE-- [fill = 0]
                  00005040    00000002     main.obj (.text:vApplicationIdleHook)
                  00005042    00000006     --HOLE-- [fill = 0]
                  00005048    00000002     main_blinky.obj (.text:vPreSleepProcessing)

.const     0    0000504c    00000014     
                  0000504c    00000008     interrupt.obj (.const:g_pulEnRegs)
                  00005054    00000008     port.obj (.const)
                  0000505c    00000004     serial.obj (.const)

.cinit     0    00005060    00000078     
                  00005060    00000054     (.cinit..data.load) [load image, compression = lzss]
                  000050b4    0000000c     (__TI_handler_table)
                  000050c0    00000008     (.cinit..bss.load) [load image, compression = zero_init]
                  000050c8    00000010     (__TI_cinit_table)

.bss       0    20000000    0000c91c     UNINITIALIZED
                  20000000    0000c800     heap_4.obj (.bss:ucHeap)
                  2000c800    00000064     tasks.obj (.bss:pxReadyTasksLists)
                  2000c864    00000014     timers.obj (.bss:xActiveTimerList1)
                  2000c878    00000014     timers.obj (.bss:xActiveTimerList2)
                  2000c88c    00000014     tasks.obj (.bss:xDelayedTaskList1)
                  2000c8a0    00000014     tasks.obj (.bss:xDelayedTaskList2)
                  2000c8b4    00000014     tasks.obj (.bss:xPendingReadyList)
                  2000c8c8    00000014     tasks.obj (.bss:xSuspendedTaskList)
                  2000c8dc    00000014     tasks.obj (.bss:xTasksWaitingTermination)
                  2000c8f0    00000008     IntQueue.obj (.bss)
                  2000c8f8    00000008     cs.obj (.bss)
                  2000c900    00000008     tasks.obj (.bss)
                  2000c908    00000008     timers.obj (.bss)
                  2000c910    00000008     heap_4.obj (.bss:xStart)
                  2000c918    00000004     (.common:init_hwtc_count)

.data      0    2000c91c    0000035d     UNINITIALIZED
                  2000c91c    000000c8     IntQueue.obj (.data:ucNormallyEmptyReceivedValues)
                  2000c9e4    000000c8     IntQueue.obj (.data:ucNormallyFullReceivedValues)
                  2000caac    0000008e     trcSnapshotRecorder.obj (.data:objectHandleStacks)
                  2000cb3a    00000002     --HOLE--
                  2000cb3c    00000044     trcSnapshotRecorder.obj (.data)
                  2000cb80    0000003c     IntQueue.obj (.data)
                  2000cbbc    0000003c     tasks.obj (.data)
                  2000cbf8    00000030     gpio.obj (.data:GPIO_PORT_TO_BASE)
                  2000cc28    00000018     port.obj (.data)
                  2000cc40    00000010     heap_4.obj (.data)
                  2000cc50    00000010     serial.obj (.data)
                  2000cc60    0000000c     timers.obj (.data)
                  2000cc6c    00000008     RunTimeStatsTimer.obj (.data)
                  2000cc74    00000005     trcKernelPort.obj (.data:TraceQueueClassTable)

.stack     0    2000fce0    00000320     UNINITIALIZED
                  2000fce0    00000004     rtsv7M4_T_le_v4SPD16_eabi.lib : boot_cortex_m.c.obj (.stack)
                  2000fce4    0000031c     --HOLE--

MODULE SUMMARY

       Module                       code    ro data   rw data
       ------                       ----    -------   -------
    .\
       trcSnapshotRecorder.obj      4948    0         214    
       trcKernelPort.obj            1010    0         5      
       main.obj                     100     0         0      
    +--+----------------------------+-------+---------+---------+
       Total:                       6058    0         219    
                                                             
    .\FreeRTOS_Source\
       tasks.obj                    3804    0         268    
       queue.obj                    3142    0         0      
       timers.obj                   1082    0         60     
       list.obj                     150     0         0      
    +--+----------------------------+-------+---------+---------+
       Total:                       8178    0         328    
                                                             
    .\FreeRTOS_Source\portable\CCS\ARM_CM4F\
       port.obj                     984     8         24     
       portasm.obj                  218     0         0      
    +--+----------------------------+-------+---------+---------+
       Total:                       1202    8         24     
                                                             
    .\FreeRTOS_Source\portable\MemMang\
       heap_4.obj                   680     0         51224  
    +--+----------------------------+-------+---------+---------+
       Total:                       680     0         51224  
                                                             
    .\Full_Demo\
       serial.obj                   180     4         16     
       IntQueueTimer.obj            104     0         0      
       RunTimeStatsTimer.obj        84      0         8      
    +--+----------------------------+-------+---------+---------+
       Total:                       368     4         24     
                                                             
    .\Full_Demo\Standard_Demo_Tasks\
       IntQueue.obj                 836     0         468    
    +--+----------------------------+-------+---------+---------+
       Total:                       836     0         468    
                                                             
    .\SimplyBlinkyDemo\
       main_blinky.obj              188     0         0      
    +--+----------------------------+-------+---------+---------+
       Total:                       188     0         0      
                                                             
    .\driverlib\
       cs.obj                       1154    0         8      
       gpio.obj                     220     0         48     
       interrupt.obj                120     8         0      
       sysctl.obj                   84      0         0      
       flash.obj                    48      0         0      
       fpu.obj                      16      0         0      
    +--+----------------------------+-------+---------+---------+
       Total:                       1642    8         56     
                                                             
    .\system\CCS\
       msp432_startup_ccs.obj       30      324       0      
       system_msp432p401r.obj       104     0         0      
    +--+----------------------------+-------+---------+---------+
       Total:                       134     324       0      
                                                             
    C:\ti\ccsv8\tools\compiler\ti-cgt-arm_18.1.1.LTS\lib\rtsv7M4_T_le_v4SPD16_eabi.lib
       memcpy_t2.asm.obj            156     0         0      
       memset_t2.asm.obj            122     0         0      
       copy_decompress_lzss.c.obj   104     0         0      
       autoinit.c.obj               68      0         0      
       boot_cortex_m.c.obj          56      0         0      
       copy_decompress_none.c.obj   14      0         0      
       copy_zero_init.c.obj         12      0         0      
       exit.c.obj                   4       0         0      
       pre_init.c.obj               4       0         0      
    +--+----------------------------+-------+---------+---------+
       Total:                       540     0         0      
                                                             
       Stack:                       0       0         800    
       Linker Generated:            0       120       0      
    +--+----------------------------+-------+---------+---------+
       Grand Total:                 19826   464       53143  


LINKER GENERATED COPY TABLES

__TI_cinit_table @ 000050c8 records: 2, size/record: 8, table size: 16
	.data: load addr=00005060, load size=00000054 bytes, run addr=2000c91c, run size=0000035d bytes, compression=lzss
	.bss: load addr=000050c0, load size=00000008 bytes, run addr=20000000, run size=0000c91c bytes, compression=zero_init


LINKER GENERATED HANDLER TABLE

__TI_handler_table @ 000050b4 records: 3, size/record: 4, table size: 12
	index: 0, handler: __TI_decompress_lzss
	index: 1, handler: __TI_decompress_none
	index: 2, handler: __TI_zero_init


GLOBAL SYMBOLS: SORTED ALPHABETICALLY BY Name 

address   name                                       
-------   ----                                       
00000aa5  C$$EXIT                                    
00004b91  CS_clearInterruptFlag                      
000015c9  CS_getDCOFrequency                         
00004e11  CS_getMCLK                                 
00002331  CS_initClockSignal                         
00004a21  CS_setDCOCenteredFrequency                 
2000cb66  CurrentFilterGroup                         
2000cb64  CurrentFilterMask                          
00004f31  FPU_enableModule                           
00004931  FlashCtl_setWaitState                      
00004e89  GPIO_enableInterrupt                       
00004a51  GPIO_setAsInputPinWithPullUpResistor       
00004c31  GPIO_setAsOutputPin                        
00004289  GPIO_setAsPeripheralModuleFunctionInputPin 
00004ea1  GPIO_setOutputLowOnPin                     
00004eb9  GPIO_toggleOutputOnPin                     
00003b61  Interrupt_enableInterrupt                  
2000cb6c  RecorderDataPtr                            
000042e1  SysCtl_getTLVInfo                          
00003ef9  SystemInit                                 
2000cc74  TraceQueueClassTable                       
4000480c  WDTCTL_SYM                                 
20010000  __STACK_END                                
00000320  __STACK_SIZE                               
000050c8  __TI_CINIT_Base                            
000050d8  __TI_CINIT_Limit                           
000050b4  __TI_Handler_Table_Base                    
000050c0  __TI_Handler_Table_Limit                   
000045d1  __TI_auto_init_nobinit_nopinit             
00003f61  __TI_decompress_lzss                       
00004f51  __TI_decompress_none                       
ffffffff  __TI_pprof_out_hndl                        
ffffffff  __TI_prof_data_size                        
ffffffff  __TI_prof_data_start                       
00000000  __TI_static_base__                         
00004f6f  __TI_zero_init                             
00003ae5  __aeabi_memclr                             
00003ae5  __aeabi_memclr4                            
00003ae5  __aeabi_memclr8                            
00003427  __aeabi_memcpy                             
00003427  __aeabi_memcpy4                            
00003427  __aeabi_memcpy8                            
00003ae7  __aeabi_memset                             
00003ae7  __aeabi_memset4                            
00003ae7  __aeabi_memset8                            
ffffffff  __binit__                                  
ffffffff  __c_args__                                 
UNDEFED   __mpu_init                                 
2000fce0  __stack                                    
000047a5  _c_int00_noargs                            
UNDEFED   _system_post_cinit                         
000007b5  _system_pre_init                           
00000aa5  abort                                      
ffffffff  binit                                      
000046a9  eTaskConfirmSleepModeStatus                
2000cb5d  handle_of_last_logged_task                 
2000c918  init_hwtc_count                            
00000000  interruptVectors                           
2000cb3c  isPendingContextSwitch                     
00004f61  main                                       
00004619  main_blinky                                
00003427  memcpy                                     
00003aed  memset                                     
2000cb5c  nISRactive                                 
2000caac  objectHandleStacks                         
00004c51  prvMarkObjectAsUsed                        
000046e9  prvTraceError                              
00004fb1  prvTraceGetCurrentTaskHandle               
00001479  prvTraceGetObjectHandle                    
00002b71  prvTraceGetPriorityProperty                
00005019  prvTraceGetQueueNumber                     
00004f81  prvTraceGetQueueNumberHigh16               
00004fd1  prvTraceGetQueueNumberLow16                
00005001  prvTraceGetQueueType                       
00004f91  prvTraceGetTaskNumberHigh16                
00004fe1  prvTraceGetTaskNumberLow16                 
000043e9  prvTracePortGetTimeStamp                   
00002679  prvTraceSetObjectName                      
00002fb1  prvTraceSetObjectState                     
00002e09  prvTraceSetPriorityProperty                
00004d91  prvTraceSetQueueNumberHigh16               
00004db1  prvTraceSetQueueNumberLow16                
00003a69  prvTraceSetTaskInstanceFinished            
00004dd1  prvTraceSetTaskNumberHigh16                
00004df1  prvTraceSetTaskNumberLow16                 
00000e31  prvTraceStoreKernelCall                    
00002569  prvTraceStoreKernelCallWithNumericParamOnly
00000aa9  prvTraceStoreKernelCallWithParam           
00002991  prvTraceStoreTaskReady                     
00002a89  prvTraceStoreTaskswitch                    
00000149  pszTraceGetErrorNotEnoughHandles           
000019a1  pvPortMalloc                               
2000cbbc  pxCurrentTCB                               
00004ab1  pxPortInitialiseStack                      
2000cb50  recorder_busy                              
2000cb54  timestampFrequency                         
2000cb58  traceErrorMessage                          
2000cb48  trace_disable_timestamp                    
00005001  ucQueueGetQueueType                        
00001d61  uiIndexOfObject                            
2000cb44  uiTraceTickCount                           
000049c1  ulGetRunTimeCounterValue                   
00005054  ulMaxSyscallInterruptPriority              
00002d3d  ulPortGetIPSR                              
00004b69  uxListRemove                               
00005019  uxQueueGetQueueNumber                      
00004ff1  uxTaskGetTaskNumber                        
00005041  vApplicationIdleHook                       
00004f01  vApplicationMallocFailedHook               
00004f19  vApplicationStackOverflowHook              
UNDEFED   vApplicationTickHook                       
00004be1  vConfigureTimerForRunTimeStats             
00004d11  vListInitialise                            
00005009  vListInitialiseItem                        
00004851  vListInsert                                
00004e59  vListInsertEnd                             
00002df9  vPortEnableVFP                             
00004769  vPortEnterCritical                         
000049f1  vPortExitCritical                          
000037c1  vPortFree                                  
00002db5  vPortSVCHandler                            
00004031  vPortSetupTimerInterrupt                   
00002dd5  vPortStartFirstTask                        
00001c29  vPortSuppressTicksAndSleep                 
00004169  vPortValidateInterruptPriority             
00005049  vPreSleepProcessing                        
00005021  vQueueSetQueueNumber                       
00004589  vQueueWaitForMessageRestricted             
00004889  vT32_0_Handler                             
000048c1  vT32_1_Handler                             
000034c9  vTaskDelay                                 
00004e71  vTaskInternalSetTimeOutState               
00004fa1  vTaskMissedYield                           
000020e9  vTaskNotifyGiveFromISR                     
00004819  vTaskPlaceOnEventList                      
000038d9  vTaskPlaceOnEventListRestricted            
00005011  vTaskSetTaskNumber                         
00003961  vTaskStartScheduler                        
000048f9  vTaskStepTick                              
00004f41  vTaskSuspendAll                            
00002789  vTaskSwitchContext                         
00004c09  vTraceStop                                 
2000cb60  vTraceStopHookPtr                          
00003201  vTraceStoreMemMangEvent                    
000032c1  vUART_Handler                              
00001e91  xFirstTimerHandler                         
00002d55  xPortPendSVHandler                         
00002c51  xPortStartScheduler                        
00004ae1  xPortSysTickHandler                        
00003bd9  xQueueGenericCreate                        
00003731  xQueueGenericReset                         
000004a9  xQueueGenericSend                          
00001169  xQueueGenericSendFromISR                   
00004b11  xQueueIsQueueFullFromISR                   
000007b9  xQueueReceive                              
00001859  xQueueReceiveFromISR                       
00000c71  xSecondTimerHandler                        
00003699  xTaskCheckForTimeOut                       
00004099  xTaskCreate                                
00004fb1  xTaskGetCurrentTaskHandle                  
00004cd1  xTaskGetSchedulerState                     
00004fc1  xTaskGetTickCount                          
00000fd1  xTaskIncrementTick                         
00002211  xTaskPriorityDisinherit                    
00003081  xTaskRemoveFromEventList                   
00001fc1  xTaskResumeAll                             
00004231  xTimerCreateTimerTask                      
00003c51  xTimerGenericCommand                       


GLOBAL SYMBOLS: SORTED BY Symbol Address 

address   name                                       
-------   ----                                       
00000000  __TI_static_base__                         
00000000  interruptVectors                           
00000149  pszTraceGetErrorNotEnoughHandles           
00000320  __STACK_SIZE                               
000004a9  xQueueGenericSend                          
000007b5  _system_pre_init                           
000007b9  xQueueReceive                              
00000aa5  C$$EXIT                                    
00000aa5  abort                                      
00000aa9  prvTraceStoreKernelCallWithParam           
00000c71  xSecondTimerHandler                        
00000e31  prvTraceStoreKernelCall                    
00000fd1  xTaskIncrementTick                         
00001169  xQueueGenericSendFromISR                   
00001479  prvTraceGetObjectHandle                    
000015c9  CS_getDCOFrequency                         
00001859  xQueueReceiveFromISR                       
000019a1  pvPortMalloc                               
00001c29  vPortSuppressTicksAndSleep                 
00001d61  uiIndexOfObject                            
00001e91  xFirstTimerHandler                         
00001fc1  xTaskResumeAll                             
000020e9  vTaskNotifyGiveFromISR                     
00002211  xTaskPriorityDisinherit                    
00002331  CS_initClockSignal                         
00002569  prvTraceStoreKernelCallWithNumericParamOnly
00002679  prvTraceSetObjectName                      
00002789  vTaskSwitchContext                         
00002991  prvTraceStoreTaskReady                     
00002a89  prvTraceStoreTaskswitch                    
00002b71  prvTraceGetPriorityProperty                
00002c51  xPortStartScheduler                        
00002d3d  ulPortGetIPSR                              
00002d55  xPortPendSVHandler                         
00002db5  vPortSVCHandler                            
00002dd5  vPortStartFirstTask                        
00002df9  vPortEnableVFP                             
00002e09  prvTraceSetPriorityProperty                
00002fb1  prvTraceSetObjectState                     
00003081  xTaskRemoveFromEventList                   
00003201  vTraceStoreMemMangEvent                    
000032c1  vUART_Handler                              
00003427  __aeabi_memcpy                             
00003427  __aeabi_memcpy4                            
00003427  __aeabi_memcpy8                            
00003427  memcpy                                     
000034c9  vTaskDelay                                 
00003699  xTaskCheckForTimeOut                       
00003731  xQueueGenericReset                         
000037c1  vPortFree                                  
000038d9  vTaskPlaceOnEventListRestricted            
00003961  vTaskStartScheduler                        
00003a69  prvTraceSetTaskInstanceFinished            
00003ae5  __aeabi_memclr                             
00003ae5  __aeabi_memclr4                            
00003ae5  __aeabi_memclr8                            
00003ae7  __aeabi_memset                             
00003ae7  __aeabi_memset4                            
00003ae7  __aeabi_memset8                            
00003aed  memset                                     
00003b61  Interrupt_enableInterrupt                  
00003bd9  xQueueGenericCreate                        
00003c51  xTimerGenericCommand                       
00003ef9  SystemInit                                 
00003f61  __TI_decompress_lzss                       
00004031  vPortSetupTimerInterrupt                   
00004099  xTaskCreate                                
00004169  vPortValidateInterruptPriority             
00004231  xTimerCreateTimerTask                      
00004289  GPIO_setAsPeripheralModuleFunctionInputPin 
000042e1  SysCtl_getTLVInfo                          
000043e9  prvTracePortGetTimeStamp                   
00004589  vQueueWaitForMessageRestricted             
000045d1  __TI_auto_init_nobinit_nopinit             
00004619  main_blinky                                
000046a9  eTaskConfirmSleepModeStatus                
000046e9  prvTraceError                              
00004769  vPortEnterCritical                         
000047a5  _c_int00_noargs                            
00004819  vTaskPlaceOnEventList                      
00004851  vListInsert                                
00004889  vT32_0_Handler                             
000048c1  vT32_1_Handler                             
000048f9  vTaskStepTick                              
00004931  FlashCtl_setWaitState                      
000049c1  ulGetRunTimeCounterValue                   
000049f1  vPortExitCritical                          
00004a21  CS_setDCOCenteredFrequency                 
00004a51  GPIO_setAsInputPinWithPullUpResistor       
00004ab1  pxPortInitialiseStack                      
00004ae1  xPortSysTickHandler                        
00004b11  xQueueIsQueueFullFromISR                   
00004b69  uxListRemove                               
00004b91  CS_clearInterruptFlag                      
00004be1  vConfigureTimerForRunTimeStats             
00004c09  vTraceStop                                 
00004c31  GPIO_setAsOutputPin                        
00004c51  prvMarkObjectAsUsed                        
00004cd1  xTaskGetSchedulerState                     
00004d11  vListInitialise                            
00004d91  prvTraceSetQueueNumberHigh16               
00004db1  prvTraceSetQueueNumberLow16                
00004dd1  prvTraceSetTaskNumberHigh16                
00004df1  prvTraceSetTaskNumberLow16                 
00004e11  CS_getMCLK                                 
00004e59  vListInsertEnd                             
00004e71  vTaskInternalSetTimeOutState               
00004e89  GPIO_enableInterrupt                       
00004ea1  GPIO_setOutputLowOnPin                     
00004eb9  GPIO_toggleOutputOnPin                     
00004f01  vApplicationMallocFailedHook               
00004f19  vApplicationStackOverflowHook              
00004f31  FPU_enableModule                           
00004f41  vTaskSuspendAll                            
00004f51  __TI_decompress_none                       
00004f61  main                                       
00004f6f  __TI_zero_init                             
00004f81  prvTraceGetQueueNumberHigh16               
00004f91  prvTraceGetTaskNumberHigh16                
00004fa1  vTaskMissedYield                           
00004fb1  prvTraceGetCurrentTaskHandle               
00004fb1  xTaskGetCurrentTaskHandle                  
00004fc1  xTaskGetTickCount                          
00004fd1  prvTraceGetQueueNumberLow16                
00004fe1  prvTraceGetTaskNumberLow16                 
00004ff1  uxTaskGetTaskNumber                        
00005001  prvTraceGetQueueType                       
00005001  ucQueueGetQueueType                        
00005009  vListInitialiseItem                        
00005011  vTaskSetTaskNumber                         
00005019  prvTraceGetQueueNumber                     
00005019  uxQueueGetQueueNumber                      
00005021  vQueueSetQueueNumber                       
00005041  vApplicationIdleHook                       
00005049  vPreSleepProcessing                        
00005054  ulMaxSyscallInterruptPriority              
000050b4  __TI_Handler_Table_Base                    
000050c0  __TI_Handler_Table_Limit                   
000050c8  __TI_CINIT_Base                            
000050d8  __TI_CINIT_Limit                           
2000c918  init_hwtc_count                            
2000caac  objectHandleStacks                         
2000cb3c  isPendingContextSwitch                     
2000cb44  uiTraceTickCount                           
2000cb48  trace_disable_timestamp                    
2000cb50  recorder_busy                              
2000cb54  timestampFrequency                         
2000cb58  traceErrorMessage                          
2000cb5c  nISRactive                                 
2000cb5d  handle_of_last_logged_task                 
2000cb60  vTraceStopHookPtr                          
2000cb64  CurrentFilterMask                          
2000cb66  CurrentFilterGroup                         
2000cb6c  RecorderDataPtr                            
2000cbbc  pxCurrentTCB                               
2000cc74  TraceQueueClassTable                       
2000fce0  __stack                                    
20010000  __STACK_END                                
4000480c  WDTCTL_SYM                                 
ffffffff  __TI_pprof_out_hndl                        
ffffffff  __TI_prof_data_size                        
ffffffff  __TI_prof_data_start                       
ffffffff  __binit__                                  
ffffffff  __c_args__                                 
ffffffff  binit                                      
UNDEFED   __mpu_init                                 
UNDEFED   _system_post_cinit                         
UNDEFED   vApplicationTickHook                       

[168 symbols]
