******************************************************************************
                  TI ARM Linker PC v18.1.1                     
******************************************************************************
>> Linked Mon Jun 24 21:59:28 2019

OUTPUT FILE NAME:   <Firmware_OBC.out>
ENTRY POINT SYMBOL: "_c_int00_noargs"  address: 00007e55


MEMORY CONFIGURATION

         name            origin    length      used     unused   attr    fill
----------------------  --------  ---------  --------  --------  ----  --------
  MAIN                  00000000   0003f000  00008cc2  0003633e  R  X
  MYDATA                0003f000   00001000  00000000  00001000  R  X
  INFO                  00200000   00004000  00000000  00004000  R  X
  SRAM_CODE             01000000   00010000  0000fe1f  000001e1  RW X
  SRAM_DATA             20000000   00010000  0000fe1f  000001e1  RW  


SEGMENT ALLOCATION MAP

run origin  load origin   length   init length attrs members
----------  ----------- ---------- ----------- ----- -------
00000000    00000000    00008cc8   00008cc8    r-x
  00000000    00000000    00000144   00000144    r-- .intvecs
  00000144    00000144    00008a3a   00008a3a    r-x .text
  00008b80    00008b80    000000ac   000000ac    r-- .const
  00008c30    00008c30    00000098   00000098    r-- .cinit
20000000    20000000    0000faff   00000000    rw-
  20000000    20000000    0000f77c   00000000    rw- .bss
  2000f77c    2000f77c    00000383   00000000    rw- .data
2000fce0    2000fce0    00000320   00000000    rw-
  2000fce0    2000fce0    00000320   00000000    rw- .stack


SECTION ALLOCATION MAP

 output                                  attributes/
section   page    origin      length       input sections
--------  ----  ----------  ----------   ----------------
.intvecs   0    00000000    00000144     
                  00000000    00000144     msp432_startup_ccs.obj (.intvecs:retain)

.text      0    00000144    00008a3a     
                  00000144    0000033a     trcKernelPort.obj (.text:pszTraceGetErrorNotEnoughHandles)
                  0000047e    00000002     msp432_startup_ccs.obj (.text:defaultISR)
                  00000480    00000310     dataStorage.obj (.text:dataStorage)
                  00000790    00000308     queue.obj (.text:xQueueSemaphoreTake)
                  00000a98    000002d8     queue.obj (.text:xQueueGenericSend)
                  00000d70    000002c4     queue.obj (.text:xQueueReceive)
                  00001034    000002b4     ff.obj (.text:find_volume)
                  000012e8    000001c0     trcSnapshotRecorder.obj (.text:prvTraceStoreKernelCallWithParam)
                  000014a8    000001c0     IntQueue.obj (.text:xSecondTimerHandler)
                  00001668    000001ba     ff.obj (.text:f_open)
                  00001822    000001ba     ff.obj (.text:f_write)
                  000019dc    000001b8     houseKeeping.obj (.text:houseKeeping)
                  00001b94    000001b0     trcSnapshotRecorder.obj (.text:prvTraceInitTraceData)
                  00001d44    00000198     trcSnapshotRecorder.obj (.text:prvTraceStoreKernelCall)
                  00001edc    00000178     mmc_MSP432P401r.obj (.text:MMC_disk_ioctl)
                  00002054    00000178     trcSnapshotRecorder.obj (.text:prvTraceGetDTS)
                  000021cc    00000178     tasks.obj (.text:xTaskIncrementTick)
                  00002344    00000170     queue.obj (.text:xQueueGenericSendFromISR)
                  000024b4    00000160     msp432p4xx_driverlib.lib : adc14.o (.text:_getIndexForMemRegister)
                  00002614    00000148     mmc_MSP432P401r.obj (.text:MMC_disk_initialize)
                  0000275c    00000144     trcSnapshotRecorder.obj (.text:prvTraceGetObjectHandle)
                  000028a0    0000013c     tasks.obj (.text:prvAddNewTaskToReadyList)
                  000029dc    0000013c     queue.obj (.text:xQueueReceiveFromISR)
                  00002b18    00000138     trcSnapshotRecorder.obj (.text:prvCheckDataToBeOverwrittenForMultiEntryEvents)
                  00002c50    00000134     cs.obj (.text:CS_getDCOFrequency)
                  00002d84    00000134     port.obj (.text:vPortSuppressTicksAndSleep)
                  00002eb8    0000012c     IntQueue.obj (.text:xFirstTimerHandler)
                  00002fe4    00000128     taskManager.obj (.text:prvTaskCreate)
                  0000310c    00000128     trcSnapshotRecorder.obj (.text:uiIndexOfObject)
                  00003234    00000124     heap_4.obj (.text:pvPortMalloc)
                  00003358    00000120     tasks.obj (.text:vTaskPriorityDisinheritAfterTimeout)
                  00003478    00000120     tasks.obj (.text:vTaskSuspend)
                  00003598    0000011c     houseKeeping.obj (.text:adcInit)
                  000036b4    00000118     trcKernelPort.obj (.text:vTraceInitObjectPropertyTable)
                  000037cc    00000118     tasks.obj (.text:xTaskResumeAll)
                  000038e4    00000114     tasks.obj (.text:xTaskPriorityDisinherit)
                  000039f8    00000110     trcSnapshotRecorder.obj (.text:prvTraceStoreKernelCallWithNumericParamOnly)
                  00003b08    00000110     event_groups.obj (.text:xEventGroupWaitBits)
                  00003c18    0000010c     tasks.obj (.text:vTaskNotifyGiveFromISR)
                  00003d24    0000010c     tasks.obj (.text:xTaskPriorityInherit)
                  00003e30    00000104     cs.obj (.text:CS_initClockSignal)
                  00003f34    00000100     trcSnapshotRecorder.obj (.text:prvTraceSetObjectName)
                  00004034    000000f6     ff.obj (.text:put_fat)
                  0000412a    00000002     msp432_startup_ccs.obj (.text:faultISR)
                  0000412c    000000f4     MPU9250.obj (.text:readI2C)
                  00004220    000000f0     tasks.obj (.text:vTaskDelayUntil)
                  00004310    000000ee     ff.obj (.text:create_chain)
                  000043fe    00000002     msp432_startup_ccs.obj (.text:nmiISR)
                  00004400    000000ec     trcSnapshotRecorder.obj (.text:prvTraceStoreTaskReady)
                  000044ec    000000ec     taskManager.obj (.text:updateBatteryLevel)
                  000045d8    000000e4     timers.obj (.text:prvProcessReceivedCommands)
                  000046bc    000000e4     trcSnapshotRecorder.obj (.text:prvTraceStoreTaskswitch)
                  000047a0    000000e3     ff.obj (.text:create_name)
                  00004883    00000001     --HOLE-- [fill = 0]
                  00004884    000000e0     cs.obj (.text:_CSComputeCLKFrequency)
                  00004964    000000dc     trcSnapshotRecorder.obj (.text:uiTraceStart)
                  00004a40    000000da     portasm.obj (.text)
                  00004b1a    00000002     main_blinky.obj (.text:vApplicationTickHook)
                  00004b1c    000000d8     trcSnapshotRecorder.obj (.text:prvTraceGetPriorityProperty)
                  00004bf4    000000d4     trcSnapshotRecorder.obj (.text:prvTraceSetPriorityProperty)
                  00004cc8    000000d4     tasks.obj (.text:vTaskResume)
                  00004d9c    000000d0     tasks.obj (.text:vTaskSwitchContext)
                  00004e6c    000000cc     trcSnapshotRecorder.obj (.text:prvTraceGetObjectState)
                  00004f38    000000cc     trcKernelPort.obj (.text:vTraceInitObjectHandleStack)
                  00005004    000000cc     port.obj (.text:xPortStartScheduler)
                  000050d0    000000c8     trcSnapshotRecorder.obj (.text:prvTraceSetObjectState)
                  00005198    000000c4     ff.obj (.text:dir_next)
                  0000525c    000000c0     ff.obj (.text:get_fat)
                  0000531c    000000bc     queue.obj (.text:prvInitialiseNewQueue)
                  000053d8    000000bc     trcSnapshotRecorder.obj (.text:vTraceStoreMemMangEvent)
                  00005494    000000b0     msp432p4xx_driverlib.lib : spi.o (.text:SPI_initMaster)
                  00005544    000000b0     serial.obj (.text:vUART_Handler)
                  000055f4    000000b0     tasks.obj (.text:xTaskRemoveFromEventList)
                  000056a4    000000ac     mmc_MSP432P401r.obj (.text:MMC_disk_write)
                  00005750    000000ac     MPU9250.obj (.text:writeI2C)
                  000057fc    000000a8     tasks.obj (.text:vTaskRemoveFromUnorderedEventList)
                  000058a4    000000a4     tasks.obj (.text:prvInitialiseNewTask)
                  00005948    000000a4     trcSnapshotRecorder.obj (.text:prvTraceInitCortexM)
                  000059ec    000000a0     itoa.obj (.text:itoa)
                  00005a8c    0000009e     event_groups.obj (.text:xEventGroupSetBits)
                  00005b2a    0000009c     rtsv7M4_T_le_v4SPD16_eabi.lib : memcpy_t2.asm.obj (.text)
                  00005bc6    00000002     --HOLE-- [fill = 0]
                  00005bc8    0000009c     trcSnapshotRecorder.obj (.text:vTraceEnable)
                  00005c64    00000098     tasks.obj (.text:vTaskDelay)
                  00005cfc    00000092     ff.obj (.text:dir_sdi)
                  00005d8e    00000092     ff.obj (.text:f_sync)
                  00005e20    00000090     taskManager.obj (.text:prvSuspendAllTasks)
                  00005eb0    00000090     trcSnapshotRecorder.obj (.text:prvTraceGetParam)
                  00005f40    0000008c     MPU9250.obj (.text:getMotion6)
                  00005fcc    0000008c     ff.obj (.text:sync_fs)
                  00006058    0000008c     queue.obj (.text:xQueueGenericReset)
                  000060e4    00000088     mmc_MSP432P401r.obj (.text:MMC_disk_read)
                  0000616c    00000088     tasks.obj (.text:prvAddCurrentTaskToDelayedList)
                  000061f4    00000088     tasks.obj (.text:xTaskCheckForTimeOut)
                  0000627c    00000084     timers.obj (.text:prvSwitchTimerLists)
                  00006300    00000084     tasks.obj (.text:vTaskPlaceOnEventListRestricted)
                  00006384    00000080     taskManager.obj (.text:taskManager)
                  00006404    00000080     heap_4.obj (.text:vPortFree)
                  00006484    00000080     watchDogTask.obj (.text:watchDogTask)
                  00006504    0000007c     msp432p4xx_driverlib.lib : rtc_c.o (.text:RTC_C_getCalendarTime)
                  00006580    0000007c     ff.obj (.text:follow_path)
                  000065fc    0000007c     tasks.obj (.text:prvIdleTask)
                  00006678    0000007c     trcSnapshotRecorder.obj (.text:prvTraceSetTaskInstanceFinished)
                  000066f4    0000007c     tasks.obj (.text:vTaskStartScheduler)
                  00006770    0000007a     ff.obj (.text:check_fs)
                  000067ea    0000007a     rtsv7M4_T_le_v4SPD16_eabi.lib : memset_t2.asm.obj (.text)
                  00006864    00000078     msp432p4xx_driverlib.lib : adc14.o (.text:ADC14_getMultiSequenceResult)
                  000068dc    00000078     main.obj (.text:prvSetupHardware)
                  00006954    00000074     main.obj (.text:prvConfigureClocks)
                  000069c8    00000074     ff.obj (.text:remove_chain)
                  00006a3c    00000070     queue.obj (.text:prvCopyDataToQueue)
                  00006aac    00000070     heap_4.obj (.text:prvHeapInit)
                  00006b1c    00000070     timers.obj (.text:prvProcessTimerOrBlockTask)
                  00006b8c    0000006c     queue.obj (.text:xQueueGenericCreate)
                  00006bf8    0000006c     timers.obj (.text:xTimerGenericCommand)
                  00006c64    0000006a     mmc_MSP432P401r.obj (.text:send_cmd)
                  00006cce    00000002     --HOLE-- [fill = 0]
                  00006cd0    00000068     msp432p4xx_driverlib.lib : i2c.o (.text:I2C_masterSendMultiByteStart)
                  00006d38    00000068     system_msp432p401r.obj (.text:SystemInit)
                  00006da0    00000068     rtsv7M4_T_le_v4SPD16_eabi.lib : copy_decompress_lzss.c.obj (.text:decompress:lzss:__TI_decompress_lzss)
                  00006e08    00000068     dataStorage.obj (.text:initSD)
                  00006e70    00000068     tasks.obj (.text:prvInitialiseTaskLists)
                  00006ed8    00000068     port.obj (.text:vPortSetupTimerInterrupt)
                  00006f40    00000066     queue.obj (.text:prvUnlockQueue)
                  00006fa6    00000002     --HOLE-- [fill = 0]
                  00006fa8    00000064     taskManager.obj (.text:prvResumeAllTasks)
                  0000700c    00000062     tasks.obj (.text:xTaskCreate)
                  0000706e    00000002     --HOLE-- [fill = 0]
                  00007070    00000060     heap_4.obj (.text:prvInsertBlockIntoFreeList)
                  000070d0    00000060     trcSnapshotRecorder.obj (.text:prvTraceNextFreeEventBufferSlot)
                  00007130    00000060     MPU9250.obj (.text:writeBits)
                  00007190    0000005c     ff.obj (.text:dir_clear)
                  000071ec    0000005c     timers.obj (.text:prvProcessExpiredTimer)
                  00007248    0000005c     port.obj (.text:vPortValidateInterruptPriority)
                  000072a4    00000058     ttcTask.obj (.text:ttcTask)
                  000072fc    00000056     ff.obj (.text:dir_find)
                  00007352    00000056     mmc_MSP432P401r.obj (.text:xmit_datablock)
                  000073a8    00000054     houseKeeping.obj (.text:getTemperature)
                  000073fc    00000054     main.obj (.text:vPreSleepProcessing)
                  00007450    00000054     tasks.obj (.text:vTaskPlaceOnUnorderedEventList)
                  000074a4    00000052     cs.obj (.text:_CSGetDividerValue)
                  000074f6    00000002     --HOLE-- [fill = 0]
                  000074f8    00000050     SPI_Driver.obj (.text:SPI_Init)
                  00007548    00000050     cs.obj (.text:_CSGetDOCFrequency)
                  00007598    00000050     tasks.obj (.text:prvCheckTasksWaitingTermination)
                  000075e8    00000050     trcSnapshotRecorder.obj (.text:prvTracePortGetTimeStamp)
                  00007638    00000050     MPU9250.obj (.text:writeBit)
                  00007688    00000050     timers.obj (.text:xTimerCreateTimerTask)
                  000076d8    0000004c     gpio.obj (.text:GPIO_setAsPeripheralModuleFunctionInputPin)
                  00007724    0000004c     gpio.obj (.text:GPIO_setAsPeripheralModuleFunctionOutputPin)
                  00007770    0000004c     sysctl.obj (.text:SysCtl_getTLVInfo)
                  000077bc    0000004c     ff.obj (.text:f_mount)
                  00007808    0000004c     timers.obj (.text:prvCheckForValidListAndQueue)
                  00007854    0000004c     tasks.obj (.text:prvGetExpectedIdleTime)
                  000078a0    0000004c     timers.obj (.text:prvInsertTimerInActiveList)
                  000078ec    0000004c     taskManager.obj (.text:setOperationMode)
                  00007938    00000048     ff.obj (.text:dbc_2nd)
                  00007980    00000048     ff.obj (.text:dir_alloc)
                  000079c8    00000048     ff.obj (.text:get_ldnumber)
                  00007a10    00000048     mmc_MSP432P401r.obj (.text:rcvr_datablock)
                  00007a58    00000048     ff.obj (.text:sync_window)
                  00007aa0    00000048     queue.obj (.text:vQueueWaitForMessageRestricted)
                  00007ae8    00000044     rtsv7M4_T_le_v4SPD16_eabi.lib : autoinit.c.obj (.text:__TI_auto_init_nobinit_nopinit:__TI_auto_init_nobinit_nopinit)
                  00007b2c    00000044     dataStorage.obj (.text:getLocalTime)
                  00007b70    00000044     taskManager.obj (.text:prvQueueDataCreate)
                  00007bb4    00000040     MPU9250.obj (.text:initI2C)
                  00007bf4    00000040     msp432p4xx_driverlib.lib : spi.o (.text:is_A_Module)
                  00007c34    00000040     main.obj (.text:main)
                  00007c74    00000040     main.obj (.text:vPostSleepProcessing)
                  00007cb4    0000003c     tasks.obj (.text:eTaskConfirmSleepModeStatus)
                  00007cf0    0000003c     trcSnapshotRecorder.obj (.text:prvTraceError)
                  00007d2c    0000003c     trcSnapshotRecorder.obj (.text:prvTraceUpdateCounters)
                  00007d68    0000003c     port.obj (.text:vPortEnterCritical)
                  00007da4    0000003a     ff.obj (.text:dir_register)
                  00007dde    0000003a     mmc_MSP432P401r.obj (.text:send_cmd12)
                  00007e18    0000003a     ff.obj (.text:validate)
                  00007e52    00000002     --HOLE-- [fill = 0]
                  00007e54    00000038     rtsv7M4_T_le_v4SPD16_eabi.lib : boot_cortex_m.c.obj (.text:_c_int00_noargs:_c_int00_noargs)
                  00007e8c    00000038     tasks.obj (.text:prvTaskIsTaskSuspended)
                  00007ec4    00000038     mmc_MSP432P401r.obj (.text:send_initial_clock_train)
                  00007efc    00000034     ff.obj (.text:move_window)
                  00007f30    00000034     IntQueueTimer.obj (.text:vT32_0_Handler)
                  00007f64    00000034     IntQueueTimer.obj (.text:vT32_1_Handler)
                  00007f98    00000032     list.obj (.text:vListInsert)
                  00007fca    00000002     --HOLE-- [fill = 0]
                  00007fcc    00000030     aodcsTask.obj (.text:aodcsTask)
                  00007ffc    00000030     cameraTask.obj (.text:cameraTask)
                  0000802c    00000030     ff.obj (.text:dbc_1st)
                  0000805c    00000030     taskManager.obj (.text:hibernate)
                  0000808c    00000030     pptTask.obj (.text:pptTask)
                  000080bc    00000030     port.obj (.text:prvTaskExitError)
                  000080ec    00000030     tasks.obj (.text:vTaskPlaceOnEventList)
                  0000811c    00000030     tasks.obj (.text:vTaskStepTick)
                  0000814c    0000002c     cs.obj (.text:CS_setDCOCenteredFrequency)
                  00008178    0000002c     gpio.obj (.text:GPIO_setAsInputPinWithPullUpResistor)
                  000081a4    0000002c     SPI_Driver.obj (.text:SPI_Read)
                  000081d0    0000002c     SPI_Driver.obj (.text:SPI_Write)
                  000081fc    0000002c     main.obj (.text:configWakeUpPin)
                  00008228    0000002c     tasks.obj (.text:prvResetNextTaskUnblockTime)
                  00008254    0000002c     timers.obj (.text:prvSampleTimeNow)
                  00008280    0000002c     port.obj (.text:pxPortInitialiseStack)
                  000082ac    0000002c     mmc_MSP432P401r.obj (.text:rcvr_spi)
                  000082d8    0000002c     port.obj (.text:vPortExitCritical)
                  00008304    0000002c     port.obj (.text:xPortSysTickHandler)
                  00008330    00000028     GPIO_Driver.obj (.text:GPIO_Init)
                  00008358    00000028     queue.obj (.text:prvCopyDataFromQueue)
                  00008380    00000028     mmc_MSP432P401r.obj (.text:xmit_spi)
                  000083a8    00000026     ff.obj (.text:ld_clust)
                  000083ce    00000026     list.obj (.text:uxListRemove)
                  000083f4    00000024     cs.obj (.text:CS_clearInterruptFlag)
                  00008418    00000024     timers.obj (.text:prvGetNextExpireTime)
                  0000843c    00000024     trcSnapshotRecorder.obj (.text:vTraceStop)
                  00008460    00000024     queue.obj (.text:xQueueIsQueueFullFromISR)
                  00008484    00000022     ff.obj (.text:st_clust)
                  000084a6    00000002     --HOLE-- [fill = 0]
                  000084a8    00000020     gpio.obj (.text:GPIO_setAsOutputPin)
                  000084c8    00000020     MPU9250.obj (.text:MPU9250_initialize)
                  000084e8    00000020     main.obj (.text:prvCalendarConfiguration)
                  00008508    00000020     trcSnapshotRecorder.obj (.text:prvMarkObjectAsUsed)
                  00008528    00000020     IntQueue.obj (.text:prvRecordValue_NormallyEmpty)
                  00008548    00000020     IntQueue.obj (.text:prvRecordValue_NormallyFull)
                  00008568    00000020     mmc_MSP432P401r.obj (.text:wait_ready)
                  00008588    00000020     tasks.obj (.text:xTaskGetSchedulerState)
                  000085a8    0000001e     diskio.obj (.text:disk_read)
                  000085c6    0000001e     diskio.obj (.text:disk_write)
                  000085e4    0000001e     queue.obj (.text:prvIsQueueFull)
                  00008602    0000001e     list.obj (.text:vListInitialise)
                  00008620    0000001c     msp432p4xx_driverlib.lib : adc14.o (.text:ADC14_getResult)
                  0000863c    0000001c     sysctl.obj (.text:SysCtl_setWDTTimeoutResetType)
                  00008658    0000001c     diskio.obj (.text:disk_ioctl)
                  00008674    0000001a     queue.obj (.text:prvIsQueueEmpty)
                  0000868e    0000001a     trcSnapshotRecorder.obj (.text:prvStrncpy)
                  000086a8    0000001a     trcKernelPort.obj (.text:prvTraceSetQueueNumberHigh16)
                  000086c2    0000001a     trcKernelPort.obj (.text:prvTraceSetQueueNumberLow16)
                  000086dc    0000001a     trcKernelPort.obj (.text:prvTraceSetTaskNumberHigh16)
                  000086f6    0000001a     trcKernelPort.obj (.text:prvTraceSetTaskNumberLow16)
                  00008710    0000001a     event_groups.obj (.text:xEventGroupCreate)
                  0000872a    00000002     --HOLE-- [fill = 0]
                  0000872c    00000018     cs.obj (.text:CS_getMCLK)
                  00008744    00000018     ff.obj (.text:clst2sect)
                  0000875c    00000018     diskio.obj (.text:disk_initialize)
                  00008774    00000018     diskio.obj (.text:disk_status)
                  0000878c    00000018     ff.obj (.text:mem_cmp)
                  000087a4    00000018     event_groups.obj (.text:prvTestWaitCondition)
                  000087bc    00000018     tasks.obj (.text:pvTaskIncrementMutexHeldCount)
                  000087d4    00000018     msp432_startup_ccs.obj (.text:resetISR)
                  000087ec    00000018     ff.obj (.text:st_dword)
                  00008804    00000018     tasks.obj (.text:uxTaskResetEventItemValue)
                  0000881c    00000018     list.obj (.text:vListInsertEnd)
                  00008834    00000018     tasks.obj (.text:vTaskInternalSetTimeOutState)
                  0000884c    00000016     ff.obj (.text:ld_dword)
                  00008862    00000016     ff.obj (.text:mem_cpy)
                  00008878    00000016     queue.obj (.text:xQueueCreateMutex)
                  0000888e    00000002     --HOLE-- [fill = 0]
                  00008890    00000014     gpio.obj (.text:GPIO_clearInterruptFlag)
                  000088a4    00000014     gpio.obj (.text:GPIO_enableInterrupt)
                  000088b8    00000014     gpio.obj (.text:GPIO_setOutputLowOnPin)
                  000088cc    00000014     gpio.obj (.text:GPIO_toggleOutputOnPin)
                  000088e0    00000014     ff.obj (.text:chk_chr)
                  000088f4    00000014     mmc_MSP432P401r.obj (.text:power_on)
                  00008908    00000014     queue.obj (.text:prvGetDisinheritPriorityAfterTimeout)
                  0000891c    00000014     queue.obj (.text:prvInitialiseMutex)
                  00008930    00000014     IntQueue.obj (.text:prvQueueAccessLogError)
                  00008944    00000014     timers.obj (.text:prvTimerTask)
                  00008958    00000012     tasks.obj (.text:prvDeleteTCB)
                  0000896a    00000002     --HOLE-- [fill = 0]
                  0000896c    00000010     GPIO_Driver.obj (.text:GPIO_High)
                  0000897c    00000010     GPIO_Driver.obj (.text:GPIO_Low)
                  0000898c    00000010     MPU9250.obj (.text:MPU9250_getMotion9)
                  0000899c    00000010     ff.obj (.text:mem_set)
                  000089ac    00000010     taskManager.obj (.text:prvWatchDogEventGroupCreate)
                  000089bc    00000010     aodcsTask.obj (.text:setWatchDogBit_AODCS)
                  000089cc    00000010     cameraTask.obj (.text:setWatchDogBit_CAMERA)
                  000089dc    00000010     dataStorage.obj (.text:setWatchDogBit_DATASTORAGE)
                  000089ec    00000010     houseKeeping.obj (.text:setWatchDogBit_HOUSEKEEPING)
                  000089fc    00000010     pptTask.obj (.text:setWatchDogBit_PPT)
                  00008a0c    00000010     ttcTask.obj (.text:setWatchDogBit_TTC)
                  00008a1c    00000010     main.obj (.text:vApplicationIdleHook)
                  00008a2c    00000010     main.obj (.text:vApplicationMallocFailedHook)
                  00008a3c    00000010     main.obj (.text:vApplicationStackOverflowHook)
                  00008a4c    00000010     tasks.obj (.text:vTaskSuspendAll)
                  00008a5c    0000000e     rtsv7M4_T_le_v4SPD16_eabi.lib : copy_decompress_none.c.obj (.text:decompress:none:__TI_decompress_none)
                  00008a6a    0000000e     ff.obj (.text:st_word)
                  00008a78    0000000c     mmc_MSP432P401r.obj (.text:MMC_disk_status)
                  00008a84    0000000c     MPU9250.obj (.text:MPU9250_setClockSource)
                  00008a90    0000000c     sysctl.obj (.text:SysCtl_getTempCalibrationConstant)
                  00008a9c    0000000c     mmc_MSP432P401r.obj (.text:chk_power)
                  00008aa8    0000000c     rtsv7M4_T_le_v4SPD16_eabi.lib : copy_zero_init.c.obj (.text:decompress:ZI:__TI_zero_init)
                  00008ab4    0000000c     ff.obj (.text:ld_word)
                  00008ac0    0000000c     mmc_MSP432P401r.obj (.text:power_off)
                  00008acc    0000000c     trcKernelPort.obj (.text:prvTraceGetQueueNumberHigh16)
                  00008ad8    0000000c     trcKernelPort.obj (.text:prvTraceGetTaskNumberHigh16)
                  00008ae4    0000000c     mmc_MSP432P401r.obj (.text:rcvr_spi_m)
                  00008af0    0000000c     MPU9250.obj (.text:setFullScaleAccelRange)
                  00008afc    0000000c     MPU9250.obj (.text:setFullScaleGyroRange)
                  00008b08    0000000c     tasks.obj (.text:vTaskMissedYield)
                  00008b14    0000000c     tasks.obj (.text:xTaskGetCurrentTaskHandle)
                  00008b20    0000000c     tasks.obj (.text:xTaskGetTickCount)
                  00008b2c    0000000a     trcKernelPort.obj (.text:prvTraceGetQueueNumberLow16)
                  00008b36    0000000a     trcKernelPort.obj (.text:prvTraceGetTaskNumberLow16)
                  00008b40    0000000a     MPU9250.obj (.text:setSleepEnabled)
                  00008b4a    0000000a     tasks.obj (.text:uxTaskGetTaskNumber)
                  00008b54    00000006     queue.obj (.text:ucQueueGetQueueType)
                  00008b5a    00000006     list.obj (.text:vListInitialiseItem)
                  00008b60    00000006     tasks.obj (.text:vTaskSetTaskNumber)
                  00008b66    00000004     rtsv7M4_T_le_v4SPD16_eabi.lib : pre_init.c.obj (.text:_system_pre_init)
                  00008b6a    00000004                                   : exit.c.obj (.text:abort:abort)
                  00008b6e    00000004     mmc_MSP432P401r.obj (.text:get_fattime)
                  00008b72    00000004     queue.obj (.text:uxQueueGetQueueNumber)
                  00008b76    00000004     queue.obj (.text:vQueueSetQueueNumber)
                  00008b7a    00000004     trcSnapshotRecorder.obj (.text:vTraceStart)

.const     0    00008b80    000000ac     
                  00008b80    00000080     msp432p4xx_driverlib.lib : adc14.o (.const:_ctlRegs)
                  00008c00    00000014     MPU9250.obj (.const:i2cConfig)
                  00008c14    0000000a     ff.obj (.const:.string:DbcTbl)
                  00008c1e    00000002     --HOLE-- [fill = 0]
                  00008c20    00000008     port.obj (.const)
                  00008c28    00000004     serial.obj (.const)

.cinit     0    00008c30    00000098     
                  00008c30    00000071     (.cinit..data.load) [load image, compression = lzss]
                  00008ca1    00000003     --HOLE-- [fill = 0]
                  00008ca4    0000000c     (__TI_handler_table)
                  00008cb0    00000008     (.cinit..bss.load) [load image, compression = zero_init]
                  00008cb8    00000010     (__TI_cinit_table)

.init_array 
*          0    00000000    00000000     UNINITIALIZED

.binit     0    00000000    00000000     

.bss       0    20000000    0000f77c     UNINITIALIZED
                  20000000    0000c800     heap_4.obj (.bss:ucHeap)
                  2000c800    000028b8     (.common:RecorderData)
                  2000f0b8    00000230     (.common:sdDriver)
                  2000f2e8    00000228     (.common:file)
                  2000f510    00000084     (.common:obcData)
                  2000f594    00000064     tasks.obj (.bss:pxReadyTasksLists)
                  2000f5f8    0000003f     (.common:imuData)
                  2000f637    00000001     (.common:fResult)
                  2000f638    0000001c     main.obj (.bss:calendarConfig)
                  2000f654    00000014     timers.obj (.bss:xActiveTimerList1)
                  2000f668    00000014     timers.obj (.bss:xActiveTimerList2)
                  2000f67c    00000014     tasks.obj (.bss:xDelayedTaskList1)
                  2000f690    00000014     tasks.obj (.bss:xDelayedTaskList2)
                  2000f6a4    00000014     tasks.obj (.bss:xPendingReadyList)
                  2000f6b8    00000014     tasks.obj (.bss:xSuspendedTaskList)
                  2000f6cc    00000014     tasks.obj (.bss:xTasksWaitingTermination)
                  2000f6e0    00000010     (.common:bufferIMU)
                  2000f6f0    0000000c     (.common:resultsBuffer)
                  2000f6fc    00000009     mmc_MSP432P401r.obj (.bss)
                  2000f705    00000001     --HOLE--
                  2000f706    00000002     ff.obj (.bss)
                  2000f708    00000008     IntQueue.obj (.bss)
                  2000f710    00000008     cs.obj (.bss)
                  2000f718    00000008     tasks.obj (.bss)
                  2000f720    00000008     timers.obj (.bss)
                  2000f728    00000008     heap_4.obj (.bss:xStart)
                  2000f730    00000008     (.common:buffer)
                  2000f738    00000006     (.common:localTime)
                  2000f73e    00000002     (.common:cal30)
                  2000f740    00000004     ff.obj (.bss:FatFs)
                  2000f744    00000004     (.common:WATCHDOG_EVENT_GROUP)
                  2000f748    00000004     (.common:bw)
                  2000f74c    00000004     (.common:clock)
                  2000f750    00000004     (.common:flag_lowBattery)
                  2000f754    00000004     (.common:flag_systemMode)
                  2000f758    00000004     (.common:init_hwtc_count)
                  2000f75c    00000004     (.common:taskHandlerAodcs)
                  2000f760    00000004     (.common:taskHandlerCamera)
                  2000f764    00000004     (.common:taskHandlerDataStorage)
                  2000f768    00000004     (.common:taskHandlerHouseKeeping)
                  2000f76c    00000004     (.common:taskHandlerPpt)
                  2000f770    00000004     (.common:taskHandlerTtc)
                  2000f774    00000004     (.common:taskHandlerWatchDog)
                  2000f778    00000002     (.common:cal85)
                  2000f77a    00000002     (.common:calDifference)

.data      0    2000f77c    00000383     UNINITIALIZED
                  2000f77c    000000c8     IntQueue.obj (.data:ucNormallyEmptyReceivedValues)
                  2000f844    000000c8     IntQueue.obj (.data:ucNormallyFullReceivedValues)
                  2000f90c    0000008e     trcSnapshotRecorder.obj (.data:objectHandleStacks)
                  2000f99a    00000002     MPU9250.obj (.data)
                  2000f99c    00000044     trcSnapshotRecorder.obj (.data)
                  2000f9e0    0000003c     IntQueue.obj (.data)
                  2000fa1c    00000034     tasks.obj (.data)
                  2000fa50    00000030     gpio.obj (.data:GPIO_PORT_TO_BASE)
                  2000fa80    0000001c     dataStorage.obj (.data:SPI0MasterConfig)
                  2000fa9c    00000018     port.obj (.data)
                  2000fab4    00000018     taskManager.obj (.data)
                  2000facc    00000010     heap_4.obj (.data)
                  2000fadc    00000010     serial.obj (.data)
                  2000faec    0000000c     timers.obj (.data)
                  2000faf8    00000005     trcKernelPort.obj (.data:TraceQueueClassTable)
                  2000fafd    00000002     mmc_MSP432P401r.obj (.data)

.stack     0    2000fce0    00000320     UNINITIALIZED
                  2000fce0    00000004     rtsv7M4_T_le_v4SPD16_eabi.lib : boot_cortex_m.c.obj (.stack)
                  2000fce4    0000031c     --HOLE--

MODULE SUMMARY

       Module                       code    ro data   rw data
       ------                       ----    -------   -------
    .\
       main.obj                     572     0         400    
    +--+----------------------------+-------+---------+---------+
       Total:                       572     0         400    
                                                             
    .\FreeRTOS_Source\
       tasks.obj                    5220    0         520    
       queue.obj                    3826    0         0      
       timers.obj                   1004    0         120    
       event_groups.obj             480     0         0      
       list.obj                     148     0         0      
    +--+----------------------------+-------+---------+---------+
       Total:                       10678   0         640    
                                                             
    .\FreeRTOS_Source\portable\CCS\ARM_CM4F\
       port.obj                     948     8         48     
       portasm.obj                  218     0         0      
    +--+----------------------------+-------+---------+---------+
       Total:                       1166    8         48     
                                                             
    .\FreeRTOS_Source\portable\MemMang\
       heap_4.obj                   628     0         102448 
    +--+----------------------------+-------+---------+---------+
       Total:                       628     0         102448 
                                                             
    .\Full_Demo\
       serial.obj                   176     4         32     
       IntQueueTimer.obj            104     0         0      
    +--+----------------------------+-------+---------+---------+
       Total:                       280     4         32     
                                                             
    .\Full_Demo\Standard_Demo_Tasks\
       IntQueue.obj                 832     0         936    
    +--+----------------------------+-------+---------+---------+
       Total:                       832     0         936    
                                                             
    .\SimplyBlinkyDemo\
       main_blinky.obj              2       0         0      
    +--+----------------------------+-------+---------+---------+
       Total:                       2       0         0      
                                                             
    .\Tracealyzer\
       trcSnapshotRecorder.obj      5810    0         21276  
       trcKernelPort.obj            1458    0         10     
    +--+----------------------------+-------+---------+---------+
       Total:                       7268    0         21286  
                                                             
    .\driverlib\
       cs.obj                       1058    0         16     
       gpio.obj                     308     0         96     
       sysctl.obj                   116     0         0      
    +--+----------------------------+-------+---------+---------+
       Total:                       1482    0         112    
                                                             
    .\interface\
       MPU9250.obj                  890     20        36     
    +--+----------------------------+-------+---------+---------+
       Total:                       890     20        36     
                                                             
    .\src\
       dataStorage.obj              972     0         2444   
       taskManager.obj              1112    0         56     
       houseKeeping.obj             824     0         36     
       watchDogTask.obj             128     0         0      
       ttcTask.obj                  104     0         0      
       aodcsTask.obj                64      0         0      
       cameraTask.obj               64      0         0      
       pptTask.obj                  64      0         0      
    +--+----------------------------+-------+---------+---------+
       Total:                       3332    0         2536   
                                                             
    .\system\CCS\
       msp432_startup_ccs.obj       30      324       0      
       system_msp432p401r.obj       104     0         0      
    +--+----------------------------+-------+---------+---------+
       Total:                       134     324       0      
                                                             
    .\util\
       itoa.obj                     160     0         0      
    +--+----------------------------+-------+---------+---------+
       Total:                       160     0         0      
                                                             
    .\util\Hardware\
       SPI_Driver.obj               168     0         0      
       GPIO_Driver.obj              72      0         0      
    +--+----------------------------+-------+---------+---------+
       Total:                       240     0         0      
                                                             
    .\util\fatfs\
       ff.obj                       4477    10        12     
       mmc_MSP432P401r.obj          1578    0         22     
       diskio.obj                   136     0         0      
    +--+----------------------------+-------+---------+---------+
       Total:                       6191    10        34     
                                                             
    C:/ti/simplelink_msp432p4_sdk_2_40_00_10/source/ti/devices/msp432p4xx/driverlib/ccs/msp432p4xx_driverlib.lib
       adc14.o                      500     128       0      
       spi.o                        240     0         0      
       rtc_c.o                      124     0         0      
       i2c.o                        104     0         0      
    +--+----------------------------+-------+---------+---------+
       Total:                       968     128       0      
                                                             
    C:\ti\ccsv8\tools\compiler\ti-cgt-arm_18.1.1.LTS\lib\rtsv7M4_T_le_v4SPD16_eabi.lib
       memcpy_t2.asm.obj            156     0         0      
       memset_t2.asm.obj            122     0         0      
       copy_decompress_lzss.c.obj   104     0         0      
       autoinit.c.obj               68      0         0      
       boot_cortex_m.c.obj          56      0         0      
       copy_decompress_none.c.obj   14      0         0      
       copy_zero_init.c.obj         12      0         0      
       exit.c.obj                   4       0         0      
       pre_init.c.obj               4       0         0      
    +--+----------------------------+-------+---------+---------+
       Total:                       540     0         0      
                                                             
       Stack:                       0       0         1600   
       Linker Generated:            0       149       0      
    +--+----------------------------+-------+---------+---------+
       Grand Total:                 35363   643       130108 


LINKER GENERATED COPY TABLES

__TI_cinit_table @ 00008cb8 records: 2, size/record: 8, table size: 16
	.data: load addr=00008c30, load size=00000071 bytes, run addr=2000f77c, run size=00000383 bytes, compression=lzss
	.bss: load addr=00008cb0, load size=00000008 bytes, run addr=20000000, run size=0000f77c bytes, compression=zero_init


LINKER GENERATED HANDLER TABLE

__TI_handler_table @ 00008ca4 records: 3, size/record: 4, table size: 12
	index: 0, handler: __TI_decompress_lzss
	index: 1, handler: __TI_decompress_none
	index: 2, handler: __TI_zero_init


GLOBAL SYMBOLS: SORTED ALPHABETICALLY BY Name 

address   name                                       
-------   ----                                       
000044ed  ADC14_IRQHandler                           
00006865  ADC14_getMultiSequenceResult               
00008621  ADC14_getResult                            
00008b6b  C$$EXIT                                    
000083f5  CS_clearInterruptFlag                      
00002c51  CS_getDCOFrequency                         
0000872d  CS_getMCLK                                 
00003e31  CS_initClockSignal                         
0000814d  CS_setDCOCenteredFrequency                 
2000f9c6  CurrentFilterGroup                         
2000f9c4  CurrentFilterMask                          
0000896d  GPIO_High                                  
00008331  GPIO_Init                                  
0000897d  GPIO_Low                                   
00008891  GPIO_clearInterruptFlag                    
000088a5  GPIO_enableInterrupt                       
00008179  GPIO_setAsInputPinWithPullUpResistor       
000084a9  GPIO_setAsOutputPin                        
000076d9  GPIO_setAsPeripheralModuleFunctionInputPin 
00007725  GPIO_setAsPeripheralModuleFunctionOutputPin
000088b9  GPIO_setOutputLowOnPin                     
000088cd  GPIO_toggleOutputOnPin                     
00006cd1  I2C_masterSendMultiByteStart               
00002615  MMC_disk_initialize                        
00001edd  MMC_disk_ioctl                             
000060e5  MMC_disk_read                              
00008a79  MMC_disk_status                            
000056a5  MMC_disk_write                             
2000f99a  MPU9250_devAddr                            
0000898d  MPU9250_getMotion9                         
000084c9  MPU9250_initialize                         
00008a85  MPU9250_setClockSource                     
00006505  RTC_C_getCalendarTime                      
2000c800  RecorderData                               
2000f9cc  RecorderDataPtr                            
2000fa80  SPI0MasterConfig                           
000074f9  SPI_Init                                   
000081a5  SPI_Read                                   
000081d1  SPI_Write                                  
00005495  SPI_initMaster                             
00007771  SysCtl_getTLVInfo                          
00008a91  SysCtl_getTempCalibrationConstant          
0000863d  SysCtl_setWDTTimeoutResetType              
00006d39  SystemInit                                 
2000faf8  TraceQueueClassTable                       
2000f744  WATCHDOG_EVENT_GROUP                       
4000480c  WDTCTL_SYM                                 
0000863d  WDT_A_setTimeoutReset                      
20010000  __STACK_END                                
00000320  __STACK_SIZE                               
00008cb8  __TI_CINIT_Base                            
00008cc8  __TI_CINIT_Limit                           
00008ca4  __TI_Handler_Table_Base                    
00008cb0  __TI_Handler_Table_Limit                   
00007ae9  __TI_auto_init_nobinit_nopinit             
00006da1  __TI_decompress_lzss                       
00008a5d  __TI_decompress_none                       
ffffffff  __TI_pprof_out_hndl                        
ffffffff  __TI_prof_data_size                        
ffffffff  __TI_prof_data_start                       
00000000  __TI_static_base__                         
00008aa9  __TI_zero_init                             
000067eb  __aeabi_memclr                             
000067eb  __aeabi_memclr4                            
000067eb  __aeabi_memclr8                            
00005b2b  __aeabi_memcpy                             
00005b2b  __aeabi_memcpy4                            
00005b2b  __aeabi_memcpy8                            
000067ed  __aeabi_memset                             
000067ed  __aeabi_memset4                            
000067ed  __aeabi_memset8                            
ffffffff  __binit__                                  
ffffffff  __c_args__                                 
UNDEFED   __mpu_init                                 
2000fce0  __stack                                    
00007e55  _c_int00_noargs                            
UNDEFED   _system_post_cinit                         
00008b67  _system_pre_init                           
00008b6b  abort                                      
00003599  adcInit                                    
2000faca  adcInitDelay                               
00007fcd  aodcsTask                                  
2000fac8  batteryValue                               
ffffffff  binit                                      
2000f730  buffer                                     
2000f6e0  bufferIMU                                  
2000f748  bw                                         
2000f73e  cal30                                      
2000f778  cal85                                      
2000f77a  calDifference                              
00007ffd  cameraTask                                 
2000f74c  clock                                      
000081fd  configWakeUpPin                            
00000481  dataStorage                                
0000875d  disk_initialize                            
00008659  disk_ioctl                                 
000085a9  disk_read                                  
00008775  disk_status                                
000085c7  disk_write                                 
00007cb5  eTaskConfirmSleepModeStatus                
2000f637  fResult                                    
000077bd  f_mount                                    
00001669  f_open                                     
00005d8f  f_sync                                     
00001823  f_write                                    
2000f2e8  file                                       
2000f750  flag_lowBattery                            
2000f754  flag_systemMode                            
00007b2d  getLocalTime                               
00005f41  getMotion6                                 
000073a9  getTemperature                             
00008b6f  get_fattime                                
2000f9bd  handle_of_last_logged_task                 
0000805d  hibernate                                  
000019dd  houseKeeping                               
00008c00  i2cConfig                                  
2000f5f8  imuData                                    
00007bb5  initI2C                                    
00006e09  initSD                                     
2000f758  init_hwtc_count                            
00000000  interruptVectors                           
2000f99c  isPendingContextSwitch                     
000059ed  itoa                                       
2000f738  localTime                                  
00007c35  main                                       
00005b2b  memcpy                                     
000067f3  memset                                     
2000f9bc  nISRactive                                 
2000f510  obcData                                    
2000f90c  objectHandleStacks                         
0000808d  pptTask                                    
000084e9  prvCalendarConfiguration                   
00008509  prvMarkObjectAsUsed                        
00007b71  prvQueueDataCreate                         
00006fa9  prvResumeAllTasks                          
00005e21  prvSuspendAllTasks                         
00002fe5  prvTaskCreate                              
00007cf1  prvTraceError                              
00008b15  prvTraceGetCurrentTaskHandle               
0000275d  prvTraceGetObjectHandle                    
00004b1d  prvTraceGetPriorityProperty                
00008b73  prvTraceGetQueueNumber                     
00008acd  prvTraceGetQueueNumberHigh16               
00008b2d  prvTraceGetQueueNumberLow16                
00008b55  prvTraceGetQueueType                       
00008ad9  prvTraceGetTaskNumberHigh16                
00008b37  prvTraceGetTaskNumberLow16                 
00005949  prvTraceInitCortexM                        
000075e9  prvTracePortGetTimeStamp                   
00003f35  prvTraceSetObjectName                      
000050d1  prvTraceSetObjectState                     
00004bf5  prvTraceSetPriorityProperty                
000086a9  prvTraceSetQueueNumberHigh16               
000086c3  prvTraceSetQueueNumberLow16                
00006679  prvTraceSetTaskInstanceFinished            
000086dd  prvTraceSetTaskNumberHigh16                
000086f7  prvTraceSetTaskNumberLow16                 
00001d45  prvTraceStoreKernelCall                    
000039f9  prvTraceStoreKernelCallWithNumericParamOnly
000012e9  prvTraceStoreKernelCallWithParam           
00004401  prvTraceStoreTaskReady                     
000046bd  prvTraceStoreTaskswitch                    
000089ad  prvWatchDogEventGroupCreate                
00000145  pszTraceGetErrorNotEnoughHandles           
00003235  pvPortMalloc                               
000087bd  pvTaskIncrementMutexHeldCount              
2000fa1c  pxCurrentTCB                               
00008281  pxPortInitialiseStack                      
0000412d  readI2C                                    
2000f9b0  recorder_busy                              
2000f6f0  resultsBuffer                              
2000f0b8  sdDriver                                   
2000fac0  semaphoreIMU                               
2000fac4  semaphoreSystem                            
00008af1  setFullScaleAccelRange                     
00008afd  setFullScaleGyroRange                      
000078ed  setOperationMode                           
00008b41  setSleepEnabled                            
000089bd  setWatchDogBit_AODCS                       
000089cd  setWatchDogBit_CAMERA                      
000089dd  setWatchDogBit_DATASTORAGE                 
000089ed  setWatchDogBit_HOUSEKEEPING                
000089fd  setWatchDogBit_PPT                         
00008a0d  setWatchDogBit_TTC                         
2000f75c  taskHandlerAodcs                           
2000f760  taskHandlerCamera                          
2000f764  taskHandlerDataStorage                     
2000f768  taskHandlerHouseKeeping                    
2000f76c  taskHandlerPpt                             
2000f770  taskHandlerTtc                             
2000f774  taskHandlerWatchDog                        
00006385  taskManager                                
2000f9b4  timestampFrequency                         
2000f9b8  traceErrorMessage                          
2000f9a8  trace_disable_timestamp                    
000072a5  ttcTask                                    
00008b55  ucQueueGetQueueType                        
0000310d  uiIndexOfObject                            
00004965  uiTraceStart                               
2000f9a4  uiTraceTickCount                           
00008c20  ulMaxSyscallInterruptPriority              
00004a51  ulPortGetIPSR                              
000044ed  updateBatteryLevel                         
000083cf  uxListRemove                               
00008b73  uxQueueGetQueueNumber                      
00008b4b  uxTaskGetTaskNumber                        
00008805  uxTaskResetEventItemValue                  
00008a1d  vApplicationIdleHook                       
00008a2d  vApplicationMallocFailedHook               
00008a3d  vApplicationStackOverflowHook              
00004b1b  vApplicationTickHook                       
00008603  vListInitialise                            
00008b5b  vListInitialiseItem                        
00007f99  vListInsert                                
0000881d  vListInsertEnd                             
00004b0d  vPortEnableVFP                             
00007d69  vPortEnterCritical                         
000082d9  vPortExitCritical                          
00006405  vPortFree                                  
00004ac9  vPortSVCHandler                            
00006ed9  vPortSetupTimerInterrupt                   
00004ae9  vPortStartFirstTask                        
00002d85  vPortSuppressTicksAndSleep                 
00007249  vPortValidateInterruptPriority             
00007c75  vPostSleepProcessing                       
000073fd  vPreSleepProcessing                        
00008b77  vQueueSetQueueNumber                       
00007aa1  vQueueWaitForMessageRestricted             
00007f31  vT32_0_Handler                             
00007f65  vT32_1_Handler                             
00005c65  vTaskDelay                                 
00004221  vTaskDelayUntil                            
00008835  vTaskInternalSetTimeOutState               
00008b09  vTaskMissedYield                           
00003c19  vTaskNotifyGiveFromISR                     
000080ed  vTaskPlaceOnEventList                      
00006301  vTaskPlaceOnEventListRestricted            
00007451  vTaskPlaceOnUnorderedEventList             
00003359  vTaskPriorityDisinheritAfterTimeout        
000057fd  vTaskRemoveFromUnorderedEventList          
00004cc9  vTaskResume                                
00008b61  vTaskSetTaskNumber                         
000066f5  vTaskStartScheduler                        
0000811d  vTaskStepTick                              
00003479  vTaskSuspend                               
00008a4d  vTaskSuspendAll                            
00004d9d  vTaskSwitchContext                         
00005bc9  vTraceEnable                               
00004f39  vTraceInitObjectHandleStack                
000036b5  vTraceInitObjectPropertyTable              
00008b7b  vTraceStart                                
0000843d  vTraceStop                                 
2000f9c0  vTraceStopHookPtr                          
000053d9  vTraceStoreMemMangEvent                    
00005545  vUART_Handler                              
2000facb  wakeState                                  
00006485  watchDogTask                               
00007639  writeBit                                   
00007131  writeBits                                  
00005751  writeI2C                                   
00008711  xEventGroupCreate                          
00005a8d  xEventGroupSetBits                         
00003b09  xEventGroupWaitBits                        
00002eb9  xFirstTimerHandler                         
00004a69  xPortPendSVHandler                         
00005005  xPortStartScheduler                        
00008305  xPortSysTickHandler                        
00008879  xQueueCreateMutex                          
2000fab8  xQueueDataObc                              
00006b8d  xQueueGenericCreate                        
00006059  xQueueGenericReset                         
00000a99  xQueueGenericSend                          
00002345  xQueueGenericSendFromISR                   
2000fab4  xQueueIMU                                  
00008461  xQueueIsQueueFullFromISR                   
00000d71  xQueueReceive                              
000029dd  xQueueReceiveFromISR                       
00000791  xQueueSemaphoreTake                        
2000fabc  xQueueSystem                               
000014a9  xSecondTimerHandler                        
000061f5  xTaskCheckForTimeOut                       
0000700d  xTaskCreate                                
00008b15  xTaskGetCurrentTaskHandle                  
00008589  xTaskGetSchedulerState                     
00008b21  xTaskGetTickCount                          
000021cd  xTaskIncrementTick                         
000038e5  xTaskPriorityDisinherit                    
00003d25  xTaskPriorityInherit                       
000055f5  xTaskRemoveFromEventList                   
000037cd  xTaskResumeAll                             
00007689  xTimerCreateTimerTask                      
00006bf9  xTimerGenericCommand                       


GLOBAL SYMBOLS: SORTED BY Symbol Address 

address   name                                       
-------   ----                                       
00000000  __TI_static_base__                         
00000000  interruptVectors                           
00000145  pszTraceGetErrorNotEnoughHandles           
00000320  __STACK_SIZE                               
00000481  dataStorage                                
00000791  xQueueSemaphoreTake                        
00000a99  xQueueGenericSend                          
00000d71  xQueueReceive                              
000012e9  prvTraceStoreKernelCallWithParam           
000014a9  xSecondTimerHandler                        
00001669  f_open                                     
00001823  f_write                                    
000019dd  houseKeeping                               
00001d45  prvTraceStoreKernelCall                    
00001edd  MMC_disk_ioctl                             
000021cd  xTaskIncrementTick                         
00002345  xQueueGenericSendFromISR                   
00002615  MMC_disk_initialize                        
0000275d  prvTraceGetObjectHandle                    
000029dd  xQueueReceiveFromISR                       
00002c51  CS_getDCOFrequency                         
00002d85  vPortSuppressTicksAndSleep                 
00002eb9  xFirstTimerHandler                         
00002fe5  prvTaskCreate                              
0000310d  uiIndexOfObject                            
00003235  pvPortMalloc                               
00003359  vTaskPriorityDisinheritAfterTimeout        
00003479  vTaskSuspend                               
00003599  adcInit                                    
000036b5  vTraceInitObjectPropertyTable              
000037cd  xTaskResumeAll                             
000038e5  xTaskPriorityDisinherit                    
000039f9  prvTraceStoreKernelCallWithNumericParamOnly
00003b09  xEventGroupWaitBits                        
00003c19  vTaskNotifyGiveFromISR                     
00003d25  xTaskPriorityInherit                       
00003e31  CS_initClockSignal                         
00003f35  prvTraceSetObjectName                      
0000412d  readI2C                                    
00004221  vTaskDelayUntil                            
00004401  prvTraceStoreTaskReady                     
000044ed  ADC14_IRQHandler                           
000044ed  updateBatteryLevel                         
000046bd  prvTraceStoreTaskswitch                    
00004965  uiTraceStart                               
00004a51  ulPortGetIPSR                              
00004a69  xPortPendSVHandler                         
00004ac9  vPortSVCHandler                            
00004ae9  vPortStartFirstTask                        
00004b0d  vPortEnableVFP                             
00004b1b  vApplicationTickHook                       
00004b1d  prvTraceGetPriorityProperty                
00004bf5  prvTraceSetPriorityProperty                
00004cc9  vTaskResume                                
00004d9d  vTaskSwitchContext                         
00004f39  vTraceInitObjectHandleStack                
00005005  xPortStartScheduler                        
000050d1  prvTraceSetObjectState                     
000053d9  vTraceStoreMemMangEvent                    
00005495  SPI_initMaster                             
00005545  vUART_Handler                              
000055f5  xTaskRemoveFromEventList                   
000056a5  MMC_disk_write                             
00005751  writeI2C                                   
000057fd  vTaskRemoveFromUnorderedEventList          
00005949  prvTraceInitCortexM                        
000059ed  itoa                                       
00005a8d  xEventGroupSetBits                         
00005b2b  __aeabi_memcpy                             
00005b2b  __aeabi_memcpy4                            
00005b2b  __aeabi_memcpy8                            
00005b2b  memcpy                                     
00005bc9  vTraceEnable                               
00005c65  vTaskDelay                                 
00005d8f  f_sync                                     
00005e21  prvSuspendAllTasks                         
00005f41  getMotion6                                 
00006059  xQueueGenericReset                         
000060e5  MMC_disk_read                              
000061f5  xTaskCheckForTimeOut                       
00006301  vTaskPlaceOnEventListRestricted            
00006385  taskManager                                
00006405  vPortFree                                  
00006485  watchDogTask                               
00006505  RTC_C_getCalendarTime                      
00006679  prvTraceSetTaskInstanceFinished            
000066f5  vTaskStartScheduler                        
000067eb  __aeabi_memclr                             
000067eb  __aeabi_memclr4                            
000067eb  __aeabi_memclr8                            
000067ed  __aeabi_memset                             
000067ed  __aeabi_memset4                            
000067ed  __aeabi_memset8                            
000067f3  memset                                     
00006865  ADC14_getMultiSequenceResult               
00006b8d  xQueueGenericCreate                        
00006bf9  xTimerGenericCommand                       
00006cd1  I2C_masterSendMultiByteStart               
00006d39  SystemInit                                 
00006da1  __TI_decompress_lzss                       
00006e09  initSD                                     
00006ed9  vPortSetupTimerInterrupt                   
00006fa9  prvResumeAllTasks                          
0000700d  xTaskCreate                                
00007131  writeBits                                  
00007249  vPortValidateInterruptPriority             
000072a5  ttcTask                                    
000073a9  getTemperature                             
000073fd  vPreSleepProcessing                        
00007451  vTaskPlaceOnUnorderedEventList             
000074f9  SPI_Init                                   
000075e9  prvTracePortGetTimeStamp                   
00007639  writeBit                                   
00007689  xTimerCreateTimerTask                      
000076d9  GPIO_setAsPeripheralModuleFunctionInputPin 
00007725  GPIO_setAsPeripheralModuleFunctionOutputPin
00007771  SysCtl_getTLVInfo                          
000077bd  f_mount                                    
000078ed  setOperationMode                           
00007aa1  vQueueWaitForMessageRestricted             
00007ae9  __TI_auto_init_nobinit_nopinit             
00007b2d  getLocalTime                               
00007b71  prvQueueDataCreate                         
00007bb5  initI2C                                    
00007c35  main                                       
00007c75  vPostSleepProcessing                       
00007cb5  eTaskConfirmSleepModeStatus                
00007cf1  prvTraceError                              
00007d69  vPortEnterCritical                         
00007e55  _c_int00_noargs                            
00007f31  vT32_0_Handler                             
00007f65  vT32_1_Handler                             
00007f99  vListInsert                                
00007fcd  aodcsTask                                  
00007ffd  cameraTask                                 
0000805d  hibernate                                  
0000808d  pptTask                                    
000080ed  vTaskPlaceOnEventList                      
0000811d  vTaskStepTick                              
0000814d  CS_setDCOCenteredFrequency                 
00008179  GPIO_setAsInputPinWithPullUpResistor       
000081a5  SPI_Read                                   
000081d1  SPI_Write                                  
000081fd  configWakeUpPin                            
00008281  pxPortInitialiseStack                      
000082d9  vPortExitCritical                          
00008305  xPortSysTickHandler                        
00008331  GPIO_Init                                  
000083cf  uxListRemove                               
000083f5  CS_clearInterruptFlag                      
0000843d  vTraceStop                                 
00008461  xQueueIsQueueFullFromISR                   
000084a9  GPIO_setAsOutputPin                        
000084c9  MPU9250_initialize                         
000084e9  prvCalendarConfiguration                   
00008509  prvMarkObjectAsUsed                        
00008589  xTaskGetSchedulerState                     
000085a9  disk_read                                  
000085c7  disk_write                                 
00008603  vListInitialise                            
00008621  ADC14_getResult                            
0000863d  SysCtl_setWDTTimeoutResetType              
0000863d  WDT_A_setTimeoutReset                      
00008659  disk_ioctl                                 
000086a9  prvTraceSetQueueNumberHigh16               
000086c3  prvTraceSetQueueNumberLow16                
000086dd  prvTraceSetTaskNumberHigh16                
000086f7  prvTraceSetTaskNumberLow16                 
00008711  xEventGroupCreate                          
0000872d  CS_getMCLK                                 
0000875d  disk_initialize                            
00008775  disk_status                                
000087bd  pvTaskIncrementMutexHeldCount              
00008805  uxTaskResetEventItemValue                  
0000881d  vListInsertEnd                             
00008835  vTaskInternalSetTimeOutState               
00008879  xQueueCreateMutex                          
00008891  GPIO_clearInterruptFlag                    
000088a5  GPIO_enableInterrupt                       
000088b9  GPIO_setOutputLowOnPin                     
000088cd  GPIO_toggleOutputOnPin                     
0000896d  GPIO_High                                  
0000897d  GPIO_Low                                   
0000898d  MPU9250_getMotion9                         
000089ad  prvWatchDogEventGroupCreate                
000089bd  setWatchDogBit_AODCS                       
000089cd  setWatchDogBit_CAMERA                      
000089dd  setWatchDogBit_DATASTORAGE                 
000089ed  setWatchDogBit_HOUSEKEEPING                
000089fd  setWatchDogBit_PPT                         
00008a0d  setWatchDogBit_TTC                         
00008a1d  vApplicationIdleHook                       
00008a2d  vApplicationMallocFailedHook               
00008a3d  vApplicationStackOverflowHook              
00008a4d  vTaskSuspendAll                            
00008a5d  __TI_decompress_none                       
00008a79  MMC_disk_status                            
00008a85  MPU9250_setClockSource                     
00008a91  SysCtl_getTempCalibrationConstant          
00008aa9  __TI_zero_init                             
00008acd  prvTraceGetQueueNumberHigh16               
00008ad9  prvTraceGetTaskNumberHigh16                
00008af1  setFullScaleAccelRange                     
00008afd  setFullScaleGyroRange                      
00008b09  vTaskMissedYield                           
00008b15  prvTraceGetCurrentTaskHandle               
00008b15  xTaskGetCurrentTaskHandle                  
00008b21  xTaskGetTickCount                          
00008b2d  prvTraceGetQueueNumberLow16                
00008b37  prvTraceGetTaskNumberLow16                 
00008b41  setSleepEnabled                            
00008b4b  uxTaskGetTaskNumber                        
00008b55  prvTraceGetQueueType                       
00008b55  ucQueueGetQueueType                        
00008b5b  vListInitialiseItem                        
00008b61  vTaskSetTaskNumber                         
00008b67  _system_pre_init                           
00008b6b  C$$EXIT                                    
00008b6b  abort                                      
00008b6f  get_fattime                                
00008b73  prvTraceGetQueueNumber                     
00008b73  uxQueueGetQueueNumber                      
00008b77  vQueueSetQueueNumber                       
00008b7b  vTraceStart                                
00008c00  i2cConfig                                  
00008c20  ulMaxSyscallInterruptPriority              
00008ca4  __TI_Handler_Table_Base                    
00008cb0  __TI_Handler_Table_Limit                   
00008cb8  __TI_CINIT_Base                            
00008cc8  __TI_CINIT_Limit                           
2000c800  RecorderData                               
2000f0b8  sdDriver                                   
2000f2e8  file                                       
2000f510  obcData                                    
2000f5f8  imuData                                    
2000f637  fResult                                    
2000f6e0  bufferIMU                                  
2000f6f0  resultsBuffer                              
2000f730  buffer                                     
2000f738  localTime                                  
2000f73e  cal30                                      
2000f744  WATCHDOG_EVENT_GROUP                       
2000f748  bw                                         
2000f74c  clock                                      
2000f750  flag_lowBattery                            
2000f754  flag_systemMode                            
2000f758  init_hwtc_count                            
2000f75c  taskHandlerAodcs                           
2000f760  taskHandlerCamera                          
2000f764  taskHandlerDataStorage                     
2000f768  taskHandlerHouseKeeping                    
2000f76c  taskHandlerPpt                             
2000f770  taskHandlerTtc                             
2000f774  taskHandlerWatchDog                        
2000f778  cal85                                      
2000f77a  calDifference                              
2000f90c  objectHandleStacks                         
2000f99a  MPU9250_devAddr                            
2000f99c  isPendingContextSwitch                     
2000f9a4  uiTraceTickCount                           
2000f9a8  trace_disable_timestamp                    
2000f9b0  recorder_busy                              
2000f9b4  timestampFrequency                         
2000f9b8  traceErrorMessage                          
2000f9bc  nISRactive                                 
2000f9bd  handle_of_last_logged_task                 
2000f9c0  vTraceStopHookPtr                          
2000f9c4  CurrentFilterMask                          
2000f9c6  CurrentFilterGroup                         
2000f9cc  RecorderDataPtr                            
2000fa1c  pxCurrentTCB                               
2000fa80  SPI0MasterConfig                           
2000fab4  xQueueIMU                                  
2000fab8  xQueueDataObc                              
2000fabc  xQueueSystem                               
2000fac0  semaphoreIMU                               
2000fac4  semaphoreSystem                            
2000fac8  batteryValue                               
2000faca  adcInitDelay                               
2000facb  wakeState                                  
2000faf8  TraceQueueClassTable                       
2000fce0  __stack                                    
20010000  __STACK_END                                
4000480c  WDTCTL_SYM                                 
ffffffff  __TI_pprof_out_hndl                        
ffffffff  __TI_prof_data_size                        
ffffffff  __TI_prof_data_start                       
ffffffff  __binit__                                  
ffffffff  __c_args__                                 
ffffffff  binit                                      
UNDEFED   __mpu_init                                 
UNDEFED   _system_post_cinit                         

[292 symbols]
