******************************************************************************
                  TI ARM Linker PC v18.1.1                     
******************************************************************************
>> Linked Sun Jun 16 20:21:32 2019

OUTPUT FILE NAME:   <Firmware_OBC.out>
ENTRY POINT SYMBOL: "_c_int00_noargs"  address: 00007929


MEMORY CONFIGURATION

         name            origin    length      used     unused   attr    fill
----------------------  --------  ---------  --------  --------  ----  --------
  MAIN                  00000000   0003f000  00008924  000366dc  R  X
  MYDATA                0003f000   00001000  00000000  00001000  R  X
  INFO                  00200000   00004000  00000000  00004000  R  X
  SRAM_CODE             01000000   00010000  0000eea1  0000115f  RW X
  SRAM_DATA             20000000   00010000  0000eea1  0000115f  RW  


SEGMENT ALLOCATION MAP

run origin  load origin   length   init length attrs members
----------  ----------- ---------- ----------- ----- -------
00000000    00000000    00008928   00008928    r-x
  00000000    00000000    00000144   00000144    r-- .intvecs
  00000144    00000144    000086b8   000086b8    r-x .text
  000087fc    000087fc    00000098   00000098    r-- .const
  00008898    00008898    00000090   00000090    r-- .cinit
20000000    20000000    0000eb81   00000000    rw-
  20000000    20000000    0000e810   00000000    rw- .bss
  2000e810    2000e810    00000371   00000000    rw- .data
2000fce0    2000fce0    00000320   00000000    rw-
  2000fce0    2000fce0    00000320   00000000    rw- .stack


SECTION ALLOCATION MAP

 output                                  attributes/
section   page    origin      length       input sections
--------  ----  ----------  ----------   ----------------
.intvecs   0    00000000    00000144     
                  00000000    00000144     msp432_startup_ccs.obj (.intvecs:retain)

.text      0    00000144    000086b8     
                  00000144    0000033a     trcKernelPort.obj (.text:pszTraceGetErrorNotEnoughHandles)
                  0000047e    00000002     msp432_startup_ccs.obj (.text:defaultISR)
                  00000480    00000308     queue.obj (.text:xQueueSemaphoreTake)
                  00000788    000002d8     queue.obj (.text:xQueueGenericSend)
                  00000a60    000002c4     queue.obj (.text:xQueueReceive)
                  00000d24    000002b4     ff.obj (.text:find_volume)
                  00000fd8    000001f4     pcm.obj (.text:__PCM_setPowerStateAdvanced)
                  000011cc    000001c8     dataStorage.obj (.text:dataStorage)
                  00001394    000001c0     trcSnapshotRecorder.obj (.text:prvTraceStoreKernelCallWithParam)
                  00001554    000001c0     IntQueue.obj (.text:xSecondTimerHandler)
                  00001714    000001ba     ff.obj (.text:f_open)
                  000018ce    000001ba     ff.obj (.text:f_write)
                  00001a88    000001b0     trcSnapshotRecorder.obj (.text:prvTraceInitTraceData)
                  00001c38    00000198     trcSnapshotRecorder.obj (.text:prvTraceStoreKernelCall)
                  00001dd0    00000178     mmc_MSP432P401r.obj (.text:MMC_disk_ioctl)
                  00001f48    00000178     trcSnapshotRecorder.obj (.text:prvTraceGetDTS)
                  000020c0    00000178     tasks.obj (.text:xTaskIncrementTick)
                  00002238    00000170     queue.obj (.text:xQueueGenericSendFromISR)
                  000023a8    00000160     msp432p4xx_driverlib.lib : adc14.o (.text:_getIndexForMemRegister)
                  00002508    00000160     houseKeeping.obj (.text:houseKeeping)
                  00002668    00000148     mmc_MSP432P401r.obj (.text:MMC_disk_initialize)
                  000027b0    00000144     trcSnapshotRecorder.obj (.text:prvTraceGetObjectHandle)
                  000028f4    0000013c     tasks.obj (.text:prvAddNewTaskToReadyList)
                  00002a30    0000013c     queue.obj (.text:xQueueReceiveFromISR)
                  00002b6c    00000138     trcSnapshotRecorder.obj (.text:prvCheckDataToBeOverwrittenForMultiEntryEvents)
                  00002ca4    00000134     cs.obj (.text:CS_getDCOFrequency)
                  00002dd8    0000012c     port.obj (.text:vPortSuppressTicksAndSleep)
                  00002f04    0000012c     IntQueue.obj (.text:xFirstTimerHandler)
                  00003030    00000128     trcSnapshotRecorder.obj (.text:uiIndexOfObject)
                  00003158    00000124     heap_4.obj (.text:pvPortMalloc)
                  0000327c    00000120     tasks.obj (.text:vTaskPriorityDisinheritAfterTimeout)
                  0000339c    0000011c     tasks.obj (.text:xTaskResumeAll)
                  000034b8    00000118     trcKernelPort.obj (.text:vTraceInitObjectPropertyTable)
                  000035d0    00000114     tasks.obj (.text:xTaskPriorityDisinherit)
                  000036e4    00000110     trcSnapshotRecorder.obj (.text:prvTraceStoreKernelCallWithNumericParamOnly)
                  000037f4    00000110     event_groups.obj (.text:xEventGroupWaitBits)
                  00003904    0000010c     tasks.obj (.text:vTaskNotifyGiveFromISR)
                  00003a10    0000010c     tasks.obj (.text:xTaskPriorityInherit)
                  00003b1c    00000108     taskManager.obj (.text:taskCreate)
                  00003c24    00000104     cs.obj (.text:CS_initClockSignal)
                  00003d28    00000100     trcSnapshotRecorder.obj (.text:prvTraceSetObjectName)
                  00003e28    000000f8     pcm.obj (.text:__PCM_setPowerModeAdvanced)
                  00003f20    000000f6     ff.obj (.text:put_fat)
                  00004016    00000002     msp432_startup_ccs.obj (.text:faultISR)
                  00004018    000000f0     tasks.obj (.text:vTaskDelayUntil)
                  00004108    000000ee     ff.obj (.text:create_chain)
                  000041f6    00000002     msp432_startup_ccs.obj (.text:nmiISR)
                  000041f8    000000ec     trcSnapshotRecorder.obj (.text:prvTraceStoreTaskReady)
                  000042e4    000000e4     timers.obj (.text:prvProcessReceivedCommands)
                  000043c8    000000e4     trcSnapshotRecorder.obj (.text:prvTraceStoreTaskswitch)
                  000044ac    000000e3     ff.obj (.text:create_name)
                  0000458f    00000001     --HOLE-- [fill = 0]
                  00004590    000000e0     cs.obj (.text:_CSComputeCLKFrequency)
                  00004670    000000e0     houseKeeping.obj (.text:adcInit)
                  00004750    000000dc     trcSnapshotRecorder.obj (.text:uiTraceStart)
                  0000482c    000000da     portasm.obj (.text)
                  00004906    00000002     main.obj (.text:vApplicationIdleHook)
                  00004908    000000d8     trcSnapshotRecorder.obj (.text:prvTraceGetPriorityProperty)
                  000049e0    000000d4     trcSnapshotRecorder.obj (.text:prvTraceSetPriorityProperty)
                  00004ab4    000000d0     tasks.obj (.text:vTaskSwitchContext)
                  00004b84    000000cc     trcSnapshotRecorder.obj (.text:prvTraceGetObjectState)
                  00004c50    000000cc     trcKernelPort.obj (.text:vTraceInitObjectHandleStack)
                  00004d1c    000000cc     port.obj (.text:xPortStartScheduler)
                  00004de8    000000c8     trcSnapshotRecorder.obj (.text:prvTraceSetObjectState)
                  00004eb0    000000c4     ff.obj (.text:dir_next)
                  00004f74    000000c0     pcm.obj (.text:__PCM_setCoreVoltageLevelAdvanced)
                  00005034    000000c0     ff.obj (.text:get_fat)
                  000050f4    000000bc     queue.obj (.text:prvInitialiseNewQueue)
                  000051b0    000000bc     trcSnapshotRecorder.obj (.text:vTraceStoreMemMangEvent)
                  0000526c    000000b0     msp432p4xx_driverlib.lib : spi.o (.text:SPI_initMaster)
                  0000531c    000000b0     serial.obj (.text:vUART_Handler)
                  000053cc    000000b0     tasks.obj (.text:xTaskRemoveFromEventList)
                  0000547c    000000ac     mmc_MSP432P401r.obj (.text:MMC_disk_write)
                  00005528    000000a8     msp432p4xx_driverlib.lib : adc14.o (.text:ADC14_configureMultiSequenceMode)
                  000055d0    000000a8     tasks.obj (.text:vTaskRemoveFromUnorderedEventList)
                  00005678    000000a4     msp432p4xx_driverlib.lib : adc14.o (.text:ADC14_configureConversionMemory)
                  0000571c    000000a4     tasks.obj (.text:prvInitialiseNewTask)
                  000057c0    000000a4     trcSnapshotRecorder.obj (.text:prvTraceInitCortexM)
                  00005864    000000a0     itoa.obj (.text:itoa)
                  00005904    0000009e     event_groups.obj (.text:xEventGroupSetBits)
                  000059a2    0000009c     rtsv7M4_T_le_v4SPD16_eabi.lib : memcpy_t2.asm.obj (.text)
                  00005a3e    00000002     main_blinky.obj (.text:vApplicationTickHook)
                  00005a40    0000009c     trcSnapshotRecorder.obj (.text:vTraceEnable)
                  00005adc    00000098     tasks.obj (.text:vTaskDelay)
                  00005b74    00000092     ff.obj (.text:dir_sdi)
                  00005c06    00000092     ff.obj (.text:f_sync)
                  00005c98    00000090     trcSnapshotRecorder.obj (.text:prvTraceGetParam)
                  00005d28    0000008c     ff.obj (.text:sync_fs)
                  00005db4    0000008c     queue.obj (.text:xQueueGenericReset)
                  00005e40    00000088     mmc_MSP432P401r.obj (.text:MMC_disk_read)
                  00005ec8    00000088     tasks.obj (.text:prvAddCurrentTaskToDelayedList)
                  00005f50    00000088     tasks.obj (.text:xTaskCheckForTimeOut)
                  00005fd8    00000084     timers.obj (.text:prvSwitchTimerLists)
                  0000605c    00000084     tasks.obj (.text:vTaskPlaceOnEventListRestricted)
                  000060e0    00000080     heap_4.obj (.text:vPortFree)
                  00006160    0000007c     pcm.obj (.text:PCM_gotoLPM3)
                  000061dc    0000007c     msp432p4xx_driverlib.lib : rtc_c.o (.text:RTC_C_getCalendarTime)
                  00006258    0000007c     ff.obj (.text:follow_path)
                  000062d4    0000007c     trcSnapshotRecorder.obj (.text:prvTraceSetTaskInstanceFinished)
                  00006350    0000007c     tasks.obj (.text:vTaskStartScheduler)
                  000063cc    0000007a     ff.obj (.text:check_fs)
                  00006446    0000007a     rtsv7M4_T_le_v4SPD16_eabi.lib : memset_t2.asm.obj (.text)
                  000064c0    00000078     msp432p4xx_driverlib.lib : adc14.o (.text:ADC14_getMultiSequenceResult)
                  00006538    00000074     tasks.obj (.text:prvIdleTask)
                  000065ac    00000074     ff.obj (.text:remove_chain)
                  00006620    00000070     queue.obj (.text:prvCopyDataToQueue)
                  00006690    00000070     heap_4.obj (.text:prvHeapInit)
                  00006700    00000070     timers.obj (.text:prvProcessTimerOrBlockTask)
                  00006770    0000006c     queue.obj (.text:xQueueGenericCreate)
                  000067dc    0000006c     timers.obj (.text:xTimerGenericCommand)
                  00006848    0000006a     mmc_MSP432P401r.obj (.text:send_cmd)
                  000068b2    00000002     main_blinky.obj (.text:vPreSleepProcessing)
                  000068b4    00000068     system_msp432p401r.obj (.text:SystemInit)
                  0000691c    00000068     rtsv7M4_T_le_v4SPD16_eabi.lib : copy_decompress_lzss.c.obj (.text:decompress:lzss:__TI_decompress_lzss)
                  00006984    00000068     tasks.obj (.text:prvInitialiseTaskLists)
                  000069ec    00000068     port.obj (.text:vPortSetupTimerInterrupt)
                  00006a54    00000066     queue.obj (.text:prvUnlockQueue)
                  00006aba    00000002     --HOLE-- [fill = 0]
                  00006abc    00000064     dataStorage.obj (.text:initSD)
                  00006b20    00000064     watchDogTask.obj (.text:watchDogTask)
                  00006b84    00000062     tasks.obj (.text:xTaskCreate)
                  00006be6    00000002     --HOLE-- [fill = 0]
                  00006be8    00000060     heap_4.obj (.text:prvInsertBlockIntoFreeList)
                  00006c48    00000060     trcSnapshotRecorder.obj (.text:prvTraceNextFreeEventBufferSlot)
                  00006ca8    0000005c     ff.obj (.text:dir_clear)
                  00006d04    0000005c     timers.obj (.text:prvProcessExpiredTimer)
                  00006d60    0000005c     port.obj (.text:vPortValidateInterruptPriority)
                  00006dbc    00000058     main.obj (.text:prvConfigureClocks)
                  00006e14    00000058     main.obj (.text:prvSetupHardware)
                  00006e6c    00000056     ff.obj (.text:dir_find)
                  00006ec2    00000056     mmc_MSP432P401r.obj (.text:xmit_datablock)
                  00006f18    00000054     msp432p4xx_driverlib.lib : adc14.o (.text:ADC14_initModule)
                  00006f6c    00000054     tasks.obj (.text:vTaskPlaceOnUnorderedEventList)
                  00006fc0    00000052     cs.obj (.text:_CSGetDividerValue)
                  00007012    00000050     pcm.obj (.text:PCM_getCoreVoltageLevel)
                  00007062    00000002     --HOLE-- [fill = 0]
                  00007064    00000050     SPI_Driver.obj (.text:SPI_Init)
                  000070b4    00000050     cs.obj (.text:_CSGetDOCFrequency)
                  00007104    00000050     tasks.obj (.text:prvCheckTasksWaitingTermination)
                  00007154    00000050     trcSnapshotRecorder.obj (.text:prvTracePortGetTimeStamp)
                  000071a4    00000050     timers.obj (.text:xTimerCreateTimerTask)
                  000071f4    0000004c     gpio.obj (.text:GPIO_setAsPeripheralModuleFunctionInputPin)
                  00007240    0000004c     pcm.obj (.text:PCM_shutdownDevice)
                  0000728c    0000004c     sysctl.obj (.text:SysCtl_getTLVInfo)
                  000072d8    0000004c     ff.obj (.text:f_mount)
                  00007324    0000004c     timers.obj (.text:prvCheckForValidListAndQueue)
                  00007370    0000004c     tasks.obj (.text:prvGetExpectedIdleTime)
                  000073bc    0000004c     timers.obj (.text:prvInsertTimerInActiveList)
                  00007408    00000048     ff.obj (.text:dbc_2nd)
                  00007450    00000048     ff.obj (.text:dir_alloc)
                  00007498    00000048     ff.obj (.text:get_ldnumber)
                  000074e0    00000048     mmc_MSP432P401r.obj (.text:rcvr_datablock)
                  00007528    00000048     ff.obj (.text:sync_window)
                  00007570    00000048     ttcTask.obj (.text:ttcTask)
                  000075b8    00000048     queue.obj (.text:vQueueWaitForMessageRestricted)
                  00007600    00000044     rtsv7M4_T_le_v4SPD16_eabi.lib : autoinit.c.obj (.text:__TI_auto_init_nobinit_nopinit:__TI_auto_init_nobinit_nopinit)
                  00007644    00000044     dataStorage.obj (.text:getLocalTime)
                  00007688    00000044     houseKeeping.obj (.text:getTemperature)
                  000076cc    00000044     houseKeeping.obj (.text:isLowBattery)
                  00007710    00000040     msp432p4xx_driverlib.lib : spi.o (.text:is_A_Module)
                  00007750    0000003c     tasks.obj (.text:eTaskConfirmSleepModeStatus)
                  0000778c    0000003c     trcSnapshotRecorder.obj (.text:prvTraceError)
                  000077c8    0000003c     trcSnapshotRecorder.obj (.text:prvTraceUpdateCounters)
                  00007804    0000003c     port.obj (.text:vPortEnterCritical)
                  00007840    0000003a     pcm.obj (.text:PCM_getPowerMode)
                  0000787a    0000003a     ff.obj (.text:dir_register)
                  000078b4    0000003a     mmc_MSP432P401r.obj (.text:send_cmd12)
                  000078ee    0000003a     ff.obj (.text:validate)
                  00007928    00000038     rtsv7M4_T_le_v4SPD16_eabi.lib : boot_cortex_m.c.obj (.text:_c_int00_noargs:_c_int00_noargs)
                  00007960    00000038     mmc_MSP432P401r.obj (.text:send_initial_clock_train)
                  00007998    00000034     msp432p4xx_driverlib.lib : adc14.o (.text:ADC14_enableSampleTimer)
                  000079cc    00000034     ff.obj (.text:move_window)
                  00007a00    00000034     IntQueueTimer.obj (.text:vT32_0_Handler)
                  00007a34    00000034     IntQueueTimer.obj (.text:vT32_1_Handler)
                  00007a68    00000032     list.obj (.text:vListInsert)
                  00007a9a    00000002     --HOLE-- [fill = 0]
                  00007a9c    00000030     msp432p4xx_driverlib.lib : adc14.o (.text:ADC14_setSampleHoldTime)
                  00007acc    00000030     flash.obj (.text:FlashCtl_setWaitState)
                  00007afc    00000030     aodcsTask.obj (.text:aodcsTask)
                  00007b2c    00000030     cameraTask.obj (.text:cameraTask)
                  00007b5c    00000030     ff.obj (.text:dbc_1st)
                  00007b8c    00000030     pptTask.obj (.text:pptTask)
                  00007bbc    00000030     port.obj (.text:prvTaskExitError)
                  00007bec    00000030     tasks.obj (.text:vTaskPlaceOnEventList)
                  00007c1c    00000030     tasks.obj (.text:vTaskStepTick)
                  00007c4c    0000002c     msp432p4xx_driverlib.lib : adc14.o (.text:ADC14_toggleConversionTrigger)
                  00007c78    0000002c     cs.obj (.text:CS_setDCOCenteredFrequency)
                  00007ca4    0000002c     gpio.obj (.text:GPIO_setAsInputPinWithPullUpResistor)
                  00007cd0    0000002c     msp432p4xx_driverlib.lib : rtc_c.o (.text:RTC_C_holdClock)
                  00007cfc    0000002c     SPI_Driver.obj (.text:SPI_Read)
                  00007d28    0000002c     SPI_Driver.obj (.text:SPI_Write)
                  00007d54    0000002c     tasks.obj (.text:prvResetNextTaskUnblockTime)
                  00007d80    0000002c     timers.obj (.text:prvSampleTimeNow)
                  00007dac    0000002c     port.obj (.text:pxPortInitialiseStack)
                  00007dd8    0000002c     mmc_MSP432P401r.obj (.text:rcvr_spi)
                  00007e04    0000002c     port.obj (.text:vPortExitCritical)
                  00007e30    0000002c     port.obj (.text:xPortSysTickHandler)
                  00007e5c    00000028     msp432p4xx_driverlib.lib : adc14.o (.text:ADC14_enableConversion)
                  00007e84    00000028     GPIO_Driver.obj (.text:GPIO_Init)
                  00007eac    00000028     pcm.obj (.text:PCM_gotoLPM0)
                  00007ed4    00000028     queue.obj (.text:prvCopyDataFromQueue)
                  00007efc    00000028     mmc_MSP432P401r.obj (.text:xmit_spi)
                  00007f24    00000026     ff.obj (.text:ld_clust)
                  00007f4a    00000026     list.obj (.text:uxListRemove)
                  00007f70    00000024     cs.obj (.text:CS_clearInterruptFlag)
                  00007f94    00000024     main.obj (.text:main)
                  00007fb8    00000024     timers.obj (.text:prvGetNextExpireTime)
                  00007fdc    00000024     taskManager.obj (.text:queueDataCrete)
                  00008000    00000024     trcSnapshotRecorder.obj (.text:vTraceStop)
                  00008024    00000024     queue.obj (.text:xQueueIsQueueFullFromISR)
                  00008048    00000022     CS_Driver.obj (.text:CS_Init)
                  0000806a    00000022     ff.obj (.text:st_clust)
                  0000808c    00000020     gpio.obj (.text:GPIO_setAsOutputPin)
                  000080ac    00000020     msp432p4xx_driverlib.lib : ref_a.o (.text:REF_A_setReferenceVoltage)
                  000080cc    00000020     trcSnapshotRecorder.obj (.text:prvMarkObjectAsUsed)
                  000080ec    00000020     IntQueue.obj (.text:prvRecordValue_NormallyEmpty)
                  0000810c    00000020     IntQueue.obj (.text:prvRecordValue_NormallyFull)
                  0000812c    00000020     mmc_MSP432P401r.obj (.text:wait_ready)
                  0000814c    00000020     tasks.obj (.text:xTaskGetSchedulerState)
                  0000816c    0000001e     diskio.obj (.text:disk_read)
                  0000818a    0000001e     diskio.obj (.text:disk_write)
                  000081a8    0000001e     queue.obj (.text:prvIsQueueFull)
                  000081c6    0000001e     list.obj (.text:vListInitialise)
                  000081e4    0000001c     msp432p4xx_driverlib.lib : adc14.o (.text:ADC14_getResult)
                  00008200    0000001c     sysctl.obj (.text:SysCtl_setWDTTimeoutResetType)
                  0000821c    0000001c     diskio.obj (.text:disk_ioctl)
                  00008238    0000001a     queue.obj (.text:prvIsQueueEmpty)
                  00008252    0000001a     trcSnapshotRecorder.obj (.text:prvStrncpy)
                  0000826c    0000001a     trcKernelPort.obj (.text:prvTraceSetQueueNumberHigh16)
                  00008286    0000001a     trcKernelPort.obj (.text:prvTraceSetQueueNumberLow16)
                  000082a0    0000001a     trcKernelPort.obj (.text:prvTraceSetTaskNumberHigh16)
                  000082ba    0000001a     trcKernelPort.obj (.text:prvTraceSetTaskNumberLow16)
                  000082d4    0000001a     event_groups.obj (.text:xEventGroupCreate)
                  000082ee    00000002     --HOLE-- [fill = 0]
                  000082f0    00000018     cs.obj (.text:CS_getMCLK)
                  00008308    00000018     gpio.obj (.text:GPIO_getInputPinValue)
                  00008320    00000018     wdt_a.obj (.text:WDT_A_clearTimer)
                  00008338    00000018     wdt_a.obj (.text:WDT_A_holdTimer)
                  00008350    00000018     ff.obj (.text:clst2sect)
                  00008368    00000018     diskio.obj (.text:disk_initialize)
                  00008380    00000018     diskio.obj (.text:disk_status)
                  00008398    00000018     ff.obj (.text:mem_cmp)
                  000083b0    00000018     event_groups.obj (.text:prvTestWaitCondition)
                  000083c8    00000018     tasks.obj (.text:pvTaskIncrementMutexHeldCount)
                  000083e0    00000018     msp432_startup_ccs.obj (.text:resetISR)
                  000083f8    00000018     ff.obj (.text:st_dword)
                  00008410    00000018     tasks.obj (.text:uxTaskResetEventItemValue)
                  00008428    00000018     list.obj (.text:vListInsertEnd)
                  00008440    00000018     tasks.obj (.text:vTaskInternalSetTimeOutState)
                  00008458    00000016     ff.obj (.text:ld_dword)
                  0000846e    00000016     ff.obj (.text:mem_cpy)
                  00008484    00000016     queue.obj (.text:xQueueCreateMutex)
                  0000849a    00000002     --HOLE-- [fill = 0]
                  0000849c    00000014     gpio.obj (.text:GPIO_clearInterruptFlag)
                  000084b0    00000014     gpio.obj (.text:GPIO_enableInterrupt)
                  000084c4    00000014     gpio.obj (.text:GPIO_setOutputHighOnPin)
                  000084d8    00000014     gpio.obj (.text:GPIO_setOutputLowOnPin)
                  000084ec    00000014     gpio.obj (.text:GPIO_toggleOutputOnPin)
                  00008500    00000014     wdt_a.obj (.text:WDT_A_startTimer)
                  00008514    00000014     ff.obj (.text:chk_chr)
                  00008528    00000014     mmc_MSP432P401r.obj (.text:power_on)
                  0000853c    00000014     queue.obj (.text:prvGetDisinheritPriorityAfterTimeout)
                  00008550    00000014     queue.obj (.text:prvInitialiseMutex)
                  00008564    00000014     IntQueue.obj (.text:prvQueueAccessLogError)
                  00008578    00000014     timers.obj (.text:prvTimerTask)
                  0000858c    00000012     tasks.obj (.text:prvDeleteTCB)
                  0000859e    00000002     --HOLE-- [fill = 0]
                  000085a0    00000010     msp432p4xx_driverlib.lib : adc14.o (.text:ADCIsConversionRunning)
                  000085b0    00000010     fpu.obj (.text:FPU_enableModule)
                  000085c0    00000010     GPIO_Driver.obj (.text:GPIO_High)
                  000085d0    00000010     GPIO_Driver.obj (.text:GPIO_Low)
                  000085e0    00000010     interrupt.obj (.text:Interrupt_enableMaster)
                  000085f0    00000010     pcm.obj (.text:PCM_gotoLPM4)
                  00008600    00000010     ff.obj (.text:mem_set)
                  00008610    00000010     aodcsTask.obj (.text:setWatchDogBit_AODCS)
                  00008620    00000010     cameraTask.obj (.text:setWatchDogBit_CAMERA)
                  00008630    00000010     dataStorage.obj (.text:setWatchDogBit_DATASTORAGE)
                  00008640    00000010     houseKeeping.obj (.text:setWatchDogBit_HOUSEKEEPING)
                  00008650    00000010     pptTask.obj (.text:setWatchDogBit_PPT)
                  00008660    00000010     ttcTask.obj (.text:setWatchDogBit_TTC)
                  00008670    00000010     main.obj (.text:vApplicationMallocFailedHook)
                  00008680    00000010     main.obj (.text:vApplicationStackOverflowHook)
                  00008690    00000010     tasks.obj (.text:vTaskSuspendAll)
                  000086a0    00000010     taskManager.obj (.text:watchDogEventGroupCreate)
                  000086b0    0000000e     rtsv7M4_T_le_v4SPD16_eabi.lib : copy_decompress_none.c.obj (.text:decompress:none:__TI_decompress_none)
                  000086be    0000000e     ff.obj (.text:st_word)
                  000086cc    0000000c     msp432p4xx_driverlib.lib : adc14.o (.text:ADC14_enableModule)
                  000086d8    0000000c     cpu.obj (.text:CPU_cpsie)
                  000086e4    0000000c     mmc_MSP432P401r.obj (.text:MMC_disk_status)
                  000086f0    0000000c     pcm.obj (.text:PCM_getPowerState)
                  000086fc    0000000c     msp432p4xx_driverlib.lib : ref_a.o (.text:REF_A_enableReferenceVoltage)
                  00008708    0000000c                              : ref_a.o (.text:REF_A_enableTempSensor)
                  00008714    0000000c     sysctl.obj (.text:SysCtl_getTempCalibrationConstant)
                  00008720    0000000c     mmc_MSP432P401r.obj (.text:chk_power)
                  0000872c    0000000c     rtsv7M4_T_le_v4SPD16_eabi.lib : copy_zero_init.c.obj (.text:decompress:ZI:__TI_zero_init)
                  00008738    0000000c     ff.obj (.text:ld_word)
                  00008744    0000000c     mmc_MSP432P401r.obj (.text:power_off)
                  00008750    0000000c     trcKernelPort.obj (.text:prvTraceGetQueueNumberHigh16)
                  0000875c    0000000c     trcKernelPort.obj (.text:prvTraceGetTaskNumberHigh16)
                  00008768    0000000c     mmc_MSP432P401r.obj (.text:rcvr_spi_m)
                  00008774    0000000c     tasks.obj (.text:vTaskMissedYield)
                  00008780    0000000c     tasks.obj (.text:xTaskGetCurrentTaskHandle)
                  0000878c    0000000c     tasks.obj (.text:xTaskGetTickCount)
                  00008798    0000000a     trcKernelPort.obj (.text:prvTraceGetQueueNumberLow16)
                  000087a2    0000000a     trcKernelPort.obj (.text:prvTraceGetTaskNumberLow16)
                  000087ac    0000000a     tasks.obj (.text:uxTaskGetTaskNumber)
                  000087b6    00000008     pcm.obj (.text:PCM_setCoreVoltageLevel)
                  000087be    00000008     pcm.obj (.text:PCM_setPowerMode)
                  000087c6    00000008     pcm.obj (.text:PCM_setPowerState)
                  000087ce    00000006     queue.obj (.text:ucQueueGetQueueType)
                  000087d4    00000006     list.obj (.text:vListInitialiseItem)
                  000087da    00000006     tasks.obj (.text:vTaskSetTaskNumber)
                  000087e0    00000004     cpu.obj (.text:CPU_wfi)
                  000087e4    00000004     rtsv7M4_T_le_v4SPD16_eabi.lib : pre_init.c.obj (.text:_system_pre_init)
                  000087e8    00000004                                   : exit.c.obj (.text:abort:abort)
                  000087ec    00000004     mmc_MSP432P401r.obj (.text:get_fattime)
                  000087f0    00000004     queue.obj (.text:uxQueueGetQueueNumber)
                  000087f4    00000004     queue.obj (.text:vQueueSetQueueNumber)
                  000087f8    00000004     trcSnapshotRecorder.obj (.text:vTraceStart)

.const     0    000087fc    00000098     
                  000087fc    00000080     msp432p4xx_driverlib.lib : adc14.o (.const:_ctlRegs)
                  0000887c    0000000a     ff.obj (.const:.string:DbcTbl)
                  00008886    00000002     --HOLE-- [fill = 0]
                  00008888    00000008     port.obj (.const)
                  00008890    00000004     serial.obj (.const)

.cinit     0    00008898    00000090     
                  00008898    00000067     (.cinit..data.load) [load image, compression = lzss]
                  000088ff    00000001     --HOLE-- [fill = 0]
                  00008900    0000000c     (__TI_handler_table)
                  0000890c    00000004     --HOLE-- [fill = 0]
                  00008910    00000008     (.cinit..bss.load) [load image, compression = zero_init]
                  00008918    00000010     (__TI_cinit_table)

.init_array 
*          0    00000000    00000000     UNINITIALIZED

.binit     0    00000000    00000000     

.bss       0    20000000    0000e810     UNINITIALIZED
                  20000000    0000c800     heap_4.obj (.bss:ucHeap)
                  2000c800    00001918     (.common:RecorderData)
                  2000e118    00000230     (.common:sdDriver)
                  2000e348    00000228     (.common:file)
                  2000e570    00000106     (.common:obcData)
                  2000e676    00000002     ff.obj (.bss)
                  2000e678    00000064     tasks.obj (.bss:pxReadyTasksLists)
                  2000e6dc    0000003f     (.common:imuData)
                  2000e71b    00000001     (.common:fResult)
                  2000e71c    00000014     timers.obj (.bss:xActiveTimerList1)
                  2000e730    00000014     timers.obj (.bss:xActiveTimerList2)
                  2000e744    00000014     tasks.obj (.bss:xDelayedTaskList1)
                  2000e758    00000014     tasks.obj (.bss:xDelayedTaskList2)
                  2000e76c    00000014     tasks.obj (.bss:xPendingReadyList)
                  2000e780    00000014     tasks.obj (.bss:xSuspendedTaskList)
                  2000e794    00000014     tasks.obj (.bss:xTasksWaitingTermination)
                  2000e7a8    0000000c     houseKeeping.obj (.bss:resultsBuffer)
                  2000e7b4    00000009     mmc_MSP432P401r.obj (.bss)
                  2000e7bd    00000003     --HOLE--
                  2000e7c0    00000008     IntQueue.obj (.bss)
                  2000e7c8    00000008     cs.obj (.bss)
                  2000e7d0    00000008     tasks.obj (.bss)
                  2000e7d8    00000008     timers.obj (.bss)
                  2000e7e0    00000008     heap_4.obj (.bss:xStart)
                  2000e7e8    00000006     (.common:localTime)
                  2000e7ee    00000002     --HOLE--
                  2000e7f0    00000004     ff.obj (.bss:FatFs)
                  2000e7f4    00000004     (.common:WATCHDOG_EVENT_GROUP)
                  2000e7f8    00000004     (.common:bw)
                  2000e7fc    00000004     (.common:cal30)
                  2000e800    00000004     (.common:cal85)
                  2000e804    00000004     (.common:calDifference)
                  2000e808    00000004     (.common:flag_lowBattery)
                  2000e80c    00000004     (.common:init_hwtc_count)

.data      0    2000e810    00000371     UNINITIALIZED
                  2000e810    000000c8     IntQueue.obj (.data:ucNormallyEmptyReceivedValues)
                  2000e8d8    000000c8     IntQueue.obj (.data:ucNormallyFullReceivedValues)
                  2000e9a0    0000008e     trcSnapshotRecorder.obj (.data:objectHandleStacks)
                  2000ea2e    00000002     mmc_MSP432P401r.obj (.data)
                  2000ea30    00000044     trcSnapshotRecorder.obj (.data)
                  2000ea74    0000003c     IntQueue.obj (.data)
                  2000eab0    00000034     tasks.obj (.data)
                  2000eae4    00000030     gpio.obj (.data:GPIO_PORT_TO_BASE)
                  2000eb14    0000001c     dataStorage.obj (.data:SPI0MasterConfig)
                  2000eb30    00000018     port.obj (.data)
                  2000eb48    00000010     heap_4.obj (.data)
                  2000eb58    00000010     serial.obj (.data)
                  2000eb68    0000000c     timers.obj (.data)
                  2000eb74    00000008     taskManager.obj (.data)
                  2000eb7c    00000005     trcKernelPort.obj (.data:TraceQueueClassTable)

.stack     0    2000fce0    00000320     UNINITIALIZED
                  2000fce0    00000004     rtsv7M4_T_le_v4SPD16_eabi.lib : boot_cortex_m.c.obj (.stack)
                  2000fce4    0000031c     --HOLE--

MODULE SUMMARY

       Module                       code    ro data   rw data
       ------                       ----    -------   -------
    .\
       main.obj                     246     0         540    
    +--+----------------------------+-------+---------+---------+
       Total:                       246     0         540    
                                                             
    .\FreeRTOS_Source\
       tasks.obj                    4660    0         520    
       queue.obj                    3826    0         0      
       timers.obj                   1004    0         120    
       event_groups.obj             480     0         0      
       list.obj                     148     0         0      
    +--+----------------------------+-------+---------+---------+
       Total:                       10118   0         640    
                                                             
    .\FreeRTOS_Source\portable\CCS\ARM_CM4F\
       port.obj                     940     8         48     
       portasm.obj                  218     0         0      
    +--+----------------------------+-------+---------+---------+
       Total:                       1158    8         48     
                                                             
    .\FreeRTOS_Source\portable\MemMang\
       heap_4.obj                   628     0         102448 
    +--+----------------------------+-------+---------+---------+
       Total:                       628     0         102448 
                                                             
    .\Full_Demo\
       serial.obj                   176     4         32     
       IntQueueTimer.obj            104     0         0      
    +--+----------------------------+-------+---------+---------+
       Total:                       280     4         32     
                                                             
    .\Full_Demo\Standard_Demo_Tasks\
       IntQueue.obj                 832     0         936    
    +--+----------------------------+-------+---------+---------+
       Total:                       832     0         936    
                                                             
    .\SimplyBlinkyDemo\
       main_blinky.obj              4       0         0      
    +--+----------------------------+-------+---------+---------+
       Total:                       4       0         0      
                                                             
    .\Tracealyzer\
       trcSnapshotRecorder.obj      5810    0         13276  
       trcKernelPort.obj            1458    0         10     
    +--+----------------------------+-------+---------+---------+
       Total:                       7268    0         13286  
                                                             
    .\driverlib\
       pcm.obj                      1370    0         0      
       cs.obj                       1058    0         16     
       gpio.obj                     276     0         96     
       sysctl.obj                   116     0         0      
       wdt_a.obj                    68      0         0      
       flash.obj                    48      0         0      
       cpu.obj                      16      0         0      
       fpu.obj                      16      0         0      
       interrupt.obj                16      0         0      
    +--+----------------------------+-------+---------+---------+
       Total:                       2984    0         112    
                                                             
    .\src\
       dataStorage.obj              640     0         2428   
       houseKeeping.obj             728     0         32     
       taskManager.obj              316     0         16     
       watchDogTask.obj             100     0         0      
       ttcTask.obj                  88      0         0      
       aodcsTask.obj                64      0         0      
       cameraTask.obj               64      0         0      
       pptTask.obj                  64      0         0      
       sensorTask.obj               0       0         16     
    +--+----------------------------+-------+---------+---------+
       Total:                       2064    0         2492   
                                                             
    .\system\CCS\
       msp432_startup_ccs.obj       30      324       0      
       system_msp432p401r.obj       104     0         0      
    +--+----------------------------+-------+---------+---------+
       Total:                       134     324       0      
                                                             
    .\util\
       itoa.obj                     160     0         0      
    +--+----------------------------+-------+---------+---------+
       Total:                       160     0         0      
                                                             
    .\util\Hardware\
       SPI_Driver.obj               168     0         0      
       GPIO_Driver.obj              72      0         0      
       CS_Driver.obj                34      0         0      
    +--+----------------------------+-------+---------+---------+
       Total:                       274     0         0      
                                                             
    .\util\fatfs\
       ff.obj                       4477    10        12     
       mmc_MSP432P401r.obj          1578    0         22     
       diskio.obj                   136     0         0      
    +--+----------------------------+-------+---------+---------+
       Total:                       6191    10        34     
                                                             
    C:/ti/simplelink_msp432p4_sdk_2_40_00_10/source/ti/devices/msp432p4xx/driverlib/ccs/msp432p4xx_driverlib.lib
       adc14.o                      1128    128       0      
       spi.o                        240     0         0      
       rtc_c.o                      168     0         0      
       ref_a.o                      56      0         0      
    +--+----------------------------+-------+---------+---------+
       Total:                       1592    128       0      
                                                             
    C:\ti\ccsv8\tools\compiler\ti-cgt-arm_18.1.1.LTS\lib\rtsv7M4_T_le_v4SPD16_eabi.lib
       memcpy_t2.asm.obj            156     0         0      
       memset_t2.asm.obj            122     0         0      
       copy_decompress_lzss.c.obj   104     0         0      
       autoinit.c.obj               68      0         0      
       boot_cortex_m.c.obj          56      0         0      
       copy_decompress_none.c.obj   14      0         0      
       copy_zero_init.c.obj         12      0         0      
       exit.c.obj                   4       0         0      
       pre_init.c.obj               4       0         0      
    +--+----------------------------+-------+---------+---------+
       Total:                       540     0         0      
                                                             
       Stack:                       0       0         1600   
       Linker Generated:            0       139       0      
    +--+----------------------------+-------+---------+---------+
       Grand Total:                 34473   613       122168 


LINKER GENERATED COPY TABLES

__TI_cinit_table @ 00008918 records: 2, size/record: 8, table size: 16
	.data: load addr=00008898, load size=00000067 bytes, run addr=2000e810, run size=00000371 bytes, compression=lzss
	.bss: load addr=00008910, load size=00000008 bytes, run addr=20000000, run size=0000e810 bytes, compression=zero_init


LINKER GENERATED HANDLER TABLE

__TI_handler_table @ 00008900 records: 3, size/record: 4, table size: 12
	index: 0, handler: __TI_decompress_lzss
	index: 1, handler: __TI_decompress_none
	index: 2, handler: __TI_zero_init


GLOBAL SYMBOLS: SORTED ALPHABETICALLY BY Name 

address   name                                       
-------   ----                                       
00005679  ADC14_configureConversionMemory            
00005529  ADC14_configureMultiSequenceMode           
00007e5d  ADC14_enableConversion                     
000086cd  ADC14_enableModule                         
00007999  ADC14_enableSampleTimer                    
000064c1  ADC14_getMultiSequenceResult               
000081e5  ADC14_getResult                            
00006f19  ADC14_initModule                           
00007a9d  ADC14_setSampleHoldTime                    
00007c4d  ADC14_toggleConversionTrigger              
000087e9  C$$EXIT                                    
000086d9  CPU_cpsie                                  
000087e1  CPU_wfi                                    
00008049  CS_Init                                    
00007f71  CS_clearInterruptFlag                      
00002ca5  CS_getDCOFrequency                         
000082f1  CS_getMCLK                                 
00003c25  CS_initClockSignal                         
00007c79  CS_setDCOCenteredFrequency                 
2000ea5a  CurrentFilterGroup                         
2000ea58  CurrentFilterMask                          
000085b1  FPU_enableModule                           
00007acd  FlashCtl_setWaitState                      
000085c1  GPIO_High                                  
00007e85  GPIO_Init                                  
000085d1  GPIO_Low                                   
0000849d  GPIO_clearInterruptFlag                    
000084b1  GPIO_enableInterrupt                       
00008309  GPIO_getInputPinValue                      
00007ca5  GPIO_setAsInputPinWithPullUpResistor       
0000808d  GPIO_setAsOutputPin                        
000071f5  GPIO_setAsPeripheralModuleFunctionInputPin 
000084c5  GPIO_setOutputHighOnPin                    
000084d9  GPIO_setOutputLowOnPin                     
000084ed  GPIO_toggleOutputOnPin                     
000085e1  Interrupt_enableMaster                     
00002669  MMC_disk_initialize                        
00001dd1  MMC_disk_ioctl                             
00005e41  MMC_disk_read                              
000086e5  MMC_disk_status                            
0000547d  MMC_disk_write                             
00007013  PCM_getCoreVoltageLevel                    
00007841  PCM_getPowerMode                           
000086f1  PCM_getPowerState                          
00007ead  PCM_gotoLPM0                               
00006161  PCM_gotoLPM3                               
000085f1  PCM_gotoLPM4                               
000087b7  PCM_setCoreVoltageLevel                    
000087bf  PCM_setPowerMode                           
000087c7  PCM_setPowerState                          
00007241  PCM_shutdownDevice                         
000086fd  REF_A_enableReferenceVoltage               
00008709  REF_A_enableTempSensor                     
000080ad  REF_A_setReferenceVoltage                  
000061dd  RTC_C_getCalendarTime                      
00007cd1  RTC_C_holdClock                            
2000c800  RecorderData                               
2000ea60  RecorderDataPtr                            
2000eb14  SPI0MasterConfig                           
00007065  SPI_Init                                   
00007cfd  SPI_Read                                   
00007d29  SPI_Write                                  
0000526d  SPI_initMaster                             
0000728d  SysCtl_getTLVInfo                          
00008715  SysCtl_getTempCalibrationConstant          
00008201  SysCtl_setWDTTimeoutResetType              
000068b5  SystemInit                                 
2000eb7c  TraceQueueClassTable                       
2000e7f4  WATCHDOG_EVENT_GROUP                       
4000480c  WDTCTL_SYM                                 
00008321  WDT_A_clearTimer                           
00008339  WDT_A_holdTimer                            
00008201  WDT_A_setTimeoutReset                      
00008501  WDT_A_startTimer                           
20010000  __STACK_END                                
00000320  __STACK_SIZE                               
00008918  __TI_CINIT_Base                            
00008928  __TI_CINIT_Limit                           
00008900  __TI_Handler_Table_Base                    
0000890c  __TI_Handler_Table_Limit                   
00007601  __TI_auto_init_nobinit_nopinit             
0000691d  __TI_decompress_lzss                       
000086b1  __TI_decompress_none                       
ffffffff  __TI_pprof_out_hndl                        
ffffffff  __TI_prof_data_size                        
ffffffff  __TI_prof_data_start                       
00000000  __TI_static_base__                         
0000872d  __TI_zero_init                             
00006447  __aeabi_memclr                             
00006447  __aeabi_memclr4                            
00006447  __aeabi_memclr8                            
000059a3  __aeabi_memcpy                             
000059a3  __aeabi_memcpy4                            
000059a3  __aeabi_memcpy8                            
00006449  __aeabi_memset                             
00006449  __aeabi_memset4                            
00006449  __aeabi_memset8                            
ffffffff  __binit__                                  
ffffffff  __c_args__                                 
UNDEFED   __mpu_init                                 
2000fce0  __stack                                    
00007929  _c_int00_noargs                            
UNDEFED   _system_post_cinit                         
000087e5  _system_pre_init                           
000087e9  abort                                      
00004671  adcInit                                    
00007afd  aodcsTask                                  
ffffffff  binit                                      
2000e7f8  bw                                         
2000e7fc  cal30                                      
2000e800  cal85                                      
2000e804  calDifference                              
00007b2d  cameraTask                                 
000011cd  dataStorage                                
00008369  disk_initialize                            
0000821d  disk_ioctl                                 
0000816d  disk_read                                  
00008381  disk_status                                
0000818b  disk_write                                 
00007751  eTaskConfirmSleepModeStatus                
2000e71b  fResult                                    
000072d9  f_mount                                    
00001715  f_open                                     
00005c07  f_sync                                     
000018cf  f_write                                    
2000e348  file                                       
2000e808  flag_lowBattery                            
00007645  getLocalTime                               
00007689  getTemperature                             
000087ed  get_fattime                                
2000ea51  handle_of_last_logged_task                 
00002509  houseKeeping                               
2000e6dc  imuData                                    
00006abd  initSD                                     
2000e80c  init_hwtc_count                            
00000000  interruptVectors                           
000076cd  isLowBattery                               
2000ea30  isPendingContextSwitch                     
00005865  itoa                                       
2000e7e8  localTime                                  
00007f95  main                                       
000059a3  memcpy                                     
0000644f  memset                                     
2000ea50  nISRactive                                 
2000e570  obcData                                    
2000e9a0  objectHandleStacks                         
00007b8d  pptTask                                    
000080cd  prvMarkObjectAsUsed                        
0000778d  prvTraceError                              
00008781  prvTraceGetCurrentTaskHandle               
000027b1  prvTraceGetObjectHandle                    
00004909  prvTraceGetPriorityProperty                
000087f1  prvTraceGetQueueNumber                     
00008751  prvTraceGetQueueNumberHigh16               
00008799  prvTraceGetQueueNumberLow16                
000087cf  prvTraceGetQueueType                       
0000875d  prvTraceGetTaskNumberHigh16                
000087a3  prvTraceGetTaskNumberLow16                 
000057c1  prvTraceInitCortexM                        
00007155  prvTracePortGetTimeStamp                   
00003d29  prvTraceSetObjectName                      
00004de9  prvTraceSetObjectState                     
000049e1  prvTraceSetPriorityProperty                
0000826d  prvTraceSetQueueNumberHigh16               
00008287  prvTraceSetQueueNumberLow16                
000062d5  prvTraceSetTaskInstanceFinished            
000082a1  prvTraceSetTaskNumberHigh16                
000082bb  prvTraceSetTaskNumberLow16                 
00001c39  prvTraceStoreKernelCall                    
000036e5  prvTraceStoreKernelCallWithNumericParamOnly
00001395  prvTraceStoreKernelCallWithParam           
000041f9  prvTraceStoreTaskReady                     
000043c9  prvTraceStoreTaskswitch                    
00000145  pszTraceGetErrorNotEnoughHandles           
00003159  pvPortMalloc                               
000083c9  pvTaskIncrementMutexHeldCount              
2000eab0  pxCurrentTCB                               
00007dad  pxPortInitialiseStack                      
00007fdd  queueDataCrete                             
2000ea44  recorder_busy                              
2000e118  sdDriver                                   
2000eb78  semaphoreIMU                               
00008611  setWatchDogBit_AODCS                       
00008621  setWatchDogBit_CAMERA                      
00008631  setWatchDogBit_DATASTORAGE                 
00008641  setWatchDogBit_HOUSEKEEPING                
00008651  setWatchDogBit_PPT                         
00008661  setWatchDogBit_TTC                         
00003b1d  taskCreate                                 
2000ea48  timestampFrequency                         
2000ea4c  traceErrorMessage                          
2000ea3c  trace_disable_timestamp                    
00007571  ttcTask                                    
000087cf  ucQueueGetQueueType                        
00003031  uiIndexOfObject                            
00004751  uiTraceStart                               
2000ea38  uiTraceTickCount                           
00008888  ulMaxSyscallInterruptPriority              
0000483d  ulPortGetIPSR                              
00007f4b  uxListRemove                               
000087f1  uxQueueGetQueueNumber                      
000087ad  uxTaskGetTaskNumber                        
00008411  uxTaskResetEventItemValue                  
00004907  vApplicationIdleHook                       
00008671  vApplicationMallocFailedHook               
00008681  vApplicationStackOverflowHook              
00005a3f  vApplicationTickHook                       
000081c7  vListInitialise                            
000087d5  vListInitialiseItem                        
00007a69  vListInsert                                
00008429  vListInsertEnd                             
000048f9  vPortEnableVFP                             
00007805  vPortEnterCritical                         
00007e05  vPortExitCritical                          
000060e1  vPortFree                                  
000048b5  vPortSVCHandler                            
000069ed  vPortSetupTimerInterrupt                   
000048d5  vPortStartFirstTask                        
00002dd9  vPortSuppressTicksAndSleep                 
00006d61  vPortValidateInterruptPriority             
000068b3  vPreSleepProcessing                        
000087f5  vQueueSetQueueNumber                       
000075b9  vQueueWaitForMessageRestricted             
00007a01  vT32_0_Handler                             
00007a35  vT32_1_Handler                             
00005add  vTaskDelay                                 
00004019  vTaskDelayUntil                            
00008441  vTaskInternalSetTimeOutState               
00008775  vTaskMissedYield                           
00003905  vTaskNotifyGiveFromISR                     
00007bed  vTaskPlaceOnEventList                      
0000605d  vTaskPlaceOnEventListRestricted            
00006f6d  vTaskPlaceOnUnorderedEventList             
0000327d  vTaskPriorityDisinheritAfterTimeout        
000055d1  vTaskRemoveFromUnorderedEventList          
000087db  vTaskSetTaskNumber                         
00006351  vTaskStartScheduler                        
00007c1d  vTaskStepTick                              
00008691  vTaskSuspendAll                            
00004ab5  vTaskSwitchContext                         
00005a41  vTraceEnable                               
00004c51  vTraceInitObjectHandleStack                
000034b9  vTraceInitObjectPropertyTable              
000087f9  vTraceStart                                
00008001  vTraceStop                                 
2000ea54  vTraceStopHookPtr                          
000051b1  vTraceStoreMemMangEvent                    
0000531d  vUART_Handler                              
000086a1  watchDogEventGroupCreate                   
00006b21  watchDogTask                               
000082d5  xEventGroupCreate                          
00005905  xEventGroupSetBits                         
000037f5  xEventGroupWaitBits                        
00002f05  xFirstTimerHandler                         
00004855  xPortPendSVHandler                         
00004d1d  xPortStartScheduler                        
00007e31  xPortSysTickHandler                        
00008485  xQueueCreateMutex                          
00006771  xQueueGenericCreate                        
00005db5  xQueueGenericReset                         
00000789  xQueueGenericSend                          
00002239  xQueueGenericSendFromISR                   
2000eb74  xQueueIMU                                  
00008025  xQueueIsQueueFullFromISR                   
00000a61  xQueueReceive                              
00002a31  xQueueReceiveFromISR                       
00000481  xQueueSemaphoreTake                        
00001555  xSecondTimerHandler                        
00005f51  xTaskCheckForTimeOut                       
00006b85  xTaskCreate                                
00008781  xTaskGetCurrentTaskHandle                  
0000814d  xTaskGetSchedulerState                     
0000878d  xTaskGetTickCount                          
000020c1  xTaskIncrementTick                         
000035d1  xTaskPriorityDisinherit                    
00003a11  xTaskPriorityInherit                       
000053cd  xTaskRemoveFromEventList                   
0000339d  xTaskResumeAll                             
000071a5  xTimerCreateTimerTask                      
000067dd  xTimerGenericCommand                       


GLOBAL SYMBOLS: SORTED BY Symbol Address 

address   name                                       
-------   ----                                       
00000000  __TI_static_base__                         
00000000  interruptVectors                           
00000145  pszTraceGetErrorNotEnoughHandles           
00000320  __STACK_SIZE                               
00000481  xQueueSemaphoreTake                        
00000789  xQueueGenericSend                          
00000a61  xQueueReceive                              
000011cd  dataStorage                                
00001395  prvTraceStoreKernelCallWithParam           
00001555  xSecondTimerHandler                        
00001715  f_open                                     
000018cf  f_write                                    
00001c39  prvTraceStoreKernelCall                    
00001dd1  MMC_disk_ioctl                             
000020c1  xTaskIncrementTick                         
00002239  xQueueGenericSendFromISR                   
00002509  houseKeeping                               
00002669  MMC_disk_initialize                        
000027b1  prvTraceGetObjectHandle                    
00002a31  xQueueReceiveFromISR                       
00002ca5  CS_getDCOFrequency                         
00002dd9  vPortSuppressTicksAndSleep                 
00002f05  xFirstTimerHandler                         
00003031  uiIndexOfObject                            
00003159  pvPortMalloc                               
0000327d  vTaskPriorityDisinheritAfterTimeout        
0000339d  xTaskResumeAll                             
000034b9  vTraceInitObjectPropertyTable              
000035d1  xTaskPriorityDisinherit                    
000036e5  prvTraceStoreKernelCallWithNumericParamOnly
000037f5  xEventGroupWaitBits                        
00003905  vTaskNotifyGiveFromISR                     
00003a11  xTaskPriorityInherit                       
00003b1d  taskCreate                                 
00003c25  CS_initClockSignal                         
00003d29  prvTraceSetObjectName                      
00004019  vTaskDelayUntil                            
000041f9  prvTraceStoreTaskReady                     
000043c9  prvTraceStoreTaskswitch                    
00004671  adcInit                                    
00004751  uiTraceStart                               
0000483d  ulPortGetIPSR                              
00004855  xPortPendSVHandler                         
000048b5  vPortSVCHandler                            
000048d5  vPortStartFirstTask                        
000048f9  vPortEnableVFP                             
00004907  vApplicationIdleHook                       
00004909  prvTraceGetPriorityProperty                
000049e1  prvTraceSetPriorityProperty                
00004ab5  vTaskSwitchContext                         
00004c51  vTraceInitObjectHandleStack                
00004d1d  xPortStartScheduler                        
00004de9  prvTraceSetObjectState                     
000051b1  vTraceStoreMemMangEvent                    
0000526d  SPI_initMaster                             
0000531d  vUART_Handler                              
000053cd  xTaskRemoveFromEventList                   
0000547d  MMC_disk_write                             
00005529  ADC14_configureMultiSequenceMode           
000055d1  vTaskRemoveFromUnorderedEventList          
00005679  ADC14_configureConversionMemory            
000057c1  prvTraceInitCortexM                        
00005865  itoa                                       
00005905  xEventGroupSetBits                         
000059a3  __aeabi_memcpy                             
000059a3  __aeabi_memcpy4                            
000059a3  __aeabi_memcpy8                            
000059a3  memcpy                                     
00005a3f  vApplicationTickHook                       
00005a41  vTraceEnable                               
00005add  vTaskDelay                                 
00005c07  f_sync                                     
00005db5  xQueueGenericReset                         
00005e41  MMC_disk_read                              
00005f51  xTaskCheckForTimeOut                       
0000605d  vTaskPlaceOnEventListRestricted            
000060e1  vPortFree                                  
00006161  PCM_gotoLPM3                               
000061dd  RTC_C_getCalendarTime                      
000062d5  prvTraceSetTaskInstanceFinished            
00006351  vTaskStartScheduler                        
00006447  __aeabi_memclr                             
00006447  __aeabi_memclr4                            
00006447  __aeabi_memclr8                            
00006449  __aeabi_memset                             
00006449  __aeabi_memset4                            
00006449  __aeabi_memset8                            
0000644f  memset                                     
000064c1  ADC14_getMultiSequenceResult               
00006771  xQueueGenericCreate                        
000067dd  xTimerGenericCommand                       
000068b3  vPreSleepProcessing                        
000068b5  SystemInit                                 
0000691d  __TI_decompress_lzss                       
000069ed  vPortSetupTimerInterrupt                   
00006abd  initSD                                     
00006b21  watchDogTask                               
00006b85  xTaskCreate                                
00006d61  vPortValidateInterruptPriority             
00006f19  ADC14_initModule                           
00006f6d  vTaskPlaceOnUnorderedEventList             
00007013  PCM_getCoreVoltageLevel                    
00007065  SPI_Init                                   
00007155  prvTracePortGetTimeStamp                   
000071a5  xTimerCreateTimerTask                      
000071f5  GPIO_setAsPeripheralModuleFunctionInputPin 
00007241  PCM_shutdownDevice                         
0000728d  SysCtl_getTLVInfo                          
000072d9  f_mount                                    
00007571  ttcTask                                    
000075b9  vQueueWaitForMessageRestricted             
00007601  __TI_auto_init_nobinit_nopinit             
00007645  getLocalTime                               
00007689  getTemperature                             
000076cd  isLowBattery                               
00007751  eTaskConfirmSleepModeStatus                
0000778d  prvTraceError                              
00007805  vPortEnterCritical                         
00007841  PCM_getPowerMode                           
00007929  _c_int00_noargs                            
00007999  ADC14_enableSampleTimer                    
00007a01  vT32_0_Handler                             
00007a35  vT32_1_Handler                             
00007a69  vListInsert                                
00007a9d  ADC14_setSampleHoldTime                    
00007acd  FlashCtl_setWaitState                      
00007afd  aodcsTask                                  
00007b2d  cameraTask                                 
00007b8d  pptTask                                    
00007bed  vTaskPlaceOnEventList                      
00007c1d  vTaskStepTick                              
00007c4d  ADC14_toggleConversionTrigger              
00007c79  CS_setDCOCenteredFrequency                 
00007ca5  GPIO_setAsInputPinWithPullUpResistor       
00007cd1  RTC_C_holdClock                            
00007cfd  SPI_Read                                   
00007d29  SPI_Write                                  
00007dad  pxPortInitialiseStack                      
00007e05  vPortExitCritical                          
00007e31  xPortSysTickHandler                        
00007e5d  ADC14_enableConversion                     
00007e85  GPIO_Init                                  
00007ead  PCM_gotoLPM0                               
00007f4b  uxListRemove                               
00007f71  CS_clearInterruptFlag                      
00007f95  main                                       
00007fdd  queueDataCrete                             
00008001  vTraceStop                                 
00008025  xQueueIsQueueFullFromISR                   
00008049  CS_Init                                    
0000808d  GPIO_setAsOutputPin                        
000080ad  REF_A_setReferenceVoltage                  
000080cd  prvMarkObjectAsUsed                        
0000814d  xTaskGetSchedulerState                     
0000816d  disk_read                                  
0000818b  disk_write                                 
000081c7  vListInitialise                            
000081e5  ADC14_getResult                            
00008201  SysCtl_setWDTTimeoutResetType              
00008201  WDT_A_setTimeoutReset                      
0000821d  disk_ioctl                                 
0000826d  prvTraceSetQueueNumberHigh16               
00008287  prvTraceSetQueueNumberLow16                
000082a1  prvTraceSetTaskNumberHigh16                
000082bb  prvTraceSetTaskNumberLow16                 
000082d5  xEventGroupCreate                          
000082f1  CS_getMCLK                                 
00008309  GPIO_getInputPinValue                      
00008321  WDT_A_clearTimer                           
00008339  WDT_A_holdTimer                            
00008369  disk_initialize                            
00008381  disk_status                                
000083c9  pvTaskIncrementMutexHeldCount              
00008411  uxTaskResetEventItemValue                  
00008429  vListInsertEnd                             
00008441  vTaskInternalSetTimeOutState               
00008485  xQueueCreateMutex                          
0000849d  GPIO_clearInterruptFlag                    
000084b1  GPIO_enableInterrupt                       
000084c5  GPIO_setOutputHighOnPin                    
000084d9  GPIO_setOutputLowOnPin                     
000084ed  GPIO_toggleOutputOnPin                     
00008501  WDT_A_startTimer                           
000085b1  FPU_enableModule                           
000085c1  GPIO_High                                  
000085d1  GPIO_Low                                   
000085e1  Interrupt_enableMaster                     
000085f1  PCM_gotoLPM4                               
00008611  setWatchDogBit_AODCS                       
00008621  setWatchDogBit_CAMERA                      
00008631  setWatchDogBit_DATASTORAGE                 
00008641  setWatchDogBit_HOUSEKEEPING                
00008651  setWatchDogBit_PPT                         
00008661  setWatchDogBit_TTC                         
00008671  vApplicationMallocFailedHook               
00008681  vApplicationStackOverflowHook              
00008691  vTaskSuspendAll                            
000086a1  watchDogEventGroupCreate                   
000086b1  __TI_decompress_none                       
000086cd  ADC14_enableModule                         
000086d9  CPU_cpsie                                  
000086e5  MMC_disk_status                            
000086f1  PCM_getPowerState                          
000086fd  REF_A_enableReferenceVoltage               
00008709  REF_A_enableTempSensor                     
00008715  SysCtl_getTempCalibrationConstant          
0000872d  __TI_zero_init                             
00008751  prvTraceGetQueueNumberHigh16               
0000875d  prvTraceGetTaskNumberHigh16                
00008775  vTaskMissedYield                           
00008781  prvTraceGetCurrentTaskHandle               
00008781  xTaskGetCurrentTaskHandle                  
0000878d  xTaskGetTickCount                          
00008799  prvTraceGetQueueNumberLow16                
000087a3  prvTraceGetTaskNumberLow16                 
000087ad  uxTaskGetTaskNumber                        
000087b7  PCM_setCoreVoltageLevel                    
000087bf  PCM_setPowerMode                           
000087c7  PCM_setPowerState                          
000087cf  prvTraceGetQueueType                       
000087cf  ucQueueGetQueueType                        
000087d5  vListInitialiseItem                        
000087db  vTaskSetTaskNumber                         
000087e1  CPU_wfi                                    
000087e5  _system_pre_init                           
000087e9  C$$EXIT                                    
000087e9  abort                                      
000087ed  get_fattime                                
000087f1  prvTraceGetQueueNumber                     
000087f1  uxQueueGetQueueNumber                      
000087f5  vQueueSetQueueNumber                       
000087f9  vTraceStart                                
00008888  ulMaxSyscallInterruptPriority              
00008900  __TI_Handler_Table_Base                    
0000890c  __TI_Handler_Table_Limit                   
00008918  __TI_CINIT_Base                            
00008928  __TI_CINIT_Limit                           
2000c800  RecorderData                               
2000e118  sdDriver                                   
2000e348  file                                       
2000e570  obcData                                    
2000e6dc  imuData                                    
2000e71b  fResult                                    
2000e7e8  localTime                                  
2000e7f4  WATCHDOG_EVENT_GROUP                       
2000e7f8  bw                                         
2000e7fc  cal30                                      
2000e800  cal85                                      
2000e804  calDifference                              
2000e808  flag_lowBattery                            
2000e80c  init_hwtc_count                            
2000e9a0  objectHandleStacks                         
2000ea30  isPendingContextSwitch                     
2000ea38  uiTraceTickCount                           
2000ea3c  trace_disable_timestamp                    
2000ea44  recorder_busy                              
2000ea48  timestampFrequency                         
2000ea4c  traceErrorMessage                          
2000ea50  nISRactive                                 
2000ea51  handle_of_last_logged_task                 
2000ea54  vTraceStopHookPtr                          
2000ea58  CurrentFilterMask                          
2000ea5a  CurrentFilterGroup                         
2000ea60  RecorderDataPtr                            
2000eab0  pxCurrentTCB                               
2000eb14  SPI0MasterConfig                           
2000eb74  xQueueIMU                                  
2000eb78  semaphoreIMU                               
2000eb7c  TraceQueueClassTable                       
2000fce0  __stack                                    
20010000  __STACK_END                                
4000480c  WDTCTL_SYM                                 
ffffffff  __TI_pprof_out_hndl                        
ffffffff  __TI_prof_data_size                        
ffffffff  __TI_prof_data_start                       
ffffffff  __binit__                                  
ffffffff  __c_args__                                 
ffffffff  binit                                      
UNDEFED   __mpu_init                                 
UNDEFED   _system_post_cinit                         

[280 symbols]
