******************************************************************************
                  TI ARM Linker PC v18.1.1                     
******************************************************************************
>> Linked Sun Jun 16 20:20:37 2019

OUTPUT FILE NAME:   <Firmware_OBC.out>
ENTRY POINT SYMBOL: "_c_int00_noargs"  address: 00007935


MEMORY CONFIGURATION

         name            origin    length      used     unused   attr    fill
----------------------  --------  ---------  --------  --------  ----  --------
  MAIN                  00000000   0003f000  0000892c  000366d4  R  X
  MYDATA                0003f000   00001000  00000000  00001000  R  X
  INFO                  00200000   00004000  00000000  00004000  R  X
  SRAM_CODE             01000000   00010000  0000eea1  0000115f  RW X
  SRAM_DATA             20000000   00010000  0000eea1  0000115f  RW  


SEGMENT ALLOCATION MAP

run origin  load origin   length   init length attrs members
----------  ----------- ---------- ----------- ----- -------
00000000    00000000    00008930   00008930    r-x
  00000000    00000000    00000144   00000144    r-- .intvecs
  00000144    00000144    000086c0   000086c0    r-x .text
  00008804    00008804    00000098   00000098    r-- .const
  000088a0    000088a0    00000090   00000090    r-- .cinit
20000000    20000000    0000eb81   00000000    rw-
  20000000    20000000    0000e810   00000000    rw- .bss
  2000e810    2000e810    00000371   00000000    rw- .data
2000fce0    2000fce0    00000320   00000000    rw-
  2000fce0    2000fce0    00000320   00000000    rw- .stack


SECTION ALLOCATION MAP

 output                                  attributes/
section   page    origin      length       input sections
--------  ----  ----------  ----------   ----------------
.intvecs   0    00000000    00000144     
                  00000000    00000144     msp432_startup_ccs.obj (.intvecs:retain)

.text      0    00000144    000086c0     
                  00000144    0000033a     trcKernelPort.obj (.text:pszTraceGetErrorNotEnoughHandles)
                  0000047e    00000002     msp432_startup_ccs.obj (.text:defaultISR)
                  00000480    00000308     queue.obj (.text:xQueueSemaphoreTake)
                  00000788    000002d8     queue.obj (.text:xQueueGenericSend)
                  00000a60    000002c4     queue.obj (.text:xQueueReceive)
                  00000d24    000002b4     ff.obj (.text:find_volume)
                  00000fd8    000001f4     pcm.obj (.text:__PCM_setPowerStateAdvanced)
                  000011cc    000001cc     dataStorage.obj (.text:dataStorage)
                  00001398    000001c0     trcSnapshotRecorder.obj (.text:prvTraceStoreKernelCallWithParam)
                  00001558    000001c0     IntQueue.obj (.text:xSecondTimerHandler)
                  00001718    000001ba     ff.obj (.text:f_open)
                  000018d2    000001ba     ff.obj (.text:f_write)
                  00001a8c    000001b0     trcSnapshotRecorder.obj (.text:prvTraceInitTraceData)
                  00001c3c    00000198     trcSnapshotRecorder.obj (.text:prvTraceStoreKernelCall)
                  00001dd4    00000178     mmc_MSP432P401r.obj (.text:MMC_disk_ioctl)
                  00001f4c    00000178     trcSnapshotRecorder.obj (.text:prvTraceGetDTS)
                  000020c4    00000178     tasks.obj (.text:xTaskIncrementTick)
                  0000223c    00000170     queue.obj (.text:xQueueGenericSendFromISR)
                  000023ac    00000164     houseKeeping.obj (.text:houseKeeping)
                  00002510    00000160     msp432p4xx_driverlib.lib : adc14.o (.text:_getIndexForMemRegister)
                  00002670    00000148     mmc_MSP432P401r.obj (.text:MMC_disk_initialize)
                  000027b8    00000144     trcSnapshotRecorder.obj (.text:prvTraceGetObjectHandle)
                  000028fc    0000013c     tasks.obj (.text:prvAddNewTaskToReadyList)
                  00002a38    00000138     trcSnapshotRecorder.obj (.text:prvCheckDataToBeOverwrittenForMultiEntryEvents)
                  00002b70    00000134     cs.obj (.text:CS_getDCOFrequency)
                  00002ca4    00000134     queue.obj (.text:xQueueReceiveFromISR)
                  00002dd8    0000012c     port.obj (.text:vPortSuppressTicksAndSleep)
                  00002f04    0000012c     IntQueue.obj (.text:xFirstTimerHandler)
                  00003030    00000128     trcSnapshotRecorder.obj (.text:uiIndexOfObject)
                  00003158    00000124     heap_4.obj (.text:pvPortMalloc)
                  0000327c    00000120     tasks.obj (.text:vTaskPriorityDisinheritAfterTimeout)
                  0000339c    00000120     trcKernelPort.obj (.text:vTraceInitObjectPropertyTable)
                  000034bc    0000011c     tasks.obj (.text:xTaskResumeAll)
                  000035d8    00000114     tasks.obj (.text:xTaskPriorityDisinherit)
                  000036ec    00000110     trcSnapshotRecorder.obj (.text:prvTraceStoreKernelCallWithNumericParamOnly)
                  000037fc    00000110     event_groups.obj (.text:xEventGroupWaitBits)
                  0000390c    0000010c     tasks.obj (.text:vTaskNotifyGiveFromISR)
                  00003a18    0000010c     tasks.obj (.text:xTaskPriorityInherit)
                  00003b24    00000108     taskManager.obj (.text:taskCreate)
                  00003c2c    00000104     cs.obj (.text:CS_initClockSignal)
                  00003d30    00000100     trcSnapshotRecorder.obj (.text:prvTraceSetObjectName)
                  00003e30    000000fc     pcm.obj (.text:__PCM_setPowerModeAdvanced)
                  00003f2c    000000f8     ff.obj (.text:put_fat)
                  00004024    000000f0     tasks.obj (.text:vTaskDelayUntil)
                  00004114    000000ee     ff.obj (.text:create_chain)
                  00004202    00000002     msp432_startup_ccs.obj (.text:faultISR)
                  00004204    000000ec     trcSnapshotRecorder.obj (.text:prvTraceStoreTaskReady)
                  000042f0    000000eb     ff.obj (.text:create_name)
                  000043db    00000001     --HOLE-- [fill = 0]
                  000043dc    000000e4     timers.obj (.text:prvProcessReceivedCommands)
                  000044c0    000000e4     trcSnapshotRecorder.obj (.text:prvTraceStoreTaskswitch)
                  000045a4    000000e0     cs.obj (.text:_CSComputeCLKFrequency)
                  00004684    000000e0     houseKeeping.obj (.text:adcInit)
                  00004764    000000dc     trcSnapshotRecorder.obj (.text:uiTraceStart)
                  00004840    000000da     portasm.obj (.text)
                  0000491a    00000002     msp432_startup_ccs.obj (.text:nmiISR)
                  0000491c    000000d8     trcSnapshotRecorder.obj (.text:prvTraceGetPriorityProperty)
                  000049f4    000000d8     trcKernelPort.obj (.text:vTraceInitObjectHandleStack)
                  00004acc    000000d4     trcSnapshotRecorder.obj (.text:prvTraceSetPriorityProperty)
                  00004ba0    000000d0     tasks.obj (.text:vTaskSwitchContext)
                  00004c70    000000cc     trcSnapshotRecorder.obj (.text:prvTraceGetObjectState)
                  00004d3c    000000cc     port.obj (.text:xPortStartScheduler)
                  00004e08    000000c8     trcSnapshotRecorder.obj (.text:prvTraceSetObjectState)
                  00004ed0    000000c4     ff.obj (.text:dir_next)
                  00004f94    000000c4     ff.obj (.text:get_fat)
                  00005058    000000c0     pcm.obj (.text:__PCM_setCoreVoltageLevelAdvanced)
                  00005118    000000bc     queue.obj (.text:prvInitialiseNewQueue)
                  000051d4    000000bc     trcSnapshotRecorder.obj (.text:vTraceStoreMemMangEvent)
                  00005290    000000b0     msp432p4xx_driverlib.lib : spi.o (.text:SPI_initMaster)
                  00005340    000000b0     tasks.obj (.text:xTaskRemoveFromEventList)
                  000053f0    000000ac     mmc_MSP432P401r.obj (.text:MMC_disk_write)
                  0000549c    000000a8     msp432p4xx_driverlib.lib : adc14.o (.text:ADC14_configureMultiSequenceMode)
                  00005544    000000a8     tasks.obj (.text:vTaskRemoveFromUnorderedEventList)
                  000055ec    000000a8     serial.obj (.text:vUART_Handler)
                  00005694    000000a4     msp432p4xx_driverlib.lib : adc14.o (.text:ADC14_configureConversionMemory)
                  00005738    000000a4     tasks.obj (.text:prvInitialiseNewTask)
                  000057dc    000000a4     trcSnapshotRecorder.obj (.text:prvTraceInitCortexM)
                  00005880    000000a0     itoa.obj (.text:itoa)
                  00005920    0000009e     event_groups.obj (.text:xEventGroupSetBits)
                  000059be    0000009c     rtsv7M4_T_le_v4SPD16_eabi.lib : memcpy_t2.asm.obj (.text)
                  00005a5a    00000002     main.obj (.text:vApplicationIdleHook)
                  00005a5c    0000009c     trcSnapshotRecorder.obj (.text:vTraceEnable)
                  00005af8    00000098     tasks.obj (.text:vTaskDelay)
                  00005b90    00000092     ff.obj (.text:dir_sdi)
                  00005c22    00000092     ff.obj (.text:f_sync)
                  00005cb4    00000090     trcSnapshotRecorder.obj (.text:prvTraceGetParam)
                  00005d44    0000008c     ff.obj (.text:sync_fs)
                  00005dd0    0000008c     queue.obj (.text:xQueueGenericReset)
                  00005e5c    00000088     mmc_MSP432P401r.obj (.text:MMC_disk_read)
                  00005ee4    00000088     tasks.obj (.text:prvAddCurrentTaskToDelayedList)
                  00005f6c    00000088     tasks.obj (.text:xTaskCheckForTimeOut)
                  00005ff4    00000084     timers.obj (.text:prvSwitchTimerLists)
                  00006078    00000084     tasks.obj (.text:vTaskPlaceOnEventListRestricted)
                  000060fc    00000080     heap_4.obj (.text:vPortFree)
                  0000617c    0000007c     pcm.obj (.text:PCM_gotoLPM3)
                  000061f8    0000007c     msp432p4xx_driverlib.lib : rtc_c.o (.text:RTC_C_getCalendarTime)
                  00006274    0000007c     ff.obj (.text:follow_path)
                  000062f0    0000007c     trcSnapshotRecorder.obj (.text:prvTraceSetTaskInstanceFinished)
                  0000636c    0000007c     tasks.obj (.text:vTaskStartScheduler)
                  000063e8    0000007a     ff.obj (.text:check_fs)
                  00006462    0000007a     rtsv7M4_T_le_v4SPD16_eabi.lib : memset_t2.asm.obj (.text)
                  000064dc    00000078     msp432p4xx_driverlib.lib : adc14.o (.text:ADC14_getMultiSequenceResult)
                  00006554    00000074     tasks.obj (.text:prvIdleTask)
                  000065c8    00000074     ff.obj (.text:remove_chain)
                  0000663c    00000070     queue.obj (.text:prvCopyDataToQueue)
                  000066ac    00000070     heap_4.obj (.text:prvHeapInit)
                  0000671c    00000070     timers.obj (.text:prvProcessTimerOrBlockTask)
                  0000678c    0000006c     queue.obj (.text:xQueueGenericCreate)
                  000067f8    0000006c     timers.obj (.text:xTimerGenericCommand)
                  00006864    0000006a     mmc_MSP432P401r.obj (.text:send_cmd)
                  000068ce    00000002     main_blinky.obj (.text:vApplicationTickHook)
                  000068d0    00000068     system_msp432p401r.obj (.text:SystemInit)
                  00006938    00000068     rtsv7M4_T_le_v4SPD16_eabi.lib : copy_decompress_lzss.c.obj (.text:decompress:lzss:__TI_decompress_lzss)
                  000069a0    00000068     tasks.obj (.text:prvInitialiseTaskLists)
                  00006a08    00000068     port.obj (.text:vPortSetupTimerInterrupt)
                  00006a70    00000066     queue.obj (.text:prvUnlockQueue)
                  00006ad6    00000002     main_blinky.obj (.text:vPreSleepProcessing)
                  00006ad8    00000064     dataStorage.obj (.text:initSD)
                  00006b3c    00000064     watchDogTask.obj (.text:watchDogTask)
                  00006ba0    00000062     tasks.obj (.text:xTaskCreate)
                  00006c02    00000002     --HOLE-- [fill = 0]
                  00006c04    00000060     heap_4.obj (.text:prvInsertBlockIntoFreeList)
                  00006c64    00000060     trcSnapshotRecorder.obj (.text:prvTraceNextFreeEventBufferSlot)
                  00006cc4    0000005c     ff.obj (.text:dir_clear)
                  00006d20    0000005c     port.obj (.text:vPortValidateInterruptPriority)
                  00006d7c    00000058     main.obj (.text:prvConfigureClocks)
                  00006dd4    00000058     timers.obj (.text:prvProcessExpiredTimer)
                  00006e2c    00000056     ff.obj (.text:dir_find)
                  00006e82    00000056     mmc_MSP432P401r.obj (.text:xmit_datablock)
                  00006ed8    00000054     msp432p4xx_driverlib.lib : adc14.o (.text:ADC14_initModule)
                  00006f2c    00000054     main.obj (.text:prvSetupHardware)
                  00006f80    00000054     tasks.obj (.text:vTaskPlaceOnUnorderedEventList)
                  00006fd4    00000052     cs.obj (.text:_CSGetDividerValue)
                  00007026    00000050     pcm.obj (.text:PCM_getCoreVoltageLevel)
                  00007076    00000002     --HOLE-- [fill = 0]
                  00007078    00000050     cs.obj (.text:_CSGetDOCFrequency)
                  000070c8    00000050     tasks.obj (.text:prvCheckTasksWaitingTermination)
                  00007118    00000050     trcSnapshotRecorder.obj (.text:prvTracePortGetTimeStamp)
                  00007168    00000050     timers.obj (.text:xTimerCreateTimerTask)
                  000071b8    0000004c     gpio.obj (.text:GPIO_setAsPeripheralModuleFunctionInputPin)
                  00007204    0000004c     pcm.obj (.text:PCM_shutdownDevice)
                  00007250    0000004c     SPI_Driver.obj (.text:SPI_Init)
                  0000729c    0000004c     sysctl.obj (.text:SysCtl_getTLVInfo)
                  000072e8    0000004c     ff.obj (.text:f_mount)
                  00007334    0000004c     timers.obj (.text:prvCheckForValidListAndQueue)
                  00007380    0000004c     tasks.obj (.text:prvGetExpectedIdleTime)
                  000073cc    00000048     ff.obj (.text:dbc_2nd)
                  00007414    00000048     ff.obj (.text:dir_alloc)
                  0000745c    00000048     ff.obj (.text:get_ldnumber)
                  000074a4    00000048     timers.obj (.text:prvInsertTimerInActiveList)
                  000074ec    00000048     mmc_MSP432P401r.obj (.text:rcvr_datablock)
                  00007534    00000048     ff.obj (.text:sync_window)
                  0000757c    00000048     ttcTask.obj (.text:ttcTask)
                  000075c4    00000048     queue.obj (.text:vQueueWaitForMessageRestricted)
                  0000760c    00000044     rtsv7M4_T_le_v4SPD16_eabi.lib : autoinit.c.obj (.text:__TI_auto_init_nobinit_nopinit:__TI_auto_init_nobinit_nopinit)
                  00007650    00000044     dataStorage.obj (.text:getLocalTime)
                  00007694    00000044     houseKeeping.obj (.text:getTemperature)
                  000076d8    00000044     houseKeeping.obj (.text:isLowBattery)
                  0000771c    00000040     msp432p4xx_driverlib.lib : spi.o (.text:is_A_Module)
                  0000775c    0000003c     tasks.obj (.text:eTaskConfirmSleepModeStatus)
                  00007798    0000003c     trcSnapshotRecorder.obj (.text:prvTraceError)
                  000077d4    0000003c     trcSnapshotRecorder.obj (.text:prvTraceUpdateCounters)
                  00007810    0000003c     port.obj (.text:vPortEnterCritical)
                  0000784c    0000003a     pcm.obj (.text:PCM_getPowerMode)
                  00007886    0000003a     ff.obj (.text:dir_register)
                  000078c0    0000003a     mmc_MSP432P401r.obj (.text:send_cmd12)
                  000078fa    0000003a     ff.obj (.text:validate)
                  00007934    00000038     rtsv7M4_T_le_v4SPD16_eabi.lib : boot_cortex_m.c.obj (.text:_c_int00_noargs:_c_int00_noargs)
                  0000796c    00000038     mmc_MSP432P401r.obj (.text:send_initial_clock_train)
                  000079a4    00000034     msp432p4xx_driverlib.lib : adc14.o (.text:ADC14_enableSampleTimer)
                  000079d8    00000034     ff.obj (.text:move_window)
                  00007a0c    00000034     IntQueueTimer.obj (.text:vT32_0_Handler)
                  00007a40    00000032     list.obj (.text:vListInsert)
                  00007a72    00000002     --HOLE-- [fill = 0]
                  00007a74    00000030     msp432p4xx_driverlib.lib : adc14.o (.text:ADC14_setSampleHoldTime)
                  00007aa4    00000030     flash.obj (.text:FlashCtl_setWaitState)
                  00007ad4    00000030     aodcsTask.obj (.text:aodcsTask)
                  00007b04    00000030     cameraTask.obj (.text:cameraTask)
                  00007b34    00000030     ff.obj (.text:dbc_1st)
                  00007b64    00000030     pptTask.obj (.text:pptTask)
                  00007b94    00000030     port.obj (.text:prvTaskExitError)
                  00007bc4    00000030     IntQueueTimer.obj (.text:vT32_1_Handler)
                  00007bf4    00000030     tasks.obj (.text:vTaskPlaceOnEventList)
                  00007c24    00000030     tasks.obj (.text:vTaskStepTick)
                  00007c54    0000002c     msp432p4xx_driverlib.lib : adc14.o (.text:ADC14_toggleConversionTrigger)
                  00007c80    0000002c     cs.obj (.text:CS_setDCOCenteredFrequency)
                  00007cac    0000002c     gpio.obj (.text:GPIO_setAsInputPinWithPullUpResistor)
                  00007cd8    0000002c     msp432p4xx_driverlib.lib : rtc_c.o (.text:RTC_C_holdClock)
                  00007d04    0000002c     SPI_Driver.obj (.text:SPI_Read)
                  00007d30    0000002c     SPI_Driver.obj (.text:SPI_Write)
                  00007d5c    0000002c     tasks.obj (.text:prvResetNextTaskUnblockTime)
                  00007d88    0000002c     timers.obj (.text:prvSampleTimeNow)
                  00007db4    0000002c     port.obj (.text:pxPortInitialiseStack)
                  00007de0    0000002c     mmc_MSP432P401r.obj (.text:rcvr_spi)
                  00007e0c    0000002c     port.obj (.text:vPortExitCritical)
                  00007e38    0000002c     port.obj (.text:xPortSysTickHandler)
                  00007e64    00000028     msp432p4xx_driverlib.lib : adc14.o (.text:ADC14_enableConversion)
                  00007e8c    00000028     GPIO_Driver.obj (.text:GPIO_Init)
                  00007eb4    00000028     pcm.obj (.text:PCM_gotoLPM0)
                  00007edc    00000028     queue.obj (.text:prvCopyDataFromQueue)
                  00007f04    00000028     mmc_MSP432P401r.obj (.text:xmit_spi)
                  00007f2c    00000026     ff.obj (.text:ld_clust)
                  00007f52    00000026     list.obj (.text:uxListRemove)
                  00007f78    00000024     cs.obj (.text:CS_clearInterruptFlag)
                  00007f9c    00000024     main.obj (.text:main)
                  00007fc0    00000024     timers.obj (.text:prvGetNextExpireTime)
                  00007fe4    00000024     taskManager.obj (.text:queueDataCrete)
                  00008008    00000024     trcSnapshotRecorder.obj (.text:vTraceStop)
                  0000802c    00000024     queue.obj (.text:xQueueIsQueueFullFromISR)
                  00008050    00000022     CS_Driver.obj (.text:CS_Init)
                  00008072    00000022     ff.obj (.text:st_clust)
                  00008094    00000020     gpio.obj (.text:GPIO_setAsOutputPin)
                  000080b4    00000020     msp432p4xx_driverlib.lib : ref_a.o (.text:REF_A_setReferenceVoltage)
                  000080d4    00000020     trcSnapshotRecorder.obj (.text:prvMarkObjectAsUsed)
                  000080f4    00000020     IntQueue.obj (.text:prvRecordValue_NormallyEmpty)
                  00008114    00000020     IntQueue.obj (.text:prvRecordValue_NormallyFull)
                  00008134    00000020     mmc_MSP432P401r.obj (.text:wait_ready)
                  00008154    00000020     tasks.obj (.text:xTaskGetSchedulerState)
                  00008174    0000001e     diskio.obj (.text:disk_read)
                  00008192    0000001e     diskio.obj (.text:disk_write)
                  000081b0    0000001e     queue.obj (.text:prvIsQueueFull)
                  000081ce    0000001e     list.obj (.text:vListInitialise)
                  000081ec    0000001c     msp432p4xx_driverlib.lib : adc14.o (.text:ADC14_getResult)
                  00008208    0000001c     sysctl.obj (.text:SysCtl_setWDTTimeoutResetType)
                  00008224    0000001c     diskio.obj (.text:disk_ioctl)
                  00008240    0000001a     queue.obj (.text:prvIsQueueEmpty)
                  0000825a    0000001a     trcSnapshotRecorder.obj (.text:prvStrncpy)
                  00008274    0000001a     trcKernelPort.obj (.text:prvTraceSetQueueNumberHigh16)
                  0000828e    0000001a     trcKernelPort.obj (.text:prvTraceSetQueueNumberLow16)
                  000082a8    0000001a     trcKernelPort.obj (.text:prvTraceSetTaskNumberHigh16)
                  000082c2    0000001a     trcKernelPort.obj (.text:prvTraceSetTaskNumberLow16)
                  000082dc    0000001a     event_groups.obj (.text:xEventGroupCreate)
                  000082f6    00000002     --HOLE-- [fill = 0]
                  000082f8    00000018     cs.obj (.text:CS_getMCLK)
                  00008310    00000018     gpio.obj (.text:GPIO_getInputPinValue)
                  00008328    00000018     wdt_a.obj (.text:WDT_A_clearTimer)
                  00008340    00000018     wdt_a.obj (.text:WDT_A_holdTimer)
                  00008358    00000018     ff.obj (.text:clst2sect)
                  00008370    00000018     diskio.obj (.text:disk_initialize)
                  00008388    00000018     diskio.obj (.text:disk_status)
                  000083a0    00000018     ff.obj (.text:mem_cmp)
                  000083b8    00000018     event_groups.obj (.text:prvTestWaitCondition)
                  000083d0    00000018     tasks.obj (.text:pvTaskIncrementMutexHeldCount)
                  000083e8    00000018     msp432_startup_ccs.obj (.text:resetISR)
                  00008400    00000018     ff.obj (.text:st_dword)
                  00008418    00000018     tasks.obj (.text:uxTaskResetEventItemValue)
                  00008430    00000018     list.obj (.text:vListInsertEnd)
                  00008448    00000018     tasks.obj (.text:vTaskInternalSetTimeOutState)
                  00008460    00000016     ff.obj (.text:ld_dword)
                  00008476    00000016     ff.obj (.text:mem_cpy)
                  0000848c    00000016     queue.obj (.text:xQueueCreateMutex)
                  000084a2    00000002     --HOLE-- [fill = 0]
                  000084a4    00000014     gpio.obj (.text:GPIO_clearInterruptFlag)
                  000084b8    00000014     gpio.obj (.text:GPIO_enableInterrupt)
                  000084cc    00000014     gpio.obj (.text:GPIO_setOutputHighOnPin)
                  000084e0    00000014     gpio.obj (.text:GPIO_setOutputLowOnPin)
                  000084f4    00000014     gpio.obj (.text:GPIO_toggleOutputOnPin)
                  00008508    00000014     wdt_a.obj (.text:WDT_A_startTimer)
                  0000851c    00000014     ff.obj (.text:chk_chr)
                  00008530    00000014     mmc_MSP432P401r.obj (.text:power_on)
                  00008544    00000014     queue.obj (.text:prvGetDisinheritPriorityAfterTimeout)
                  00008558    00000014     queue.obj (.text:prvInitialiseMutex)
                  0000856c    00000014     IntQueue.obj (.text:prvQueueAccessLogError)
                  00008580    00000014     timers.obj (.text:prvTimerTask)
                  00008594    00000012     tasks.obj (.text:prvDeleteTCB)
                  000085a6    00000002     --HOLE-- [fill = 0]
                  000085a8    00000010     msp432p4xx_driverlib.lib : adc14.o (.text:ADCIsConversionRunning)
                  000085b8    00000010     fpu.obj (.text:FPU_enableModule)
                  000085c8    00000010     GPIO_Driver.obj (.text:GPIO_High)
                  000085d8    00000010     GPIO_Driver.obj (.text:GPIO_Low)
                  000085e8    00000010     interrupt.obj (.text:Interrupt_enableMaster)
                  000085f8    00000010     pcm.obj (.text:PCM_gotoLPM4)
                  00008608    00000010     ff.obj (.text:mem_set)
                  00008618    00000010     aodcsTask.obj (.text:setWatchDogBit_AODCS)
                  00008628    00000010     cameraTask.obj (.text:setWatchDogBit_CAMERA)
                  00008638    00000010     dataStorage.obj (.text:setWatchDogBit_DATASTORAGE)
                  00008648    00000010     houseKeeping.obj (.text:setWatchDogBit_HOUSEKEEPING)
                  00008658    00000010     pptTask.obj (.text:setWatchDogBit_PPT)
                  00008668    00000010     ttcTask.obj (.text:setWatchDogBit_TTC)
                  00008678    00000010     main.obj (.text:vApplicationMallocFailedHook)
                  00008688    00000010     main.obj (.text:vApplicationStackOverflowHook)
                  00008698    00000010     tasks.obj (.text:vTaskSuspendAll)
                  000086a8    00000010     taskManager.obj (.text:watchDogEventGroupCreate)
                  000086b8    0000000e     rtsv7M4_T_le_v4SPD16_eabi.lib : copy_decompress_none.c.obj (.text:decompress:none:__TI_decompress_none)
                  000086c6    0000000e     ff.obj (.text:st_word)
                  000086d4    0000000c     msp432p4xx_driverlib.lib : adc14.o (.text:ADC14_enableModule)
                  000086e0    0000000c     cpu.obj (.text:CPU_cpsie)
                  000086ec    0000000c     mmc_MSP432P401r.obj (.text:MMC_disk_status)
                  000086f8    0000000c     pcm.obj (.text:PCM_getPowerState)
                  00008704    0000000c     msp432p4xx_driverlib.lib : ref_a.o (.text:REF_A_enableReferenceVoltage)
                  00008710    0000000c                              : ref_a.o (.text:REF_A_enableTempSensor)
                  0000871c    0000000c     sysctl.obj (.text:SysCtl_getTempCalibrationConstant)
                  00008728    0000000c     mmc_MSP432P401r.obj (.text:chk_power)
                  00008734    0000000c     rtsv7M4_T_le_v4SPD16_eabi.lib : copy_zero_init.c.obj (.text:decompress:ZI:__TI_zero_init)
                  00008740    0000000c     ff.obj (.text:ld_word)
                  0000874c    0000000c     mmc_MSP432P401r.obj (.text:power_off)
                  00008758    0000000c     trcKernelPort.obj (.text:prvTraceGetQueueNumberHigh16)
                  00008764    0000000c     trcKernelPort.obj (.text:prvTraceGetTaskNumberHigh16)
                  00008770    0000000c     mmc_MSP432P401r.obj (.text:rcvr_spi_m)
                  0000877c    0000000c     tasks.obj (.text:vTaskMissedYield)
                  00008788    0000000c     tasks.obj (.text:xTaskGetCurrentTaskHandle)
                  00008794    0000000c     tasks.obj (.text:xTaskGetTickCount)
                  000087a0    0000000a     trcKernelPort.obj (.text:prvTraceGetQueueNumberLow16)
                  000087aa    0000000a     trcKernelPort.obj (.text:prvTraceGetTaskNumberLow16)
                  000087b4    0000000a     tasks.obj (.text:uxTaskGetTaskNumber)
                  000087be    00000008     pcm.obj (.text:PCM_setCoreVoltageLevel)
                  000087c6    00000008     pcm.obj (.text:PCM_setPowerMode)
                  000087ce    00000008     pcm.obj (.text:PCM_setPowerState)
                  000087d6    00000006     queue.obj (.text:ucQueueGetQueueType)
                  000087dc    00000006     list.obj (.text:vListInitialiseItem)
                  000087e2    00000006     tasks.obj (.text:vTaskSetTaskNumber)
                  000087e8    00000004     cpu.obj (.text:CPU_wfi)
                  000087ec    00000004     rtsv7M4_T_le_v4SPD16_eabi.lib : pre_init.c.obj (.text:_system_pre_init)
                  000087f0    00000004                                   : exit.c.obj (.text:abort:abort)
                  000087f4    00000004     mmc_MSP432P401r.obj (.text:get_fattime)
                  000087f8    00000004     queue.obj (.text:uxQueueGetQueueNumber)
                  000087fc    00000004     queue.obj (.text:vQueueSetQueueNumber)
                  00008800    00000004     trcSnapshotRecorder.obj (.text:vTraceStart)

.const     0    00008804    00000098     
                  00008804    00000080     msp432p4xx_driverlib.lib : adc14.o (.const:_ctlRegs)
                  00008884    0000000a     ff.obj (.const:.string:DbcTbl)
                  0000888e    00000002     --HOLE-- [fill = 0]
                  00008890    00000008     port.obj (.const)
                  00008898    00000004     serial.obj (.const)

.cinit     0    000088a0    00000090     
                  000088a0    00000067     (.cinit..data.load) [load image, compression = lzss]
                  00008907    00000001     --HOLE-- [fill = 0]
                  00008908    0000000c     (__TI_handler_table)
                  00008914    00000004     --HOLE-- [fill = 0]
                  00008918    00000008     (.cinit..bss.load) [load image, compression = zero_init]
                  00008920    00000010     (__TI_cinit_table)

.init_array 
*          0    00000000    00000000     UNINITIALIZED

.binit     0    00000000    00000000     

.bss       0    20000000    0000e810     UNINITIALIZED
                  20000000    0000c800     heap_4.obj (.bss:ucHeap)
                  2000c800    00001918     (.common:RecorderData)
                  2000e118    00000230     (.common:sdDriver)
                  2000e348    00000228     (.common:file)
                  2000e570    00000106     (.common:obcData)
                  2000e676    00000002     ff.obj (.bss)
                  2000e678    00000064     tasks.obj (.bss:pxReadyTasksLists)
                  2000e6dc    0000003f     (.common:imuData)
                  2000e71b    00000001     (.common:fResult)
                  2000e71c    00000014     timers.obj (.bss:xActiveTimerList1)
                  2000e730    00000014     timers.obj (.bss:xActiveTimerList2)
                  2000e744    00000014     tasks.obj (.bss:xDelayedTaskList1)
                  2000e758    00000014     tasks.obj (.bss:xDelayedTaskList2)
                  2000e76c    00000014     tasks.obj (.bss:xPendingReadyList)
                  2000e780    00000014     tasks.obj (.bss:xSuspendedTaskList)
                  2000e794    00000014     tasks.obj (.bss:xTasksWaitingTermination)
                  2000e7a8    0000000c     houseKeeping.obj (.bss:resultsBuffer)
                  2000e7b4    00000009     mmc_MSP432P401r.obj (.bss)
                  2000e7bd    00000003     --HOLE--
                  2000e7c0    00000008     IntQueue.obj (.bss)
                  2000e7c8    00000008     cs.obj (.bss)
                  2000e7d0    00000008     tasks.obj (.bss)
                  2000e7d8    00000008     timers.obj (.bss)
                  2000e7e0    00000008     heap_4.obj (.bss:xStart)
                  2000e7e8    00000006     (.common:localTime)
                  2000e7ee    00000002     --HOLE--
                  2000e7f0    00000004     ff.obj (.bss:FatFs)
                  2000e7f4    00000004     (.common:WATCHDOG_EVENT_GROUP)
                  2000e7f8    00000004     (.common:bw)
                  2000e7fc    00000004     (.common:cal30)
                  2000e800    00000004     (.common:cal85)
                  2000e804    00000004     (.common:calDifference)
                  2000e808    00000004     (.common:flag_lowBattery)
                  2000e80c    00000004     (.common:init_hwtc_count)

.data      0    2000e810    00000371     UNINITIALIZED
                  2000e810    000000c8     IntQueue.obj (.data:ucNormallyEmptyReceivedValues)
                  2000e8d8    000000c8     IntQueue.obj (.data:ucNormallyFullReceivedValues)
                  2000e9a0    0000008e     trcSnapshotRecorder.obj (.data:objectHandleStacks)
                  2000ea2e    00000002     mmc_MSP432P401r.obj (.data)
                  2000ea30    00000044     trcSnapshotRecorder.obj (.data)
                  2000ea74    0000003c     IntQueue.obj (.data)
                  2000eab0    00000034     tasks.obj (.data)
                  2000eae4    00000030     gpio.obj (.data:GPIO_PORT_TO_BASE)
                  2000eb14    0000001c     dataStorage.obj (.data:SPI0MasterConfig)
                  2000eb30    00000018     port.obj (.data)
                  2000eb48    00000010     heap_4.obj (.data)
                  2000eb58    00000010     serial.obj (.data)
                  2000eb68    0000000c     timers.obj (.data)
                  2000eb74    00000008     taskManager.obj (.data)
                  2000eb7c    00000005     trcKernelPort.obj (.data:TraceQueueClassTable)

.stack     0    2000fce0    00000320     UNINITIALIZED
                  2000fce0    00000004     rtsv7M4_T_le_v4SPD16_eabi.lib : boot_cortex_m.c.obj (.stack)
                  2000fce4    0000031c     --HOLE--

MODULE SUMMARY

       Module                       code    ro data   rw data
       ------                       ----    -------   -------
    .\
       main.obj                     242     0         540    
    +--+----------------------------+-------+---------+---------+
       Total:                       242     0         540    
                                                             
    .\FreeRTOS_Source\
       tasks.obj                    4660    0         520    
       queue.obj                    3818    0         0      
       timers.obj                   996     0         120    
       event_groups.obj             480     0         0      
       list.obj                     148     0         0      
    +--+----------------------------+-------+---------+---------+
       Total:                       10102   0         640    
                                                             
    .\FreeRTOS_Source\portable\CCS\ARM_CM4F\
       port.obj                     940     8         48     
       portasm.obj                  218     0         0      
    +--+----------------------------+-------+---------+---------+
       Total:                       1158    8         48     
                                                             
    .\FreeRTOS_Source\portable\MemMang\
       heap_4.obj                   628     0         102448 
    +--+----------------------------+-------+---------+---------+
       Total:                       628     0         102448 
                                                             
    .\Full_Demo\
       serial.obj                   168     4         32     
       IntQueueTimer.obj            100     0         0      
    +--+----------------------------+-------+---------+---------+
       Total:                       268     4         32     
                                                             
    .\Full_Demo\Standard_Demo_Tasks\
       IntQueue.obj                 832     0         936    
    +--+----------------------------+-------+---------+---------+
       Total:                       832     0         936    
                                                             
    .\SimplyBlinkyDemo\
       main_blinky.obj              4       0         0      
    +--+----------------------------+-------+---------+---------+
       Total:                       4       0         0      
                                                             
    .\Tracealyzer\
       trcSnapshotRecorder.obj      5810    0         13276  
       trcKernelPort.obj            1478    0         10     
    +--+----------------------------+-------+---------+---------+
       Total:                       7288    0         13286  
                                                             
    .\driverlib\
       pcm.obj                      1374    0         0      
       cs.obj                       1058    0         16     
       gpio.obj                     276     0         96     
       sysctl.obj                   116     0         0      
       wdt_a.obj                    68      0         0      
       flash.obj                    48      0         0      
       cpu.obj                      16      0         0      
       fpu.obj                      16      0         0      
       interrupt.obj                16      0         0      
    +--+----------------------------+-------+---------+---------+
       Total:                       2988    0         112    
                                                             
    .\src\
       dataStorage.obj              644     0         2428   
       houseKeeping.obj             732     0         32     
       taskManager.obj              316     0         16     
       watchDogTask.obj             100     0         0      
       ttcTask.obj                  88      0         0      
       aodcsTask.obj                64      0         0      
       cameraTask.obj               64      0         0      
       pptTask.obj                  64      0         0      
       sensorTask.obj               0       0         16     
    +--+----------------------------+-------+---------+---------+
       Total:                       2072    0         2492   
                                                             
    .\system\CCS\
       msp432_startup_ccs.obj       30      324       0      
       system_msp432p401r.obj       104     0         0      
    +--+----------------------------+-------+---------+---------+
       Total:                       134     324       0      
                                                             
    .\util\
       itoa.obj                     160     0         0      
    +--+----------------------------+-------+---------+---------+
       Total:                       160     0         0      
                                                             
    .\util\Hardware\
       SPI_Driver.obj               164     0         0      
       GPIO_Driver.obj              72      0         0      
       CS_Driver.obj                34      0         0      
    +--+----------------------------+-------+---------+---------+
       Total:                       270     0         0      
                                                             
    .\util\fatfs\
       ff.obj                       4491    10        12     
       mmc_MSP432P401r.obj          1578    0         22     
       diskio.obj                   136     0         0      
    +--+----------------------------+-------+---------+---------+
       Total:                       6205    10        34     
                                                             
    C:/ti/simplelink_msp432p4_sdk_2_40_00_10/source/ti/devices/msp432p4xx/driverlib/ccs/msp432p4xx_driverlib.lib
       adc14.o                      1128    128       0      
       spi.o                        240     0         0      
       rtc_c.o                      168     0         0      
       ref_a.o                      56      0         0      
    +--+----------------------------+-------+---------+---------+
       Total:                       1592    128       0      
                                                             
    C:\ti\ccsv8\tools\compiler\ti-cgt-arm_18.1.1.LTS\lib\rtsv7M4_T_le_v4SPD16_eabi.lib
       memcpy_t2.asm.obj            156     0         0      
       memset_t2.asm.obj            122     0         0      
       copy_decompress_lzss.c.obj   104     0         0      
       autoinit.c.obj               68      0         0      
       boot_cortex_m.c.obj          56      0         0      
       copy_decompress_none.c.obj   14      0         0      
       copy_zero_init.c.obj         12      0         0      
       exit.c.obj                   4       0         0      
       pre_init.c.obj               4       0         0      
    +--+----------------------------+-------+---------+---------+
       Total:                       540     0         0      
                                                             
       Stack:                       0       0         1600   
       Linker Generated:            0       139       0      
    +--+----------------------------+-------+---------+---------+
       Grand Total:                 34483   613       122168 


LINKER GENERATED COPY TABLES

__TI_cinit_table @ 00008920 records: 2, size/record: 8, table size: 16
	.data: load addr=000088a0, load size=00000067 bytes, run addr=2000e810, run size=00000371 bytes, compression=lzss
	.bss: load addr=00008918, load size=00000008 bytes, run addr=20000000, run size=0000e810 bytes, compression=zero_init


LINKER GENERATED HANDLER TABLE

__TI_handler_table @ 00008908 records: 3, size/record: 4, table size: 12
	index: 0, handler: __TI_decompress_lzss
	index: 1, handler: __TI_decompress_none
	index: 2, handler: __TI_zero_init


GLOBAL SYMBOLS: SORTED ALPHABETICALLY BY Name 

address   name                                       
-------   ----                                       
00005695  ADC14_configureConversionMemory            
0000549d  ADC14_configureMultiSequenceMode           
00007e65  ADC14_enableConversion                     
000086d5  ADC14_enableModule                         
000079a5  ADC14_enableSampleTimer                    
000064dd  ADC14_getMultiSequenceResult               
000081ed  ADC14_getResult                            
00006ed9  ADC14_initModule                           
00007a75  ADC14_setSampleHoldTime                    
00007c55  ADC14_toggleConversionTrigger              
000087f1  C$$EXIT                                    
000086e1  CPU_cpsie                                  
000087e9  CPU_wfi                                    
00008051  CS_Init                                    
00007f79  CS_clearInterruptFlag                      
00002b71  CS_getDCOFrequency                         
000082f9  CS_getMCLK                                 
00003c2d  CS_initClockSignal                         
00007c81  CS_setDCOCenteredFrequency                 
2000ea5a  CurrentFilterGroup                         
2000ea58  CurrentFilterMask                          
000085b9  FPU_enableModule                           
00007aa5  FlashCtl_setWaitState                      
000085c9  GPIO_High                                  
00007e8d  GPIO_Init                                  
000085d9  GPIO_Low                                   
000084a5  GPIO_clearInterruptFlag                    
000084b9  GPIO_enableInterrupt                       
00008311  GPIO_getInputPinValue                      
00007cad  GPIO_setAsInputPinWithPullUpResistor       
00008095  GPIO_setAsOutputPin                        
000071b9  GPIO_setAsPeripheralModuleFunctionInputPin 
000084cd  GPIO_setOutputHighOnPin                    
000084e1  GPIO_setOutputLowOnPin                     
000084f5  GPIO_toggleOutputOnPin                     
000085e9  Interrupt_enableMaster                     
00002671  MMC_disk_initialize                        
00001dd5  MMC_disk_ioctl                             
00005e5d  MMC_disk_read                              
000086ed  MMC_disk_status                            
000053f1  MMC_disk_write                             
00007027  PCM_getCoreVoltageLevel                    
0000784d  PCM_getPowerMode                           
000086f9  PCM_getPowerState                          
00007eb5  PCM_gotoLPM0                               
0000617d  PCM_gotoLPM3                               
000085f9  PCM_gotoLPM4                               
000087bf  PCM_setCoreVoltageLevel                    
000087c7  PCM_setPowerMode                           
000087cf  PCM_setPowerState                          
00007205  PCM_shutdownDevice                         
00008705  REF_A_enableReferenceVoltage               
00008711  REF_A_enableTempSensor                     
000080b5  REF_A_setReferenceVoltage                  
000061f9  RTC_C_getCalendarTime                      
00007cd9  RTC_C_holdClock                            
2000c800  RecorderData                               
2000ea60  RecorderDataPtr                            
2000eb14  SPI0MasterConfig                           
00007251  SPI_Init                                   
00007d05  SPI_Read                                   
00007d31  SPI_Write                                  
00005291  SPI_initMaster                             
0000729d  SysCtl_getTLVInfo                          
0000871d  SysCtl_getTempCalibrationConstant          
00008209  SysCtl_setWDTTimeoutResetType              
000068d1  SystemInit                                 
2000eb7c  TraceQueueClassTable                       
2000e7f4  WATCHDOG_EVENT_GROUP                       
4000480c  WDTCTL_SYM                                 
00008329  WDT_A_clearTimer                           
00008341  WDT_A_holdTimer                            
00008209  WDT_A_setTimeoutReset                      
00008509  WDT_A_startTimer                           
20010000  __STACK_END                                
00000320  __STACK_SIZE                               
00008920  __TI_CINIT_Base                            
00008930  __TI_CINIT_Limit                           
00008908  __TI_Handler_Table_Base                    
00008914  __TI_Handler_Table_Limit                   
0000760d  __TI_auto_init_nobinit_nopinit             
00006939  __TI_decompress_lzss                       
000086b9  __TI_decompress_none                       
ffffffff  __TI_pprof_out_hndl                        
ffffffff  __TI_prof_data_size                        
ffffffff  __TI_prof_data_start                       
00000000  __TI_static_base__                         
00008735  __TI_zero_init                             
00006463  __aeabi_memclr                             
00006463  __aeabi_memclr4                            
00006463  __aeabi_memclr8                            
000059bf  __aeabi_memcpy                             
000059bf  __aeabi_memcpy4                            
000059bf  __aeabi_memcpy8                            
00006465  __aeabi_memset                             
00006465  __aeabi_memset4                            
00006465  __aeabi_memset8                            
ffffffff  __binit__                                  
ffffffff  __c_args__                                 
UNDEFED   __mpu_init                                 
2000fce0  __stack                                    
00007935  _c_int00_noargs                            
UNDEFED   _system_post_cinit                         
000087ed  _system_pre_init                           
000087f1  abort                                      
00004685  adcInit                                    
00007ad5  aodcsTask                                  
ffffffff  binit                                      
2000e7f8  bw                                         
2000e7fc  cal30                                      
2000e800  cal85                                      
2000e804  calDifference                              
00007b05  cameraTask                                 
000011cd  dataStorage                                
00008371  disk_initialize                            
00008225  disk_ioctl                                 
00008175  disk_read                                  
00008389  disk_status                                
00008193  disk_write                                 
0000775d  eTaskConfirmSleepModeStatus                
2000e71b  fResult                                    
000072e9  f_mount                                    
00001719  f_open                                     
00005c23  f_sync                                     
000018d3  f_write                                    
2000e348  file                                       
2000e808  flag_lowBattery                            
00007651  getLocalTime                               
00007695  getTemperature                             
000087f5  get_fattime                                
2000ea51  handle_of_last_logged_task                 
000023ad  houseKeeping                               
2000e6dc  imuData                                    
00006ad9  initSD                                     
2000e80c  init_hwtc_count                            
00000000  interruptVectors                           
000076d9  isLowBattery                               
2000ea30  isPendingContextSwitch                     
00005881  itoa                                       
2000e7e8  localTime                                  
00007f9d  main                                       
000059bf  memcpy                                     
0000646b  memset                                     
2000ea50  nISRactive                                 
2000e570  obcData                                    
2000e9a0  objectHandleStacks                         
00007b65  pptTask                                    
000080d5  prvMarkObjectAsUsed                        
00007799  prvTraceError                              
00008789  prvTraceGetCurrentTaskHandle               
000027b9  prvTraceGetObjectHandle                    
0000491d  prvTraceGetPriorityProperty                
000087f9  prvTraceGetQueueNumber                     
00008759  prvTraceGetQueueNumberHigh16               
000087a1  prvTraceGetQueueNumberLow16                
000087d7  prvTraceGetQueueType                       
00008765  prvTraceGetTaskNumberHigh16                
000087ab  prvTraceGetTaskNumberLow16                 
000057dd  prvTraceInitCortexM                        
00007119  prvTracePortGetTimeStamp                   
00003d31  prvTraceSetObjectName                      
00004e09  prvTraceSetObjectState                     
00004acd  prvTraceSetPriorityProperty                
00008275  prvTraceSetQueueNumberHigh16               
0000828f  prvTraceSetQueueNumberLow16                
000062f1  prvTraceSetTaskInstanceFinished            
000082a9  prvTraceSetTaskNumberHigh16                
000082c3  prvTraceSetTaskNumberLow16                 
00001c3d  prvTraceStoreKernelCall                    
000036ed  prvTraceStoreKernelCallWithNumericParamOnly
00001399  prvTraceStoreKernelCallWithParam           
00004205  prvTraceStoreTaskReady                     
000044c1  prvTraceStoreTaskswitch                    
00000145  pszTraceGetErrorNotEnoughHandles           
00003159  pvPortMalloc                               
000083d1  pvTaskIncrementMutexHeldCount              
2000eab0  pxCurrentTCB                               
00007db5  pxPortInitialiseStack                      
00007fe5  queueDataCrete                             
2000ea44  recorder_busy                              
2000e118  sdDriver                                   
2000eb78  semaphoreIMU                               
00008619  setWatchDogBit_AODCS                       
00008629  setWatchDogBit_CAMERA                      
00008639  setWatchDogBit_DATASTORAGE                 
00008649  setWatchDogBit_HOUSEKEEPING                
00008659  setWatchDogBit_PPT                         
00008669  setWatchDogBit_TTC                         
00003b25  taskCreate                                 
2000ea48  timestampFrequency                         
2000ea4c  traceErrorMessage                          
2000ea3c  trace_disable_timestamp                    
0000757d  ttcTask                                    
000087d7  ucQueueGetQueueType                        
00003031  uiIndexOfObject                            
00004765  uiTraceStart                               
2000ea38  uiTraceTickCount                           
00008890  ulMaxSyscallInterruptPriority              
00004851  ulPortGetIPSR                              
00007f53  uxListRemove                               
000087f9  uxQueueGetQueueNumber                      
000087b5  uxTaskGetTaskNumber                        
00008419  uxTaskResetEventItemValue                  
00005a5b  vApplicationIdleHook                       
00008679  vApplicationMallocFailedHook               
00008689  vApplicationStackOverflowHook              
000068cf  vApplicationTickHook                       
000081cf  vListInitialise                            
000087dd  vListInitialiseItem                        
00007a41  vListInsert                                
00008431  vListInsertEnd                             
0000490d  vPortEnableVFP                             
00007811  vPortEnterCritical                         
00007e0d  vPortExitCritical                          
000060fd  vPortFree                                  
000048c9  vPortSVCHandler                            
00006a09  vPortSetupTimerInterrupt                   
000048e9  vPortStartFirstTask                        
00002dd9  vPortSuppressTicksAndSleep                 
00006d21  vPortValidateInterruptPriority             
00006ad7  vPreSleepProcessing                        
000087fd  vQueueSetQueueNumber                       
000075c5  vQueueWaitForMessageRestricted             
00007a0d  vT32_0_Handler                             
00007bc5  vT32_1_Handler                             
00005af9  vTaskDelay                                 
00004025  vTaskDelayUntil                            
00008449  vTaskInternalSetTimeOutState               
0000877d  vTaskMissedYield                           
0000390d  vTaskNotifyGiveFromISR                     
00007bf5  vTaskPlaceOnEventList                      
00006079  vTaskPlaceOnEventListRestricted            
00006f81  vTaskPlaceOnUnorderedEventList             
0000327d  vTaskPriorityDisinheritAfterTimeout        
00005545  vTaskRemoveFromUnorderedEventList          
000087e3  vTaskSetTaskNumber                         
0000636d  vTaskStartScheduler                        
00007c25  vTaskStepTick                              
00008699  vTaskSuspendAll                            
00004ba1  vTaskSwitchContext                         
00005a5d  vTraceEnable                               
000049f5  vTraceInitObjectHandleStack                
0000339d  vTraceInitObjectPropertyTable              
00008801  vTraceStart                                
00008009  vTraceStop                                 
2000ea54  vTraceStopHookPtr                          
000051d5  vTraceStoreMemMangEvent                    
000055ed  vUART_Handler                              
000086a9  watchDogEventGroupCreate                   
00006b3d  watchDogTask                               
000082dd  xEventGroupCreate                          
00005921  xEventGroupSetBits                         
000037fd  xEventGroupWaitBits                        
00002f05  xFirstTimerHandler                         
00004869  xPortPendSVHandler                         
00004d3d  xPortStartScheduler                        
00007e39  xPortSysTickHandler                        
0000848d  xQueueCreateMutex                          
0000678d  xQueueGenericCreate                        
00005dd1  xQueueGenericReset                         
00000789  xQueueGenericSend                          
0000223d  xQueueGenericSendFromISR                   
2000eb74  xQueueIMU                                  
0000802d  xQueueIsQueueFullFromISR                   
00000a61  xQueueReceive                              
00002ca5  xQueueReceiveFromISR                       
00000481  xQueueSemaphoreTake                        
00001559  xSecondTimerHandler                        
00005f6d  xTaskCheckForTimeOut                       
00006ba1  xTaskCreate                                
00008789  xTaskGetCurrentTaskHandle                  
00008155  xTaskGetSchedulerState                     
00008795  xTaskGetTickCount                          
000020c5  xTaskIncrementTick                         
000035d9  xTaskPriorityDisinherit                    
00003a19  xTaskPriorityInherit                       
00005341  xTaskRemoveFromEventList                   
000034bd  xTaskResumeAll                             
00007169  xTimerCreateTimerTask                      
000067f9  xTimerGenericCommand                       


GLOBAL SYMBOLS: SORTED BY Symbol Address 

address   name                                       
-------   ----                                       
00000000  __TI_static_base__                         
00000000  interruptVectors                           
00000145  pszTraceGetErrorNotEnoughHandles           
00000320  __STACK_SIZE                               
00000481  xQueueSemaphoreTake                        
00000789  xQueueGenericSend                          
00000a61  xQueueReceive                              
000011cd  dataStorage                                
00001399  prvTraceStoreKernelCallWithParam           
00001559  xSecondTimerHandler                        
00001719  f_open                                     
000018d3  f_write                                    
00001c3d  prvTraceStoreKernelCall                    
00001dd5  MMC_disk_ioctl                             
000020c5  xTaskIncrementTick                         
0000223d  xQueueGenericSendFromISR                   
000023ad  houseKeeping                               
00002671  MMC_disk_initialize                        
000027b9  prvTraceGetObjectHandle                    
00002b71  CS_getDCOFrequency                         
00002ca5  xQueueReceiveFromISR                       
00002dd9  vPortSuppressTicksAndSleep                 
00002f05  xFirstTimerHandler                         
00003031  uiIndexOfObject                            
00003159  pvPortMalloc                               
0000327d  vTaskPriorityDisinheritAfterTimeout        
0000339d  vTraceInitObjectPropertyTable              
000034bd  xTaskResumeAll                             
000035d9  xTaskPriorityDisinherit                    
000036ed  prvTraceStoreKernelCallWithNumericParamOnly
000037fd  xEventGroupWaitBits                        
0000390d  vTaskNotifyGiveFromISR                     
00003a19  xTaskPriorityInherit                       
00003b25  taskCreate                                 
00003c2d  CS_initClockSignal                         
00003d31  prvTraceSetObjectName                      
00004025  vTaskDelayUntil                            
00004205  prvTraceStoreTaskReady                     
000044c1  prvTraceStoreTaskswitch                    
00004685  adcInit                                    
00004765  uiTraceStart                               
00004851  ulPortGetIPSR                              
00004869  xPortPendSVHandler                         
000048c9  vPortSVCHandler                            
000048e9  vPortStartFirstTask                        
0000490d  vPortEnableVFP                             
0000491d  prvTraceGetPriorityProperty                
000049f5  vTraceInitObjectHandleStack                
00004acd  prvTraceSetPriorityProperty                
00004ba1  vTaskSwitchContext                         
00004d3d  xPortStartScheduler                        
00004e09  prvTraceSetObjectState                     
000051d5  vTraceStoreMemMangEvent                    
00005291  SPI_initMaster                             
00005341  xTaskRemoveFromEventList                   
000053f1  MMC_disk_write                             
0000549d  ADC14_configureMultiSequenceMode           
00005545  vTaskRemoveFromUnorderedEventList          
000055ed  vUART_Handler                              
00005695  ADC14_configureConversionMemory            
000057dd  prvTraceInitCortexM                        
00005881  itoa                                       
00005921  xEventGroupSetBits                         
000059bf  __aeabi_memcpy                             
000059bf  __aeabi_memcpy4                            
000059bf  __aeabi_memcpy8                            
000059bf  memcpy                                     
00005a5b  vApplicationIdleHook                       
00005a5d  vTraceEnable                               
00005af9  vTaskDelay                                 
00005c23  f_sync                                     
00005dd1  xQueueGenericReset                         
00005e5d  MMC_disk_read                              
00005f6d  xTaskCheckForTimeOut                       
00006079  vTaskPlaceOnEventListRestricted            
000060fd  vPortFree                                  
0000617d  PCM_gotoLPM3                               
000061f9  RTC_C_getCalendarTime                      
000062f1  prvTraceSetTaskInstanceFinished            
0000636d  vTaskStartScheduler                        
00006463  __aeabi_memclr                             
00006463  __aeabi_memclr4                            
00006463  __aeabi_memclr8                            
00006465  __aeabi_memset                             
00006465  __aeabi_memset4                            
00006465  __aeabi_memset8                            
0000646b  memset                                     
000064dd  ADC14_getMultiSequenceResult               
0000678d  xQueueGenericCreate                        
000067f9  xTimerGenericCommand                       
000068cf  vApplicationTickHook                       
000068d1  SystemInit                                 
00006939  __TI_decompress_lzss                       
00006a09  vPortSetupTimerInterrupt                   
00006ad7  vPreSleepProcessing                        
00006ad9  initSD                                     
00006b3d  watchDogTask                               
00006ba1  xTaskCreate                                
00006d21  vPortValidateInterruptPriority             
00006ed9  ADC14_initModule                           
00006f81  vTaskPlaceOnUnorderedEventList             
00007027  PCM_getCoreVoltageLevel                    
00007119  prvTracePortGetTimeStamp                   
00007169  xTimerCreateTimerTask                      
000071b9  GPIO_setAsPeripheralModuleFunctionInputPin 
00007205  PCM_shutdownDevice                         
00007251  SPI_Init                                   
0000729d  SysCtl_getTLVInfo                          
000072e9  f_mount                                    
0000757d  ttcTask                                    
000075c5  vQueueWaitForMessageRestricted             
0000760d  __TI_auto_init_nobinit_nopinit             
00007651  getLocalTime                               
00007695  getTemperature                             
000076d9  isLowBattery                               
0000775d  eTaskConfirmSleepModeStatus                
00007799  prvTraceError                              
00007811  vPortEnterCritical                         
0000784d  PCM_getPowerMode                           
00007935  _c_int00_noargs                            
000079a5  ADC14_enableSampleTimer                    
00007a0d  vT32_0_Handler                             
00007a41  vListInsert                                
00007a75  ADC14_setSampleHoldTime                    
00007aa5  FlashCtl_setWaitState                      
00007ad5  aodcsTask                                  
00007b05  cameraTask                                 
00007b65  pptTask                                    
00007bc5  vT32_1_Handler                             
00007bf5  vTaskPlaceOnEventList                      
00007c25  vTaskStepTick                              
00007c55  ADC14_toggleConversionTrigger              
00007c81  CS_setDCOCenteredFrequency                 
00007cad  GPIO_setAsInputPinWithPullUpResistor       
00007cd9  RTC_C_holdClock                            
00007d05  SPI_Read                                   
00007d31  SPI_Write                                  
00007db5  pxPortInitialiseStack                      
00007e0d  vPortExitCritical                          
00007e39  xPortSysTickHandler                        
00007e65  ADC14_enableConversion                     
00007e8d  GPIO_Init                                  
00007eb5  PCM_gotoLPM0                               
00007f53  uxListRemove                               
00007f79  CS_clearInterruptFlag                      
00007f9d  main                                       
00007fe5  queueDataCrete                             
00008009  vTraceStop                                 
0000802d  xQueueIsQueueFullFromISR                   
00008051  CS_Init                                    
00008095  GPIO_setAsOutputPin                        
000080b5  REF_A_setReferenceVoltage                  
000080d5  prvMarkObjectAsUsed                        
00008155  xTaskGetSchedulerState                     
00008175  disk_read                                  
00008193  disk_write                                 
000081cf  vListInitialise                            
000081ed  ADC14_getResult                            
00008209  SysCtl_setWDTTimeoutResetType              
00008209  WDT_A_setTimeoutReset                      
00008225  disk_ioctl                                 
00008275  prvTraceSetQueueNumberHigh16               
0000828f  prvTraceSetQueueNumberLow16                
000082a9  prvTraceSetTaskNumberHigh16                
000082c3  prvTraceSetTaskNumberLow16                 
000082dd  xEventGroupCreate                          
000082f9  CS_getMCLK                                 
00008311  GPIO_getInputPinValue                      
00008329  WDT_A_clearTimer                           
00008341  WDT_A_holdTimer                            
00008371  disk_initialize                            
00008389  disk_status                                
000083d1  pvTaskIncrementMutexHeldCount              
00008419  uxTaskResetEventItemValue                  
00008431  vListInsertEnd                             
00008449  vTaskInternalSetTimeOutState               
0000848d  xQueueCreateMutex                          
000084a5  GPIO_clearInterruptFlag                    
000084b9  GPIO_enableInterrupt                       
000084cd  GPIO_setOutputHighOnPin                    
000084e1  GPIO_setOutputLowOnPin                     
000084f5  GPIO_toggleOutputOnPin                     
00008509  WDT_A_startTimer                           
000085b9  FPU_enableModule                           
000085c9  GPIO_High                                  
000085d9  GPIO_Low                                   
000085e9  Interrupt_enableMaster                     
000085f9  PCM_gotoLPM4                               
00008619  setWatchDogBit_AODCS                       
00008629  setWatchDogBit_CAMERA                      
00008639  setWatchDogBit_DATASTORAGE                 
00008649  setWatchDogBit_HOUSEKEEPING                
00008659  setWatchDogBit_PPT                         
00008669  setWatchDogBit_TTC                         
00008679  vApplicationMallocFailedHook               
00008689  vApplicationStackOverflowHook              
00008699  vTaskSuspendAll                            
000086a9  watchDogEventGroupCreate                   
000086b9  __TI_decompress_none                       
000086d5  ADC14_enableModule                         
000086e1  CPU_cpsie                                  
000086ed  MMC_disk_status                            
000086f9  PCM_getPowerState                          
00008705  REF_A_enableReferenceVoltage               
00008711  REF_A_enableTempSensor                     
0000871d  SysCtl_getTempCalibrationConstant          
00008735  __TI_zero_init                             
00008759  prvTraceGetQueueNumberHigh16               
00008765  prvTraceGetTaskNumberHigh16                
0000877d  vTaskMissedYield                           
00008789  prvTraceGetCurrentTaskHandle               
00008789  xTaskGetCurrentTaskHandle                  
00008795  xTaskGetTickCount                          
000087a1  prvTraceGetQueueNumberLow16                
000087ab  prvTraceGetTaskNumberLow16                 
000087b5  uxTaskGetTaskNumber                        
000087bf  PCM_setCoreVoltageLevel                    
000087c7  PCM_setPowerMode                           
000087cf  PCM_setPowerState                          
000087d7  prvTraceGetQueueType                       
000087d7  ucQueueGetQueueType                        
000087dd  vListInitialiseItem                        
000087e3  vTaskSetTaskNumber                         
000087e9  CPU_wfi                                    
000087ed  _system_pre_init                           
000087f1  C$$EXIT                                    
000087f1  abort                                      
000087f5  get_fattime                                
000087f9  prvTraceGetQueueNumber                     
000087f9  uxQueueGetQueueNumber                      
000087fd  vQueueSetQueueNumber                       
00008801  vTraceStart                                
00008890  ulMaxSyscallInterruptPriority              
00008908  __TI_Handler_Table_Base                    
00008914  __TI_Handler_Table_Limit                   
00008920  __TI_CINIT_Base                            
00008930  __TI_CINIT_Limit                           
2000c800  RecorderData                               
2000e118  sdDriver                                   
2000e348  file                                       
2000e570  obcData                                    
2000e6dc  imuData                                    
2000e71b  fResult                                    
2000e7e8  localTime                                  
2000e7f4  WATCHDOG_EVENT_GROUP                       
2000e7f8  bw                                         
2000e7fc  cal30                                      
2000e800  cal85                                      
2000e804  calDifference                              
2000e808  flag_lowBattery                            
2000e80c  init_hwtc_count                            
2000e9a0  objectHandleStacks                         
2000ea30  isPendingContextSwitch                     
2000ea38  uiTraceTickCount                           
2000ea3c  trace_disable_timestamp                    
2000ea44  recorder_busy                              
2000ea48  timestampFrequency                         
2000ea4c  traceErrorMessage                          
2000ea50  nISRactive                                 
2000ea51  handle_of_last_logged_task                 
2000ea54  vTraceStopHookPtr                          
2000ea58  CurrentFilterMask                          
2000ea5a  CurrentFilterGroup                         
2000ea60  RecorderDataPtr                            
2000eab0  pxCurrentTCB                               
2000eb14  SPI0MasterConfig                           
2000eb74  xQueueIMU                                  
2000eb78  semaphoreIMU                               
2000eb7c  TraceQueueClassTable                       
2000fce0  __stack                                    
20010000  __STACK_END                                
4000480c  WDTCTL_SYM                                 
ffffffff  __TI_pprof_out_hndl                        
ffffffff  __TI_prof_data_size                        
ffffffff  __TI_prof_data_start                       
ffffffff  __binit__                                  
ffffffff  __c_args__                                 
ffffffff  binit                                      
UNDEFED   __mpu_init                                 
UNDEFED   _system_post_cinit                         

[280 symbols]
