******************************************************************************
                  TI ARM Linker PC v18.1.1                     
******************************************************************************
>> Linked Mon Jun 24 21:58:08 2019

OUTPUT FILE NAME:   <Firmware_OBC.out>
ENTRY POINT SYMBOL: "_c_int00_noargs"  address: 00007dc5


MEMORY CONFIGURATION

         name            origin    length      used     unused   attr    fill
----------------------  --------  ---------  --------  --------  ----  --------
  MAIN                  00000000   0003f000  00008c66  0003639a  R  X
  MYDATA                0003f000   00001000  00000000  00001000  R  X
  INFO                  00200000   00004000  00000000  00004000  R  X
  SRAM_CODE             01000000   00010000  0000fe1f  000001e1  RW X
  SRAM_DATA             20000000   00010000  0000fe1f  000001e1  RW  


SEGMENT ALLOCATION MAP

run origin  load origin   length   init length attrs members
----------  ----------- ---------- ----------- ----- -------
00000000    00000000    00008c68   00008c68    r-x
  00000000    00000000    00000144   00000144    r-- .intvecs
  00000144    00000144    000089de   000089de    r-x .text
  00008b24    00008b24    000000ac   000000ac    r-- .const
  00008bd0    00008bd0    00000098   00000098    r-- .cinit
20000000    20000000    0000faff   00000000    rw-
  20000000    20000000    0000f77c   00000000    rw- .bss
  2000f77c    2000f77c    00000383   00000000    rw- .data
2000fce0    2000fce0    00000320   00000000    rw-
  2000fce0    2000fce0    00000320   00000000    rw- .stack


SECTION ALLOCATION MAP

 output                                  attributes/
section   page    origin      length       input sections
--------  ----  ----------  ----------   ----------------
.intvecs   0    00000000    00000144     
                  00000000    00000144     msp432_startup_ccs.obj (.intvecs:retain)

.text      0    00000144    000089de     
                  00000144    0000033a     trcKernelPort.obj (.text:pszTraceGetErrorNotEnoughHandles)
                  0000047e    00000002     msp432_startup_ccs.obj (.text:defaultISR)
                  00000480    0000030c     dataStorage.obj (.text:dataStorage)
                  0000078c    00000308     queue.obj (.text:xQueueSemaphoreTake)
                  00000a94    000002d8     queue.obj (.text:xQueueGenericSend)
                  00000d6c    000002c4     queue.obj (.text:xQueueReceive)
                  00001030    000002b4     ff.obj (.text:find_volume)
                  000012e4    000001c0     trcSnapshotRecorder.obj (.text:prvTraceStoreKernelCallWithParam)
                  000014a4    000001c0     IntQueue.obj (.text:xSecondTimerHandler)
                  00001664    000001ba     ff.obj (.text:f_open)
                  0000181e    000001ba     ff.obj (.text:f_write)
                  000019d8    000001b8     houseKeeping.obj (.text:houseKeeping)
                  00001b90    000001b0     trcSnapshotRecorder.obj (.text:prvTraceInitTraceData)
                  00001d40    00000198     trcSnapshotRecorder.obj (.text:prvTraceStoreKernelCall)
                  00001ed8    00000178     mmc_MSP432P401r.obj (.text:MMC_disk_ioctl)
                  00002050    00000178     trcSnapshotRecorder.obj (.text:prvTraceGetDTS)
                  000021c8    00000178     tasks.obj (.text:xTaskIncrementTick)
                  00002340    00000170     queue.obj (.text:xQueueGenericSendFromISR)
                  000024b0    00000160     msp432p4xx_driverlib.lib : adc14.o (.text:_getIndexForMemRegister)
                  00002610    00000148     mmc_MSP432P401r.obj (.text:MMC_disk_initialize)
                  00002758    00000144     trcSnapshotRecorder.obj (.text:prvTraceGetObjectHandle)
                  0000289c    0000013c     tasks.obj (.text:prvAddNewTaskToReadyList)
                  000029d8    00000138     trcSnapshotRecorder.obj (.text:prvCheckDataToBeOverwrittenForMultiEntryEvents)
                  00002b10    00000134     cs.obj (.text:CS_getDCOFrequency)
                  00002c44    00000134     port.obj (.text:vPortSuppressTicksAndSleep)
                  00002d78    00000134     queue.obj (.text:xQueueReceiveFromISR)
                  00002eac    0000012c     IntQueue.obj (.text:xFirstTimerHandler)
                  00002fd8    00000128     taskManager.obj (.text:prvTaskCreate)
                  00003100    00000128     trcSnapshotRecorder.obj (.text:uiIndexOfObject)
                  00003228    00000124     heap_4.obj (.text:pvPortMalloc)
                  0000334c    00000120     tasks.obj (.text:vTaskPriorityDisinheritAfterTimeout)
                  0000346c    00000120     tasks.obj (.text:vTaskSuspend)
                  0000358c    00000120     trcKernelPort.obj (.text:vTraceInitObjectPropertyTable)
                  000036ac    00000118     tasks.obj (.text:xTaskResumeAll)
                  000037c4    00000114     tasks.obj (.text:xTaskPriorityDisinherit)
                  000038d8    00000110     trcSnapshotRecorder.obj (.text:prvTraceStoreKernelCallWithNumericParamOnly)
                  000039e8    00000110     event_groups.obj (.text:xEventGroupWaitBits)
                  00003af8    0000010c     tasks.obj (.text:vTaskNotifyGiveFromISR)
                  00003c04    0000010c     tasks.obj (.text:xTaskPriorityInherit)
                  00003d10    00000104     cs.obj (.text:CS_initClockSignal)
                  00003e14    00000104     houseKeeping.obj (.text:adcInit)
                  00003f18    00000100     trcSnapshotRecorder.obj (.text:prvTraceSetObjectName)
                  00004018    000000f8     ff.obj (.text:put_fat)
                  00004110    000000f0     tasks.obj (.text:vTaskDelayUntil)
                  00004200    000000ee     ff.obj (.text:create_chain)
                  000042ee    00000002     msp432_startup_ccs.obj (.text:faultISR)
                  000042f0    000000ec     trcSnapshotRecorder.obj (.text:prvTraceStoreTaskReady)
                  000043dc    000000eb     ff.obj (.text:create_name)
                  000044c7    00000001     --HOLE-- [fill = 0]
                  000044c8    000000e8     taskManager.obj (.text:updateBatteryLevel)
                  000045b0    000000e4     timers.obj (.text:prvProcessReceivedCommands)
                  00004694    000000e4     trcSnapshotRecorder.obj (.text:prvTraceStoreTaskswitch)
                  00004778    000000e4     MPU9250.obj (.text:readI2C)
                  0000485c    000000e0     cs.obj (.text:_CSComputeCLKFrequency)
                  0000493c    000000dc     trcSnapshotRecorder.obj (.text:uiTraceStart)
                  00004a18    000000da     portasm.obj (.text)
                  00004af2    00000002     msp432_startup_ccs.obj (.text:nmiISR)
                  00004af4    000000d8     trcSnapshotRecorder.obj (.text:prvTraceGetPriorityProperty)
                  00004bcc    000000d8     trcKernelPort.obj (.text:vTraceInitObjectHandleStack)
                  00004ca4    000000d4     trcSnapshotRecorder.obj (.text:prvTraceSetPriorityProperty)
                  00004d78    000000d4     tasks.obj (.text:vTaskResume)
                  00004e4c    000000d0     tasks.obj (.text:vTaskSwitchContext)
                  00004f1c    000000cc     trcSnapshotRecorder.obj (.text:prvTraceGetObjectState)
                  00004fe8    000000cc     port.obj (.text:xPortStartScheduler)
                  000050b4    000000c8     trcSnapshotRecorder.obj (.text:prvTraceSetObjectState)
                  0000517c    000000c4     ff.obj (.text:dir_next)
                  00005240    000000c4     ff.obj (.text:get_fat)
                  00005304    000000bc     queue.obj (.text:prvInitialiseNewQueue)
                  000053c0    000000bc     trcSnapshotRecorder.obj (.text:vTraceStoreMemMangEvent)
                  0000547c    000000b0     msp432p4xx_driverlib.lib : spi.o (.text:SPI_initMaster)
                  0000552c    000000b0     tasks.obj (.text:xTaskRemoveFromEventList)
                  000055dc    000000ac     mmc_MSP432P401r.obj (.text:MMC_disk_write)
                  00005688    000000a8     tasks.obj (.text:vTaskRemoveFromUnorderedEventList)
                  00005730    000000a8     serial.obj (.text:vUART_Handler)
                  000057d8    000000a4     tasks.obj (.text:prvInitialiseNewTask)
                  0000587c    000000a4     trcSnapshotRecorder.obj (.text:prvTraceInitCortexM)
                  00005920    000000a4     MPU9250.obj (.text:writeI2C)
                  000059c4    000000a0     itoa.obj (.text:itoa)
                  00005a64    0000009e     event_groups.obj (.text:xEventGroupSetBits)
                  00005b02    0000009c     rtsv7M4_T_le_v4SPD16_eabi.lib : memcpy_t2.asm.obj (.text)
                  00005b9e    00000002     main_blinky.obj (.text:vApplicationTickHook)
                  00005ba0    0000009c     trcSnapshotRecorder.obj (.text:vTraceEnable)
                  00005c3c    00000098     tasks.obj (.text:vTaskDelay)
                  00005cd4    00000092     ff.obj (.text:dir_sdi)
                  00005d66    00000092     ff.obj (.text:f_sync)
                  00005df8    00000090     MPU9250.obj (.text:getMotion6)
                  00005e88    00000090     taskManager.obj (.text:prvSuspendAllTasks)
                  00005f18    00000090     trcSnapshotRecorder.obj (.text:prvTraceGetParam)
                  00005fa8    0000008c     ff.obj (.text:sync_fs)
                  00006034    0000008c     queue.obj (.text:xQueueGenericReset)
                  000060c0    00000088     mmc_MSP432P401r.obj (.text:MMC_disk_read)
                  00006148    00000088     tasks.obj (.text:prvAddCurrentTaskToDelayedList)
                  000061d0    00000088     tasks.obj (.text:xTaskCheckForTimeOut)
                  00006258    00000084     timers.obj (.text:prvSwitchTimerLists)
                  000062dc    00000084     tasks.obj (.text:vTaskPlaceOnEventListRestricted)
                  00006360    00000080     taskManager.obj (.text:taskManager)
                  000063e0    00000080     heap_4.obj (.text:vPortFree)
                  00006460    0000007c     msp432p4xx_driverlib.lib : rtc_c.o (.text:RTC_C_getCalendarTime)
                  000064dc    0000007c     ff.obj (.text:follow_path)
                  00006558    0000007c     tasks.obj (.text:prvIdleTask)
                  000065d4    0000007c     trcSnapshotRecorder.obj (.text:prvTraceSetTaskInstanceFinished)
                  00006650    0000007c     tasks.obj (.text:vTaskStartScheduler)
                  000066cc    0000007c     watchDogTask.obj (.text:watchDogTask)
                  00006748    0000007a     ff.obj (.text:check_fs)
                  000067c2    0000007a     rtsv7M4_T_le_v4SPD16_eabi.lib : memset_t2.asm.obj (.text)
                  0000683c    00000078     msp432p4xx_driverlib.lib : adc14.o (.text:ADC14_getMultiSequenceResult)
                  000068b4    00000078     main.obj (.text:prvSetupHardware)
                  0000692c    00000074     ff.obj (.text:remove_chain)
                  000069a0    00000070     queue.obj (.text:prvCopyDataToQueue)
                  00006a10    00000070     heap_4.obj (.text:prvHeapInit)
                  00006a80    00000070     timers.obj (.text:prvProcessTimerOrBlockTask)
                  00006af0    0000006c     main.obj (.text:prvConfigureClocks)
                  00006b5c    0000006c     queue.obj (.text:xQueueGenericCreate)
                  00006bc8    0000006c     timers.obj (.text:xTimerGenericCommand)
                  00006c34    0000006a     mmc_MSP432P401r.obj (.text:send_cmd)
                  00006c9e    00000002     --HOLE-- [fill = 0]
                  00006ca0    00000068     msp432p4xx_driverlib.lib : i2c.o (.text:I2C_masterSendMultiByteStart)
                  00006d08    00000068     system_msp432p401r.obj (.text:SystemInit)
                  00006d70    00000068     rtsv7M4_T_le_v4SPD16_eabi.lib : copy_decompress_lzss.c.obj (.text:decompress:lzss:__TI_decompress_lzss)
                  00006dd8    00000068     dataStorage.obj (.text:initSD)
                  00006e40    00000068     tasks.obj (.text:prvInitialiseTaskLists)
                  00006ea8    00000068     port.obj (.text:vPortSetupTimerInterrupt)
                  00006f10    00000066     queue.obj (.text:prvUnlockQueue)
                  00006f76    00000002     --HOLE-- [fill = 0]
                  00006f78    00000064     taskManager.obj (.text:prvResumeAllTasks)
                  00006fdc    00000062     tasks.obj (.text:xTaskCreate)
                  0000703e    00000002     --HOLE-- [fill = 0]
                  00007040    00000060     heap_4.obj (.text:prvInsertBlockIntoFreeList)
                  000070a0    00000060     trcSnapshotRecorder.obj (.text:prvTraceNextFreeEventBufferSlot)
                  00007100    00000060     MPU9250.obj (.text:writeBits)
                  00007160    0000005c     ff.obj (.text:dir_clear)
                  000071bc    0000005c     port.obj (.text:vPortValidateInterruptPriority)
                  00007218    00000058     timers.obj (.text:prvProcessExpiredTimer)
                  00007270    00000056     ff.obj (.text:dir_find)
                  000072c6    00000056     mmc_MSP432P401r.obj (.text:xmit_datablock)
                  0000731c    00000054     ttcTask.obj (.text:ttcTask)
                  00007370    00000054     tasks.obj (.text:vTaskPlaceOnUnorderedEventList)
                  000073c4    00000052     cs.obj (.text:_CSGetDividerValue)
                  00007416    00000002     --HOLE-- [fill = 0]
                  00007418    00000050     cs.obj (.text:_CSGetDOCFrequency)
                  00007468    00000050     houseKeeping.obj (.text:getTemperature)
                  000074b8    00000050     tasks.obj (.text:prvCheckTasksWaitingTermination)
                  00007508    00000050     trcSnapshotRecorder.obj (.text:prvTracePortGetTimeStamp)
                  00007558    00000050     MPU9250.obj (.text:writeBit)
                  000075a8    00000050     timers.obj (.text:xTimerCreateTimerTask)
                  000075f8    0000004c     gpio.obj (.text:GPIO_setAsPeripheralModuleFunctionInputPin)
                  00007644    0000004c     gpio.obj (.text:GPIO_setAsPeripheralModuleFunctionOutputPin)
                  00007690    0000004c     SPI_Driver.obj (.text:SPI_Init)
                  000076dc    0000004c     sysctl.obj (.text:SysCtl_getTLVInfo)
                  00007728    0000004c     ff.obj (.text:f_mount)
                  00007774    0000004c     timers.obj (.text:prvCheckForValidListAndQueue)
                  000077c0    0000004c     tasks.obj (.text:prvGetExpectedIdleTime)
                  0000780c    0000004c     taskManager.obj (.text:setOperationMode)
                  00007858    0000004c     main.obj (.text:vPreSleepProcessing)
                  000078a4    00000048     ff.obj (.text:dbc_2nd)
                  000078ec    00000048     ff.obj (.text:dir_alloc)
                  00007934    00000048     ff.obj (.text:get_ldnumber)
                  0000797c    00000048     timers.obj (.text:prvInsertTimerInActiveList)
                  000079c4    00000048     mmc_MSP432P401r.obj (.text:rcvr_datablock)
                  00007a0c    00000048     ff.obj (.text:sync_window)
                  00007a54    00000048     queue.obj (.text:vQueueWaitForMessageRestricted)
                  00007a9c    00000044     rtsv7M4_T_le_v4SPD16_eabi.lib : autoinit.c.obj (.text:__TI_auto_init_nobinit_nopinit:__TI_auto_init_nobinit_nopinit)
                  00007ae0    00000044     dataStorage.obj (.text:getLocalTime)
                  00007b24    00000044     taskManager.obj (.text:prvQueueDataCreate)
                  00007b68    00000040     msp432p4xx_driverlib.lib : spi.o (.text:is_A_Module)
                  00007ba8    00000040     main.obj (.text:main)
                  00007be8    0000003c     tasks.obj (.text:eTaskConfirmSleepModeStatus)
                  00007c24    0000003c     MPU9250.obj (.text:initI2C)
                  00007c60    0000003c     trcSnapshotRecorder.obj (.text:prvTraceError)
                  00007c9c    0000003c     trcSnapshotRecorder.obj (.text:prvTraceUpdateCounters)
                  00007cd8    0000003c     port.obj (.text:vPortEnterCritical)
                  00007d14    0000003a     ff.obj (.text:dir_register)
                  00007d4e    0000003a     mmc_MSP432P401r.obj (.text:send_cmd12)
                  00007d88    0000003a     ff.obj (.text:validate)
                  00007dc2    00000002     --HOLE-- [fill = 0]
                  00007dc4    00000038     rtsv7M4_T_le_v4SPD16_eabi.lib : boot_cortex_m.c.obj (.text:_c_int00_noargs:_c_int00_noargs)
                  00007dfc    00000038     tasks.obj (.text:prvTaskIsTaskSuspended)
                  00007e34    00000038     mmc_MSP432P401r.obj (.text:send_initial_clock_train)
                  00007e6c    00000038     main.obj (.text:vPostSleepProcessing)
                  00007ea4    00000034     ff.obj (.text:move_window)
                  00007ed8    00000034     IntQueueTimer.obj (.text:vT32_0_Handler)
                  00007f0c    00000032     list.obj (.text:vListInsert)
                  00007f3e    00000002     --HOLE-- [fill = 0]
                  00007f40    00000030     aodcsTask.obj (.text:aodcsTask)
                  00007f70    00000030     cameraTask.obj (.text:cameraTask)
                  00007fa0    00000030     ff.obj (.text:dbc_1st)
                  00007fd0    00000030     taskManager.obj (.text:hibernate)
                  00008000    00000030     pptTask.obj (.text:pptTask)
                  00008030    00000030     port.obj (.text:prvTaskExitError)
                  00008060    00000030     IntQueueTimer.obj (.text:vT32_1_Handler)
                  00008090    00000030     tasks.obj (.text:vTaskPlaceOnEventList)
                  000080c0    00000030     tasks.obj (.text:vTaskStepTick)
                  000080f0    0000002c     cs.obj (.text:CS_setDCOCenteredFrequency)
                  0000811c    0000002c     gpio.obj (.text:GPIO_setAsInputPinWithPullUpResistor)
                  00008148    0000002c     SPI_Driver.obj (.text:SPI_Read)
                  00008174    0000002c     SPI_Driver.obj (.text:SPI_Write)
                  000081a0    0000002c     main.obj (.text:configWakeUpPin)
                  000081cc    0000002c     tasks.obj (.text:prvResetNextTaskUnblockTime)
                  000081f8    0000002c     timers.obj (.text:prvSampleTimeNow)
                  00008224    0000002c     port.obj (.text:pxPortInitialiseStack)
                  00008250    0000002c     mmc_MSP432P401r.obj (.text:rcvr_spi)
                  0000827c    0000002c     port.obj (.text:vPortExitCritical)
                  000082a8    0000002c     port.obj (.text:xPortSysTickHandler)
                  000082d4    00000028     GPIO_Driver.obj (.text:GPIO_Init)
                  000082fc    00000028     queue.obj (.text:prvCopyDataFromQueue)
                  00008324    00000028     mmc_MSP432P401r.obj (.text:xmit_spi)
                  0000834c    00000026     ff.obj (.text:ld_clust)
                  00008372    00000026     list.obj (.text:uxListRemove)
                  00008398    00000024     cs.obj (.text:CS_clearInterruptFlag)
                  000083bc    00000024     timers.obj (.text:prvGetNextExpireTime)
                  000083e0    00000024     trcSnapshotRecorder.obj (.text:vTraceStop)
                  00008404    00000024     queue.obj (.text:xQueueIsQueueFullFromISR)
                  00008428    00000022     ff.obj (.text:st_clust)
                  0000844a    00000002     --HOLE-- [fill = 0]
                  0000844c    00000020     gpio.obj (.text:GPIO_setAsOutputPin)
                  0000846c    00000020     MPU9250.obj (.text:MPU9250_initialize)
                  0000848c    00000020     main.obj (.text:prvCalendarConfiguration)
                  000084ac    00000020     trcSnapshotRecorder.obj (.text:prvMarkObjectAsUsed)
                  000084cc    00000020     IntQueue.obj (.text:prvRecordValue_NormallyEmpty)
                  000084ec    00000020     IntQueue.obj (.text:prvRecordValue_NormallyFull)
                  0000850c    00000020     mmc_MSP432P401r.obj (.text:wait_ready)
                  0000852c    00000020     tasks.obj (.text:xTaskGetSchedulerState)
                  0000854c    0000001e     diskio.obj (.text:disk_read)
                  0000856a    0000001e     diskio.obj (.text:disk_write)
                  00008588    0000001e     queue.obj (.text:prvIsQueueFull)
                  000085a6    0000001e     list.obj (.text:vListInitialise)
                  000085c4    0000001c     msp432p4xx_driverlib.lib : adc14.o (.text:ADC14_getResult)
                  000085e0    0000001c     sysctl.obj (.text:SysCtl_setWDTTimeoutResetType)
                  000085fc    0000001c     diskio.obj (.text:disk_ioctl)
                  00008618    0000001a     queue.obj (.text:prvIsQueueEmpty)
                  00008632    0000001a     trcSnapshotRecorder.obj (.text:prvStrncpy)
                  0000864c    0000001a     trcKernelPort.obj (.text:prvTraceSetQueueNumberHigh16)
                  00008666    0000001a     trcKernelPort.obj (.text:prvTraceSetQueueNumberLow16)
                  00008680    0000001a     trcKernelPort.obj (.text:prvTraceSetTaskNumberHigh16)
                  0000869a    0000001a     trcKernelPort.obj (.text:prvTraceSetTaskNumberLow16)
                  000086b4    0000001a     event_groups.obj (.text:xEventGroupCreate)
                  000086ce    00000002     --HOLE-- [fill = 0]
                  000086d0    00000018     cs.obj (.text:CS_getMCLK)
                  000086e8    00000018     ff.obj (.text:clst2sect)
                  00008700    00000018     diskio.obj (.text:disk_initialize)
                  00008718    00000018     diskio.obj (.text:disk_status)
                  00008730    00000018     ff.obj (.text:mem_cmp)
                  00008748    00000018     event_groups.obj (.text:prvTestWaitCondition)
                  00008760    00000018     tasks.obj (.text:pvTaskIncrementMutexHeldCount)
                  00008778    00000018     msp432_startup_ccs.obj (.text:resetISR)
                  00008790    00000018     ff.obj (.text:st_dword)
                  000087a8    00000018     tasks.obj (.text:uxTaskResetEventItemValue)
                  000087c0    00000018     list.obj (.text:vListInsertEnd)
                  000087d8    00000018     tasks.obj (.text:vTaskInternalSetTimeOutState)
                  000087f0    00000016     ff.obj (.text:ld_dword)
                  00008806    00000016     ff.obj (.text:mem_cpy)
                  0000881c    00000016     queue.obj (.text:xQueueCreateMutex)
                  00008832    00000002     --HOLE-- [fill = 0]
                  00008834    00000014     gpio.obj (.text:GPIO_clearInterruptFlag)
                  00008848    00000014     gpio.obj (.text:GPIO_enableInterrupt)
                  0000885c    00000014     gpio.obj (.text:GPIO_setOutputLowOnPin)
                  00008870    00000014     gpio.obj (.text:GPIO_toggleOutputOnPin)
                  00008884    00000014     ff.obj (.text:chk_chr)
                  00008898    00000014     mmc_MSP432P401r.obj (.text:power_on)
                  000088ac    00000014     queue.obj (.text:prvGetDisinheritPriorityAfterTimeout)
                  000088c0    00000014     queue.obj (.text:prvInitialiseMutex)
                  000088d4    00000014     IntQueue.obj (.text:prvQueueAccessLogError)
                  000088e8    00000014     timers.obj (.text:prvTimerTask)
                  000088fc    00000012     tasks.obj (.text:prvDeleteTCB)
                  0000890e    00000002     --HOLE-- [fill = 0]
                  00008910    00000010     GPIO_Driver.obj (.text:GPIO_High)
                  00008920    00000010     GPIO_Driver.obj (.text:GPIO_Low)
                  00008930    00000010     MPU9250.obj (.text:MPU9250_getMotion9)
                  00008940    00000010     ff.obj (.text:mem_set)
                  00008950    00000010     taskManager.obj (.text:prvWatchDogEventGroupCreate)
                  00008960    00000010     aodcsTask.obj (.text:setWatchDogBit_AODCS)
                  00008970    00000010     cameraTask.obj (.text:setWatchDogBit_CAMERA)
                  00008980    00000010     dataStorage.obj (.text:setWatchDogBit_DATASTORAGE)
                  00008990    00000010     houseKeeping.obj (.text:setWatchDogBit_HOUSEKEEPING)
                  000089a0    00000010     pptTask.obj (.text:setWatchDogBit_PPT)
                  000089b0    00000010     ttcTask.obj (.text:setWatchDogBit_TTC)
                  000089c0    00000010     main.obj (.text:vApplicationIdleHook)
                  000089d0    00000010     main.obj (.text:vApplicationMallocFailedHook)
                  000089e0    00000010     main.obj (.text:vApplicationStackOverflowHook)
                  000089f0    00000010     tasks.obj (.text:vTaskSuspendAll)
                  00008a00    0000000e     rtsv7M4_T_le_v4SPD16_eabi.lib : copy_decompress_none.c.obj (.text:decompress:none:__TI_decompress_none)
                  00008a0e    0000000e     ff.obj (.text:st_word)
                  00008a1c    0000000c     mmc_MSP432P401r.obj (.text:MMC_disk_status)
                  00008a28    0000000c     MPU9250.obj (.text:MPU9250_setClockSource)
                  00008a34    0000000c     sysctl.obj (.text:SysCtl_getTempCalibrationConstant)
                  00008a40    0000000c     mmc_MSP432P401r.obj (.text:chk_power)
                  00008a4c    0000000c     rtsv7M4_T_le_v4SPD16_eabi.lib : copy_zero_init.c.obj (.text:decompress:ZI:__TI_zero_init)
                  00008a58    0000000c     ff.obj (.text:ld_word)
                  00008a64    0000000c     mmc_MSP432P401r.obj (.text:power_off)
                  00008a70    0000000c     trcKernelPort.obj (.text:prvTraceGetQueueNumberHigh16)
                  00008a7c    0000000c     trcKernelPort.obj (.text:prvTraceGetTaskNumberHigh16)
                  00008a88    0000000c     mmc_MSP432P401r.obj (.text:rcvr_spi_m)
                  00008a94    0000000c     MPU9250.obj (.text:setFullScaleAccelRange)
                  00008aa0    0000000c     MPU9250.obj (.text:setFullScaleGyroRange)
                  00008aac    0000000c     tasks.obj (.text:vTaskMissedYield)
                  00008ab8    0000000c     tasks.obj (.text:xTaskGetCurrentTaskHandle)
                  00008ac4    0000000c     tasks.obj (.text:xTaskGetTickCount)
                  00008ad0    0000000a     trcKernelPort.obj (.text:prvTraceGetQueueNumberLow16)
                  00008ada    0000000a     trcKernelPort.obj (.text:prvTraceGetTaskNumberLow16)
                  00008ae4    0000000a     MPU9250.obj (.text:setSleepEnabled)
                  00008aee    0000000a     tasks.obj (.text:uxTaskGetTaskNumber)
                  00008af8    00000006     queue.obj (.text:ucQueueGetQueueType)
                  00008afe    00000006     list.obj (.text:vListInitialiseItem)
                  00008b04    00000006     tasks.obj (.text:vTaskSetTaskNumber)
                  00008b0a    00000004     rtsv7M4_T_le_v4SPD16_eabi.lib : pre_init.c.obj (.text:_system_pre_init)
                  00008b0e    00000004                                   : exit.c.obj (.text:abort:abort)
                  00008b12    00000004     mmc_MSP432P401r.obj (.text:get_fattime)
                  00008b16    00000004     queue.obj (.text:uxQueueGetQueueNumber)
                  00008b1a    00000004     queue.obj (.text:vQueueSetQueueNumber)
                  00008b1e    00000004     trcSnapshotRecorder.obj (.text:vTraceStart)

.const     0    00008b24    000000ac     
                  00008b24    00000080     msp432p4xx_driverlib.lib : adc14.o (.const:_ctlRegs)
                  00008ba4    00000014     MPU9250.obj (.const:i2cConfig)
                  00008bb8    0000000a     ff.obj (.const:.string:DbcTbl)
                  00008bc2    00000002     --HOLE-- [fill = 0]
                  00008bc4    00000008     port.obj (.const)
                  00008bcc    00000004     serial.obj (.const)

.cinit     0    00008bd0    00000098     
                  00008bd0    00000071     (.cinit..data.load) [load image, compression = lzss]
                  00008c41    00000003     --HOLE-- [fill = 0]
                  00008c44    0000000c     (__TI_handler_table)
                  00008c50    00000008     (.cinit..bss.load) [load image, compression = zero_init]
                  00008c58    00000010     (__TI_cinit_table)

.init_array 
*          0    00000000    00000000     UNINITIALIZED

.binit     0    00000000    00000000     

.bss       0    20000000    0000f77c     UNINITIALIZED
                  20000000    0000c800     heap_4.obj (.bss:ucHeap)
                  2000c800    000028b8     (.common:RecorderData)
                  2000f0b8    00000230     (.common:sdDriver)
                  2000f2e8    00000228     (.common:file)
                  2000f510    00000084     (.common:obcData)
                  2000f594    00000064     tasks.obj (.bss:pxReadyTasksLists)
                  2000f5f8    0000003f     (.common:imuData)
                  2000f637    00000001     (.common:fResult)
                  2000f638    0000001c     main.obj (.bss:calendarConfig)
                  2000f654    00000014     timers.obj (.bss:xActiveTimerList1)
                  2000f668    00000014     timers.obj (.bss:xActiveTimerList2)
                  2000f67c    00000014     tasks.obj (.bss:xDelayedTaskList1)
                  2000f690    00000014     tasks.obj (.bss:xDelayedTaskList2)
                  2000f6a4    00000014     tasks.obj (.bss:xPendingReadyList)
                  2000f6b8    00000014     tasks.obj (.bss:xSuspendedTaskList)
                  2000f6cc    00000014     tasks.obj (.bss:xTasksWaitingTermination)
                  2000f6e0    00000010     (.common:bufferIMU)
                  2000f6f0    0000000c     (.common:resultsBuffer)
                  2000f6fc    00000009     mmc_MSP432P401r.obj (.bss)
                  2000f705    00000001     --HOLE--
                  2000f706    00000002     ff.obj (.bss)
                  2000f708    00000008     IntQueue.obj (.bss)
                  2000f710    00000008     cs.obj (.bss)
                  2000f718    00000008     tasks.obj (.bss)
                  2000f720    00000008     timers.obj (.bss)
                  2000f728    00000008     heap_4.obj (.bss:xStart)
                  2000f730    00000008     (.common:buffer)
                  2000f738    00000006     (.common:localTime)
                  2000f73e    00000002     (.common:cal30)
                  2000f740    00000004     ff.obj (.bss:FatFs)
                  2000f744    00000004     (.common:WATCHDOG_EVENT_GROUP)
                  2000f748    00000004     (.common:bw)
                  2000f74c    00000004     (.common:clock)
                  2000f750    00000004     (.common:flag_lowBattery)
                  2000f754    00000004     (.common:flag_systemMode)
                  2000f758    00000004     (.common:init_hwtc_count)
                  2000f75c    00000004     (.common:taskHandlerAodcs)
                  2000f760    00000004     (.common:taskHandlerCamera)
                  2000f764    00000004     (.common:taskHandlerDataStorage)
                  2000f768    00000004     (.common:taskHandlerHouseKeeping)
                  2000f76c    00000004     (.common:taskHandlerPpt)
                  2000f770    00000004     (.common:taskHandlerTtc)
                  2000f774    00000004     (.common:taskHandlerWatchDog)
                  2000f778    00000002     (.common:cal85)
                  2000f77a    00000002     (.common:calDifference)

.data      0    2000f77c    00000383     UNINITIALIZED
                  2000f77c    000000c8     IntQueue.obj (.data:ucNormallyEmptyReceivedValues)
                  2000f844    000000c8     IntQueue.obj (.data:ucNormallyFullReceivedValues)
                  2000f90c    0000008e     trcSnapshotRecorder.obj (.data:objectHandleStacks)
                  2000f99a    00000002     MPU9250.obj (.data)
                  2000f99c    00000044     trcSnapshotRecorder.obj (.data)
                  2000f9e0    0000003c     IntQueue.obj (.data)
                  2000fa1c    00000034     tasks.obj (.data)
                  2000fa50    00000030     gpio.obj (.data:GPIO_PORT_TO_BASE)
                  2000fa80    0000001c     dataStorage.obj (.data:SPI0MasterConfig)
                  2000fa9c    00000018     port.obj (.data)
                  2000fab4    00000018     taskManager.obj (.data)
                  2000facc    00000010     heap_4.obj (.data)
                  2000fadc    00000010     serial.obj (.data)
                  2000faec    0000000c     timers.obj (.data)
                  2000faf8    00000005     trcKernelPort.obj (.data:TraceQueueClassTable)
                  2000fafd    00000002     mmc_MSP432P401r.obj (.data)

.stack     0    2000fce0    00000320     UNINITIALIZED
                  2000fce0    00000004     rtsv7M4_T_le_v4SPD16_eabi.lib : boot_cortex_m.c.obj (.stack)
                  2000fce4    0000031c     --HOLE--

MODULE SUMMARY

       Module                       code    ro data   rw data
       ------                       ----    -------   -------
    .\
       main.obj                     548     0         400    
    +--+----------------------------+-------+---------+---------+
       Total:                       548     0         400    
                                                             
    .\FreeRTOS_Source\
       tasks.obj                    5220    0         520    
       queue.obj                    3818    0         0      
       timers.obj                   996     0         120    
       event_groups.obj             480     0         0      
       list.obj                     148     0         0      
    +--+----------------------------+-------+---------+---------+
       Total:                       10662   0         640    
                                                             
    .\FreeRTOS_Source\portable\CCS\ARM_CM4F\
       port.obj                     948     8         48     
       portasm.obj                  218     0         0      
    +--+----------------------------+-------+---------+---------+
       Total:                       1166    8         48     
                                                             
    .\FreeRTOS_Source\portable\MemMang\
       heap_4.obj                   628     0         102448 
    +--+----------------------------+-------+---------+---------+
       Total:                       628     0         102448 
                                                             
    .\Full_Demo\
       serial.obj                   168     4         32     
       IntQueueTimer.obj            100     0         0      
    +--+----------------------------+-------+---------+---------+
       Total:                       268     4         32     
                                                             
    .\Full_Demo\Standard_Demo_Tasks\
       IntQueue.obj                 832     0         936    
    +--+----------------------------+-------+---------+---------+
       Total:                       832     0         936    
                                                             
    .\SimplyBlinkyDemo\
       main_blinky.obj              2       0         0      
    +--+----------------------------+-------+---------+---------+
       Total:                       2       0         0      
                                                             
    .\Tracealyzer\
       trcSnapshotRecorder.obj      5810    0         21276  
       trcKernelPort.obj            1478    0         10     
    +--+----------------------------+-------+---------+---------+
       Total:                       7288    0         21286  
                                                             
    .\driverlib\
       cs.obj                       1058    0         16     
       gpio.obj                     308     0         96     
       sysctl.obj                   116     0         0      
    +--+----------------------------+-------+---------+---------+
       Total:                       1482    0         112    
                                                             
    .\interface\
       MPU9250.obj                  866     20        36     
    +--+----------------------------+-------+---------+---------+
       Total:                       866     20        36     
                                                             
    .\src\
       dataStorage.obj              968     0         2444   
       taskManager.obj              1108    0         56     
       houseKeeping.obj             796     0         36     
       watchDogTask.obj             124     0         0      
       ttcTask.obj                  100     0         0      
       aodcsTask.obj                64      0         0      
       cameraTask.obj               64      0         0      
       pptTask.obj                  64      0         0      
    +--+----------------------------+-------+---------+---------+
       Total:                       3288    0         2536   
                                                             
    .\system\CCS\
       msp432_startup_ccs.obj       30      324       0      
       system_msp432p401r.obj       104     0         0      
    +--+----------------------------+-------+---------+---------+
       Total:                       134     324       0      
                                                             
    .\util\
       itoa.obj                     160     0         0      
    +--+----------------------------+-------+---------+---------+
       Total:                       160     0         0      
                                                             
    .\util\Hardware\
       SPI_Driver.obj               164     0         0      
       GPIO_Driver.obj              72      0         0      
    +--+----------------------------+-------+---------+---------+
       Total:                       236     0         0      
                                                             
    .\util\fatfs\
       ff.obj                       4491    10        12     
       mmc_MSP432P401r.obj          1578    0         22     
       diskio.obj                   136     0         0      
    +--+----------------------------+-------+---------+---------+
       Total:                       6205    10        34     
                                                             
    C:/ti/simplelink_msp432p4_sdk_2_40_00_10/source/ti/devices/msp432p4xx/driverlib/ccs/msp432p4xx_driverlib.lib
       adc14.o                      500     128       0      
       spi.o                        240     0         0      
       rtc_c.o                      124     0         0      
       i2c.o                        104     0         0      
    +--+----------------------------+-------+---------+---------+
       Total:                       968     128       0      
                                                             
    C:\ti\ccsv8\tools\compiler\ti-cgt-arm_18.1.1.LTS\lib\rtsv7M4_T_le_v4SPD16_eabi.lib
       memcpy_t2.asm.obj            156     0         0      
       memset_t2.asm.obj            122     0         0      
       copy_decompress_lzss.c.obj   104     0         0      
       autoinit.c.obj               68      0         0      
       boot_cortex_m.c.obj          56      0         0      
       copy_decompress_none.c.obj   14      0         0      
       copy_zero_init.c.obj         12      0         0      
       exit.c.obj                   4       0         0      
       pre_init.c.obj               4       0         0      
    +--+----------------------------+-------+---------+---------+
       Total:                       540     0         0      
                                                             
       Stack:                       0       0         1600   
       Linker Generated:            0       149       0      
    +--+----------------------------+-------+---------+---------+
       Grand Total:                 35273   643       130108 


LINKER GENERATED COPY TABLES

__TI_cinit_table @ 00008c58 records: 2, size/record: 8, table size: 16
	.data: load addr=00008bd0, load size=00000071 bytes, run addr=2000f77c, run size=00000383 bytes, compression=lzss
	.bss: load addr=00008c50, load size=00000008 bytes, run addr=20000000, run size=0000f77c bytes, compression=zero_init


LINKER GENERATED HANDLER TABLE

__TI_handler_table @ 00008c44 records: 3, size/record: 4, table size: 12
	index: 0, handler: __TI_decompress_lzss
	index: 1, handler: __TI_decompress_none
	index: 2, handler: __TI_zero_init


GLOBAL SYMBOLS: SORTED ALPHABETICALLY BY Name 

address   name                                       
-------   ----                                       
000044c9  ADC14_IRQHandler                           
0000683d  ADC14_getMultiSequenceResult               
000085c5  ADC14_getResult                            
00008b0f  C$$EXIT                                    
00008399  CS_clearInterruptFlag                      
00002b11  CS_getDCOFrequency                         
000086d1  CS_getMCLK                                 
00003d11  CS_initClockSignal                         
000080f1  CS_setDCOCenteredFrequency                 
2000f9c6  CurrentFilterGroup                         
2000f9c4  CurrentFilterMask                          
00008911  GPIO_High                                  
000082d5  GPIO_Init                                  
00008921  GPIO_Low                                   
00008835  GPIO_clearInterruptFlag                    
00008849  GPIO_enableInterrupt                       
0000811d  GPIO_setAsInputPinWithPullUpResistor       
0000844d  GPIO_setAsOutputPin                        
000075f9  GPIO_setAsPeripheralModuleFunctionInputPin 
00007645  GPIO_setAsPeripheralModuleFunctionOutputPin
0000885d  GPIO_setOutputLowOnPin                     
00008871  GPIO_toggleOutputOnPin                     
00006ca1  I2C_masterSendMultiByteStart               
00002611  MMC_disk_initialize                        
00001ed9  MMC_disk_ioctl                             
000060c1  MMC_disk_read                              
00008a1d  MMC_disk_status                            
000055dd  MMC_disk_write                             
2000f99a  MPU9250_devAddr                            
00008931  MPU9250_getMotion9                         
0000846d  MPU9250_initialize                         
00008a29  MPU9250_setClockSource                     
00006461  RTC_C_getCalendarTime                      
2000c800  RecorderData                               
2000f9cc  RecorderDataPtr                            
2000fa80  SPI0MasterConfig                           
00007691  SPI_Init                                   
00008149  SPI_Read                                   
00008175  SPI_Write                                  
0000547d  SPI_initMaster                             
000076dd  SysCtl_getTLVInfo                          
00008a35  SysCtl_getTempCalibrationConstant          
000085e1  SysCtl_setWDTTimeoutResetType              
00006d09  SystemInit                                 
2000faf8  TraceQueueClassTable                       
2000f744  WATCHDOG_EVENT_GROUP                       
4000480c  WDTCTL_SYM                                 
000085e1  WDT_A_setTimeoutReset                      
20010000  __STACK_END                                
00000320  __STACK_SIZE                               
00008c58  __TI_CINIT_Base                            
00008c68  __TI_CINIT_Limit                           
00008c44  __TI_Handler_Table_Base                    
00008c50  __TI_Handler_Table_Limit                   
00007a9d  __TI_auto_init_nobinit_nopinit             
00006d71  __TI_decompress_lzss                       
00008a01  __TI_decompress_none                       
ffffffff  __TI_pprof_out_hndl                        
ffffffff  __TI_prof_data_size                        
ffffffff  __TI_prof_data_start                       
00000000  __TI_static_base__                         
00008a4d  __TI_zero_init                             
000067c3  __aeabi_memclr                             
000067c3  __aeabi_memclr4                            
000067c3  __aeabi_memclr8                            
00005b03  __aeabi_memcpy                             
00005b03  __aeabi_memcpy4                            
00005b03  __aeabi_memcpy8                            
000067c5  __aeabi_memset                             
000067c5  __aeabi_memset4                            
000067c5  __aeabi_memset8                            
ffffffff  __binit__                                  
ffffffff  __c_args__                                 
UNDEFED   __mpu_init                                 
2000fce0  __stack                                    
00007dc5  _c_int00_noargs                            
UNDEFED   _system_post_cinit                         
00008b0b  _system_pre_init                           
00008b0f  abort                                      
00003e15  adcInit                                    
2000faca  adcInitDelay                               
00007f41  aodcsTask                                  
2000fac8  batteryValue                               
ffffffff  binit                                      
2000f730  buffer                                     
2000f6e0  bufferIMU                                  
2000f748  bw                                         
2000f73e  cal30                                      
2000f778  cal85                                      
2000f77a  calDifference                              
00007f71  cameraTask                                 
2000f74c  clock                                      
000081a1  configWakeUpPin                            
00000481  dataStorage                                
00008701  disk_initialize                            
000085fd  disk_ioctl                                 
0000854d  disk_read                                  
00008719  disk_status                                
0000856b  disk_write                                 
00007be9  eTaskConfirmSleepModeStatus                
2000f637  fResult                                    
00007729  f_mount                                    
00001665  f_open                                     
00005d67  f_sync                                     
0000181f  f_write                                    
2000f2e8  file                                       
2000f750  flag_lowBattery                            
2000f754  flag_systemMode                            
00007ae1  getLocalTime                               
00005df9  getMotion6                                 
00007469  getTemperature                             
00008b13  get_fattime                                
2000f9bd  handle_of_last_logged_task                 
00007fd1  hibernate                                  
000019d9  houseKeeping                               
00008ba4  i2cConfig                                  
2000f5f8  imuData                                    
00007c25  initI2C                                    
00006dd9  initSD                                     
2000f758  init_hwtc_count                            
00000000  interruptVectors                           
2000f99c  isPendingContextSwitch                     
000059c5  itoa                                       
2000f738  localTime                                  
00007ba9  main                                       
00005b03  memcpy                                     
000067cb  memset                                     
2000f9bc  nISRactive                                 
2000f510  obcData                                    
2000f90c  objectHandleStacks                         
00008001  pptTask                                    
0000848d  prvCalendarConfiguration                   
000084ad  prvMarkObjectAsUsed                        
00007b25  prvQueueDataCreate                         
00006f79  prvResumeAllTasks                          
00005e89  prvSuspendAllTasks                         
00002fd9  prvTaskCreate                              
00007c61  prvTraceError                              
00008ab9  prvTraceGetCurrentTaskHandle               
00002759  prvTraceGetObjectHandle                    
00004af5  prvTraceGetPriorityProperty                
00008b17  prvTraceGetQueueNumber                     
00008a71  prvTraceGetQueueNumberHigh16               
00008ad1  prvTraceGetQueueNumberLow16                
00008af9  prvTraceGetQueueType                       
00008a7d  prvTraceGetTaskNumberHigh16                
00008adb  prvTraceGetTaskNumberLow16                 
0000587d  prvTraceInitCortexM                        
00007509  prvTracePortGetTimeStamp                   
00003f19  prvTraceSetObjectName                      
000050b5  prvTraceSetObjectState                     
00004ca5  prvTraceSetPriorityProperty                
0000864d  prvTraceSetQueueNumberHigh16               
00008667  prvTraceSetQueueNumberLow16                
000065d5  prvTraceSetTaskInstanceFinished            
00008681  prvTraceSetTaskNumberHigh16                
0000869b  prvTraceSetTaskNumberLow16                 
00001d41  prvTraceStoreKernelCall                    
000038d9  prvTraceStoreKernelCallWithNumericParamOnly
000012e5  prvTraceStoreKernelCallWithParam           
000042f1  prvTraceStoreTaskReady                     
00004695  prvTraceStoreTaskswitch                    
00008951  prvWatchDogEventGroupCreate                
00000145  pszTraceGetErrorNotEnoughHandles           
00003229  pvPortMalloc                               
00008761  pvTaskIncrementMutexHeldCount              
2000fa1c  pxCurrentTCB                               
00008225  pxPortInitialiseStack                      
00004779  readI2C                                    
2000f9b0  recorder_busy                              
2000f6f0  resultsBuffer                              
2000f0b8  sdDriver                                   
2000fac0  semaphoreIMU                               
2000fac4  semaphoreSystem                            
00008a95  setFullScaleAccelRange                     
00008aa1  setFullScaleGyroRange                      
0000780d  setOperationMode                           
00008ae5  setSleepEnabled                            
00008961  setWatchDogBit_AODCS                       
00008971  setWatchDogBit_CAMERA                      
00008981  setWatchDogBit_DATASTORAGE                 
00008991  setWatchDogBit_HOUSEKEEPING                
000089a1  setWatchDogBit_PPT                         
000089b1  setWatchDogBit_TTC                         
2000f75c  taskHandlerAodcs                           
2000f760  taskHandlerCamera                          
2000f764  taskHandlerDataStorage                     
2000f768  taskHandlerHouseKeeping                    
2000f76c  taskHandlerPpt                             
2000f770  taskHandlerTtc                             
2000f774  taskHandlerWatchDog                        
00006361  taskManager                                
2000f9b4  timestampFrequency                         
2000f9b8  traceErrorMessage                          
2000f9a8  trace_disable_timestamp                    
0000731d  ttcTask                                    
00008af9  ucQueueGetQueueType                        
00003101  uiIndexOfObject                            
0000493d  uiTraceStart                               
2000f9a4  uiTraceTickCount                           
00008bc4  ulMaxSyscallInterruptPriority              
00004a29  ulPortGetIPSR                              
000044c9  updateBatteryLevel                         
00008373  uxListRemove                               
00008b17  uxQueueGetQueueNumber                      
00008aef  uxTaskGetTaskNumber                        
000087a9  uxTaskResetEventItemValue                  
000089c1  vApplicationIdleHook                       
000089d1  vApplicationMallocFailedHook               
000089e1  vApplicationStackOverflowHook              
00005b9f  vApplicationTickHook                       
000085a7  vListInitialise                            
00008aff  vListInitialiseItem                        
00007f0d  vListInsert                                
000087c1  vListInsertEnd                             
00004ae5  vPortEnableVFP                             
00007cd9  vPortEnterCritical                         
0000827d  vPortExitCritical                          
000063e1  vPortFree                                  
00004aa1  vPortSVCHandler                            
00006ea9  vPortSetupTimerInterrupt                   
00004ac1  vPortStartFirstTask                        
00002c45  vPortSuppressTicksAndSleep                 
000071bd  vPortValidateInterruptPriority             
00007e6d  vPostSleepProcessing                       
00007859  vPreSleepProcessing                        
00008b1b  vQueueSetQueueNumber                       
00007a55  vQueueWaitForMessageRestricted             
00007ed9  vT32_0_Handler                             
00008061  vT32_1_Handler                             
00005c3d  vTaskDelay                                 
00004111  vTaskDelayUntil                            
000087d9  vTaskInternalSetTimeOutState               
00008aad  vTaskMissedYield                           
00003af9  vTaskNotifyGiveFromISR                     
00008091  vTaskPlaceOnEventList                      
000062dd  vTaskPlaceOnEventListRestricted            
00007371  vTaskPlaceOnUnorderedEventList             
0000334d  vTaskPriorityDisinheritAfterTimeout        
00005689  vTaskRemoveFromUnorderedEventList          
00004d79  vTaskResume                                
00008b05  vTaskSetTaskNumber                         
00006651  vTaskStartScheduler                        
000080c1  vTaskStepTick                              
0000346d  vTaskSuspend                               
000089f1  vTaskSuspendAll                            
00004e4d  vTaskSwitchContext                         
00005ba1  vTraceEnable                               
00004bcd  vTraceInitObjectHandleStack                
0000358d  vTraceInitObjectPropertyTable              
00008b1f  vTraceStart                                
000083e1  vTraceStop                                 
2000f9c0  vTraceStopHookPtr                          
000053c1  vTraceStoreMemMangEvent                    
00005731  vUART_Handler                              
2000facb  wakeState                                  
000066cd  watchDogTask                               
00007559  writeBit                                   
00007101  writeBits                                  
00005921  writeI2C                                   
000086b5  xEventGroupCreate                          
00005a65  xEventGroupSetBits                         
000039e9  xEventGroupWaitBits                        
00002ead  xFirstTimerHandler                         
00004a41  xPortPendSVHandler                         
00004fe9  xPortStartScheduler                        
000082a9  xPortSysTickHandler                        
0000881d  xQueueCreateMutex                          
2000fab8  xQueueDataObc                              
00006b5d  xQueueGenericCreate                        
00006035  xQueueGenericReset                         
00000a95  xQueueGenericSend                          
00002341  xQueueGenericSendFromISR                   
2000fab4  xQueueIMU                                  
00008405  xQueueIsQueueFullFromISR                   
00000d6d  xQueueReceive                              
00002d79  xQueueReceiveFromISR                       
0000078d  xQueueSemaphoreTake                        
2000fabc  xQueueSystem                               
000014a5  xSecondTimerHandler                        
000061d1  xTaskCheckForTimeOut                       
00006fdd  xTaskCreate                                
00008ab9  xTaskGetCurrentTaskHandle                  
0000852d  xTaskGetSchedulerState                     
00008ac5  xTaskGetTickCount                          
000021c9  xTaskIncrementTick                         
000037c5  xTaskPriorityDisinherit                    
00003c05  xTaskPriorityInherit                       
0000552d  xTaskRemoveFromEventList                   
000036ad  xTaskResumeAll                             
000075a9  xTimerCreateTimerTask                      
00006bc9  xTimerGenericCommand                       


GLOBAL SYMBOLS: SORTED BY Symbol Address 

address   name                                       
-------   ----                                       
00000000  __TI_static_base__                         
00000000  interruptVectors                           
00000145  pszTraceGetErrorNotEnoughHandles           
00000320  __STACK_SIZE                               
00000481  dataStorage                                
0000078d  xQueueSemaphoreTake                        
00000a95  xQueueGenericSend                          
00000d6d  xQueueReceive                              
000012e5  prvTraceStoreKernelCallWithParam           
000014a5  xSecondTimerHandler                        
00001665  f_open                                     
0000181f  f_write                                    
000019d9  houseKeeping                               
00001d41  prvTraceStoreKernelCall                    
00001ed9  MMC_disk_ioctl                             
000021c9  xTaskIncrementTick                         
00002341  xQueueGenericSendFromISR                   
00002611  MMC_disk_initialize                        
00002759  prvTraceGetObjectHandle                    
00002b11  CS_getDCOFrequency                         
00002c45  vPortSuppressTicksAndSleep                 
00002d79  xQueueReceiveFromISR                       
00002ead  xFirstTimerHandler                         
00002fd9  prvTaskCreate                              
00003101  uiIndexOfObject                            
00003229  pvPortMalloc                               
0000334d  vTaskPriorityDisinheritAfterTimeout        
0000346d  vTaskSuspend                               
0000358d  vTraceInitObjectPropertyTable              
000036ad  xTaskResumeAll                             
000037c5  xTaskPriorityDisinherit                    
000038d9  prvTraceStoreKernelCallWithNumericParamOnly
000039e9  xEventGroupWaitBits                        
00003af9  vTaskNotifyGiveFromISR                     
00003c05  xTaskPriorityInherit                       
00003d11  CS_initClockSignal                         
00003e15  adcInit                                    
00003f19  prvTraceSetObjectName                      
00004111  vTaskDelayUntil                            
000042f1  prvTraceStoreTaskReady                     
000044c9  ADC14_IRQHandler                           
000044c9  updateBatteryLevel                         
00004695  prvTraceStoreTaskswitch                    
00004779  readI2C                                    
0000493d  uiTraceStart                               
00004a29  ulPortGetIPSR                              
00004a41  xPortPendSVHandler                         
00004aa1  vPortSVCHandler                            
00004ac1  vPortStartFirstTask                        
00004ae5  vPortEnableVFP                             
00004af5  prvTraceGetPriorityProperty                
00004bcd  vTraceInitObjectHandleStack                
00004ca5  prvTraceSetPriorityProperty                
00004d79  vTaskResume                                
00004e4d  vTaskSwitchContext                         
00004fe9  xPortStartScheduler                        
000050b5  prvTraceSetObjectState                     
000053c1  vTraceStoreMemMangEvent                    
0000547d  SPI_initMaster                             
0000552d  xTaskRemoveFromEventList                   
000055dd  MMC_disk_write                             
00005689  vTaskRemoveFromUnorderedEventList          
00005731  vUART_Handler                              
0000587d  prvTraceInitCortexM                        
00005921  writeI2C                                   
000059c5  itoa                                       
00005a65  xEventGroupSetBits                         
00005b03  __aeabi_memcpy                             
00005b03  __aeabi_memcpy4                            
00005b03  __aeabi_memcpy8                            
00005b03  memcpy                                     
00005b9f  vApplicationTickHook                       
00005ba1  vTraceEnable                               
00005c3d  vTaskDelay                                 
00005d67  f_sync                                     
00005df9  getMotion6                                 
00005e89  prvSuspendAllTasks                         
00006035  xQueueGenericReset                         
000060c1  MMC_disk_read                              
000061d1  xTaskCheckForTimeOut                       
000062dd  vTaskPlaceOnEventListRestricted            
00006361  taskManager                                
000063e1  vPortFree                                  
00006461  RTC_C_getCalendarTime                      
000065d5  prvTraceSetTaskInstanceFinished            
00006651  vTaskStartScheduler                        
000066cd  watchDogTask                               
000067c3  __aeabi_memclr                             
000067c3  __aeabi_memclr4                            
000067c3  __aeabi_memclr8                            
000067c5  __aeabi_memset                             
000067c5  __aeabi_memset4                            
000067c5  __aeabi_memset8                            
000067cb  memset                                     
0000683d  ADC14_getMultiSequenceResult               
00006b5d  xQueueGenericCreate                        
00006bc9  xTimerGenericCommand                       
00006ca1  I2C_masterSendMultiByteStart               
00006d09  SystemInit                                 
00006d71  __TI_decompress_lzss                       
00006dd9  initSD                                     
00006ea9  vPortSetupTimerInterrupt                   
00006f79  prvResumeAllTasks                          
00006fdd  xTaskCreate                                
00007101  writeBits                                  
000071bd  vPortValidateInterruptPriority             
0000731d  ttcTask                                    
00007371  vTaskPlaceOnUnorderedEventList             
00007469  getTemperature                             
00007509  prvTracePortGetTimeStamp                   
00007559  writeBit                                   
000075a9  xTimerCreateTimerTask                      
000075f9  GPIO_setAsPeripheralModuleFunctionInputPin 
00007645  GPIO_setAsPeripheralModuleFunctionOutputPin
00007691  SPI_Init                                   
000076dd  SysCtl_getTLVInfo                          
00007729  f_mount                                    
0000780d  setOperationMode                           
00007859  vPreSleepProcessing                        
00007a55  vQueueWaitForMessageRestricted             
00007a9d  __TI_auto_init_nobinit_nopinit             
00007ae1  getLocalTime                               
00007b25  prvQueueDataCreate                         
00007ba9  main                                       
00007be9  eTaskConfirmSleepModeStatus                
00007c25  initI2C                                    
00007c61  prvTraceError                              
00007cd9  vPortEnterCritical                         
00007dc5  _c_int00_noargs                            
00007e6d  vPostSleepProcessing                       
00007ed9  vT32_0_Handler                             
00007f0d  vListInsert                                
00007f41  aodcsTask                                  
00007f71  cameraTask                                 
00007fd1  hibernate                                  
00008001  pptTask                                    
00008061  vT32_1_Handler                             
00008091  vTaskPlaceOnEventList                      
000080c1  vTaskStepTick                              
000080f1  CS_setDCOCenteredFrequency                 
0000811d  GPIO_setAsInputPinWithPullUpResistor       
00008149  SPI_Read                                   
00008175  SPI_Write                                  
000081a1  configWakeUpPin                            
00008225  pxPortInitialiseStack                      
0000827d  vPortExitCritical                          
000082a9  xPortSysTickHandler                        
000082d5  GPIO_Init                                  
00008373  uxListRemove                               
00008399  CS_clearInterruptFlag                      
000083e1  vTraceStop                                 
00008405  xQueueIsQueueFullFromISR                   
0000844d  GPIO_setAsOutputPin                        
0000846d  MPU9250_initialize                         
0000848d  prvCalendarConfiguration                   
000084ad  prvMarkObjectAsUsed                        
0000852d  xTaskGetSchedulerState                     
0000854d  disk_read                                  
0000856b  disk_write                                 
000085a7  vListInitialise                            
000085c5  ADC14_getResult                            
000085e1  SysCtl_setWDTTimeoutResetType              
000085e1  WDT_A_setTimeoutReset                      
000085fd  disk_ioctl                                 
0000864d  prvTraceSetQueueNumberHigh16               
00008667  prvTraceSetQueueNumberLow16                
00008681  prvTraceSetTaskNumberHigh16                
0000869b  prvTraceSetTaskNumberLow16                 
000086b5  xEventGroupCreate                          
000086d1  CS_getMCLK                                 
00008701  disk_initialize                            
00008719  disk_status                                
00008761  pvTaskIncrementMutexHeldCount              
000087a9  uxTaskResetEventItemValue                  
000087c1  vListInsertEnd                             
000087d9  vTaskInternalSetTimeOutState               
0000881d  xQueueCreateMutex                          
00008835  GPIO_clearInterruptFlag                    
00008849  GPIO_enableInterrupt                       
0000885d  GPIO_setOutputLowOnPin                     
00008871  GPIO_toggleOutputOnPin                     
00008911  GPIO_High                                  
00008921  GPIO_Low                                   
00008931  MPU9250_getMotion9                         
00008951  prvWatchDogEventGroupCreate                
00008961  setWatchDogBit_AODCS                       
00008971  setWatchDogBit_CAMERA                      
00008981  setWatchDogBit_DATASTORAGE                 
00008991  setWatchDogBit_HOUSEKEEPING                
000089a1  setWatchDogBit_PPT                         
000089b1  setWatchDogBit_TTC                         
000089c1  vApplicationIdleHook                       
000089d1  vApplicationMallocFailedHook               
000089e1  vApplicationStackOverflowHook              
000089f1  vTaskSuspendAll                            
00008a01  __TI_decompress_none                       
00008a1d  MMC_disk_status                            
00008a29  MPU9250_setClockSource                     
00008a35  SysCtl_getTempCalibrationConstant          
00008a4d  __TI_zero_init                             
00008a71  prvTraceGetQueueNumberHigh16               
00008a7d  prvTraceGetTaskNumberHigh16                
00008a95  setFullScaleAccelRange                     
00008aa1  setFullScaleGyroRange                      
00008aad  vTaskMissedYield                           
00008ab9  prvTraceGetCurrentTaskHandle               
00008ab9  xTaskGetCurrentTaskHandle                  
00008ac5  xTaskGetTickCount                          
00008ad1  prvTraceGetQueueNumberLow16                
00008adb  prvTraceGetTaskNumberLow16                 
00008ae5  setSleepEnabled                            
00008aef  uxTaskGetTaskNumber                        
00008af9  prvTraceGetQueueType                       
00008af9  ucQueueGetQueueType                        
00008aff  vListInitialiseItem                        
00008b05  vTaskSetTaskNumber                         
00008b0b  _system_pre_init                           
00008b0f  C$$EXIT                                    
00008b0f  abort                                      
00008b13  get_fattime                                
00008b17  prvTraceGetQueueNumber                     
00008b17  uxQueueGetQueueNumber                      
00008b1b  vQueueSetQueueNumber                       
00008b1f  vTraceStart                                
00008ba4  i2cConfig                                  
00008bc4  ulMaxSyscallInterruptPriority              
00008c44  __TI_Handler_Table_Base                    
00008c50  __TI_Handler_Table_Limit                   
00008c58  __TI_CINIT_Base                            
00008c68  __TI_CINIT_Limit                           
2000c800  RecorderData                               
2000f0b8  sdDriver                                   
2000f2e8  file                                       
2000f510  obcData                                    
2000f5f8  imuData                                    
2000f637  fResult                                    
2000f6e0  bufferIMU                                  
2000f6f0  resultsBuffer                              
2000f730  buffer                                     
2000f738  localTime                                  
2000f73e  cal30                                      
2000f744  WATCHDOG_EVENT_GROUP                       
2000f748  bw                                         
2000f74c  clock                                      
2000f750  flag_lowBattery                            
2000f754  flag_systemMode                            
2000f758  init_hwtc_count                            
2000f75c  taskHandlerAodcs                           
2000f760  taskHandlerCamera                          
2000f764  taskHandlerDataStorage                     
2000f768  taskHandlerHouseKeeping                    
2000f76c  taskHandlerPpt                             
2000f770  taskHandlerTtc                             
2000f774  taskHandlerWatchDog                        
2000f778  cal85                                      
2000f77a  calDifference                              
2000f90c  objectHandleStacks                         
2000f99a  MPU9250_devAddr                            
2000f99c  isPendingContextSwitch                     
2000f9a4  uiTraceTickCount                           
2000f9a8  trace_disable_timestamp                    
2000f9b0  recorder_busy                              
2000f9b4  timestampFrequency                         
2000f9b8  traceErrorMessage                          
2000f9bc  nISRactive                                 
2000f9bd  handle_of_last_logged_task                 
2000f9c0  vTraceStopHookPtr                          
2000f9c4  CurrentFilterMask                          
2000f9c6  CurrentFilterGroup                         
2000f9cc  RecorderDataPtr                            
2000fa1c  pxCurrentTCB                               
2000fa80  SPI0MasterConfig                           
2000fab4  xQueueIMU                                  
2000fab8  xQueueDataObc                              
2000fabc  xQueueSystem                               
2000fac0  semaphoreIMU                               
2000fac4  semaphoreSystem                            
2000fac8  batteryValue                               
2000faca  adcInitDelay                               
2000facb  wakeState                                  
2000faf8  TraceQueueClassTable                       
2000fce0  __stack                                    
20010000  __STACK_END                                
4000480c  WDTCTL_SYM                                 
ffffffff  __TI_pprof_out_hndl                        
ffffffff  __TI_prof_data_size                        
ffffffff  __TI_prof_data_start                       
ffffffff  __binit__                                  
ffffffff  __c_args__                                 
ffffffff  binit                                      
UNDEFED   __mpu_init                                 
UNDEFED   _system_post_cinit                         

[292 symbols]
