<?xml version="1.0" encoding="ISO-8859-1" ?>
<link_info>
   <banner>TI ARM Linker PC v18.1.1.LTS</banner>
   <copyright>Copyright (c) 1996-2017 Texas Instruments Incorporated</copyright>
   <link_time>0x5d06cec5</link_time>
   <link_errors>0x0</link_errors>
   <output_file>Firmware_OBC.out</output_file>
   <entry_point>
      <name>_c_int00_noargs</name>
      <address>0x7935</address>
   </entry_point>
   <input_file_list>
      <input_file id="fl-2">
         <path>.\</path>
         <kind>object</kind>
         <file>main.obj</file>
         <name>main.obj</name>
      </input_file>
      <input_file id="fl-3">
         <path>.\FreeRTOS_Source\</path>
         <kind>object</kind>
         <file>croutine.obj</file>
         <name>croutine.obj</name>
      </input_file>
      <input_file id="fl-4">
         <path>.\FreeRTOS_Source\</path>
         <kind>object</kind>
         <file>event_groups.obj</file>
         <name>event_groups.obj</name>
      </input_file>
      <input_file id="fl-5">
         <path>.\FreeRTOS_Source\</path>
         <kind>object</kind>
         <file>list.obj</file>
         <name>list.obj</name>
      </input_file>
      <input_file id="fl-6">
         <path>.\FreeRTOS_Source\</path>
         <kind>object</kind>
         <file>queue.obj</file>
         <name>queue.obj</name>
      </input_file>
      <input_file id="fl-7">
         <path>.\FreeRTOS_Source\</path>
         <kind>object</kind>
         <file>stream_buffer.obj</file>
         <name>stream_buffer.obj</name>
      </input_file>
      <input_file id="fl-8">
         <path>.\FreeRTOS_Source\</path>
         <kind>object</kind>
         <file>tasks.obj</file>
         <name>tasks.obj</name>
      </input_file>
      <input_file id="fl-9">
         <path>.\FreeRTOS_Source\</path>
         <kind>object</kind>
         <file>timers.obj</file>
         <name>timers.obj</name>
      </input_file>
      <input_file id="fl-a">
         <path>.\FreeRTOS_Source\portable\CCS\ARM_CM4F\</path>
         <kind>object</kind>
         <file>port.obj</file>
         <name>port.obj</name>
      </input_file>
      <input_file id="fl-b">
         <path>.\FreeRTOS_Source\portable\CCS\ARM_CM4F\</path>
         <kind>object</kind>
         <file>portasm.obj</file>
         <name>portasm.obj</name>
      </input_file>
      <input_file id="fl-c">
         <path>.\FreeRTOS_Source\portable\MemMang\</path>
         <kind>object</kind>
         <file>heap_4.obj</file>
         <name>heap_4.obj</name>
      </input_file>
      <input_file id="fl-d">
         <path>.\Full_Demo\FreeRTOS+CLI\</path>
         <kind>object</kind>
         <file>FreeRTOS_CLI.obj</file>
         <name>FreeRTOS_CLI.obj</name>
      </input_file>
      <input_file id="fl-e">
         <path>.\Full_Demo\</path>
         <kind>object</kind>
         <file>IntQueueTimer.obj</file>
         <name>IntQueueTimer.obj</name>
      </input_file>
      <input_file id="fl-f">
         <path>.\Full_Demo\</path>
         <kind>object</kind>
         <file>RegTest.obj</file>
         <name>RegTest.obj</name>
      </input_file>
      <input_file id="fl-10">
         <path>.\Full_Demo\</path>
         <kind>object</kind>
         <file>RunTimeStatsTimer.obj</file>
         <name>RunTimeStatsTimer.obj</name>
      </input_file>
      <input_file id="fl-11">
         <path>.\Full_Demo\</path>
         <kind>object</kind>
         <file>Sample-CLI-commands.obj</file>
         <name>Sample-CLI-commands.obj</name>
      </input_file>
      <input_file id="fl-12">
         <path>.\Full_Demo\</path>
         <kind>object</kind>
         <file>UARTCommandConsole.obj</file>
         <name>UARTCommandConsole.obj</name>
      </input_file>
      <input_file id="fl-13">
         <path>.\Full_Demo\</path>
         <kind>object</kind>
         <file>main_full.obj</file>
         <name>main_full.obj</name>
      </input_file>
      <input_file id="fl-14">
         <path>.\Full_Demo\</path>
         <kind>object</kind>
         <file>serial.obj</file>
         <name>serial.obj</name>
      </input_file>
      <input_file id="fl-15">
         <path>.\Full_Demo\Standard_Demo_Tasks\</path>
         <kind>object</kind>
         <file>EventGroupsDemo.obj</file>
         <name>EventGroupsDemo.obj</name>
      </input_file>
      <input_file id="fl-16">
         <path>.\Full_Demo\Standard_Demo_Tasks\</path>
         <kind>object</kind>
         <file>GenQTest.obj</file>
         <name>GenQTest.obj</name>
      </input_file>
      <input_file id="fl-17">
         <path>.\Full_Demo\Standard_Demo_Tasks\</path>
         <kind>object</kind>
         <file>IntQueue.obj</file>
         <name>IntQueue.obj</name>
      </input_file>
      <input_file id="fl-18">
         <path>.\Full_Demo\Standard_Demo_Tasks\</path>
         <kind>object</kind>
         <file>IntSemTest.obj</file>
         <name>IntSemTest.obj</name>
      </input_file>
      <input_file id="fl-19">
         <path>.\Full_Demo\Standard_Demo_Tasks\</path>
         <kind>object</kind>
         <file>TaskNotify.obj</file>
         <name>TaskNotify.obj</name>
      </input_file>
      <input_file id="fl-1a">
         <path>.\Full_Demo\Standard_Demo_Tasks\</path>
         <kind>object</kind>
         <file>TimerDemo.obj</file>
         <name>TimerDemo.obj</name>
      </input_file>
      <input_file id="fl-1b">
         <path>.\Full_Demo\Standard_Demo_Tasks\</path>
         <kind>object</kind>
         <file>countsem.obj</file>
         <name>countsem.obj</name>
      </input_file>
      <input_file id="fl-1c">
         <path>.\Full_Demo\Standard_Demo_Tasks\</path>
         <kind>object</kind>
         <file>recmutex.obj</file>
         <name>recmutex.obj</name>
      </input_file>
      <input_file id="fl-1d">
         <path>.\Full_Demo\Standard_Demo_Tasks\</path>
         <kind>object</kind>
         <file>semtest.obj</file>
         <name>semtest.obj</name>
      </input_file>
      <input_file id="fl-1e">
         <path>.\Full_Demo\Standard_Demo_Tasks\</path>
         <kind>object</kind>
         <file>sp_flop.obj</file>
         <name>sp_flop.obj</name>
      </input_file>
      <input_file id="fl-1f">
         <path>.\SimplyBlinkyDemo\</path>
         <kind>object</kind>
         <file>main_blinky.obj</file>
         <name>main_blinky.obj</name>
      </input_file>
      <input_file id="fl-20">
         <path>.\Tracealyzer\</path>
         <kind>object</kind>
         <file>trcKernelPort.obj</file>
         <name>trcKernelPort.obj</name>
      </input_file>
      <input_file id="fl-21">
         <path>.\Tracealyzer\</path>
         <kind>object</kind>
         <file>trcSnapshotRecorder.obj</file>
         <name>trcSnapshotRecorder.obj</name>
      </input_file>
      <input_file id="fl-22">
         <path>.\Tracealyzer\</path>
         <kind>object</kind>
         <file>trcStreamingPort.obj</file>
         <name>trcStreamingPort.obj</name>
      </input_file>
      <input_file id="fl-23">
         <path>.\Tracealyzer\</path>
         <kind>object</kind>
         <file>trcStreamingRecorder.obj</file>
         <name>trcStreamingRecorder.obj</name>
      </input_file>
      <input_file id="fl-24">
         <path>.\driverlib\</path>
         <kind>object</kind>
         <file>cpu.obj</file>
         <name>cpu.obj</name>
      </input_file>
      <input_file id="fl-25">
         <path>.\driverlib\</path>
         <kind>object</kind>
         <file>cs.obj</file>
         <name>cs.obj</name>
      </input_file>
      <input_file id="fl-26">
         <path>.\driverlib\</path>
         <kind>object</kind>
         <file>flash.obj</file>
         <name>flash.obj</name>
      </input_file>
      <input_file id="fl-27">
         <path>.\driverlib\</path>
         <kind>object</kind>
         <file>fpu.obj</file>
         <name>fpu.obj</name>
      </input_file>
      <input_file id="fl-28">
         <path>.\driverlib\</path>
         <kind>object</kind>
         <file>gpio.obj</file>
         <name>gpio.obj</name>
      </input_file>
      <input_file id="fl-29">
         <path>.\driverlib\</path>
         <kind>object</kind>
         <file>interrupt.obj</file>
         <name>interrupt.obj</name>
      </input_file>
      <input_file id="fl-2a">
         <path>.\driverlib\</path>
         <kind>object</kind>
         <file>pcm.obj</file>
         <name>pcm.obj</name>
      </input_file>
      <input_file id="fl-2b">
         <path>.\driverlib\</path>
         <kind>object</kind>
         <file>sysctl.obj</file>
         <name>sysctl.obj</name>
      </input_file>
      <input_file id="fl-2c">
         <path>.\driverlib\</path>
         <kind>object</kind>
         <file>timer32.obj</file>
         <name>timer32.obj</name>
      </input_file>
      <input_file id="fl-2d">
         <path>.\driverlib\</path>
         <kind>object</kind>
         <file>uart.obj</file>
         <name>uart.obj</name>
      </input_file>
      <input_file id="fl-2e">
         <path>.\driverlib\</path>
         <kind>object</kind>
         <file>wdt_a.obj</file>
         <name>wdt_a.obj</name>
      </input_file>
      <input_file id="fl-2f">
         <path>.\interface\</path>
         <kind>object</kind>
         <file>MPU9250.obj</file>
         <name>MPU9250.obj</name>
      </input_file>
      <input_file id="fl-30">
         <path>.\src\</path>
         <kind>object</kind>
         <file>aodcsTask.obj</file>
         <name>aodcsTask.obj</name>
      </input_file>
      <input_file id="fl-31">
         <path>.\src\</path>
         <kind>object</kind>
         <file>cameraTask.obj</file>
         <name>cameraTask.obj</name>
      </input_file>
      <input_file id="fl-32">
         <path>.\src\</path>
         <kind>object</kind>
         <file>dataStorage.obj</file>
         <name>dataStorage.obj</name>
      </input_file>
      <input_file id="fl-33">
         <path>.\src\</path>
         <kind>object</kind>
         <file>houseKeeping.obj</file>
         <name>houseKeeping.obj</name>
      </input_file>
      <input_file id="fl-34">
         <path>.\src\</path>
         <kind>object</kind>
         <file>pptTask.obj</file>
         <name>pptTask.obj</name>
      </input_file>
      <input_file id="fl-35">
         <path>.\src\</path>
         <kind>object</kind>
         <file>sensorTask.obj</file>
         <name>sensorTask.obj</name>
      </input_file>
      <input_file id="fl-36">
         <path>.\src\</path>
         <kind>object</kind>
         <file>taskManager.obj</file>
         <name>taskManager.obj</name>
      </input_file>
      <input_file id="fl-37">
         <path>.\src\</path>
         <kind>object</kind>
         <file>ttcTask.obj</file>
         <name>ttcTask.obj</name>
      </input_file>
      <input_file id="fl-38">
         <path>.\src\</path>
         <kind>object</kind>
         <file>watchDogTask.obj</file>
         <name>watchDogTask.obj</name>
      </input_file>
      <input_file id="fl-39">
         <path>.\system\CCS\</path>
         <kind>object</kind>
         <file>msp432_startup_ccs.obj</file>
         <name>msp432_startup_ccs.obj</name>
      </input_file>
      <input_file id="fl-3a">
         <path>.\system\CCS\</path>
         <kind>object</kind>
         <file>printf-stdarg.obj</file>
         <name>printf-stdarg.obj</name>
      </input_file>
      <input_file id="fl-3b">
         <path>.\system\CCS\</path>
         <kind>object</kind>
         <file>system_msp432p401r.obj</file>
         <name>system_msp432p401r.obj</name>
      </input_file>
      <input_file id="fl-3c">
         <path>.\util\Devices\</path>
         <kind>object</kind>
         <file>MSPIO.obj</file>
         <name>MSPIO.obj</name>
      </input_file>
      <input_file id="fl-3d">
         <path>.\util\Hardware\</path>
         <kind>object</kind>
         <file>CS_Driver.obj</file>
         <name>CS_Driver.obj</name>
      </input_file>
      <input_file id="fl-3e">
         <path>.\util\Hardware\</path>
         <kind>object</kind>
         <file>GPIO_Driver.obj</file>
         <name>GPIO_Driver.obj</name>
      </input_file>
      <input_file id="fl-3f">
         <path>.\util\Hardware\</path>
         <kind>object</kind>
         <file>SPI_Driver.obj</file>
         <name>SPI_Driver.obj</name>
      </input_file>
      <input_file id="fl-40">
         <path>.\util\Hardware\</path>
         <kind>object</kind>
         <file>TIMERA_Driver.obj</file>
         <name>TIMERA_Driver.obj</name>
      </input_file>
      <input_file id="fl-41">
         <path>.\util\Hardware\</path>
         <kind>object</kind>
         <file>UART_Driver.obj</file>
         <name>UART_Driver.obj</name>
      </input_file>
      <input_file id="fl-42">
         <path>.\util\</path>
         <kind>object</kind>
         <file>dtoa.obj</file>
         <name>dtoa.obj</name>
      </input_file>
      <input_file id="fl-43">
         <path>.\util\</path>
         <kind>object</kind>
         <file>itoa.obj</file>
         <name>itoa.obj</name>
      </input_file>
      <input_file id="fl-44">
         <path>.\util\</path>
         <kind>object</kind>
         <file>stringUtil.obj</file>
         <name>stringUtil.obj</name>
      </input_file>
      <input_file id="fl-45">
         <path>.\util\fatfs\</path>
         <kind>object</kind>
         <file>diskio.obj</file>
         <name>diskio.obj</name>
      </input_file>
      <input_file id="fl-46">
         <path>.\util\fatfs\</path>
         <kind>object</kind>
         <file>ff.obj</file>
         <name>ff.obj</name>
      </input_file>
      <input_file id="fl-47">
         <path>.\util\fatfs\</path>
         <kind>object</kind>
         <file>ffsystem.obj</file>
         <name>ffsystem.obj</name>
      </input_file>
      <input_file id="fl-48">
         <path>.\util\fatfs\</path>
         <kind>object</kind>
         <file>ffunicode.obj</file>
         <name>ffunicode.obj</name>
      </input_file>
      <input_file id="fl-49">
         <path>.\util\fatfs\</path>
         <kind>object</kind>
         <file>mmc_MSP432P401r.obj</file>
         <name>mmc_MSP432P401r.obj</name>
      </input_file>
      <input_file id="fl-4e">
         <kind>object</kind>
         <file>&lt;internal&gt;</file>
         <name>&lt;internal&gt;</name>
      </input_file>
      <input_file id="fl-104">
         <path>C:\ti\ccsv8\tools\compiler\ti-cgt-arm_18.1.1.LTS\lib\</path>
         <kind>archive</kind>
         <file>rtsv7M4_T_le_v4SPD16_eabi.lib</file>
         <name>e_log10.c.obj</name>
      </input_file>
      <input_file id="fl-105">
         <path>C:\ti\ccsv8\tools\compiler\ti-cgt-arm_18.1.1.LTS\lib\</path>
         <kind>archive</kind>
         <file>rtsv7M4_T_le_v4SPD16_eabi.lib</file>
         <name>e_pow.c.obj</name>
      </input_file>
      <input_file id="fl-106">
         <path>C:\ti\ccsv8\tools\compiler\ti-cgt-arm_18.1.1.LTS\lib\</path>
         <kind>archive</kind>
         <file>rtsv7M4_T_le_v4SPD16_eabi.lib</file>
         <name>e_sqrt.c.obj</name>
      </input_file>
      <input_file id="fl-107">
         <path>C:\ti\ccsv8\tools\compiler\ti-cgt-arm_18.1.1.LTS\lib\</path>
         <kind>archive</kind>
         <file>rtsv7M4_T_le_v4SPD16_eabi.lib</file>
         <name>s_floor.c.obj</name>
      </input_file>
      <input_file id="fl-108">
         <path>C:\ti\ccsv8\tools\compiler\ti-cgt-arm_18.1.1.LTS\lib\</path>
         <kind>archive</kind>
         <file>rtsv7M4_T_le_v4SPD16_eabi.lib</file>
         <name>s_scalbn.c.obj</name>
      </input_file>
      <input_file id="fl-109">
         <path>C:\ti\ccsv8\tools\compiler\ti-cgt-arm_18.1.1.LTS\lib\</path>
         <kind>archive</kind>
         <file>rtsv7M4_T_le_v4SPD16_eabi.lib</file>
         <name>s_copysign.c.obj</name>
      </input_file>
      <input_file id="fl-10a">
         <path>C:\ti\ccsv8\tools\compiler\ti-cgt-arm_18.1.1.LTS\lib\</path>
         <kind>archive</kind>
         <file>rtsv7M4_T_le_v4SPD16_eabi.lib</file>
         <name>u_divt2.asm.obj</name>
      </input_file>
      <input_file id="fl-10b">
         <path>C:\ti\ccsv8\tools\compiler\ti-cgt-arm_18.1.1.LTS\lib\</path>
         <kind>archive</kind>
         <file>rtsv7M4_T_le_v4SPD16_eabi.lib</file>
         <name>fd_add_t2.asm.obj</name>
      </input_file>
      <input_file id="fl-10c">
         <path>C:\ti\ccsv8\tools\compiler\ti-cgt-arm_18.1.1.LTS\lib\</path>
         <kind>archive</kind>
         <file>rtsv7M4_T_le_v4SPD16_eabi.lib</file>
         <name>fd_cmp_t2.asm.obj</name>
      </input_file>
      <input_file id="fl-10d">
         <path>C:\ti\ccsv8\tools\compiler\ti-cgt-arm_18.1.1.LTS\lib\</path>
         <kind>archive</kind>
         <file>rtsv7M4_T_le_v4SPD16_eabi.lib</file>
         <name>fd_div_t2.asm.obj</name>
      </input_file>
      <input_file id="fl-10e">
         <path>C:\ti\ccsv8\tools\compiler\ti-cgt-arm_18.1.1.LTS\lib\</path>
         <kind>archive</kind>
         <file>rtsv7M4_T_le_v4SPD16_eabi.lib</file>
         <name>fd_mul_t2.asm.obj</name>
      </input_file>
      <input_file id="fl-10f">
         <path>C:\ti\ccsv8\tools\compiler\ti-cgt-arm_18.1.1.LTS\lib\</path>
         <kind>archive</kind>
         <file>rtsv7M4_T_le_v4SPD16_eabi.lib</file>
         <name>fd_toi_t2.asm.obj</name>
      </input_file>
      <input_file id="fl-110">
         <path>C:\ti\ccsv8\tools\compiler\ti-cgt-arm_18.1.1.LTS\lib\</path>
         <kind>archive</kind>
         <file>rtsv7M4_T_le_v4SPD16_eabi.lib</file>
         <name>fd_tou_t2.asm.obj</name>
      </input_file>
      <input_file id="fl-111">
         <path>C:\ti\ccsv8\tools\compiler\ti-cgt-arm_18.1.1.LTS\lib\</path>
         <kind>archive</kind>
         <file>rtsv7M4_T_le_v4SPD16_eabi.lib</file>
         <name>fs_tod_t2.asm.obj</name>
      </input_file>
      <input_file id="fl-112">
         <path>C:\ti\ccsv8\tools\compiler\ti-cgt-arm_18.1.1.LTS\lib\</path>
         <kind>archive</kind>
         <file>rtsv7M4_T_le_v4SPD16_eabi.lib</file>
         <name>i_tofd_t2.asm.obj</name>
      </input_file>
      <input_file id="fl-113">
         <path>C:\ti\ccsv8\tools\compiler\ti-cgt-arm_18.1.1.LTS\lib\</path>
         <kind>archive</kind>
         <file>rtsv7M4_T_le_v4SPD16_eabi.lib</file>
         <name>memcpy_t2.asm.obj</name>
      </input_file>
      <input_file id="fl-114">
         <path>C:\ti\ccsv8\tools\compiler\ti-cgt-arm_18.1.1.LTS\lib\</path>
         <kind>archive</kind>
         <file>rtsv7M4_T_le_v4SPD16_eabi.lib</file>
         <name>ll_div_t2.asm.obj</name>
      </input_file>
      <input_file id="fl-115">
         <path>C:\ti\ccsv8\tools\compiler\ti-cgt-arm_18.1.1.LTS\lib\</path>
         <kind>archive</kind>
         <file>rtsv7M4_T_le_v4SPD16_eabi.lib</file>
         <name>ull_div_t2.asm.obj</name>
      </input_file>
      <input_file id="fl-116">
         <path>C:\ti\ccsv8\tools\compiler\ti-cgt-arm_18.1.1.LTS\lib\</path>
         <kind>archive</kind>
         <file>rtsv7M4_T_le_v4SPD16_eabi.lib</file>
         <name>memset_t2.asm.obj</name>
      </input_file>
      <input_file id="fl-117">
         <path>C:\ti\ccsv8\tools\compiler\ti-cgt-arm_18.1.1.LTS\lib\</path>
         <kind>archive</kind>
         <file>rtsv7M4_T_le_v4SPD16_eabi.lib</file>
         <name>copy_zero_init.c.obj</name>
      </input_file>
      <input_file id="fl-118">
         <path>C:\ti\ccsv8\tools\compiler\ti-cgt-arm_18.1.1.LTS\lib\</path>
         <kind>archive</kind>
         <file>rtsv7M4_T_le_v4SPD16_eabi.lib</file>
         <name>copy_decompress_none.c.obj</name>
      </input_file>
      <input_file id="fl-119">
         <path>C:\ti\ccsv8\tools\compiler\ti-cgt-arm_18.1.1.LTS\lib\</path>
         <kind>archive</kind>
         <file>rtsv7M4_T_le_v4SPD16_eabi.lib</file>
         <name>copy_decompress_lzss.c.obj</name>
      </input_file>
      <input_file id="fl-11a">
         <path>C:\ti\ccsv8\tools\compiler\ti-cgt-arm_18.1.1.LTS\lib\</path>
         <kind>archive</kind>
         <file>rtsv7M4_T_le_v4SPD16_eabi.lib</file>
         <name>boot_cortex_m.c.obj</name>
      </input_file>
      <input_file id="fl-11b">
         <path>C:\ti\ccsv8\tools\compiler\ti-cgt-arm_18.1.1.LTS\lib\</path>
         <kind>archive</kind>
         <file>rtsv7M4_T_le_v4SPD16_eabi.lib</file>
         <name>errno.c.obj</name>
      </input_file>
      <input_file id="fl-11c">
         <path>C:\ti\ccsv8\tools\compiler\ti-cgt-arm_18.1.1.LTS\lib\</path>
         <kind>archive</kind>
         <file>rtsv7M4_T_le_v4SPD16_eabi.lib</file>
         <name>exit.c.obj</name>
      </input_file>
      <input_file id="fl-11d">
         <path>C:\ti\ccsv8\tools\compiler\ti-cgt-arm_18.1.1.LTS\lib\</path>
         <kind>archive</kind>
         <file>rtsv7M4_T_le_v4SPD16_eabi.lib</file>
         <name>_lock.c.obj</name>
      </input_file>
      <input_file id="fl-11e">
         <path>C:\ti\ccsv8\tools\compiler\ti-cgt-arm_18.1.1.LTS\lib\</path>
         <kind>archive</kind>
         <file>rtsv7M4_T_le_v4SPD16_eabi.lib</file>
         <name>args_main.c.obj</name>
      </input_file>
      <input_file id="fl-11f">
         <path>C:\ti\ccsv8\tools\compiler\ti-cgt-arm_18.1.1.LTS\lib\</path>
         <kind>archive</kind>
         <file>rtsv7M4_T_le_v4SPD16_eabi.lib</file>
         <name>strcmp.c.obj</name>
      </input_file>
      <input_file id="fl-120">
         <path>C:\ti\ccsv8\tools\compiler\ti-cgt-arm_18.1.1.LTS\lib\</path>
         <kind>archive</kind>
         <file>rtsv7M4_T_le_v4SPD16_eabi.lib</file>
         <name>strcpy.c.obj</name>
      </input_file>
      <input_file id="fl-121">
         <path>C:\ti\ccsv8\tools\compiler\ti-cgt-arm_18.1.1.LTS\lib\</path>
         <kind>archive</kind>
         <file>rtsv7M4_T_le_v4SPD16_eabi.lib</file>
         <name>strlen.c.obj</name>
      </input_file>
      <input_file id="fl-122">
         <path>C:\ti\ccsv8\tools\compiler\ti-cgt-arm_18.1.1.LTS\lib\</path>
         <kind>archive</kind>
         <file>rtsv7M4_T_le_v4SPD16_eabi.lib</file>
         <name>strncat.c.obj</name>
      </input_file>
      <input_file id="fl-123">
         <path>C:\ti\ccsv8\tools\compiler\ti-cgt-arm_18.1.1.LTS\lib\</path>
         <kind>archive</kind>
         <file>rtsv7M4_T_le_v4SPD16_eabi.lib</file>
         <name>strncmp.c.obj</name>
      </input_file>
      <input_file id="fl-124">
         <path>C:\ti\ccsv8\tools\compiler\ti-cgt-arm_18.1.1.LTS\lib\</path>
         <kind>archive</kind>
         <file>rtsv7M4_T_le_v4SPD16_eabi.lib</file>
         <name>strncpy.c.obj</name>
      </input_file>
      <input_file id="fl-125">
         <path>C:\ti\ccsv8\tools\compiler\ti-cgt-arm_18.1.1.LTS\lib\</path>
         <kind>archive</kind>
         <file>rtsv7M4_T_le_v4SPD16_eabi.lib</file>
         <name>div0.asm.obj</name>
      </input_file>
      <input_file id="fl-126">
         <path>C:\ti\ccsv8\tools\compiler\ti-cgt-arm_18.1.1.LTS\lib\</path>
         <kind>archive</kind>
         <file>rtsv7M4_T_le_v4SPD16_eabi.lib</file>
         <name>autoinit.c.obj</name>
      </input_file>
      <input_file id="fl-127">
         <path>C:\ti\ccsv8\tools\compiler\ti-cgt-arm_18.1.1.LTS\lib\</path>
         <kind>archive</kind>
         <file>rtsv7M4_T_le_v4SPD16_eabi.lib</file>
         <name>pre_init.c.obj</name>
      </input_file>
      <input_file id="fl-128">
         <path>C:\ti\ccsv8\tools\compiler\ti-cgt-arm_18.1.1.LTS\lib\</path>
         <kind>archive</kind>
         <file>rtsv7M4_T_le_v4SPD16_eabi.lib</file>
         <name>cpy_tbl.c.obj</name>
      </input_file>
      <input_file id="fl-129">
         <path>C:\ti\simplelink_msp432p4_sdk_2_40_00_10\source\ti\devices\msp432p4xx\driverlib\ccs\</path>
         <kind>archive</kind>
         <file>msp432p4xx_driverlib.lib</file>
         <name>adc14.o</name>
      </input_file>
      <input_file id="fl-12a">
         <path>C:\ti\simplelink_msp432p4_sdk_2_40_00_10\source\ti\devices\msp432p4xx\driverlib\ccs\</path>
         <kind>archive</kind>
         <file>msp432p4xx_driverlib.lib</file>
         <name>i2c.o</name>
      </input_file>
      <input_file id="fl-12b">
         <path>C:\ti\simplelink_msp432p4_sdk_2_40_00_10\source\ti\devices\msp432p4xx\driverlib\ccs\</path>
         <kind>archive</kind>
         <file>msp432p4xx_driverlib.lib</file>
         <name>ref_a.o</name>
      </input_file>
      <input_file id="fl-12c">
         <path>C:\ti\simplelink_msp432p4_sdk_2_40_00_10\source\ti\devices\msp432p4xx\driverlib\ccs\</path>
         <kind>archive</kind>
         <file>msp432p4xx_driverlib.lib</file>
         <name>rtc_c.o</name>
      </input_file>
      <input_file id="fl-12d">
         <path>C:\ti\simplelink_msp432p4_sdk_2_40_00_10\source\ti\devices\msp432p4xx\driverlib\ccs\</path>
         <kind>archive</kind>
         <file>msp432p4xx_driverlib.lib</file>
         <name>spi.o</name>
      </input_file>
   </input_file_list>
   <object_component_list>
      <object_component id="oc-24">
         <name>.intvecs:retain</name>
         <load_address>0x0</load_address>
         <run_address>0x0</run_address>
         <size>0x144</size>
         <input_file_ref idref="fl-39"/>
      </object_component>
      <object_component id="oc-8a7">
         <name>.text:pszTraceGetErrorNotEnoughHandles</name>
         <load_address>0x144</load_address>
         <run_address>0x144</run_address>
         <size>0x33a</size>
         <input_file_ref idref="fl-20"/>
      </object_component>
      <object_component id="oc-77">
         <name>.text:defaultISR</name>
         <load_address>0x47e</load_address>
         <run_address>0x47e</run_address>
         <size>0x2</size>
         <input_file_ref idref="fl-39"/>
      </object_component>
      <object_component id="oc-4f4">
         <name>.text:xQueueSemaphoreTake</name>
         <load_address>0x480</load_address>
         <run_address>0x480</run_address>
         <size>0x308</size>
         <input_file_ref idref="fl-6"/>
      </object_component>
      <object_component id="oc-4fa">
         <name>.text:xQueueGenericSend</name>
         <load_address>0x788</load_address>
         <run_address>0x788</run_address>
         <size>0x2d8</size>
         <input_file_ref idref="fl-6"/>
      </object_component>
      <object_component id="oc-529">
         <name>.text:xQueueReceive</name>
         <load_address>0xa60</load_address>
         <run_address>0xa60</run_address>
         <size>0x2c4</size>
         <input_file_ref idref="fl-6"/>
      </object_component>
      <object_component id="oc-78c">
         <name>.text:find_volume</name>
         <load_address>0xd24</load_address>
         <run_address>0xd24</run_address>
         <size>0x2b4</size>
         <input_file_ref idref="fl-46"/>
      </object_component>
      <object_component id="oc-92c">
         <name>.text:__PCM_setPowerStateAdvanced</name>
         <load_address>0xfd8</load_address>
         <run_address>0xfd8</run_address>
         <size>0x1f4</size>
         <input_file_ref idref="fl-2a"/>
      </object_component>
      <object_component id="oc-309">
         <name>.text:dataStorage</name>
         <load_address>0x11cc</load_address>
         <run_address>0x11cc</run_address>
         <size>0x1cc</size>
         <input_file_ref idref="fl-32"/>
      </object_component>
      <object_component id="oc-5f7">
         <name>.text:prvTraceStoreKernelCallWithParam</name>
         <load_address>0x1398</load_address>
         <run_address>0x1398</run_address>
         <size>0x1c0</size>
         <input_file_ref idref="fl-21"/>
      </object_component>
      <object_component id="oc-119">
         <name>.text:xSecondTimerHandler</name>
         <load_address>0x1558</load_address>
         <run_address>0x1558</run_address>
         <size>0x1c0</size>
         <input_file_ref idref="fl-17"/>
      </object_component>
      <object_component id="oc-511">
         <name>.text:f_open</name>
         <load_address>0x1718</load_address>
         <run_address>0x1718</run_address>
         <size>0x1ba</size>
         <input_file_ref idref="fl-46"/>
      </object_component>
      <object_component id="oc-523">
         <name>.text:f_write</name>
         <load_address>0x18d2</load_address>
         <run_address>0x18d2</run_address>
         <size>0x1ba</size>
         <input_file_ref idref="fl-46"/>
      </object_component>
      <object_component id="oc-2d2">
         <name>.text:prvTraceInitTraceData</name>
         <load_address>0x1a8c</load_address>
         <run_address>0x1a8c</run_address>
         <size>0x1b0</size>
         <input_file_ref idref="fl-21"/>
      </object_component>
      <object_component id="oc-235">
         <name>.text:prvTraceStoreKernelCall</name>
         <load_address>0x1c3c</load_address>
         <run_address>0x1c3c</run_address>
         <size>0x198</size>
         <input_file_ref idref="fl-21"/>
      </object_component>
      <object_component id="oc-ad4">
         <name>.text:MMC_disk_ioctl</name>
         <load_address>0x1dd4</load_address>
         <run_address>0x1dd4</run_address>
         <size>0x178</size>
         <input_file_ref idref="fl-49"/>
      </object_component>
      <object_component id="oc-3d7">
         <name>.text:prvTraceGetDTS</name>
         <load_address>0x1f4c</load_address>
         <run_address>0x1f4c</run_address>
         <size>0x178</size>
         <input_file_ref idref="fl-21"/>
      </object_component>
      <object_component id="oc-e9">
         <name>.text:xTaskIncrementTick</name>
         <load_address>0x20c4</load_address>
         <run_address>0x20c4</run_address>
         <size>0x178</size>
         <input_file_ref idref="fl-8"/>
      </object_component>
      <object_component id="oc-f0">
         <name>.text:xQueueGenericSendFromISR</name>
         <load_address>0x223c</load_address>
         <run_address>0x223c</run_address>
         <size>0x170</size>
         <input_file_ref idref="fl-6"/>
      </object_component>
      <object_component id="oc-303">
         <name>.text:houseKeeping</name>
         <load_address>0x23ac</load_address>
         <run_address>0x23ac</run_address>
         <size>0x164</size>
         <input_file_ref idref="fl-33"/>
      </object_component>
      <object_component id="oc-910">
         <name>.text:_getIndexForMemRegister</name>
         <load_address>0x2510</load_address>
         <run_address>0x2510</run_address>
         <size>0x160</size>
         <input_file_ref idref="fl-129"/>
      </object_component>
      <object_component id="oc-a76">
         <name>.text:MMC_disk_initialize</name>
         <load_address>0x2670</load_address>
         <run_address>0x2670</run_address>
         <size>0x148</size>
         <input_file_ref idref="fl-49"/>
      </object_component>
      <object_component id="oc-634">
         <name>.text:prvTraceGetObjectHandle</name>
         <load_address>0x27b8</load_address>
         <run_address>0x27b8</run_address>
         <size>0x144</size>
         <input_file_ref idref="fl-21"/>
      </object_component>
      <object_component id="oc-4b5">
         <name>.text:prvAddNewTaskToReadyList</name>
         <load_address>0x28fc</load_address>
         <run_address>0x28fc</run_address>
         <size>0x13c</size>
         <input_file_ref idref="fl-8"/>
      </object_component>
      <object_component id="oc-5e1">
         <name>.text:prvCheckDataToBeOverwrittenForMultiEntryEvents</name>
         <load_address>0x2a38</load_address>
         <run_address>0x2a38</run_address>
         <size>0x138</size>
         <input_file_ref idref="fl-21"/>
      </object_component>
      <object_component id="oc-a17">
         <name>.text:CS_getDCOFrequency</name>
         <load_address>0x2b70</load_address>
         <run_address>0x2b70</run_address>
         <size>0x134</size>
         <input_file_ref idref="fl-25"/>
      </object_component>
      <object_component id="oc-265">
         <name>.text:xQueueReceiveFromISR</name>
         <load_address>0x2ca4</load_address>
         <run_address>0x2ca4</run_address>
         <size>0x134</size>
         <input_file_ref idref="fl-6"/>
      </object_component>
      <object_component id="oc-594">
         <name>.text:vPortSuppressTicksAndSleep</name>
         <load_address>0x2dd8</load_address>
         <run_address>0x2dd8</run_address>
         <size>0x12c</size>
         <input_file_ref idref="fl-a"/>
      </object_component>
      <object_component id="oc-112">
         <name>.text:xFirstTimerHandler</name>
         <load_address>0x2f04</load_address>
         <run_address>0x2f04</run_address>
         <size>0x12c</size>
         <input_file_ref idref="fl-17"/>
      </object_component>
      <object_component id="oc-414">
         <name>.text:uiIndexOfObject</name>
         <load_address>0x3030</load_address>
         <run_address>0x3030</run_address>
         <size>0x128</size>
         <input_file_ref idref="fl-21"/>
      </object_component>
      <object_component id="oc-4a3">
         <name>.text:pvPortMalloc</name>
         <load_address>0x3158</load_address>
         <run_address>0x3158</run_address>
         <size>0x124</size>
         <input_file_ref idref="fl-c"/>
      </object_component>
      <object_component id="oc-752">
         <name>.text:vTaskPriorityDisinheritAfterTimeout</name>
         <load_address>0x327c</load_address>
         <run_address>0x327c</run_address>
         <size>0x120</size>
         <input_file_ref idref="fl-8"/>
      </object_component>
      <object_component id="oc-462">
         <name>.text:vTraceInitObjectPropertyTable</name>
         <load_address>0x339c</load_address>
         <run_address>0x339c</run_address>
         <size>0x120</size>
         <input_file_ref idref="fl-20"/>
      </object_component>
      <object_component id="oc-59a">
         <name>.text:xTaskResumeAll</name>
         <load_address>0x34bc</load_address>
         <run_address>0x34bc</run_address>
         <size>0x11c</size>
         <input_file_ref idref="fl-8"/>
      </object_component>
      <object_component id="oc-41b">
         <name>.text:xTaskPriorityDisinherit</name>
         <load_address>0x35d8</load_address>
         <run_address>0x35d8</run_address>
         <size>0x114</size>
         <input_file_ref idref="fl-8"/>
      </object_component>
      <object_component id="oc-1f5">
         <name>.text:prvTraceStoreKernelCallWithNumericParamOnly</name>
         <load_address>0x36ec</load_address>
         <run_address>0x36ec</run_address>
         <size>0x110</size>
         <input_file_ref idref="fl-21"/>
      </object_component>
      <object_component id="oc-561">
         <name>.text:xEventGroupWaitBits</name>
         <load_address>0x37fc</load_address>
         <run_address>0x37fc</run_address>
         <size>0x110</size>
         <input_file_ref idref="fl-4"/>
      </object_component>
      <object_component id="oc-f6">
         <name>.text:vTaskNotifyGiveFromISR</name>
         <load_address>0x390c</load_address>
         <run_address>0x390c</run_address>
         <size>0x10c</size>
         <input_file_ref idref="fl-8"/>
      </object_component>
      <object_component id="oc-72e">
         <name>.text:xTaskPriorityInherit</name>
         <load_address>0x3a18</load_address>
         <run_address>0x3a18</run_address>
         <size>0x10c</size>
         <input_file_ref idref="fl-8"/>
      </object_component>
      <object_component id="oc-153">
         <name>.text:taskCreate</name>
         <load_address>0x3b24</load_address>
         <run_address>0x3b24</run_address>
         <size>0x108</size>
         <input_file_ref idref="fl-36"/>
      </object_component>
      <object_component id="oc-2cb">
         <name>.text:CS_initClockSignal</name>
         <load_address>0x3c2c</load_address>
         <run_address>0x3c2c</run_address>
         <size>0x104</size>
         <input_file_ref idref="fl-25"/>
      </object_component>
      <object_component id="oc-63a">
         <name>.text:prvTraceSetObjectName</name>
         <load_address>0x3d30</load_address>
         <run_address>0x3d30</run_address>
         <size>0x100</size>
         <input_file_ref idref="fl-21"/>
      </object_component>
      <object_component id="oc-89e">
         <name>.text:__PCM_setPowerModeAdvanced</name>
         <load_address>0x3e30</load_address>
         <run_address>0x3e30</run_address>
         <size>0xfc</size>
         <input_file_ref idref="fl-2a"/>
      </object_component>
      <object_component id="oc-9aa">
         <name>.text:put_fat</name>
         <load_address>0x3f2c</load_address>
         <run_address>0x3f2c</run_address>
         <size>0xf8</size>
         <input_file_ref idref="fl-46"/>
      </object_component>
      <object_component id="oc-4c2">
         <name>.text:vTaskDelayUntil</name>
         <load_address>0x4024</load_address>
         <run_address>0x4024</run_address>
         <size>0xf0</size>
         <input_file_ref idref="fl-8"/>
      </object_component>
      <object_component id="oc-7f0">
         <name>.text:create_chain</name>
         <load_address>0x4114</load_address>
         <run_address>0x4114</run_address>
         <size>0xee</size>
         <input_file_ref idref="fl-46"/>
      </object_component>
      <object_component id="oc-71">
         <name>.text:faultISR</name>
         <load_address>0x4202</load_address>
         <run_address>0x4202</run_address>
         <size>0x2</size>
         <input_file_ref idref="fl-39"/>
      </object_component>
      <object_component id="oc-207">
         <name>.text:prvTraceStoreTaskReady</name>
         <load_address>0x4204</load_address>
         <run_address>0x4204</run_address>
         <size>0xec</size>
         <input_file_ref idref="fl-21"/>
      </object_component>
      <object_component id="oc-98c">
         <name>.text:create_name</name>
         <load_address>0x42f0</load_address>
         <run_address>0x42f0</run_address>
         <size>0xeb</size>
         <input_file_ref idref="fl-46"/>
      </object_component>
      <object_component id="oc-842">
         <name>.text:prvProcessReceivedCommands</name>
         <load_address>0x43dc</load_address>
         <run_address>0x43dc</run_address>
         <size>0xe4</size>
         <input_file_ref idref="fl-9"/>
      </object_component>
      <object_component id="oc-1dc">
         <name>.text:prvTraceStoreTaskswitch</name>
         <load_address>0x44c0</load_address>
         <run_address>0x44c0</run_address>
         <size>0xe4</size>
         <input_file_ref idref="fl-21"/>
      </object_component>
      <object_component id="oc-88d">
         <name>.text:_CSComputeCLKFrequency</name>
         <load_address>0x45a4</load_address>
         <run_address>0x45a4</run_address>
         <size>0xe0</size>
         <input_file_ref idref="fl-25"/>
      </object_component>
      <object_component id="oc-4d6">
         <name>.text:adcInit</name>
         <load_address>0x4684</load_address>
         <run_address>0x4684</run_address>
         <size>0xe0</size>
         <input_file_ref idref="fl-33"/>
      </object_component>
      <object_component id="oc-484">
         <name>.text:uiTraceStart</name>
         <load_address>0x4764</load_address>
         <run_address>0x4764</run_address>
         <size>0xdc</size>
         <input_file_ref idref="fl-21"/>
      </object_component>
      <object_component id="oc-7d">
         <name>.text</name>
         <load_address>0x4840</load_address>
         <run_address>0x4840</run_address>
         <size>0xda</size>
         <input_file_ref idref="fl-b"/>
      </object_component>
      <object_component id="oc-6b">
         <name>.text:nmiISR</name>
         <load_address>0x491a</load_address>
         <run_address>0x491a</run_address>
         <size>0x2</size>
         <input_file_ref idref="fl-39"/>
      </object_component>
      <object_component id="oc-5f1">
         <name>.text:prvTraceGetPriorityProperty</name>
         <load_address>0x491c</load_address>
         <run_address>0x491c</run_address>
         <size>0xd8</size>
         <input_file_ref idref="fl-21"/>
      </object_component>
      <object_component id="oc-46e">
         <name>.text:vTraceInitObjectHandleStack</name>
         <load_address>0x49f4</load_address>
         <run_address>0x49f4</run_address>
         <size>0xd8</size>
         <input_file_ref idref="fl-20"/>
      </object_component>
      <object_component id="oc-5fd">
         <name>.text:prvTraceSetPriorityProperty</name>
         <load_address>0x4acc</load_address>
         <run_address>0x4acc</run_address>
         <size>0xd4</size>
         <input_file_ref idref="fl-21"/>
      </object_component>
      <object_component id="oc-e2">
         <name>.text:vTaskSwitchContext</name>
         <load_address>0x4ba0</load_address>
         <run_address>0x4ba0</run_address>
         <size>0xd0</size>
         <input_file_ref idref="fl-8"/>
      </object_component>
      <object_component id="oc-3e0">
         <name>.text:prvTraceGetObjectState</name>
         <load_address>0x4c70</load_address>
         <run_address>0x4c70</run_address>
         <size>0xcc</size>
         <input_file_ref idref="fl-21"/>
      </object_component>
      <object_component id="oc-328">
         <name>.text:xPortStartScheduler</name>
         <load_address>0x4d3c</load_address>
         <run_address>0x4d3c</run_address>
         <size>0xcc</size>
         <input_file_ref idref="fl-a"/>
      </object_component>
      <object_component id="oc-23b">
         <name>.text:prvTraceSetObjectState</name>
         <load_address>0x4e08</load_address>
         <run_address>0x4e08</run_address>
         <size>0xc8</size>
         <input_file_ref idref="fl-21"/>
      </object_component>
      <object_component id="oc-a9a">
         <name>.text:dir_next</name>
         <load_address>0x4ed0</load_address>
         <run_address>0x4ed0</run_address>
         <size>0xc4</size>
         <input_file_ref idref="fl-46"/>
      </object_component>
      <object_component id="oc-7ce">
         <name>.text:get_fat</name>
         <load_address>0x4f94</load_address>
         <run_address>0x4f94</run_address>
         <size>0xc4</size>
         <input_file_ref idref="fl-46"/>
      </object_component>
      <object_component id="oc-458">
         <name>.text:__PCM_setCoreVoltageLevelAdvanced</name>
         <load_address>0x5058</load_address>
         <run_address>0x5058</run_address>
         <size>0xc0</size>
         <input_file_ref idref="fl-2a"/>
      </object_component>
      <object_component id="oc-641">
         <name>.text:prvInitialiseNewQueue</name>
         <load_address>0x5118</load_address>
         <run_address>0x5118</run_address>
         <size>0xbc</size>
         <input_file_ref idref="fl-6"/>
      </object_component>
      <object_component id="oc-664">
         <name>.text:vTraceStoreMemMangEvent</name>
         <load_address>0x51d4</load_address>
         <run_address>0x51d4</run_address>
         <size>0xbc</size>
         <input_file_ref idref="fl-21"/>
      </object_component>
      <object_component id="oc-945">
         <name>.text:SPI_initMaster</name>
         <load_address>0x5290</load_address>
         <run_address>0x5290</run_address>
         <size>0xb0</size>
         <input_file_ref idref="fl-12d"/>
      </object_component>
      <object_component id="oc-247">
         <name>.text:xTaskRemoveFromEventList</name>
         <load_address>0x5340</load_address>
         <run_address>0x5340</run_address>
         <size>0xb0</size>
         <input_file_ref idref="fl-8"/>
      </object_component>
      <object_component id="oc-9ce">
         <name>.text:MMC_disk_write</name>
         <load_address>0x53f0</load_address>
         <run_address>0x53f0</run_address>
         <size>0xac</size>
         <input_file_ref idref="fl-49"/>
      </object_component>
      <object_component id="oc-6cd">
         <name>.text:ADC14_configureMultiSequenceMode</name>
         <load_address>0x549c</load_address>
         <run_address>0x549c</run_address>
         <size>0xa8</size>
         <input_file_ref idref="fl-129"/>
      </object_component>
      <object_component id="oc-900">
         <name>.text:vTaskRemoveFromUnorderedEventList</name>
         <load_address>0x5544</load_address>
         <run_address>0x5544</run_address>
         <size>0xa8</size>
         <input_file_ref idref="fl-8"/>
      </object_component>
      <object_component id="oc-88">
         <name>.text:vUART_Handler</name>
         <load_address>0x55ec</load_address>
         <run_address>0x55ec</run_address>
         <size>0xa8</size>
         <input_file_ref idref="fl-14"/>
      </object_component>
      <object_component id="oc-6d3">
         <name>.text:ADC14_configureConversionMemory</name>
         <load_address>0x5694</load_address>
         <run_address>0x5694</run_address>
         <size>0xa4</size>
         <input_file_ref idref="fl-129"/>
      </object_component>
      <object_component id="oc-4af">
         <name>.text:prvInitialiseNewTask</name>
         <load_address>0x5738</load_address>
         <run_address>0x5738</run_address>
         <size>0xa4</size>
         <input_file_ref idref="fl-8"/>
      </object_component>
      <object_component id="oc-47a">
         <name>.text:prvTraceInitCortexM</name>
         <load_address>0x57dc</load_address>
         <run_address>0x57dc</run_address>
         <size>0xa4</size>
         <input_file_ref idref="fl-21"/>
      </object_component>
      <object_component id="oc-4dc">
         <name>.text:itoa</name>
         <load_address>0x5880</load_address>
         <run_address>0x5880</run_address>
         <size>0xa0</size>
         <input_file_ref idref="fl-43"/>
      </object_component>
      <object_component id="oc-6b3">
         <name>.text:xEventGroupSetBits</name>
         <load_address>0x5920</load_address>
         <run_address>0x5920</run_address>
         <size>0x9e</size>
         <input_file_ref idref="fl-4"/>
      </object_component>
      <object_component id="oc-35">
         <name>.text</name>
         <load_address>0x59be</load_address>
         <run_address>0x59be</run_address>
         <size>0x9c</size>
         <input_file_ref idref="fl-113"/>
      </object_component>
      <object_component id="oc-5a6">
         <name>.text:vApplicationIdleHook</name>
         <load_address>0x5a5a</load_address>
         <run_address>0x5a5a</run_address>
         <size>0x2</size>
         <input_file_ref idref="fl-2"/>
      </object_component>
      <object_component id="oc-14d">
         <name>.text:vTraceEnable</name>
         <load_address>0x5a5c</load_address>
         <run_address>0x5a5c</run_address>
         <size>0x9c</size>
         <input_file_ref idref="fl-21"/>
      </object_component>
      <object_component id="oc-554">
         <name>.text:vTaskDelay</name>
         <load_address>0x5af8</load_address>
         <run_address>0x5af8</run_address>
         <size>0x98</size>
         <input_file_ref idref="fl-8"/>
      </object_component>
      <object_component id="oc-998">
         <name>.text:dir_sdi</name>
         <load_address>0x5b90</load_address>
         <run_address>0x5b90</run_address>
         <size>0x92</size>
         <input_file_ref idref="fl-46"/>
      </object_component>
      <object_component id="oc-52f">
         <name>.text:f_sync</name>
         <load_address>0x5c22</load_address>
         <run_address>0x5c22</run_address>
         <size>0x92</size>
         <input_file_ref idref="fl-46"/>
      </object_component>
      <object_component id="oc-3f7">
         <name>.text:prvTraceGetParam</name>
         <load_address>0x5cb4</load_address>
         <run_address>0x5cb4</run_address>
         <size>0x90</size>
         <input_file_ref idref="fl-21"/>
      </object_component>
      <object_component id="oc-80a">
         <name>.text:sync_fs</name>
         <load_address>0x5d44</load_address>
         <run_address>0x5d44</run_address>
         <size>0x8c</size>
         <input_file_ref idref="fl-46"/>
      </object_component>
      <object_component id="oc-8af">
         <name>.text:xQueueGenericReset</name>
         <load_address>0x5dd0</load_address>
         <run_address>0x5dd0</run_address>
         <size>0x8c</size>
         <input_file_ref idref="fl-6"/>
      </object_component>
      <object_component id="oc-9bc">
         <name>.text:MMC_disk_read</name>
         <load_address>0x5e5c</load_address>
         <run_address>0x5e5c</run_address>
         <size>0x88</size>
         <input_file_ref idref="fl-49"/>
      </object_component>
      <object_component id="oc-6ac">
         <name>.text:prvAddCurrentTaskToDelayedList</name>
         <load_address>0x5ee4</load_address>
         <run_address>0x5ee4</run_address>
         <size>0x88</size>
         <input_file_ref idref="fl-8"/>
      </object_component>
      <object_component id="oc-746">
         <name>.text:xTaskCheckForTimeOut</name>
         <load_address>0x5f6c</load_address>
         <run_address>0x5f6c</run_address>
         <size>0x88</size>
         <input_file_ref idref="fl-8"/>
      </object_component>
      <object_component id="oc-adb">
         <name>.text:prvSwitchTimerLists</name>
         <load_address>0x5ff4</load_address>
         <run_address>0x5ff4</run_address>
         <size>0x84</size>
         <input_file_ref idref="fl-9"/>
      </object_component>
      <object_component id="oc-ae1">
         <name>.text:vTaskPlaceOnEventListRestricted</name>
         <load_address>0x6078</load_address>
         <run_address>0x6078</run_address>
         <size>0x84</size>
         <input_file_ref idref="fl-8"/>
      </object_component>
      <object_component id="oc-4a9">
         <name>.text:vPortFree</name>
         <load_address>0x60fc</load_address>
         <run_address>0x60fc</run_address>
         <size>0x80</size>
         <input_file_ref idref="fl-c"/>
      </object_component>
      <object_component id="oc-a48">
         <name>.text:PCM_gotoLPM3</name>
         <load_address>0x617c</load_address>
         <run_address>0x617c</run_address>
         <size>0x7c</size>
         <input_file_ref idref="fl-2a"/>
      </object_component>
      <object_component id="oc-7e3">
         <name>.text:RTC_C_getCalendarTime</name>
         <load_address>0x61f8</load_address>
         <run_address>0x61f8</run_address>
         <size>0x7c</size>
         <input_file_ref idref="fl-12c"/>
      </object_component>
      <object_component id="oc-792">
         <name>.text:follow_path</name>
         <load_address>0x6274</load_address>
         <run_address>0x6274</run_address>
         <size>0x7c</size>
         <input_file_ref idref="fl-46"/>
      </object_component>
      <object_component id="oc-6a6">
         <name>.text:prvTraceSetTaskInstanceFinished</name>
         <load_address>0x62f0</load_address>
         <run_address>0x62f0</run_address>
         <size>0x7c</size>
         <input_file_ref idref="fl-21"/>
      </object_component>
      <object_component id="oc-159">
         <name>.text:vTaskStartScheduler</name>
         <load_address>0x636c</load_address>
         <run_address>0x636c</run_address>
         <size>0x7c</size>
         <input_file_ref idref="fl-8"/>
      </object_component>
      <object_component id="oc-977">
         <name>.text:check_fs</name>
         <load_address>0x63e8</load_address>
         <run_address>0x63e8</run_address>
         <size>0x7a</size>
         <input_file_ref idref="fl-46"/>
      </object_component>
      <object_component id="oc-b4">
         <name>.text</name>
         <load_address>0x6462</load_address>
         <run_address>0x6462</run_address>
         <size>0x7a</size>
         <input_file_ref idref="fl-116"/>
      </object_component>
      <object_component id="oc-4e8">
         <name>.text:ADC14_getMultiSequenceResult</name>
         <load_address>0x64dc</load_address>
         <run_address>0x64dc</run_address>
         <size>0x78</size>
         <input_file_ref idref="fl-129"/>
      </object_component>
      <object_component id="oc-32e">
         <name>.text:prvIdleTask</name>
         <load_address>0x6554</load_address>
         <run_address>0x6554</run_address>
         <size>0x74</size>
         <input_file_ref idref="fl-8"/>
      </object_component>
      <object_component id="oc-7b6">
         <name>.text:remove_chain</name>
         <load_address>0x65c8</load_address>
         <run_address>0x65c8</run_address>
         <size>0x74</size>
         <input_file_ref idref="fl-46"/>
      </object_component>
      <object_component id="oc-241">
         <name>.text:prvCopyDataToQueue</name>
         <load_address>0x663c</load_address>
         <run_address>0x663c</run_address>
         <size>0x70</size>
         <input_file_ref idref="fl-6"/>
      </object_component>
      <object_component id="oc-658">
         <name>.text:prvHeapInit</name>
         <load_address>0x66ac</load_address>
         <run_address>0x66ac</run_address>
         <size>0x70</size>
         <input_file_ref idref="fl-c"/>
      </object_component>
      <object_component id="oc-83c">
         <name>.text:prvProcessTimerOrBlockTask</name>
         <load_address>0x671c</load_address>
         <run_address>0x671c</run_address>
         <size>0x70</size>
         <input_file_ref idref="fl-9"/>
      </object_component>
      <object_component id="oc-48b">
         <name>.text:xQueueGenericCreate</name>
         <load_address>0x678c</load_address>
         <run_address>0x678c</run_address>
         <size>0x6c</size>
         <input_file_ref idref="fl-6"/>
      </object_component>
      <object_component id="oc-9fd">
         <name>.text:xTimerGenericCommand</name>
         <load_address>0x67f8</load_address>
         <run_address>0x67f8</run_address>
         <size>0x6c</size>
         <input_file_ref idref="fl-9"/>
      </object_component>
      <object_component id="oc-aa5">
         <name>.text:send_cmd</name>
         <load_address>0x6864</load_address>
         <run_address>0x6864</run_address>
         <size>0x6a</size>
         <input_file_ref idref="fl-49"/>
      </object_component>
      <object_component id="oc-213">
         <name>.text:vApplicationTickHook</name>
         <load_address>0x68ce</load_address>
         <run_address>0x68ce</run_address>
         <size>0x2</size>
         <input_file_ref idref="fl-1f"/>
      </object_component>
      <object_component id="oc-d2">
         <name>.text:SystemInit</name>
         <load_address>0x68d0</load_address>
         <run_address>0x68d0</run_address>
         <size>0x68</size>
         <input_file_ref idref="fl-3b"/>
      </object_component>
      <object_component id="oc-15">
         <name>.text:decompress:lzss:__TI_decompress_lzss</name>
         <load_address>0x6938</load_address>
         <run_address>0x6938</run_address>
         <size>0x68</size>
         <input_file_ref idref="fl-119"/>
      </object_component>
      <object_component id="oc-68c">
         <name>.text:prvInitialiseTaskLists</name>
         <load_address>0x69a0</load_address>
         <run_address>0x69a0</run_address>
         <size>0x68</size>
         <input_file_ref idref="fl-8"/>
      </object_component>
      <object_component id="oc-587">
         <name>.text:vPortSetupTimerInterrupt</name>
         <load_address>0x6a08</load_address>
         <run_address>0x6a08</run_address>
         <size>0x68</size>
         <input_file_ref idref="fl-a"/>
      </object_component>
      <object_component id="oc-73a">
         <name>.text:prvUnlockQueue</name>
         <load_address>0x6a70</load_address>
         <run_address>0x6a70</run_address>
         <size>0x66</size>
         <input_file_ref idref="fl-6"/>
      </object_component>
      <object_component id="oc-856">
         <name>.text:vPreSleepProcessing</name>
         <load_address>0x6ad6</load_address>
         <run_address>0x6ad6</run_address>
         <size>0x2</size>
         <input_file_ref idref="fl-1f"/>
      </object_component>
      <object_component id="oc-50b">
         <name>.text:initSD</name>
         <load_address>0x6ad8</load_address>
         <run_address>0x6ad8</run_address>
         <size>0x64</size>
         <input_file_ref idref="fl-32"/>
      </object_component>
      <object_component id="oc-31b">
         <name>.text:watchDogTask</name>
         <load_address>0x6b3c</load_address>
         <run_address>0x6b3c</run_address>
         <size>0x64</size>
         <input_file_ref idref="fl-38"/>
      </object_component>
      <object_component id="oc-2f1">
         <name>.text:xTaskCreate</name>
         <load_address>0x6ba0</load_address>
         <run_address>0x6ba0</run_address>
         <size>0x62</size>
         <input_file_ref idref="fl-8"/>
      </object_component>
      <object_component id="oc-65e">
         <name>.text:prvInsertBlockIntoFreeList</name>
         <load_address>0x6c04</load_address>
         <run_address>0x6c04</run_address>
         <size>0x60</size>
         <input_file_ref idref="fl-c"/>
      </object_component>
      <object_component id="oc-3da">
         <name>.text:prvTraceNextFreeEventBufferSlot</name>
         <load_address>0x6c64</load_address>
         <run_address>0x6c64</run_address>
         <size>0x60</size>
         <input_file_ref idref="fl-21"/>
      </object_component>
      <object_component id="oc-b32">
         <name>.text:dir_clear</name>
         <load_address>0x6cc4</load_address>
         <run_address>0x6cc4</run_address>
         <size>0x5c</size>
         <input_file_ref idref="fl-46"/>
      </object_component>
      <object_component id="oc-21d">
         <name>.text:vPortValidateInterruptPriority</name>
         <load_address>0x6d20</load_address>
         <run_address>0x6d20</run_address>
         <size>0x5c</size>
         <input_file_ref idref="fl-a"/>
      </object_component>
      <object_component id="oc-147">
         <name>.text:prvConfigureClocks</name>
         <load_address>0x6d7c</load_address>
         <run_address>0x6d7c</run_address>
         <size>0x58</size>
         <input_file_ref idref="fl-2"/>
      </object_component>
      <object_component id="oc-9f0">
         <name>.text:prvProcessExpiredTimer</name>
         <load_address>0x6dd4</load_address>
         <run_address>0x6dd4</run_address>
         <size>0x58</size>
         <input_file_ref idref="fl-9"/>
      </object_component>
      <object_component id="oc-992">
         <name>.text:dir_find</name>
         <load_address>0x6e2c</load_address>
         <run_address>0x6e2c</run_address>
         <size>0x56</size>
         <input_file_ref idref="fl-46"/>
      </object_component>
      <object_component id="oc-acd">
         <name>.text:xmit_datablock</name>
         <load_address>0x6e82</load_address>
         <run_address>0x6e82</run_address>
         <size>0x56</size>
         <input_file_ref idref="fl-49"/>
      </object_component>
      <object_component id="oc-6c1">
         <name>.text:ADC14_initModule</name>
         <load_address>0x6ed8</load_address>
         <run_address>0x6ed8</run_address>
         <size>0x54</size>
         <input_file_ref idref="fl-129"/>
      </object_component>
      <object_component id="oc-141">
         <name>.text:prvSetupHardware</name>
         <load_address>0x6f2c</load_address>
         <run_address>0x6f2c</run_address>
         <size>0x54</size>
         <input_file_ref idref="fl-2"/>
      </object_component>
      <object_component id="oc-81d">
         <name>.text:vTaskPlaceOnUnorderedEventList</name>
         <load_address>0x6f80</load_address>
         <run_address>0x6f80</run_address>
         <size>0x54</size>
         <input_file_ref idref="fl-8"/>
      </object_component>
      <object_component id="oc-a11">
         <name>.text:_CSGetDividerValue</name>
         <load_address>0x6fd4</load_address>
         <run_address>0x6fd4</run_address>
         <size>0x52</size>
         <input_file_ref idref="fl-25"/>
      </object_component>
      <object_component id="oc-619">
         <name>.text:PCM_getCoreVoltageLevel</name>
         <load_address>0x7026</load_address>
         <run_address>0x7026</run_address>
         <size>0x50</size>
         <input_file_ref idref="fl-2a"/>
      </object_component>
      <object_component id="oc-aec">
         <name>.text:_CSGetDOCFrequency</name>
         <load_address>0x7078</load_address>
         <run_address>0x7078</run_address>
         <size>0x50</size>
         <input_file_ref idref="fl-25"/>
      </object_component>
      <object_component id="oc-5a0">
         <name>.text:prvCheckTasksWaitingTermination</name>
         <load_address>0x70c8</load_address>
         <run_address>0x70c8</run_address>
         <size>0x50</size>
         <input_file_ref idref="fl-8"/>
      </object_component>
      <object_component id="oc-1f2">
         <name>.text:prvTracePortGetTimeStamp</name>
         <load_address>0x7118</load_address>
         <run_address>0x7118</run_address>
         <size>0x50</size>
         <input_file_ref idref="fl-21"/>
      </object_component>
      <object_component id="oc-322">
         <name>.text:xTimerCreateTimerTask</name>
         <load_address>0x7168</load_address>
         <run_address>0x7168</run_address>
         <size>0x50</size>
         <input_file_ref idref="fl-9"/>
      </object_component>
      <object_component id="oc-6c7">
         <name>.text:GPIO_setAsPeripheralModuleFunctionInputPin</name>
         <load_address>0x71b8</load_address>
         <run_address>0x71b8</run_address>
         <size>0x4c</size>
         <input_file_ref idref="fl-28"/>
      </object_component>
      <object_component id="oc-a54">
         <name>.text:PCM_shutdownDevice</name>
         <load_address>0x7204</load_address>
         <run_address>0x7204</run_address>
         <size>0x4c</size>
         <input_file_ref idref="fl-2a"/>
      </object_component>
      <object_component id="oc-76f">
         <name>.text:SPI_Init</name>
         <load_address>0x7250</load_address>
         <run_address>0x7250</run_address>
         <size>0x4c</size>
         <input_file_ref idref="fl-3f"/>
      </object_component>
      <object_component id="oc-af2">
         <name>.text:SysCtl_getTLVInfo</name>
         <load_address>0x729c</load_address>
         <run_address>0x729c</run_address>
         <size>0x4c</size>
         <input_file_ref idref="fl-2b"/>
      </object_component>
      <object_component id="oc-781">
         <name>.text:f_mount</name>
         <load_address>0x72e8</load_address>
         <run_address>0x72e8</run_address>
         <size>0x4c</size>
         <input_file_ref idref="fl-46"/>
      </object_component>
      <object_component id="oc-574">
         <name>.text:prvCheckForValidListAndQueue</name>
         <load_address>0x7334</load_address>
         <run_address>0x7334</run_address>
         <size>0x4c</size>
         <input_file_ref idref="fl-9"/>
      </object_component>
      <object_component id="oc-58e">
         <name>.text:prvGetExpectedIdleTime</name>
         <load_address>0x7380</load_address>
         <run_address>0x7380</run_address>
         <size>0x4c</size>
         <input_file_ref idref="fl-8"/>
      </object_component>
      <object_component id="oc-a93">
         <name>.text:dbc_2nd</name>
         <load_address>0x73cc</load_address>
         <run_address>0x73cc</run_address>
         <size>0x48</size>
         <input_file_ref idref="fl-46"/>
      </object_component>
      <object_component id="oc-99f">
         <name>.text:dir_alloc</name>
         <load_address>0x7414</load_address>
         <run_address>0x7414</run_address>
         <size>0x48</size>
         <input_file_ref idref="fl-46"/>
      </object_component>
      <object_component id="oc-95f">
         <name>.text:get_ldnumber</name>
         <load_address>0x745c</load_address>
         <run_address>0x745c</run_address>
         <size>0x48</size>
         <input_file_ref idref="fl-46"/>
      </object_component>
      <object_component id="oc-9f7">
         <name>.text:prvInsertTimerInActiveList</name>
         <load_address>0x74a4</load_address>
         <run_address>0x74a4</run_address>
         <size>0x48</size>
         <input_file_ref idref="fl-9"/>
      </object_component>
      <object_component id="oc-aab">
         <name>.text:rcvr_datablock</name>
         <load_address>0x74ec</load_address>
         <run_address>0x74ec</run_address>
         <size>0x48</size>
         <input_file_ref idref="fl-49"/>
      </object_component>
      <object_component id="oc-9b1">
         <name>.text:sync_window</name>
         <load_address>0x7534</load_address>
         <run_address>0x7534</run_address>
         <size>0x48</size>
         <input_file_ref idref="fl-46"/>
      </object_component>
      <object_component id="oc-315">
         <name>.text:ttcTask</name>
         <load_address>0x757c</load_address>
         <run_address>0x757c</run_address>
         <size>0x48</size>
         <input_file_ref idref="fl-37"/>
      </object_component>
      <object_component id="oc-9ea">
         <name>.text:vQueueWaitForMessageRestricted</name>
         <load_address>0x75c4</load_address>
         <run_address>0x75c4</run_address>
         <size>0x48</size>
         <input_file_ref idref="fl-6"/>
      </object_component>
      <object_component id="oc-186">
         <name>.text:__TI_auto_init_nobinit_nopinit:__TI_auto_init_nobinit_nopinit</name>
         <load_address>0x760c</load_address>
         <run_address>0x760c</run_address>
         <size>0x44</size>
         <input_file_ref idref="fl-126"/>
      </object_component>
      <object_component id="oc-51d">
         <name>.text:getLocalTime</name>
         <load_address>0x7650</load_address>
         <run_address>0x7650</run_address>
         <size>0x44</size>
         <input_file_ref idref="fl-32"/>
      </object_component>
      <object_component id="oc-4e2">
         <name>.text:getTemperature</name>
         <load_address>0x7694</load_address>
         <run_address>0x7694</run_address>
         <size>0x44</size>
         <input_file_ref idref="fl-33"/>
      </object_component>
      <object_component id="oc-4ee">
         <name>.text:isLowBattery</name>
         <load_address>0x76d8</load_address>
         <run_address>0x76d8</run_address>
         <size>0x44</size>
         <input_file_ref idref="fl-33"/>
      </object_component>
      <object_component id="oc-a62">
         <name>.text:is_A_Module</name>
         <load_address>0x771c</load_address>
         <run_address>0x771c</run_address>
         <size>0x40</size>
         <input_file_ref idref="fl-12d"/>
      </object_component>
      <object_component id="oc-850">
         <name>.text:eTaskConfirmSleepModeStatus</name>
         <load_address>0x775c</load_address>
         <run_address>0x775c</run_address>
         <size>0x3c</size>
         <input_file_ref idref="fl-8"/>
      </object_component>
      <object_component id="oc-2d8">
         <name>.text:prvTraceError</name>
         <load_address>0x7798</load_address>
         <run_address>0x7798</run_address>
         <size>0x3c</size>
         <input_file_ref idref="fl-21"/>
      </object_component>
      <object_component id="oc-3e6">
         <name>.text:prvTraceUpdateCounters</name>
         <load_address>0x77d4</load_address>
         <run_address>0x77d4</run_address>
         <size>0x3c</size>
         <input_file_ref idref="fl-21"/>
      </object_component>
      <object_component id="oc-686">
         <name>.text:vPortEnterCritical</name>
         <load_address>0x7810</load_address>
         <run_address>0x7810</run_address>
         <size>0x3c</size>
         <input_file_ref idref="fl-a"/>
      </object_component>
      <object_component id="oc-613">
         <name>.text:PCM_getPowerMode</name>
         <load_address>0x784c</load_address>
         <run_address>0x784c</run_address>
         <size>0x3a</size>
         <input_file_ref idref="fl-2a"/>
      </object_component>
      <object_component id="oc-798">
         <name>.text:dir_register</name>
         <load_address>0x7886</load_address>
         <run_address>0x7886</run_address>
         <size>0x3a</size>
         <input_file_ref idref="fl-46"/>
      </object_component>
      <object_component id="oc-ab1">
         <name>.text:send_cmd12</name>
         <load_address>0x78c0</load_address>
         <run_address>0x78c0</run_address>
         <size>0x3a</size>
         <input_file_ref idref="fl-49"/>
      </object_component>
      <object_component id="oc-7ea">
         <name>.text:validate</name>
         <load_address>0x78fa</load_address>
         <run_address>0x78fa</run_address>
         <size>0x3a</size>
         <input_file_ref idref="fl-46"/>
      </object_component>
      <object_component id="oc-53">
         <name>.text:_c_int00_noargs:_c_int00_noargs</name>
         <load_address>0x7934</load_address>
         <run_address>0x7934</run_address>
         <size>0x38</size>
         <input_file_ref idref="fl-11a"/>
      </object_component>
      <object_component id="oc-b1e">
         <name>.text:send_initial_clock_train</name>
         <load_address>0x796c</load_address>
         <run_address>0x796c</run_address>
         <size>0x38</size>
         <input_file_ref idref="fl-49"/>
      </object_component>
      <object_component id="oc-6df">
         <name>.text:ADC14_enableSampleTimer</name>
         <load_address>0x79a4</load_address>
         <run_address>0x79a4</run_address>
         <size>0x34</size>
         <input_file_ref idref="fl-129"/>
      </object_component>
      <object_component id="oc-7bc">
         <name>.text:move_window</name>
         <load_address>0x79d8</load_address>
         <run_address>0x79d8</run_address>
         <size>0x34</size>
         <input_file_ref idref="fl-46"/>
      </object_component>
      <object_component id="oc-8e">
         <name>.text:vT32_0_Handler</name>
         <load_address>0x7a0c</load_address>
         <run_address>0x7a0c</run_address>
         <size>0x34</size>
         <input_file_ref idref="fl-e"/>
      </object_component>
      <object_component id="oc-8f9">
         <name>.text:vListInsert</name>
         <load_address>0x7a40</load_address>
         <run_address>0x7a40</run_address>
         <size>0x32</size>
         <input_file_ref idref="fl-5"/>
      </object_component>
      <object_component id="oc-6d9">
         <name>.text:ADC14_setSampleHoldTime</name>
         <load_address>0x7a74</load_address>
         <run_address>0x7a74</run_address>
         <size>0x30</size>
         <input_file_ref idref="fl-129"/>
      </object_component>
      <object_component id="oc-2bf">
         <name>.text:FlashCtl_setWaitState</name>
         <load_address>0x7aa4</load_address>
         <run_address>0x7aa4</run_address>
         <size>0x30</size>
         <input_file_ref idref="fl-26"/>
      </object_component>
      <object_component id="oc-2f7">
         <name>.text:aodcsTask</name>
         <load_address>0x7ad4</load_address>
         <run_address>0x7ad4</run_address>
         <size>0x30</size>
         <input_file_ref idref="fl-30"/>
      </object_component>
      <object_component id="oc-2fd">
         <name>.text:cameraTask</name>
         <load_address>0x7b04</load_address>
         <run_address>0x7b04</run_address>
         <size>0x30</size>
         <input_file_ref idref="fl-31"/>
      </object_component>
      <object_component id="oc-a87">
         <name>.text:dbc_1st</name>
         <load_address>0x7b34</load_address>
         <run_address>0x7b34</run_address>
         <size>0x30</size>
         <input_file_ref idref="fl-46"/>
      </object_component>
      <object_component id="oc-30f">
         <name>.text:pptTask</name>
         <load_address>0x7b64</load_address>
         <run_address>0x7b64</run_address>
         <size>0x30</size>
         <input_file_ref idref="fl-34"/>
      </object_component>
      <object_component id="oc-8dd">
         <name>.text:prvTaskExitError</name>
         <load_address>0x7b94</load_address>
         <run_address>0x7b94</run_address>
         <size>0x30</size>
         <input_file_ref idref="fl-a"/>
      </object_component>
      <object_component id="oc-94">
         <name>.text:vT32_1_Handler</name>
         <load_address>0x7bc4</load_address>
         <run_address>0x7bc4</run_address>
         <size>0x30</size>
         <input_file_ref idref="fl-e"/>
      </object_component>
      <object_component id="oc-734">
         <name>.text:vTaskPlaceOnEventList</name>
         <load_address>0x7bf4</load_address>
         <run_address>0x7bf4</run_address>
         <size>0x30</size>
         <input_file_ref idref="fl-8"/>
      </object_component>
      <object_component id="oc-85c">
         <name>.text:vTaskStepTick</name>
         <load_address>0x7c24</load_address>
         <run_address>0x7c24</run_address>
         <size>0x30</size>
         <input_file_ref idref="fl-8"/>
      </object_component>
      <object_component id="oc-703">
         <name>.text:ADC14_toggleConversionTrigger</name>
         <load_address>0x7c54</load_address>
         <run_address>0x7c54</run_address>
         <size>0x2c</size>
         <input_file_ref idref="fl-129"/>
      </object_component>
      <object_component id="oc-2c5">
         <name>.text:CS_setDCOCenteredFrequency</name>
         <load_address>0x7c80</load_address>
         <run_address>0x7c80</run_address>
         <size>0x2c</size>
         <input_file_ref idref="fl-25"/>
      </object_component>
      <object_component id="oc-2a0">
         <name>.text:GPIO_setAsInputPinWithPullUpResistor</name>
         <load_address>0x7cac</load_address>
         <run_address>0x7cac</run_address>
         <size>0x2c</size>
         <input_file_ref idref="fl-28"/>
      </object_component>
      <object_component id="oc-b0b">
         <name>.text:RTC_C_holdClock</name>
         <load_address>0x7cd8</load_address>
         <run_address>0x7cd8</run_address>
         <size>0x2c</size>
         <input_file_ref idref="fl-12c"/>
      </object_component>
      <object_component id="oc-b55">
         <name>.text:SPI_Read</name>
         <load_address>0x7d04</load_address>
         <run_address>0x7d04</run_address>
         <size>0x2c</size>
         <input_file_ref idref="fl-3f"/>
      </object_component>
      <object_component id="oc-b4f">
         <name>.text:SPI_Write</name>
         <load_address>0x7d30</load_address>
         <run_address>0x7d30</run_address>
         <size>0x2c</size>
         <input_file_ref idref="fl-3f"/>
      </object_component>
      <object_component id="oc-1fb">
         <name>.text:prvResetNextTaskUnblockTime</name>
         <load_address>0x7d5c</load_address>
         <run_address>0x7d5c</run_address>
         <size>0x2c</size>
         <input_file_ref idref="fl-8"/>
      </object_component>
      <object_component id="oc-9e8">
         <name>.text:prvSampleTimeNow</name>
         <load_address>0x7d88</load_address>
         <run_address>0x7d88</run_address>
         <size>0x2c</size>
         <input_file_ref idref="fl-9"/>
      </object_component>
      <object_component id="oc-67f">
         <name>.text:pxPortInitialiseStack</name>
         <load_address>0x7db4</load_address>
         <run_address>0x7db4</run_address>
         <size>0x2c</size>
         <input_file_ref idref="fl-a"/>
      </object_component>
      <object_component id="oc-abd">
         <name>.text:rcvr_spi</name>
         <load_address>0x7de0</load_address>
         <run_address>0x7de0</run_address>
         <size>0x2c</size>
         <input_file_ref idref="fl-49"/>
      </object_component>
      <object_component id="oc-69e">
         <name>.text:vPortExitCritical</name>
         <load_address>0x7e0c</load_address>
         <run_address>0x7e0c</run_address>
         <size>0x2c</size>
         <input_file_ref idref="fl-a"/>
      </object_component>
      <object_component id="oc-82">
         <name>.text:xPortSysTickHandler</name>
         <load_address>0x7e38</load_address>
         <run_address>0x7e38</run_address>
         <size>0x2c</size>
         <input_file_ref idref="fl-a"/>
      </object_component>
      <object_component id="oc-6fd">
         <name>.text:ADC14_enableConversion</name>
         <load_address>0x7e64</load_address>
         <run_address>0x7e64</run_address>
         <size>0x28</size>
         <input_file_ref idref="fl-129"/>
      </object_component>
      <object_component id="oc-775">
         <name>.text:GPIO_Init</name>
         <load_address>0x7e8c</load_address>
         <run_address>0x7e8c</run_address>
         <size>0x28</size>
         <input_file_ref idref="fl-3e"/>
      </object_component>
      <object_component id="oc-a5a">
         <name>.text:PCM_gotoLPM0</name>
         <load_address>0x7eb4</load_address>
         <run_address>0x7eb4</run_address>
         <size>0x28</size>
         <input_file_ref idref="fl-2a"/>
      </object_component>
      <object_component id="oc-435">
         <name>.text:prvCopyDataFromQueue</name>
         <load_address>0x7edc</load_address>
         <run_address>0x7edc</run_address>
         <size>0x28</size>
         <input_file_ref idref="fl-6"/>
      </object_component>
      <object_component id="oc-b3f">
         <name>.text:xmit_spi</name>
         <load_address>0x7f04</load_address>
         <run_address>0x7f04</run_address>
         <size>0x28</size>
         <input_file_ref idref="fl-49"/>
      </object_component>
      <object_component id="oc-79e">
         <name>.text:ld_clust</name>
         <load_address>0x7f2c</load_address>
         <run_address>0x7f2c</run_address>
         <size>0x26</size>
         <input_file_ref idref="fl-46"/>
      </object_component>
      <object_component id="oc-201">
         <name>.text:uxListRemove</name>
         <load_address>0x7f52</load_address>
         <run_address>0x7f52</run_address>
         <size>0x26</size>
         <input_file_ref idref="fl-5"/>
      </object_component>
      <object_component id="oc-a1d">
         <name>.text:CS_clearInterruptFlag</name>
         <load_address>0x7f78</load_address>
         <run_address>0x7f78</run_address>
         <size>0x24</size>
         <input_file_ref idref="fl-25"/>
      </object_component>
      <object_component id="oc-c0">
         <name>.text:main</name>
         <load_address>0x7f9c</load_address>
         <run_address>0x7f9c</run_address>
         <size>0x24</size>
         <input_file_ref idref="fl-2"/>
      </object_component>
      <object_component id="oc-836">
         <name>.text:prvGetNextExpireTime</name>
         <load_address>0x7fc0</load_address>
         <run_address>0x7fc0</run_address>
         <size>0x24</size>
         <input_file_ref idref="fl-9"/>
      </object_component>
      <object_component id="oc-2e5">
         <name>.text:queueDataCrete</name>
         <load_address>0x7fe4</load_address>
         <run_address>0x7fe4</run_address>
         <size>0x24</size>
         <input_file_ref idref="fl-36"/>
      </object_component>
      <object_component id="oc-474">
         <name>.text:vTraceStop</name>
         <load_address>0x8008</load_address>
         <run_address>0x8008</run_address>
         <size>0x24</size>
         <input_file_ref idref="fl-21"/>
      </object_component>
      <object_component id="oc-271">
         <name>.text:xQueueIsQueueFullFromISR</name>
         <load_address>0x802c</load_address>
         <run_address>0x802c</run_address>
         <size>0x24</size>
         <input_file_ref idref="fl-6"/>
      </object_component>
      <object_component id="oc-769">
         <name>.text:CS_Init</name>
         <load_address>0x8050</load_address>
         <run_address>0x8050</run_address>
         <size>0x22</size>
         <input_file_ref idref="fl-3d"/>
      </object_component>
      <object_component id="oc-7b0">
         <name>.text:st_clust</name>
         <load_address>0x8072</load_address>
         <run_address>0x8072</run_address>
         <size>0x22</size>
         <input_file_ref idref="fl-46"/>
[...]
      </symbol>
      <symbol id="sm-cff">
         <name>FPU_enableModule</name>
         <value>0x85b9</value>
         <object_component_ref idref="oc-294"/>
      </symbol>
      <symbol id="sm-d69">
         <name>GPIO_setOutputHighOnPin</name>
         <value>0x84cd</value>
         <object_component_ref idref="oc-567"/>
      </symbol>
      <symbol id="sm-d6a">
         <name>GPIO_setAsInputPinWithPullUpResistor</name>
         <value>0x7cad</value>
         <object_component_ref idref="oc-2a0"/>
      </symbol>
      <symbol id="sm-d6b">
         <name>GPIO_enableInterrupt</name>
         <value>0x84b9</value>
         <object_component_ref idref="oc-2ac"/>
      </symbol>
      <symbol id="sm-d6c">
         <name>GPIO_setAsOutputPin</name>
         <value>0x8095</value>
         <object_component_ref idref="oc-29a"/>
      </symbol>
      <symbol id="sm-d6d">
         <name>GPIO_setOutputLowOnPin</name>
         <value>0x84e1</value>
         <object_component_ref idref="oc-2b2"/>
      </symbol>
      <symbol id="sm-d6e">
         <name>GPIO_clearInterruptFlag</name>
         <value>0x84a5</value>
         <object_component_ref idref="oc-2a6"/>
      </symbol>
      <symbol id="sm-d6f">
         <name>GPIO_toggleOutputOnPin</name>
         <value>0x84f5</value>
         <object_component_ref idref="oc-517"/>
      </symbol>
      <symbol id="sm-d70">
         <name>GPIO_getInputPinValue</name>
         <value>0x8311</value>
         <object_component_ref idref="oc-548"/>
      </symbol>
      <symbol id="sm-d71">
         <name>GPIO_setAsPeripheralModuleFunctionInputPin</name>
         <value>0x71b9</value>
         <object_component_ref idref="oc-6c7"/>
      </symbol>
      <symbol id="sm-d7c">
         <name>Interrupt_enableMaster</name>
         <value>0x85e9</value>
         <object_component_ref idref="oc-77b"/>
      </symbol>
      <symbol id="sm-e4e">
         <name>PCM_setCoreVoltageLevel</name>
         <value>0x87bf</value>
         <object_component_ref idref="oc-2b9"/>
      </symbol>
      <symbol id="sm-e4f">
         <name>PCM_getCoreVoltageLevel</name>
         <value>0x7027</value>
         <object_component_ref idref="oc-619"/>
      </symbol>
      <symbol id="sm-e50">
         <name>PCM_shutdownDevice</name>
         <value>0x7205</value>
         <object_component_ref idref="oc-a54"/>
      </symbol>
      <symbol id="sm-e51">
         <name>PCM_setPowerState</name>
         <value>0x87cf</value>
         <object_component_ref idref="oc-71b"/>
      </symbol>
      <symbol id="sm-e52">
         <name>PCM_getPowerMode</name>
         <value>0x784d</value>
         <object_component_ref idref="oc-613"/>
      </symbol>
      <symbol id="sm-e53">
         <name>PCM_getPowerState</name>
         <value>0x86f9</value>
         <object_component_ref idref="oc-61f"/>
      </symbol>
      <symbol id="sm-e54">
         <name>PCM_gotoLPM4</name>
         <value>0x85f9</value>
         <object_component_ref idref="oc-a4e"/>
      </symbol>
      <symbol id="sm-e55">
         <name>PCM_gotoLPM3</name>
         <value>0x617d</value>
         <object_component_ref idref="oc-a48"/>
      </symbol>
      <symbol id="sm-e56">
         <name>PCM_gotoLPM0</name>
         <value>0x7eb5</value>
         <object_component_ref idref="oc-a5a"/>
      </symbol>
      <symbol id="sm-e57">
         <name>PCM_setPowerMode</name>
         <value>0x87c7</value>
         <object_component_ref idref="oc-625"/>
      </symbol>
      <symbol id="sm-e83">
         <name>SysCtl_getTempCalibrationConstant</name>
         <value>0x871d</value>
         <object_component_ref idref="oc-6f7"/>
      </symbol>
      <symbol id="sm-e84">
         <name>SysCtl_setWDTTimeoutResetType</name>
         <value>0x8209</value>
         <object_component_ref idref="oc-28e"/>
      </symbol>
      <symbol id="sm-e85">
         <name>SysCtl_getTLVInfo</name>
         <value>0x729d</value>
         <object_component_ref idref="oc-af2"/>
      </symbol>
      <symbol id="sm-ea7">
         <name>WDT_A_clearTimer</name>
         <value>0x8329</value>
         <object_component_ref idref="oc-56d"/>
      </symbol>
      <symbol id="sm-ea8">
         <name>WDT_A_holdTimer</name>
         <value>0x8341</value>
         <object_component_ref idref="oc-b05"/>
      </symbol>
      <symbol id="sm-ea9">
         <name>WDT_A_startTimer</name>
         <value>0x8509</value>
         <object_component_ref idref="oc-55b"/>
      </symbol>
      <symbol id="sm-ed0">
         <name>aodcsTask</name>
         <value>0x7ad5</value>
         <object_component_ref idref="oc-2f7"/>
      </symbol>
      <symbol id="sm-ed1">
         <name>setWatchDogBit_AODCS</name>
         <value>0x8619</value>
         <object_component_ref idref="oc-4c8"/>
      </symbol>
      <symbol id="sm-eed">
         <name>cameraTask</name>
         <value>0x7b05</value>
         <object_component_ref idref="oc-2fd"/>
      </symbol>
      <symbol id="sm-eee">
         <name>setWatchDogBit_CAMERA</name>
         <value>0x8629</value>
         <object_component_ref idref="oc-4cf"/>
      </symbol>
      <symbol id="sm-f4e">
         <name>sdDriver</name>
         <value>0x2000e118</value>
      </symbol>
      <symbol id="sm-f4f">
         <name>file</name>
         <value>0x2000e348</value>
      </symbol>
      <symbol id="sm-f50">
         <name>bw</name>
         <value>0x2000e7f8</value>
      </symbol>
      <symbol id="sm-f51">
         <name>fResult</name>
         <value>0x2000e71b</value>
      </symbol>
      <symbol id="sm-f52">
         <name>imuData</name>
         <value>0x2000e6dc</value>
      </symbol>
      <symbol id="sm-f53">
         <name>localTime</name>
         <value>0x2000e7e8</value>
      </symbol>
      <symbol id="sm-f54">
         <name>SPI0MasterConfig</name>
         <value>0x2000eb14</value>
         <object_component_ref idref="oc-787"/>
      </symbol>
      <symbol id="sm-f55">
         <name>getLocalTime</name>
         <value>0x7651</value>
         <object_component_ref idref="oc-51d"/>
      </symbol>
      <symbol id="sm-f56">
         <name>setWatchDogBit_DATASTORAGE</name>
         <value>0x8639</value>
         <object_component_ref idref="oc-535"/>
      </symbol>
      <symbol id="sm-f57">
         <name>dataStorage</name>
         <value>0x11cd</value>
         <object_component_ref idref="oc-309"/>
      </symbol>
      <symbol id="sm-f58">
         <name>initSD</name>
         <value>0x6ad9</value>
         <object_component_ref idref="oc-50b"/>
      </symbol>
      <symbol id="sm-fa6">
         <name>calDifference</name>
         <value>0x2000e804</value>
      </symbol>
      <symbol id="sm-fa7">
         <name>setWatchDogBit_HOUSEKEEPING</name>
         <value>0x8649</value>
         <object_component_ref idref="oc-500"/>
      </symbol>
      <symbol id="sm-fa8">
         <name>getTemperature</name>
         <value>0x7695</value>
         <object_component_ref idref="oc-4e2"/>
      </symbol>
      <symbol id="sm-fa9">
         <name>adcInit</name>
         <value>0x4685</value>
         <object_component_ref idref="oc-4d6"/>
      </symbol>
      <symbol id="sm-faa">
         <name>houseKeeping</name>
         <value>0x23ad</value>
         <object_component_ref idref="oc-303"/>
      </symbol>
      <symbol id="sm-fab">
         <name>isLowBattery</name>
         <value>0x76d9</value>
         <object_component_ref idref="oc-4ee"/>
      </symbol>
      <symbol id="sm-fc7">
         <name>setWatchDogBit_PPT</name>
         <value>0x8659</value>
         <object_component_ref idref="oc-541"/>
      </symbol>
      <symbol id="sm-fc8">
         <name>pptTask</name>
         <value>0x7b65</value>
         <object_component_ref idref="oc-30f"/>
      </symbol>
      <symbol id="sm-fce">
         <name>cal30</name>
         <value>0x2000e7fc</value>
      </symbol>
      <symbol id="sm-fcf">
         <name>cal85</name>
         <value>0x2000e800</value>
      </symbol>
      <symbol id="sm-1009">
         <name>xQueueIMU</name>
         <value>0x2000eb74</value>
         <object_component_ref idref="oc-497"/>
      </symbol>
      <symbol id="sm-100a">
         <name>semaphoreIMU</name>
         <value>0x2000eb78</value>
         <object_component_ref idref="oc-497"/>
      </symbol>
      <symbol id="sm-100b">
         <name>queueDataCrete</name>
         <value>0x7fe5</value>
         <object_component_ref idref="oc-2e5"/>
      </symbol>
      <symbol id="sm-100c">
         <name>taskCreate</name>
         <value>0x3b25</value>
         <object_component_ref idref="oc-153"/>
      </symbol>
      <symbol id="sm-100d">
         <name>watchDogEventGroupCreate</name>
         <value>0x86a9</value>
         <object_component_ref idref="oc-2eb"/>
      </symbol>
      <symbol id="sm-102a">
         <name>ttcTask</name>
         <value>0x757d</value>
         <object_component_ref idref="oc-315"/>
      </symbol>
      <symbol id="sm-102b">
         <name>setWatchDogBit_TTC</name>
         <value>0x8669</value>
         <object_component_ref idref="oc-54e"/>
      </symbol>
      <symbol id="sm-1041">
         <name>watchDogTask</name>
         <value>0x6b3d</value>
         <object_component_ref idref="oc-31b"/>
      </symbol>
      <symbol id="sm-1075">
         <name>interruptVectors</name>
         <value>0x0</value>
         <object_component_ref idref="oc-24"/>
      </symbol>
      <symbol id="sm-1087">
         <name>SystemInit</name>
         <value>0x68d1</value>
         <object_component_ref idref="oc-d2"/>
      </symbol>
      <symbol id="sm-1092">
         <name>CS_Init</name>
         <value>0x8051</value>
         <object_component_ref idref="oc-769"/>
      </symbol>
      <symbol id="sm-10b3">
         <name>GPIO_High</name>
         <value>0x85c9</value>
         <object_component_ref idref="oc-ab7"/>
      </symbol>
      <symbol id="sm-10b4">
         <name>GPIO_Init</name>
         <value>0x7e8d</value>
         <object_component_ref idref="oc-775"/>
      </symbol>
      <symbol id="sm-10b5">
         <name>GPIO_Low</name>
         <value>0x85d9</value>
         <object_component_ref idref="oc-951"/>
      </symbol>
      <symbol id="sm-10df">
         <name>SPI_Write</name>
         <value>0x7d31</value>
         <object_component_ref idref="oc-b4f"/>
      </symbol>
      <symbol id="sm-10e0">
         <name>SPI_Read</name>
         <value>0x7d05</value>
         <object_component_ref idref="oc-b55"/>
      </symbol>
      <symbol id="sm-10e1">
         <name>SPI_Init</name>
         <value>0x7251</value>
         <object_component_ref idref="oc-76f"/>
      </symbol>
      <symbol id="sm-10fa">
         <name>itoa</name>
         <value>0x5881</value>
         <object_component_ref idref="oc-4dc"/>
      </symbol>
      <symbol id="sm-113c">
         <name>disk_status</name>
         <value>0x8389</value>
         <object_component_ref idref="oc-96b"/>
      </symbol>
      <symbol id="sm-113d">
         <name>disk_read</name>
         <value>0x8175</value>
         <object_component_ref idref="oc-7da"/>
      </symbol>
      <symbol id="sm-113e">
         <name>disk_initialize</name>
         <value>0x8371</value>
         <object_component_ref idref="oc-971"/>
      </symbol>
      <symbol id="sm-113f">
         <name>disk_ioctl</name>
         <value>0x8225</value>
         <object_component_ref idref="oc-9d7"/>
      </symbol>
      <symbol id="sm-1140">
         <name>disk_write</name>
         <value>0x8193</value>
         <object_component_ref idref="oc-7f6"/>
      </symbol>
      <symbol id="sm-139b">
         <name>f_sync</name>
         <value>0x5c23</value>
         <object_component_ref idref="oc-52f"/>
      </symbol>
      <symbol id="sm-139c">
         <name>f_write</name>
         <value>0x18d3</value>
         <object_component_ref idref="oc-523"/>
      </symbol>
      <symbol id="sm-139d">
         <name>f_open</name>
         <value>0x1719</value>
         <object_component_ref idref="oc-511"/>
      </symbol>
      <symbol id="sm-139e">
         <name>f_mount</name>
         <value>0x72e9</value>
         <object_component_ref idref="oc-781"/>
      </symbol>
      <symbol id="sm-14be">
         <name>get_fattime</name>
         <value>0x87f5</value>
         <object_component_ref idref="oc-7a4"/>
      </symbol>
      <symbol id="sm-14bf">
         <name>MMC_disk_ioctl</name>
         <value>0x1dd5</value>
         <object_component_ref idref="oc-ad4"/>
      </symbol>
      <symbol id="sm-14c0">
         <name>MMC_disk_read</name>
         <value>0x5e5d</value>
         <object_component_ref idref="oc-9bc"/>
      </symbol>
      <symbol id="sm-14c1">
         <name>MMC_disk_status</name>
         <value>0x86ed</value>
         <object_component_ref idref="oc-a6f"/>
      </symbol>
      <symbol id="sm-14c2">
         <name>MMC_disk_write</name>
         <value>0x53f1</value>
         <object_component_ref idref="oc-9ce"/>
      </symbol>
      <symbol id="sm-14c3">
         <name>MMC_disk_initialize</name>
         <value>0x2671</value>
         <object_component_ref idref="oc-a76"/>
      </symbol>
      <symbol id="sm-14ed">
         <name>memcpy</name>
         <value>0x59bf</value>
         <object_component_ref idref="oc-35"/>
      </symbol>
      <symbol id="sm-14ee">
         <name>__aeabi_memcpy</name>
         <value>0x59bf</value>
         <object_component_ref idref="oc-35"/>
      </symbol>
      <symbol id="sm-14ef">
         <name>__aeabi_memcpy8</name>
         <value>0x59bf</value>
         <object_component_ref idref="oc-35"/>
      </symbol>
      <symbol id="sm-14f0">
         <name>__aeabi_memcpy4</name>
         <value>0x59bf</value>
         <object_component_ref idref="oc-35"/>
      </symbol>
      <symbol id="sm-1501">
         <name>__aeabi_memset</name>
         <value>0x6465</value>
         <object_component_ref idref="oc-b4"/>
      </symbol>
      <symbol id="sm-1502">
         <name>memset</name>
         <value>0x646b</value>
         <object_component_ref idref="oc-b4"/>
      </symbol>
      <symbol id="sm-1503">
         <name>__aeabi_memset8</name>
         <value>0x6465</value>
         <object_component_ref idref="oc-b4"/>
      </symbol>
      <symbol id="sm-1504">
         <name>__aeabi_memset4</name>
         <value>0x6465</value>
         <object_component_ref idref="oc-b4"/>
      </symbol>
      <symbol id="sm-1505">
         <name>__aeabi_memclr8</name>
         <value>0x6463</value>
         <object_component_ref idref="oc-b4"/>
      </symbol>
      <symbol id="sm-1506">
         <name>__aeabi_memclr4</name>
         <value>0x6463</value>
         <object_component_ref idref="oc-b4"/>
      </symbol>
      <symbol id="sm-1507">
         <name>__aeabi_memclr</name>
         <value>0x6463</value>
         <object_component_ref idref="oc-b4"/>
      </symbol>
      <symbol id="sm-1519">
         <name>__TI_zero_init</name>
         <value>0x8735</value>
         <object_component_ref idref="oc-47"/>
      </symbol>
      <symbol id="sm-1530">
         <name>__TI_decompress_none</name>
         <value>0x86b9</value>
         <object_component_ref idref="oc-1b"/>
      </symbol>
      <symbol id="sm-1553">
         <name>__TI_decompress_lzss</name>
         <value>0x6939</value>
         <object_component_ref idref="oc-15"/>
      </symbol>
      <symbol id="sm-1566">
         <name>__stack</name>
         <value>0x2000fce0</value>
         <object_component_ref idref="oc-27"/>
      </symbol>
      <symbol id="sm-1567">
         <name>_c_int00_noargs</name>
         <value>0x7935</value>
         <object_component_ref idref="oc-53"/>
      </symbol>
      <symbol id="sm-1573">
         <name>C$$EXIT</name>
         <value>0x87f1</value>
         <object_component_ref idref="oc-17a"/>
      </symbol>
      <symbol id="sm-1574">
         <name>abort</name>
         <value>0x87f1</value>
         <object_component_ref idref="oc-17a"/>
      </symbol>
      <symbol id="sm-15a5">
         <name>__TI_auto_init_nobinit_nopinit</name>
         <value>0x760d</value>
         <object_component_ref idref="oc-186"/>
      </symbol>
      <symbol id="sm-15af">
         <name>_system_pre_init</name>
         <value>0x87ed</value>
         <object_component_ref idref="oc-ba"/>
      </symbol>
      <symbol id="sm-168e">
         <name>ADC14_enableSampleTimer</name>
         <value>0x79a5</value>
         <object_component_ref idref="oc-6df"/>
      </symbol>
      <symbol id="sm-168f">
         <name>ADC14_enableConversion</name>
         <value>0x7e65</value>
         <object_component_ref idref="oc-6fd"/>
      </symbol>
      <symbol id="sm-1690">
         <name>ADC14_toggleConversionTrigger</name>
         <value>0x7c55</value>
         <object_component_ref idref="oc-703"/>
      </symbol>
      <symbol id="sm-1691">
         <name>ADC14_getMultiSequenceResult</name>
         <value>0x64dd</value>
         <object_component_ref idref="oc-4e8"/>
      </symbol>
      <symbol id="sm-1692">
         <name>ADC14_setSampleHoldTime</name>
         <value>0x7a75</value>
         <object_component_ref idref="oc-6d9"/>
      </symbol>
      <symbol id="sm-1693">
         <name>ADC14_initModule</name>
         <value>0x6ed9</value>
         <object_component_ref idref="oc-6c1"/>
      </symbol>
      <symbol id="sm-1694">
         <name>ADC14_configureMultiSequenceMode</name>
         <value>0x549d</value>
         <object_component_ref idref="oc-6cd"/>
      </symbol>
      <symbol id="sm-1695">
         <name>ADC14_configureConversionMemory</name>
         <value>0x5695</value>
         <object_component_ref idref="oc-6d3"/>
      </symbol>
      <symbol id="sm-1696">
         <name>ADC14_enableModule</name>
         <value>0x86d5</value>
         <object_component_ref idref="oc-6bb"/>
      </symbol>
      <symbol id="sm-1697">
         <name>ADC14_getResult</name>
         <value>0x81ed</value>
         <object_component_ref idref="oc-70f"/>
      </symbol>
      <symbol id="sm-16b8">
         <name>REF_A_enableTempSensor</name>
         <value>0x8711</value>
         <object_component_ref idref="oc-6e5"/>
      </symbol>
      <symbol id="sm-16b9">
         <name>REF_A_enableReferenceVoltage</name>
         <value>0x8705</value>
         <object_component_ref idref="oc-6f1"/>
      </symbol>
      <symbol id="sm-16ba">
         <name>REF_A_setReferenceVoltage</name>
         <value>0x80b5</value>
         <object_component_ref idref="oc-6eb"/>
      </symbol>
      <symbol id="sm-16d7">
         <name>RTC_C_getCalendarTime</name>
         <value>0x61f9</value>
         <object_component_ref idref="oc-7e3"/>
      </symbol>
      <symbol id="sm-16d8">
         <name>RTC_C_holdClock</name>
         <value>0x7cd9</value>
         <object_component_ref idref="oc-b0b"/>
      </symbol>
      <symbol id="sm-16f8">
         <name>SPI_initMaster</name>
         <value>0x5291</value>
         <object_component_ref idref="oc-945"/>
      </symbol>
      <symbol id="sm-16f9">
         <name>__TI_static_base__</name>
         <value>0x0</value>
      </symbol>
      <symbol id="sm-16fc">
         <name>__mpu_init</name>
         <value>0x0</value>
      </symbol>
      <symbol id="sm-16fd">
         <name>_system_post_cinit</name>
         <value>0x0</value>
      </symbol>
      <symbol id="sm-16fe">
         <name>prvTraceGetQueueNumber</name>
         <value>0x87f9</value>
      </symbol>
      <symbol id="sm-16ff">
         <name>prvTraceGetQueueType</name>
         <value>0x87d7</value>
      </symbol>
      <symbol id="sm-1700">
         <name>prvTraceGetCurrentTaskHandle</name>
         <value>0x8789</value>
      </symbol>
      <symbol id="sm-1701">
         <name>WDT_A_setTimeoutReset</name>
         <value>0x8209</value>
      </symbol>
   </symbol_table>
   <title>Link successful</title>
</link_info>
