******************************************************************************
                  TI ARM Linker PC v18.1.1                     
******************************************************************************
>> Linked Sun Jun 16 20:23:18 2019

OUTPUT FILE NAME:   <Firmware_OBC.out>
ENTRY POINT SYMBOL: "_c_int00_noargs"  address: 000088bd


MEMORY CONFIGURATION

         name            origin    length      used     unused   attr    fill
----------------------  --------  ---------  --------  --------  ----  --------
  MAIN                  00000000   0003f000  00009a26  000355da  R  X
  MYDATA                0003f000   00001000  00000000  00001000  R  X
  INFO                  00200000   00004000  00000000  00004000  R  X
  SRAM_CODE             01000000   00010000  0000eea1  0000115f  RW X
  SRAM_DATA             20000000   00010000  0000eea1  0000115f  RW  


SEGMENT ALLOCATION MAP

run origin  load origin   length   init length attrs members
----------  ----------- ---------- ----------- ----- -------
00000000    00000000    00009a30   00009a30    r-x
  00000000    00000000    00000144   00000144    r-- .intvecs
  00000148    00000148    000097ba   000097ba    r-x .text
  00009904    00009904    00000098   00000098    r-- .const
  000099a0    000099a0    00000090   00000090    r-- .cinit
20000000    20000000    0000eb81   00000000    rw-
  20000000    20000000    0000e810   00000000    rw- .bss
  2000e810    2000e810    00000371   00000000    rw- .data
2000fce0    2000fce0    00000320   00000000    rw-
  2000fce0    2000fce0    00000320   00000000    rw- .stack


SECTION ALLOCATION MAP

 output                                  attributes/
section   page    origin      length       input sections
--------  ----  ----------  ----------   ----------------
.intvecs   0    00000000    00000144     
                  00000000    00000144     msp432_startup_ccs.obj (.intvecs:retain)

.text      0    00000148    000097ba     
                  00000148    0000035e     trcKernelPort.obj (.text:pszTraceGetErrorNotEnoughHandles)
                  000004a6    00000002     --HOLE-- [fill = 0]
                  000004a8    0000035e     queue.obj (.text:xQueueSemaphoreTake)
                  00000806    00000002     --HOLE-- [fill = 0]
                  00000808    00000326     queue.obj (.text:xQueueGenericSend)
                  00000b2e    00000002     --HOLE-- [fill = 0]
                  00000b30    00000312     ff.obj (.text:find_volume)
                  00000e42    00000004     rtsv7M4_T_le_v4SPD16_eabi.lib : pre_init.c.obj (.text:_system_pre_init)
                  00000e46    00000002     --HOLE-- [fill = 0]
                  00000e48    0000030e     queue.obj (.text:xQueueReceive)
                  00001156    00000002     --HOLE-- [fill = 0]
                  00001158    00000234     ff.obj (.text:f_write)
                  0000138c    00000004     rtsv7M4_T_le_v4SPD16_eabi.lib : exit.c.obj (.text:abort:abort)
                  00001390    00000216     pcm.obj (.text:__PCM_setPowerStateAdvanced)
                  000015a6    00000002     --HOLE-- [fill = 0]
                  000015a8    0000020e     dataStorage.obj (.text:dataStorage)
                  000017b6    00000002     --HOLE-- [fill = 0]
                  000017b8    000001d6     ff.obj (.text:f_open)
                  0000198e    00000002     --HOLE-- [fill = 0]
                  00001990    000001d6     IntQueue.obj (.text:xSecondTimerHandler)
                  00001b66    00000002     --HOLE-- [fill = 0]
                  00001b68    000001d4     trcSnapshotRecorder.obj (.text:prvTraceStoreKernelCallWithParam)
                  00001d3c    00000004     --HOLE-- [fill = 0]
                  00001d40    000001c8     mmc_MSP432P401r.obj (.text:MMC_disk_ioctl)
                  00001f08    000001c8     tasks.obj (.text:xTaskIncrementTick)
                  000020d0    000001bc     trcSnapshotRecorder.obj (.text:prvTraceInitTraceData)
                  0000228c    00000004     --HOLE-- [fill = 0]
                  00002290    000001aa     houseKeeping.obj (.text:houseKeeping)
                  0000243a    00000006     --HOLE-- [fill = 0]
                  00002440    000001a9     trcSnapshotRecorder.obj (.text:prvTraceStoreKernelCall)
                  000025e9    00000007     --HOLE-- [fill = 0]
                  000025f0    0000018f     trcSnapshotRecorder.obj (.text:prvTraceGetDTS)
                  0000277f    00000001     --HOLE-- [fill = 0]
                  00002780    0000017e     queue.obj (.text:xQueueGenericSendFromISR)
                  000028fe    00000002     --HOLE-- [fill = 0]
                  00002900    00000178     mmc_MSP432P401r.obj (.text:MMC_disk_initialize)
                  00002a78    00000176     cs.obj (.text:CS_getDCOFrequency)
                  00002bee    00000002     --HOLE-- [fill = 0]
                  00002bf0    0000016e     heap_4.obj (.text:pvPortMalloc)
                  00002d5e    00000002     --HOLE-- [fill = 0]
                  00002d60    00000169     trcSnapshotRecorder.obj (.text:prvTraceGetObjectHandle)
                  00002ec9    00000003     --HOLE-- [fill = 0]
                  00002ecc    00000160     msp432p4xx_driverlib.lib : adc14.o (.text:_getIndexForMemRegister)
                  0000302c    00000004     --HOLE-- [fill = 0]
                  00003030    00000154     port.obj (.text:vPortSuppressTicksAndSleep)
                  00003184    00000004     --HOLE-- [fill = 0]
                  00003188    0000014e     queue.obj (.text:xQueueReceiveFromISR)
                  000032d6    00000002     --HOLE-- [fill = 0]
                  000032d8    0000014c     tasks.obj (.text:prvAddNewTaskToReadyList)
                  00003424    00000004     --HOLE-- [fill = 0]
                  00003428    00000149     trcSnapshotRecorder.obj (.text:prvCheckDataToBeOverwrittenForMultiEntryEvents)
                  00003571    00000007     --HOLE-- [fill = 0]
                  00003578    0000013e     IntQueue.obj (.text:xFirstTimerHandler)
                  000036b6    00000002     --HOLE-- [fill = 0]
                  000036b8    0000013e     tasks.obj (.text:xTaskResumeAll)
                  000037f6    00000002     --HOLE-- [fill = 0]
                  000037f8    0000013c     cs.obj (.text:CS_initClockSignal)
                  00003934    00000004     --HOLE-- [fill = 0]
                  00003938    0000013c     tasks.obj (.text:vTaskPriorityDisinheritAfterTimeout)
                  00003a74    00000004     --HOLE-- [fill = 0]
                  00003a78    00000134     trcKernelPort.obj (.text:vTraceInitObjectHandleStack)
                  00003bac    00000004     --HOLE-- [fill = 0]
                  00003bb0    0000012e     tasks.obj (.text:vTaskNotifyGiveFromISR)
                  00003cde    00000002     --HOLE-- [fill = 0]
                  00003ce0    0000012c     trcSnapshotRecorder.obj (.text:uiIndexOfObject)
                  00003e0c    00000004     --HOLE-- [fill = 0]
                  00003e10    00000126     tasks.obj (.text:xTaskPriorityDisinherit)
                  00003f36    00000002     --HOLE-- [fill = 0]
                  00003f38    00000124     pcm.obj (.text:__PCM_setPowerModeAdvanced)
                  0000405c    00000004     --HOLE-- [fill = 0]
                  00004060    0000011e     tasks.obj (.text:vTaskDelayUntil)
                  0000417e    00000002     --HOLE-- [fill = 0]
                  00004180    0000011e     event_groups.obj (.text:xEventGroupWaitBits)
                  0000429e    00000002     --HOLE-- [fill = 0]
                  000042a0    0000011c     tasks.obj (.text:xTaskPriorityInherit)
                  000043bc    00000004     --HOLE-- [fill = 0]
                  000043c0    0000011a     taskManager.obj (.text:taskCreate)
                  000044da    00000006     --HOLE-- [fill = 0]
                  000044e0    00000119     trcSnapshotRecorder.obj (.text:prvTraceStoreKernelCallWithNumericParamOnly)
                  000045f9    00000007     --HOLE-- [fill = 0]
                  00004600    00000118     cs.obj (.text:_CSComputeCLKFrequency)
                  00004718    00000116     trcSnapshotRecorder.obj (.text:prvTraceSetObjectName)
                  0000482e    00000002     --HOLE-- [fill = 0]
                  00004830    00000116     trcKernelPort.obj (.text:vTraceInitObjectPropertyTable)
                  00004946    00000002     --HOLE-- [fill = 0]
                  00004948    00000114     ff.obj (.text:create_name)
                  00004a5c    00000004     --HOLE-- [fill = 0]
                  00004a60    0000010c     ff.obj (.text:put_fat)
                  00004b6c    00000004     --HOLE-- [fill = 0]
                  00004b70    0000010a     timers.obj (.text:prvProcessReceivedCommands)
                  00004c7a    00000006     --HOLE-- [fill = 0]
                  00004c80    00000104     ff.obj (.text:create_chain)
                  00004d84    00000004     --HOLE-- [fill = 0]
                  00004d88    00000103     trcSnapshotRecorder.obj (.text:prvTraceStoreTaskReady)
                  00004e8b    00000005     --HOLE-- [fill = 0]
                  00004e90    000000fc     port.obj (.text:xPortStartScheduler)
                  00004f8c    00000004     --HOLE-- [fill = 0]
                  00004f90    000000f4     ff.obj (.text:dir_next)
                  00005084    00000004     --HOLE-- [fill = 0]
                  00005088    000000f1     trcSnapshotRecorder.obj (.text:prvTraceStoreTaskswitch)
                  00005179    00000007     --HOLE-- [fill = 0]
                  00005180    000000ee     trcSnapshotRecorder.obj (.text:uiTraceStart)
                  0000526e    00000002     --HOLE-- [fill = 0]
                  00005270    000000e4     houseKeeping.obj (.text:adcInit)
                  00005354    00000004     --HOLE-- [fill = 0]
                  00005358    000000e0     trcSnapshotRecorder.obj (.text:prvTraceGetPriorityProperty)
                  00005438    000000e0     tasks.obj (.text:vTaskSwitchContext)
                  00005518    000000da     portasm.obj (.text)
                  000055f2    00000006     --HOLE-- [fill = 0]
                  000055f8    000000d9     trcSnapshotRecorder.obj (.text:prvTraceSetPriorityProperty)
                  000056d1    00000007     --HOLE-- [fill = 0]
                  000056d8    000000d6     pcm.obj (.text:__PCM_setCoreVoltageLevelAdvanced)
                  000057ae    00000002     --HOLE-- [fill = 0]
                  000057b0    000000d3     trcSnapshotRecorder.obj (.text:prvTraceGetObjectState)
                  00005883    00000005     --HOLE-- [fill = 0]
                  00005888    000000d0     trcSnapshotRecorder.obj (.text:prvTraceSetObjectState)
                  00005958    000000cc     tasks.obj (.text:xTaskRemoveFromEventList)
                  00005a24    00000004     --HOLE-- [fill = 0]
                  00005a28    000000ca     ff.obj (.text:get_fat)
                  00005af2    00000006     --HOLE-- [fill = 0]
                  00005af8    000000c8     trcSnapshotRecorder.obj (.text:vTraceStoreMemMangEvent)
                  00005bc0    000000c4     tasks.obj (.text:vTaskRemoveFromUnorderedEventList)
                  00005c84    00000004     --HOLE-- [fill = 0]
                  00005c88    000000c2     mmc_MSP432P401r.obj (.text:MMC_disk_write)
                  00005d4a    00000006     --HOLE-- [fill = 0]
                  00005d50    000000c0     queue.obj (.text:prvInitialiseNewQueue)
                  00005e10    000000c0     serial.obj (.text:vUART_Handler)
                  00005ed0    000000be     ff.obj (.text:dir_sdi)
                  00005f8e    00000002     --HOLE-- [fill = 0]
                  00005f90    000000b6     tasks.obj (.text:prvInitialiseNewTask)
                  00006046    00000002     --HOLE-- [fill = 0]
                  00006048    000000b6     trcSnapshotRecorder.obj (.text:prvTraceInitCortexM)
                  000060fe    00000002     --HOLE-- [fill = 0]
                  00006100    000000b6     event_groups.obj (.text:xEventGroupSetBits)
                  000061b6    000000b0     msp432p4xx_driverlib.lib : spi.o (.text:SPI_initMaster)
                  00006266    00000002     --HOLE-- [fill = 0]
                  00006268    000000b0     queue.obj (.text:prvCopyDataToQueue)
                  00006318    000000a8     msp432p4xx_driverlib.lib : adc14.o (.text:ADC14_configureMultiSequenceMode)
                  000063c0    000000a6     tasks.obj (.text:prvAddCurrentTaskToDelayedList)
                  00006466    00000002     --HOLE-- [fill = 0]
                  00006468    000000a4     msp432p4xx_driverlib.lib : adc14.o (.text:ADC14_configureConversionMemory)
                  0000650c    00000004     --HOLE-- [fill = 0]
                  00006510    000000a4     itoa.obj (.text:itoa)
                  000065b4    00000004     --HOLE-- [fill = 0]
                  000065b8    000000a4     tasks.obj (.text:vTaskDelay)
                  0000665c    00000004     --HOLE-- [fill = 0]
                  00006660    000000a4     trcSnapshotRecorder.obj (.text:vTraceEnable)
                  00006704    00000004     --HOLE-- [fill = 0]
                  00006708    0000009c     mmc_MSP432P401r.obj (.text:MMC_disk_read)
                  000067a4    0000009c     rtsv7M4_T_le_v4SPD16_eabi.lib : memcpy_t2.asm.obj (.text)
                  00006840    0000009c     tasks.obj (.text:xTaskCheckForTimeOut)
                  000068dc    00000004     --HOLE-- [fill = 0]
                  000068e0    0000009a     ff.obj (.text:f_sync)
                  0000697a    00000006     --HOLE-- [fill = 0]
                  00006980    00000098     timers.obj (.text:prvSwitchTimerLists)
                  00006a18    00000094     queue.obj (.text:xQueueGenericReset)
                  00006aac    00000004     --HOLE-- [fill = 0]
                  00006ab0    00000092     cs.obj (.text:_CSGetDOCFrequency)
                  00006b42    00000006     --HOLE-- [fill = 0]
                  00006b48    00000091     tasks.obj (.text:vTaskStartScheduler)
                  00006bd9    00000007     --HOLE-- [fill = 0]
                  00006be0    00000090     trcSnapshotRecorder.obj (.text:prvTraceGetParam)
                  00006c70    00000090     ff.obj (.text:sync_fs)
                  00006d00    0000008c     heap_4.obj (.text:vPortFree)
                  00006d8c    00000004     --HOLE-- [fill = 0]
                  00006d90    0000008c     tasks.obj (.text:vTaskPlaceOnEventListRestricted)
                  00006e1c    00000004     --HOLE-- [fill = 0]
                  00006e20    0000008a     ff.obj (.text:check_fs)
                  00006eaa    00000006     --HOLE-- [fill = 0]
                  00006eb0    00000086     ff.obj (.text:follow_path)
                  00006f36    00000002     --HOLE-- [fill = 0]
                  00006f38    00000084     timers.obj (.text:xTimerGenericCommand)
                  00006fbc    00000004     --HOLE-- [fill = 0]
                  00006fc0    00000082     system_msp432p401r.obj (.text:SystemInit)
                  00007042    00000006     --HOLE-- [fill = 0]
                  00007048    00000082     tasks.obj (.text:prvIdleTask)
                  000070ca    00000006     --HOLE-- [fill = 0]
                  000070d0    00000082     port.obj (.text:vPortSetupTimerInterrupt)
                  00007152    00000006     --HOLE-- [fill = 0]
                  00007158    00000080     pcm.obj (.text:PCM_gotoLPM3)
                  000071d8    00000080     heap_4.obj (.text:prvHeapInit)
                  00007258    00000080     trcSnapshotRecorder.obj (.text:prvTraceSetTaskInstanceFinished)
                  000072d8    00000080     ff.obj (.text:remove_chain)
                  00007358    0000007e     tasks.obj (.text:prvInitialiseTaskLists)
                  000073d6    00000002     --HOLE-- [fill = 0]
                  000073d8    0000007e     timers.obj (.text:prvProcessTimerOrBlockTask)
                  00007456    00000002     --HOLE-- [fill = 0]
                  00007458    0000007c     msp432p4xx_driverlib.lib : rtc_c.o (.text:RTC_C_getCalendarTime)
                  000074d4    00000004     --HOLE-- [fill = 0]
                  000074d8    0000007c     queue.obj (.text:xQueueGenericCreate)
                  00007554    00000004     --HOLE-- [fill = 0]
                  00007558    0000007a     dataStorage.obj (.text:initSD)
                  000075d2    0000007a     rtsv7M4_T_le_v4SPD16_eabi.lib : memset_t2.asm.obj (.text)
                  0000764c    00000078     msp432p4xx_driverlib.lib : adc14.o (.text:ADC14_getMultiSequenceResult)
                  000076c4    00000004     --HOLE-- [fill = 0]
                  000076c8    00000076     watchDogTask.obj (.text:watchDogTask)
                  0000773e    00000002     --HOLE-- [fill = 0]
                  00007740    00000072     sysctl.obj (.text:SysCtl_getTLVInfo)
                  000077b2    00000006     --HOLE-- [fill = 0]
                  000077b8    00000070     mmc_MSP432P401r.obj (.text:send_cmd)
                  00007828    0000006e     heap_4.obj (.text:prvInsertBlockIntoFreeList)
                  00007896    00000002     --HOLE-- [fill = 0]
                  00007898    0000006c     timers.obj (.text:prvProcessExpiredTimer)
                  00007904    00000004     --HOLE-- [fill = 0]
                  00007908    0000006c     queue.obj (.text:prvUnlockQueue)
                  00007974    00000004     --HOLE-- [fill = 0]
                  00007978    0000006c     port.obj (.text:vPortValidateInterruptPriority)
                  000079e4    00000068     rtsv7M4_T_le_v4SPD16_eabi.lib : copy_decompress_lzss.c.obj (.text:decompress:lzss:__TI_decompress_lzss)
                  00007a4c    00000004     --HOLE-- [fill = 0]
                  00007a50    00000068     tasks.obj (.text:xTaskCreate)
                  00007ab8    00000067     trcSnapshotRecorder.obj (.text:prvTraceNextFreeEventBufferSlot)
                  00007b1f    00000001     --HOLE-- [fill = 0]
                  00007b20    00000066     ff.obj (.text:dir_clear)
                  00007b86    00000002     --HOLE-- [fill = 0]
                  00007b88    00000064     ff.obj (.text:dbc_2nd)
                  00007bec    00000004     --HOLE-- [fill = 0]
                  00007bf0    00000064     tasks.obj (.text:vTaskPlaceOnUnorderedEventList)
                  00007c54    00000004     --HOLE-- [fill = 0]
                  00007c58    00000064     timers.obj (.text:xTimerCreateTimerTask)
                  00007cbc    00000004     --HOLE-- [fill = 0]
                  00007cc0    00000060     trcSnapshotRecorder.obj (.text:prvTracePortGetTimeStamp)
                  00007d20    00000060     mmc_MSP432P401r.obj (.text:xmit_datablock)
                  00007d80    00000058     tasks.obj (.text:prvCheckTasksWaitingTermination)
                  00007dd8    00000058     main.obj (.text:prvConfigureClocks)
                  00007e30    00000058     tasks.obj (.text:prvGetExpectedIdleTime)
                  00007e88    00000056     gpio.obj (.text:GPIO_setAsPeripheralModuleFunctionInputPin)
                  00007ede    00000002     --HOLE-- [fill = 0]
                  00007ee0    00000056     ff.obj (.text:dir_find)
                  00007f36    00000002     --HOLE-- [fill = 0]
                  00007f38    00000056     main.obj (.text:prvSetupHardware)
                  00007f8e    00000002     --HOLE-- [fill = 0]
                  00007f90    00000054     msp432p4xx_driverlib.lib : adc14.o (.text:ADC14_initModule)
                  00007fe4    00000004     --HOLE-- [fill = 0]
                  00007fe8    00000054     ff.obj (.text:f_mount)
                  0000803c    00000004     --HOLE-- [fill = 0]
                  00008040    00000054     timers.obj (.text:prvCheckForValidListAndQueue)
                  00008094    00000004     --HOLE-- [fill = 0]
                  00008098    00000052     pcm.obj (.text:PCM_shutdownDevice)
                  000080ea    00000006     --HOLE-- [fill = 0]
                  000080f0    00000052     cs.obj (.text:_CSGetDividerValue)
                  00008142    00000006     --HOLE-- [fill = 0]
                  00008148    00000050     pcm.obj (.text:PCM_getCoreVoltageLevel)
                  00008198    00000050     timers.obj (.text:prvInsertTimerInActiveList)
                  000081e8    00000050     mmc_MSP432P401r.obj (.text:rcvr_datablock)
                  00008238    00000050     ttcTask.obj (.text:ttcTask)
                  00008288    0000004e     SPI_Driver.obj (.text:SPI_Init)
                  000082d6    00000002     --HOLE-- [fill = 0]
                  000082d8    0000004e     ff.obj (.text:dir_alloc)
                  00008326    00000002     --HOLE-- [fill = 0]
                  00008328    0000004c     dataStorage.obj (.text:getLocalTime)
                  00008374    00000004     --HOLE-- [fill = 0]
                  00008378    00000048     houseKeeping.obj (.text:getTemperature)
                  000083c0    00000048     houseKeeping.obj (.text:isLowBattery)
                  00008408    00000048     ff.obj (.text:sync_window)
                  00008450    00000048     queue.obj (.text:vQueueWaitForMessageRestricted)
                  00008498    00000046     ff.obj (.text:get_ldnumber)
                  000084de    00000002     --HOLE-- [fill = 0]
                  000084e0    00000046     mmc_MSP432P401r.obj (.text:send_initial_clock_train)
                  00008526    00000002     --HOLE-- [fill = 0]
                  00008528    00000044     rtsv7M4_T_le_v4SPD16_eabi.lib : autoinit.c.obj (.text:__TI_auto_init_nobinit_nopinit:__TI_auto_init_nobinit_nopinit)
                  0000856c    00000004     --HOLE-- [fill = 0]
                  00008570    00000044     ff.obj (.text:dbc_1st)
                  000085b4    00000004     --HOLE-- [fill = 0]
                  000085b8    00000044     port.obj (.text:vPortEnterCritical)
                  000085fc    00000004     --HOLE-- [fill = 0]
                  00008600    00000040     tasks.obj (.text:eTaskConfirmSleepModeStatus)
                  00008640    00000040     msp432p4xx_driverlib.lib : spi.o (.text:is_A_Module)
                  00008680    0000003e     trcSnapshotRecorder.obj (.text:prvTraceError)
                  000086be    00000002     --HOLE-- [fill = 0]
                  000086c0    0000003e     mmc_MSP432P401r.obj (.text:send_cmd12)
                  000086fe    00000002     --HOLE-- [fill = 0]
                  00008700    0000003c     trcSnapshotRecorder.obj (.text:prvTraceUpdateCounters)
                  0000873c    00000004     --HOLE-- [fill = 0]
                  00008740    0000003c     list.obj (.text:vListInsert)
                  0000877c    00000004     --HOLE-- [fill = 0]
                  00008780    0000003c     tasks.obj (.text:vTaskStepTick)
                  000087bc    00000004     --HOLE-- [fill = 0]
                  000087c0    0000003a     pcm.obj (.text:PCM_getPowerMode)
                  000087fa    00000006     --HOLE-- [fill = 0]
                  00008800    0000003a     ff.obj (.text:dir_register)
                  0000883a    00000006     --HOLE-- [fill = 0]
                  00008840    0000003a     port.obj (.text:prvTaskExitError)
                  0000887a    00000006     --HOLE-- [fill = 0]
                  00008880    0000003a     ff.obj (.text:validate)
                  000088ba    00000002     --HOLE-- [fill = 0]
                  000088bc    00000038     rtsv7M4_T_le_v4SPD16_eabi.lib : boot_cortex_m.c.obj (.text:_c_int00_noargs:_c_int00_noargs)
                  000088f4    00000004     --HOLE-- [fill = 0]
                  000088f8    00000038     aodcsTask.obj (.text:aodcsTask)
                  00008930    00000038     cameraTask.obj (.text:cameraTask)
                  00008968    00000038     pptTask.obj (.text:pptTask)
                  000089a0    00000036     flash.obj (.text:FlashCtl_setWaitState)
                  000089d6    00000002     --HOLE-- [fill = 0]
                  000089d8    00000036     IntQueueTimer.obj (.text:vT32_0_Handler)
                  00008a0e    00000002     --HOLE-- [fill = 0]
                  00008a10    00000036     IntQueueTimer.obj (.text:vT32_1_Handler)
                  00008a46    00000002     --HOLE-- [fill = 0]
                  00008a48    00000034     msp432p4xx_driverlib.lib : adc14.o (.text:ADC14_enableSampleTimer)
                  00008a7c    00000004     --HOLE-- [fill = 0]
                  00008a80    00000034     ff.obj (.text:move_window)
                  00008ab4    00000004     --HOLE-- [fill = 0]
                  00008ab8    00000034     port.obj (.text:vPortExitCritical)
                  00008aec    00000004     --HOLE-- [fill = 0]
                  00008af0    00000034     tasks.obj (.text:vTaskPlaceOnEventList)
                  00008b24    00000004     --HOLE-- [fill = 0]
                  00008b28    00000032     mmc_MSP432P401r.obj (.text:rcvr_spi)
                  00008b5a    00000002     --HOLE-- [fill = 0]
                  00008b5c    00000030     msp432p4xx_driverlib.lib : adc14.o (.text:ADC14_setSampleHoldTime)
                  00008b8c    00000004     --HOLE-- [fill = 0]
                  00008b90    0000002e     cs.obj (.text:CS_setDCOCenteredFrequency)
                  00008bbe    00000002     --HOLE-- [fill = 0]
                  00008bc0    0000002e     SPI_Driver.obj (.text:SPI_Read)
                  00008bee    00000002     --HOLE-- [fill = 0]
                  00008bf0    0000002e     SPI_Driver.obj (.text:SPI_Write)
                  00008c1e    00000002     --HOLE-- [fill = 0]
                  00008c20    0000002e     timers.obj (.text:prvSampleTimeNow)
                  00008c4e    00000002     --HOLE-- [fill = 0]
                  00008c50    0000002e     mmc_MSP432P401r.obj (.text:xmit_spi)
                  00008c7e    00000002     --HOLE-- [fill = 0]
                  00008c80    0000002c     msp432p4xx_driverlib.lib : adc14.o (.text:ADC14_toggleConversionTrigger)
                  00008cac    00000004     --HOLE-- [fill = 0]
                  00008cb0    0000002c     gpio.obj (.text:GPIO_setAsInputPinWithPullUpResistor)
                  00008cdc    0000002c     msp432p4xx_driverlib.lib : rtc_c.o (.text:RTC_C_holdClock)
                  00008d08    0000002c     tasks.obj (.text:prvResetNextTaskUnblockTime)
                  00008d34    00000004     --HOLE-- [fill = 0]
                  00008d38    0000002c     port.obj (.text:pxPortInitialiseStack)
                  00008d64    00000004     --HOLE-- [fill = 0]
                  00008d68    0000002c     port.obj (.text:xPortSysTickHandler)
                  00008d94    00000004     --HOLE-- [fill = 0]
                  00008d98    0000002c     queue.obj (.text:xQueueIsQueueFullFromISR)
                  00008dc4    00000004     --HOLE-- [fill = 0]
                  00008dc8    0000002a     cs.obj (.text:CS_clearInterruptFlag)
                  00008df2    00000006     --HOLE-- [fill = 0]
                  00008df8    0000002a     main.obj (.text:main)
                  00008e22    00000002     --HOLE-- [fill = 0]
                  00008e24    00000028     msp432p4xx_driverlib.lib : adc14.o (.text:ADC14_enableConversion)
                  00008e4c    00000004     --HOLE-- [fill = 0]
                  00008e50    00000028     GPIO_Driver.obj (.text:GPIO_Init)
                  00008e78    00000028     pcm.obj (.text:PCM_gotoLPM0)
                  00008ea0    00000028     taskManager.obj (.text:queueDataCrete)
                  00008ec8    00000028     mmc_MSP432P401r.obj (.text:wait_ready)
                  00008ef0    00000026     ff.obj (.text:ld_clust)
                  00008f16    00000002     --HOLE-- [fill = 0]
                  00008f18    00000026     queue.obj (.text:prvCopyDataFromQueue)
                  00008f3e    00000002     --HOLE-- [fill = 0]
                  00008f40    00000026     timers.obj (.text:prvGetNextExpireTime)
                  00008f66    00000002     --HOLE-- [fill = 0]
                  00008f68    00000026     list.obj (.text:uxListRemove)
                  00008f8e    00000002     --HOLE-- [fill = 0]
                  00008f90    00000026     trcSnapshotRecorder.obj (.text:vTraceStop)
                  00008fb6    00000002     --HOLE-- [fill = 0]
                  00008fb8    00000024     tasks.obj (.text:xTaskGetSchedulerState)
                  00008fdc    00000004     --HOLE-- [fill = 0]
                  00008fe0    00000022     CS_Driver.obj (.text:CS_Init)
                  00009002    00000006     --HOLE-- [fill = 0]
                  00009008    00000022     sysctl.obj (.text:SysCtl_setWDTTimeoutResetType)
                  0000902a    00000006     --HOLE-- [fill = 0]
                  00009030    00000022     diskio.obj (.text:disk_read)
                  00009052    00000006     --HOLE-- [fill = 0]
                  00009058    00000022     diskio.obj (.text:disk_write)
                  0000907a    00000006     --HOLE-- [fill = 0]
                  00009080    00000022     ff.obj (.text:st_clust)
                  000090a2    00000006     --HOLE-- [fill = 0]
                  000090a8    00000020     gpio.obj (.text:GPIO_setAsOutputPin)
                  000090c8    00000020     msp432p4xx_driverlib.lib : ref_a.o (.text:REF_A_setReferenceVoltage)
                  000090e8    00000020     diskio.obj (.text:disk_ioctl)
                  00009108    00000020     trcSnapshotRecorder.obj (.text:prvMarkObjectAsUsed)
                  00009128    00000020     IntQueue.obj (.text:prvRecordValue_NormallyEmpty)
                  00009148    00000020     IntQueue.obj (.text:prvRecordValue_NormallyFull)
                  00009168    00000020     trcSnapshotRecorder.obj (.text:prvStrncpy)
                  00009188    0000001e     ff.obj (.text:mem_cmp)
                  000091a6    00000002     --HOLE-- [fill = 0]
                  000091a8    0000001e     queue.obj (.text:prvIsQueueFull)
                  000091c6    00000002     --HOLE-- [fill = 0]
                  000091c8    0000001e     list.obj (.text:vListInitialise)
                  000091e6    00000002     --HOLE-- [fill = 0]
                  000091e8    0000001c     msp432p4xx_driverlib.lib : adc14.o (.text:ADC14_getResult)
                  00009204    00000004     --HOLE-- [fill = 0]
                  00009208    0000001c     event_groups.obj (.text:prvTestWaitCondition)
                  00009224    00000004     --HOLE-- [fill = 0]
                  00009228    0000001a     cs.obj (.text:CS_getMCLK)
                  00009242    00000006     --HOLE-- [fill = 0]
                  00009248    0000001a     gpio.obj (.text:GPIO_getInputPinValue)
                  00009262    00000006     --HOLE-- [fill = 0]
                  00009268    0000001a     ff.obj (.text:clst2sect)
                  00009282    00000006     --HOLE-- [fill = 0]
                  00009288    0000001a     queue.obj (.text:prvGetDisinheritPriorityAfterTimeout)
                  000092a2    00000006     --HOLE-- [fill = 0]
                  000092a8    0000001a     queue.obj (.text:prvIsQueueEmpty)
                  000092c2    00000006     --HOLE-- [fill = 0]
                  000092c8    0000001a     timers.obj (.text:prvTimerTask)
                  000092e2    00000006     --HOLE-- [fill = 0]
                  000092e8    0000001a     trcKernelPort.obj (.text:prvTraceSetQueueNumberHigh16)
                  00009302    00000006     --HOLE-- [fill = 0]
                  00009308    0000001a     trcKernelPort.obj (.text:prvTraceSetQueueNumberLow16)
                  00009322    00000006     --HOLE-- [fill = 0]
                  00009328    0000001a     trcKernelPort.obj (.text:prvTraceSetTaskNumberHigh16)
                  00009342    00000006     --HOLE-- [fill = 0]
                  00009348    0000001a     trcKernelPort.obj (.text:prvTraceSetTaskNumberLow16)
                  00009362    00000006     --HOLE-- [fill = 0]
                  00009368    0000001a     tasks.obj (.text:pvTaskIncrementMutexHeldCount)
                  00009382    00000006     --HOLE-- [fill = 0]
                  00009388    0000001a     msp432_startup_ccs.obj (.text:resetISR)
                  000093a2    00000006     --HOLE-- [fill = 0]
                  000093a8    0000001a     tasks.obj (.text:uxTaskResetEventItemValue)
                  000093c2    00000006     --HOLE-- [fill = 0]
                  000093c8    0000001a     tasks.obj (.text:vTaskInternalSetTimeOutState)
                  000093e2    00000006     --HOLE-- [fill = 0]
                  000093e8    0000001a     event_groups.obj (.text:xEventGroupCreate)
                  00009402    00000006     --HOLE-- [fill = 0]
                  00009408    00000018     wdt_a.obj (.text:WDT_A_clearTimer)
                  00009420    00000018     wdt_a.obj (.text:WDT_A_holdTimer)
                  00009438    00000018     ff.obj (.text:chk_chr)
                  00009450    00000018     diskio.obj (.text:disk_initialize)
                  00009468    00000018     diskio.obj (.text:disk_status)
                  00009480    00000018     IntQueue.obj (.text:prvQueueAccessLogError)
                  00009498    00000018     ff.obj (.text:st_dword)
                  000094b0    00000018     list.obj (.text:vListInsertEnd)
                  000094c8    00000016     wdt_a.obj (.text:WDT_A_startTimer)
                  000094de    00000002     --HOLE-- [fill = 0]
                  000094e0    00000016     ff.obj (.text:ld_dword)
                  000094f6    00000002     --HOLE-- [fill = 0]
                  000094f8    00000016     ff.obj (.text:mem_cpy)
                  0000950e    00000002     --HOLE-- [fill = 0]
                  00009510    00000016     queue.obj (.text:xQueueCreateMutex)
                  00009526    00000002     --HOLE-- [fill = 0]
                  00009528    00000014     gpio.obj (.text:GPIO_clearInterruptFlag)
                  0000953c    00000004     --HOLE-- [fill = 0]
                  00009540    00000014     gpio.obj (.text:GPIO_enableInterrupt)
                  00009554    00000004     --HOLE-- [fill = 0]
                  00009558    00000014     gpio.obj (.text:GPIO_setOutputHighOnPin)
                  0000956c    00000004     --HOLE-- [fill = 0]
                  00009570    00000014     gpio.obj (.text:GPIO_setOutputLowOnPin)
                  00009584    00000004     --HOLE-- [fill = 0]
                  00009588    00000014     gpio.obj (.text:GPIO_toggleOutputOnPin)
                  0000959c    00000004     --HOLE-- [fill = 0]
                  000095a0    00000014     mmc_MSP432P401r.obj (.text:power_on)
                  000095b4    00000004     --HOLE-- [fill = 0]
                  000095b8    00000014     queue.obj (.text:prvInitialiseMutex)
                  000095cc    00000004     --HOLE-- [fill = 0]
                  000095d0    00000012     fpu.obj (.text:FPU_enableModule)
                  000095e2    00000006     --HOLE-- [fill = 0]
                  000095e8    00000012     GPIO_Driver.obj (.text:GPIO_High)
                  000095fa    00000006     --HOLE-- [fill = 0]
                  00009600    00000012     GPIO_Driver.obj (.text:GPIO_Low)
                  00009612    00000006     --HOLE-- [fill = 0]
                  00009618    00000012     ff.obj (.text:mem_set)
                  0000962a    00000006     --HOLE-- [fill = 0]
                  00009630    00000012     tasks.obj (.text:prvDeleteTCB)
                  00009642    00000006     --HOLE-- [fill = 0]
                  00009648    00000012     main.obj (.text:vApplicationMallocFailedHook)
                  0000965a    00000006     --HOLE-- [fill = 0]
                  00009660    00000012     main.obj (.text:vApplicationStackOverflowHook)
                  00009672    00000006     --HOLE-- [fill = 0]
                  00009678    00000012     taskManager.obj (.text:watchDogEventGroupCreate)
                  0000968a    00000002     --HOLE-- [fill = 0]
                  0000968c    00000010     msp432p4xx_driverlib.lib : adc14.o (.text:ADCIsConversionRunning)
                  0000969c    00000004     --HOLE-- [fill = 0]
                  000096a0    00000010     interrupt.obj (.text:Interrupt_enableMaster)
                  000096b0    00000010     pcm.obj (.text:PCM_gotoLPM4)
                  000096c0    00000010     aodcsTask.obj (.text:setWatchDogBit_AODCS)
                  000096d0    00000010     cameraTask.obj (.text:setWatchDogBit_CAMERA)
                  000096e0    00000010     dataStorage.obj (.text:setWatchDogBit_DATASTORAGE)
                  000096f0    00000010     houseKeeping.obj (.text:setWatchDogBit_HOUSEKEEPING)
                  00009700    00000010     pptTask.obj (.text:setWatchDogBit_PPT)
                  00009710    00000010     ttcTask.obj (.text:setWatchDogBit_TTC)
                  00009720    00000010     tasks.obj (.text:vTaskSuspendAll)
                  00009730    0000000e     sysctl.obj (.text:SysCtl_getTempCalibrationConstant)
                  0000973e    0000000e     rtsv7M4_T_le_v4SPD16_eabi.lib : copy_decompress_none.c.obj (.text:decompress:none:__TI_decompress_none)
                  0000974c    00000004     --HOLE-- [fill = 0]
                  00009750    0000000e     mmc_MSP432P401r.obj (.text:power_off)
                  0000975e    00000002     --HOLE-- [fill = 0]
                  00009760    0000000e     ff.obj (.text:st_word)
                  0000976e    00000002     --HOLE-- [fill = 0]
                  00009770    0000000e     tasks.obj (.text:vTaskMissedYield)
                  0000977e    00000002     --HOLE-- [fill = 0]
                  00009780    0000000c     msp432p4xx_driverlib.lib : adc14.o (.text:ADC14_enableModule)
                  0000978c    00000004     --HOLE-- [fill = 0]
                  00009790    0000000c     cpu.obj (.text:CPU_cpsie)
                  0000979c    00000004     --HOLE-- [fill = 0]
                  000097a0    0000000c     mmc_MSP432P401r.obj (.text:MMC_disk_status)
                  000097ac    00000004     --HOLE-- [fill = 0]
                  000097b0    0000000c     pcm.obj (.text:PCM_getPowerState)
                  000097bc    0000000c     msp432p4xx_driverlib.lib : ref_a.o (.text:REF_A_enableReferenceVoltage)
                  000097c8    0000000c                              : ref_a.o (.text:REF_A_enableTempSensor)
                  000097d4    00000004     --HOLE-- [fill = 0]
                  000097d8    0000000c     mmc_MSP432P401r.obj (.text:chk_power)
                  000097e4    0000000c     rtsv7M4_T_le_v4SPD16_eabi.lib : copy_zero_init.c.obj (.text:decompress:ZI:__TI_zero_init)
                  000097f0    0000000c     ff.obj (.text:ld_word)
                  000097fc    00000004     --HOLE-- [fill = 0]
                  00009800    0000000c     trcKernelPort.obj (.text:prvTraceGetQueueNumberHigh16)
                  0000980c    00000004     --HOLE-- [fill = 0]
                  00009810    0000000c     trcKernelPort.obj (.text:prvTraceGetTaskNumberHigh16)
                  0000981c    00000004     --HOLE-- [fill = 0]
                  00009820    0000000c     mmc_MSP432P401r.obj (.text:rcvr_spi_m)
                  0000982c    00000004     --HOLE-- [fill = 0]
                  00009830    0000000c     tasks.obj (.text:xTaskGetCurrentTaskHandle)
                  0000983c    00000004     --HOLE-- [fill = 0]
                  00009840    0000000c     tasks.obj (.text:xTaskGetTickCount)
                  0000984c    00000004     --HOLE-- [fill = 0]
                  00009850    0000000a     trcKernelPort.obj (.text:prvTraceGetQueueNumberLow16)
                  0000985a    00000006     --HOLE-- [fill = 0]
                  00009860    0000000a     trcKernelPort.obj (.text:prvTraceGetTaskNumberLow16)
                  0000986a    00000006     --HOLE-- [fill = 0]
                  00009870    0000000a     tasks.obj (.text:uxTaskGetTaskNumber)
                  0000987a    00000006     --HOLE-- [fill = 0]
                  00009880    00000008     pcm.obj (.text:PCM_setCoreVoltageLevel)
                  00009888    00000008     pcm.obj (.text:PCM_setPowerMode)
                  00009890    00000008     pcm.obj (.text:PCM_setPowerState)
                  00009898    00000006     queue.obj (.text:ucQueueGetQueueType)
                  0000989e    00000002     --HOLE-- [fill = 0]
                  000098a0    00000006     list.obj (.text:vListInitialiseItem)
                  000098a6    00000002     --HOLE-- [fill = 0]
                  000098a8    00000006     tasks.obj (.text:vTaskSetTaskNumber)
                  000098ae    00000002     --HOLE-- [fill = 0]
                  000098b0    00000004     cpu.obj (.text:CPU_wfi)
                  000098b4    00000004     --HOLE-- [fill = 0]
                  000098b8    00000004     mmc_MSP432P401r.obj (.text:get_fattime)
                  000098bc    00000004     --HOLE-- [fill = 0]
                  000098c0    00000004     queue.obj (.text:uxQueueGetQueueNumber)
                  000098c4    00000004     --HOLE-- [fill = 0]
                  000098c8    00000004     queue.obj (.text:vQueueSetQueueNumber)
                  000098cc    00000004     --HOLE-- [fill = 0]
                  000098d0    00000004     trcSnapshotRecorder.obj (.text:vTraceStart)
                  000098d4    00000004     --HOLE-- [fill = 0]
                  000098d8    00000002     msp432_startup_ccs.obj (.text:defaultISR)
                  000098da    00000006     --HOLE-- [fill = 0]
                  000098e0    00000002     msp432_startup_ccs.obj (.text:faultISR)
                  000098e2    00000006     --HOLE-- [fill = 0]
                  000098e8    00000002     msp432_startup_ccs.obj (.text:nmiISR)
                  000098ea    00000006     --HOLE-- [fill = 0]
                  000098f0    00000002     main.obj (.text:vApplicationIdleHook)
                  000098f2    00000006     --HOLE-- [fill = 0]
                  000098f8    00000002     main_blinky.obj (.text:vApplicationTickHook)
                  000098fa    00000006     --HOLE-- [fill = 0]
                  00009900    00000002     main_blinky.obj (.text:vPreSleepProcessing)

.const     0    00009904    00000098     
                  00009904    00000080     msp432p4xx_driverlib.lib : adc14.o (.const:_ctlRegs)
                  00009984    0000000a     ff.obj (.const:.string:DbcTbl)
                  0000998e    00000002     --HOLE-- [fill = 0]
                  00009990    00000008     port.obj (.const)
                  00009998    00000004     serial.obj (.const)

.cinit     0    000099a0    00000090     
                  000099a0    00000067     (.cinit..data.load) [load image, compression = lzss]
                  00009a07    00000001     --HOLE-- [fill = 0]
                  00009a08    0000000c     (__TI_handler_table)
                  00009a14    00000004     --HOLE-- [fill = 0]
                  00009a18    00000008     (.cinit..bss.load) [load image, compression = zero_init]
                  00009a20    00000010     (__TI_cinit_table)

.init_array 
*          0    00000000    00000000     UNINITIALIZED

.binit     0    00000000    00000000     

.bss       0    20000000    0000e810     UNINITIALIZED
                  20000000    0000c800     heap_4.obj (.bss:ucHeap)
                  2000c800    00001918     (.common:RecorderData)
                  2000e118    00000230     (.common:sdDriver)
                  2000e348    00000228     (.common:file)
                  2000e570    00000106     (.common:obcData)
                  2000e676    00000002     ff.obj (.bss)
                  2000e678    00000064     tasks.obj (.bss:pxReadyTasksLists)
                  2000e6dc    0000003f     (.common:imuData)
                  2000e71b    00000001     (.common:fResult)
                  2000e71c    00000014     timers.obj (.bss:xActiveTimerList1)
                  2000e730    00000014     timers.obj (.bss:xActiveTimerList2)
                  2000e744    00000014     tasks.obj (.bss:xDelayedTaskList1)
                  2000e758    00000014     tasks.obj (.bss:xDelayedTaskList2)
                  2000e76c    00000014     tasks.obj (.bss:xPendingReadyList)
                  2000e780    00000014     tasks.obj (.bss:xSuspendedTaskList)
                  2000e794    00000014     tasks.obj (.bss:xTasksWaitingTermination)
                  2000e7a8    0000000c     houseKeeping.obj (.bss:resultsBuffer)
                  2000e7b4    00000009     mmc_MSP432P401r.obj (.bss)
                  2000e7bd    00000003     --HOLE--
                  2000e7c0    00000008     IntQueue.obj (.bss)
                  2000e7c8    00000008     cs.obj (.bss)
                  2000e7d0    00000008     tasks.obj (.bss)
                  2000e7d8    00000008     timers.obj (.bss)
                  2000e7e0    00000008     heap_4.obj (.bss:xStart)
                  2000e7e8    00000006     (.common:localTime)
                  2000e7ee    00000002     --HOLE--
                  2000e7f0    00000004     ff.obj (.bss:FatFs)
                  2000e7f4    00000004     (.common:WATCHDOG_EVENT_GROUP)
                  2000e7f8    00000004     (.common:bw)
                  2000e7fc    00000004     (.common:cal30)
                  2000e800    00000004     (.common:cal85)
                  2000e804    00000004     (.common:calDifference)
                  2000e808    00000004     (.common:flag_lowBattery)
                  2000e80c    00000004     (.common:init_hwtc_count)

.data      0    2000e810    00000371     UNINITIALIZED
                  2000e810    000000c8     IntQueue.obj (.data:ucNormallyEmptyReceivedValues)
                  2000e8d8    000000c8     IntQueue.obj (.data:ucNormallyFullReceivedValues)
                  2000e9a0    0000008e     trcSnapshotRecorder.obj (.data:objectHandleStacks)
                  2000ea2e    00000002     mmc_MSP432P401r.obj (.data)
                  2000ea30    00000044     trcSnapshotRecorder.obj (.data)
                  2000ea74    0000003c     IntQueue.obj (.data)
                  2000eab0    00000034     tasks.obj (.data)
                  2000eae4    00000030     gpio.obj (.data:GPIO_PORT_TO_BASE)
                  2000eb14    0000001c     dataStorage.obj (.data:SPI0MasterConfig)
                  2000eb30    00000018     port.obj (.data)
                  2000eb48    00000010     heap_4.obj (.data)
                  2000eb58    00000010     serial.obj (.data)
                  2000eb68    0000000c     timers.obj (.data)
                  2000eb74    00000008     taskManager.obj (.data)
                  2000eb7c    00000005     trcKernelPort.obj (.data:TraceQueueClassTable)

.stack     0    2000fce0    00000320     UNINITIALIZED
                  2000fce0    00000004     rtsv7M4_T_le_v4SPD16_eabi.lib : boot_cortex_m.c.obj (.stack)
                  2000fce4    0000031c     --HOLE--

MODULE SUMMARY

       Module                       code    ro data   rw data
       ------                       ----    -------   -------
    .\
       main.obj                     254     0         540    
    +--+----------------------------+-------+---------+---------+
       Total:                       254     0         540    
                                                             
    .\FreeRTOS_Source\
       tasks.obj                    5223    0         520    
       queue.obj                    4206    0         0      
       timers.obj                   1158    0         120    
       event_groups.obj             522     0         0      
       list.obj                     158     0         0      
    +--+----------------------------+-------+---------+---------+
       Total:                       11267   0         640    
                                                             
    .\FreeRTOS_Source\portable\CCS\ARM_CM4F\
       port.obj                     1096    8         48     
       portasm.obj                  218     0         0      
    +--+----------------------------+-------+---------+---------+
       Total:                       1314    8         48     
                                                             
    .\FreeRTOS_Source\portable\MemMang\
       heap_4.obj                   744     0         102448 
    +--+----------------------------+-------+---------+---------+
       Total:                       744     0         102448 
                                                             
    .\Full_Demo\
       serial.obj                   192     4         32     
       IntQueueTimer.obj            108     0         0      
    +--+----------------------------+-------+---------+---------+
       Total:                       300     4         32     
                                                             
    .\Full_Demo\Standard_Demo_Tasks\
       IntQueue.obj                 876     0         936    
    +--+----------------------------+-------+---------+---------+
       Total:                       876     0         936    
                                                             
    .\SimplyBlinkyDemo\
       main_blinky.obj              4       0         0      
    +--+----------------------------+-------+---------+---------+
       Total:                       4       0         0      
                                                             
    .\Tracealyzer\
       trcSnapshotRecorder.obj      6128    0         13276  
       trcKernelPort.obj            1596    0         10     
    +--+----------------------------+-------+---------+---------+
       Total:                       7724    0         13286  
                                                             
    .\driverlib\
       pcm.obj                      1480    0         0      
       cs.obj                       1312    0         16     
       gpio.obj                     288     0         96     
       sysctl.obj                   162     0         0      
       wdt_a.obj                    70      0         0      
       flash.obj                    54      0         0      
       fpu.obj                      18      0         0      
       cpu.obj                      16      0         0      
       interrupt.obj                16      0         0      
    +--+----------------------------+-------+---------+---------+
       Total:                       3416    0         112    
                                                             
    .\src\
       dataStorage.obj              740     0         2428   
       houseKeeping.obj             814     0         32     
       taskManager.obj              340     0         16     
       watchDogTask.obj             118     0         0      
       ttcTask.obj                  96      0         0      
       aodcsTask.obj                72      0         0      
       cameraTask.obj               72      0         0      
       pptTask.obj                  72      0         0      
       sensorTask.obj               0       0         16     
    +--+----------------------------+-------+---------+---------+
       Total:                       2324    0         2492   
                                                             
    .\system\CCS\
       msp432_startup_ccs.obj       32      324       0      
       system_msp432p401r.obj       130     0         0      
    +--+----------------------------+-------+---------+---------+
       Total:                       162     324       0      
                                                             
    .\util\
       itoa.obj                     164     0         0      
    +--+----------------------------+-------+---------+---------+
       Total:                       164     0         0      
                                                             
    .\util\Hardware\
       SPI_Driver.obj               170     0         0      
       GPIO_Driver.obj              76      0         0      
       CS_Driver.obj                34      0         0      
    +--+----------------------------+-------+---------+---------+
       Total:                       280     0         0      
                                                             
    .\util\fatfs\
       ff.obj                       5050    10        12     
       mmc_MSP432P401r.obj          1812    0         22     
       diskio.obj                   148     0         0      
    +--+----------------------------+-------+---------+---------+
       Total:                       7010    10        34     
                                                             
    C:/ti/simplelink_msp432p4_sdk_2_40_00_10/source/ti/devices/msp432p4xx/driverlib/ccs/msp432p4xx_driverlib.lib
       adc14.o                      1128    128       0      
       spi.o                        240     0         0      
       rtc_c.o                      168     0         0      
       ref_a.o                      56      0         0      
    +--+----------------------------+-------+---------+---------+
       Total:                       1592    128       0      
                                                             
    C:\ti\ccsv8\tools\compiler\ti-cgt-arm_18.1.1.LTS\lib\rtsv7M4_T_le_v4SPD16_eabi.lib
       memcpy_t2.asm.obj            156     0         0      
       memset_t2.asm.obj            122     0         0      
       copy_decompress_lzss.c.obj   104     0         0      
       autoinit.c.obj               68      0         0      
       boot_cortex_m.c.obj          56      0         0      
       copy_decompress_none.c.obj   14      0         0      
       copy_zero_init.c.obj         12      0         0      
       exit.c.obj                   4       0         0      
       pre_init.c.obj               4       0         0      
    +--+----------------------------+-------+---------+---------+
       Total:                       540     0         0      
                                                             
       Stack:                       0       0         1600   
       Linker Generated:            0       139       0      
    +--+----------------------------+-------+---------+---------+
       Grand Total:                 37971   613       122168 


LINKER GENERATED COPY TABLES

__TI_cinit_table @ 00009a20 records: 2, size/record: 8, table size: 16
	.data: load addr=000099a0, load size=00000067 bytes, run addr=2000e810, run size=00000371 bytes, compression=lzss
	.bss: load addr=00009a18, load size=00000008 bytes, run addr=20000000, run size=0000e810 bytes, compression=zero_init


LINKER GENERATED HANDLER TABLE

__TI_handler_table @ 00009a08 records: 3, size/record: 4, table size: 12
	index: 0, handler: __TI_decompress_lzss
	index: 1, handler: __TI_decompress_none
	index: 2, handler: __TI_zero_init


GLOBAL SYMBOLS: SORTED ALPHABETICALLY BY Name 

address   name                                       
-------   ----                                       
00006469  ADC14_configureConversionMemory            
00006319  ADC14_configureMultiSequenceMode           
00008e25  ADC14_enableConversion                     
00009781  ADC14_enableModule                         
00008a49  ADC14_enableSampleTimer                    
0000764d  ADC14_getMultiSequenceResult               
000091e9  ADC14_getResult                            
00007f91  ADC14_initModule                           
00008b5d  ADC14_setSampleHoldTime                    
00008c81  ADC14_toggleConversionTrigger              
0000138d  C$$EXIT                                    
00009791  CPU_cpsie                                  
000098b1  CPU_wfi                                    
00008fe1  CS_Init                                    
00008dc9  CS_clearInterruptFlag                      
00002a79  CS_getDCOFrequency                         
00009229  CS_getMCLK                                 
000037f9  CS_initClockSignal                         
00008b91  CS_setDCOCenteredFrequency                 
2000ea5a  CurrentFilterGroup                         
2000ea58  CurrentFilterMask                          
000095d1  FPU_enableModule                           
000089a1  FlashCtl_setWaitState                      
000095e9  GPIO_High                                  
00008e51  GPIO_Init                                  
00009601  GPIO_Low                                   
00009529  GPIO_clearInterruptFlag                    
00009541  GPIO_enableInterrupt                       
00009249  GPIO_getInputPinValue                      
00008cb1  GPIO_setAsInputPinWithPullUpResistor       
000090a9  GPIO_setAsOutputPin                        
00007e89  GPIO_setAsPeripheralModuleFunctionInputPin 
00009559  GPIO_setOutputHighOnPin                    
00009571  GPIO_setOutputLowOnPin                     
00009589  GPIO_toggleOutputOnPin                     
000096a1  Interrupt_enableMaster                     
00002901  MMC_disk_initialize                        
00001d41  MMC_disk_ioctl                             
00006709  MMC_disk_read                              
000097a1  MMC_disk_status                            
00005c89  MMC_disk_write                             
00008149  PCM_getCoreVoltageLevel                    
000087c1  PCM_getPowerMode                           
000097b1  PCM_getPowerState                          
00008e79  PCM_gotoLPM0                               
00007159  PCM_gotoLPM3                               
000096b1  PCM_gotoLPM4                               
00009881  PCM_setCoreVoltageLevel                    
00009889  PCM_setPowerMode                           
00009891  PCM_setPowerState                          
00008099  PCM_shutdownDevice                         
000097bd  REF_A_enableReferenceVoltage               
000097c9  REF_A_enableTempSensor                     
000090c9  REF_A_setReferenceVoltage                  
00007459  RTC_C_getCalendarTime                      
00008cdd  RTC_C_holdClock                            
2000c800  RecorderData                               
2000ea60  RecorderDataPtr                            
2000eb14  SPI0MasterConfig                           
00008289  SPI_Init                                   
00008bc1  SPI_Read                                   
00008bf1  SPI_Write                                  
000061b7  SPI_initMaster                             
00007741  SysCtl_getTLVInfo                          
00009731  SysCtl_getTempCalibrationConstant          
00009009  SysCtl_setWDTTimeoutResetType              
00006fc1  SystemInit                                 
2000eb7c  TraceQueueClassTable                       
2000e7f4  WATCHDOG_EVENT_GROUP                       
4000480c  WDTCTL_SYM                                 
00009409  WDT_A_clearTimer                           
00009421  WDT_A_holdTimer                            
00009009  WDT_A_setTimeoutReset                      
000094c9  WDT_A_startTimer                           
20010000  __STACK_END                                
00000320  __STACK_SIZE                               
00009a20  __TI_CINIT_Base                            
00009a30  __TI_CINIT_Limit                           
00009a08  __TI_Handler_Table_Base                    
00009a14  __TI_Handler_Table_Limit                   
00008529  __TI_auto_init_nobinit_nopinit             
000079e5  __TI_decompress_lzss                       
0000973f  __TI_decompress_none                       
ffffffff  __TI_pprof_out_hndl                        
ffffffff  __TI_prof_data_size                        
ffffffff  __TI_prof_data_start                       
00000000  __TI_static_base__                         
000097e5  __TI_zero_init                             
000075d3  __aeabi_memclr                             
000075d3  __aeabi_memclr4                            
000075d3  __aeabi_memclr8                            
000067a5  __aeabi_memcpy                             
000067a5  __aeabi_memcpy4                            
000067a5  __aeabi_memcpy8                            
000075d5  __aeabi_memset                             
000075d5  __aeabi_memset4                            
000075d5  __aeabi_memset8                            
ffffffff  __binit__                                  
ffffffff  __c_args__                                 
UNDEFED   __mpu_init                                 
2000fce0  __stack                                    
000088bd  _c_int00_noargs                            
UNDEFED   _system_post_cinit                         
00000e43  _system_pre_init                           
0000138d  abort                                      
00005271  adcInit                                    
000088f9  aodcsTask                                  
ffffffff  binit                                      
2000e7f8  bw                                         
2000e7fc  cal30                                      
2000e800  cal85                                      
2000e804  calDifference                              
00008931  cameraTask                                 
000015a9  dataStorage                                
00009451  disk_initialize                            
000090e9  disk_ioctl                                 
00009031  disk_read                                  
00009469  disk_status                                
00009059  disk_write                                 
00008601  eTaskConfirmSleepModeStatus                
2000e71b  fResult                                    
00007fe9  f_mount                                    
000017b9  f_open                                     
000068e1  f_sync                                     
00001159  f_write                                    
2000e348  file                                       
2000e808  flag_lowBattery                            
00008329  getLocalTime                               
00008379  getTemperature                             
000098b9  get_fattime                                
2000ea51  handle_of_last_logged_task                 
00002291  houseKeeping                               
2000e6dc  imuData                                    
00007559  initSD                                     
2000e80c  init_hwtc_count                            
00000000  interruptVectors                           
000083c1  isLowBattery                               
2000ea30  isPendingContextSwitch                     
00006511  itoa                                       
2000e7e8  localTime                                  
00008df9  main                                       
000067a5  memcpy                                     
000075db  memset                                     
2000ea50  nISRactive                                 
2000e570  obcData                                    
2000e9a0  objectHandleStacks                         
00008969  pptTask                                    
00009109  prvMarkObjectAsUsed                        
00008681  prvTraceError                              
00009831  prvTraceGetCurrentTaskHandle               
00002d61  prvTraceGetObjectHandle                    
00005359  prvTraceGetPriorityProperty                
000098c1  prvTraceGetQueueNumber                     
00009801  prvTraceGetQueueNumberHigh16               
00009851  prvTraceGetQueueNumberLow16                
00009899  prvTraceGetQueueType                       
00009811  prvTraceGetTaskNumberHigh16                
00009861  prvTraceGetTaskNumberLow16                 
00006049  prvTraceInitCortexM                        
00007cc1  prvTracePortGetTimeStamp                   
00004719  prvTraceSetObjectName                      
00005889  prvTraceSetObjectState                     
000055f9  prvTraceSetPriorityProperty                
000092e9  prvTraceSetQueueNumberHigh16               
00009309  prvTraceSetQueueNumberLow16                
00007259  prvTraceSetTaskInstanceFinished            
00009329  prvTraceSetTaskNumberHigh16                
00009349  prvTraceSetTaskNumberLow16                 
00002441  prvTraceStoreKernelCall                    
000044e1  prvTraceStoreKernelCallWithNumericParamOnly
00001b69  prvTraceStoreKernelCallWithParam           
00004d89  prvTraceStoreTaskReady                     
00005089  prvTraceStoreTaskswitch                    
00000149  pszTraceGetErrorNotEnoughHandles           
00002bf1  pvPortMalloc                               
00009369  pvTaskIncrementMutexHeldCount              
2000eab0  pxCurrentTCB                               
00008d39  pxPortInitialiseStack                      
00008ea1  queueDataCrete                             
2000ea44  recorder_busy                              
2000e118  sdDriver                                   
2000eb78  semaphoreIMU                               
000096c1  setWatchDogBit_AODCS                       
000096d1  setWatchDogBit_CAMERA                      
000096e1  setWatchDogBit_DATASTORAGE                 
000096f1  setWatchDogBit_HOUSEKEEPING                
00009701  setWatchDogBit_PPT                         
00009711  setWatchDogBit_TTC                         
000043c1  taskCreate                                 
2000ea48  timestampFrequency                         
2000ea4c  traceErrorMessage                          
2000ea3c  trace_disable_timestamp                    
00008239  ttcTask                                    
00009899  ucQueueGetQueueType                        
00003ce1  uiIndexOfObject                            
00005181  uiTraceStart                               
2000ea38  uiTraceTickCount                           
00009990  ulMaxSyscallInterruptPriority              
00005529  ulPortGetIPSR                              
00008f69  uxListRemove                               
000098c1  uxQueueGetQueueNumber                      
00009871  uxTaskGetTaskNumber                        
000093a9  uxTaskResetEventItemValue                  
000098f1  vApplicationIdleHook                       
00009649  vApplicationMallocFailedHook               
00009661  vApplicationStackOverflowHook              
000098f9  vApplicationTickHook                       
000091c9  vListInitialise                            
000098a1  vListInitialiseItem                        
00008741  vListInsert                                
000094b1  vListInsertEnd                             
000055e5  vPortEnableVFP                             
000085b9  vPortEnterCritical                         
00008ab9  vPortExitCritical                          
00006d01  vPortFree                                  
000055a1  vPortSVCHandler                            
000070d1  vPortSetupTimerInterrupt                   
000055c1  vPortStartFirstTask                        
00003031  vPortSuppressTicksAndSleep                 
00007979  vPortValidateInterruptPriority             
00009901  vPreSleepProcessing                        
000098c9  vQueueSetQueueNumber                       
00008451  vQueueWaitForMessageRestricted             
000089d9  vT32_0_Handler                             
00008a11  vT32_1_Handler                             
000065b9  vTaskDelay                                 
00004061  vTaskDelayUntil                            
000093c9  vTaskInternalSetTimeOutState               
00009771  vTaskMissedYield                           
00003bb1  vTaskNotifyGiveFromISR                     
00008af1  vTaskPlaceOnEventList                      
00006d91  vTaskPlaceOnEventListRestricted            
00007bf1  vTaskPlaceOnUnorderedEventList             
00003939  vTaskPriorityDisinheritAfterTimeout        
00005bc1  vTaskRemoveFromUnorderedEventList          
000098a9  vTaskSetTaskNumber                         
00006b49  vTaskStartScheduler                        
00008781  vTaskStepTick                              
00009721  vTaskSuspendAll                            
00005439  vTaskSwitchContext                         
00006661  vTraceEnable                               
00003a79  vTraceInitObjectHandleStack                
00004831  vTraceInitObjectPropertyTable              
000098d1  vTraceStart                                
00008f91  vTraceStop                                 
2000ea54  vTraceStopHookPtr                          
00005af9  vTraceStoreMemMangEvent                    
00005e11  vUART_Handler                              
00009679  watchDogEventGroupCreate                   
000076c9  watchDogTask                               
000093e9  xEventGroupCreate                          
00006101  xEventGroupSetBits                         
00004181  xEventGroupWaitBits                        
00003579  xFirstTimerHandler                         
00005541  xPortPendSVHandler                         
00004e91  xPortStartScheduler                        
00008d69  xPortSysTickHandler                        
00009511  xQueueCreateMutex                          
000074d9  xQueueGenericCreate                        
00006a19  xQueueGenericReset                         
00000809  xQueueGenericSend                          
00002781  xQueueGenericSendFromISR                   
2000eb74  xQueueIMU                                  
00008d99  xQueueIsQueueFullFromISR                   
00000e49  xQueueReceive                              
00003189  xQueueReceiveFromISR                       
000004a9  xQueueSemaphoreTake                        
00001991  xSecondTimerHandler                        
00006841  xTaskCheckForTimeOut                       
00007a51  xTaskCreate                                
00009831  xTaskGetCurrentTaskHandle                  
00008fb9  xTaskGetSchedulerState                     
00009841  xTaskGetTickCount                          
00001f09  xTaskIncrementTick                         
00003e11  xTaskPriorityDisinherit                    
000042a1  xTaskPriorityInherit                       
00005959  xTaskRemoveFromEventList                   
000036b9  xTaskResumeAll                             
00007c59  xTimerCreateTimerTask                      
00006f39  xTimerGenericCommand                       


GLOBAL SYMBOLS: SORTED BY Symbol Address 

address   name                                       
-------   ----                                       
00000000  __TI_static_base__                         
00000000  interruptVectors                           
00000149  pszTraceGetErrorNotEnoughHandles           
00000320  __STACK_SIZE                               
000004a9  xQueueSemaphoreTake                        
00000809  xQueueGenericSend                          
00000e43  _system_pre_init                           
00000e49  xQueueReceive                              
00001159  f_write                                    
0000138d  C$$EXIT                                    
0000138d  abort                                      
000015a9  dataStorage                                
000017b9  f_open                                     
00001991  xSecondTimerHandler                        
00001b69  prvTraceStoreKernelCallWithParam           
00001d41  MMC_disk_ioctl                             
00001f09  xTaskIncrementTick                         
00002291  houseKeeping                               
00002441  prvTraceStoreKernelCall                    
00002781  xQueueGenericSendFromISR                   
00002901  MMC_disk_initialize                        
00002a79  CS_getDCOFrequency                         
00002bf1  pvPortMalloc                               
00002d61  prvTraceGetObjectHandle                    
00003031  vPortSuppressTicksAndSleep                 
00003189  xQueueReceiveFromISR                       
00003579  xFirstTimerHandler                         
000036b9  xTaskResumeAll                             
000037f9  CS_initClockSignal                         
00003939  vTaskPriorityDisinheritAfterTimeout        
00003a79  vTraceInitObjectHandleStack                
00003bb1  vTaskNotifyGiveFromISR                     
00003ce1  uiIndexOfObject                            
00003e11  xTaskPriorityDisinherit                    
00004061  vTaskDelayUntil                            
00004181  xEventGroupWaitBits                        
000042a1  xTaskPriorityInherit                       
000043c1  taskCreate                                 
000044e1  prvTraceStoreKernelCallWithNumericParamOnly
00004719  prvTraceSetObjectName                      
00004831  vTraceInitObjectPropertyTable              
00004d89  prvTraceStoreTaskReady                     
00004e91  xPortStartScheduler                        
00005089  prvTraceStoreTaskswitch                    
00005181  uiTraceStart                               
00005271  adcInit                                    
00005359  prvTraceGetPriorityProperty                
00005439  vTaskSwitchContext                         
00005529  ulPortGetIPSR                              
00005541  xPortPendSVHandler                         
000055a1  vPortSVCHandler                            
000055c1  vPortStartFirstTask                        
000055e5  vPortEnableVFP                             
000055f9  prvTraceSetPriorityProperty                
00005889  prvTraceSetObjectState                     
00005959  xTaskRemoveFromEventList                   
00005af9  vTraceStoreMemMangEvent                    
00005bc1  vTaskRemoveFromUnorderedEventList          
00005c89  MMC_disk_write                             
00005e11  vUART_Handler                              
00006049  prvTraceInitCortexM                        
00006101  xEventGroupSetBits                         
000061b7  SPI_initMaster                             
00006319  ADC14_configureMultiSequenceMode           
00006469  ADC14_configureConversionMemory            
00006511  itoa                                       
000065b9  vTaskDelay                                 
00006661  vTraceEnable                               
00006709  MMC_disk_read                              
000067a5  __aeabi_memcpy                             
000067a5  __aeabi_memcpy4                            
000067a5  __aeabi_memcpy8                            
000067a5  memcpy                                     
00006841  xTaskCheckForTimeOut                       
000068e1  f_sync                                     
00006a19  xQueueGenericReset                         
00006b49  vTaskStartScheduler                        
00006d01  vPortFree                                  
00006d91  vTaskPlaceOnEventListRestricted            
00006f39  xTimerGenericCommand                       
00006fc1  SystemInit                                 
000070d1  vPortSetupTimerInterrupt                   
00007159  PCM_gotoLPM3                               
00007259  prvTraceSetTaskInstanceFinished            
00007459  RTC_C_getCalendarTime                      
000074d9  xQueueGenericCreate                        
00007559  initSD                                     
000075d3  __aeabi_memclr                             
000075d3  __aeabi_memclr4                            
000075d3  __aeabi_memclr8                            
000075d5  __aeabi_memset                             
000075d5  __aeabi_memset4                            
000075d5  __aeabi_memset8                            
000075db  memset                                     
0000764d  ADC14_getMultiSequenceResult               
000076c9  watchDogTask                               
00007741  SysCtl_getTLVInfo                          
00007979  vPortValidateInterruptPriority             
000079e5  __TI_decompress_lzss                       
00007a51  xTaskCreate                                
00007bf1  vTaskPlaceOnUnorderedEventList             
00007c59  xTimerCreateTimerTask                      
00007cc1  prvTracePortGetTimeStamp                   
00007e89  GPIO_setAsPeripheralModuleFunctionInputPin 
00007f91  ADC14_initModule                           
00007fe9  f_mount                                    
00008099  PCM_shutdownDevice                         
00008149  PCM_getCoreVoltageLevel                    
00008239  ttcTask                                    
00008289  SPI_Init                                   
00008329  getLocalTime                               
00008379  getTemperature                             
000083c1  isLowBattery                               
00008451  vQueueWaitForMessageRestricted             
00008529  __TI_auto_init_nobinit_nopinit             
000085b9  vPortEnterCritical                         
00008601  eTaskConfirmSleepModeStatus                
00008681  prvTraceError                              
00008741  vListInsert                                
00008781  vTaskStepTick                              
000087c1  PCM_getPowerMode                           
000088bd  _c_int00_noargs                            
000088f9  aodcsTask                                  
00008931  cameraTask                                 
00008969  pptTask                                    
000089a1  FlashCtl_setWaitState                      
000089d9  vT32_0_Handler                             
00008a11  vT32_1_Handler                             
00008a49  ADC14_enableSampleTimer                    
00008ab9  vPortExitCritical                          
00008af1  vTaskPlaceOnEventList                      
00008b5d  ADC14_setSampleHoldTime                    
00008b91  CS_setDCOCenteredFrequency                 
00008bc1  SPI_Read                                   
00008bf1  SPI_Write                                  
00008c81  ADC14_toggleConversionTrigger              
00008cb1  GPIO_setAsInputPinWithPullUpResistor       
00008cdd  RTC_C_holdClock                            
00008d39  pxPortInitialiseStack                      
00008d69  xPortSysTickHandler                        
00008d99  xQueueIsQueueFullFromISR                   
00008dc9  CS_clearInterruptFlag                      
00008df9  main                                       
00008e25  ADC14_enableConversion                     
00008e51  GPIO_Init                                  
00008e79  PCM_gotoLPM0                               
00008ea1  queueDataCrete                             
00008f69  uxListRemove                               
00008f91  vTraceStop                                 
00008fb9  xTaskGetSchedulerState                     
00008fe1  CS_Init                                    
00009009  SysCtl_setWDTTimeoutResetType              
00009009  WDT_A_setTimeoutReset                      
00009031  disk_read                                  
00009059  disk_write                                 
000090a9  GPIO_setAsOutputPin                        
000090c9  REF_A_setReferenceVoltage                  
000090e9  disk_ioctl                                 
00009109  prvMarkObjectAsUsed                        
000091c9  vListInitialise                            
000091e9  ADC14_getResult                            
00009229  CS_getMCLK                                 
00009249  GPIO_getInputPinValue                      
000092e9  prvTraceSetQueueNumberHigh16               
00009309  prvTraceSetQueueNumberLow16                
00009329  prvTraceSetTaskNumberHigh16                
00009349  prvTraceSetTaskNumberLow16                 
00009369  pvTaskIncrementMutexHeldCount              
000093a9  uxTaskResetEventItemValue                  
000093c9  vTaskInternalSetTimeOutState               
000093e9  xEventGroupCreate                          
00009409  WDT_A_clearTimer                           
00009421  WDT_A_holdTimer                            
00009451  disk_initialize                            
00009469  disk_status                                
000094b1  vListInsertEnd                             
000094c9  WDT_A_startTimer                           
00009511  xQueueCreateMutex                          
00009529  GPIO_clearInterruptFlag                    
00009541  GPIO_enableInterrupt                       
00009559  GPIO_setOutputHighOnPin                    
00009571  GPIO_setOutputLowOnPin                     
00009589  GPIO_toggleOutputOnPin                     
000095d1  FPU_enableModule                           
000095e9  GPIO_High                                  
00009601  GPIO_Low                                   
00009649  vApplicationMallocFailedHook               
00009661  vApplicationStackOverflowHook              
00009679  watchDogEventGroupCreate                   
000096a1  Interrupt_enableMaster                     
000096b1  PCM_gotoLPM4                               
000096c1  setWatchDogBit_AODCS                       
000096d1  setWatchDogBit_CAMERA                      
000096e1  setWatchDogBit_DATASTORAGE                 
000096f1  setWatchDogBit_HOUSEKEEPING                
00009701  setWatchDogBit_PPT                         
00009711  setWatchDogBit_TTC                         
00009721  vTaskSuspendAll                            
00009731  SysCtl_getTempCalibrationConstant          
0000973f  __TI_decompress_none                       
00009771  vTaskMissedYield                           
00009781  ADC14_enableModule                         
00009791  CPU_cpsie                                  
000097a1  MMC_disk_status                            
000097b1  PCM_getPowerState                          
000097bd  REF_A_enableReferenceVoltage               
000097c9  REF_A_enableTempSensor                     
000097e5  __TI_zero_init                             
00009801  prvTraceGetQueueNumberHigh16               
00009811  prvTraceGetTaskNumberHigh16                
00009831  prvTraceGetCurrentTaskHandle               
00009831  xTaskGetCurrentTaskHandle                  
00009841  xTaskGetTickCount                          
00009851  prvTraceGetQueueNumberLow16                
00009861  prvTraceGetTaskNumberLow16                 
00009871  uxTaskGetTaskNumber                        
00009881  PCM_setCoreVoltageLevel                    
00009889  PCM_setPowerMode                           
00009891  PCM_setPowerState                          
00009899  prvTraceGetQueueType                       
00009899  ucQueueGetQueueType                        
000098a1  vListInitialiseItem                        
000098a9  vTaskSetTaskNumber                         
000098b1  CPU_wfi                                    
000098b9  get_fattime                                
000098c1  prvTraceGetQueueNumber                     
000098c1  uxQueueGetQueueNumber                      
000098c9  vQueueSetQueueNumber                       
000098d1  vTraceStart                                
000098f1  vApplicationIdleHook                       
000098f9  vApplicationTickHook                       
00009901  vPreSleepProcessing                        
00009990  ulMaxSyscallInterruptPriority              
00009a08  __TI_Handler_Table_Base                    
00009a14  __TI_Handler_Table_Limit                   
00009a20  __TI_CINIT_Base                            
00009a30  __TI_CINIT_Limit                           
2000c800  RecorderData                               
2000e118  sdDriver                                   
2000e348  file                                       
2000e570  obcData                                    
2000e6dc  imuData                                    
2000e71b  fResult                                    
2000e7e8  localTime                                  
2000e7f4  WATCHDOG_EVENT_GROUP                       
2000e7f8  bw                                         
2000e7fc  cal30                                      
2000e800  cal85                                      
2000e804  calDifference                              
2000e808  flag_lowBattery                            
2000e80c  init_hwtc_count                            
2000e9a0  objectHandleStacks                         
2000ea30  isPendingContextSwitch                     
2000ea38  uiTraceTickCount                           
2000ea3c  trace_disable_timestamp                    
2000ea44  recorder_busy                              
2000ea48  timestampFrequency                         
2000ea4c  traceErrorMessage                          
2000ea50  nISRactive                                 
2000ea51  handle_of_last_logged_task                 
2000ea54  vTraceStopHookPtr                          
2000ea58  CurrentFilterMask                          
2000ea5a  CurrentFilterGroup                         
2000ea60  RecorderDataPtr                            
2000eab0  pxCurrentTCB                               
2000eb14  SPI0MasterConfig                           
2000eb74  xQueueIMU                                  
2000eb78  semaphoreIMU                               
2000eb7c  TraceQueueClassTable                       
2000fce0  __stack                                    
20010000  __STACK_END                                
4000480c  WDTCTL_SYM                                 
ffffffff  __TI_pprof_out_hndl                        
ffffffff  __TI_prof_data_size                        
ffffffff  __TI_prof_data_start                       
ffffffff  __binit__                                  
ffffffff  __c_args__                                 
ffffffff  binit                                      
UNDEFED   __mpu_init                                 
UNDEFED   _system_post_cinit                         

[280 symbols]
