******************************************************************************
                  TI ARM Linker PC v18.1.1                     
******************************************************************************
>> Linked Mon Jun 24 22:02:06 2019

OUTPUT FILE NAME:   <Firmware_OBC.out>
ENTRY POINT SYMBOL: "_c_int00_noargs"  address: 00008ecd


MEMORY CONFIGURATION

         name            origin    length      used     unused   attr    fill
----------------------  --------  ---------  --------  --------  ----  --------
  MAIN                  00000000   0003f000  00009e4a  000351b6  R  X
  MYDATA                0003f000   00001000  00000000  00001000  R  X
  INFO                  00200000   00004000  00000000  00004000  R  X
  SRAM_CODE             01000000   00010000  0000fe1f  000001e1  RW X
  SRAM_DATA             20000000   00010000  0000fe1f  000001e1  RW  


SEGMENT ALLOCATION MAP

run origin  load origin   length   init length attrs members
----------  ----------- ---------- ----------- ----- -------
00000000    00000000    00009e50   00009e50    r-x
  00000000    00000000    00000144   00000144    r-- .intvecs
  00000148    00000148    00009bc2   00009bc2    r-x .text
  00009d0c    00009d0c    000000ac   000000ac    r-- .const
  00009db8    00009db8    00000098   00000098    r-- .cinit
20000000    20000000    0000faff   00000000    rw-
  20000000    20000000    0000f77c   00000000    rw- .bss
  2000f77c    2000f77c    00000383   00000000    rw- .data
2000fce0    2000fce0    00000320   00000000    rw-
  2000fce0    2000fce0    00000320   00000000    rw- .stack


SECTION ALLOCATION MAP

 output                                  attributes/
section   page    origin      length       input sections
--------  ----  ----------  ----------   ----------------
.intvecs   0    00000000    00000144     
                  00000000    00000144     msp432_startup_ccs.obj (.intvecs:retain)

.text      0    00000148    00009bc2     
                  00000148    00000376     dataStorage.obj (.text:dataStorage)
                  000004be    00000002     --HOLE-- [fill = 0]
                  000004c0    0000035e     trcKernelPort.obj (.text:pszTraceGetErrorNotEnoughHandles)
                  0000081e    00000002     --HOLE-- [fill = 0]
                  00000820    0000035e     queue.obj (.text:xQueueSemaphoreTake)
                  00000b7e    00000002     --HOLE-- [fill = 0]
                  00000b80    00000326     queue.obj (.text:xQueueGenericSend)
                  00000ea6    00000002     --HOLE-- [fill = 0]
                  00000ea8    00000312     ff.obj (.text:find_volume)
                  000011ba    00000004     rtsv7M4_T_le_v4SPD16_eabi.lib : pre_init.c.obj (.text:_system_pre_init)
                  000011be    00000002     --HOLE-- [fill = 0]
                  000011c0    0000030e     queue.obj (.text:xQueueReceive)
                  000014ce    00000002     --HOLE-- [fill = 0]
                  000014d0    00000234     ff.obj (.text:f_write)
                  00001704    00000004     rtsv7M4_T_le_v4SPD16_eabi.lib : exit.c.obj (.text:abort:abort)
                  00001708    000001f4     houseKeeping.obj (.text:houseKeeping)
                  000018fc    00000004     --HOLE-- [fill = 0]
                  00001900    000001d6     ff.obj (.text:f_open)
                  00001ad6    00000002     --HOLE-- [fill = 0]
                  00001ad8    000001d6     IntQueue.obj (.text:xSecondTimerHandler)
                  00001cae    00000002     --HOLE-- [fill = 0]
                  00001cb0    000001d4     trcSnapshotRecorder.obj (.text:prvTraceStoreKernelCallWithParam)
                  00001e84    00000004     --HOLE-- [fill = 0]
                  00001e88    000001c8     mmc_MSP432P401r.obj (.text:MMC_disk_ioctl)
                  00002050    000001c8     tasks.obj (.text:xTaskIncrementTick)
                  00002218    000001bc     trcSnapshotRecorder.obj (.text:prvTraceInitTraceData)
                  000023d4    00000004     --HOLE-- [fill = 0]
                  000023d8    000001a9     trcSnapshotRecorder.obj (.text:prvTraceStoreKernelCall)
                  00002581    00000007     --HOLE-- [fill = 0]
                  00002588    0000018f     trcSnapshotRecorder.obj (.text:prvTraceGetDTS)
                  00002717    00000001     --HOLE-- [fill = 0]
                  00002718    0000017e     queue.obj (.text:xQueueGenericSendFromISR)
                  00002896    00000002     --HOLE-- [fill = 0]
                  00002898    00000178     mmc_MSP432P401r.obj (.text:MMC_disk_initialize)
                  00002a10    00000176     cs.obj (.text:CS_getDCOFrequency)
                  00002b86    00000002     --HOLE-- [fill = 0]
                  00002b88    0000016e     heap_4.obj (.text:pvPortMalloc)
                  00002cf6    00000002     --HOLE-- [fill = 0]
                  00002cf8    00000169     trcSnapshotRecorder.obj (.text:prvTraceGetObjectHandle)
                  00002e61    00000003     --HOLE-- [fill = 0]
                  00002e64    00000160     msp432p4xx_driverlib.lib : adc14.o (.text:_getIndexForMemRegister)
                  00002fc4    00000004     --HOLE-- [fill = 0]
                  00002fc8    0000015c     port.obj (.text:vPortSuppressTicksAndSleep)
                  00003124    00000004     --HOLE-- [fill = 0]
                  00003128    0000014e     queue.obj (.text:xQueueReceiveFromISR)
                  00003276    00000002     --HOLE-- [fill = 0]
                  00003278    0000014c     tasks.obj (.text:prvAddNewTaskToReadyList)
                  000033c4    00000004     --HOLE-- [fill = 0]
                  000033c8    00000149     trcSnapshotRecorder.obj (.text:prvCheckDataToBeOverwrittenForMultiEntryEvents)
                  00003511    00000007     --HOLE-- [fill = 0]
                  00003518    00000149     taskManager.obj (.text:prvTaskCreate)
                  00003661    00000007     --HOLE-- [fill = 0]
                  00003668    0000013e     IntQueue.obj (.text:xFirstTimerHandler)
                  000037a6    00000002     --HOLE-- [fill = 0]
                  000037a8    0000013e     tasks.obj (.text:xTaskResumeAll)
                  000038e6    00000002     --HOLE-- [fill = 0]
                  000038e8    0000013c     cs.obj (.text:CS_initClockSignal)
                  00003a24    00000004     --HOLE-- [fill = 0]
                  00003a28    0000013c     tasks.obj (.text:vTaskPriorityDisinheritAfterTimeout)
                  00003b64    00000004     --HOLE-- [fill = 0]
                  00003b68    0000013c     tasks.obj (.text:vTaskSuspend)
                  00003ca4    00000004     --HOLE-- [fill = 0]
                  00003ca8    00000134     trcKernelPort.obj (.text:vTraceInitObjectHandleStack)
                  00003ddc    00000004     --HOLE-- [fill = 0]
                  00003de0    0000012e     tasks.obj (.text:vTaskNotifyGiveFromISR)
                  00003f0e    00000002     --HOLE-- [fill = 0]
                  00003f10    0000012c     trcSnapshotRecorder.obj (.text:uiIndexOfObject)
                  0000403c    00000004     --HOLE-- [fill = 0]
                  00004040    00000126     tasks.obj (.text:xTaskPriorityDisinherit)
                  00004166    00000002     --HOLE-- [fill = 0]
                  00004168    0000011e     tasks.obj (.text:vTaskDelayUntil)
                  00004286    00000002     --HOLE-- [fill = 0]
                  00004288    0000011e     event_groups.obj (.text:xEventGroupWaitBits)
                  000043a6    00000002     --HOLE-- [fill = 0]
                  000043a8    0000011c     tasks.obj (.text:xTaskPriorityInherit)
                  000044c4    00000004     --HOLE-- [fill = 0]
                  000044c8    00000119     trcSnapshotRecorder.obj (.text:prvTraceStoreKernelCallWithNumericParamOnly)
                  000045e1    00000007     --HOLE-- [fill = 0]
                  000045e8    00000118     cs.obj (.text:_CSComputeCLKFrequency)
                  00004700    00000116     trcSnapshotRecorder.obj (.text:prvTraceSetObjectName)
                  00004816    00000002     --HOLE-- [fill = 0]
                  00004818    00000116     trcKernelPort.obj (.text:vTraceInitObjectPropertyTable)
                  0000492e    00000002     --HOLE-- [fill = 0]
                  00004930    00000114     ff.obj (.text:create_name)
                  00004a44    00000004     --HOLE-- [fill = 0]
                  00004a48    0000010e     houseKeeping.obj (.text:adcInit)
                  00004b56    00000002     --HOLE-- [fill = 0]
                  00004b58    0000010c     ff.obj (.text:put_fat)
                  00004c64    00000004     --HOLE-- [fill = 0]
                  00004c68    0000010a     timers.obj (.text:prvProcessReceivedCommands)
                  00004d72    00000006     --HOLE-- [fill = 0]
                  00004d78    00000104     ff.obj (.text:create_chain)
                  00004e7c    00000004     --HOLE-- [fill = 0]
                  00004e80    00000103     trcSnapshotRecorder.obj (.text:prvTraceStoreTaskReady)
                  00004f83    00000005     --HOLE-- [fill = 0]
                  00004f88    000000fc     port.obj (.text:xPortStartScheduler)
                  00005084    00000004     --HOLE-- [fill = 0]
                  00005088    000000fa     MPU9250.obj (.text:readI2C)
                  00005182    00000006     --HOLE-- [fill = 0]
                  00005188    000000f9     taskManager.obj (.text:updateBatteryLevel)
                  00005281    00000007     --HOLE-- [fill = 0]
                  00005288    000000f4     ff.obj (.text:dir_next)
                  0000537c    00000004     --HOLE-- [fill = 0]
                  00005380    000000f1     trcSnapshotRecorder.obj (.text:prvTraceStoreTaskswitch)
                  00005471    00000007     --HOLE-- [fill = 0]
                  00005478    000000ee     trcSnapshotRecorder.obj (.text:uiTraceStart)
                  00005566    00000002     --HOLE-- [fill = 0]
                  00005568    000000e4     tasks.obj (.text:vTaskResume)
                  0000564c    00000004     --HOLE-- [fill = 0]
                  00005650    000000e0     trcSnapshotRecorder.obj (.text:prvTraceGetPriorityProperty)
                  00005730    000000e0     tasks.obj (.text:vTaskSwitchContext)
                  00005810    000000da     portasm.obj (.text)
                  000058ea    00000006     --HOLE-- [fill = 0]
                  000058f0    000000d9     trcSnapshotRecorder.obj (.text:prvTraceSetPriorityProperty)
                  000059c9    00000007     --HOLE-- [fill = 0]
                  000059d0    000000d3     trcSnapshotRecorder.obj (.text:prvTraceGetObjectState)
                  00005aa3    00000005     --HOLE-- [fill = 0]
                  00005aa8    000000d0     trcSnapshotRecorder.obj (.text:prvTraceSetObjectState)
                  00005b78    000000cc     tasks.obj (.text:xTaskRemoveFromEventList)
                  00005c44    00000004     --HOLE-- [fill = 0]
                  00005c48    000000ca     ff.obj (.text:get_fat)
                  00005d12    00000006     --HOLE-- [fill = 0]
                  00005d18    000000c8     trcSnapshotRecorder.obj (.text:vTraceStoreMemMangEvent)
                  00005de0    000000c6     MPU9250.obj (.text:getMotion6)
                  00005ea6    00000002     --HOLE-- [fill = 0]
                  00005ea8    000000c4     tasks.obj (.text:vTaskRemoveFromUnorderedEventList)
                  00005f6c    00000004     --HOLE-- [fill = 0]
                  00005f70    000000c2     mmc_MSP432P401r.obj (.text:MMC_disk_write)
                  00006032    00000006     --HOLE-- [fill = 0]
                  00006038    000000c0     queue.obj (.text:prvInitialiseNewQueue)
                  000060f8    000000c0     serial.obj (.text:vUART_Handler)
                  000061b8    000000be     ff.obj (.text:dir_sdi)
                  00006276    00000002     --HOLE-- [fill = 0]
                  00006278    000000b6     tasks.obj (.text:prvInitialiseNewTask)
                  0000632e    00000002     --HOLE-- [fill = 0]
                  00006330    000000b6     trcSnapshotRecorder.obj (.text:prvTraceInitCortexM)
                  000063e6    00000002     --HOLE-- [fill = 0]
                  000063e8    000000b6     event_groups.obj (.text:xEventGroupSetBits)
                  0000649e    000000b0     msp432p4xx_driverlib.lib : spi.o (.text:SPI_initMaster)
                  0000654e    00000002     --HOLE-- [fill = 0]
                  00006550    000000b0     queue.obj (.text:prvCopyDataToQueue)
                  00006600    000000ae     MPU9250.obj (.text:writeI2C)
                  000066ae    00000002     --HOLE-- [fill = 0]
                  000066b0    000000aa     taskManager.obj (.text:prvSuspendAllTasks)
                  0000675a    00000006     --HOLE-- [fill = 0]
                  00006760    000000a6     tasks.obj (.text:prvAddCurrentTaskToDelayedList)
                  00006806    00000002     --HOLE-- [fill = 0]
                  00006808    000000a4     itoa.obj (.text:itoa)
                  000068ac    00000004     --HOLE-- [fill = 0]
                  000068b0    000000a4     tasks.obj (.text:vTaskDelay)
                  00006954    00000004     --HOLE-- [fill = 0]
                  00006958    000000a4     trcSnapshotRecorder.obj (.text:vTraceEnable)
                  000069fc    00000004     --HOLE-- [fill = 0]
                  00006a00    0000009c     mmc_MSP432P401r.obj (.text:MMC_disk_read)
                  00006a9c    0000009c     rtsv7M4_T_le_v4SPD16_eabi.lib : memcpy_t2.asm.obj (.text)
                  00006b38    0000009c     tasks.obj (.text:xTaskCheckForTimeOut)
                  00006bd4    00000004     --HOLE-- [fill = 0]
                  00006bd8    0000009a     ff.obj (.text:f_sync)
                  00006c72    00000006     --HOLE-- [fill = 0]
                  00006c78    00000098     timers.obj (.text:prvSwitchTimerLists)
                  00006d10    00000094     queue.obj (.text:xQueueGenericReset)
                  00006da4    00000004     --HOLE-- [fill = 0]
                  00006da8    00000092     cs.obj (.text:_CSGetDOCFrequency)
                  00006e3a    00000006     --HOLE-- [fill = 0]
                  00006e40    00000092     watchDogTask.obj (.text:watchDogTask)
                  00006ed2    00000006     --HOLE-- [fill = 0]
                  00006ed8    00000091     tasks.obj (.text:vTaskStartScheduler)
                  00006f69    00000007     --HOLE-- [fill = 0]
                  00006f70    00000090     trcSnapshotRecorder.obj (.text:prvTraceGetParam)
                  00007000    00000090     ff.obj (.text:sync_fs)
                  00007090    00000090     taskManager.obj (.text:taskManager)
                  00007120    0000008c     heap_4.obj (.text:vPortFree)
                  000071ac    00000004     --HOLE-- [fill = 0]
                  000071b0    0000008c     tasks.obj (.text:vTaskPlaceOnEventListRestricted)
                  0000723c    00000004     --HOLE-- [fill = 0]
                  00007240    0000008a     ff.obj (.text:check_fs)
                  000072ca    00000006     --HOLE-- [fill = 0]
                  000072d0    00000086     ff.obj (.text:follow_path)
                  00007356    00000002     --HOLE-- [fill = 0]
                  00007358    00000084     timers.obj (.text:xTimerGenericCommand)
                  000073dc    00000004     --HOLE-- [fill = 0]
                  000073e0    00000082     system_msp432p401r.obj (.text:SystemInit)
                  00007462    00000006     --HOLE-- [fill = 0]
                  00007468    00000082     tasks.obj (.text:prvIdleTask)
                  000074ea    00000006     --HOLE-- [fill = 0]
                  000074f0    00000082     port.obj (.text:vPortSetupTimerInterrupt)
                  00007572    00000006     --HOLE-- [fill = 0]
                  00007578    00000080     heap_4.obj (.text:prvHeapInit)
                  000075f8    00000080     trcSnapshotRecorder.obj (.text:prvTraceSetTaskInstanceFinished)
                  00007678    00000080     ff.obj (.text:remove_chain)
                  000076f8    0000007e     dataStorage.obj (.text:initSD)
                  00007776    00000002     --HOLE-- [fill = 0]
                  00007778    0000007e     tasks.obj (.text:prvInitialiseTaskLists)
                  000077f6    00000002     --HOLE-- [fill = 0]
                  000077f8    0000007e     timers.obj (.text:prvProcessTimerOrBlockTask)
                  00007876    00000002     --HOLE-- [fill = 0]
                  00007878    0000007c     msp432p4xx_driverlib.lib : rtc_c.o (.text:RTC_C_getCalendarTime)
                  000078f4    00000004     --HOLE-- [fill = 0]
                  000078f8    0000007c     main.obj (.text:prvSetupHardware)
                  00007974    00000004     --HOLE-- [fill = 0]
                  00007978    0000007c     queue.obj (.text:xQueueGenericCreate)
                  000079f4    0000007a     rtsv7M4_T_le_v4SPD16_eabi.lib : memset_t2.asm.obj (.text)
                  00007a6e    00000002     --HOLE-- [fill = 0]
                  00007a70    00000078     msp432p4xx_driverlib.lib : adc14.o (.text:ADC14_getMultiSequenceResult)
                  00007ae8    00000074     taskManager.obj (.text:prvResumeAllTasks)
                  00007b5c    00000004     --HOLE-- [fill = 0]
                  00007b60    00000072     sysctl.obj (.text:SysCtl_getTLVInfo)
                  00007bd2    00000006     --HOLE-- [fill = 0]
                  00007bd8    00000070     mmc_MSP432P401r.obj (.text:send_cmd)
                  00007c48    0000006e     main.obj (.text:prvConfigureClocks)
                  00007cb6    00000002     --HOLE-- [fill = 0]
                  00007cb8    0000006e     heap_4.obj (.text:prvInsertBlockIntoFreeList)
                  00007d26    00000002     --HOLE-- [fill = 0]
                  00007d28    0000006e     MPU9250.obj (.text:writeBits)
                  00007d96    00000002     --HOLE-- [fill = 0]
                  00007d98    0000006c     timers.obj (.text:prvProcessExpiredTimer)
                  00007e04    00000004     --HOLE-- [fill = 0]
                  00007e08    0000006c     queue.obj (.text:prvUnlockQueue)
                  00007e74    00000004     --HOLE-- [fill = 0]
                  00007e78    0000006c     port.obj (.text:vPortValidateInterruptPriority)
                  00007ee4    00000068     msp432p4xx_driverlib.lib : i2c.o (.text:I2C_masterSendMultiByteStart)
                  00007f4c    00000068     rtsv7M4_T_le_v4SPD16_eabi.lib : copy_decompress_lzss.c.obj (.text:decompress:lzss:__TI_decompress_lzss)
                  00007fb4    00000004     --HOLE-- [fill = 0]
                  00007fb8    00000068     tasks.obj (.text:xTaskCreate)
                  00008020    00000067     trcSnapshotRecorder.obj (.text:prvTraceNextFreeEventBufferSlot)
                  00008087    00000001     --HOLE-- [fill = 0]
                  00008088    00000066     ff.obj (.text:dir_clear)
                  000080ee    00000002     --HOLE-- [fill = 0]
                  000080f0    00000064     ff.obj (.text:dbc_2nd)
                  00008154    00000004     --HOLE-- [fill = 0]
                  00008158    00000064     tasks.obj (.text:vTaskPlaceOnUnorderedEventList)
                  000081bc    00000004     --HOLE-- [fill = 0]
                  000081c0    00000064     timers.obj (.text:xTimerCreateTimerTask)
                  00008224    00000004     --HOLE-- [fill = 0]
                  00008228    00000060     trcSnapshotRecorder.obj (.text:prvTracePortGetTimeStamp)
                  00008288    00000060     mmc_MSP432P401r.obj (.text:xmit_datablock)
                  000082e8    0000005c     ttcTask.obj (.text:ttcTask)
                  00008344    00000004     --HOLE-- [fill = 0]
                  00008348    00000058     tasks.obj (.text:prvCheckTasksWaitingTermination)
                  000083a0    00000058     tasks.obj (.text:prvGetExpectedIdleTime)
                  000083f8    00000056     gpio.obj (.text:GPIO_setAsPeripheralModuleFunctionInputPin)
                  0000844e    00000002     --HOLE-- [fill = 0]
                  00008450    00000056     ff.obj (.text:dir_find)
                  000084a6    00000002     --HOLE-- [fill = 0]
                  000084a8    00000056     main.obj (.text:vPreSleepProcessing)
                  000084fe    00000002     --HOLE-- [fill = 0]
                  00008500    00000054     ff.obj (.text:f_mount)
                  00008554    00000004     --HOLE-- [fill = 0]
                  00008558    00000054     houseKeeping.obj (.text:getTemperature)
                  000085ac    00000004     --HOLE-- [fill = 0]
                  000085b0    00000054     timers.obj (.text:prvCheckForValidListAndQueue)
                  00008604    00000004     --HOLE-- [fill = 0]
                  00008608    00000054     taskManager.obj (.text:setOperationMode)
                  0000865c    00000004     --HOLE-- [fill = 0]
                  00008660    00000054     MPU9250.obj (.text:writeBit)
                  000086b4    00000004     --HOLE-- [fill = 0]
                  000086b8    00000052     cs.obj (.text:_CSGetDividerValue)
                  0000870a    00000006     --HOLE-- [fill = 0]
                  00008710    00000050     timers.obj (.text:prvInsertTimerInActiveList)
                  00008760    00000050     mmc_MSP432P401r.obj (.text:rcvr_datablock)
                  000087b0    0000004e     gpio.obj (.text:GPIO_setAsPeripheralModuleFunctionOutputPin)
                  000087fe    00000002     --HOLE-- [fill = 0]
                  00008800    0000004e     SPI_Driver.obj (.text:SPI_Init)
                  0000884e    00000002     --HOLE-- [fill = 0]
                  00008850    0000004e     ff.obj (.text:dir_alloc)
                  0000889e    00000002     --HOLE-- [fill = 0]
                  000088a0    0000004c     dataStorage.obj (.text:getLocalTime)
                  000088ec    00000004     --HOLE-- [fill = 0]
                  000088f0    0000004c     taskManager.obj (.text:prvQueueDataCreate)
                  0000893c    00000004     --HOLE-- [fill = 0]
                  00008940    0000004a     main.obj (.text:main)
                  0000898a    00000006     --HOLE-- [fill = 0]
                  00008990    00000048     ff.obj (.text:sync_window)
                  000089d8    00000048     queue.obj (.text:vQueueWaitForMessageRestricted)
                  00008a20    00000046     ff.obj (.text:get_ldnumber)
                  00008a66    00000002     --HOLE-- [fill = 0]
                  00008a68    00000046     mmc_MSP432P401r.obj (.text:send_initial_clock_train)
                  00008aae    00000002     --HOLE-- [fill = 0]
                  00008ab0    00000044     rtsv7M4_T_le_v4SPD16_eabi.lib : autoinit.c.obj (.text:__TI_auto_init_nobinit_nopinit:__TI_auto_init_nobinit_nopinit)
                  00008af4    00000004     --HOLE-- [fill = 0]
                  00008af8    00000044     ff.obj (.text:dbc_1st)
                  00008b3c    00000004     --HOLE-- [fill = 0]
                  00008b40    00000044     tasks.obj (.text:prvTaskIsTaskSuspended)
                  00008b84    00000004     --HOLE-- [fill = 0]
                  00008b88    00000044     port.obj (.text:vPortEnterCritical)
                  00008bcc    00000004     --HOLE-- [fill = 0]
                  00008bd0    00000040     tasks.obj (.text:eTaskConfirmSleepModeStatus)
                  00008c10    00000040     MPU9250.obj (.text:initI2C)
                  00008c50    00000040     msp432p4xx_driverlib.lib : spi.o (.text:is_A_Module)
                  00008c90    0000003e     trcSnapshotRecorder.obj (.text:prvTraceError)
                  00008cce    00000002     --HOLE-- [fill = 0]
                  00008cd0    0000003e     mmc_MSP432P401r.obj (.text:send_cmd12)
                  00008d0e    00000002     --HOLE-- [fill = 0]
                  00008d10    0000003c     trcSnapshotRecorder.obj (.text:prvTraceUpdateCounters)
                  00008d4c    00000004     --HOLE-- [fill = 0]
                  00008d50    0000003c     list.obj (.text:vListInsert)
                  00008d8c    00000004     --HOLE-- [fill = 0]
                  00008d90    0000003c     tasks.obj (.text:vTaskStepTick)
                  00008dcc    00000004     --HOLE-- [fill = 0]
                  00008dd0    0000003a     ff.obj (.text:dir_register)
                  00008e0a    00000006     --HOLE-- [fill = 0]
                  00008e10    0000003a     port.obj (.text:prvTaskExitError)
                  00008e4a    00000006     --HOLE-- [fill = 0]
                  00008e50    0000003a     main.obj (.text:vPostSleepProcessing)
                  00008e8a    00000006     --HOLE-- [fill = 0]
                  00008e90    0000003a     ff.obj (.text:validate)
                  00008eca    00000002     --HOLE-- [fill = 0]
                  00008ecc    00000038     rtsv7M4_T_le_v4SPD16_eabi.lib : boot_cortex_m.c.obj (.text:_c_int00_noargs:_c_int00_noargs)
                  00008f04    00000004     --HOLE-- [fill = 0]
                  00008f08    00000038     aodcsTask.obj (.text:aodcsTask)
                  00008f40    00000038     cameraTask.obj (.text:cameraTask)
                  00008f78    00000038     pptTask.obj (.text:pptTask)
                  00008fb0    00000036     taskManager.obj (.text:hibernate)
                  00008fe6    00000002     --HOLE-- [fill = 0]
                  00008fe8    00000036     IntQueueTimer.obj (.text:vT32_0_Handler)
                  0000901e    00000002     --HOLE-- [fill = 0]
                  00009020    00000036     IntQueueTimer.obj (.text:vT32_1_Handler)
                  00009056    00000002     --HOLE-- [fill = 0]
                  00009058    00000034     ff.obj (.text:move_window)
                  0000908c    00000004     --HOLE-- [fill = 0]
                  00009090    00000034     port.obj (.text:vPortExitCritical)
                  000090c4    00000004     --HOLE-- [fill = 0]
                  000090c8    00000034     tasks.obj (.text:vTaskPlaceOnEventList)
                  000090fc    00000004     --HOLE-- [fill = 0]
                  00009100    00000032     mmc_MSP432P401r.obj (.text:rcvr_spi)
                  00009132    00000006     --HOLE-- [fill = 0]
                  00009138    0000002e     cs.obj (.text:CS_setDCOCenteredFrequency)
                  00009166    00000002     --HOLE-- [fill = 0]
                  00009168    0000002e     SPI_Driver.obj (.text:SPI_Read)
                  00009196    00000002     --HOLE-- [fill = 0]
                  00009198    0000002e     SPI_Driver.obj (.text:SPI_Write)
                  000091c6    00000002     --HOLE-- [fill = 0]
                  000091c8    0000002e     timers.obj (.text:prvSampleTimeNow)
                  000091f6    00000002     --HOLE-- [fill = 0]
                  000091f8    0000002e     mmc_MSP432P401r.obj (.text:xmit_spi)
                  00009226    00000002     --HOLE-- [fill = 0]
                  00009228    0000002c     gpio.obj (.text:GPIO_setAsInputPinWithPullUpResistor)
                  00009254    00000004     --HOLE-- [fill = 0]
                  00009258    0000002c     tasks.obj (.text:prvResetNextTaskUnblockTime)
                  00009284    00000004     --HOLE-- [fill = 0]
                  00009288    0000002c     port.obj (.text:pxPortInitialiseStack)
                  000092b4    00000004     --HOLE-- [fill = 0]
                  000092b8    0000002c     port.obj (.text:xPortSysTickHandler)
                  000092e4    00000004     --HOLE-- [fill = 0]
                  000092e8    0000002c     queue.obj (.text:xQueueIsQueueFullFromISR)
                  00009314    00000004     --HOLE-- [fill = 0]
                  00009318    0000002a     cs.obj (.text:CS_clearInterruptFlag)
                  00009342    00000006     --HOLE-- [fill = 0]
                  00009348    0000002a     main.obj (.text:configWakeUpPin)
                  00009372    00000006     --HOLE-- [fill = 0]
                  00009378    00000028     GPIO_Driver.obj (.text:GPIO_Init)
                  000093a0    00000028     mmc_MSP432P401r.obj (.text:wait_ready)
                  000093c8    00000026     ff.obj (.text:ld_clust)
                  000093ee    00000002     --HOLE-- [fill = 0]
                  000093f0    00000026     queue.obj (.text:prvCopyDataFromQueue)
                  00009416    00000002     --HOLE-- [fill = 0]
                  00009418    00000026     timers.obj (.text:prvGetNextExpireTime)
                  0000943e    00000002     --HOLE-- [fill = 0]
                  00009440    00000026     list.obj (.text:uxListRemove)
                  00009466    00000002     --HOLE-- [fill = 0]
                  00009468    00000026     trcSnapshotRecorder.obj (.text:vTraceStop)
                  0000948e    00000002     --HOLE-- [fill = 0]
                  00009490    00000024     tasks.obj (.text:xTaskGetSchedulerState)
                  000094b4    00000004     --HOLE-- [fill = 0]
                  000094b8    00000022     sysctl.obj (.text:SysCtl_setWDTTimeoutResetType)
                  000094da    00000006     --HOLE-- [fill = 0]
                  000094e0    00000022     diskio.obj (.text:disk_read)
                  00009502    00000006     --HOLE-- [fill = 0]
                  00009508    00000022     diskio.obj (.text:disk_write)
                  0000952a    00000006     --HOLE-- [fill = 0]
                  00009530    00000022     main.obj (.text:prvCalendarConfiguration)
                  00009552    00000006     --HOLE-- [fill = 0]
                  00009558    00000022     ff.obj (.text:st_clust)
                  0000957a    00000006     --HOLE-- [fill = 0]
                  00009580    00000020     gpio.obj (.text:GPIO_setAsOutputPin)
                  000095a0    00000020     MPU9250.obj (.text:MPU9250_initialize)
                  000095c0    00000020     diskio.obj (.text:disk_ioctl)
                  000095e0    00000020     trcSnapshotRecorder.obj (.text:prvMarkObjectAsUsed)
                  00009600    00000020     IntQueue.obj (.text:prvRecordValue_NormallyEmpty)
                  00009620    00000020     IntQueue.obj (.text:prvRecordValue_NormallyFull)
                  00009640    00000020     trcSnapshotRecorder.obj (.text:prvStrncpy)
                  00009660    0000001e     ff.obj (.text:mem_cmp)
                  0000967e    00000002     --HOLE-- [fill = 0]
                  00009680    0000001e     queue.obj (.text:prvIsQueueFull)
                  0000969e    00000002     --HOLE-- [fill = 0]
                  000096a0    0000001e     list.obj (.text:vListInitialise)
                  000096be    00000002     --HOLE-- [fill = 0]
                  000096c0    0000001c     msp432p4xx_driverlib.lib : adc14.o (.text:ADC14_getResult)
                  000096dc    00000004     --HOLE-- [fill = 0]
                  000096e0    0000001c     event_groups.obj (.text:prvTestWaitCondition)
                  000096fc    00000004     --HOLE-- [fill = 0]
                  00009700    0000001a     cs.obj (.text:CS_getMCLK)
                  0000971a    00000006     --HOLE-- [fill = 0]
                  00009720    0000001a     ff.obj (.text:clst2sect)
                  0000973a    00000006     --HOLE-- [fill = 0]
                  00009740    0000001a     queue.obj (.text:prvGetDisinheritPriorityAfterTimeout)
                  0000975a    00000006     --HOLE-- [fill = 0]
                  00009760    0000001a     queue.obj (.text:prvIsQueueEmpty)
                  0000977a    00000006     --HOLE-- [fill = 0]
                  00009780    0000001a     timers.obj (.text:prvTimerTask)
                  0000979a    00000006     --HOLE-- [fill = 0]
                  000097a0    0000001a     trcKernelPort.obj (.text:prvTraceSetQueueNumberHigh16)
                  000097ba    00000006     --HOLE-- [fill = 0]
                  000097c0    0000001a     trcKernelPort.obj (.text:prvTraceSetQueueNumberLow16)
                  000097da    00000006     --HOLE-- [fill = 0]
                  000097e0    0000001a     trcKernelPort.obj (.text:prvTraceSetTaskNumberHigh16)
                  000097fa    00000006     --HOLE-- [fill = 0]
                  00009800    0000001a     trcKernelPort.obj (.text:prvTraceSetTaskNumberLow16)
                  0000981a    00000006     --HOLE-- [fill = 0]
                  00009820    0000001a     tasks.obj (.text:pvTaskIncrementMutexHeldCount)
                  0000983a    00000006     --HOLE-- [fill = 0]
                  00009840    0000001a     msp432_startup_ccs.obj (.text:resetISR)
                  0000985a    00000006     --HOLE-- [fill = 0]
                  00009860    0000001a     tasks.obj (.text:uxTaskResetEventItemValue)
                  0000987a    00000006     --HOLE-- [fill = 0]
                  00009880    0000001a     tasks.obj (.text:vTaskInternalSetTimeOutState)
                  0000989a    00000006     --HOLE-- [fill = 0]
                  000098a0    0000001a     event_groups.obj (.text:xEventGroupCreate)
                  000098ba    00000006     --HOLE-- [fill = 0]
                  000098c0    00000018     ff.obj (.text:chk_chr)
                  000098d8    00000018     diskio.obj (.text:disk_initialize)
                  000098f0    00000018     diskio.obj (.text:disk_status)
                  00009908    00000018     IntQueue.obj (.text:prvQueueAccessLogError)
                  00009920    00000018     ff.obj (.text:st_dword)
                  00009938    00000018     list.obj (.text:vListInsertEnd)
                  00009950    00000016     MPU9250.obj (.text:MPU9250_getMotion9)
                  00009966    00000002     --HOLE-- [fill = 0]
                  00009968    00000016     ff.obj (.text:ld_dword)
                  0000997e    00000002     --HOLE-- [fill = 0]
                  00009980    00000016     ff.obj (.text:mem_cpy)
                  00009996    00000002     --HOLE-- [fill = 0]
                  00009998    00000016     queue.obj (.text:xQueueCreateMutex)
                  000099ae    00000002     --HOLE-- [fill = 0]
                  000099b0    00000014     gpio.obj (.text:GPIO_clearInterruptFlag)
                  000099c4    00000004     --HOLE-- [fill = 0]
                  000099c8    00000014     gpio.obj (.text:GPIO_enableInterrupt)
                  000099dc    00000004     --HOLE-- [fill = 0]
                  000099e0    00000014     gpio.obj (.text:GPIO_setOutputLowOnPin)
                  000099f4    00000004     --HOLE-- [fill = 0]
                  000099f8    00000014     gpio.obj (.text:GPIO_toggleOutputOnPin)
                  00009a0c    00000004     --HOLE-- [fill = 0]
                  00009a10    00000014     mmc_MSP432P401r.obj (.text:power_on)
                  00009a24    00000004     --HOLE-- [fill = 0]
                  00009a28    00000014     queue.obj (.text:prvInitialiseMutex)
                  00009a3c    00000004     --HOLE-- [fill = 0]
                  00009a40    00000012     GPIO_Driver.obj (.text:GPIO_High)
                  00009a52    00000006     --HOLE-- [fill = 0]
                  00009a58    00000012     GPIO_Driver.obj (.text:GPIO_Low)
                  00009a6a    00000006     --HOLE-- [fill = 0]
                  00009a70    00000012     ff.obj (.text:mem_set)
                  00009a82    00000006     --HOLE-- [fill = 0]
                  00009a88    00000012     tasks.obj (.text:prvDeleteTCB)
                  00009a9a    00000006     --HOLE-- [fill = 0]
                  00009aa0    00000012     taskManager.obj (.text:prvWatchDogEventGroupCreate)
                  00009ab2    00000006     --HOLE-- [fill = 0]
                  00009ab8    00000012     main.obj (.text:vApplicationIdleHook)
                  00009aca    00000006     --HOLE-- [fill = 0]
                  00009ad0    00000012     main.obj (.text:vApplicationMallocFailedHook)
                  00009ae2    00000006     --HOLE-- [fill = 0]
                  00009ae8    00000012     main.obj (.text:vApplicationStackOverflowHook)
                  00009afa    00000006     --HOLE-- [fill = 0]
                  00009b00    00000010     aodcsTask.obj (.text:setWatchDogBit_AODCS)
                  00009b10    00000010     cameraTask.obj (.text:setWatchDogBit_CAMERA)
                  00009b20    00000010     dataStorage.obj (.text:setWatchDogBit_DATASTORAGE)
                  00009b30    00000010     houseKeeping.obj (.text:setWatchDogBit_HOUSEKEEPING)
                  00009b40    00000010     pptTask.obj (.text:setWatchDogBit_PPT)
                  00009b50    00000010     ttcTask.obj (.text:setWatchDogBit_TTC)
                  00009b60    00000010     tasks.obj (.text:vTaskSuspendAll)
                  00009b70    0000000e     sysctl.obj (.text:SysCtl_getTempCalibrationConstant)
                  00009b7e    0000000e     rtsv7M4_T_le_v4SPD16_eabi.lib : copy_decompress_none.c.obj (.text:decompress:none:__TI_decompress_none)
                  00009b8c    00000004     --HOLE-- [fill = 0]
                  00009b90    0000000e     mmc_MSP432P401r.obj (.text:power_off)
                  00009b9e    00000002     --HOLE-- [fill = 0]
                  00009ba0    0000000e     ff.obj (.text:st_word)
                  00009bae    00000002     --HOLE-- [fill = 0]
                  00009bb0    0000000e     tasks.obj (.text:vTaskMissedYield)
                  00009bbe    00000002     --HOLE-- [fill = 0]
                  00009bc0    0000000c     mmc_MSP432P401r.obj (.text:MMC_disk_status)
                  00009bcc    00000004     --HOLE-- [fill = 0]
                  00009bd0    0000000c     MPU9250.obj (.text:MPU9250_setClockSource)
                  00009bdc    00000004     --HOLE-- [fill = 0]
                  00009be0    0000000c     mmc_MSP432P401r.obj (.text:chk_power)
                  00009bec    0000000c     rtsv7M4_T_le_v4SPD16_eabi.lib : copy_zero_init.c.obj (.text:decompress:ZI:__TI_zero_init)
                  00009bf8    0000000c     ff.obj (.text:ld_word)
                  00009c04    00000004     --HOLE-- [fill = 0]
                  00009c08    0000000c     trcKernelPort.obj (.text:prvTraceGetQueueNumberHigh16)
                  00009c14    00000004     --HOLE-- [fill = 0]
                  00009c18    0000000c     trcKernelPort.obj (.text:prvTraceGetTaskNumberHigh16)
                  00009c24    00000004     --HOLE-- [fill = 0]
                  00009c28    0000000c     mmc_MSP432P401r.obj (.text:rcvr_spi_m)
                  00009c34    00000004     --HOLE-- [fill = 0]
                  00009c38    0000000c     MPU9250.obj (.text:setFullScaleAccelRange)
                  00009c44    00000004     --HOLE-- [fill = 0]
                  00009c48    0000000c     MPU9250.obj (.text:setFullScaleGyroRange)
                  00009c54    00000004     --HOLE-- [fill = 0]
                  00009c58    0000000c     tasks.obj (.text:xTaskGetCurrentTaskHandle)
                  00009c64    00000004     --HOLE-- [fill = 0]
                  00009c68    0000000c     tasks.obj (.text:xTaskGetTickCount)
                  00009c74    00000004     --HOLE-- [fill = 0]
                  00009c78    0000000a     trcKernelPort.obj (.text:prvTraceGetQueueNumberLow16)
                  00009c82    00000006     --HOLE-- [fill = 0]
                  00009c88    0000000a     trcKernelPort.obj (.text:prvTraceGetTaskNumberLow16)
                  00009c92    00000006     --HOLE-- [fill = 0]
                  00009c98    0000000a     MPU9250.obj (.text:setSleepEnabled)
                  00009ca2    00000006     --HOLE-- [fill = 0]
                  00009ca8    0000000a     tasks.obj (.text:uxTaskGetTaskNumber)
                  00009cb2    00000006     --HOLE-- [fill = 0]
                  00009cb8    00000006     queue.obj (.text:ucQueueGetQueueType)
                  00009cbe    00000002     --HOLE-- [fill = 0]
                  00009cc0    00000006     list.obj (.text:vListInitialiseItem)
                  00009cc6    00000002     --HOLE-- [fill = 0]
                  00009cc8    00000006     tasks.obj (.text:vTaskSetTaskNumber)
                  00009cce    00000002     --HOLE-- [fill = 0]
                  00009cd0    00000004     mmc_MSP432P401r.obj (.text:get_fattime)
                  00009cd4    00000004     --HOLE-- [fill = 0]
                  00009cd8    00000004     queue.obj (.text:uxQueueGetQueueNumber)
                  00009cdc    00000004     --HOLE-- [fill = 0]
                  00009ce0    00000004     queue.obj (.text:vQueueSetQueueNumber)
                  00009ce4    00000004     --HOLE-- [fill = 0]
                  00009ce8    00000004     trcSnapshotRecorder.obj (.text:vTraceStart)
                  00009cec    00000004     --HOLE-- [fill = 0]
                  00009cf0    00000002     msp432_startup_ccs.obj (.text:defaultISR)
                  00009cf2    00000006     --HOLE-- [fill = 0]
                  00009cf8    00000002     msp432_startup_ccs.obj (.text:faultISR)
                  00009cfa    00000006     --HOLE-- [fill = 0]
                  00009d00    00000002     msp432_startup_ccs.obj (.text:nmiISR)
                  00009d02    00000006     --HOLE-- [fill = 0]
                  00009d08    00000002     main_blinky.obj (.text:vApplicationTickHook)

.const     0    00009d0c    000000ac     
                  00009d0c    00000080     msp432p4xx_driverlib.lib : adc14.o (.const:_ctlRegs)
                  00009d8c    00000014     MPU9250.obj (.const:i2cConfig)
                  00009da0    0000000a     ff.obj (.const:.string:DbcTbl)
                  00009daa    00000002     --HOLE-- [fill = 0]
                  00009dac    00000008     port.obj (.const)
                  00009db4    00000004     serial.obj (.const)

.cinit     0    00009db8    00000098     
                  00009db8    00000071     (.cinit..data.load) [load image, compression = lzss]
                  00009e29    00000003     --HOLE-- [fill = 0]
                  00009e2c    0000000c     (__TI_handler_table)
                  00009e38    00000008     (.cinit..bss.load) [load image, compression = zero_init]
                  00009e40    00000010     (__TI_cinit_table)

.init_array 
*          0    00000000    00000000     UNINITIALIZED

.binit     0    00000000    00000000     

.bss       0    20000000    0000f77c     UNINITIALIZED
                  20000000    0000c800     heap_4.obj (.bss:ucHeap)
                  2000c800    000028b8     (.common:RecorderData)
                  2000f0b8    00000230     (.common:sdDriver)
                  2000f2e8    00000228     (.common:file)
                  2000f510    00000084     (.common:obcData)
                  2000f594    00000064     tasks.obj (.bss:pxReadyTasksLists)
                  2000f5f8    0000003f     (.common:imuData)
                  2000f637    00000001     (.common:fResult)
                  2000f638    0000001c     main.obj (.bss:calendarConfig)
                  2000f654    00000014     timers.obj (.bss:xActiveTimerList1)
                  2000f668    00000014     timers.obj (.bss:xActiveTimerList2)
                  2000f67c    00000014     tasks.obj (.bss:xDelayedTaskList1)
                  2000f690    00000014     tasks.obj (.bss:xDelayedTaskList2)
                  2000f6a4    00000014     tasks.obj (.bss:xPendingReadyList)
                  2000f6b8    00000014     tasks.obj (.bss:xSuspendedTaskList)
                  2000f6cc    00000014     tasks.obj (.bss:xTasksWaitingTermination)
                  2000f6e0    00000010     (.common:bufferIMU)
                  2000f6f0    0000000c     (.common:resultsBuffer)
                  2000f6fc    00000009     mmc_MSP432P401r.obj (.bss)
                  2000f705    00000001     --HOLE--
                  2000f706    00000002     ff.obj (.bss)
                  2000f708    00000008     IntQueue.obj (.bss)
                  2000f710    00000008     cs.obj (.bss)
                  2000f718    00000008     tasks.obj (.bss)
                  2000f720    00000008     timers.obj (.bss)
                  2000f728    00000008     heap_4.obj (.bss:xStart)
                  2000f730    00000008     (.common:buffer)
                  2000f738    00000006     (.common:localTime)
                  2000f73e    00000002     (.common:cal30)
                  2000f740    00000004     ff.obj (.bss:FatFs)
                  2000f744    00000004     (.common:WATCHDOG_EVENT_GROUP)
                  2000f748    00000004     (.common:bw)
                  2000f74c    00000004     (.common:clock)
                  2000f750    00000004     (.common:flag_lowBattery)
                  2000f754    00000004     (.common:flag_systemMode)
                  2000f758    00000004     (.common:init_hwtc_count)
                  2000f75c    00000004     (.common:taskHandlerAodcs)
                  2000f760    00000004     (.common:taskHandlerCamera)
                  2000f764    00000004     (.common:taskHandlerDataStorage)
                  2000f768    00000004     (.common:taskHandlerHouseKeeping)
                  2000f76c    00000004     (.common:taskHandlerPpt)
                  2000f770    00000004     (.common:taskHandlerTtc)
                  2000f774    00000004     (.common:taskHandlerWatchDog)
                  2000f778    00000002     (.common:cal85)
                  2000f77a    00000002     (.common:calDifference)

.data      0    2000f77c    00000383     UNINITIALIZED
                  2000f77c    000000c8     IntQueue.obj (.data:ucNormallyEmptyReceivedValues)
                  2000f844    000000c8     IntQueue.obj (.data:ucNormallyFullReceivedValues)
                  2000f90c    0000008e     trcSnapshotRecorder.obj (.data:objectHandleStacks)
                  2000f99a    00000002     MPU9250.obj (.data)
                  2000f99c    00000044     trcSnapshotRecorder.obj (.data)
                  2000f9e0    0000003c     IntQueue.obj (.data)
                  2000fa1c    00000034     tasks.obj (.data)
                  2000fa50    00000030     gpio.obj (.data:GPIO_PORT_TO_BASE)
                  2000fa80    0000001c     dataStorage.obj (.data:SPI0MasterConfig)
                  2000fa9c    00000018     port.obj (.data)
                  2000fab4    00000018     taskManager.obj (.data)
                  2000facc    00000010     heap_4.obj (.data)
                  2000fadc    00000010     serial.obj (.data)
                  2000faec    0000000c     timers.obj (.data)
                  2000faf8    00000005     trcKernelPort.obj (.data:TraceQueueClassTable)
                  2000fafd    00000002     mmc_MSP432P401r.obj (.data)

.stack     0    2000fce0    00000320     UNINITIALIZED
                  2000fce0    00000004     rtsv7M4_T_le_v4SPD16_eabi.lib : boot_cortex_m.c.obj (.stack)
                  2000fce4    0000031c     --HOLE--

MODULE SUMMARY

       Module                       code    ro data   rw data
       ------                       ----    -------   -------
    .\
       main.obj                     582     0         400    
    +--+----------------------------+-------+---------+---------+
       Total:                       582     0         400    
                                                             
    .\FreeRTOS_Source\
       tasks.obj                    5835    0         520    
       queue.obj                    4206    0         0      
       timers.obj                   1158    0         120    
       event_groups.obj             522     0         0      
       list.obj                     158     0         0      
    +--+----------------------------+-------+---------+---------+
       Total:                       11879   0         640    
                                                             
    .\FreeRTOS_Source\portable\CCS\ARM_CM4F\
       port.obj                     1104    8         48     
       portasm.obj                  218     0         0      
    +--+----------------------------+-------+---------+---------+
       Total:                       1322    8         48     
                                                             
    .\FreeRTOS_Source\portable\MemMang\
       heap_4.obj                   744     0         102448 
    +--+----------------------------+-------+---------+---------+
       Total:                       744     0         102448 
                                                             
    .\Full_Demo\
       serial.obj                   192     4         32     
       IntQueueTimer.obj            108     0         0      
    +--+----------------------------+-------+---------+---------+
       Total:                       300     4         32     
                                                             
    .\Full_Demo\Standard_Demo_Tasks\
       IntQueue.obj                 876     0         936    
    +--+----------------------------+-------+---------+---------+
       Total:                       876     0         936    
                                                             
    .\SimplyBlinkyDemo\
       main_blinky.obj              2       0         0      
    +--+----------------------------+-------+---------+---------+
       Total:                       2       0         0      
                                                             
    .\Tracealyzer\
       trcSnapshotRecorder.obj      6128    0         21276  
       trcKernelPort.obj            1596    0         10     
    +--+----------------------------+-------+---------+---------+
       Total:                       7724    0         21286  
                                                             
    .\driverlib\
       cs.obj                       1312    0         16     
       gpio.obj                     320     0         96     
       sysctl.obj                   162     0         0      
    +--+----------------------------+-------+---------+---------+
       Total:                       1794    0         112    
                                                             
    .\interface\
       MPU9250.obj                  980     20        36     
    +--+----------------------------+-------+---------+---------+
       Total:                       980     20        36     
                                                             
    .\src\
       dataStorage.obj              1104    0         2444   
       taskManager.obj              1240    0         56     
       houseKeeping.obj             870     0         36     
       watchDogTask.obj             146     0         0      
       ttcTask.obj                  108     0         0      
       aodcsTask.obj                72      0         0      
       cameraTask.obj               72      0         0      
       pptTask.obj                  72      0         0      
    +--+----------------------------+-------+---------+---------+
       Total:                       3684    0         2536   
                                                             
    .\system\CCS\
       msp432_startup_ccs.obj       32      324       0      
       system_msp432p401r.obj       130     0         0      
    +--+----------------------------+-------+---------+---------+
       Total:                       162     324       0      
                                                             
    .\util\
       itoa.obj                     164     0         0      
    +--+----------------------------+-------+---------+---------+
       Total:                       164     0         0      
                                                             
    .\util\Hardware\
       SPI_Driver.obj               170     0         0      
       GPIO_Driver.obj              76      0         0      
    +--+----------------------------+-------+---------+---------+
       Total:                       246     0         0      
                                                             
    .\util\fatfs\
       ff.obj                       5050    10        12     
       mmc_MSP432P401r.obj          1812    0         22     
       diskio.obj                   148     0         0      
    +--+----------------------------+-------+---------+---------+
       Total:                       7010    10        34     
                                                             
    C:/ti/simplelink_msp432p4_sdk_2_40_00_10/source/ti/devices/msp432p4xx/driverlib/ccs/msp432p4xx_driverlib.lib
       adc14.o                      500     128       0      
       spi.o                        240     0         0      
       rtc_c.o                      124     0         0      
       i2c.o                        104     0         0      
    +--+----------------------------+-------+---------+---------+
       Total:                       968     128       0      
                                                             
    C:\ti\ccsv8\tools\compiler\ti-cgt-arm_18.1.1.LTS\lib\rtsv7M4_T_le_v4SPD16_eabi.lib
       memcpy_t2.asm.obj            156     0         0      
       memset_t2.asm.obj            122     0         0      
       copy_decompress_lzss.c.obj   104     0         0      
       autoinit.c.obj               68      0         0      
       boot_cortex_m.c.obj          56      0         0      
       copy_decompress_none.c.obj   14      0         0      
       copy_zero_init.c.obj         12      0         0      
       exit.c.obj                   4       0         0      
       pre_init.c.obj               4       0         0      
    +--+----------------------------+-------+---------+---------+
       Total:                       540     0         0      
                                                             
       Stack:                       0       0         1600   
       Linker Generated:            0       149       0      
    +--+----------------------------+-------+---------+---------+
       Grand Total:                 38977   643       130108 


LINKER GENERATED COPY TABLES

__TI_cinit_table @ 00009e40 records: 2, size/record: 8, table size: 16
	.data: load addr=00009db8, load size=00000071 bytes, run addr=2000f77c, run size=00000383 bytes, compression=lzss
	.bss: load addr=00009e38, load size=00000008 bytes, run addr=20000000, run size=0000f77c bytes, compression=zero_init


LINKER GENERATED HANDLER TABLE

__TI_handler_table @ 00009e2c records: 3, size/record: 4, table size: 12
	index: 0, handler: __TI_decompress_lzss
	index: 1, handler: __TI_decompress_none
	index: 2, handler: __TI_zero_init


GLOBAL SYMBOLS: SORTED ALPHABETICALLY BY Name 

address   name                                       
-------   ----                                       
00005189  ADC14_IRQHandler                           
00007a71  ADC14_getMultiSequenceResult               
000096c1  ADC14_getResult                            
00001705  C$$EXIT                                    
00009319  CS_clearInterruptFlag                      
00002a11  CS_getDCOFrequency                         
00009701  CS_getMCLK                                 
000038e9  CS_initClockSignal                         
00009139  CS_setDCOCenteredFrequency                 
2000f9c6  CurrentFilterGroup                         
2000f9c4  CurrentFilterMask                          
00009a41  GPIO_High                                  
00009379  GPIO_Init                                  
00009a59  GPIO_Low                                   
000099b1  GPIO_clearInterruptFlag                    
000099c9  GPIO_enableInterrupt                       
00009229  GPIO_setAsInputPinWithPullUpResistor       
00009581  GPIO_setAsOutputPin                        
000083f9  GPIO_setAsPeripheralModuleFunctionInputPin 
000087b1  GPIO_setAsPeripheralModuleFunctionOutputPin
000099e1  GPIO_setOutputLowOnPin                     
000099f9  GPIO_toggleOutputOnPin                     
00007ee5  I2C_masterSendMultiByteStart               
00002899  MMC_disk_initialize                        
00001e89  MMC_disk_ioctl                             
00006a01  MMC_disk_read                              
00009bc1  MMC_disk_status                            
00005f71  MMC_disk_write                             
2000f99a  MPU9250_devAddr                            
00009951  MPU9250_getMotion9                         
000095a1  MPU9250_initialize                         
00009bd1  MPU9250_setClockSource                     
00007879  RTC_C_getCalendarTime                      
2000c800  RecorderData                               
2000f9cc  RecorderDataPtr                            
2000fa80  SPI0MasterConfig                           
00008801  SPI_Init                                   
00009169  SPI_Read                                   
00009199  SPI_Write                                  
0000649f  SPI_initMaster                             
00007b61  SysCtl_getTLVInfo                          
00009b71  SysCtl_getTempCalibrationConstant          
000094b9  SysCtl_setWDTTimeoutResetType              
000073e1  SystemInit                                 
2000faf8  TraceQueueClassTable                       
2000f744  WATCHDOG_EVENT_GROUP                       
4000480c  WDTCTL_SYM                                 
000094b9  WDT_A_setTimeoutReset                      
20010000  __STACK_END                                
00000320  __STACK_SIZE                               
00009e40  __TI_CINIT_Base                            
00009e50  __TI_CINIT_Limit                           
00009e2c  __TI_Handler_Table_Base                    
00009e38  __TI_Handler_Table_Limit                   
00008ab1  __TI_auto_init_nobinit_nopinit             
00007f4d  __TI_decompress_lzss                       
00009b7f  __TI_decompress_none                       
ffffffff  __TI_pprof_out_hndl                        
ffffffff  __TI_prof_data_size                        
ffffffff  __TI_prof_data_start                       
00000000  __TI_static_base__                         
00009bed  __TI_zero_init                             
000079f5  __aeabi_memclr                             
000079f5  __aeabi_memclr4                            
000079f5  __aeabi_memclr8                            
00006a9d  __aeabi_memcpy                             
00006a9d  __aeabi_memcpy4                            
00006a9d  __aeabi_memcpy8                            
000079f7  __aeabi_memset                             
000079f7  __aeabi_memset4                            
000079f7  __aeabi_memset8                            
ffffffff  __binit__                                  
ffffffff  __c_args__                                 
UNDEFED   __mpu_init                                 
2000fce0  __stack                                    
00008ecd  _c_int00_noargs                            
UNDEFED   _system_post_cinit                         
000011bb  _system_pre_init                           
00001705  abort                                      
00004a49  adcInit                                    
2000faca  adcInitDelay                               
00008f09  aodcsTask                                  
2000fac8  batteryValue                               
ffffffff  binit                                      
2000f730  buffer                                     
2000f6e0  bufferIMU                                  
2000f748  bw                                         
2000f73e  cal30                                      
2000f778  cal85                                      
2000f77a  calDifference                              
00008f41  cameraTask                                 
2000f74c  clock                                      
00009349  configWakeUpPin                            
00000149  dataStorage                                
000098d9  disk_initialize                            
000095c1  disk_ioctl                                 
000094e1  disk_read                                  
000098f1  disk_status                                
00009509  disk_write                                 
00008bd1  eTaskConfirmSleepModeStatus                
2000f637  fResult                                    
00008501  f_mount                                    
00001901  f_open                                     
00006bd9  f_sync                                     
000014d1  f_write                                    
2000f2e8  file                                       
2000f750  flag_lowBattery                            
2000f754  flag_systemMode                            
000088a1  getLocalTime                               
00005de1  getMotion6                                 
00008559  getTemperature                             
00009cd1  get_fattime                                
2000f9bd  handle_of_last_logged_task                 
00008fb1  hibernate                                  
00001709  houseKeeping                               
00009d8c  i2cConfig                                  
2000f5f8  imuData                                    
00008c11  initI2C                                    
000076f9  initSD                                     
2000f758  init_hwtc_count                            
00000000  interruptVectors                           
2000f99c  isPendingContextSwitch                     
00006809  itoa                                       
2000f738  localTime                                  
00008941  main                                       
00006a9d  memcpy                                     
000079fd  memset                                     
2000f9bc  nISRactive                                 
2000f510  obcData                                    
2000f90c  objectHandleStacks                         
00008f79  pptTask                                    
00009531  prvCalendarConfiguration                   
000095e1  prvMarkObjectAsUsed                        
000088f1  prvQueueDataCreate                         
00007ae9  prvResumeAllTasks                          
000066b1  prvSuspendAllTasks                         
00003519  prvTaskCreate                              
00008c91  prvTraceError                              
00009c59  prvTraceGetCurrentTaskHandle               
00002cf9  prvTraceGetObjectHandle                    
00005651  prvTraceGetPriorityProperty                
00009cd9  prvTraceGetQueueNumber                     
00009c09  prvTraceGetQueueNumberHigh16               
00009c79  prvTraceGetQueueNumberLow16                
00009cb9  prvTraceGetQueueType                       
00009c19  prvTraceGetTaskNumberHigh16                
00009c89  prvTraceGetTaskNumberLow16                 
00006331  prvTraceInitCortexM                        
00008229  prvTracePortGetTimeStamp                   
00004701  prvTraceSetObjectName                      
00005aa9  prvTraceSetObjectState                     
000058f1  prvTraceSetPriorityProperty                
000097a1  prvTraceSetQueueNumberHigh16               
000097c1  prvTraceSetQueueNumberLow16                
000075f9  prvTraceSetTaskInstanceFinished            
000097e1  prvTraceSetTaskNumberHigh16                
00009801  prvTraceSetTaskNumberLow16                 
000023d9  prvTraceStoreKernelCall                    
000044c9  prvTraceStoreKernelCallWithNumericParamOnly
00001cb1  prvTraceStoreKernelCallWithParam           
00004e81  prvTraceStoreTaskReady                     
00005381  prvTraceStoreTaskswitch                    
00009aa1  prvWatchDogEventGroupCreate                
000004c1  pszTraceGetErrorNotEnoughHandles           
00002b89  pvPortMalloc                               
00009821  pvTaskIncrementMutexHeldCount              
2000fa1c  pxCurrentTCB                               
00009289  pxPortInitialiseStack                      
00005089  readI2C                                    
2000f9b0  recorder_busy                              
2000f6f0  resultsBuffer                              
2000f0b8  sdDriver                                   
2000fac0  semaphoreIMU                               
2000fac4  semaphoreSystem                            
00009c39  setFullScaleAccelRange                     
00009c49  setFullScaleGyroRange                      
00008609  setOperationMode                           
00009c99  setSleepEnabled                            
00009b01  setWatchDogBit_AODCS                       
00009b11  setWatchDogBit_CAMERA                      
00009b21  setWatchDogBit_DATASTORAGE                 
00009b31  setWatchDogBit_HOUSEKEEPING                
00009b41  setWatchDogBit_PPT                         
00009b51  setWatchDogBit_TTC                         
2000f75c  taskHandlerAodcs                           
2000f760  taskHandlerCamera                          
2000f764  taskHandlerDataStorage                     
2000f768  taskHandlerHouseKeeping                    
2000f76c  taskHandlerPpt                             
2000f770  taskHandlerTtc                             
2000f774  taskHandlerWatchDog                        
00007091  taskManager                                
2000f9b4  timestampFrequency                         
2000f9b8  traceErrorMessage                          
2000f9a8  trace_disable_timestamp                    
000082e9  ttcTask                                    
00009cb9  ucQueueGetQueueType                        
00003f11  uiIndexOfObject                            
00005479  uiTraceStart                               
2000f9a4  uiTraceTickCount                           
00009dac  ulMaxSyscallInterruptPriority              
00005821  ulPortGetIPSR                              
00005189  updateBatteryLevel                         
00009441  uxListRemove                               
00009cd9  uxQueueGetQueueNumber                      
00009ca9  uxTaskGetTaskNumber                        
00009861  uxTaskResetEventItemValue                  
00009ab9  vApplicationIdleHook                       
00009ad1  vApplicationMallocFailedHook               
00009ae9  vApplicationStackOverflowHook              
00009d09  vApplicationTickHook                       
000096a1  vListInitialise                            
00009cc1  vListInitialiseItem                        
00008d51  vListInsert                                
00009939  vListInsertEnd                             
000058dd  vPortEnableVFP                             
00008b89  vPortEnterCritical                         
00009091  vPortExitCritical                          
00007121  vPortFree                                  
00005899  vPortSVCHandler                            
000074f1  vPortSetupTimerInterrupt                   
000058b9  vPortStartFirstTask                        
00002fc9  vPortSuppressTicksAndSleep                 
00007e79  vPortValidateInterruptPriority             
00008e51  vPostSleepProcessing                       
000084a9  vPreSleepProcessing                        
00009ce1  vQueueSetQueueNumber                       
000089d9  vQueueWaitForMessageRestricted             
00008fe9  vT32_0_Handler                             
00009021  vT32_1_Handler                             
000068b1  vTaskDelay                                 
00004169  vTaskDelayUntil                            
00009881  vTaskInternalSetTimeOutState               
00009bb1  vTaskMissedYield                           
00003de1  vTaskNotifyGiveFromISR                     
000090c9  vTaskPlaceOnEventList                      
000071b1  vTaskPlaceOnEventListRestricted            
00008159  vTaskPlaceOnUnorderedEventList             
00003a29  vTaskPriorityDisinheritAfterTimeout        
00005ea9  vTaskRemoveFromUnorderedEventList          
00005569  vTaskResume                                
00009cc9  vTaskSetTaskNumber                         
00006ed9  vTaskStartScheduler                        
00008d91  vTaskStepTick                              
00003b69  vTaskSuspend                               
00009b61  vTaskSuspendAll                            
00005731  vTaskSwitchContext                         
00006959  vTraceEnable                               
00003ca9  vTraceInitObjectHandleStack                
00004819  vTraceInitObjectPropertyTable              
00009ce9  vTraceStart                                
00009469  vTraceStop                                 
2000f9c0  vTraceStopHookPtr                          
00005d19  vTraceStoreMemMangEvent                    
000060f9  vUART_Handler                              
2000facb  wakeState                                  
00006e41  watchDogTask                               
00008661  writeBit                                   
00007d29  writeBits                                  
00006601  writeI2C                                   
000098a1  xEventGroupCreate                          
000063e9  xEventGroupSetBits                         
00004289  xEventGroupWaitBits                        
00003669  xFirstTimerHandler                         
00005839  xPortPendSVHandler                         
00004f89  xPortStartScheduler                        
000092b9  xPortSysTickHandler                        
00009999  xQueueCreateMutex                          
2000fab8  xQueueDataObc                              
00007979  xQueueGenericCreate                        
00006d11  xQueueGenericReset                         
00000b81  xQueueGenericSend                          
00002719  xQueueGenericSendFromISR                   
2000fab4  xQueueIMU                                  
000092e9  xQueueIsQueueFullFromISR                   
000011c1  xQueueReceive                              
00003129  xQueueReceiveFromISR                       
00000821  xQueueSemaphoreTake                        
2000fabc  xQueueSystem                               
00001ad9  xSecondTimerHandler                        
00006b39  xTaskCheckForTimeOut                       
00007fb9  xTaskCreate                                
00009c59  xTaskGetCurrentTaskHandle                  
00009491  xTaskGetSchedulerState                     
00009c69  xTaskGetTickCount                          
00002051  xTaskIncrementTick                         
00004041  xTaskPriorityDisinherit                    
000043a9  xTaskPriorityInherit                       
00005b79  xTaskRemoveFromEventList                   
000037a9  xTaskResumeAll                             
000081c1  xTimerCreateTimerTask                      
00007359  xTimerGenericCommand                       


GLOBAL SYMBOLS: SORTED BY Symbol Address 

address   name                                       
-------   ----                                       
00000000  __TI_static_base__                         
00000000  interruptVectors                           
00000149  dataStorage                                
00000320  __STACK_SIZE                               
000004c1  pszTraceGetErrorNotEnoughHandles           
00000821  xQueueSemaphoreTake                        
00000b81  xQueueGenericSend                          
000011bb  _system_pre_init                           
000011c1  xQueueReceive                              
000014d1  f_write                                    
00001705  C$$EXIT                                    
00001705  abort                                      
00001709  houseKeeping                               
00001901  f_open                                     
00001ad9  xSecondTimerHandler                        
00001cb1  prvTraceStoreKernelCallWithParam           
00001e89  MMC_disk_ioctl                             
00002051  xTaskIncrementTick                         
000023d9  prvTraceStoreKernelCall                    
00002719  xQueueGenericSendFromISR                   
00002899  MMC_disk_initialize                        
00002a11  CS_getDCOFrequency                         
00002b89  pvPortMalloc                               
00002cf9  prvTraceGetObjectHandle                    
00002fc9  vPortSuppressTicksAndSleep                 
00003129  xQueueReceiveFromISR                       
00003519  prvTaskCreate                              
00003669  xFirstTimerHandler                         
000037a9  xTaskResumeAll                             
000038e9  CS_initClockSignal                         
00003a29  vTaskPriorityDisinheritAfterTimeout        
00003b69  vTaskSuspend                               
00003ca9  vTraceInitObjectHandleStack                
00003de1  vTaskNotifyGiveFromISR                     
00003f11  uiIndexOfObject                            
00004041  xTaskPriorityDisinherit                    
00004169  vTaskDelayUntil                            
00004289  xEventGroupWaitBits                        
000043a9  xTaskPriorityInherit                       
000044c9  prvTraceStoreKernelCallWithNumericParamOnly
00004701  prvTraceSetObjectName                      
00004819  vTraceInitObjectPropertyTable              
00004a49  adcInit                                    
00004e81  prvTraceStoreTaskReady                     
00004f89  xPortStartScheduler                        
00005089  readI2C                                    
00005189  ADC14_IRQHandler                           
00005189  updateBatteryLevel                         
00005381  prvTraceStoreTaskswitch                    
00005479  uiTraceStart                               
00005569  vTaskResume                                
00005651  prvTraceGetPriorityProperty                
00005731  vTaskSwitchContext                         
00005821  ulPortGetIPSR                              
00005839  xPortPendSVHandler                         
00005899  vPortSVCHandler                            
000058b9  vPortStartFirstTask                        
000058dd  vPortEnableVFP                             
000058f1  prvTraceSetPriorityProperty                
00005aa9  prvTraceSetObjectState                     
00005b79  xTaskRemoveFromEventList                   
00005d19  vTraceStoreMemMangEvent                    
00005de1  getMotion6                                 
00005ea9  vTaskRemoveFromUnorderedEventList          
00005f71  MMC_disk_write                             
000060f9  vUART_Handler                              
00006331  prvTraceInitCortexM                        
000063e9  xEventGroupSetBits                         
0000649f  SPI_initMaster                             
00006601  writeI2C                                   
000066b1  prvSuspendAllTasks                         
00006809  itoa                                       
000068b1  vTaskDelay                                 
00006959  vTraceEnable                               
00006a01  MMC_disk_read                              
00006a9d  __aeabi_memcpy                             
00006a9d  __aeabi_memcpy4                            
00006a9d  __aeabi_memcpy8                            
00006a9d  memcpy                                     
00006b39  xTaskCheckForTimeOut                       
00006bd9  f_sync                                     
00006d11  xQueueGenericReset                         
00006e41  watchDogTask                               
00006ed9  vTaskStartScheduler                        
00007091  taskManager                                
00007121  vPortFree                                  
000071b1  vTaskPlaceOnEventListRestricted            
00007359  xTimerGenericCommand                       
000073e1  SystemInit                                 
000074f1  vPortSetupTimerInterrupt                   
000075f9  prvTraceSetTaskInstanceFinished            
000076f9  initSD                                     
00007879  RTC_C_getCalendarTime                      
00007979  xQueueGenericCreate                        
000079f5  __aeabi_memclr                             
000079f5  __aeabi_memclr4                            
000079f5  __aeabi_memclr8                            
000079f7  __aeabi_memset                             
000079f7  __aeabi_memset4                            
000079f7  __aeabi_memset8                            
000079fd  memset                                     
00007a71  ADC14_getMultiSequenceResult               
00007ae9  prvResumeAllTasks                          
00007b61  SysCtl_getTLVInfo                          
00007d29  writeBits                                  
00007e79  vPortValidateInterruptPriority             
00007ee5  I2C_masterSendMultiByteStart               
00007f4d  __TI_decompress_lzss                       
00007fb9  xTaskCreate                                
00008159  vTaskPlaceOnUnorderedEventList             
000081c1  xTimerCreateTimerTask                      
00008229  prvTracePortGetTimeStamp                   
000082e9  ttcTask                                    
000083f9  GPIO_setAsPeripheralModuleFunctionInputPin 
000084a9  vPreSleepProcessing                        
00008501  f_mount                                    
00008559  getTemperature                             
00008609  setOperationMode                           
00008661  writeBit                                   
000087b1  GPIO_setAsPeripheralModuleFunctionOutputPin
00008801  SPI_Init                                   
000088a1  getLocalTime                               
000088f1  prvQueueDataCreate                         
00008941  main                                       
000089d9  vQueueWaitForMessageRestricted             
00008ab1  __TI_auto_init_nobinit_nopinit             
00008b89  vPortEnterCritical                         
00008bd1  eTaskConfirmSleepModeStatus                
00008c11  initI2C                                    
00008c91  prvTraceError                              
00008d51  vListInsert                                
00008d91  vTaskStepTick                              
00008e51  vPostSleepProcessing                       
00008ecd  _c_int00_noargs                            
00008f09  aodcsTask                                  
00008f41  cameraTask                                 
00008f79  pptTask                                    
00008fb1  hibernate                                  
00008fe9  vT32_0_Handler                             
00009021  vT32_1_Handler                             
00009091  vPortExitCritical                          
000090c9  vTaskPlaceOnEventList                      
00009139  CS_setDCOCenteredFrequency                 
00009169  SPI_Read                                   
00009199  SPI_Write                                  
00009229  GPIO_setAsInputPinWithPullUpResistor       
00009289  pxPortInitialiseStack                      
000092b9  xPortSysTickHandler                        
000092e9  xQueueIsQueueFullFromISR                   
00009319  CS_clearInterruptFlag                      
00009349  configWakeUpPin                            
00009379  GPIO_Init                                  
00009441  uxListRemove                               
00009469  vTraceStop                                 
00009491  xTaskGetSchedulerState                     
000094b9  SysCtl_setWDTTimeoutResetType              
000094b9  WDT_A_setTimeoutReset                      
000094e1  disk_read                                  
00009509  disk_write                                 
00009531  prvCalendarConfiguration                   
00009581  GPIO_setAsOutputPin                        
000095a1  MPU9250_initialize                         
000095c1  disk_ioctl                                 
000095e1  prvMarkObjectAsUsed                        
000096a1  vListInitialise                            
000096c1  ADC14_getResult                            
00009701  CS_getMCLK                                 
000097a1  prvTraceSetQueueNumberHigh16               
000097c1  prvTraceSetQueueNumberLow16                
000097e1  prvTraceSetTaskNumberHigh16                
00009801  prvTraceSetTaskNumberLow16                 
00009821  pvTaskIncrementMutexHeldCount              
00009861  uxTaskResetEventItemValue                  
00009881  vTaskInternalSetTimeOutState               
000098a1  xEventGroupCreate                          
000098d9  disk_initialize                            
000098f1  disk_status                                
00009939  vListInsertEnd                             
00009951  MPU9250_getMotion9                         
00009999  xQueueCreateMutex                          
000099b1  GPIO_clearInterruptFlag                    
000099c9  GPIO_enableInterrupt                       
000099e1  GPIO_setOutputLowOnPin                     
000099f9  GPIO_toggleOutputOnPin                     
00009a41  GPIO_High                                  
00009a59  GPIO_Low                                   
00009aa1  prvWatchDogEventGroupCreate                
00009ab9  vApplicationIdleHook                       
00009ad1  vApplicationMallocFailedHook               
00009ae9  vApplicationStackOverflowHook              
00009b01  setWatchDogBit_AODCS                       
00009b11  setWatchDogBit_CAMERA                      
00009b21  setWatchDogBit_DATASTORAGE                 
00009b31  setWatchDogBit_HOUSEKEEPING                
00009b41  setWatchDogBit_PPT                         
00009b51  setWatchDogBit_TTC                         
00009b61  vTaskSuspendAll                            
00009b71  SysCtl_getTempCalibrationConstant          
00009b7f  __TI_decompress_none                       
00009bb1  vTaskMissedYield                           
00009bc1  MMC_disk_status                            
00009bd1  MPU9250_setClockSource                     
00009bed  __TI_zero_init                             
00009c09  prvTraceGetQueueNumberHigh16               
00009c19  prvTraceGetTaskNumberHigh16                
00009c39  setFullScaleAccelRange                     
00009c49  setFullScaleGyroRange                      
00009c59  prvTraceGetCurrentTaskHandle               
00009c59  xTaskGetCurrentTaskHandle                  
00009c69  xTaskGetTickCount                          
00009c79  prvTraceGetQueueNumberLow16                
00009c89  prvTraceGetTaskNumberLow16                 
00009c99  setSleepEnabled                            
00009ca9  uxTaskGetTaskNumber                        
00009cb9  prvTraceGetQueueType                       
00009cb9  ucQueueGetQueueType                        
00009cc1  vListInitialiseItem                        
00009cc9  vTaskSetTaskNumber                         
00009cd1  get_fattime                                
00009cd9  prvTraceGetQueueNumber                     
00009cd9  uxQueueGetQueueNumber                      
00009ce1  vQueueSetQueueNumber                       
00009ce9  vTraceStart                                
00009d09  vApplicationTickHook                       
00009d8c  i2cConfig                                  
00009dac  ulMaxSyscallInterruptPriority              
00009e2c  __TI_Handler_Table_Base                    
00009e38  __TI_Handler_Table_Limit                   
00009e40  __TI_CINIT_Base                            
00009e50  __TI_CINIT_Limit                           
2000c800  RecorderData                               
2000f0b8  sdDriver                                   
2000f2e8  file                                       
2000f510  obcData                                    
2000f5f8  imuData                                    
2000f637  fResult                                    
2000f6e0  bufferIMU                                  
2000f6f0  resultsBuffer                              
2000f730  buffer                                     
2000f738  localTime                                  
2000f73e  cal30                                      
2000f744  WATCHDOG_EVENT_GROUP                       
2000f748  bw                                         
2000f74c  clock                                      
2000f750  flag_lowBattery                            
2000f754  flag_systemMode                            
2000f758  init_hwtc_count                            
2000f75c  taskHandlerAodcs                           
2000f760  taskHandlerCamera                          
2000f764  taskHandlerDataStorage                     
2000f768  taskHandlerHouseKeeping                    
2000f76c  taskHandlerPpt                             
2000f770  taskHandlerTtc                             
2000f774  taskHandlerWatchDog                        
2000f778  cal85                                      
2000f77a  calDifference                              
2000f90c  objectHandleStacks                         
2000f99a  MPU9250_devAddr                            
2000f99c  isPendingContextSwitch                     
2000f9a4  uiTraceTickCount                           
2000f9a8  trace_disable_timestamp                    
2000f9b0  recorder_busy                              
2000f9b4  timestampFrequency                         
2000f9b8  traceErrorMessage                          
2000f9bc  nISRactive                                 
2000f9bd  handle_of_last_logged_task                 
2000f9c0  vTraceStopHookPtr                          
2000f9c4  CurrentFilterMask                          
2000f9c6  CurrentFilterGroup                         
2000f9cc  RecorderDataPtr                            
2000fa1c  pxCurrentTCB                               
2000fa80  SPI0MasterConfig                           
2000fab4  xQueueIMU                                  
2000fab8  xQueueDataObc                              
2000fabc  xQueueSystem                               
2000fac0  semaphoreIMU                               
2000fac4  semaphoreSystem                            
2000fac8  batteryValue                               
2000faca  adcInitDelay                               
2000facb  wakeState                                  
2000faf8  TraceQueueClassTable                       
2000fce0  __stack                                    
20010000  __STACK_END                                
4000480c  WDTCTL_SYM                                 
ffffffff  __TI_pprof_out_hndl                        
ffffffff  __TI_prof_data_size                        
ffffffff  __TI_prof_data_start                       
ffffffff  __binit__                                  
ffffffff  __c_args__                                 
ffffffff  binit                                      
UNDEFED   __mpu_init                                 
UNDEFED   _system_post_cinit                         

[292 symbols]
