******************************************************************************
                  TI ARM Linker PC v18.1.1                     
******************************************************************************
>> Linked Sun Jun 16 20:25:04 2019

OUTPUT FILE NAME:   <Firmware_OBC.out>
ENTRY POINT SYMBOL: "_c_int00_noargs"  address: 00008a55


MEMORY CONFIGURATION

         name            origin    length      used     unused   attr    fill
----------------------  --------  ---------  --------  --------  ----  --------
  MAIN                  00000000   0003f000  00009bd6  0003542a  R  X
  MYDATA                0003f000   00001000  00000000  00001000  R  X
  INFO                  00200000   00004000  00000000  00004000  R  X
  SRAM_CODE             01000000   00010000  0000eea1  0000115f  RW X
  SRAM_DATA             20000000   00010000  0000eea1  0000115f  RW  


SEGMENT ALLOCATION MAP

run origin  load origin   length   init length attrs members
----------  ----------- ---------- ----------- ----- -------
00000000    00000000    00009be0   00009be0    r-x
  00000000    00000000    00000144   00000144    r-- .intvecs
  00000148    00000148    0000996a   0000996a    r-x .text
  00009ab4    00009ab4    00000098   00000098    r-- .const
  00009b50    00009b50    00000090   00000090    r-- .cinit
20000000    20000000    0000eb81   00000000    rw-
  20000000    20000000    0000e810   00000000    rw- .bss
  2000e810    2000e810    00000371   00000000    rw- .data
2000fce0    2000fce0    00000320   00000000    rw-
  2000fce0    2000fce0    00000320   00000000    rw- .stack


SECTION ALLOCATION MAP

 output                                  attributes/
section   page    origin      length       input sections
--------  ----  ----------  ----------   ----------------
.intvecs   0    00000000    00000144     
                  00000000    00000144     msp432_startup_ccs.obj (.intvecs:retain)

.text      0    00000148    0000996a     
                  00000148    0000035e     trcKernelPort.obj (.text:pszTraceGetErrorNotEnoughHandles)
                  000004a6    00000002     --HOLE-- [fill = 0]
                  000004a8    0000035e     queue.obj (.text:xQueueSemaphoreTake)
                  00000806    00000002     --HOLE-- [fill = 0]
                  00000808    00000326     queue.obj (.text:xQueueGenericSend)
                  00000b2e    00000002     --HOLE-- [fill = 0]
                  00000b30    00000312     ff.obj (.text:find_volume)
                  00000e42    00000004     rtsv7M4_T_le_v4SPD16_eabi.lib : pre_init.c.obj (.text:_system_pre_init)
                  00000e46    00000002     --HOLE-- [fill = 0]
                  00000e48    0000030e     queue.obj (.text:xQueueReceive)
                  00001156    00000002     --HOLE-- [fill = 0]
                  00001158    00000286     dataStorage.obj (.text:dataStorage)
                  000013de    00000002     --HOLE-- [fill = 0]
                  000013e0    00000234     ff.obj (.text:f_write)
                  00001614    00000004     rtsv7M4_T_le_v4SPD16_eabi.lib : exit.c.obj (.text:abort:abort)
                  00001618    00000216     pcm.obj (.text:__PCM_setPowerStateAdvanced)
                  0000182e    00000002     --HOLE-- [fill = 0]
                  00001830    000001e6     IntQueue.obj (.text:xSecondTimerHandler)
                  00001a16    00000002     --HOLE-- [fill = 0]
                  00001a18    000001d8     tasks.obj (.text:xTaskIncrementTick)
                  00001bf0    000001d6     ff.obj (.text:f_open)
                  00001dc6    00000002     --HOLE-- [fill = 0]
                  00001dc8    000001d4     trcSnapshotRecorder.obj (.text:prvTraceStoreKernelCallWithParam)
                  00001f9c    00000004     --HOLE-- [fill = 0]
                  00001fa0    000001c8     mmc_MSP432P401r.obj (.text:MMC_disk_ioctl)
                  00002168    000001bc     trcSnapshotRecorder.obj (.text:prvTraceInitTraceData)
                  00002324    00000004     --HOLE-- [fill = 0]
                  00002328    000001aa     houseKeeping.obj (.text:houseKeeping)
                  000024d2    00000006     --HOLE-- [fill = 0]
                  000024d8    000001a9     trcSnapshotRecorder.obj (.text:prvTraceStoreKernelCall)
                  00002681    00000007     --HOLE-- [fill = 0]
                  00002688    0000019e     queue.obj (.text:xQueueGenericSendFromISR)
                  00002826    00000002     --HOLE-- [fill = 0]
                  00002828    0000018f     trcSnapshotRecorder.obj (.text:prvTraceGetDTS)
                  000029b7    00000001     --HOLE-- [fill = 0]
                  000029b8    00000186     cs.obj (.text:CS_getDCOFrequency)
                  00002b3e    00000002     --HOLE-- [fill = 0]
                  00002b40    00000178     mmc_MSP432P401r.obj (.text:MMC_disk_initialize)
                  00002cb8    00000171     trcSnapshotRecorder.obj (.text:prvTraceGetObjectHandle)
                  00002e29    00000007     --HOLE-- [fill = 0]
                  00002e30    0000016e     cs.obj (.text:CS_initClockSignal)
                  00002f9e    00000002     --HOLE-- [fill = 0]
                  00002fa0    0000016e     heap_4.obj (.text:pvPortMalloc)
                  0000310e    00000002     --HOLE-- [fill = 0]
                  00003110    00000160     msp432p4xx_driverlib.lib : adc14.o (.text:_getIndexForMemRegister)
                  00003270    0000015e     queue.obj (.text:xQueueReceiveFromISR)
                  000033ce    00000002     --HOLE-- [fill = 0]
                  000033d0    00000158     port.obj (.text:vPortSuppressTicksAndSleep)
                  00003528    00000152     tasks.obj (.text:prvAddNewTaskToReadyList)
                  0000367a    00000006     --HOLE-- [fill = 0]
                  00003680    0000014a     IntQueue.obj (.text:xFirstTimerHandler)
                  000037ca    00000006     --HOLE-- [fill = 0]
                  000037d0    00000149     trcSnapshotRecorder.obj (.text:prvCheckDataToBeOverwrittenForMultiEntryEvents)
                  00003919    00000007     --HOLE-- [fill = 0]
                  00003920    00000146     tasks.obj (.text:xTaskResumeAll)
                  00003a66    00000002     --HOLE-- [fill = 0]
                  00003a68    0000013c     tasks.obj (.text:vTaskPriorityDisinheritAfterTimeout)
                  00003ba4    00000004     --HOLE-- [fill = 0]
                  00003ba8    00000134     trcKernelPort.obj (.text:vTraceInitObjectHandleStack)
                  00003cdc    00000004     --HOLE-- [fill = 0]
                  00003ce0    0000012e     tasks.obj (.text:vTaskNotifyGiveFromISR)
                  00003e0e    00000002     --HOLE-- [fill = 0]
                  00003e10    0000012c     trcSnapshotRecorder.obj (.text:uiIndexOfObject)
                  00003f3c    00000004     --HOLE-- [fill = 0]
                  00003f40    0000012c     tasks.obj (.text:xTaskPriorityDisinherit)
                  0000406c    00000004     --HOLE-- [fill = 0]
                  00004070    00000128     cs.obj (.text:_CSComputeCLKFrequency)
                  00004198    00000124     pcm.obj (.text:__PCM_setPowerModeAdvanced)
                  000042bc    00000004     --HOLE-- [fill = 0]
                  000042c0    00000122     tasks.obj (.text:xTaskPriorityInherit)
                  000043e2    00000006     --HOLE-- [fill = 0]
                  000043e8    0000011e     tasks.obj (.text:vTaskDelayUntil)
                  00004506    00000002     --HOLE-- [fill = 0]
                  00004508    0000011e     event_groups.obj (.text:xEventGroupWaitBits)
                  00004626    00000002     --HOLE-- [fill = 0]
                  00004628    0000011a     taskManager.obj (.text:taskCreate)
                  00004742    00000006     --HOLE-- [fill = 0]
                  00004748    00000119     trcSnapshotRecorder.obj (.text:prvTraceStoreKernelCallWithNumericParamOnly)
                  00004861    00000007     --HOLE-- [fill = 0]
                  00004868    00000116     trcSnapshotRecorder.obj (.text:prvTraceSetObjectName)
                  0000497e    00000002     --HOLE-- [fill = 0]
                  00004980    00000116     trcKernelPort.obj (.text:vTraceInitObjectPropertyTable)
                  00004a96    00000002     --HOLE-- [fill = 0]
                  00004a98    00000114     ff.obj (.text:create_name)
                  00004bac    00000004     --HOLE-- [fill = 0]
                  00004bb0    0000010c     ff.obj (.text:put_fat)
                  00004cbc    00000004     --HOLE-- [fill = 0]
                  00004cc0    0000010a     timers.obj (.text:prvProcessReceivedCommands)
                  00004dca    00000006     --HOLE-- [fill = 0]
                  00004dd0    00000104     ff.obj (.text:create_chain)
                  00004ed4    00000004     --HOLE-- [fill = 0]
                  00004ed8    00000103     trcSnapshotRecorder.obj (.text:prvTraceStoreTaskReady)
                  00004fdb    00000005     --HOLE-- [fill = 0]
                  00004fe0    000000fc     port.obj (.text:xPortStartScheduler)
                  000050dc    00000004     --HOLE-- [fill = 0]
                  000050e0    000000f4     ff.obj (.text:dir_next)
                  000051d4    00000004     --HOLE-- [fill = 0]
                  000051d8    000000f1     trcSnapshotRecorder.obj (.text:prvTraceStoreTaskswitch)
                  000052c9    00000007     --HOLE-- [fill = 0]
                  000052d0    000000ee     trcSnapshotRecorder.obj (.text:uiTraceStart)
                  000053be    00000002     --HOLE-- [fill = 0]
                  000053c0    000000ee     tasks.obj (.text:vTaskSwitchContext)
                  000054ae    00000002     --HOLE-- [fill = 0]
                  000054b0    000000e4     houseKeeping.obj (.text:adcInit)
                  00005594    00000004     --HOLE-- [fill = 0]
                  00005598    000000e0     trcSnapshotRecorder.obj (.text:prvTraceGetPriorityProperty)
                  00005678    000000da     portasm.obj (.text)
                  00005752    00000006     --HOLE-- [fill = 0]
                  00005758    000000d9     trcSnapshotRecorder.obj (.text:prvTraceSetPriorityProperty)
                  00005831    00000007     --HOLE-- [fill = 0]
                  00005838    000000d6     pcm.obj (.text:__PCM_setCoreVoltageLevelAdvanced)
                  0000590e    00000002     --HOLE-- [fill = 0]
                  00005910    000000d3     trcSnapshotRecorder.obj (.text:prvTraceGetObjectState)
                  000059e3    00000005     --HOLE-- [fill = 0]
                  000059e8    000000d0     trcSnapshotRecorder.obj (.text:prvTraceSetObjectState)
                  00005ab8    000000cc     tasks.obj (.text:xTaskRemoveFromEventList)
                  00005b84    00000004     --HOLE-- [fill = 0]
                  00005b88    000000ca     ff.obj (.text:get_fat)
                  00005c52    00000006     --HOLE-- [fill = 0]
                  00005c58    000000c8     serial.obj (.text:vUART_Handler)
                  00005d20    000000c4     tasks.obj (.text:vTaskRemoveFromUnorderedEventList)
                  00005de4    00000004     --HOLE-- [fill = 0]
                  00005de8    000000c2     mmc_MSP432P401r.obj (.text:MMC_disk_write)
                  00005eaa    00000006     --HOLE-- [fill = 0]
                  00005eb0    000000c0     queue.obj (.text:prvInitialiseNewQueue)
                  00005f70    000000c0     trcSnapshotRecorder.obj (.text:vTraceStoreMemMangEvent)
                  00006030    000000be     ff.obj (.text:dir_sdi)
                  000060ee    00000002     --HOLE-- [fill = 0]
                  000060f0    000000b6     tasks.obj (.text:prvInitialiseNewTask)
                  000061a6    00000002     --HOLE-- [fill = 0]
                  000061a8    000000b6     trcSnapshotRecorder.obj (.text:prvTraceInitCortexM)
                  0000625e    00000002     --HOLE-- [fill = 0]
                  00006260    000000b6     event_groups.obj (.text:xEventGroupSetBits)
                  00006316    000000b0     msp432p4xx_driverlib.lib : spi.o (.text:SPI_initMaster)
                  000063c6    00000002     --HOLE-- [fill = 0]
                  000063c8    000000b0     queue.obj (.text:prvCopyDataToQueue)
                  00006478    000000a8     msp432p4xx_driverlib.lib : adc14.o (.text:ADC14_configureMultiSequenceMode)
                  00006520    000000a6     tasks.obj (.text:prvAddCurrentTaskToDelayedList)
                  000065c6    00000002     --HOLE-- [fill = 0]
                  000065c8    000000a4     msp432p4xx_driverlib.lib : adc14.o (.text:ADC14_configureConversionMemory)
                  0000666c    00000004     --HOLE-- [fill = 0]
                  00006670    000000a4     itoa.obj (.text:itoa)
                  00006714    00000004     --HOLE-- [fill = 0]
                  00006718    000000a4     tasks.obj (.text:vTaskDelay)
                  000067bc    00000004     --HOLE-- [fill = 0]
                  000067c0    000000a4     trcSnapshotRecorder.obj (.text:vTraceEnable)
                  00006864    00000004     --HOLE-- [fill = 0]
                  00006868    0000009c     mmc_MSP432P401r.obj (.text:MMC_disk_read)
                  00006904    0000009c     rtsv7M4_T_le_v4SPD16_eabi.lib : memcpy_t2.asm.obj (.text)
                  000069a0    0000009c     tasks.obj (.text:xTaskCheckForTimeOut)
                  00006a3c    00000004     --HOLE-- [fill = 0]
                  00006a40    0000009a     ff.obj (.text:f_sync)
                  00006ada    00000006     --HOLE-- [fill = 0]
                  00006ae0    00000098     timers.obj (.text:prvSwitchTimerLists)
                  00006b78    00000094     queue.obj (.text:xQueueGenericReset)
                  00006c0c    00000004     --HOLE-- [fill = 0]
                  00006c10    00000092     cs.obj (.text:_CSGetDOCFrequency)
                  00006ca2    00000006     --HOLE-- [fill = 0]
                  00006ca8    00000091     tasks.obj (.text:vTaskStartScheduler)
                  00006d39    00000007     --HOLE-- [fill = 0]
                  00006d40    00000090     trcSnapshotRecorder.obj (.text:prvTraceGetParam)
                  00006dd0    00000090     ff.obj (.text:sync_fs)
                  00006e60    0000008c     heap_4.obj (.text:vPortFree)
                  00006eec    00000004     --HOLE-- [fill = 0]
                  00006ef0    0000008c     tasks.obj (.text:vTaskPlaceOnEventListRestricted)
                  00006f7c    00000004     --HOLE-- [fill = 0]
                  00006f80    0000008a     ff.obj (.text:check_fs)
                  0000700a    00000006     --HOLE-- [fill = 0]
                  00007010    00000086     ff.obj (.text:follow_path)
                  00007096    00000002     --HOLE-- [fill = 0]
                  00007098    00000086     heap_4.obj (.text:prvHeapInit)
                  0000711e    00000002     --HOLE-- [fill = 0]
                  00007120    00000084     tasks.obj (.text:prvInitialiseTaskLists)
                  000071a4    00000004     --HOLE-- [fill = 0]
                  000071a8    00000084     timers.obj (.text:xTimerGenericCommand)
                  0000722c    00000004     --HOLE-- [fill = 0]
                  00007230    00000082     system_msp432p401r.obj (.text:SystemInit)
                  000072b2    00000006     --HOLE-- [fill = 0]
                  000072b8    00000082     tasks.obj (.text:prvIdleTask)
                  0000733a    00000006     --HOLE-- [fill = 0]
                  00007340    00000082     port.obj (.text:vPortSetupTimerInterrupt)
                  000073c2    00000006     --HOLE-- [fill = 0]
                  000073c8    00000080     pcm.obj (.text:PCM_gotoLPM3)
                  00007448    00000080     trcSnapshotRecorder.obj (.text:prvTraceSetTaskInstanceFinished)
                  000074c8    00000080     ff.obj (.text:remove_chain)
                  00007548    0000007e     timers.obj (.text:prvProcessTimerOrBlockTask)
                  000075c6    00000002     --HOLE-- [fill = 0]
                  000075c8    0000007c     msp432p4xx_driverlib.lib : rtc_c.o (.text:RTC_C_getCalendarTime)
                  00007644    00000004     --HOLE-- [fill = 0]
                  00007648    0000007c     queue.obj (.text:xQueueGenericCreate)
                  000076c4    00000004     --HOLE-- [fill = 0]
                  000076c8    0000007a     dataStorage.obj (.text:initSD)
                  00007742    0000007a     rtsv7M4_T_le_v4SPD16_eabi.lib : memset_t2.asm.obj (.text)
                  000077bc    00000078     msp432p4xx_driverlib.lib : adc14.o (.text:ADC14_getMultiSequenceResult)
                  00007834    00000004     --HOLE-- [fill = 0]
                  00007838    00000076     watchDogTask.obj (.text:watchDogTask)
                  000078ae    00000002     --HOLE-- [fill = 0]
                  000078b0    00000072     sysctl.obj (.text:SysCtl_getTLVInfo)
                  00007922    00000006     --HOLE-- [fill = 0]
                  00007928    00000070     mmc_MSP432P401r.obj (.text:send_cmd)
                  00007998    0000006e     heap_4.obj (.text:prvInsertBlockIntoFreeList)
                  00007a06    00000002     --HOLE-- [fill = 0]
                  00007a08    0000006c     timers.obj (.text:prvProcessExpiredTimer)
                  00007a74    00000004     --HOLE-- [fill = 0]
                  00007a78    0000006c     queue.obj (.text:prvUnlockQueue)
                  00007ae4    00000004     --HOLE-- [fill = 0]
                  00007ae8    0000006c     port.obj (.text:vPortValidateInterruptPriority)
                  00007b54    00000068     rtsv7M4_T_le_v4SPD16_eabi.lib : copy_decompress_lzss.c.obj (.text:decompress:lzss:__TI_decompress_lzss)
                  00007bbc    00000004     --HOLE-- [fill = 0]
                  00007bc0    00000068     trcSnapshotRecorder.obj (.text:prvTracePortGetTimeStamp)
                  00007c28    00000068     tasks.obj (.text:xTaskCreate)
                  00007c90    00000067     trcSnapshotRecorder.obj (.text:prvTraceNextFreeEventBufferSlot)
                  00007cf7    00000001     --HOLE-- [fill = 0]
                  00007cf8    00000066     ff.obj (.text:dir_clear)
                  00007d5e    00000002     --HOLE-- [fill = 0]
                  00007d60    00000064     ff.obj (.text:dbc_2nd)
                  00007dc4    00000004     --HOLE-- [fill = 0]
                  00007dc8    00000064     tasks.obj (.text:vTaskPlaceOnUnorderedEventList)
                  00007e2c    00000004     --HOLE-- [fill = 0]
                  00007e30    00000064     timers.obj (.text:xTimerCreateTimerTask)
                  00007e94    00000004     --HOLE-- [fill = 0]
                  00007e98    00000060     timers.obj (.text:prvCheckForValidListAndQueue)
                  00007ef8    00000060     mmc_MSP432P401r.obj (.text:xmit_datablock)
                  00007f58    00000058     tasks.obj (.text:prvCheckTasksWaitingTermination)
                  00007fb0    00000058     main.obj (.text:prvConfigureClocks)
                  00008008    00000058     tasks.obj (.text:prvGetExpectedIdleTime)
                  00008060    00000056     gpio.obj (.text:GPIO_setAsPeripheralModuleFunctionInputPin)
                  000080b6    00000002     --HOLE-- [fill = 0]
                  000080b8    00000056     ff.obj (.text:dir_find)
                  0000810e    00000002     --HOLE-- [fill = 0]
                  00008110    00000056     main.obj (.text:prvSetupHardware)
                  00008166    00000002     --HOLE-- [fill = 0]
                  00008168    00000054     msp432p4xx_driverlib.lib : adc14.o (.text:ADC14_initModule)
                  000081bc    00000004     --HOLE-- [fill = 0]
                  000081c0    00000054     ff.obj (.text:f_mount)
                  00008214    00000004     --HOLE-- [fill = 0]
                  00008218    00000052     pcm.obj (.text:PCM_shutdownDevice)
                  0000826a    00000006     --HOLE-- [fill = 0]
                  00008270    00000052     cs.obj (.text:_CSGetDividerValue)
                  000082c2    00000006     --HOLE-- [fill = 0]
                  000082c8    00000052     houseKeeping.obj (.text:isLowBattery)
                  0000831a    00000006     --HOLE-- [fill = 0]
                  00008320    00000050     pcm.obj (.text:PCM_getCoreVoltageLevel)
                  00008370    00000050     timers.obj (.text:prvInsertTimerInActiveList)
                  000083c0    00000050     mmc_MSP432P401r.obj (.text:rcvr_datablock)
                  00008410    00000050     ttcTask.obj (.text:ttcTask)
                  00008460    0000004e     SPI_Driver.obj (.text:SPI_Init)
                  000084ae    00000002     --HOLE-- [fill = 0]
                  000084b0    0000004e     ff.obj (.text:dir_alloc)
                  000084fe    00000002     --HOLE-- [fill = 0]
                  00008500    0000004c     dataStorage.obj (.text:getLocalTime)
                  0000854c    00000004     --HOLE-- [fill = 0]
                  00008550    0000004a     mmc_MSP432P401r.obj (.text:send_initial_clock_train)
                  0000859a    00000006     --HOLE-- [fill = 0]
                  000085a0    00000048     houseKeeping.obj (.text:getTemperature)
                  000085e8    00000048     ff.obj (.text:sync_window)
                  00008630    00000048     queue.obj (.text:vQueueWaitForMessageRestricted)
                  00008678    00000046     ff.obj (.text:get_ldnumber)
                  000086be    00000002     --HOLE-- [fill = 0]
                  000086c0    00000044     rtsv7M4_T_le_v4SPD16_eabi.lib : autoinit.c.obj (.text:__TI_auto_init_nobinit_nopinit:__TI_auto_init_nobinit_nopinit)
                  00008704    00000004     --HOLE-- [fill = 0]
                  00008708    00000044     ff.obj (.text:dbc_1st)
                  0000874c    00000004     --HOLE-- [fill = 0]
                  00008750    00000044     port.obj (.text:vPortEnterCritical)
                  00008794    00000004     --HOLE-- [fill = 0]
                  00008798    00000040     tasks.obj (.text:eTaskConfirmSleepModeStatus)
                  000087d8    00000040     msp432p4xx_driverlib.lib : spi.o (.text:is_A_Module)
                  00008818    0000003e     trcSnapshotRecorder.obj (.text:prvTraceError)
                  00008856    00000002     --HOLE-- [fill = 0]
                  00008858    0000003e     mmc_MSP432P401r.obj (.text:send_cmd12)
                  00008896    00000002     --HOLE-- [fill = 0]
                  00008898    0000003c     trcSnapshotRecorder.obj (.text:prvTraceUpdateCounters)
                  000088d4    00000004     --HOLE-- [fill = 0]
                  000088d8    0000003c     list.obj (.text:vListInsert)
                  00008914    00000004     --HOLE-- [fill = 0]
                  00008918    0000003c     tasks.obj (.text:vTaskStepTick)
                  00008954    00000004     --HOLE-- [fill = 0]
                  00008958    0000003a     pcm.obj (.text:PCM_getPowerMode)
                  00008992    00000006     --HOLE-- [fill = 0]
                  00008998    0000003a     ff.obj (.text:dir_register)
                  000089d2    00000006     --HOLE-- [fill = 0]
                  000089d8    0000003a     port.obj (.text:prvTaskExitError)
                  00008a12    00000006     --HOLE-- [fill = 0]
                  00008a18    0000003a     ff.obj (.text:validate)
                  00008a52    00000002     --HOLE-- [fill = 0]
                  00008a54    00000038     rtsv7M4_T_le_v4SPD16_eabi.lib : boot_cortex_m.c.obj (.text:_c_int00_noargs:_c_int00_noargs)
                  00008a8c    00000004     --HOLE-- [fill = 0]
                  00008a90    00000038     aodcsTask.obj (.text:aodcsTask)
                  00008ac8    00000038     cameraTask.obj (.text:cameraTask)
                  00008b00    00000038     pptTask.obj (.text:pptTask)
                  00008b38    00000036     flash.obj (.text:FlashCtl_setWaitState)
                  00008b6e    00000002     --HOLE-- [fill = 0]
                  00008b70    00000036     mmc_MSP432P401r.obj (.text:rcvr_spi)
                  00008ba6    00000002     --HOLE-- [fill = 0]
                  00008ba8    00000036     IntQueueTimer.obj (.text:vT32_0_Handler)
                  00008bde    00000002     --HOLE-- [fill = 0]
                  00008be0    00000036     IntQueueTimer.obj (.text:vT32_1_Handler)
                  00008c16    00000002     --HOLE-- [fill = 0]
                  00008c18    00000034     msp432p4xx_driverlib.lib : adc14.o (.text:ADC14_enableSampleTimer)
                  00008c4c    00000004     --HOLE-- [fill = 0]
                  00008c50    00000034     ff.obj (.text:move_window)
                  00008c84    00000004     --HOLE-- [fill = 0]
                  00008c88    00000034     tasks.obj (.text:prvResetNextTaskUnblockTime)
                  00008cbc    00000004     --HOLE-- [fill = 0]
                  00008cc0    00000034     port.obj (.text:vPortExitCritical)
                  00008cf4    00000004     --HOLE-- [fill = 0]
                  00008cf8    00000034     tasks.obj (.text:vTaskPlaceOnEventList)
                  00008d2c    00000004     --HOLE-- [fill = 0]
                  00008d30    00000032     mmc_MSP432P401r.obj (.text:xmit_spi)
                  00008d62    00000002     --HOLE-- [fill = 0]
                  00008d64    00000030     msp432p4xx_driverlib.lib : adc14.o (.text:ADC14_setSampleHoldTime)
                  00008d94    00000004     --HOLE-- [fill = 0]
                  00008d98    0000002e     cs.obj (.text:CS_setDCOCenteredFrequency)
                  00008dc6    00000002     --HOLE-- [fill = 0]
                  00008dc8    0000002e     SPI_Driver.obj (.text:SPI_Read)
                  00008df6    00000002     --HOLE-- [fill = 0]
                  00008df8    0000002e     SPI_Driver.obj (.text:SPI_Write)
                  00008e26    00000002     --HOLE-- [fill = 0]
                  00008e28    0000002e     timers.obj (.text:prvSampleTimeNow)
                  00008e56    00000002     --HOLE-- [fill = 0]
                  00008e58    0000002c     msp432p4xx_driverlib.lib : adc14.o (.text:ADC14_toggleConversionTrigger)
                  00008e84    00000004     --HOLE-- [fill = 0]
                  00008e88    0000002c     gpio.obj (.text:GPIO_setAsInputPinWithPullUpResistor)
                  00008eb4    0000002c     msp432p4xx_driverlib.lib : rtc_c.o (.text:RTC_C_holdClock)
                  00008ee0    0000002c     port.obj (.text:pxPortInitialiseStack)
                  00008f0c    00000004     --HOLE-- [fill = 0]
                  00008f10    0000002c     port.obj (.text:xPortSysTickHandler)
                  00008f3c    00000004     --HOLE-- [fill = 0]
                  00008f40    0000002c     queue.obj (.text:xQueueIsQueueFullFromISR)
                  00008f6c    00000004     --HOLE-- [fill = 0]
                  00008f70    0000002a     cs.obj (.text:CS_clearInterruptFlag)
                  00008f9a    00000006     --HOLE-- [fill = 0]
                  00008fa0    0000002a     sysctl.obj (.text:SysCtl_setWDTTimeoutResetType)
                  00008fca    00000006     --HOLE-- [fill = 0]
                  00008fd0    0000002a     main.obj (.text:main)
                  00008ffa    00000002     --HOLE-- [fill = 0]
                  00008ffc    00000028     msp432p4xx_driverlib.lib : adc14.o (.text:ADC14_enableConversion)
                  00009024    00000004     --HOLE-- [fill = 0]
                  00009028    00000028     GPIO_Driver.obj (.text:GPIO_Init)
                  00009050    00000028     pcm.obj (.text:PCM_gotoLPM0)
                  00009078    00000028     taskManager.obj (.text:queueDataCrete)
                  000090a0    00000028     mmc_MSP432P401r.obj (.text:wait_ready)
                  000090c8    00000026     ff.obj (.text:ld_clust)
                  000090ee    00000002     --HOLE-- [fill = 0]
                  000090f0    00000026     queue.obj (.text:prvCopyDataFromQueue)
                  00009116    00000002     --HOLE-- [fill = 0]
                  00009118    00000026     timers.obj (.text:prvGetNextExpireTime)
                  0000913e    00000002     --HOLE-- [fill = 0]
                  00009140    00000026     list.obj (.text:uxListRemove)
                  00009166    00000002     --HOLE-- [fill = 0]
                  00009168    00000026     trcSnapshotRecorder.obj (.text:vTraceStop)
                  0000918e    00000002     --HOLE-- [fill = 0]
                  00009190    00000024     tasks.obj (.text:xTaskGetSchedulerState)
                  000091b4    00000004     --HOLE-- [fill = 0]
                  000091b8    00000022     CS_Driver.obj (.text:CS_Init)
                  000091da    00000006     --HOLE-- [fill = 0]
                  000091e0    00000022     diskio.obj (.text:disk_read)
                  00009202    00000006     --HOLE-- [fill = 0]
                  00009208    00000022     diskio.obj (.text:disk_write)
                  0000922a    00000006     --HOLE-- [fill = 0]
                  00009230    00000022     ff.obj (.text:st_clust)
                  00009252    00000006     --HOLE-- [fill = 0]
                  00009258    00000020     gpio.obj (.text:GPIO_setAsOutputPin)
                  00009278    00000020     msp432p4xx_driverlib.lib : ref_a.o (.text:REF_A_setReferenceVoltage)
                  00009298    00000020     diskio.obj (.text:disk_ioctl)
                  000092b8    00000020     trcSnapshotRecorder.obj (.text:prvMarkObjectAsUsed)
                  000092d8    00000020     IntQueue.obj (.text:prvRecordValue_NormallyEmpty)
                  000092f8    00000020     IntQueue.obj (.text:prvRecordValue_NormallyFull)
                  00009318    00000020     trcSnapshotRecorder.obj (.text:prvStrncpy)
                  00009338    0000001e     ff.obj (.text:mem_cmp)
                  00009356    00000002     --HOLE-- [fill = 0]
                  00009358    0000001e     queue.obj (.text:prvIsQueueFull)
                  00009376    00000002     --HOLE-- [fill = 0]
                  00009378    0000001e     list.obj (.text:vListInitialise)
                  00009396    00000002     --HOLE-- [fill = 0]
                  00009398    0000001c     msp432p4xx_driverlib.lib : adc14.o (.text:ADC14_getResult)
                  000093b4    00000004     --HOLE-- [fill = 0]
                  000093b8    0000001c     event_groups.obj (.text:prvTestWaitCondition)
                  000093d4    00000004     --HOLE-- [fill = 0]
                  000093d8    0000001a     cs.obj (.text:CS_getMCLK)
                  000093f2    00000006     --HOLE-- [fill = 0]
                  000093f8    0000001a     gpio.obj (.text:GPIO_getInputPinValue)
                  00009412    00000006     --HOLE-- [fill = 0]
                  00009418    0000001a     ff.obj (.text:clst2sect)
                  00009432    00000006     --HOLE-- [fill = 0]
                  00009438    0000001a     queue.obj (.text:prvGetDisinheritPriorityAfterTimeout)
                  00009452    00000006     --HOLE-- [fill = 0]
                  00009458    0000001a     queue.obj (.text:prvIsQueueEmpty)
                  00009472    00000006     --HOLE-- [fill = 0]
                  00009478    0000001a     timers.obj (.text:prvTimerTask)
                  00009492    00000006     --HOLE-- [fill = 0]
                  00009498    0000001a     trcKernelPort.obj (.text:prvTraceSetQueueNumberHigh16)
                  000094b2    00000006     --HOLE-- [fill = 0]
                  000094b8    0000001a     trcKernelPort.obj (.text:prvTraceSetQueueNumberLow16)
                  000094d2    00000006     --HOLE-- [fill = 0]
                  000094d8    0000001a     trcKernelPort.obj (.text:prvTraceSetTaskNumberHigh16)
                  000094f2    00000006     --HOLE-- [fill = 0]
                  000094f8    0000001a     trcKernelPort.obj (.text:prvTraceSetTaskNumberLow16)
                  00009512    00000006     --HOLE-- [fill = 0]
                  00009518    0000001a     tasks.obj (.text:pvTaskIncrementMutexHeldCount)
                  00009532    00000006     --HOLE-- [fill = 0]
                  00009538    0000001a     msp432_startup_ccs.obj (.text:resetISR)
                  00009552    00000006     --HOLE-- [fill = 0]
                  00009558    0000001a     tasks.obj (.text:uxTaskResetEventItemValue)
                  00009572    00000006     --HOLE-- [fill = 0]
                  00009578    0000001a     tasks.obj (.text:vTaskInternalSetTimeOutState)
                  00009592    00000006     --HOLE-- [fill = 0]
                  00009598    0000001a     event_groups.obj (.text:xEventGroupCreate)
                  000095b2    00000006     --HOLE-- [fill = 0]
                  000095b8    00000018     wdt_a.obj (.text:WDT_A_clearTimer)
                  000095d0    00000018     wdt_a.obj (.text:WDT_A_holdTimer)
                  000095e8    00000018     ff.obj (.text:chk_chr)
                  00009600    00000018     diskio.obj (.text:disk_initialize)
                  00009618    00000018     diskio.obj (.text:disk_status)
                  00009630    00000018     IntQueue.obj (.text:prvQueueAccessLogError)
                  00009648    00000018     ff.obj (.text:st_dword)
                  00009660    00000018     list.obj (.text:vListInsertEnd)
                  00009678    00000016     wdt_a.obj (.text:WDT_A_startTimer)
                  0000968e    00000002     --HOLE-- [fill = 0]
                  00009690    00000016     ff.obj (.text:ld_dword)
                  000096a6    00000002     --HOLE-- [fill = 0]
                  000096a8    00000016     ff.obj (.text:mem_cpy)
                  000096be    00000002     --HOLE-- [fill = 0]
                  000096c0    00000016     queue.obj (.text:xQueueCreateMutex)
                  000096d6    00000002     --HOLE-- [fill = 0]
                  000096d8    00000014     gpio.obj (.text:GPIO_clearInterruptFlag)
                  000096ec    00000004     --HOLE-- [fill = 0]
                  000096f0    00000014     gpio.obj (.text:GPIO_enableInterrupt)
                  00009704    00000004     --HOLE-- [fill = 0]
                  00009708    00000014     gpio.obj (.text:GPIO_setOutputHighOnPin)
                  0000971c    00000004     --HOLE-- [fill = 0]
                  00009720    00000014     gpio.obj (.text:GPIO_setOutputLowOnPin)
                  00009734    00000004     --HOLE-- [fill = 0]
                  00009738    00000014     gpio.obj (.text:GPIO_toggleOutputOnPin)
                  0000974c    00000004     --HOLE-- [fill = 0]
                  00009750    00000014     mmc_MSP432P401r.obj (.text:power_on)
                  00009764    00000004     --HOLE-- [fill = 0]
                  00009768    00000014     queue.obj (.text:prvInitialiseMutex)
                  0000977c    00000004     --HOLE-- [fill = 0]
                  00009780    00000012     fpu.obj (.text:FPU_enableModule)
                  00009792    00000006     --HOLE-- [fill = 0]
                  00009798    00000012     GPIO_Driver.obj (.text:GPIO_High)
                  000097aa    00000006     --HOLE-- [fill = 0]
                  000097b0    00000012     GPIO_Driver.obj (.text:GPIO_Low)
                  000097c2    00000006     --HOLE-- [fill = 0]
                  000097c8    00000012     ff.obj (.text:mem_set)
                  000097da    00000006     --HOLE-- [fill = 0]
                  000097e0    00000012     tasks.obj (.text:prvDeleteTCB)
                  000097f2    00000006     --HOLE-- [fill = 0]
                  000097f8    00000012     main.obj (.text:vApplicationMallocFailedHook)
                  0000980a    00000006     --HOLE-- [fill = 0]
                  00009810    00000012     main.obj (.text:vApplicationStackOverflowHook)
                  00009822    00000006     --HOLE-- [fill = 0]
                  00009828    00000012     taskManager.obj (.text:watchDogEventGroupCreate)
                  0000983a    00000002     --HOLE-- [fill = 0]
                  0000983c    00000010     msp432p4xx_driverlib.lib : adc14.o (.text:ADCIsConversionRunning)
                  0000984c    00000004     --HOLE-- [fill = 0]
                  00009850    00000010     interrupt.obj (.text:Interrupt_enableMaster)
                  00009860    00000010     pcm.obj (.text:PCM_gotoLPM4)
                  00009870    00000010     aodcsTask.obj (.text:setWatchDogBit_AODCS)
                  00009880    00000010     cameraTask.obj (.text:setWatchDogBit_CAMERA)
                  00009890    00000010     dataStorage.obj (.text:setWatchDogBit_DATASTORAGE)
                  000098a0    00000010     houseKeeping.obj (.text:setWatchDogBit_HOUSEKEEPING)
                  000098b0    00000010     pptTask.obj (.text:setWatchDogBit_PPT)
                  000098c0    00000010     ttcTask.obj (.text:setWatchDogBit_TTC)
                  000098d0    00000010     tasks.obj (.text:vTaskSuspendAll)
                  000098e0    0000000e     sysctl.obj (.text:SysCtl_getTempCalibrationConstant)
                  000098ee    0000000e     rtsv7M4_T_le_v4SPD16_eabi.lib : copy_decompress_none.c.obj (.text:decompress:none:__TI_decompress_none)
                  000098fc    00000004     --HOLE-- [fill = 0]
                  00009900    0000000e     mmc_MSP432P401r.obj (.text:power_off)
                  0000990e    00000002     --HOLE-- [fill = 0]
                  00009910    0000000e     ff.obj (.text:st_word)
                  0000991e    00000002     --HOLE-- [fill = 0]
                  00009920    0000000e     tasks.obj (.text:vTaskMissedYield)
                  0000992e    00000002     --HOLE-- [fill = 0]
                  00009930    0000000c     msp432p4xx_driverlib.lib : adc14.o (.text:ADC14_enableModule)
                  0000993c    00000004     --HOLE-- [fill = 0]
                  00009940    0000000c     cpu.obj (.text:CPU_cpsie)
                  0000994c    00000004     --HOLE-- [fill = 0]
                  00009950    0000000c     mmc_MSP432P401r.obj (.text:MMC_disk_status)
                  0000995c    00000004     --HOLE-- [fill = 0]
                  00009960    0000000c     pcm.obj (.text:PCM_getPowerState)
                  0000996c    0000000c     msp432p4xx_driverlib.lib : ref_a.o (.text:REF_A_enableReferenceVoltage)
                  00009978    0000000c                              : ref_a.o (.text:REF_A_enableTempSensor)
                  00009984    00000004     --HOLE-- [fill = 0]
                  00009988    0000000c     mmc_MSP432P401r.obj (.text:chk_power)
                  00009994    0000000c     rtsv7M4_T_le_v4SPD16_eabi.lib : copy_zero_init.c.obj (.text:decompress:ZI:__TI_zero_init)
                  000099a0    0000000c     ff.obj (.text:ld_word)
                  000099ac    00000004     --HOLE-- [fill = 0]
                  000099b0    0000000c     trcKernelPort.obj (.text:prvTraceGetQueueNumberHigh16)
                  000099bc    00000004     --HOLE-- [fill = 0]
                  000099c0    0000000c     trcKernelPort.obj (.text:prvTraceGetTaskNumberHigh16)
                  000099cc    00000004     --HOLE-- [fill = 0]
                  000099d0    0000000c     mmc_MSP432P401r.obj (.text:rcvr_spi_m)
                  000099dc    00000004     --HOLE-- [fill = 0]
                  000099e0    0000000c     tasks.obj (.text:xTaskGetCurrentTaskHandle)
                  000099ec    00000004     --HOLE-- [fill = 0]
                  000099f0    0000000c     tasks.obj (.text:xTaskGetTickCount)
                  000099fc    00000004     --HOLE-- [fill = 0]
                  00009a00    0000000a     trcKernelPort.obj (.text:prvTraceGetQueueNumberLow16)
                  00009a0a    00000006     --HOLE-- [fill = 0]
                  00009a10    0000000a     trcKernelPort.obj (.text:prvTraceGetTaskNumberLow16)
                  00009a1a    00000006     --HOLE-- [fill = 0]
                  00009a20    0000000a     tasks.obj (.text:uxTaskGetTaskNumber)
                  00009a2a    00000006     --HOLE-- [fill = 0]
                  00009a30    00000008     pcm.obj (.text:PCM_setCoreVoltageLevel)
                  00009a38    00000008     pcm.obj (.text:PCM_setPowerMode)
                  00009a40    00000008     pcm.obj (.text:PCM_setPowerState)
                  00009a48    00000006     queue.obj (.text:ucQueueGetQueueType)
                  00009a4e    00000002     --HOLE-- [fill = 0]
                  00009a50    00000006     list.obj (.text:vListInitialiseItem)
                  00009a56    00000002     --HOLE-- [fill = 0]
                  00009a58    00000006     tasks.obj (.text:vTaskSetTaskNumber)
                  00009a5e    00000002     --HOLE-- [fill = 0]
                  00009a60    00000004     cpu.obj (.text:CPU_wfi)
                  00009a64    00000004     --HOLE-- [fill = 0]
                  00009a68    00000004     mmc_MSP432P401r.obj (.text:get_fattime)
                  00009a6c    00000004     --HOLE-- [fill = 0]
                  00009a70    00000004     queue.obj (.text:uxQueueGetQueueNumber)
                  00009a74    00000004     --HOLE-- [fill = 0]
                  00009a78    00000004     queue.obj (.text:vQueueSetQueueNumber)
                  00009a7c    00000004     --HOLE-- [fill = 0]
                  00009a80    00000004     trcSnapshotRecorder.obj (.text:vTraceStart)
                  00009a84    00000004     --HOLE-- [fill = 0]
                  00009a88    00000002     msp432_startup_ccs.obj (.text:defaultISR)
                  00009a8a    00000006     --HOLE-- [fill = 0]
                  00009a90    00000002     msp432_startup_ccs.obj (.text:faultISR)
                  00009a92    00000006     --HOLE-- [fill = 0]
                  00009a98    00000002     msp432_startup_ccs.obj (.text:nmiISR)
                  00009a9a    00000006     --HOLE-- [fill = 0]
                  00009aa0    00000002     main.obj (.text:vApplicationIdleHook)
                  00009aa2    00000006     --HOLE-- [fill = 0]
                  00009aa8    00000002     main_blinky.obj (.text:vApplicationTickHook)
                  00009aaa    00000006     --HOLE-- [fill = 0]
                  00009ab0    00000002     main_blinky.obj (.text:vPreSleepProcessing)

.const     0    00009ab4    00000098     
                  00009ab4    00000080     msp432p4xx_driverlib.lib : adc14.o (.const:_ctlRegs)
                  00009b34    0000000a     ff.obj (.const:.string:DbcTbl)
                  00009b3e    00000002     --HOLE-- [fill = 0]
                  00009b40    00000008     port.obj (.const)
                  00009b48    00000004     serial.obj (.const)

.cinit     0    00009b50    00000090     
                  00009b50    00000067     (.cinit..data.load) [load image, compression = lzss]
                  00009bb7    00000001     --HOLE-- [fill = 0]
                  00009bb8    0000000c     (__TI_handler_table)
                  00009bc4    00000004     --HOLE-- [fill = 0]
                  00009bc8    00000008     (.cinit..bss.load) [load image, compression = zero_init]
                  00009bd0    00000010     (__TI_cinit_table)

.init_array 
*          0    00000000    00000000     UNINITIALIZED

.binit     0    00000000    00000000     

.bss       0    20000000    0000e810     UNINITIALIZED
                  20000000    0000c800     heap_4.obj (.bss:ucHeap)
                  2000c800    00001918     (.common:RecorderData)
                  2000e118    00000230     (.common:sdDriver)
                  2000e348    00000228     (.common:file)
                  2000e570    00000106     (.common:obcData)
                  2000e676    00000002     ff.obj (.bss)
                  2000e678    00000064     tasks.obj (.bss:pxReadyTasksLists)
                  2000e6dc    0000003f     (.common:imuData)
                  2000e71b    00000001     (.common:fResult)
                  2000e71c    00000014     timers.obj (.bss:xActiveTimerList1)
                  2000e730    00000014     timers.obj (.bss:xActiveTimerList2)
                  2000e744    00000014     tasks.obj (.bss:xDelayedTaskList1)
                  2000e758    00000014     tasks.obj (.bss:xDelayedTaskList2)
                  2000e76c    00000014     tasks.obj (.bss:xPendingReadyList)
                  2000e780    00000014     tasks.obj (.bss:xSuspendedTaskList)
                  2000e794    00000014     tasks.obj (.bss:xTasksWaitingTermination)
                  2000e7a8    0000000c     houseKeeping.obj (.bss:resultsBuffer)
                  2000e7b4    00000009     mmc_MSP432P401r.obj (.bss)
                  2000e7bd    00000003     --HOLE--
                  2000e7c0    00000008     IntQueue.obj (.bss)
                  2000e7c8    00000008     cs.obj (.bss)
                  2000e7d0    00000008     tasks.obj (.bss)
                  2000e7d8    00000008     timers.obj (.bss)
                  2000e7e0    00000008     heap_4.obj (.bss:xStart)
                  2000e7e8    00000006     (.common:localTime)
                  2000e7ee    00000002     --HOLE--
                  2000e7f0    00000004     ff.obj (.bss:FatFs)
                  2000e7f4    00000004     (.common:WATCHDOG_EVENT_GROUP)
                  2000e7f8    00000004     (.common:bw)
                  2000e7fc    00000004     (.common:cal30)
                  2000e800    00000004     (.common:cal85)
                  2000e804    00000004     (.common:calDifference)
                  2000e808    00000004     (.common:flag_lowBattery)
                  2000e80c    00000004     (.common:init_hwtc_count)

.data      0    2000e810    00000371     UNINITIALIZED
                  2000e810    000000c8     IntQueue.obj (.data:ucNormallyEmptyReceivedValues)
                  2000e8d8    000000c8     IntQueue.obj (.data:ucNormallyFullReceivedValues)
                  2000e9a0    0000008e     trcSnapshotRecorder.obj (.data:objectHandleStacks)
                  2000ea2e    00000002     mmc_MSP432P401r.obj (.data)
                  2000ea30    00000044     trcSnapshotRecorder.obj (.data)
                  2000ea74    0000003c     IntQueue.obj (.data)
                  2000eab0    00000034     tasks.obj (.data)
                  2000eae4    00000030     gpio.obj (.data:GPIO_PORT_TO_BASE)
                  2000eb14    0000001c     dataStorage.obj (.data:SPI0MasterConfig)
                  2000eb30    00000018     port.obj (.data)
                  2000eb48    00000010     heap_4.obj (.data)
                  2000eb58    00000010     serial.obj (.data)
                  2000eb68    0000000c     timers.obj (.data)
                  2000eb74    00000008     taskManager.obj (.data)
                  2000eb7c    00000005     trcKernelPort.obj (.data:TraceQueueClassTable)

.stack     0    2000fce0    00000320     UNINITIALIZED
                  2000fce0    00000004     rtsv7M4_T_le_v4SPD16_eabi.lib : boot_cortex_m.c.obj (.stack)
                  2000fce4    0000031c     --HOLE--

MODULE SUMMARY

       Module                       code    ro data   rw data
       ------                       ----    -------   -------
    .\
       main.obj                     254     0         540    
    +--+----------------------------+-------+---------+---------+
       Total:                       254     0         540    
                                                             
    .\FreeRTOS_Source\
       tasks.obj                    5293    0         520    
       queue.obj                    4254    0         0      
       timers.obj                   1170    0         120    
       event_groups.obj             522     0         0      
       list.obj                     158     0         0      
    +--+----------------------------+-------+---------+---------+
       Total:                       11397   0         640    
                                                             
    .\FreeRTOS_Source\portable\CCS\ARM_CM4F\
       port.obj                     1100    8         48     
       portasm.obj                  218     0         0      
    +--+----------------------------+-------+---------+---------+
       Total:                       1318    8         48     
                                                             
    .\FreeRTOS_Source\portable\MemMang\
       heap_4.obj                   750     0         102448 
    +--+----------------------------+-------+---------+---------+
       Total:                       750     0         102448 
                                                             
    .\Full_Demo\
       serial.obj                   200     4         32     
       IntQueueTimer.obj            108     0         0      
    +--+----------------------------+-------+---------+---------+
       Total:                       308     4         32     
                                                             
    .\Full_Demo\Standard_Demo_Tasks\
       IntQueue.obj                 904     0         936    
    +--+----------------------------+-------+---------+---------+
       Total:                       904     0         936    
                                                             
    .\SimplyBlinkyDemo\
       main_blinky.obj              4       0         0      
    +--+----------------------------+-------+---------+---------+
       Total:                       4       0         0      
                                                             
    .\Tracealyzer\
       trcSnapshotRecorder.obj      6136    0         13276  
       trcKernelPort.obj            1596    0         10     
    +--+----------------------------+-------+---------+---------+
       Total:                       7732    0         13286  
                                                             
    .\driverlib\
       pcm.obj                      1480    0         0      
       cs.obj                       1394    0         16     
       gpio.obj                     288     0         96     
       sysctl.obj                   170     0         0      
       wdt_a.obj                    70      0         0      
       flash.obj                    54      0         0      
       fpu.obj                      18      0         0      
       cpu.obj                      16      0         0      
       interrupt.obj                16      0         0      
    +--+----------------------------+-------+---------+---------+
       Total:                       3506    0         112    
                                                             
    .\src\
       dataStorage.obj              860     0         2428   
       houseKeeping.obj             824     0         32     
       taskManager.obj              340     0         16     
       watchDogTask.obj             118     0         0      
       ttcTask.obj                  96      0         0      
       aodcsTask.obj                72      0         0      
       cameraTask.obj               72      0         0      
       pptTask.obj                  72      0         0      
       sensorTask.obj               0       0         16     
    +--+----------------------------+-------+---------+---------+
       Total:                       2454    0         2492   
                                                             
    .\system\CCS\
       msp432_startup_ccs.obj       32      324       0      
       system_msp432p401r.obj       130     0         0      
    +--+----------------------------+-------+---------+---------+
       Total:                       162     324       0      
                                                             
    .\util\
       itoa.obj                     164     0         0      
    +--+----------------------------+-------+---------+---------+
       Total:                       164     0         0      
                                                             
    .\util\Hardware\
       SPI_Driver.obj               170     0         0      
       GPIO_Driver.obj              76      0         0      
       CS_Driver.obj                34      0         0      
    +--+----------------------------+-------+---------+---------+
       Total:                       280     0         0      
                                                             
    .\util\fatfs\
       ff.obj                       5050    10        12     
       mmc_MSP432P401r.obj          1824    0         22     
       diskio.obj                   148     0         0      
    +--+----------------------------+-------+---------+---------+
       Total:                       7022    10        34     
                                                             
    C:/ti/simplelink_msp432p4_sdk_2_40_00_10/source/ti/devices/msp432p4xx/driverlib/ccs/msp432p4xx_driverlib.lib
       adc14.o                      1128    128       0      
       spi.o                        240     0         0      
       rtc_c.o                      168     0         0      
       ref_a.o                      56      0         0      
    +--+----------------------------+-------+---------+---------+
       Total:                       1592    128       0      
                                                             
    C:\ti\ccsv8\tools\compiler\ti-cgt-arm_18.1.1.LTS\lib\rtsv7M4_T_le_v4SPD16_eabi.lib
       memcpy_t2.asm.obj            156     0         0      
       memset_t2.asm.obj            122     0         0      
       copy_decompress_lzss.c.obj   104     0         0      
       autoinit.c.obj               68      0         0      
       boot_cortex_m.c.obj          56      0         0      
       copy_decompress_none.c.obj   14      0         0      
       copy_zero_init.c.obj         12      0         0      
       exit.c.obj                   4       0         0      
       pre_init.c.obj               4       0         0      
    +--+----------------------------+-------+---------+---------+
       Total:                       540     0         0      
                                                             
       Stack:                       0       0         1600   
       Linker Generated:            0       139       0      
    +--+----------------------------+-------+---------+---------+
       Grand Total:                 38387   613       122168 


LINKER GENERATED COPY TABLES

__TI_cinit_table @ 00009bd0 records: 2, size/record: 8, table size: 16
	.data: load addr=00009b50, load size=00000067 bytes, run addr=2000e810, run size=00000371 bytes, compression=lzss
	.bss: load addr=00009bc8, load size=00000008 bytes, run addr=20000000, run size=0000e810 bytes, compression=zero_init


LINKER GENERATED HANDLER TABLE

__TI_handler_table @ 00009bb8 records: 3, size/record: 4, table size: 12
	index: 0, handler: __TI_decompress_lzss
	index: 1, handler: __TI_decompress_none
	index: 2, handler: __TI_zero_init


GLOBAL SYMBOLS: SORTED ALPHABETICALLY BY Name 

address   name                                       
-------   ----                                       
000065c9  ADC14_configureConversionMemory            
00006479  ADC14_configureMultiSequenceMode           
00008ffd  ADC14_enableConversion                     
00009931  ADC14_enableModule                         
00008c19  ADC14_enableSampleTimer                    
000077bd  ADC14_getMultiSequenceResult               
00009399  ADC14_getResult                            
00008169  ADC14_initModule                           
00008d65  ADC14_setSampleHoldTime                    
00008e59  ADC14_toggleConversionTrigger              
00001615  C$$EXIT                                    
00009941  CPU_cpsie                                  
00009a61  CPU_wfi                                    
000091b9  CS_Init                                    
00008f71  CS_clearInterruptFlag                      
000029b9  CS_getDCOFrequency                         
000093d9  CS_getMCLK                                 
00002e31  CS_initClockSignal                         
00008d99  CS_setDCOCenteredFrequency                 
2000ea5a  CurrentFilterGroup                         
2000ea58  CurrentFilterMask                          
00009781  FPU_enableModule                           
00008b39  FlashCtl_setWaitState                      
00009799  GPIO_High                                  
00009029  GPIO_Init                                  
000097b1  GPIO_Low                                   
000096d9  GPIO_clearInterruptFlag                    
000096f1  GPIO_enableInterrupt                       
000093f9  GPIO_getInputPinValue                      
00008e89  GPIO_setAsInputPinWithPullUpResistor       
00009259  GPIO_setAsOutputPin                        
00008061  GPIO_setAsPeripheralModuleFunctionInputPin 
00009709  GPIO_setOutputHighOnPin                    
00009721  GPIO_setOutputLowOnPin                     
00009739  GPIO_toggleOutputOnPin                     
00009851  Interrupt_enableMaster                     
00002b41  MMC_disk_initialize                        
00001fa1  MMC_disk_ioctl                             
00006869  MMC_disk_read                              
00009951  MMC_disk_status                            
00005de9  MMC_disk_write                             
00008321  PCM_getCoreVoltageLevel                    
00008959  PCM_getPowerMode                           
00009961  PCM_getPowerState                          
00009051  PCM_gotoLPM0                               
000073c9  PCM_gotoLPM3                               
00009861  PCM_gotoLPM4                               
00009a31  PCM_setCoreVoltageLevel                    
00009a39  PCM_setPowerMode                           
00009a41  PCM_setPowerState                          
00008219  PCM_shutdownDevice                         
0000996d  REF_A_enableReferenceVoltage               
00009979  REF_A_enableTempSensor                     
00009279  REF_A_setReferenceVoltage                  
000075c9  RTC_C_getCalendarTime                      
00008eb5  RTC_C_holdClock                            
2000c800  RecorderData                               
2000ea60  RecorderDataPtr                            
2000eb14  SPI0MasterConfig                           
00008461  SPI_Init                                   
00008dc9  SPI_Read                                   
00008df9  SPI_Write                                  
00006317  SPI_initMaster                             
000078b1  SysCtl_getTLVInfo                          
000098e1  SysCtl_getTempCalibrationConstant          
00008fa1  SysCtl_setWDTTimeoutResetType              
00007231  SystemInit                                 
2000eb7c  TraceQueueClassTable                       
2000e7f4  WATCHDOG_EVENT_GROUP                       
4000480c  WDTCTL_SYM                                 
000095b9  WDT_A_clearTimer                           
000095d1  WDT_A_holdTimer                            
00008fa1  WDT_A_setTimeoutReset                      
00009679  WDT_A_startTimer                           
20010000  __STACK_END                                
00000320  __STACK_SIZE                               
00009bd0  __TI_CINIT_Base                            
00009be0  __TI_CINIT_Limit                           
00009bb8  __TI_Handler_Table_Base                    
00009bc4  __TI_Handler_Table_Limit                   
000086c1  __TI_auto_init_nobinit_nopinit             
00007b55  __TI_decompress_lzss                       
000098ef  __TI_decompress_none                       
ffffffff  __TI_pprof_out_hndl                        
ffffffff  __TI_prof_data_size                        
ffffffff  __TI_prof_data_start                       
00000000  __TI_static_base__                         
00009995  __TI_zero_init                             
00007743  __aeabi_memclr                             
00007743  __aeabi_memclr4                            
00007743  __aeabi_memclr8                            
00006905  __aeabi_memcpy                             
00006905  __aeabi_memcpy4                            
00006905  __aeabi_memcpy8                            
00007745  __aeabi_memset                             
00007745  __aeabi_memset4                            
00007745  __aeabi_memset8                            
ffffffff  __binit__                                  
ffffffff  __c_args__                                 
UNDEFED   __mpu_init                                 
2000fce0  __stack                                    
00008a55  _c_int00_noargs                            
UNDEFED   _system_post_cinit                         
00000e43  _system_pre_init                           
00001615  abort                                      
000054b1  adcInit                                    
00008a91  aodcsTask                                  
ffffffff  binit                                      
2000e7f8  bw                                         
2000e7fc  cal30                                      
2000e800  cal85                                      
2000e804  calDifference                              
00008ac9  cameraTask                                 
00001159  dataStorage                                
00009601  disk_initialize                            
00009299  disk_ioctl                                 
000091e1  disk_read                                  
00009619  disk_status                                
00009209  disk_write                                 
00008799  eTaskConfirmSleepModeStatus                
2000e71b  fResult                                    
000081c1  f_mount                                    
00001bf1  f_open                                     
00006a41  f_sync                                     
000013e1  f_write                                    
2000e348  file                                       
2000e808  flag_lowBattery                            
00008501  getLocalTime                               
000085a1  getTemperature                             
00009a69  get_fattime                                
2000ea51  handle_of_last_logged_task                 
00002329  houseKeeping                               
2000e6dc  imuData                                    
000076c9  initSD                                     
2000e80c  init_hwtc_count                            
00000000  interruptVectors                           
000082c9  isLowBattery                               
2000ea30  isPendingContextSwitch                     
00006671  itoa                                       
2000e7e8  localTime                                  
00008fd1  main                                       
00006905  memcpy                                     
0000774b  memset                                     
2000ea50  nISRactive                                 
2000e570  obcData                                    
2000e9a0  objectHandleStacks                         
00008b01  pptTask                                    
000092b9  prvMarkObjectAsUsed                        
00008819  prvTraceError                              
000099e1  prvTraceGetCurrentTaskHandle               
00002cb9  prvTraceGetObjectHandle                    
00005599  prvTraceGetPriorityProperty                
00009a71  prvTraceGetQueueNumber                     
000099b1  prvTraceGetQueueNumberHigh16               
00009a01  prvTraceGetQueueNumberLow16                
00009a49  prvTraceGetQueueType                       
000099c1  prvTraceGetTaskNumberHigh16                
00009a11  prvTraceGetTaskNumberLow16                 
000061a9  prvTraceInitCortexM                        
00007bc1  prvTracePortGetTimeStamp                   
00004869  prvTraceSetObjectName                      
000059e9  prvTraceSetObjectState                     
00005759  prvTraceSetPriorityProperty                
00009499  prvTraceSetQueueNumberHigh16               
000094b9  prvTraceSetQueueNumberLow16                
00007449  prvTraceSetTaskInstanceFinished            
000094d9  prvTraceSetTaskNumberHigh16                
000094f9  prvTraceSetTaskNumberLow16                 
000024d9  prvTraceStoreKernelCall                    
00004749  prvTraceStoreKernelCallWithNumericParamOnly
00001dc9  prvTraceStoreKernelCallWithParam           
00004ed9  prvTraceStoreTaskReady                     
000051d9  prvTraceStoreTaskswitch                    
00000149  pszTraceGetErrorNotEnoughHandles           
00002fa1  pvPortMalloc                               
00009519  pvTaskIncrementMutexHeldCount              
2000eab0  pxCurrentTCB                               
00008ee1  pxPortInitialiseStack                      
00009079  queueDataCrete                             
2000ea44  recorder_busy                              
2000e118  sdDriver                                   
2000eb78  semaphoreIMU                               
00009871  setWatchDogBit_AODCS                       
00009881  setWatchDogBit_CAMERA                      
00009891  setWatchDogBit_DATASTORAGE                 
000098a1  setWatchDogBit_HOUSEKEEPING                
000098b1  setWatchDogBit_PPT                         
000098c1  setWatchDogBit_TTC                         
00004629  taskCreate                                 
2000ea48  timestampFrequency                         
2000ea4c  traceErrorMessage                          
2000ea3c  trace_disable_timestamp                    
00008411  ttcTask                                    
00009a49  ucQueueGetQueueType                        
00003e11  uiIndexOfObject                            
000052d1  uiTraceStart                               
2000ea38  uiTraceTickCount                           
00009b40  ulMaxSyscallInterruptPriority              
00005689  ulPortGetIPSR                              
00009141  uxListRemove                               
00009a71  uxQueueGetQueueNumber                      
00009a21  uxTaskGetTaskNumber                        
00009559  uxTaskResetEventItemValue                  
00009aa1  vApplicationIdleHook                       
000097f9  vApplicationMallocFailedHook               
00009811  vApplicationStackOverflowHook              
00009aa9  vApplicationTickHook                       
00009379  vListInitialise                            
00009a51  vListInitialiseItem                        
000088d9  vListInsert                                
00009661  vListInsertEnd                             
00005745  vPortEnableVFP                             
00008751  vPortEnterCritical                         
00008cc1  vPortExitCritical                          
00006e61  vPortFree                                  
00005701  vPortSVCHandler                            
00007341  vPortSetupTimerInterrupt                   
00005721  vPortStartFirstTask                        
000033d1  vPortSuppressTicksAndSleep                 
00007ae9  vPortValidateInterruptPriority             
00009ab1  vPreSleepProcessing                        
00009a79  vQueueSetQueueNumber                       
00008631  vQueueWaitForMessageRestricted             
00008ba9  vT32_0_Handler                             
00008be1  vT32_1_Handler                             
00006719  vTaskDelay                                 
000043e9  vTaskDelayUntil                            
00009579  vTaskInternalSetTimeOutState               
00009921  vTaskMissedYield                           
00003ce1  vTaskNotifyGiveFromISR                     
00008cf9  vTaskPlaceOnEventList                      
00006ef1  vTaskPlaceOnEventListRestricted            
00007dc9  vTaskPlaceOnUnorderedEventList             
00003a69  vTaskPriorityDisinheritAfterTimeout        
00005d21  vTaskRemoveFromUnorderedEventList          
00009a59  vTaskSetTaskNumber                         
00006ca9  vTaskStartScheduler                        
00008919  vTaskStepTick                              
000098d1  vTaskSuspendAll                            
000053c1  vTaskSwitchContext                         
000067c1  vTraceEnable                               
00003ba9  vTraceInitObjectHandleStack                
00004981  vTraceInitObjectPropertyTable              
00009a81  vTraceStart                                
00009169  vTraceStop                                 
2000ea54  vTraceStopHookPtr                          
00005f71  vTraceStoreMemMangEvent                    
00005c59  vUART_Handler                              
00009829  watchDogEventGroupCreate                   
00007839  watchDogTask                               
00009599  xEventGroupCreate                          
00006261  xEventGroupSetBits                         
00004509  xEventGroupWaitBits                        
00003681  xFirstTimerHandler                         
000056a1  xPortPendSVHandler                         
00004fe1  xPortStartScheduler                        
00008f11  xPortSysTickHandler                        
000096c1  xQueueCreateMutex                          
00007649  xQueueGenericCreate                        
00006b79  xQueueGenericReset                         
00000809  xQueueGenericSend                          
00002689  xQueueGenericSendFromISR                   
2000eb74  xQueueIMU                                  
00008f41  xQueueIsQueueFullFromISR                   
00000e49  xQueueReceive                              
00003271  xQueueReceiveFromISR                       
000004a9  xQueueSemaphoreTake                        
00001831  xSecondTimerHandler                        
000069a1  xTaskCheckForTimeOut                       
00007c29  xTaskCreate                                
000099e1  xTaskGetCurrentTaskHandle                  
00009191  xTaskGetSchedulerState                     
000099f1  xTaskGetTickCount                          
00001a19  xTaskIncrementTick                         
00003f41  xTaskPriorityDisinherit                    
000042c1  xTaskPriorityInherit                       
00005ab9  xTaskRemoveFromEventList                   
00003921  xTaskResumeAll                             
00007e31  xTimerCreateTimerTask                      
000071a9  xTimerGenericCommand                       


GLOBAL SYMBOLS: SORTED BY Symbol Address 

address   name                                       
-------   ----                                       
00000000  __TI_static_base__                         
00000000  interruptVectors                           
00000149  pszTraceGetErrorNotEnoughHandles           
00000320  __STACK_SIZE                               
000004a9  xQueueSemaphoreTake                        
00000809  xQueueGenericSend                          
00000e43  _system_pre_init                           
00000e49  xQueueReceive                              
00001159  dataStorage                                
000013e1  f_write                                    
00001615  C$$EXIT                                    
00001615  abort                                      
00001831  xSecondTimerHandler                        
00001a19  xTaskIncrementTick                         
00001bf1  f_open                                     
00001dc9  prvTraceStoreKernelCallWithParam           
00001fa1  MMC_disk_ioctl                             
00002329  houseKeeping                               
000024d9  prvTraceStoreKernelCall                    
00002689  xQueueGenericSendFromISR                   
000029b9  CS_getDCOFrequency                         
00002b41  MMC_disk_initialize                        
00002cb9  prvTraceGetObjectHandle                    
00002e31  CS_initClockSignal                         
00002fa1  pvPortMalloc                               
00003271  xQueueReceiveFromISR                       
000033d1  vPortSuppressTicksAndSleep                 
00003681  xFirstTimerHandler                         
00003921  xTaskResumeAll                             
00003a69  vTaskPriorityDisinheritAfterTimeout        
00003ba9  vTraceInitObjectHandleStack                
00003ce1  vTaskNotifyGiveFromISR                     
00003e11  uiIndexOfObject                            
00003f41  xTaskPriorityDisinherit                    
000042c1  xTaskPriorityInherit                       
000043e9  vTaskDelayUntil                            
00004509  xEventGroupWaitBits                        
00004629  taskCreate                                 
00004749  prvTraceStoreKernelCallWithNumericParamOnly
00004869  prvTraceSetObjectName                      
00004981  vTraceInitObjectPropertyTable              
00004ed9  prvTraceStoreTaskReady                     
00004fe1  xPortStartScheduler                        
000051d9  prvTraceStoreTaskswitch                    
000052d1  uiTraceStart                               
000053c1  vTaskSwitchContext                         
000054b1  adcInit                                    
00005599  prvTraceGetPriorityProperty                
00005689  ulPortGetIPSR                              
000056a1  xPortPendSVHandler                         
00005701  vPortSVCHandler                            
00005721  vPortStartFirstTask                        
00005745  vPortEnableVFP                             
00005759  prvTraceSetPriorityProperty                
000059e9  prvTraceSetObjectState                     
00005ab9  xTaskRemoveFromEventList                   
00005c59  vUART_Handler                              
00005d21  vTaskRemoveFromUnorderedEventList          
00005de9  MMC_disk_write                             
00005f71  vTraceStoreMemMangEvent                    
000061a9  prvTraceInitCortexM                        
00006261  xEventGroupSetBits                         
00006317  SPI_initMaster                             
00006479  ADC14_configureMultiSequenceMode           
000065c9  ADC14_configureConversionMemory            
00006671  itoa                                       
00006719  vTaskDelay                                 
000067c1  vTraceEnable                               
00006869  MMC_disk_read                              
00006905  __aeabi_memcpy                             
00006905  __aeabi_memcpy4                            
00006905  __aeabi_memcpy8                            
00006905  memcpy                                     
000069a1  xTaskCheckForTimeOut                       
00006a41  f_sync                                     
00006b79  xQueueGenericReset                         
00006ca9  vTaskStartScheduler                        
00006e61  vPortFree                                  
00006ef1  vTaskPlaceOnEventListRestricted            
000071a9  xTimerGenericCommand                       
00007231  SystemInit                                 
00007341  vPortSetupTimerInterrupt                   
000073c9  PCM_gotoLPM3                               
00007449  prvTraceSetTaskInstanceFinished            
000075c9  RTC_C_getCalendarTime                      
00007649  xQueueGenericCreate                        
000076c9  initSD                                     
00007743  __aeabi_memclr                             
00007743  __aeabi_memclr4                            
00007743  __aeabi_memclr8                            
00007745  __aeabi_memset                             
00007745  __aeabi_memset4                            
00007745  __aeabi_memset8                            
0000774b  memset                                     
000077bd  ADC14_getMultiSequenceResult               
00007839  watchDogTask                               
000078b1  SysCtl_getTLVInfo                          
00007ae9  vPortValidateInterruptPriority             
00007b55  __TI_decompress_lzss                       
00007bc1  prvTracePortGetTimeStamp                   
00007c29  xTaskCreate                                
00007dc9  vTaskPlaceOnUnorderedEventList             
00007e31  xTimerCreateTimerTask                      
00008061  GPIO_setAsPeripheralModuleFunctionInputPin 
00008169  ADC14_initModule                           
000081c1  f_mount                                    
00008219  PCM_shutdownDevice                         
000082c9  isLowBattery                               
00008321  PCM_getCoreVoltageLevel                    
00008411  ttcTask                                    
00008461  SPI_Init                                   
00008501  getLocalTime                               
000085a1  getTemperature                             
00008631  vQueueWaitForMessageRestricted             
000086c1  __TI_auto_init_nobinit_nopinit             
00008751  vPortEnterCritical                         
00008799  eTaskConfirmSleepModeStatus                
00008819  prvTraceError                              
000088d9  vListInsert                                
00008919  vTaskStepTick                              
00008959  PCM_getPowerMode                           
00008a55  _c_int00_noargs                            
00008a91  aodcsTask                                  
00008ac9  cameraTask                                 
00008b01  pptTask                                    
00008b39  FlashCtl_setWaitState                      
00008ba9  vT32_0_Handler                             
00008be1  vT32_1_Handler                             
00008c19  ADC14_enableSampleTimer                    
00008cc1  vPortExitCritical                          
00008cf9  vTaskPlaceOnEventList                      
00008d65  ADC14_setSampleHoldTime                    
00008d99  CS_setDCOCenteredFrequency                 
00008dc9  SPI_Read                                   
00008df9  SPI_Write                                  
00008e59  ADC14_toggleConversionTrigger              
00008e89  GPIO_setAsInputPinWithPullUpResistor       
00008eb5  RTC_C_holdClock                            
00008ee1  pxPortInitialiseStack                      
00008f11  xPortSysTickHandler                        
00008f41  xQueueIsQueueFullFromISR                   
00008f71  CS_clearInterruptFlag                      
00008fa1  SysCtl_setWDTTimeoutResetType              
00008fa1  WDT_A_setTimeoutReset                      
00008fd1  main                                       
00008ffd  ADC14_enableConversion                     
00009029  GPIO_Init                                  
00009051  PCM_gotoLPM0                               
00009079  queueDataCrete                             
00009141  uxListRemove                               
00009169  vTraceStop                                 
00009191  xTaskGetSchedulerState                     
000091b9  CS_Init                                    
000091e1  disk_read                                  
00009209  disk_write                                 
00009259  GPIO_setAsOutputPin                        
00009279  REF_A_setReferenceVoltage                  
00009299  disk_ioctl                                 
000092b9  prvMarkObjectAsUsed                        
00009379  vListInitialise                            
00009399  ADC14_getResult                            
000093d9  CS_getMCLK                                 
000093f9  GPIO_getInputPinValue                      
00009499  prvTraceSetQueueNumberHigh16               
000094b9  prvTraceSetQueueNumberLow16                
000094d9  prvTraceSetTaskNumberHigh16                
000094f9  prvTraceSetTaskNumberLow16                 
00009519  pvTaskIncrementMutexHeldCount              
00009559  uxTaskResetEventItemValue                  
00009579  vTaskInternalSetTimeOutState               
00009599  xEventGroupCreate                          
000095b9  WDT_A_clearTimer                           
000095d1  WDT_A_holdTimer                            
00009601  disk_initialize                            
00009619  disk_status                                
00009661  vListInsertEnd                             
00009679  WDT_A_startTimer                           
000096c1  xQueueCreateMutex                          
000096d9  GPIO_clearInterruptFlag                    
000096f1  GPIO_enableInterrupt                       
00009709  GPIO_setOutputHighOnPin                    
00009721  GPIO_setOutputLowOnPin                     
00009739  GPIO_toggleOutputOnPin                     
00009781  FPU_enableModule                           
00009799  GPIO_High                                  
000097b1  GPIO_Low                                   
000097f9  vApplicationMallocFailedHook               
00009811  vApplicationStackOverflowHook              
00009829  watchDogEventGroupCreate                   
00009851  Interrupt_enableMaster                     
00009861  PCM_gotoLPM4                               
00009871  setWatchDogBit_AODCS                       
00009881  setWatchDogBit_CAMERA                      
00009891  setWatchDogBit_DATASTORAGE                 
000098a1  setWatchDogBit_HOUSEKEEPING                
000098b1  setWatchDogBit_PPT                         
000098c1  setWatchDogBit_TTC                         
000098d1  vTaskSuspendAll                            
000098e1  SysCtl_getTempCalibrationConstant          
000098ef  __TI_decompress_none                       
00009921  vTaskMissedYield                           
00009931  ADC14_enableModule                         
00009941  CPU_cpsie                                  
00009951  MMC_disk_status                            
00009961  PCM_getPowerState                          
0000996d  REF_A_enableReferenceVoltage               
00009979  REF_A_enableTempSensor                     
00009995  __TI_zero_init                             
000099b1  prvTraceGetQueueNumberHigh16               
000099c1  prvTraceGetTaskNumberHigh16                
000099e1  prvTraceGetCurrentTaskHandle               
000099e1  xTaskGetCurrentTaskHandle                  
000099f1  xTaskGetTickCount                          
00009a01  prvTraceGetQueueNumberLow16                
00009a11  prvTraceGetTaskNumberLow16                 
00009a21  uxTaskGetTaskNumber                        
00009a31  PCM_setCoreVoltageLevel                    
00009a39  PCM_setPowerMode                           
00009a41  PCM_setPowerState                          
00009a49  prvTraceGetQueueType                       
00009a49  ucQueueGetQueueType                        
00009a51  vListInitialiseItem                        
00009a59  vTaskSetTaskNumber                         
00009a61  CPU_wfi                                    
00009a69  get_fattime                                
00009a71  prvTraceGetQueueNumber                     
00009a71  uxQueueGetQueueNumber                      
00009a79  vQueueSetQueueNumber                       
00009a81  vTraceStart                                
00009aa1  vApplicationIdleHook                       
00009aa9  vApplicationTickHook                       
00009ab1  vPreSleepProcessing                        
00009b40  ulMaxSyscallInterruptPriority              
00009bb8  __TI_Handler_Table_Base                    
00009bc4  __TI_Handler_Table_Limit                   
00009bd0  __TI_CINIT_Base                            
00009be0  __TI_CINIT_Limit                           
2000c800  RecorderData                               
2000e118  sdDriver                                   
2000e348  file                                       
2000e570  obcData                                    
2000e6dc  imuData                                    
2000e71b  fResult                                    
2000e7e8  localTime                                  
2000e7f4  WATCHDOG_EVENT_GROUP                       
2000e7f8  bw                                         
2000e7fc  cal30                                      
2000e800  cal85                                      
2000e804  calDifference                              
2000e808  flag_lowBattery                            
2000e80c  init_hwtc_count                            
2000e9a0  objectHandleStacks                         
2000ea30  isPendingContextSwitch                     
2000ea38  uiTraceTickCount                           
2000ea3c  trace_disable_timestamp                    
2000ea44  recorder_busy                              
2000ea48  timestampFrequency                         
2000ea4c  traceErrorMessage                          
2000ea50  nISRactive                                 
2000ea51  handle_of_last_logged_task                 
2000ea54  vTraceStopHookPtr                          
2000ea58  CurrentFilterMask                          
2000ea5a  CurrentFilterGroup                         
2000ea60  RecorderDataPtr                            
2000eab0  pxCurrentTCB                               
2000eb14  SPI0MasterConfig                           
2000eb74  xQueueIMU                                  
2000eb78  semaphoreIMU                               
2000eb7c  TraceQueueClassTable                       
2000fce0  __stack                                    
20010000  __STACK_END                                
4000480c  WDTCTL_SYM                                 
ffffffff  __TI_pprof_out_hndl                        
ffffffff  __TI_prof_data_size                        
ffffffff  __TI_prof_data_start                       
ffffffff  __binit__                                  
ffffffff  __c_args__                                 
ffffffff  binit                                      
UNDEFED   __mpu_init                                 
UNDEFED   _system_post_cinit                         

[280 symbols]
