******************************************************************************
                  TI ARM Linker PC v18.1.1                     
******************************************************************************
>> Linked Mon Jun 24 22:04:08 2019

OUTPUT FILE NAME:   <Firmware_OBC.out>
ENTRY POINT SYMBOL: "_c_int00_noargs"  address: 000091b5


MEMORY CONFIGURATION

         name            origin    length      used     unused   attr    fill
----------------------  --------  ---------  --------  --------  ----  --------
  MAIN                  00000000   0003f000  0000a14a  00034eb6  R  X
  MYDATA                0003f000   00001000  00000000  00001000  R  X
  INFO                  00200000   00004000  00000000  00004000  R  X
  SRAM_CODE             01000000   00010000  0000fe1f  000001e1  RW X
  SRAM_DATA             20000000   00010000  0000fe1f  000001e1  RW  


SEGMENT ALLOCATION MAP

run origin  load origin   length   init length attrs members
----------  ----------- ---------- ----------- ----- -------
00000000    00000000    0000a150   0000a150    r-x
  00000000    00000000    00000144   00000144    r-- .intvecs
  00000148    00000148    00009ec2   00009ec2    r-x .text
  0000a00c    0000a00c    000000ac   000000ac    r-- .const
  0000a0b8    0000a0b8    00000098   00000098    r-- .cinit
20000000    20000000    0000faff   00000000    rw-
  20000000    20000000    0000f77c   00000000    rw- .bss
  2000f77c    2000f77c    00000383   00000000    rw- .data
2000fce0    2000fce0    00000320   00000000    rw-
  2000fce0    2000fce0    00000320   00000000    rw- .stack


SECTION ALLOCATION MAP

 output                                  attributes/
section   page    origin      length       input sections
--------  ----  ----------  ----------   ----------------
.intvecs   0    00000000    00000144     
                  00000000    00000144     msp432_startup_ccs.obj (.intvecs:retain)

.text      0    00000148    00009ec2     
                  00000148    00000466     dataStorage.obj (.text:dataStorage)
                  000005ae    00000002     --HOLE-- [fill = 0]
                  000005b0    0000035e     trcKernelPort.obj (.text:pszTraceGetErrorNotEnoughHandles)
                  0000090e    00000002     --HOLE-- [fill = 0]
                  00000910    0000035e     queue.obj (.text:xQueueSemaphoreTake)
                  00000c6e    00000002     --HOLE-- [fill = 0]
                  00000c70    00000326     queue.obj (.text:xQueueGenericSend)
                  00000f96    00000002     --HOLE-- [fill = 0]
                  00000f98    00000312     ff.obj (.text:find_volume)
                  000012aa    00000004     rtsv7M4_T_le_v4SPD16_eabi.lib : pre_init.c.obj (.text:_system_pre_init)
                  000012ae    00000002     --HOLE-- [fill = 0]
                  000012b0    0000030e     queue.obj (.text:xQueueReceive)
                  000015be    00000002     --HOLE-- [fill = 0]
                  000015c0    00000234     ff.obj (.text:f_write)
                  000017f4    00000004     rtsv7M4_T_le_v4SPD16_eabi.lib : exit.c.obj (.text:abort:abort)
                  000017f8    000001f4     houseKeeping.obj (.text:houseKeeping)
                  000019ec    00000004     --HOLE-- [fill = 0]
                  000019f0    000001e6     IntQueue.obj (.text:xSecondTimerHandler)
                  00001bd6    00000002     --HOLE-- [fill = 0]
                  00001bd8    000001d8     tasks.obj (.text:xTaskIncrementTick)
                  00001db0    000001d6     ff.obj (.text:f_open)
                  00001f86    00000002     --HOLE-- [fill = 0]
                  00001f88    000001d4     trcSnapshotRecorder.obj (.text:prvTraceStoreKernelCallWithParam)
                  0000215c    00000004     --HOLE-- [fill = 0]
                  00002160    000001c8     mmc_MSP432P401r.obj (.text:MMC_disk_ioctl)
                  00002328    000001bc     trcSnapshotRecorder.obj (.text:prvTraceInitTraceData)
                  000024e4    00000004     --HOLE-- [fill = 0]
                  000024e8    000001a9     trcSnapshotRecorder.obj (.text:prvTraceStoreKernelCall)
                  00002691    00000007     --HOLE-- [fill = 0]
                  00002698    0000019e     queue.obj (.text:xQueueGenericSendFromISR)
                  00002836    00000002     --HOLE-- [fill = 0]
                  00002838    0000018f     trcSnapshotRecorder.obj (.text:prvTraceGetDTS)
                  000029c7    00000001     --HOLE-- [fill = 0]
                  000029c8    00000186     cs.obj (.text:CS_getDCOFrequency)
                  00002b4e    00000002     --HOLE-- [fill = 0]
                  00002b50    00000178     mmc_MSP432P401r.obj (.text:MMC_disk_initialize)
                  00002cc8    00000171     trcSnapshotRecorder.obj (.text:prvTraceGetObjectHandle)
                  00002e39    00000007     --HOLE-- [fill = 0]
                  00002e40    0000016e     cs.obj (.text:CS_initClockSignal)
                  00002fae    00000002     --HOLE-- [fill = 0]
                  00002fb0    0000016e     heap_4.obj (.text:pvPortMalloc)
                  0000311e    00000002     --HOLE-- [fill = 0]
                  00003120    00000160     msp432p4xx_driverlib.lib : adc14.o (.text:_getIndexForMemRegister)
                  00003280    00000160     port.obj (.text:vPortSuppressTicksAndSleep)
                  000033e0    0000015e     queue.obj (.text:xQueueReceiveFromISR)
                  0000353e    00000002     --HOLE-- [fill = 0]
                  00003540    00000152     tasks.obj (.text:prvAddNewTaskToReadyList)
                  00003692    00000006     --HOLE-- [fill = 0]
                  00003698    0000014e     MPU9250.obj (.text:readI2C)
                  000037e6    00000002     --HOLE-- [fill = 0]
                  000037e8    0000014a     IntQueue.obj (.text:xFirstTimerHandler)
                  00003932    00000006     --HOLE-- [fill = 0]
                  00003938    00000149     trcSnapshotRecorder.obj (.text:prvCheckDataToBeOverwrittenForMultiEntryEvents)
                  00003a81    00000007     --HOLE-- [fill = 0]
                  00003a88    00000149     taskManager.obj (.text:prvTaskCreate)
                  00003bd1    00000007     --HOLE-- [fill = 0]
                  00003bd8    00000146     tasks.obj (.text:xTaskResumeAll)
                  00003d1e    00000002     --HOLE-- [fill = 0]
                  00003d20    00000145     taskManager.obj (.text:updateBatteryLevel)
                  00003e65    00000003     --HOLE-- [fill = 0]
                  00003e68    0000013c     tasks.obj (.text:vTaskPriorityDisinheritAfterTimeout)
                  00003fa4    00000004     --HOLE-- [fill = 0]
                  00003fa8    0000013c     tasks.obj (.text:vTaskSuspend)
                  000040e4    00000004     --HOLE-- [fill = 0]
                  000040e8    00000134     trcKernelPort.obj (.text:vTraceInitObjectHandleStack)
                  0000421c    00000004     --HOLE-- [fill = 0]
                  00004220    0000012e     tasks.obj (.text:vTaskNotifyGiveFromISR)
                  0000434e    00000002     --HOLE-- [fill = 0]
                  00004350    0000012c     trcSnapshotRecorder.obj (.text:uiIndexOfObject)
                  0000447c    00000004     --HOLE-- [fill = 0]
                  00004480    0000012c     tasks.obj (.text:xTaskPriorityDisinherit)
                  000045ac    00000004     --HOLE-- [fill = 0]
                  000045b0    00000128     cs.obj (.text:_CSComputeCLKFrequency)
                  000046d8    00000122     tasks.obj (.text:xTaskPriorityInherit)
                  000047fa    00000006     --HOLE-- [fill = 0]
                  00004800    0000011e     tasks.obj (.text:vTaskDelayUntil)
                  0000491e    00000002     --HOLE-- [fill = 0]
                  00004920    0000011e     event_groups.obj (.text:xEventGroupWaitBits)
                  00004a3e    00000002     --HOLE-- [fill = 0]
                  00004a40    00000119     trcSnapshotRecorder.obj (.text:prvTraceStoreKernelCallWithNumericParamOnly)
                  00004b59    00000007     --HOLE-- [fill = 0]
                  00004b60    00000116     trcSnapshotRecorder.obj (.text:prvTraceSetObjectName)
                  00004c76    00000002     --HOLE-- [fill = 0]
                  00004c78    00000116     trcKernelPort.obj (.text:vTraceInitObjectPropertyTable)
                  00004d8e    00000002     --HOLE-- [fill = 0]
                  00004d90    00000114     ff.obj (.text:create_name)
                  00004ea4    00000004     --HOLE-- [fill = 0]
                  00004ea8    0000010e     houseKeeping.obj (.text:adcInit)
                  00004fb6    00000002     --HOLE-- [fill = 0]
                  00004fb8    0000010c     ff.obj (.text:put_fat)
                  000050c4    00000004     --HOLE-- [fill = 0]
                  000050c8    0000010a     timers.obj (.text:prvProcessReceivedCommands)
                  000051d2    00000006     --HOLE-- [fill = 0]
                  000051d8    00000104     ff.obj (.text:create_chain)
                  000052dc    00000004     --HOLE-- [fill = 0]
                  000052e0    00000103     trcSnapshotRecorder.obj (.text:prvTraceStoreTaskReady)
                  000053e3    00000005     --HOLE-- [fill = 0]
                  000053e8    000000fc     port.obj (.text:xPortStartScheduler)
                  000054e4    00000004     --HOLE-- [fill = 0]
                  000054e8    000000f4     ff.obj (.text:dir_next)
                  000055dc    00000004     --HOLE-- [fill = 0]
                  000055e0    000000f1     trcSnapshotRecorder.obj (.text:prvTraceStoreTaskswitch)
                  000056d1    00000007     --HOLE-- [fill = 0]
                  000056d8    000000ee     trcSnapshotRecorder.obj (.text:uiTraceStart)
                  000057c6    00000002     --HOLE-- [fill = 0]
                  000057c8    000000ee     tasks.obj (.text:vTaskSwitchContext)
                  000058b6    00000002     --HOLE-- [fill = 0]
                  000058b8    000000e4     tasks.obj (.text:vTaskResume)
                  0000599c    00000004     --HOLE-- [fill = 0]
                  000059a0    000000e0     trcSnapshotRecorder.obj (.text:prvTraceGetPriorityProperty)
                  00005a80    000000de     MPU9250.obj (.text:writeI2C)
                  00005b5e    00000002     --HOLE-- [fill = 0]
                  00005b60    000000da     portasm.obj (.text)
                  00005c3a    00000006     --HOLE-- [fill = 0]
                  00005c40    000000d9     trcSnapshotRecorder.obj (.text:prvTraceSetPriorityProperty)
                  00005d19    00000007     --HOLE-- [fill = 0]
                  00005d20    000000d3     trcSnapshotRecorder.obj (.text:prvTraceGetObjectState)
                  00005df3    00000005     --HOLE-- [fill = 0]
                  00005df8    000000d0     trcSnapshotRecorder.obj (.text:prvTraceSetObjectState)
                  00005ec8    000000cc     tasks.obj (.text:xTaskRemoveFromEventList)
                  00005f94    00000004     --HOLE-- [fill = 0]
                  00005f98    000000ca     ff.obj (.text:get_fat)
                  00006062    00000006     --HOLE-- [fill = 0]
                  00006068    000000c8     serial.obj (.text:vUART_Handler)
                  00006130    000000c6     MPU9250.obj (.text:getMotion6)
                  000061f6    00000002     --HOLE-- [fill = 0]
                  000061f8    000000c4     tasks.obj (.text:vTaskRemoveFromUnorderedEventList)
                  000062bc    00000004     --HOLE-- [fill = 0]
                  000062c0    000000c2     mmc_MSP432P401r.obj (.text:MMC_disk_write)
                  00006382    00000006     --HOLE-- [fill = 0]
                  00006388    000000c2     taskManager.obj (.text:prvSuspendAllTasks)
                  0000644a    00000006     --HOLE-- [fill = 0]
                  00006450    000000c0     queue.obj (.text:prvInitialiseNewQueue)
                  00006510    000000c0     trcSnapshotRecorder.obj (.text:vTraceStoreMemMangEvent)
                  000065d0    000000be     ff.obj (.text:dir_sdi)
                  0000668e    00000002     --HOLE-- [fill = 0]
                  00006690    000000b6     tasks.obj (.text:prvInitialiseNewTask)
                  00006746    00000002     --HOLE-- [fill = 0]
                  00006748    000000b6     trcSnapshotRecorder.obj (.text:prvTraceInitCortexM)
                  000067fe    00000002     --HOLE-- [fill = 0]
                  00006800    000000b6     event_groups.obj (.text:xEventGroupSetBits)
                  000068b6    000000b0     msp432p4xx_driverlib.lib : spi.o (.text:SPI_initMaster)
                  00006966    00000002     --HOLE-- [fill = 0]
                  00006968    000000b0     queue.obj (.text:prvCopyDataToQueue)
                  00006a18    000000a6     tasks.obj (.text:prvAddCurrentTaskToDelayedList)
                  00006abe    00000002     --HOLE-- [fill = 0]
                  00006ac0    000000a4     itoa.obj (.text:itoa)
                  00006b64    00000004     --HOLE-- [fill = 0]
                  00006b68    000000a4     tasks.obj (.text:vTaskDelay)
                  00006c0c    00000004     --HOLE-- [fill = 0]
                  00006c10    000000a4     trcSnapshotRecorder.obj (.text:vTraceEnable)
                  00006cb4    00000004     --HOLE-- [fill = 0]
                  00006cb8    0000009c     mmc_MSP432P401r.obj (.text:MMC_disk_read)
                  00006d54    0000009c     rtsv7M4_T_le_v4SPD16_eabi.lib : memcpy_t2.asm.obj (.text)
                  00006df0    0000009c     tasks.obj (.text:xTaskCheckForTimeOut)
                  00006e8c    00000004     --HOLE-- [fill = 0]
                  00006e90    0000009a     ff.obj (.text:f_sync)
                  00006f2a    00000006     --HOLE-- [fill = 0]
                  00006f30    00000098     timers.obj (.text:prvSwitchTimerLists)
                  00006fc8    00000094     queue.obj (.text:xQueueGenericReset)
                  0000705c    00000004     --HOLE-- [fill = 0]
                  00007060    00000092     cs.obj (.text:_CSGetDOCFrequency)
                  000070f2    00000006     --HOLE-- [fill = 0]
                  000070f8    00000092     watchDogTask.obj (.text:watchDogTask)
                  0000718a    00000006     --HOLE-- [fill = 0]
                  00007190    00000091     tasks.obj (.text:vTaskStartScheduler)
                  00007221    00000007     --HOLE-- [fill = 0]
                  00007228    00000090     trcSnapshotRecorder.obj (.text:prvTraceGetParam)
                  000072b8    00000090     ff.obj (.text:sync_fs)
                  00007348    00000090     taskManager.obj (.text:taskManager)
                  000073d8    0000008c     heap_4.obj (.text:vPortFree)
                  00007464    00000004     --HOLE-- [fill = 0]
                  00007468    0000008c     tasks.obj (.text:vTaskPlaceOnEventListRestricted)
                  000074f4    00000004     --HOLE-- [fill = 0]
                  000074f8    0000008a     ff.obj (.text:check_fs)
                  00007582    00000006     --HOLE-- [fill = 0]
                  00007588    00000086     ff.obj (.text:follow_path)
                  0000760e    00000002     --HOLE-- [fill = 0]
                  00007610    00000086     heap_4.obj (.text:prvHeapInit)
                  00007696    00000002     --HOLE-- [fill = 0]
                  00007698    00000084     tasks.obj (.text:prvInitialiseTaskLists)
                  0000771c    00000004     --HOLE-- [fill = 0]
                  00007720    00000084     timers.obj (.text:xTimerGenericCommand)
                  000077a4    00000004     --HOLE-- [fill = 0]
                  000077a8    00000082     system_msp432p401r.obj (.text:SystemInit)
                  0000782a    00000006     --HOLE-- [fill = 0]
                  00007830    00000082     tasks.obj (.text:prvIdleTask)
                  000078b2    00000006     --HOLE-- [fill = 0]
                  000078b8    00000082     port.obj (.text:vPortSetupTimerInterrupt)
                  0000793a    00000006     --HOLE-- [fill = 0]
                  00007940    00000080     trcSnapshotRecorder.obj (.text:prvTraceSetTaskInstanceFinished)
                  000079c0    00000080     ff.obj (.text:remove_chain)
                  00007a40    0000007e     dataStorage.obj (.text:initSD)
                  00007abe    00000002     --HOLE-- [fill = 0]
                  00007ac0    0000007e     timers.obj (.text:prvProcessTimerOrBlockTask)
                  00007b3e    00000002     --HOLE-- [fill = 0]
                  00007b40    0000007c     msp432p4xx_driverlib.lib : rtc_c.o (.text:RTC_C_getCalendarTime)
                  00007bbc    00000004     --HOLE-- [fill = 0]
                  00007bc0    0000007c     main.obj (.text:prvSetupHardware)
                  00007c3c    00000004     --HOLE-- [fill = 0]
                  00007c40    0000007c     queue.obj (.text:xQueueGenericCreate)
                  00007cbc    0000007a     rtsv7M4_T_le_v4SPD16_eabi.lib : memset_t2.asm.obj (.text)
                  00007d36    00000002     --HOLE-- [fill = 0]
                  00007d38    00000078     msp432p4xx_driverlib.lib : adc14.o (.text:ADC14_getMultiSequenceResult)
                  00007db0    00000074     taskManager.obj (.text:prvResumeAllTasks)
                  00007e24    00000004     --HOLE-- [fill = 0]
                  00007e28    00000072     sysctl.obj (.text:SysCtl_getTLVInfo)
                  00007e9a    00000006     --HOLE-- [fill = 0]
                  00007ea0    00000070     mmc_MSP432P401r.obj (.text:send_cmd)
                  00007f10    0000006e     main.obj (.text:prvConfigureClocks)
                  00007f7e    00000002     --HOLE-- [fill = 0]
                  00007f80    0000006e     heap_4.obj (.text:prvInsertBlockIntoFreeList)
                  00007fee    00000002     --HOLE-- [fill = 0]
                  00007ff0    0000006e     MPU9250.obj (.text:writeBits)
                  0000805e    00000002     --HOLE-- [fill = 0]
                  00008060    0000006c     timers.obj (.text:prvProcessExpiredTimer)
                  000080cc    00000004     --HOLE-- [fill = 0]
                  000080d0    0000006c     queue.obj (.text:prvUnlockQueue)
                  0000813c    00000004     --HOLE-- [fill = 0]
                  00008140    0000006c     port.obj (.text:vPortValidateInterruptPriority)
                  000081ac    00000068     msp432p4xx_driverlib.lib : i2c.o (.text:I2C_masterSendMultiByteStart)
                  00008214    00000068     rtsv7M4_T_le_v4SPD16_eabi.lib : copy_decompress_lzss.c.obj (.text:decompress:lzss:__TI_decompress_lzss)
                  0000827c    00000004     --HOLE-- [fill = 0]
                  00008280    00000068     trcSnapshotRecorder.obj (.text:prvTracePortGetTimeStamp)
                  000082e8    00000068     tasks.obj (.text:xTaskCreate)
                  00008350    00000067     trcSnapshotRecorder.obj (.text:prvTraceNextFreeEventBufferSlot)
                  000083b7    00000001     --HOLE-- [fill = 0]
                  000083b8    00000066     ff.obj (.text:dir_clear)
                  0000841e    00000002     --HOLE-- [fill = 0]
                  00008420    00000064     ff.obj (.text:dbc_2nd)
                  00008484    00000004     --HOLE-- [fill = 0]
                  00008488    00000064     tasks.obj (.text:vTaskPlaceOnUnorderedEventList)
                  000084ec    00000004     --HOLE-- [fill = 0]
                  000084f0    00000064     timers.obj (.text:xTimerCreateTimerTask)
                  00008554    00000004     --HOLE-- [fill = 0]
                  00008558    00000060     timers.obj (.text:prvCheckForValidListAndQueue)
                  000085b8    00000060     mmc_MSP432P401r.obj (.text:xmit_datablock)
                  00008618    0000005c     ttcTask.obj (.text:ttcTask)
                  00008674    00000004     --HOLE-- [fill = 0]
                  00008678    00000058     tasks.obj (.text:prvCheckTasksWaitingTermination)
                  000086d0    00000058     tasks.obj (.text:prvGetExpectedIdleTime)
                  00008728    00000056     gpio.obj (.text:GPIO_setAsPeripheralModuleFunctionInputPin)
                  0000877e    00000002     --HOLE-- [fill = 0]
                  00008780    00000056     ff.obj (.text:dir_find)
                  000087d6    00000002     --HOLE-- [fill = 0]
                  000087d8    00000056     main.obj (.text:vPreSleepProcessing)
                  0000882e    00000002     --HOLE-- [fill = 0]
                  00008830    00000054     ff.obj (.text:f_mount)
                  00008884    00000004     --HOLE-- [fill = 0]
                  00008888    00000054     houseKeeping.obj (.text:getTemperature)
                  000088dc    00000004     --HOLE-- [fill = 0]
                  000088e0    00000054     taskManager.obj (.text:setOperationMode)
                  00008934    00000004     --HOLE-- [fill = 0]
                  00008938    00000054     MPU9250.obj (.text:writeBit)
                  0000898c    00000004     --HOLE-- [fill = 0]
                  00008990    00000052     cs.obj (.text:_CSGetDividerValue)
                  000089e2    00000006     --HOLE-- [fill = 0]
                  000089e8    00000050     timers.obj (.text:prvInsertTimerInActiveList)
                  00008a38    00000050     mmc_MSP432P401r.obj (.text:rcvr_datablock)
                  00008a88    0000004e     gpio.obj (.text:GPIO_setAsPeripheralModuleFunctionOutputPin)
                  00008ad6    00000002     --HOLE-- [fill = 0]
                  00008ad8    0000004e     SPI_Driver.obj (.text:SPI_Init)
                  00008b26    00000002     --HOLE-- [fill = 0]
                  00008b28    0000004e     ff.obj (.text:dir_alloc)
                  00008b76    00000002     --HOLE-- [fill = 0]
                  00008b78    0000004c     dataStorage.obj (.text:getLocalTime)
                  00008bc4    00000004     --HOLE-- [fill = 0]
                  00008bc8    0000004c     taskManager.obj (.text:prvQueueDataCreate)
                  00008c14    00000004     --HOLE-- [fill = 0]
                  00008c18    0000004a     main.obj (.text:main)
                  00008c62    00000006     --HOLE-- [fill = 0]
                  00008c68    0000004a     mmc_MSP432P401r.obj (.text:send_initial_clock_train)
                  00008cb2    00000006     --HOLE-- [fill = 0]
                  00008cb8    00000048     ff.obj (.text:sync_window)
                  00008d00    00000048     queue.obj (.text:vQueueWaitForMessageRestricted)
                  00008d48    00000046     ff.obj (.text:get_ldnumber)
                  00008d8e    00000002     --HOLE-- [fill = 0]
                  00008d90    00000044     rtsv7M4_T_le_v4SPD16_eabi.lib : autoinit.c.obj (.text:__TI_auto_init_nobinit_nopinit:__TI_auto_init_nobinit_nopinit)
                  00008dd4    00000004     --HOLE-- [fill = 0]
                  00008dd8    00000044     ff.obj (.text:dbc_1st)
                  00008e1c    00000004     --HOLE-- [fill = 0]
                  00008e20    00000044     MPU9250.obj (.text:initI2C)
                  00008e64    00000004     --HOLE-- [fill = 0]
                  00008e68    00000044     tasks.obj (.text:prvTaskIsTaskSuspended)
                  00008eac    00000004     --HOLE-- [fill = 0]
                  00008eb0    00000044     port.obj (.text:vPortEnterCritical)
                  00008ef4    00000004     --HOLE-- [fill = 0]
                  00008ef8    00000040     tasks.obj (.text:eTaskConfirmSleepModeStatus)
                  00008f38    00000040     msp432p4xx_driverlib.lib : spi.o (.text:is_A_Module)
                  00008f78    0000003e     trcSnapshotRecorder.obj (.text:prvTraceError)
                  00008fb6    00000002     --HOLE-- [fill = 0]
                  00008fb8    0000003e     mmc_MSP432P401r.obj (.text:send_cmd12)
                  00008ff6    00000002     --HOLE-- [fill = 0]
                  00008ff8    0000003c     trcSnapshotRecorder.obj (.text:prvTraceUpdateCounters)
                  00009034    00000004     --HOLE-- [fill = 0]
                  00009038    0000003c     list.obj (.text:vListInsert)
                  00009074    00000004     --HOLE-- [fill = 0]
                  00009078    0000003c     tasks.obj (.text:vTaskStepTick)
                  000090b4    00000004     --HOLE-- [fill = 0]
                  000090b8    0000003a     ff.obj (.text:dir_register)
                  000090f2    00000006     --HOLE-- [fill = 0]
                  000090f8    0000003a     port.obj (.text:prvTaskExitError)
                  00009132    00000006     --HOLE-- [fill = 0]
                  00009138    0000003a     main.obj (.text:vPostSleepProcessing)
                  00009172    00000006     --HOLE-- [fill = 0]
                  00009178    0000003a     ff.obj (.text:validate)
                  000091b2    00000002     --HOLE-- [fill = 0]
                  000091b4    00000038     rtsv7M4_T_le_v4SPD16_eabi.lib : boot_cortex_m.c.obj (.text:_c_int00_noargs:_c_int00_noargs)
                  000091ec    00000004     --HOLE-- [fill = 0]
                  000091f0    00000038     aodcsTask.obj (.text:aodcsTask)
                  00009228    00000038     cameraTask.obj (.text:cameraTask)
                  00009260    00000038     pptTask.obj (.text:pptTask)
                  00009298    00000036     taskManager.obj (.text:hibernate)
                  000092ce    00000002     --HOLE-- [fill = 0]
                  000092d0    00000036     mmc_MSP432P401r.obj (.text:rcvr_spi)
                  00009306    00000002     --HOLE-- [fill = 0]
                  00009308    00000036     IntQueueTimer.obj (.text:vT32_0_Handler)
                  0000933e    00000002     --HOLE-- [fill = 0]
                  00009340    00000036     IntQueueTimer.obj (.text:vT32_1_Handler)
                  00009376    00000002     --HOLE-- [fill = 0]
                  00009378    00000034     ff.obj (.text:move_window)
                  000093ac    00000004     --HOLE-- [fill = 0]
                  000093b0    00000034     tasks.obj (.text:prvResetNextTaskUnblockTime)
                  000093e4    00000004     --HOLE-- [fill = 0]
                  000093e8    00000034     port.obj (.text:vPortExitCritical)
                  0000941c    00000004     --HOLE-- [fill = 0]
                  00009420    00000034     tasks.obj (.text:vTaskPlaceOnEventList)
                  00009454    00000004     --HOLE-- [fill = 0]
                  00009458    00000032     mmc_MSP432P401r.obj (.text:xmit_spi)
                  0000948a    00000006     --HOLE-- [fill = 0]
                  00009490    0000002e     cs.obj (.text:CS_setDCOCenteredFrequency)
                  000094be    00000002     --HOLE-- [fill = 0]
                  000094c0    0000002e     SPI_Driver.obj (.text:SPI_Read)
                  000094ee    00000002     --HOLE-- [fill = 0]
                  000094f0    0000002e     SPI_Driver.obj (.text:SPI_Write)
                  0000951e    00000002     --HOLE-- [fill = 0]
                  00009520    0000002e     timers.obj (.text:prvSampleTimeNow)
                  0000954e    00000002     --HOLE-- [fill = 0]
                  00009550    0000002c     gpio.obj (.text:GPIO_setAsInputPinWithPullUpResistor)
                  0000957c    00000004     --HOLE-- [fill = 0]
                  00009580    0000002c     port.obj (.text:pxPortInitialiseStack)
                  000095ac    00000004     --HOLE-- [fill = 0]
                  000095b0    0000002c     port.obj (.text:xPortSysTickHandler)
                  000095dc    00000004     --HOLE-- [fill = 0]
                  000095e0    0000002c     queue.obj (.text:xQueueIsQueueFullFromISR)
                  0000960c    00000004     --HOLE-- [fill = 0]
                  00009610    0000002a     cs.obj (.text:CS_clearInterruptFlag)
                  0000963a    00000006     --HOLE-- [fill = 0]
                  00009640    0000002a     sysctl.obj (.text:SysCtl_setWDTTimeoutResetType)
                  0000966a    00000006     --HOLE-- [fill = 0]
                  00009670    0000002a     main.obj (.text:configWakeUpPin)
                  0000969a    00000006     --HOLE-- [fill = 0]
                  000096a0    00000028     GPIO_Driver.obj (.text:GPIO_Init)
                  000096c8    00000028     mmc_MSP432P401r.obj (.text:wait_ready)
                  000096f0    00000026     ff.obj (.text:ld_clust)
                  00009716    00000002     --HOLE-- [fill = 0]
                  00009718    00000026     queue.obj (.text:prvCopyDataFromQueue)
                  0000973e    00000002     --HOLE-- [fill = 0]
                  00009740    00000026     timers.obj (.text:prvGetNextExpireTime)
                  00009766    00000002     --HOLE-- [fill = 0]
                  00009768    00000026     list.obj (.text:uxListRemove)
                  0000978e    00000002     --HOLE-- [fill = 0]
                  00009790    00000026     trcSnapshotRecorder.obj (.text:vTraceStop)
                  000097b6    00000002     --HOLE-- [fill = 0]
                  000097b8    00000024     tasks.obj (.text:xTaskGetSchedulerState)
                  000097dc    00000004     --HOLE-- [fill = 0]
                  000097e0    00000022     diskio.obj (.text:disk_read)
                  00009802    00000006     --HOLE-- [fill = 0]
                  00009808    00000022     diskio.obj (.text:disk_write)
                  0000982a    00000006     --HOLE-- [fill = 0]
                  00009830    00000022     main.obj (.text:prvCalendarConfiguration)
                  00009852    00000006     --HOLE-- [fill = 0]
                  00009858    00000022     ff.obj (.text:st_clust)
                  0000987a    00000006     --HOLE-- [fill = 0]
                  00009880    00000020     gpio.obj (.text:GPIO_setAsOutputPin)
                  000098a0    00000020     MPU9250.obj (.text:MPU9250_initialize)
                  000098c0    00000020     diskio.obj (.text:disk_ioctl)
                  000098e0    00000020     trcSnapshotRecorder.obj (.text:prvMarkObjectAsUsed)
                  00009900    00000020     IntQueue.obj (.text:prvRecordValue_NormallyEmpty)
                  00009920    00000020     IntQueue.obj (.text:prvRecordValue_NormallyFull)
                  00009940    00000020     trcSnapshotRecorder.obj (.text:prvStrncpy)
                  00009960    0000001e     ff.obj (.text:mem_cmp)
                  0000997e    00000002     --HOLE-- [fill = 0]
                  00009980    0000001e     queue.obj (.text:prvIsQueueFull)
                  0000999e    00000002     --HOLE-- [fill = 0]
                  000099a0    0000001e     list.obj (.text:vListInitialise)
                  000099be    00000002     --HOLE-- [fill = 0]
                  000099c0    0000001c     msp432p4xx_driverlib.lib : adc14.o (.text:ADC14_getResult)
                  000099dc    00000004     --HOLE-- [fill = 0]
                  000099e0    0000001c     event_groups.obj (.text:prvTestWaitCondition)
                  000099fc    00000004     --HOLE-- [fill = 0]
                  00009a00    0000001a     cs.obj (.text:CS_getMCLK)
                  00009a1a    00000006     --HOLE-- [fill = 0]
                  00009a20    0000001a     ff.obj (.text:clst2sect)
                  00009a3a    00000006     --HOLE-- [fill = 0]
                  00009a40    0000001a     queue.obj (.text:prvGetDisinheritPriorityAfterTimeout)
                  00009a5a    00000006     --HOLE-- [fill = 0]
                  00009a60    0000001a     queue.obj (.text:prvIsQueueEmpty)
                  00009a7a    00000006     --HOLE-- [fill = 0]
                  00009a80    0000001a     timers.obj (.text:prvTimerTask)
                  00009a9a    00000006     --HOLE-- [fill = 0]
                  00009aa0    0000001a     trcKernelPort.obj (.text:prvTraceSetQueueNumberHigh16)
                  00009aba    00000006     --HOLE-- [fill = 0]
                  00009ac0    0000001a     trcKernelPort.obj (.text:prvTraceSetQueueNumberLow16)
                  00009ada    00000006     --HOLE-- [fill = 0]
                  00009ae0    0000001a     trcKernelPort.obj (.text:prvTraceSetTaskNumberHigh16)
                  00009afa    00000006     --HOLE-- [fill = 0]
                  00009b00    0000001a     trcKernelPort.obj (.text:prvTraceSetTaskNumberLow16)
                  00009b1a    00000006     --HOLE-- [fill = 0]
                  00009b20    0000001a     tasks.obj (.text:pvTaskIncrementMutexHeldCount)
                  00009b3a    00000006     --HOLE-- [fill = 0]
                  00009b40    0000001a     msp432_startup_ccs.obj (.text:resetISR)
                  00009b5a    00000006     --HOLE-- [fill = 0]
                  00009b60    0000001a     tasks.obj (.text:uxTaskResetEventItemValue)
                  00009b7a    00000006     --HOLE-- [fill = 0]
                  00009b80    0000001a     tasks.obj (.text:vTaskInternalSetTimeOutState)
                  00009b9a    00000006     --HOLE-- [fill = 0]
                  00009ba0    0000001a     event_groups.obj (.text:xEventGroupCreate)
                  00009bba    00000006     --HOLE-- [fill = 0]
                  00009bc0    00000018     ff.obj (.text:chk_chr)
                  00009bd8    00000018     diskio.obj (.text:disk_initialize)
                  00009bf0    00000018     diskio.obj (.text:disk_status)
                  00009c08    00000018     IntQueue.obj (.text:prvQueueAccessLogError)
                  00009c20    00000018     ff.obj (.text:st_dword)
                  00009c38    00000018     list.obj (.text:vListInsertEnd)
                  00009c50    00000016     MPU9250.obj (.text:MPU9250_getMotion9)
                  00009c66    00000002     --HOLE-- [fill = 0]
                  00009c68    00000016     ff.obj (.text:ld_dword)
                  00009c7e    00000002     --HOLE-- [fill = 0]
                  00009c80    00000016     ff.obj (.text:mem_cpy)
                  00009c96    00000002     --HOLE-- [fill = 0]
                  00009c98    00000016     queue.obj (.text:xQueueCreateMutex)
                  00009cae    00000002     --HOLE-- [fill = 0]
                  00009cb0    00000014     gpio.obj (.text:GPIO_clearInterruptFlag)
                  00009cc4    00000004     --HOLE-- [fill = 0]
                  00009cc8    00000014     gpio.obj (.text:GPIO_enableInterrupt)
                  00009cdc    00000004     --HOLE-- [fill = 0]
                  00009ce0    00000014     gpio.obj (.text:GPIO_setOutputLowOnPin)
                  00009cf4    00000004     --HOLE-- [fill = 0]
                  00009cf8    00000014     gpio.obj (.text:GPIO_toggleOutputOnPin)
                  00009d0c    00000004     --HOLE-- [fill = 0]
                  00009d10    00000014     mmc_MSP432P401r.obj (.text:power_on)
                  00009d24    00000004     --HOLE-- [fill = 0]
                  00009d28    00000014     queue.obj (.text:prvInitialiseMutex)
                  00009d3c    00000004     --HOLE-- [fill = 0]
                  00009d40    00000012     GPIO_Driver.obj (.text:GPIO_High)
                  00009d52    00000006     --HOLE-- [fill = 0]
                  00009d58    00000012     GPIO_Driver.obj (.text:GPIO_Low)
                  00009d6a    00000006     --HOLE-- [fill = 0]
                  00009d70    00000012     ff.obj (.text:mem_set)
                  00009d82    00000006     --HOLE-- [fill = 0]
                  00009d88    00000012     tasks.obj (.text:prvDeleteTCB)
                  00009d9a    00000006     --HOLE-- [fill = 0]
                  00009da0    00000012     taskManager.obj (.text:prvWatchDogEventGroupCreate)
                  00009db2    00000006     --HOLE-- [fill = 0]
                  00009db8    00000012     main.obj (.text:vApplicationIdleHook)
                  00009dca    00000006     --HOLE-- [fill = 0]
                  00009dd0    00000012     main.obj (.text:vApplicationMallocFailedHook)
                  00009de2    00000006     --HOLE-- [fill = 0]
                  00009de8    00000012     main.obj (.text:vApplicationStackOverflowHook)
                  00009dfa    00000006     --HOLE-- [fill = 0]
                  00009e00    00000010     aodcsTask.obj (.text:setWatchDogBit_AODCS)
                  00009e10    00000010     cameraTask.obj (.text:setWatchDogBit_CAMERA)
                  00009e20    00000010     dataStorage.obj (.text:setWatchDogBit_DATASTORAGE)
                  00009e30    00000010     houseKeeping.obj (.text:setWatchDogBit_HOUSEKEEPING)
                  00009e40    00000010     pptTask.obj (.text:setWatchDogBit_PPT)
                  00009e50    00000010     ttcTask.obj (.text:setWatchDogBit_TTC)
                  00009e60    00000010     tasks.obj (.text:vTaskSuspendAll)
                  00009e70    0000000e     sysctl.obj (.text:SysCtl_getTempCalibrationConstant)
                  00009e7e    0000000e     rtsv7M4_T_le_v4SPD16_eabi.lib : copy_decompress_none.c.obj (.text:decompress:none:__TI_decompress_none)
                  00009e8c    00000004     --HOLE-- [fill = 0]
                  00009e90    0000000e     mmc_MSP432P401r.obj (.text:power_off)
                  00009e9e    00000002     --HOLE-- [fill = 0]
                  00009ea0    0000000e     ff.obj (.text:st_word)
                  00009eae    00000002     --HOLE-- [fill = 0]
                  00009eb0    0000000e     tasks.obj (.text:vTaskMissedYield)
                  00009ebe    00000002     --HOLE-- [fill = 0]
                  00009ec0    0000000c     mmc_MSP432P401r.obj (.text:MMC_disk_status)
                  00009ecc    00000004     --HOLE-- [fill = 0]
                  00009ed0    0000000c     MPU9250.obj (.text:MPU9250_setClockSource)
                  00009edc    00000004     --HOLE-- [fill = 0]
                  00009ee0    0000000c     mmc_MSP432P401r.obj (.text:chk_power)
                  00009eec    0000000c     rtsv7M4_T_le_v4SPD16_eabi.lib : copy_zero_init.c.obj (.text:decompress:ZI:__TI_zero_init)
                  00009ef8    0000000c     ff.obj (.text:ld_word)
                  00009f04    00000004     --HOLE-- [fill = 0]
                  00009f08    0000000c     trcKernelPort.obj (.text:prvTraceGetQueueNumberHigh16)
                  00009f14    00000004     --HOLE-- [fill = 0]
                  00009f18    0000000c     trcKernelPort.obj (.text:prvTraceGetTaskNumberHigh16)
                  00009f24    00000004     --HOLE-- [fill = 0]
                  00009f28    0000000c     mmc_MSP432P401r.obj (.text:rcvr_spi_m)
                  00009f34    00000004     --HOLE-- [fill = 0]
                  00009f38    0000000c     MPU9250.obj (.text:setFullScaleAccelRange)
                  00009f44    00000004     --HOLE-- [fill = 0]
                  00009f48    0000000c     MPU9250.obj (.text:setFullScaleGyroRange)
                  00009f54    00000004     --HOLE-- [fill = 0]
                  00009f58    0000000c     tasks.obj (.text:xTaskGetCurrentTaskHandle)
                  00009f64    00000004     --HOLE-- [fill = 0]
                  00009f68    0000000c     tasks.obj (.text:xTaskGetTickCount)
                  00009f74    00000004     --HOLE-- [fill = 0]
                  00009f78    0000000a     trcKernelPort.obj (.text:prvTraceGetQueueNumberLow16)
                  00009f82    00000006     --HOLE-- [fill = 0]
                  00009f88    0000000a     trcKernelPort.obj (.text:prvTraceGetTaskNumberLow16)
                  00009f92    00000006     --HOLE-- [fill = 0]
                  00009f98    0000000a     MPU9250.obj (.text:setSleepEnabled)
                  00009fa2    00000006     --HOLE-- [fill = 0]
                  00009fa8    0000000a     tasks.obj (.text:uxTaskGetTaskNumber)
                  00009fb2    00000006     --HOLE-- [fill = 0]
                  00009fb8    00000006     queue.obj (.text:ucQueueGetQueueType)
                  00009fbe    00000002     --HOLE-- [fill = 0]
                  00009fc0    00000006     list.obj (.text:vListInitialiseItem)
                  00009fc6    00000002     --HOLE-- [fill = 0]
                  00009fc8    00000006     tasks.obj (.text:vTaskSetTaskNumber)
                  00009fce    00000002     --HOLE-- [fill = 0]
                  00009fd0    00000004     mmc_MSP432P401r.obj (.text:get_fattime)
                  00009fd4    00000004     --HOLE-- [fill = 0]
                  00009fd8    00000004     queue.obj (.text:uxQueueGetQueueNumber)
                  00009fdc    00000004     --HOLE-- [fill = 0]
                  00009fe0    00000004     queue.obj (.text:vQueueSetQueueNumber)
                  00009fe4    00000004     --HOLE-- [fill = 0]
                  00009fe8    00000004     trcSnapshotRecorder.obj (.text:vTraceStart)
                  00009fec    00000004     --HOLE-- [fill = 0]
                  00009ff0    00000002     msp432_startup_ccs.obj (.text:defaultISR)
                  00009ff2    00000006     --HOLE-- [fill = 0]
                  00009ff8    00000002     msp432_startup_ccs.obj (.text:faultISR)
                  00009ffa    00000006     --HOLE-- [fill = 0]
                  0000a000    00000002     msp432_startup_ccs.obj (.text:nmiISR)
                  0000a002    00000006     --HOLE-- [fill = 0]
                  0000a008    00000002     main_blinky.obj (.text:vApplicationTickHook)

.const     0    0000a00c    000000ac     
                  0000a00c    00000080     msp432p4xx_driverlib.lib : adc14.o (.const:_ctlRegs)
                  0000a08c    00000014     MPU9250.obj (.const:i2cConfig)
                  0000a0a0    0000000a     ff.obj (.const:.string:DbcTbl)
                  0000a0aa    00000002     --HOLE-- [fill = 0]
                  0000a0ac    00000008     port.obj (.const)
                  0000a0b4    00000004     serial.obj (.const)

.cinit     0    0000a0b8    00000098     
                  0000a0b8    00000071     (.cinit..data.load) [load image, compression = lzss]
                  0000a129    00000003     --HOLE-- [fill = 0]
                  0000a12c    0000000c     (__TI_handler_table)
                  0000a138    00000008     (.cinit..bss.load) [load image, compression = zero_init]
                  0000a140    00000010     (__TI_cinit_table)

.init_array 
*          0    00000000    00000000     UNINITIALIZED

.binit     0    00000000    00000000     

.bss       0    20000000    0000f77c     UNINITIALIZED
                  20000000    0000c800     heap_4.obj (.bss:ucHeap)
                  2000c800    000028b8     (.common:RecorderData)
                  2000f0b8    00000230     (.common:sdDriver)
                  2000f2e8    00000228     (.common:file)
                  2000f510    00000084     (.common:obcData)
                  2000f594    00000064     tasks.obj (.bss:pxReadyTasksLists)
                  2000f5f8    0000003f     (.common:imuData)
                  2000f637    00000001     (.common:fResult)
                  2000f638    0000001c     main.obj (.bss:calendarConfig)
                  2000f654    00000014     timers.obj (.bss:xActiveTimerList1)
                  2000f668    00000014     timers.obj (.bss:xActiveTimerList2)
                  2000f67c    00000014     tasks.obj (.bss:xDelayedTaskList1)
                  2000f690    00000014     tasks.obj (.bss:xDelayedTaskList2)
                  2000f6a4    00000014     tasks.obj (.bss:xPendingReadyList)
                  2000f6b8    00000014     tasks.obj (.bss:xSuspendedTaskList)
                  2000f6cc    00000014     tasks.obj (.bss:xTasksWaitingTermination)
                  2000f6e0    00000010     (.common:bufferIMU)
                  2000f6f0    0000000c     (.common:resultsBuffer)
                  2000f6fc    00000009     mmc_MSP432P401r.obj (.bss)
                  2000f705    00000001     --HOLE--
                  2000f706    00000002     ff.obj (.bss)
                  2000f708    00000008     IntQueue.obj (.bss)
                  2000f710    00000008     cs.obj (.bss)
                  2000f718    00000008     tasks.obj (.bss)
                  2000f720    00000008     timers.obj (.bss)
                  2000f728    00000008     heap_4.obj (.bss:xStart)
                  2000f730    00000008     (.common:buffer)
                  2000f738    00000006     (.common:localTime)
                  2000f73e    00000002     (.common:cal30)
                  2000f740    00000004     ff.obj (.bss:FatFs)
                  2000f744    00000004     (.common:WATCHDOG_EVENT_GROUP)
                  2000f748    00000004     (.common:bw)
                  2000f74c    00000004     (.common:clock)
                  2000f750    00000004     (.common:flag_lowBattery)
                  2000f754    00000004     (.common:flag_systemMode)
                  2000f758    00000004     (.common:init_hwtc_count)
                  2000f75c    00000004     (.common:taskHandlerAodcs)
                  2000f760    00000004     (.common:taskHandlerCamera)
                  2000f764    00000004     (.common:taskHandlerDataStorage)
                  2000f768    00000004     (.common:taskHandlerHouseKeeping)
                  2000f76c    00000004     (.common:taskHandlerPpt)
                  2000f770    00000004     (.common:taskHandlerTtc)
                  2000f774    00000004     (.common:taskHandlerWatchDog)
                  2000f778    00000002     (.common:cal85)
                  2000f77a    00000002     (.common:calDifference)

.data      0    2000f77c    00000383     UNINITIALIZED
                  2000f77c    000000c8     IntQueue.obj (.data:ucNormallyEmptyReceivedValues)
                  2000f844    000000c8     IntQueue.obj (.data:ucNormallyFullReceivedValues)
                  2000f90c    0000008e     trcSnapshotRecorder.obj (.data:objectHandleStacks)
                  2000f99a    00000002     MPU9250.obj (.data)
                  2000f99c    00000044     trcSnapshotRecorder.obj (.data)
                  2000f9e0    0000003c     IntQueue.obj (.data)
                  2000fa1c    00000034     tasks.obj (.data)
                  2000fa50    00000030     gpio.obj (.data:GPIO_PORT_TO_BASE)
                  2000fa80    0000001c     dataStorage.obj (.data:SPI0MasterConfig)
                  2000fa9c    00000018     port.obj (.data)
                  2000fab4    00000018     taskManager.obj (.data)
                  2000facc    00000010     heap_4.obj (.data)
                  2000fadc    00000010     serial.obj (.data)
                  2000faec    0000000c     timers.obj (.data)
                  2000faf8    00000005     trcKernelPort.obj (.data:TraceQueueClassTable)
                  2000fafd    00000002     mmc_MSP432P401r.obj (.data)

.stack     0    2000fce0    00000320     UNINITIALIZED
                  2000fce0    00000004     rtsv7M4_T_le_v4SPD16_eabi.lib : boot_cortex_m.c.obj (.stack)
                  2000fce4    0000031c     --HOLE--

MODULE SUMMARY

       Module                       code    ro data   rw data
       ------                       ----    -------   -------
    .\
       main.obj                     582     0         400    
    +--+----------------------------+-------+---------+---------+
       Total:                       582     0         400    
                                                             
    .\FreeRTOS_Source\
       tasks.obj                    5905    0         520    
       queue.obj                    4254    0         0      
       timers.obj                   1170    0         120    
       event_groups.obj             522     0         0      
       list.obj                     158     0         0      
    +--+----------------------------+-------+---------+---------+
       Total:                       12009   0         640    
                                                             
    .\FreeRTOS_Source\portable\CCS\ARM_CM4F\
       port.obj                     1108    8         48     
       portasm.obj                  218     0         0      
    +--+----------------------------+-------+---------+---------+
       Total:                       1326    8         48     
                                                             
    .\FreeRTOS_Source\portable\MemMang\
       heap_4.obj                   750     0         102448 
    +--+----------------------------+-------+---------+---------+
       Total:                       750     0         102448 
                                                             
    .\Full_Demo\
       serial.obj                   200     4         32     
       IntQueueTimer.obj            108     0         0      
    +--+----------------------------+-------+---------+---------+
       Total:                       308     4         32     
                                                             
    .\Full_Demo\Standard_Demo_Tasks\
       IntQueue.obj                 904     0         936    
    +--+----------------------------+-------+---------+---------+
       Total:                       904     0         936    
                                                             
    .\SimplyBlinkyDemo\
       main_blinky.obj              2       0         0      
    +--+----------------------------+-------+---------+---------+
       Total:                       2       0         0      
                                                             
    .\Tracealyzer\
       trcSnapshotRecorder.obj      6136    0         21276  
       trcKernelPort.obj            1596    0         10     
    +--+----------------------------+-------+---------+---------+
       Total:                       7732    0         21286  
                                                             
    .\driverlib\
       cs.obj                       1394    0         16     
       gpio.obj                     320     0         96     
       sysctl.obj                   170     0         0      
    +--+----------------------------+-------+---------+---------+
       Total:                       1884    0         112    
                                                             
    .\interface\
       MPU9250.obj                  1116    20        36     
    +--+----------------------------+-------+---------+---------+
       Total:                       1116    20        36     
                                                             
    .\src\
       dataStorage.obj              1344    0         2444   
       taskManager.obj              1340    0         56     
       houseKeeping.obj             870     0         36     
       watchDogTask.obj             146     0         0      
       ttcTask.obj                  108     0         0      
       aodcsTask.obj                72      0         0      
       cameraTask.obj               72      0         0      
       pptTask.obj                  72      0         0      
    +--+----------------------------+-------+---------+---------+
       Total:                       4024    0         2536   
                                                             
    .\system\CCS\
       msp432_startup_ccs.obj       32      324       0      
       system_msp432p401r.obj       130     0         0      
    +--+----------------------------+-------+---------+---------+
       Total:                       162     324       0      
                                                             
    .\util\
       itoa.obj                     164     0         0      
    +--+----------------------------+-------+---------+---------+
       Total:                       164     0         0      
                                                             
    .\util\Hardware\
       SPI_Driver.obj               170     0         0      
       GPIO_Driver.obj              76      0         0      
    +--+----------------------------+-------+---------+---------+
       Total:                       246     0         0      
                                                             
    .\util\fatfs\
       ff.obj                       5050    10        12     
       mmc_MSP432P401r.obj          1824    0         22     
       diskio.obj                   148     0         0      
    +--+----------------------------+-------+---------+---------+
       Total:                       7022    10        34     
                                                             
    C:/ti/simplelink_msp432p4_sdk_2_40_00_10/source/ti/devices/msp432p4xx/driverlib/ccs/msp432p4xx_driverlib.lib
       adc14.o                      500     128       0      
       spi.o                        240     0         0      
       rtc_c.o                      124     0         0      
       i2c.o                        104     0         0      
    +--+----------------------------+-------+---------+---------+
       Total:                       968     128       0      
                                                             
    C:\ti\ccsv8\tools\compiler\ti-cgt-arm_18.1.1.LTS\lib\rtsv7M4_T_le_v4SPD16_eabi.lib
       memcpy_t2.asm.obj            156     0         0      
       memset_t2.asm.obj            122     0         0      
       copy_decompress_lzss.c.obj   104     0         0      
       autoinit.c.obj               68      0         0      
       boot_cortex_m.c.obj          56      0         0      
       copy_decompress_none.c.obj   14      0         0      
       copy_zero_init.c.obj         12      0         0      
       exit.c.obj                   4       0         0      
       pre_init.c.obj               4       0         0      
    +--+----------------------------+-------+---------+---------+
       Total:                       540     0         0      
                                                             
       Stack:                       0       0         1600   
       Linker Generated:            0       149       0      
    +--+----------------------------+-------+---------+---------+
       Grand Total:                 39739   643       130108 


LINKER GENERATED COPY TABLES

__TI_cinit_table @ 0000a140 records: 2, size/record: 8, table size: 16
	.data: load addr=0000a0b8, load size=00000071 bytes, run addr=2000f77c, run size=00000383 bytes, compression=lzss
	.bss: load addr=0000a138, load size=00000008 bytes, run addr=20000000, run size=0000f77c bytes, compression=zero_init


LINKER GENERATED HANDLER TABLE

__TI_handler_table @ 0000a12c records: 3, size/record: 4, table size: 12
	index: 0, handler: __TI_decompress_lzss
	index: 1, handler: __TI_decompress_none
	index: 2, handler: __TI_zero_init


GLOBAL SYMBOLS: SORTED ALPHABETICALLY BY Name 

address   name                                       
-------   ----                                       
00003d21  ADC14_IRQHandler                           
00007d39  ADC14_getMultiSequenceResult               
000099c1  ADC14_getResult                            
000017f5  C$$EXIT                                    
00009611  CS_clearInterruptFlag                      
000029c9  CS_getDCOFrequency                         
00009a01  CS_getMCLK                                 
00002e41  CS_initClockSignal                         
00009491  CS_setDCOCenteredFrequency                 
2000f9c6  CurrentFilterGroup                         
2000f9c4  CurrentFilterMask                          
00009d41  GPIO_High                                  
000096a1  GPIO_Init                                  
00009d59  GPIO_Low                                   
00009cb1  GPIO_clearInterruptFlag                    
00009cc9  GPIO_enableInterrupt                       
00009551  GPIO_setAsInputPinWithPullUpResistor       
00009881  GPIO_setAsOutputPin                        
00008729  GPIO_setAsPeripheralModuleFunctionInputPin 
00008a89  GPIO_setAsPeripheralModuleFunctionOutputPin
00009ce1  GPIO_setOutputLowOnPin                     
00009cf9  GPIO_toggleOutputOnPin                     
000081ad  I2C_masterSendMultiByteStart               
00002b51  MMC_disk_initialize                        
00002161  MMC_disk_ioctl                             
00006cb9  MMC_disk_read                              
00009ec1  MMC_disk_status                            
000062c1  MMC_disk_write                             
2000f99a  MPU9250_devAddr                            
00009c51  MPU9250_getMotion9                         
000098a1  MPU9250_initialize                         
00009ed1  MPU9250_setClockSource                     
00007b41  RTC_C_getCalendarTime                      
2000c800  RecorderData                               
2000f9cc  RecorderDataPtr                            
2000fa80  SPI0MasterConfig                           
00008ad9  SPI_Init                                   
000094c1  SPI_Read                                   
000094f1  SPI_Write                                  
000068b7  SPI_initMaster                             
00007e29  SysCtl_getTLVInfo                          
00009e71  SysCtl_getTempCalibrationConstant          
00009641  SysCtl_setWDTTimeoutResetType              
000077a9  SystemInit                                 
2000faf8  TraceQueueClassTable                       
2000f744  WATCHDOG_EVENT_GROUP                       
4000480c  WDTCTL_SYM                                 
00009641  WDT_A_setTimeoutReset                      
20010000  __STACK_END                                
00000320  __STACK_SIZE                               
0000a140  __TI_CINIT_Base                            
0000a150  __TI_CINIT_Limit                           
0000a12c  __TI_Handler_Table_Base                    
0000a138  __TI_Handler_Table_Limit                   
00008d91  __TI_auto_init_nobinit_nopinit             
00008215  __TI_decompress_lzss                       
00009e7f  __TI_decompress_none                       
ffffffff  __TI_pprof_out_hndl                        
ffffffff  __TI_prof_data_size                        
ffffffff  __TI_prof_data_start                       
00000000  __TI_static_base__                         
00009eed  __TI_zero_init                             
00007cbd  __aeabi_memclr                             
00007cbd  __aeabi_memclr4                            
00007cbd  __aeabi_memclr8                            
00006d55  __aeabi_memcpy                             
00006d55  __aeabi_memcpy4                            
00006d55  __aeabi_memcpy8                            
00007cbf  __aeabi_memset                             
00007cbf  __aeabi_memset4                            
00007cbf  __aeabi_memset8                            
ffffffff  __binit__                                  
ffffffff  __c_args__                                 
UNDEFED   __mpu_init                                 
2000fce0  __stack                                    
000091b5  _c_int00_noargs                            
UNDEFED   _system_post_cinit                         
000012ab  _system_pre_init                           
000017f5  abort                                      
00004ea9  adcInit                                    
2000faca  adcInitDelay                               
000091f1  aodcsTask                                  
2000fac8  batteryValue                               
ffffffff  binit                                      
2000f730  buffer                                     
2000f6e0  bufferIMU                                  
2000f748  bw                                         
2000f73e  cal30                                      
2000f778  cal85                                      
2000f77a  calDifference                              
00009229  cameraTask                                 
2000f74c  clock                                      
00009671  configWakeUpPin                            
00000149  dataStorage                                
00009bd9  disk_initialize                            
000098c1  disk_ioctl                                 
000097e1  disk_read                                  
00009bf1  disk_status                                
00009809  disk_write                                 
00008ef9  eTaskConfirmSleepModeStatus                
2000f637  fResult                                    
00008831  f_mount                                    
00001db1  f_open                                     
00006e91  f_sync                                     
000015c1  f_write                                    
2000f2e8  file                                       
2000f750  flag_lowBattery                            
2000f754  flag_systemMode                            
00008b79  getLocalTime                               
00006131  getMotion6                                 
00008889  getTemperature                             
00009fd1  get_fattime                                
2000f9bd  handle_of_last_logged_task                 
00009299  hibernate                                  
000017f9  houseKeeping                               
0000a08c  i2cConfig                                  
2000f5f8  imuData                                    
00008e21  initI2C                                    
00007a41  initSD                                     
2000f758  init_hwtc_count                            
00000000  interruptVectors                           
2000f99c  isPendingContextSwitch                     
00006ac1  itoa                                       
2000f738  localTime                                  
00008c19  main                                       
00006d55  memcpy                                     
00007cc5  memset                                     
2000f9bc  nISRactive                                 
2000f510  obcData                                    
2000f90c  objectHandleStacks                         
00009261  pptTask                                    
00009831  prvCalendarConfiguration                   
000098e1  prvMarkObjectAsUsed                        
00008bc9  prvQueueDataCreate                         
00007db1  prvResumeAllTasks                          
00006389  prvSuspendAllTasks                         
00003a89  prvTaskCreate                              
00008f79  prvTraceError                              
00009f59  prvTraceGetCurrentTaskHandle               
00002cc9  prvTraceGetObjectHandle                    
000059a1  prvTraceGetPriorityProperty                
00009fd9  prvTraceGetQueueNumber                     
00009f09  prvTraceGetQueueNumberHigh16               
00009f79  prvTraceGetQueueNumberLow16                
00009fb9  prvTraceGetQueueType                       
00009f19  prvTraceGetTaskNumberHigh16                
00009f89  prvTraceGetTaskNumberLow16                 
00006749  prvTraceInitCortexM                        
00008281  prvTracePortGetTimeStamp                   
00004b61  prvTraceSetObjectName                      
00005df9  prvTraceSetObjectState                     
00005c41  prvTraceSetPriorityProperty                
00009aa1  prvTraceSetQueueNumberHigh16               
00009ac1  prvTraceSetQueueNumberLow16                
00007941  prvTraceSetTaskInstanceFinished            
00009ae1  prvTraceSetTaskNumberHigh16                
00009b01  prvTraceSetTaskNumberLow16                 
000024e9  prvTraceStoreKernelCall                    
00004a41  prvTraceStoreKernelCallWithNumericParamOnly
00001f89  prvTraceStoreKernelCallWithParam           
000052e1  prvTraceStoreTaskReady                     
000055e1  prvTraceStoreTaskswitch                    
00009da1  prvWatchDogEventGroupCreate                
000005b1  pszTraceGetErrorNotEnoughHandles           
00002fb1  pvPortMalloc                               
00009b21  pvTaskIncrementMutexHeldCount              
2000fa1c  pxCurrentTCB                               
00009581  pxPortInitialiseStack                      
00003699  readI2C                                    
2000f9b0  recorder_busy                              
2000f6f0  resultsBuffer                              
2000f0b8  sdDriver                                   
2000fac0  semaphoreIMU                               
2000fac4  semaphoreSystem                            
00009f39  setFullScaleAccelRange                     
00009f49  setFullScaleGyroRange                      
000088e1  setOperationMode                           
00009f99  setSleepEnabled                            
00009e01  setWatchDogBit_AODCS                       
00009e11  setWatchDogBit_CAMERA                      
00009e21  setWatchDogBit_DATASTORAGE                 
00009e31  setWatchDogBit_HOUSEKEEPING                
00009e41  setWatchDogBit_PPT                         
00009e51  setWatchDogBit_TTC                         
2000f75c  taskHandlerAodcs                           
2000f760  taskHandlerCamera                          
2000f764  taskHandlerDataStorage                     
2000f768  taskHandlerHouseKeeping                    
2000f76c  taskHandlerPpt                             
2000f770  taskHandlerTtc                             
2000f774  taskHandlerWatchDog                        
00007349  taskManager                                
2000f9b4  timestampFrequency                         
2000f9b8  traceErrorMessage                          
2000f9a8  trace_disable_timestamp                    
00008619  ttcTask                                    
00009fb9  ucQueueGetQueueType                        
00004351  uiIndexOfObject                            
000056d9  uiTraceStart                               
2000f9a4  uiTraceTickCount                           
0000a0ac  ulMaxSyscallInterruptPriority              
00005b71  ulPortGetIPSR                              
00003d21  updateBatteryLevel                         
00009769  uxListRemove                               
00009fd9  uxQueueGetQueueNumber                      
00009fa9  uxTaskGetTaskNumber                        
00009b61  uxTaskResetEventItemValue                  
00009db9  vApplicationIdleHook                       
00009dd1  vApplicationMallocFailedHook               
00009de9  vApplicationStackOverflowHook              
0000a009  vApplicationTickHook                       
000099a1  vListInitialise                            
00009fc1  vListInitialiseItem                        
00009039  vListInsert                                
00009c39  vListInsertEnd                             
00005c2d  vPortEnableVFP                             
00008eb1  vPortEnterCritical                         
000093e9  vPortExitCritical                          
000073d9  vPortFree                                  
00005be9  vPortSVCHandler                            
000078b9  vPortSetupTimerInterrupt                   
00005c09  vPortStartFirstTask                        
00003281  vPortSuppressTicksAndSleep                 
00008141  vPortValidateInterruptPriority             
00009139  vPostSleepProcessing                       
000087d9  vPreSleepProcessing                        
00009fe1  vQueueSetQueueNumber                       
00008d01  vQueueWaitForMessageRestricted             
00009309  vT32_0_Handler                             
00009341  vT32_1_Handler                             
00006b69  vTaskDelay                                 
00004801  vTaskDelayUntil                            
00009b81  vTaskInternalSetTimeOutState               
00009eb1  vTaskMissedYield                           
00004221  vTaskNotifyGiveFromISR                     
00009421  vTaskPlaceOnEventList                      
00007469  vTaskPlaceOnEventListRestricted            
00008489  vTaskPlaceOnUnorderedEventList             
00003e69  vTaskPriorityDisinheritAfterTimeout        
000061f9  vTaskRemoveFromUnorderedEventList          
000058b9  vTaskResume                                
00009fc9  vTaskSetTaskNumber                         
00007191  vTaskStartScheduler                        
00009079  vTaskStepTick                              
00003fa9  vTaskSuspend                               
00009e61  vTaskSuspendAll                            
000057c9  vTaskSwitchContext                         
00006c11  vTraceEnable                               
000040e9  vTraceInitObjectHandleStack                
00004c79  vTraceInitObjectPropertyTable              
00009fe9  vTraceStart                                
00009791  vTraceStop                                 
2000f9c0  vTraceStopHookPtr                          
00006511  vTraceStoreMemMangEvent                    
00006069  vUART_Handler                              
2000facb  wakeState                                  
000070f9  watchDogTask                               
00008939  writeBit                                   
00007ff1  writeBits                                  
00005a81  writeI2C                                   
00009ba1  xEventGroupCreate                          
00006801  xEventGroupSetBits                         
00004921  xEventGroupWaitBits                        
000037e9  xFirstTimerHandler                         
00005b89  xPortPendSVHandler                         
000053e9  xPortStartScheduler                        
000095b1  xPortSysTickHandler                        
00009c99  xQueueCreateMutex                          
2000fab8  xQueueDataObc                              
00007c41  xQueueGenericCreate                        
00006fc9  xQueueGenericReset                         
00000c71  xQueueGenericSend                          
00002699  xQueueGenericSendFromISR                   
2000fab4  xQueueIMU                                  
000095e1  xQueueIsQueueFullFromISR                   
000012b1  xQueueReceive                              
000033e1  xQueueReceiveFromISR                       
00000911  xQueueSemaphoreTake                        
2000fabc  xQueueSystem                               
000019f1  xSecondTimerHandler                        
00006df1  xTaskCheckForTimeOut                       
000082e9  xTaskCreate                                
00009f59  xTaskGetCurrentTaskHandle                  
000097b9  xTaskGetSchedulerState                     
00009f69  xTaskGetTickCount                          
00001bd9  xTaskIncrementTick                         
00004481  xTaskPriorityDisinherit                    
000046d9  xTaskPriorityInherit                       
00005ec9  xTaskRemoveFromEventList                   
00003bd9  xTaskResumeAll                             
000084f1  xTimerCreateTimerTask                      
00007721  xTimerGenericCommand                       


GLOBAL SYMBOLS: SORTED BY Symbol Address 

address   name                                       
-------   ----                                       
00000000  __TI_static_base__                         
00000000  interruptVectors                           
00000149  dataStorage                                
00000320  __STACK_SIZE                               
000005b1  pszTraceGetErrorNotEnoughHandles           
00000911  xQueueSemaphoreTake                        
00000c71  xQueueGenericSend                          
000012ab  _system_pre_init                           
000012b1  xQueueReceive                              
000015c1  f_write                                    
000017f5  C$$EXIT                                    
000017f5  abort                                      
000017f9  houseKeeping                               
000019f1  xSecondTimerHandler                        
00001bd9  xTaskIncrementTick                         
00001db1  f_open                                     
00001f89  prvTraceStoreKernelCallWithParam           
00002161  MMC_disk_ioctl                             
000024e9  prvTraceStoreKernelCall                    
00002699  xQueueGenericSendFromISR                   
000029c9  CS_getDCOFrequency                         
00002b51  MMC_disk_initialize                        
00002cc9  prvTraceGetObjectHandle                    
00002e41  CS_initClockSignal                         
00002fb1  pvPortMalloc                               
00003281  vPortSuppressTicksAndSleep                 
000033e1  xQueueReceiveFromISR                       
00003699  readI2C                                    
000037e9  xFirstTimerHandler                         
00003a89  prvTaskCreate                              
00003bd9  xTaskResumeAll                             
00003d21  ADC14_IRQHandler                           
00003d21  updateBatteryLevel                         
00003e69  vTaskPriorityDisinheritAfterTimeout        
00003fa9  vTaskSuspend                               
000040e9  vTraceInitObjectHandleStack                
00004221  vTaskNotifyGiveFromISR                     
00004351  uiIndexOfObject                            
00004481  xTaskPriorityDisinherit                    
000046d9  xTaskPriorityInherit                       
00004801  vTaskDelayUntil                            
00004921  xEventGroupWaitBits                        
00004a41  prvTraceStoreKernelCallWithNumericParamOnly
00004b61  prvTraceSetObjectName                      
00004c79  vTraceInitObjectPropertyTable              
00004ea9  adcInit                                    
000052e1  prvTraceStoreTaskReady                     
000053e9  xPortStartScheduler                        
000055e1  prvTraceStoreTaskswitch                    
000056d9  uiTraceStart                               
000057c9  vTaskSwitchContext                         
000058b9  vTaskResume                                
000059a1  prvTraceGetPriorityProperty                
00005a81  writeI2C                                   
00005b71  ulPortGetIPSR                              
00005b89  xPortPendSVHandler                         
00005be9  vPortSVCHandler                            
00005c09  vPortStartFirstTask                        
00005c2d  vPortEnableVFP                             
00005c41  prvTraceSetPriorityProperty                
00005df9  prvTraceSetObjectState                     
00005ec9  xTaskRemoveFromEventList                   
00006069  vUART_Handler                              
00006131  getMotion6                                 
000061f9  vTaskRemoveFromUnorderedEventList          
000062c1  MMC_disk_write                             
00006389  prvSuspendAllTasks                         
00006511  vTraceStoreMemMangEvent                    
00006749  prvTraceInitCortexM                        
00006801  xEventGroupSetBits                         
000068b7  SPI_initMaster                             
00006ac1  itoa                                       
00006b69  vTaskDelay                                 
00006c11  vTraceEnable                               
00006cb9  MMC_disk_read                              
00006d55  __aeabi_memcpy                             
00006d55  __aeabi_memcpy4                            
00006d55  __aeabi_memcpy8                            
00006d55  memcpy                                     
00006df1  xTaskCheckForTimeOut                       
00006e91  f_sync                                     
00006fc9  xQueueGenericReset                         
000070f9  watchDogTask                               
00007191  vTaskStartScheduler                        
00007349  taskManager                                
000073d9  vPortFree                                  
00007469  vTaskPlaceOnEventListRestricted            
00007721  xTimerGenericCommand                       
000077a9  SystemInit                                 
000078b9  vPortSetupTimerInterrupt                   
00007941  prvTraceSetTaskInstanceFinished            
00007a41  initSD                                     
00007b41  RTC_C_getCalendarTime                      
00007c41  xQueueGenericCreate                        
00007cbd  __aeabi_memclr                             
00007cbd  __aeabi_memclr4                            
00007cbd  __aeabi_memclr8                            
00007cbf  __aeabi_memset                             
00007cbf  __aeabi_memset4                            
00007cbf  __aeabi_memset8                            
00007cc5  memset                                     
00007d39  ADC14_getMultiSequenceResult               
00007db1  prvResumeAllTasks                          
00007e29  SysCtl_getTLVInfo                          
00007ff1  writeBits                                  
00008141  vPortValidateInterruptPriority             
000081ad  I2C_masterSendMultiByteStart               
00008215  __TI_decompress_lzss                       
00008281  prvTracePortGetTimeStamp                   
000082e9  xTaskCreate                                
00008489  vTaskPlaceOnUnorderedEventList             
000084f1  xTimerCreateTimerTask                      
00008619  ttcTask                                    
00008729  GPIO_setAsPeripheralModuleFunctionInputPin 
000087d9  vPreSleepProcessing                        
00008831  f_mount                                    
00008889  getTemperature                             
000088e1  setOperationMode                           
00008939  writeBit                                   
00008a89  GPIO_setAsPeripheralModuleFunctionOutputPin
00008ad9  SPI_Init                                   
00008b79  getLocalTime                               
00008bc9  prvQueueDataCreate                         
00008c19  main                                       
00008d01  vQueueWaitForMessageRestricted             
00008d91  __TI_auto_init_nobinit_nopinit             
00008e21  initI2C                                    
00008eb1  vPortEnterCritical                         
00008ef9  eTaskConfirmSleepModeStatus                
00008f79  prvTraceError                              
00009039  vListInsert                                
00009079  vTaskStepTick                              
00009139  vPostSleepProcessing                       
000091b5  _c_int00_noargs                            
000091f1  aodcsTask                                  
00009229  cameraTask                                 
00009261  pptTask                                    
00009299  hibernate                                  
00009309  vT32_0_Handler                             
00009341  vT32_1_Handler                             
000093e9  vPortExitCritical                          
00009421  vTaskPlaceOnEventList                      
00009491  CS_setDCOCenteredFrequency                 
000094c1  SPI_Read                                   
000094f1  SPI_Write                                  
00009551  GPIO_setAsInputPinWithPullUpResistor       
00009581  pxPortInitialiseStack                      
000095b1  xPortSysTickHandler                        
000095e1  xQueueIsQueueFullFromISR                   
00009611  CS_clearInterruptFlag                      
00009641  SysCtl_setWDTTimeoutResetType              
00009641  WDT_A_setTimeoutReset                      
00009671  configWakeUpPin                            
000096a1  GPIO_Init                                  
00009769  uxListRemove                               
00009791  vTraceStop                                 
000097b9  xTaskGetSchedulerState                     
000097e1  disk_read                                  
00009809  disk_write                                 
00009831  prvCalendarConfiguration                   
00009881  GPIO_setAsOutputPin                        
000098a1  MPU9250_initialize                         
000098c1  disk_ioctl                                 
000098e1  prvMarkObjectAsUsed                        
000099a1  vListInitialise                            
000099c1  ADC14_getResult                            
00009a01  CS_getMCLK                                 
00009aa1  prvTraceSetQueueNumberHigh16               
00009ac1  prvTraceSetQueueNumberLow16                
00009ae1  prvTraceSetTaskNumberHigh16                
00009b01  prvTraceSetTaskNumberLow16                 
00009b21  pvTaskIncrementMutexHeldCount              
00009b61  uxTaskResetEventItemValue                  
00009b81  vTaskInternalSetTimeOutState               
00009ba1  xEventGroupCreate                          
00009bd9  disk_initialize                            
00009bf1  disk_status                                
00009c39  vListInsertEnd                             
00009c51  MPU9250_getMotion9                         
00009c99  xQueueCreateMutex                          
00009cb1  GPIO_clearInterruptFlag                    
00009cc9  GPIO_enableInterrupt                       
00009ce1  GPIO_setOutputLowOnPin                     
00009cf9  GPIO_toggleOutputOnPin                     
00009d41  GPIO_High                                  
00009d59  GPIO_Low                                   
00009da1  prvWatchDogEventGroupCreate                
00009db9  vApplicationIdleHook                       
00009dd1  vApplicationMallocFailedHook               
00009de9  vApplicationStackOverflowHook              
00009e01  setWatchDogBit_AODCS                       
00009e11  setWatchDogBit_CAMERA                      
00009e21  setWatchDogBit_DATASTORAGE                 
00009e31  setWatchDogBit_HOUSEKEEPING                
00009e41  setWatchDogBit_PPT                         
00009e51  setWatchDogBit_TTC                         
00009e61  vTaskSuspendAll                            
00009e71  SysCtl_getTempCalibrationConstant          
00009e7f  __TI_decompress_none                       
00009eb1  vTaskMissedYield                           
00009ec1  MMC_disk_status                            
00009ed1  MPU9250_setClockSource                     
00009eed  __TI_zero_init                             
00009f09  prvTraceGetQueueNumberHigh16               
00009f19  prvTraceGetTaskNumberHigh16                
00009f39  setFullScaleAccelRange                     
00009f49  setFullScaleGyroRange                      
00009f59  prvTraceGetCurrentTaskHandle               
00009f59  xTaskGetCurrentTaskHandle                  
00009f69  xTaskGetTickCount                          
00009f79  prvTraceGetQueueNumberLow16                
00009f89  prvTraceGetTaskNumberLow16                 
00009f99  setSleepEnabled                            
00009fa9  uxTaskGetTaskNumber                        
00009fb9  prvTraceGetQueueType                       
00009fb9  ucQueueGetQueueType                        
00009fc1  vListInitialiseItem                        
00009fc9  vTaskSetTaskNumber                         
00009fd1  get_fattime                                
00009fd9  prvTraceGetQueueNumber                     
00009fd9  uxQueueGetQueueNumber                      
00009fe1  vQueueSetQueueNumber                       
00009fe9  vTraceStart                                
0000a009  vApplicationTickHook                       
0000a08c  i2cConfig                                  
0000a0ac  ulMaxSyscallInterruptPriority              
0000a12c  __TI_Handler_Table_Base                    
0000a138  __TI_Handler_Table_Limit                   
0000a140  __TI_CINIT_Base                            
0000a150  __TI_CINIT_Limit                           
2000c800  RecorderData                               
2000f0b8  sdDriver                                   
2000f2e8  file                                       
2000f510  obcData                                    
2000f5f8  imuData                                    
2000f637  fResult                                    
2000f6e0  bufferIMU                                  
2000f6f0  resultsBuffer                              
2000f730  buffer                                     
2000f738  localTime                                  
2000f73e  cal30                                      
2000f744  WATCHDOG_EVENT_GROUP                       
2000f748  bw                                         
2000f74c  clock                                      
2000f750  flag_lowBattery                            
2000f754  flag_systemMode                            
2000f758  init_hwtc_count                            
2000f75c  taskHandlerAodcs                           
2000f760  taskHandlerCamera                          
2000f764  taskHandlerDataStorage                     
2000f768  taskHandlerHouseKeeping                    
2000f76c  taskHandlerPpt                             
2000f770  taskHandlerTtc                             
2000f774  taskHandlerWatchDog                        
2000f778  cal85                                      
2000f77a  calDifference                              
2000f90c  objectHandleStacks                         
2000f99a  MPU9250_devAddr                            
2000f99c  isPendingContextSwitch                     
2000f9a4  uiTraceTickCount                           
2000f9a8  trace_disable_timestamp                    
2000f9b0  recorder_busy                              
2000f9b4  timestampFrequency                         
2000f9b8  traceErrorMessage                          
2000f9bc  nISRactive                                 
2000f9bd  handle_of_last_logged_task                 
2000f9c0  vTraceStopHookPtr                          
2000f9c4  CurrentFilterMask                          
2000f9c6  CurrentFilterGroup                         
2000f9cc  RecorderDataPtr                            
2000fa1c  pxCurrentTCB                               
2000fa80  SPI0MasterConfig                           
2000fab4  xQueueIMU                                  
2000fab8  xQueueDataObc                              
2000fabc  xQueueSystem                               
2000fac0  semaphoreIMU                               
2000fac4  semaphoreSystem                            
2000fac8  batteryValue                               
2000faca  adcInitDelay                               
2000facb  wakeState                                  
2000faf8  TraceQueueClassTable                       
2000fce0  __stack                                    
20010000  __STACK_END                                
4000480c  WDTCTL_SYM                                 
ffffffff  __TI_pprof_out_hndl                        
ffffffff  __TI_prof_data_size                        
ffffffff  __TI_prof_data_start                       
ffffffff  __binit__                                  
ffffffff  __c_args__                                 
ffffffff  binit                                      
UNDEFED   __mpu_init                                 
UNDEFED   _system_post_cinit                         

[292 symbols]
